load LLC or attacked data with specified split
Successfully loaded the attack of dataname with few shot 5, split 1
Attack method : Meta_Self | Attack ptb : 0.25 | Dataset: Cora
======================
Number of graphs: 1
Number of features: 1433
Number of classes: 7

Data(x=[2708, 1433], edge_index=[2, 15976], y=[2708], train_mask=[2708], val_mask=[2708], test_mask=[2708])
===========================================================================================================
Number of nodes: 2708
Number of edges: 15976
Average node degree: 5.90
Has isolated nodes: False
Has self-loops: True
Is undirected: True
Pollution Diff | added_edges=1507 | deleted_edges=151 | clean_edges=5278 | attack_edges=6634
GCN(
  (conv_layers): ModuleList(
    (0): GCNConv(1433, 256)
    (1): GCNConv(256, 256)
  )
)
Successfully loaded pre-trained weights!
use RobustPrompt Tranductive
defense pt dict :  {'sim_pt': 0.3, 'degree_pt': -1, 'out_detect_pt': 0.5, 'other_pt': 'all'}
use_attention :  False
cosine_constraint :  True
pt_threshold :  0.5
filter_module :  OriginalFilter
temperature :  1.0
weight_mse 0.1
weight_kl :  0.3
weight_constraint :  0.2
run RobustPrompt-T
Epoch 001 |  Time(s) 0.2555 | RobustPrompt-T Loss 1.9489  
Epoch 002 |  Time(s) 0.0139 | RobustPrompt-T Loss 1.9379  
Epoch 003 |  Time(s) 0.0130 | RobustPrompt-T Loss 1.9237  
Epoch 004 |  Time(s) 0.0132 | RobustPrompt-T Loss 1.9168  
Epoch 005 |  Time(s) 0.0131 | RobustPrompt-T Loss 1.9020  
Epoch 006 |  Time(s) 0.0132 | RobustPrompt-T Loss 1.8925  
Epoch 007 |  Time(s) 0.0130 | RobustPrompt-T Loss 1.8765  
Epoch 008 |  Time(s) 0.0129 | RobustPrompt-T Loss 1.8479  
Epoch 009 |  Time(s) 0.0131 | RobustPrompt-T Loss 1.8279  
Epoch 010 |  Time(s) 0.0134 | RobustPrompt-T Loss 1.8064  
Epoch 011 |  Time(s) 0.0129 | RobustPrompt-T Loss 1.7218  
Epoch 012 |  Time(s) 0.0129 | RobustPrompt-T Loss 1.7139  
Epoch 013 |  Time(s) 0.0129 | RobustPrompt-T Loss 1.6989  
Epoch 014 |  Time(s) 0.0130 | RobustPrompt-T Loss 1.7088  
Epoch 015 |  Time(s) 0.0130 | RobustPrompt-T Loss 1.6944  
Epoch 016 |  Time(s) 0.0130 | RobustPrompt-T Loss 1.6729  
Epoch 017 |  Time(s) 0.0131 | RobustPrompt-T Loss 1.6064  
Epoch 018 |  Time(s) 0.0132 | RobustPrompt-T Loss 1.5528  
Epoch 019 |  Time(s) 0.0131 | RobustPrompt-T Loss 1.6286  
Epoch 020 |  Time(s) 0.0132 | RobustPrompt-T Loss 1.5329  
Epoch 021 |  Time(s) 0.0128 | RobustPrompt-T Loss 1.5395  
Epoch 022 |  Time(s) 0.0131 | RobustPrompt-T Loss 1.5090  
Epoch 023 |  Time(s) 0.0136 | RobustPrompt-T Loss 1.4501  
Epoch 024 |  Time(s) 0.0131 | RobustPrompt-T Loss 1.4996  
Epoch 025 |  Time(s) 0.0130 | RobustPrompt-T Loss 1.4251  
Epoch 026 |  Time(s) 0.0132 | RobustPrompt-T Loss 1.4279  
Epoch 027 |  Time(s) 0.0133 | RobustPrompt-T Loss 1.4387  
Epoch 028 |  Time(s) 0.0134 | RobustPrompt-T Loss 1.3460  
Epoch 029 |  Time(s) 0.0131 | RobustPrompt-T Loss 1.3618  
Epoch 030 |  Time(s) 0.0129 | RobustPrompt-T Loss 1.3461  
Epoch 031 |  Time(s) 0.0134 | RobustPrompt-T Loss 1.4307  
Epoch 032 |  Time(s) 0.0135 | RobustPrompt-T Loss 1.2514  
Epoch 033 |  Time(s) 0.0132 | RobustPrompt-T Loss 1.5502  
Epoch 034 |  Time(s) 0.0134 | RobustPrompt-T Loss 1.2343  
Epoch 035 |  Time(s) 0.0132 | RobustPrompt-T Loss 1.3526  
Epoch 036 |  Time(s) 0.0133 | RobustPrompt-T Loss 1.1998  
Epoch 037 |  Time(s) 0.0132 | RobustPrompt-T Loss 1.3159  
Epoch 038 |  Time(s) 0.0133 | RobustPrompt-T Loss 1.1693  
Epoch 039 |  Time(s) 0.0136 | RobustPrompt-T Loss 1.2101  
Epoch 040 |  Time(s) 0.0134 | RobustPrompt-T Loss 1.3213  
Epoch 041 |  Time(s) 0.0134 | RobustPrompt-T Loss 1.1173  
Epoch 042 |  Time(s) 0.0134 | RobustPrompt-T Loss 1.2455  
Epoch 043 |  Time(s) 0.0134 | RobustPrompt-T Loss 1.1562  
Epoch 044 |  Time(s) 0.0134 | RobustPrompt-T Loss 1.1530  
Epoch 045 |  Time(s) 0.0136 | RobustPrompt-T Loss 1.1349  
Epoch 046 |  Time(s) 0.0129 | RobustPrompt-T Loss 1.1459  
Epoch 047 |  Time(s) 0.0136 | RobustPrompt-T Loss 1.0683  
Epoch 048 |  Time(s) 0.0137 | RobustPrompt-T Loss 1.0903  
Epoch 049 |  Time(s) 0.0136 | RobustPrompt-T Loss 1.0839  
Epoch 050 |  Time(s) 0.0133 | RobustPrompt-T Loss 1.0007  
Epoch 051 |  Time(s) 0.0134 | RobustPrompt-T Loss 1.0415  
Epoch 052 |  Time(s) 0.0134 | RobustPrompt-T Loss 0.9569  
Epoch 053 |  Time(s) 0.0134 | RobustPrompt-T Loss 1.0291  
Epoch 054 |  Time(s) 0.0129 | RobustPrompt-T Loss 0.9288  
Epoch 055 |  Time(s) 0.0148 | RobustPrompt-T Loss 0.9811  
Epoch 056 |  Time(s) 0.0146 | RobustPrompt-T Loss 0.9183  
Epoch 057 |  Time(s) 0.0137 | RobustPrompt-T Loss 0.9291  
Epoch 058 |  Time(s) 0.0140 | RobustPrompt-T Loss 0.9202  
Epoch 059 |  Time(s) 0.0135 | RobustPrompt-T Loss 0.8737  
Epoch 060 |  Time(s) 0.0134 | RobustPrompt-T Loss 0.8960  
Epoch 061 |  Time(s) 0.0135 | RobustPrompt-T Loss 0.8623  
Epoch 062 |  Time(s) 0.0136 | RobustPrompt-T Loss 0.8396  
Epoch 063 |  Time(s) 0.0133 | RobustPrompt-T Loss 0.8304  
Epoch 064 |  Time(s) 0.0132 | RobustPrompt-T Loss 0.8345  
Epoch 065 |  Time(s) 0.0139 | RobustPrompt-T Loss 0.7934  
Epoch 066 |  Time(s) 0.0140 | RobustPrompt-T Loss 0.7933  
Epoch 067 |  Time(s) 0.0137 | RobustPrompt-T Loss 0.7520  
Epoch 068 |  Time(s) 0.0134 | RobustPrompt-T Loss 0.7602  
Epoch 069 |  Time(s) 0.0140 | RobustPrompt-T Loss 0.7458  
Epoch 070 |  Time(s) 0.0132 | RobustPrompt-T Loss 0.7404  
Epoch 071 |  Time(s) 0.0135 | RobustPrompt-T Loss 0.6928  
Epoch 072 |  Time(s) 0.0133 | RobustPrompt-T Loss 0.6756  
Epoch 073 |  Time(s) 0.0131 | RobustPrompt-T Loss 0.6426  
Epoch 074 |  Time(s) 0.0131 | RobustPrompt-T Loss 0.6418  
Epoch 075 |  Time(s) 0.0137 | RobustPrompt-T Loss 0.6319  
Epoch 076 |  Time(s) 0.0132 | RobustPrompt-T Loss 0.5844  
Epoch 077 |  Time(s) 0.0137 | RobustPrompt-T Loss 0.5624  
Epoch 078 |  Time(s) 0.0135 | RobustPrompt-T Loss 0.5549  
Epoch 079 |  Time(s) 0.0138 | RobustPrompt-T Loss 0.5496  
Epoch 080 |  Time(s) 0.0133 | RobustPrompt-T Loss 0.5423  
Epoch 081 |  Time(s) 0.0141 | RobustPrompt-T Loss 0.4871  
Epoch 082 |  Time(s) 0.0139 | RobustPrompt-T Loss 0.4695  
Epoch 083 |  Time(s) 0.0138 | RobustPrompt-T Loss 0.4506  
Epoch 084 |  Time(s) 0.0141 | RobustPrompt-T Loss 0.4261  
Epoch 085 |  Time(s) 0.0132 | RobustPrompt-T Loss 0.4227  
Epoch 086 |  Time(s) 0.0139 | RobustPrompt-T Loss 0.3942  
Epoch 087 |  Time(s) 0.0135 | RobustPrompt-T Loss 0.3805  
Epoch 088 |  Time(s) 0.0135 | RobustPrompt-T Loss 0.3659  
Epoch 089 |  Time(s) 0.0139 | RobustPrompt-T Loss 0.3542  
Epoch 090 |  Time(s) 0.0137 | RobustPrompt-T Loss 0.3405  
Epoch 091 |  Time(s) 0.0134 | RobustPrompt-T Loss 0.3329  
Epoch 092 |  Time(s) 0.0135 | RobustPrompt-T Loss 0.3140  
Epoch 093 |  Time(s) 0.0135 | RobustPrompt-T Loss 0.3063  
Epoch 094 |  Time(s) 0.0139 | RobustPrompt-T Loss 0.2903  
Epoch 095 |  Time(s) 0.0140 | RobustPrompt-T Loss 0.2803  
Epoch 096 |  Time(s) 0.0141 | RobustPrompt-T Loss 0.2862  
Epoch 097 |  Time(s) 0.0138 | RobustPrompt-T Loss 0.2686  
Epoch 098 |  Time(s) 0.0133 | RobustPrompt-T Loss 0.2734  
Epoch 099 |  Time(s) 0.0138 | RobustPrompt-T Loss 0.2545  
Epoch 100 |  Time(s) 0.0141 | RobustPrompt-T Loss 0.2455  
Epoch 101 |  Time(s) 0.0138 | RobustPrompt-T Loss 0.2459  
Epoch 102 |  Time(s) 0.0142 | RobustPrompt-T Loss 0.2358  
Epoch 103 |  Time(s) 0.0135 | RobustPrompt-T Loss 0.2322  
Epoch 104 |  Time(s) 0.0134 | RobustPrompt-T Loss 0.2181  
Epoch 105 |  Time(s) 0.0140 | RobustPrompt-T Loss 0.2210  
Epoch 106 |  Time(s) 0.0132 | RobustPrompt-T Loss 0.2335  
Epoch 107 |  Time(s) 0.0139 | RobustPrompt-T Loss 0.2072  
Epoch 108 |  Time(s) 0.0139 | RobustPrompt-T Loss 0.2121  
Epoch 109 |  Time(s) 0.0140 | RobustPrompt-T Loss 0.2220  
Epoch 110 |  Time(s) 0.0132 | RobustPrompt-T Loss 0.2157  
Epoch 111 |  Time(s) 0.0136 | RobustPrompt-T Loss 0.2013  
Epoch 112 |  Time(s) 0.0136 | RobustPrompt-T Loss 0.1913  
Epoch 113 |  Time(s) 0.0137 | RobustPrompt-T Loss 0.1794  
Epoch 114 |  Time(s) 0.0137 | RobustPrompt-T Loss 0.1868  
Epoch 115 |  Time(s) 0.0135 | RobustPrompt-T Loss 0.1713  
Epoch 116 |  Time(s) 0.0130 | RobustPrompt-T Loss 0.1578  
Epoch 117 |  Time(s) 0.0136 | RobustPrompt-T Loss 0.1679  
Epoch 118 |  Time(s) 0.0144 | RobustPrompt-T Loss 0.1554  
Epoch 119 |  Time(s) 0.0132 | RobustPrompt-T Loss 0.1450  
Epoch 120 |  Time(s) 0.0141 | RobustPrompt-T Loss 0.1568  
Epoch 121 |  Time(s) 0.0141 | RobustPrompt-T Loss 0.1663  
Epoch 122 |  Time(s) 0.0134 | RobustPrompt-T Loss 0.1491  
Epoch 123 |  Time(s) 0.0133 | RobustPrompt-T Loss 0.1367  
Epoch 124 |  Time(s) 0.0137 | RobustPrompt-T Loss 0.1326  
Epoch 125 |  Time(s) 0.0146 | RobustPrompt-T Loss 0.1390  
Epoch 126 |  Time(s) 0.0138 | RobustPrompt-T Loss 0.1682  
Epoch 127 |  Time(s) 0.0139 | RobustPrompt-T Loss 0.1561  
Epoch 128 |  Time(s) 0.0141 | RobustPrompt-T Loss 0.1361  
Epoch 129 |  Time(s) 0.0133 | RobustPrompt-T Loss 0.1332  
Epoch 130 |  Time(s) 0.0144 | RobustPrompt-T Loss 0.1332  
Epoch 131 |  Time(s) 0.0130 | RobustPrompt-T Loss 0.1379  
Epoch 132 |  Time(s) 0.0138 | RobustPrompt-T Loss 0.1638  
Epoch 133 |  Time(s) 0.0135 | RobustPrompt-T Loss 0.1291  
Epoch 134 |  Time(s) 0.0136 | RobustPrompt-T Loss 0.1175  
Epoch 135 |  Time(s) 0.0134 | RobustPrompt-T Loss 0.1191  
Epoch 136 |  Time(s) 0.0137 | RobustPrompt-T Loss 0.1291  
Epoch 137 |  Time(s) 0.0133 | RobustPrompt-T Loss 0.1358  
Epoch 138 |  Time(s) 0.0136 | RobustPrompt-T Loss 0.1074  
Epoch 139 |  Time(s) 0.0134 | RobustPrompt-T Loss 0.0952  
Epoch 140 |  Time(s) 0.0135 | RobustPrompt-T Loss 0.1067  
Epoch 141 |  Time(s) 0.0134 | RobustPrompt-T Loss 0.1031  
Epoch 142 |  Time(s) 0.0136 | RobustPrompt-T Loss 0.0915  
Epoch 143 |  Time(s) 0.0135 | RobustPrompt-T Loss 0.0882  
Epoch 144 |  Time(s) 0.0136 | RobustPrompt-T Loss 0.0987  
Epoch 145 |  Time(s) 0.0133 | RobustPrompt-T Loss 0.0998  
Epoch 146 |  Time(s) 0.0135 | RobustPrompt-T Loss 0.0877  
Epoch 147 |  Time(s) 0.0134 | RobustPrompt-T Loss 0.0818  
Epoch 148 |  Time(s) 0.0132 | RobustPrompt-T Loss 0.0896  
Epoch 149 |  Time(s) 0.0133 | RobustPrompt-T Loss 0.1170  
Epoch 150 |  Time(s) 0.0132 | RobustPrompt-T Loss 0.1405  
Epoch 151 |  Time(s) 0.0132 | RobustPrompt-T Loss 0.0839  
Epoch 152 |  Time(s) 0.0132 | RobustPrompt-T Loss 0.0861  
Epoch 153 |  Time(s) 0.0132 | RobustPrompt-T Loss 0.1167  
Epoch 154 |  Time(s) 0.0137 | RobustPrompt-T Loss 0.1014  
Epoch 155 |  Time(s) 0.0137 | RobustPrompt-T Loss 0.0848  
Epoch 156 |  Time(s) 0.0153 | RobustPrompt-T Loss 0.0862  
Epoch 157 |  Time(s) 0.0133 | RobustPrompt-T Loss 0.1082  
Epoch 158 |  Time(s) 0.0132 | RobustPrompt-T Loss 0.0705  
Epoch 159 |  Time(s) 0.0135 | RobustPrompt-T Loss 0.0959  
Epoch 160 |  Time(s) 0.0141 | RobustPrompt-T Loss 0.0834  
Epoch 161 |  Time(s) 0.0139 | RobustPrompt-T Loss 0.0643  
Epoch 162 |  Time(s) 0.0146 | RobustPrompt-T Loss 0.0989  
Epoch 163 |  Time(s) 0.0147 | RobustPrompt-T Loss 0.0969  
Epoch 164 |  Time(s) 0.0140 | RobustPrompt-T Loss 0.0885  
Epoch 165 |  Time(s) 0.0138 | RobustPrompt-T Loss 0.0766  
Epoch 166 |  Time(s) 0.0138 | RobustPrompt-T Loss 0.0641  
Epoch 167 |  Time(s) 0.0134 | RobustPrompt-T Loss 0.0836  
Epoch 168 |  Time(s) 0.0135 | RobustPrompt-T Loss 0.0661  
Epoch 169 |  Time(s) 0.0140 | RobustPrompt-T Loss 0.0625  
Epoch 170 |  Time(s) 0.0135 | RobustPrompt-T Loss 0.0620  
Epoch 171 |  Time(s) 0.0137 | RobustPrompt-T Loss 0.0584  
Epoch 172 |  Time(s) 0.0139 | RobustPrompt-T Loss 0.0554  
Epoch 173 |  Time(s) 0.0134 | RobustPrompt-T Loss 0.0594  
Epoch 174 |  Time(s) 0.0132 | RobustPrompt-T Loss 0.0551  
Epoch 175 |  Time(s) 0.0134 | RobustPrompt-T Loss 0.0550  
Epoch 176 |  Time(s) 0.0143 | RobustPrompt-T Loss 0.0561  
Epoch 177 |  Time(s) 0.0131 | RobustPrompt-T Loss 0.0570  
Epoch 178 |  Time(s) 0.0136 | RobustPrompt-T Loss 0.0541  
Epoch 179 |  Time(s) 0.0134 | RobustPrompt-T Loss 0.0579  
Epoch 180 |  Time(s) 0.0136 | RobustPrompt-T Loss 0.0599  
Epoch 181 |  Time(s) 0.0135 | RobustPrompt-T Loss 0.0527  
Epoch 182 |  Time(s) 0.0135 | RobustPrompt-T Loss 0.0535  
Epoch 183 |  Time(s) 0.0135 | RobustPrompt-T Loss 0.0533  
Epoch 184 |  Time(s) 0.0137 | RobustPrompt-T Loss 0.0527  
Epoch 185 |  Time(s) 0.0139 | RobustPrompt-T Loss 0.0499  
Epoch 186 |  Time(s) 0.0134 | RobustPrompt-T Loss 0.0502  
Epoch 187 |  Time(s) 0.0137 | RobustPrompt-T Loss 0.0506  
Epoch 188 |  Time(s) 0.0135 | RobustPrompt-T Loss 0.0498  
Epoch 189 |  Time(s) 0.0135 | RobustPrompt-T Loss 0.0488  
Epoch 190 |  Time(s) 0.0135 | RobustPrompt-T Loss 0.0495  
Epoch 191 |  Time(s) 0.0136 | RobustPrompt-T Loss 0.0487  
Epoch 192 |  Time(s) 0.0138 | RobustPrompt-T Loss 0.0489  
Epoch 193 |  Time(s) 0.0135 | RobustPrompt-T Loss 0.0530  
Epoch 194 |  Time(s) 0.0137 | RobustPrompt-T Loss 0.0490  
Epoch 195 |  Time(s) 0.0134 | RobustPrompt-T Loss 0.0484  
Epoch 196 |  Time(s) 0.0137 | RobustPrompt-T Loss 0.0474  
Epoch 197 |  Time(s) 0.0134 | RobustPrompt-T Loss 0.0475  
Epoch 198 |  Time(s) 0.0136 | RobustPrompt-T Loss 0.0470  
Epoch 199 |  Time(s) 0.0135 | RobustPrompt-T Loss 0.0470  
Epoch 200 |  Time(s) 0.0135 | RobustPrompt-T Loss 0.0462  
Final True Accuracy: 0.0835 | Macro F1 Score: 0.0655
Edge Detection Detail | source=filter_module | active=0 | n_edges=6634 | n_pos=1507 | n_neg=5127 | pos_rate=0.2272 | pred_pos=6529 | pred_pos_rate=0.9842 | tp=1498 | fp=5031 | fn=9 | tn=96 | precision=0.2294 | recall=0.9940 | f1=0.3728 | auc=0.8397 | ap=0.5848 | best_f1=0.6626 | best_threshold=0.9565 | best_precision=0.6483 | best_recall=0.6775 | best_pred_pos_rate=0.2374 | precision_at_k_pos=0.6490 | recall_at_k_pos=0.6490 | all_positive_f1=0.3702 | current_f1_minus_all_positive_f1=0.0026 | hard_mask_all_positive_like=0 | mode=original
Edge Detection Detail | source=tau_tune | active=1 | n_edges=6634 | n_pos=1507 | n_neg=5127 | pos_rate=0.2272 | pred_pos=256 | pred_pos_rate=0.0386 | tp=117 | fp=139 | fn=1390 | tn=4988 | precision=0.4570 | recall=0.0776 | f1=0.1327 | auc=0.6750 | ap=0.3586 | best_f1=0.4422 | best_threshold=0.0469 | best_precision=0.3059 | best_recall=0.7976 | best_pred_pos_rate=0.5924 | precision_at_k_pos=0.3543 | recall_at_k_pos=0.3543 | all_positive_f1=0.3702 | current_f1_minus_all_positive_f1=-0.2375 | hard_mask_all_positive_like=0
Tip Detection | tip=sim_pt | active=1 | node_precision=0.3858 | node_recall=0.3511 | node_f1=0.3676 | edge_precision=0.2826 | edge_recall=0.9934 | edge_f1=0.4400 | edge_auc=0.6261 | node_tp=336 | node_fp=535 | node_fn=621 | edge_tp=1497 | edge_fp=3800 | edge_fn=10
Edge Detection Detail | source=sim_pt | active=1 | n_edges=6634 | n_pos=1507 | n_neg=5127 | pos_rate=0.2272 | pred_pos=5297 | pred_pos_rate=0.7985 | tp=1497 | fp=3800 | fn=10 | tn=1327 | precision=0.2826 | recall=0.9934 | f1=0.4400 | auc=0.6261 | ap=0.2822 | best_f1=nan | best_threshold=nan | best_precision=nan | best_recall=nan | best_pred_pos_rate=nan | precision_at_k_pos=nan | recall_at_k_pos=nan | all_positive_f1=0.3702 | current_f1_minus_all_positive_f1=0.0698 | hard_mask_all_positive_like=0
Tip Detection | tip=degree_pt | active=0 | node_precision=0.0000 | node_recall=0.0000 | node_f1=0.0000 | edge_precision=0.0000 | edge_recall=0.0000 | edge_f1=0.0000 | edge_auc=0.5000 | node_tp=0 | node_fp=0 | node_fn=957 | edge_tp=0 | edge_fp=0 | edge_fn=1507
Edge Detection Detail | source=degree_pt | active=0 | n_edges=6634 | n_pos=1507 | n_neg=5127 | pos_rate=0.2272 | pred_pos=0 | pred_pos_rate=0.0000 | tp=0 | fp=0 | fn=1507 | tn=5127 | precision=0.0000 | recall=0.0000 | f1=0.0000 | auc=0.5000 | ap=0.2272 | best_f1=nan | best_threshold=nan | best_precision=nan | best_recall=nan | best_pred_pos_rate=nan | precision_at_k_pos=nan | recall_at_k_pos=nan | all_positive_f1=0.3702 | current_f1_minus_all_positive_f1=-0.3702 | hard_mask_all_positive_like=0
Tip Detection | tip=out_detect_pt | active=1 | node_precision=0.3535 | node_recall=1.0000 | node_f1=0.5224 | edge_precision=0.2272 | edge_recall=1.0000 | edge_f1=0.3702 | edge_auc=0.5000 | node_tp=957 | node_fp=1750 | node_fn=0 | edge_tp=1507 | edge_fp=5127 | edge_fn=0
Edge Detection Detail | source=out_detect_pt | active=1 | n_edges=6634 | n_pos=1507 | n_neg=5127 | pos_rate=0.2272 | pred_pos=6531 | pred_pos_rate=0.9845 | tp=1499 | fp=5032 | fn=8 | tn=95 | precision=0.2295 | recall=0.9947 | f1=0.3730 | auc=0.8397 | ap=0.5848 | best_f1=0.6626 | best_threshold=0.9565 | best_precision=0.6483 | best_recall=0.6775 | best_pred_pos_rate=0.2374 | precision_at_k_pos=0.6490 | recall_at_k_pos=0.6490 | all_positive_f1=0.3702 | current_f1_minus_all_positive_f1=0.0028 | hard_mask_all_positive_like=0
best_loss [tensor(0.0462, device='cuda:0', grad_fn=<AddBackward0>)]
load LLC or attacked data with specified split
Successfully loaded the attack of dataname with few shot 5, split 1
Attack method : Meta_Self | Attack ptb : 0.25 | Dataset: Cora
======================
Number of graphs: 1
Number of features: 1433
Number of classes: 7

Data(x=[2708, 1433], edge_index=[2, 15976], y=[2708], train_mask=[2708], val_mask=[2708], test_mask=[2708])
===========================================================================================================
Number of nodes: 2708
Number of edges: 15976
Average node degree: 5.90
Has isolated nodes: False
Has self-loops: True
Is undirected: True
Pollution Diff | added_edges=1507 | deleted_edges=151 | clean_edges=5278 | attack_edges=6634
GCN(
  (conv_layers): ModuleList(
    (0): GCNConv(1433, 256)
    (1): GCNConv(256, 256)
  )
)
Successfully loaded pre-trained weights!
use RobustPrompt Tranductive
defense pt dict :  {'sim_pt': 0.3, 'degree_pt': -1, 'out_detect_pt': 0.5, 'other_pt': 'all'}
use_attention :  False
cosine_constraint :  True
pt_threshold :  0.5
filter_module :  OriginalFilter
temperature :  1.0
weight_mse 0.1
weight_kl :  0.3
weight_constraint :  0.2
run RobustPrompt-T
Epoch 001 |  Time(s) 0.0144 | RobustPrompt-T Loss 1.9474  
Epoch 002 |  Time(s) 0.0139 | RobustPrompt-T Loss 1.9126  
Epoch 003 |  Time(s) 0.0139 | RobustPrompt-T Loss 1.9411  
Epoch 004 |  Time(s) 0.0136 | RobustPrompt-T Loss 1.9183  
Epoch 005 |  Time(s) 0.0138 | RobustPrompt-T Loss 1.8977  
Epoch 006 |  Time(s) 0.0130 | RobustPrompt-T Loss 1.9067  
Epoch 007 |  Time(s) 0.0137 | RobustPrompt-T Loss 1.8874  
Epoch 008 |  Time(s) 0.0138 | RobustPrompt-T Loss 1.8721  
Epoch 009 |  Time(s) 0.0165 | RobustPrompt-T Loss 1.8618  
Epoch 010 |  Time(s) 0.0135 | RobustPrompt-T Loss 1.8335  
Epoch 011 |  Time(s) 0.0136 | RobustPrompt-T Loss 1.8272  
Epoch 012 |  Time(s) 0.0137 | RobustPrompt-T Loss 1.8092  
Epoch 013 |  Time(s) 0.0133 | RobustPrompt-T Loss 1.7830  
Epoch 014 |  Time(s) 0.0140 | RobustPrompt-T Loss 1.7155  
Epoch 015 |  Time(s) 0.0136 | RobustPrompt-T Loss 1.6799  
Epoch 016 |  Time(s) 0.0145 | RobustPrompt-T Loss 1.6611  
Epoch 017 |  Time(s) 0.0138 | RobustPrompt-T Loss 1.6044  
Epoch 018 |  Time(s) 0.0142 | RobustPrompt-T Loss 1.5868  
Epoch 019 |  Time(s) 0.0133 | RobustPrompt-T Loss 1.6212  
Epoch 020 |  Time(s) 0.0141 | RobustPrompt-T Loss 1.5814  
Epoch 021 |  Time(s) 0.0137 | RobustPrompt-T Loss 1.5577  
Epoch 022 |  Time(s) 0.0134 | RobustPrompt-T Loss 1.6326  
Epoch 023 |  Time(s) 0.0137 | RobustPrompt-T Loss 1.4815  
Epoch 024 |  Time(s) 0.0137 | RobustPrompt-T Loss 1.5710  
Epoch 025 |  Time(s) 0.0138 | RobustPrompt-T Loss 1.4572  
Epoch 026 |  Time(s) 0.0140 | RobustPrompt-T Loss 1.5379  
Epoch 027 |  Time(s) 0.0138 | RobustPrompt-T Loss 1.4407  
Epoch 028 |  Time(s) 0.0138 | RobustPrompt-T Loss 1.4994  
Epoch 029 |  Time(s) 0.0136 | RobustPrompt-T Loss 1.5179  
Epoch 030 |  Time(s) 0.0133 | RobustPrompt-T Loss 1.4430  
Epoch 031 |  Time(s) 0.0136 | RobustPrompt-T Loss 1.4808  
Epoch 032 |  Time(s) 0.0136 | RobustPrompt-T Loss 1.3840  
Epoch 033 |  Time(s) 0.0137 | RobustPrompt-T Loss 1.5201  
Epoch 034 |  Time(s) 0.0137 | RobustPrompt-T Loss 1.4426  
Epoch 035 |  Time(s) 0.0139 | RobustPrompt-T Loss 1.3924  
Epoch 036 |  Time(s) 0.0143 | RobustPrompt-T Loss 1.4178  
Epoch 037 |  Time(s) 0.0141 | RobustPrompt-T Loss 1.2924  
Epoch 038 |  Time(s) 0.0137 | RobustPrompt-T Loss 1.5087  
Epoch 039 |  Time(s) 0.0141 | RobustPrompt-T Loss 1.3754  
Epoch 040 |  Time(s) 0.0135 | RobustPrompt-T Loss 1.2657  
Epoch 041 |  Time(s) 0.0137 | RobustPrompt-T Loss 1.3206  
Epoch 042 |  Time(s) 0.0130 | RobustPrompt-T Loss 1.1946  
Epoch 043 |  Time(s) 0.0138 | RobustPrompt-T Loss 1.2850  
Epoch 044 |  Time(s) 0.0141 | RobustPrompt-T Loss 1.3792  
Epoch 045 |  Time(s) 0.0138 | RobustPrompt-T Loss 1.1915  
Epoch 046 |  Time(s) 0.0134 | RobustPrompt-T Loss 1.1555  
Epoch 047 |  Time(s) 0.0137 | RobustPrompt-T Loss 1.1448  
Epoch 048 |  Time(s) 0.0133 | RobustPrompt-T Loss 1.0879  
Epoch 049 |  Time(s) 0.0137 | RobustPrompt-T Loss 1.0749  
Epoch 050 |  Time(s) 0.0138 | RobustPrompt-T Loss 1.1187  
Epoch 051 |  Time(s) 0.0135 | RobustPrompt-T Loss 1.0812  
Epoch 052 |  Time(s) 0.0142 | RobustPrompt-T Loss 1.0174  
Epoch 053 |  Time(s) 0.0140 | RobustPrompt-T Loss 1.0137  
Epoch 054 |  Time(s) 0.0139 | RobustPrompt-T Loss 1.0014  
Epoch 055 |  Time(s) 0.0138 | RobustPrompt-T Loss 0.9665  
Epoch 056 |  Time(s) 0.0143 | RobustPrompt-T Loss 0.9242  
Epoch 057 |  Time(s) 0.0138 | RobustPrompt-T Loss 0.9472  
Epoch 058 |  Time(s) 0.0132 | RobustPrompt-T Loss 0.9088  
Epoch 059 |  Time(s) 0.0138 | RobustPrompt-T Loss 0.9040  
Epoch 060 |  Time(s) 0.0138 | RobustPrompt-T Loss 0.8885  
Epoch 061 |  Time(s) 0.0141 | RobustPrompt-T Loss 0.8433  
Epoch 062 |  Time(s) 0.0139 | RobustPrompt-T Loss 0.8395  
Epoch 063 |  Time(s) 0.0130 | RobustPrompt-T Loss 0.8114  
Epoch 064 |  Time(s) 0.0143 | RobustPrompt-T Loss 0.8076  
Epoch 065 |  Time(s) 0.0137 | RobustPrompt-T Loss 0.7813  
Epoch 066 |  Time(s) 0.0133 | RobustPrompt-T Loss 0.7402  
Epoch 067 |  Time(s) 0.0135 | RobustPrompt-T Loss 0.7351  
Epoch 068 |  Time(s) 0.0134 | RobustPrompt-T Loss 0.6981  
Epoch 069 |  Time(s) 0.0132 | RobustPrompt-T Loss 0.6963  
Epoch 070 |  Time(s) 0.0134 | RobustPrompt-T Loss 0.6921  
Epoch 071 |  Time(s) 0.0134 | RobustPrompt-T Loss 0.6509  
Epoch 072 |  Time(s) 0.0133 | RobustPrompt-T Loss 0.6236  
Epoch 073 |  Time(s) 0.0130 | RobustPrompt-T Loss 0.6149  
Epoch 074 |  Time(s) 0.0129 | RobustPrompt-T Loss 0.6097  
Epoch 075 |  Time(s) 0.0128 | RobustPrompt-T Loss 0.5836  
Epoch 076 |  Time(s) 0.0135 | RobustPrompt-T Loss 0.5645  
Epoch 077 |  Time(s) 0.0124 | RobustPrompt-T Loss 0.5495  
Epoch 078 |  Time(s) 0.0125 | RobustPrompt-T Loss 0.5274  
Epoch 079 |  Time(s) 0.0125 | RobustPrompt-T Loss 0.5193  
Epoch 080 |  Time(s) 0.0127 | RobustPrompt-T Loss 0.5021  
Epoch 081 |  Time(s) 0.0132 | RobustPrompt-T Loss 0.5020  
Epoch 082 |  Time(s) 0.0133 | RobustPrompt-T Loss 0.4787  
Epoch 083 |  Time(s) 0.0130 | RobustPrompt-T Loss 0.4629  
Epoch 084 |  Time(s) 0.0132 | RobustPrompt-T Loss 0.4442  
Epoch 085 |  Time(s) 0.0128 | RobustPrompt-T Loss 0.4274  
Epoch 086 |  Time(s) 0.0133 | RobustPrompt-T Loss 0.4164  
Epoch 087 |  Time(s) 0.0135 | RobustPrompt-T Loss 0.4047  
Epoch 088 |  Time(s) 0.0134 | RobustPrompt-T Loss 0.3968  
Epoch 089 |  Time(s) 0.0135 | RobustPrompt-T Loss 0.3835  
Epoch 090 |  Time(s) 0.0132 | RobustPrompt-T Loss 0.3972  
Epoch 091 |  Time(s) 0.0136 | RobustPrompt-T Loss 0.5020  
Epoch 092 |  Time(s) 0.0135 | RobustPrompt-T Loss 0.3814  
Epoch 093 |  Time(s) 0.0132 | RobustPrompt-T Loss 0.3359  
Epoch 094 |  Time(s) 0.0132 | RobustPrompt-T Loss 0.3937  
Epoch 095 |  Time(s) 0.0131 | RobustPrompt-T Loss 0.3777  
Epoch 096 |  Time(s) 0.0133 | RobustPrompt-T Loss 0.3941  
Epoch 097 |  Time(s) 0.0132 | RobustPrompt-T Loss 0.3495  
Epoch 098 |  Time(s) 0.0131 | RobustPrompt-T Loss 0.2835  
Epoch 099 |  Time(s) 0.0131 | RobustPrompt-T Loss 0.2904  
Epoch 100 |  Time(s) 0.0132 | RobustPrompt-T Loss 0.2736  
Epoch 101 |  Time(s) 0.0133 | RobustPrompt-T Loss 0.2602  
Epoch 102 |  Time(s) 0.0131 | RobustPrompt-T Loss 0.3102  
Epoch 103 |  Time(s) 0.0131 | RobustPrompt-T Loss 0.2629  
Epoch 104 |  Time(s) 0.0136 | RobustPrompt-T Loss 0.2564  
Epoch 105 |  Time(s) 0.0136 | RobustPrompt-T Loss 0.2418  
Epoch 106 |  Time(s) 0.0138 | RobustPrompt-T Loss 0.2377  
Epoch 107 |  Time(s) 0.0134 | RobustPrompt-T Loss 0.2374  
Epoch 108 |  Time(s) 0.0133 | RobustPrompt-T Loss 0.2277  
Epoch 109 |  Time(s) 0.0140 | RobustPrompt-T Loss 0.2364  
Epoch 110 |  Time(s) 0.0136 | RobustPrompt-T Loss 0.2237  
Epoch 111 |  Time(s) 0.0139 | RobustPrompt-T Loss 0.2139  
Epoch 112 |  Time(s) 0.0137 | RobustPrompt-T Loss 0.2110  
Epoch 113 |  Time(s) 0.0136 | RobustPrompt-T Loss 0.2025  
Epoch 114 |  Time(s) 0.0129 | RobustPrompt-T Loss 0.1959  
Epoch 115 |  Time(s) 0.0131 | RobustPrompt-T Loss 0.1950  
Epoch 116 |  Time(s) 0.0134 | RobustPrompt-T Loss 0.1915  
Epoch 117 |  Time(s) 0.0131 | RobustPrompt-T Loss 0.1871  
Epoch 118 |  Time(s) 0.0134 | RobustPrompt-T Loss 0.1842  
Epoch 119 |  Time(s) 0.0135 | RobustPrompt-T Loss 0.1762  
Epoch 120 |  Time(s) 0.0135 | RobustPrompt-T Loss 0.1727  
Epoch 121 |  Time(s) 0.0138 | RobustPrompt-T Loss 0.1742  
Epoch 122 |  Time(s) 0.0135 | RobustPrompt-T Loss 0.1721  
Epoch 123 |  Time(s) 0.0138 | RobustPrompt-T Loss 0.1677  
Epoch 124 |  Time(s) 0.0139 | RobustPrompt-T Loss 0.1601  
Epoch 125 |  Time(s) 0.0138 | RobustPrompt-T Loss 0.1685  
Epoch 126 |  Time(s) 0.0139 | RobustPrompt-T Loss 0.1669  
Epoch 127 |  Time(s) 0.0140 | RobustPrompt-T Loss 0.2122  
Epoch 128 |  Time(s) 0.0141 | RobustPrompt-T Loss 0.1587  
Epoch 129 |  Time(s) 0.0135 | RobustPrompt-T Loss 0.1624  
Epoch 130 |  Time(s) 0.0136 | RobustPrompt-T Loss 0.1597  
Epoch 131 |  Time(s) 0.0133 | RobustPrompt-T Loss 0.1470  
Epoch 132 |  Time(s) 0.0135 | RobustPrompt-T Loss 0.1511  
Epoch 133 |  Time(s) 0.0131 | RobustPrompt-T Loss 0.1558  
Epoch 134 |  Time(s) 0.0132 | RobustPrompt-T Loss 0.1512  
Epoch 135 |  Time(s) 0.0133 | RobustPrompt-T Loss 0.1388  
Epoch 136 |  Time(s) 0.0130 | RobustPrompt-T Loss 0.1375  
Epoch 137 |  Time(s) 0.0134 | RobustPrompt-T Loss 0.1276  
Epoch 138 |  Time(s) 0.0135 | RobustPrompt-T Loss 0.1379  
Epoch 139 |  Time(s) 0.0131 | RobustPrompt-T Loss 0.1263  
Epoch 140 |  Time(s) 0.0134 | RobustPrompt-T Loss 0.1236  
Epoch 141 |  Time(s) 0.0134 | RobustPrompt-T Loss 0.1219  
Epoch 142 |  Time(s) 0.0136 | RobustPrompt-T Loss 0.1192  
Epoch 143 |  Time(s) 0.0134 | RobustPrompt-T Loss 0.1151  
Epoch 144 |  Time(s) 0.0131 | RobustPrompt-T Loss 0.1128  
Epoch 145 |  Time(s) 0.0135 | RobustPrompt-T Loss 0.1294  
Epoch 146 |  Time(s) 0.0134 | RobustPrompt-T Loss 0.1142  
Epoch 147 |  Time(s) 0.0133 | RobustPrompt-T Loss 0.1153  
Epoch 148 |  Time(s) 0.0130 | RobustPrompt-T Loss 0.1202  
Epoch 149 |  Time(s) 0.0136 | RobustPrompt-T Loss 0.1048  
Epoch 150 |  Time(s) 0.0138 | RobustPrompt-T Loss 0.1049  
Epoch 151 |  Time(s) 0.0136 | RobustPrompt-T Loss 0.1017  
Epoch 152 |  Time(s) 0.0134 | RobustPrompt-T Loss 0.1085  
Epoch 153 |  Time(s) 0.0133 | RobustPrompt-T Loss 0.0990  
Epoch 154 |  Time(s) 0.0133 | RobustPrompt-T Loss 0.0953  
Epoch 155 |  Time(s) 0.0130 | RobustPrompt-T Loss 0.1021  
Epoch 156 |  Time(s) 0.0136 | RobustPrompt-T Loss 0.0928  
Epoch 157 |  Time(s) 0.0140 | RobustPrompt-T Loss 0.0983  
Epoch 158 |  Time(s) 0.0139 | RobustPrompt-T Loss 0.0907  
Epoch 159 |  Time(s) 0.0136 | RobustPrompt-T Loss 0.0975  
Epoch 160 |  Time(s) 0.0138 | RobustPrompt-T Loss 0.0825  
Epoch 161 |  Time(s) 0.0137 | RobustPrompt-T Loss 0.0814  
Epoch 162 |  Time(s) 0.0134 | RobustPrompt-T Loss 0.0906  
Epoch 163 |  Time(s) 0.0131 | RobustPrompt-T Loss 0.0795  
Epoch 164 |  Time(s) 0.0131 | RobustPrompt-T Loss 0.0837  
Epoch 165 |  Time(s) 0.0134 | RobustPrompt-T Loss 0.0817  
Epoch 166 |  Time(s) 0.0132 | RobustPrompt-T Loss 0.0759  
Epoch 167 |  Time(s) 0.0134 | RobustPrompt-T Loss 0.0812  
Epoch 168 |  Time(s) 0.0134 | RobustPrompt-T Loss 0.0784  
Epoch 169 |  Time(s) 0.0134 | RobustPrompt-T Loss 0.0762  
Epoch 170 |  Time(s) 0.0131 | RobustPrompt-T Loss 0.0777  
Epoch 171 |  Time(s) 0.0135 | RobustPrompt-T Loss 0.0768  
Epoch 172 |  Time(s) 0.0133 | RobustPrompt-T Loss 0.0733  
Epoch 173 |  Time(s) 0.0132 | RobustPrompt-T Loss 0.0718  
Epoch 174 |  Time(s) 0.0131 | RobustPrompt-T Loss 0.0730  
Epoch 175 |  Time(s) 0.0134 | RobustPrompt-T Loss 0.0712  
Epoch 176 |  Time(s) 0.0131 | RobustPrompt-T Loss 0.0720  
Epoch 177 |  Time(s) 0.0132 | RobustPrompt-T Loss 0.0701  
Epoch 178 |  Time(s) 0.0133 | RobustPrompt-T Loss 0.0684  
Epoch 179 |  Time(s) 0.0130 | RobustPrompt-T Loss 0.0685  
Epoch 180 |  Time(s) 0.0131 | RobustPrompt-T Loss 0.0659  
Epoch 181 |  Time(s) 0.0134 | RobustPrompt-T Loss 0.0622  
Epoch 182 |  Time(s) 0.0134 | RobustPrompt-T Loss 0.0653  
Epoch 183 |  Time(s) 0.0131 | RobustPrompt-T Loss 0.0649  
Epoch 184 |  Time(s) 0.0136 | RobustPrompt-T Loss 0.0630  
Epoch 185 |  Time(s) 0.0134 | RobustPrompt-T Loss 0.0638  
Epoch 186 |  Time(s) 0.0134 | RobustPrompt-T Loss 0.0620  
Epoch 187 |  Time(s) 0.0134 | RobustPrompt-T Loss 0.0613  
Epoch 188 |  Time(s) 0.0136 | RobustPrompt-T Loss 0.0608  
Epoch 189 |  Time(s) 0.0131 | RobustPrompt-T Loss 0.0565  
Epoch 190 |  Time(s) 0.0134 | RobustPrompt-T Loss 0.0585  
Epoch 191 |  Time(s) 0.0132 | RobustPrompt-T Loss 0.0592  
Epoch 192 |  Time(s) 0.0134 | RobustPrompt-T Loss 0.0546  
Epoch 193 |  Time(s) 0.0136 | RobustPrompt-T Loss 0.0573  
Epoch 194 |  Time(s) 0.0136 | RobustPrompt-T Loss 0.0569  
Epoch 195 |  Time(s) 0.0132 | RobustPrompt-T Loss 0.0527  
Epoch 196 |  Time(s) 0.0132 | RobustPrompt-T Loss 0.0563  
Epoch 197 |  Time(s) 0.0134 | RobustPrompt-T Loss 0.0549  
Epoch 198 |  Time(s) 0.0134 | RobustPrompt-T Loss 0.0523  
Epoch 199 |  Time(s) 0.0136 | RobustPrompt-T Loss 0.0535  
Epoch 200 |  Time(s) 0.0131 | RobustPrompt-T Loss 0.0539  
Final True Accuracy: 0.0976 | Macro F1 Score: 0.0748
Edge Detection Detail | source=filter_module | active=0 | n_edges=6634 | n_pos=1507 | n_neg=5127 | pos_rate=0.2272 | pred_pos=6529 | pred_pos_rate=0.9842 | tp=1498 | fp=5031 | fn=9 | tn=96 | precision=0.2294 | recall=0.9940 | f1=0.3728 | auc=0.8397 | ap=0.5848 | best_f1=0.6626 | best_threshold=0.9565 | best_precision=0.6483 | best_recall=0.6775 | best_pred_pos_rate=0.2374 | precision_at_k_pos=0.6490 | recall_at_k_pos=0.6490 | all_positive_f1=0.3702 | current_f1_minus_all_positive_f1=0.0026 | hard_mask_all_positive_like=0 | mode=original
Edge Detection Detail | source=tau_tune | active=1 | n_edges=6634 | n_pos=1507 | n_neg=5127 | pos_rate=0.2272 | pred_pos=65 | pred_pos_rate=0.0098 | tp=34 | fp=31 | fn=1473 | tn=5096 | precision=0.5231 | recall=0.0226 | f1=0.0433 | auc=0.6615 | ap=0.3475 | best_f1=0.4327 | best_threshold=0.0556 | best_precision=0.3141 | best_recall=0.6954 | best_pred_pos_rate=0.5030 | precision_at_k_pos=0.3557 | recall_at_k_pos=0.3557 | all_positive_f1=0.3702 | current_f1_minus_all_positive_f1=-0.3270 | hard_mask_all_positive_like=0
Tip Detection | tip=sim_pt | active=1 | node_precision=0.3858 | node_recall=0.3511 | node_f1=0.3676 | edge_precision=0.2826 | edge_recall=0.9934 | edge_f1=0.4400 | edge_auc=0.6261 | node_tp=336 | node_fp=535 | node_fn=621 | edge_tp=1497 | edge_fp=3800 | edge_fn=10
Edge Detection Detail | source=sim_pt | active=1 | n_edges=6634 | n_pos=1507 | n_neg=5127 | pos_rate=0.2272 | pred_pos=5297 | pred_pos_rate=0.7985 | tp=1497 | fp=3800 | fn=10 | tn=1327 | precision=0.2826 | recall=0.9934 | f1=0.4400 | auc=0.6261 | ap=0.2822 | best_f1=nan | best_threshold=nan | best_precision=nan | best_recall=nan | best_pred_pos_rate=nan | precision_at_k_pos=nan | recall_at_k_pos=nan | all_positive_f1=0.3702 | current_f1_minus_all_positive_f1=0.0698 | hard_mask_all_positive_like=0
Tip Detection | tip=degree_pt | active=0 | node_precision=0.0000 | node_recall=0.0000 | node_f1=0.0000 | edge_precision=0.0000 | edge_recall=0.0000 | edge_f1=0.0000 | edge_auc=0.5000 | node_tp=0 | node_fp=0 | node_fn=957 | edge_tp=0 | edge_fp=0 | edge_fn=1507
Edge Detection Detail | source=degree_pt | active=0 | n_edges=6634 | n_pos=1507 | n_neg=5127 | pos_rate=0.2272 | pred_pos=0 | pred_pos_rate=0.0000 | tp=0 | fp=0 | fn=1507 | tn=5127 | precision=0.0000 | recall=0.0000 | f1=0.0000 | auc=0.5000 | ap=0.2272 | best_f1=nan | best_threshold=nan | best_precision=nan | best_recall=nan | best_pred_pos_rate=nan | precision_at_k_pos=nan | recall_at_k_pos=nan | all_positive_f1=0.3702 | current_f1_minus_all_positive_f1=-0.3702 | hard_mask_all_positive_like=0
Tip Detection | tip=out_detect_pt | active=1 | node_precision=0.3535 | node_recall=1.0000 | node_f1=0.5224 | edge_precision=0.2272 | edge_recall=1.0000 | edge_f1=0.3702 | edge_auc=0.5000 | node_tp=957 | node_fp=1750 | node_fn=0 | edge_tp=1507 | edge_fp=5127 | edge_fn=0
Edge Detection Detail | source=out_detect_pt | active=1 | n_edges=6634 | n_pos=1507 | n_neg=5127 | pos_rate=0.2272 | pred_pos=6531 | pred_pos_rate=0.9845 | tp=1499 | fp=5032 | fn=8 | tn=95 | precision=0.2295 | recall=0.9947 | f1=0.3730 | auc=0.8397 | ap=0.5848 | best_f1=0.6626 | best_threshold=0.9565 | best_precision=0.6483 | best_recall=0.6775 | best_pred_pos_rate=0.2374 | precision_at_k_pos=0.6490 | recall_at_k_pos=0.6490 | all_positive_f1=0.3702 | current_f1_minus_all_positive_f1=0.0028 | hard_mask_all_positive_like=0
best_loss [tensor(0.0539, device='cuda:0', grad_fn=<AddBackward0>)]
load LLC or attacked data with specified split
Successfully loaded the attack of dataname with few shot 5, split 1
Attack method : Meta_Self | Attack ptb : 0.25 | Dataset: Cora
======================
Number of graphs: 1
Number of features: 1433
Number of classes: 7

Data(x=[2708, 1433], edge_index=[2, 15976], y=[2708], train_mask=[2708], val_mask=[2708], test_mask=[2708])
===========================================================================================================
Number of nodes: 2708
Number of edges: 15976
Average node degree: 5.90
Has isolated nodes: False
Has self-loops: True
Is undirected: True
Pollution Diff | added_edges=1507 | deleted_edges=151 | clean_edges=5278 | attack_edges=6634
GCN(
  (conv_layers): ModuleList(
    (0): GCNConv(1433, 256)
    (1): GCNConv(256, 256)
  )
)
Successfully loaded pre-trained weights!
use RobustPrompt Tranductive
defense pt dict :  {'sim_pt': 0.3, 'degree_pt': -1, 'out_detect_pt': 0.5, 'other_pt': 'all'}
use_attention :  False
cosine_constraint :  True
pt_threshold :  0.5
filter_module :  OriginalFilter
temperature :  1.0
weight_mse 0.1
weight_kl :  0.3
weight_constraint :  0.2
run RobustPrompt-T
Epoch 001 |  Time(s) 0.0140 | RobustPrompt-T Loss 1.9433  
Epoch 002 |  Time(s) 0.0138 | RobustPrompt-T Loss 1.9314  
Epoch 003 |  Time(s) 0.0135 | RobustPrompt-T Loss 1.9549  
Epoch 004 |  Time(s) 0.0134 | RobustPrompt-T Loss 1.9120  
Epoch 005 |  Time(s) 0.0139 | RobustPrompt-T Loss 1.9180  
Epoch 006 |  Time(s) 0.0136 | RobustPrompt-T Loss 1.8932  
Epoch 007 |  Time(s) 0.0136 | RobustPrompt-T Loss 1.8936  
Epoch 008 |  Time(s) 0.0132 | RobustPrompt-T Loss 1.8857  
Epoch 009 |  Time(s) 0.0132 | RobustPrompt-T Loss 1.8694  
Epoch 010 |  Time(s) 0.0131 | RobustPrompt-T Loss 1.8527  
Epoch 011 |  Time(s) 0.0130 | RobustPrompt-T Loss 1.8348  
Epoch 012 |  Time(s) 0.0130 | RobustPrompt-T Loss 1.8042  
Epoch 013 |  Time(s) 0.0131 | RobustPrompt-T Loss 1.7258  
Epoch 014 |  Time(s) 0.0133 | RobustPrompt-T Loss 1.7023  
Epoch 015 |  Time(s) 0.0131 | RobustPrompt-T Loss 1.6974  
Epoch 016 |  Time(s) 0.0133 | RobustPrompt-T Loss 1.6707  
Epoch 017 |  Time(s) 0.0131 | RobustPrompt-T Loss 1.6293  
Epoch 018 |  Time(s) 0.0130 | RobustPrompt-T Loss 1.6005  
Epoch 019 |  Time(s) 0.0130 | RobustPrompt-T Loss 1.6119  
Epoch 020 |  Time(s) 0.0132 | RobustPrompt-T Loss 1.5569  
Epoch 021 |  Time(s) 0.0130 | RobustPrompt-T Loss 1.5726  
Epoch 022 |  Time(s) 0.0130 | RobustPrompt-T Loss 1.5018  
Epoch 023 |  Time(s) 0.0133 | RobustPrompt-T Loss 1.5747  
Epoch 024 |  Time(s) 0.0132 | RobustPrompt-T Loss 1.4672  
Epoch 025 |  Time(s) 0.0132 | RobustPrompt-T Loss 1.5485  
Epoch 026 |  Time(s) 0.0133 | RobustPrompt-T Loss 1.4391  
Epoch 027 |  Time(s) 0.0130 | RobustPrompt-T Loss 1.4854  
Epoch 028 |  Time(s) 0.0131 | RobustPrompt-T Loss 1.4452  
Epoch 029 |  Time(s) 0.0137 | RobustPrompt-T Loss 1.6420  
Epoch 030 |  Time(s) 0.0132 | RobustPrompt-T Loss 1.4106  
Epoch 031 |  Time(s) 0.0135 | RobustPrompt-T Loss 1.3992  
Epoch 032 |  Time(s) 0.0131 | RobustPrompt-T Loss 1.4603  
Epoch 033 |  Time(s) 0.0133 | RobustPrompt-T Loss 1.3489  
Epoch 034 |  Time(s) 0.0131 | RobustPrompt-T Loss 1.4221  
Epoch 035 |  Time(s) 0.0131 | RobustPrompt-T Loss 1.3247  
Epoch 036 |  Time(s) 0.0136 | RobustPrompt-T Loss 1.2737  
Epoch 037 |  Time(s) 0.0131 | RobustPrompt-T Loss 1.2760  
Epoch 038 |  Time(s) 0.0131 | RobustPrompt-T Loss 1.2571  
Epoch 039 |  Time(s) 0.0131 | RobustPrompt-T Loss 1.2047  
Epoch 040 |  Time(s) 0.0129 | RobustPrompt-T Loss 1.2934  
Epoch 041 |  Time(s) 0.0131 | RobustPrompt-T Loss 1.2152  
Epoch 042 |  Time(s) 0.0130 | RobustPrompt-T Loss 1.1365  
Epoch 043 |  Time(s) 0.0130 | RobustPrompt-T Loss 1.1151  
Epoch 044 |  Time(s) 0.0130 | RobustPrompt-T Loss 1.0986  
Epoch 045 |  Time(s) 0.0130 | RobustPrompt-T Loss 1.0787  
Epoch 046 |  Time(s) 0.0133 | RobustPrompt-T Loss 1.0823  
Epoch 047 |  Time(s) 0.0132 | RobustPrompt-T Loss 1.0290  
Epoch 048 |  Time(s) 0.0131 | RobustPrompt-T Loss 1.0226  
Epoch 049 |  Time(s) 0.0131 | RobustPrompt-T Loss 1.0121  
Epoch 050 |  Time(s) 0.0132 | RobustPrompt-T Loss 1.0034  
Epoch 051 |  Time(s) 0.0130 | RobustPrompt-T Loss 0.9556  
Epoch 052 |  Time(s) 0.0130 | RobustPrompt-T Loss 0.9622  
Epoch 053 |  Time(s) 0.0131 | RobustPrompt-T Loss 0.9308  
Epoch 054 |  Time(s) 0.0130 | RobustPrompt-T Loss 0.9334  
Epoch 055 |  Time(s) 0.0134 | RobustPrompt-T Loss 0.9407  
Epoch 056 |  Time(s) 0.0132 | RobustPrompt-T Loss 0.8822  
Epoch 057 |  Time(s) 0.0130 | RobustPrompt-T Loss 0.8971  
Epoch 058 |  Time(s) 0.0133 | RobustPrompt-T Loss 0.8668  
Epoch 059 |  Time(s) 0.0129 | RobustPrompt-T Loss 0.8512  
Epoch 060 |  Time(s) 0.0130 | RobustPrompt-T Loss 0.8559  
Epoch 061 |  Time(s) 0.0131 | RobustPrompt-T Loss 0.8059  
Epoch 062 |  Time(s) 0.0131 | RobustPrompt-T Loss 0.7868  
Epoch 063 |  Time(s) 0.0131 | RobustPrompt-T Loss 0.7824  
Epoch 064 |  Time(s) 0.0130 | RobustPrompt-T Loss 0.7616  
Epoch 065 |  Time(s) 0.0134 | RobustPrompt-T Loss 0.7580  
Epoch 066 |  Time(s) 0.0133 | RobustPrompt-T Loss 0.7198  
Epoch 067 |  Time(s) 0.0132 | RobustPrompt-T Loss 0.7184  
Epoch 068 |  Time(s) 0.0131 | RobustPrompt-T Loss 0.6917  
Epoch 069 |  Time(s) 0.0130 | RobustPrompt-T Loss 0.6774  
Epoch 070 |  Time(s) 0.0130 | RobustPrompt-T Loss 0.6680  
Epoch 071 |  Time(s) 0.0135 | RobustPrompt-T Loss 0.6944  
Epoch 072 |  Time(s) 0.0135 | RobustPrompt-T Loss 0.6545  
Epoch 073 |  Time(s) 0.0138 | RobustPrompt-T Loss 0.6115  
Epoch 074 |  Time(s) 0.0138 | RobustPrompt-T Loss 0.5721  
Epoch 075 |  Time(s) 0.0138 | RobustPrompt-T Loss 0.5961  
Epoch 076 |  Time(s) 0.0136 | RobustPrompt-T Loss 0.5681  
Epoch 077 |  Time(s) 0.0130 | RobustPrompt-T Loss 0.5152  
Epoch 078 |  Time(s) 0.0131 | RobustPrompt-T Loss 0.5162  
Epoch 079 |  Time(s) 0.0133 | RobustPrompt-T Loss 0.5394  
Epoch 080 |  Time(s) 0.0133 | RobustPrompt-T Loss 0.4870  
Epoch 081 |  Time(s) 0.0132 | RobustPrompt-T Loss 0.5175  
Epoch 082 |  Time(s) 0.0132 | RobustPrompt-T Loss 0.6022  
Epoch 083 |  Time(s) 0.0130 | RobustPrompt-T Loss 0.5157  
Epoch 084 |  Time(s) 0.0134 | RobustPrompt-T Loss 0.7814  
Epoch 085 |  Time(s) 0.0132 | RobustPrompt-T Loss 0.8712  
Epoch 086 |  Time(s) 0.0131 | RobustPrompt-T Loss 0.4777  
Epoch 087 |  Time(s) 0.0132 | RobustPrompt-T Loss 1.0028  
Epoch 088 |  Time(s) 0.0131 | RobustPrompt-T Loss 1.3287  
Epoch 089 |  Time(s) 0.0131 | RobustPrompt-T Loss 0.9822  
Epoch 090 |  Time(s) 0.0130 | RobustPrompt-T Loss 0.8360  
Epoch 091 |  Time(s) 0.0134 | RobustPrompt-T Loss 0.8024  
Epoch 092 |  Time(s) 0.0132 | RobustPrompt-T Loss 0.6176  
Epoch 093 |  Time(s) 0.0134 | RobustPrompt-T Loss 0.6030  
Epoch 094 |  Time(s) 0.0136 | RobustPrompt-T Loss 0.6518  
Epoch 095 |  Time(s) 0.0133 | RobustPrompt-T Loss 0.5313  
Epoch 096 |  Time(s) 0.0132 | RobustPrompt-T Loss 0.5702  
Epoch 097 |  Time(s) 0.0135 | RobustPrompt-T Loss 0.6153  
Epoch 098 |  Time(s) 0.0133 | RobustPrompt-T Loss 0.5695  
Epoch 099 |  Time(s) 0.0132 | RobustPrompt-T Loss 0.6134  
Epoch 100 |  Time(s) 0.0135 | RobustPrompt-T Loss 0.5824  
Epoch 101 |  Time(s) 0.0134 | RobustPrompt-T Loss 0.4880  
Epoch 102 |  Time(s) 0.0132 | RobustPrompt-T Loss 0.5718  
Epoch 103 |  Time(s) 0.0129 | RobustPrompt-T Loss 0.5702  
Epoch 104 |  Time(s) 0.0134 | RobustPrompt-T Loss 0.4556  
Epoch 105 |  Time(s) 0.0132 | RobustPrompt-T Loss 0.5419  
Epoch 106 |  Time(s) 0.0131 | RobustPrompt-T Loss 0.4147  
Epoch 107 |  Time(s) 0.0132 | RobustPrompt-T Loss 0.7587  
Epoch 108 |  Time(s) 0.0131 | RobustPrompt-T Loss 0.7738  
Epoch 109 |  Time(s) 0.0130 | RobustPrompt-T Loss 0.4592  
Epoch 110 |  Time(s) 0.0130 | RobustPrompt-T Loss 0.3850  
Epoch 111 |  Time(s) 0.0130 | RobustPrompt-T Loss 0.4455  
Epoch 112 |  Time(s) 0.0129 | RobustPrompt-T Loss 0.4234  
Epoch 113 |  Time(s) 0.0131 | RobustPrompt-T Loss 0.4921  
Epoch 114 |  Time(s) 0.0130 | RobustPrompt-T Loss 0.3110  
Epoch 115 |  Time(s) 0.0136 | RobustPrompt-T Loss 0.3745  
Epoch 116 |  Time(s) 0.0130 | RobustPrompt-T Loss 0.4021  
Epoch 117 |  Time(s) 0.0132 | RobustPrompt-T Loss 0.3614  
Epoch 118 |  Time(s) 0.0131 | RobustPrompt-T Loss 0.3926  
Epoch 119 |  Time(s) 0.0131 | RobustPrompt-T Loss 0.2963  
Epoch 120 |  Time(s) 0.0130 | RobustPrompt-T Loss 0.3577  
Epoch 121 |  Time(s) 0.0130 | RobustPrompt-T Loss 0.3044  
Epoch 122 |  Time(s) 0.0139 | RobustPrompt-T Loss 0.2873  
Epoch 123 |  Time(s) 0.0134 | RobustPrompt-T Loss 0.2889  
Epoch 124 |  Time(s) 0.0137 | RobustPrompt-T Loss 0.2460  
Epoch 125 |  Time(s) 0.0128 | RobustPrompt-T Loss 0.2812  
Epoch 126 |  Time(s) 0.0132 | RobustPrompt-T Loss 0.2826  
Epoch 127 |  Time(s) 0.0130 | RobustPrompt-T Loss 0.2938  
Epoch 128 |  Time(s) 0.0130 | RobustPrompt-T Loss 0.2545  
Epoch 129 |  Time(s) 0.0130 | RobustPrompt-T Loss 0.2277  
Epoch 130 |  Time(s) 0.0130 | RobustPrompt-T Loss 0.2334  
Epoch 131 |  Time(s) 0.0130 | RobustPrompt-T Loss 0.2340  
Epoch 132 |  Time(s) 0.0130 | RobustPrompt-T Loss 0.2261  
Epoch 133 |  Time(s) 0.0130 | RobustPrompt-T Loss 0.2225  
Epoch 134 |  Time(s) 0.0131 | RobustPrompt-T Loss 0.2176  
Epoch 135 |  Time(s) 0.0128 | RobustPrompt-T Loss 0.2155  
Epoch 136 |  Time(s) 0.0129 | RobustPrompt-T Loss 0.2090  
Epoch 137 |  Time(s) 0.0131 | RobustPrompt-T Loss 0.2195  
Epoch 138 |  Time(s) 0.0131 | RobustPrompt-T Loss 0.2107  
Epoch 139 |  Time(s) 0.0131 | RobustPrompt-T Loss 0.2008  
Epoch 140 |  Time(s) 0.0130 | RobustPrompt-T Loss 0.1919  
Epoch 141 |  Time(s) 0.0130 | RobustPrompt-T Loss 0.1930  
Epoch 142 |  Time(s) 0.0130 | RobustPrompt-T Loss 0.1909  
Epoch 143 |  Time(s) 0.0130 | RobustPrompt-T Loss 0.1902  
Epoch 144 |  Time(s) 0.0130 | RobustPrompt-T Loss 0.1825  
Epoch 145 |  Time(s) 0.0131 | RobustPrompt-T Loss 0.1778  
Epoch 146 |  Time(s) 0.0130 | RobustPrompt-T Loss 0.1771  
Epoch 147 |  Time(s) 0.0131 | RobustPrompt-T Loss 0.1854  
Epoch 148 |  Time(s) 0.0130 | RobustPrompt-T Loss 0.1750  
Epoch 149 |  Time(s) 0.0131 | RobustPrompt-T Loss 0.1716  
Epoch 150 |  Time(s) 0.0131 | RobustPrompt-T Loss 0.1681  
Epoch 151 |  Time(s) 0.0130 | RobustPrompt-T Loss 0.1649  
Epoch 152 |  Time(s) 0.0130 | RobustPrompt-T Loss 0.1612  
Epoch 153 |  Time(s) 0.0134 | RobustPrompt-T Loss 0.1587  
Epoch 154 |  Time(s) 0.0134 | RobustPrompt-T Loss 0.1559  
Epoch 155 |  Time(s) 0.0132 | RobustPrompt-T Loss 0.1554  
Epoch 156 |  Time(s) 0.0134 | RobustPrompt-T Loss 0.1657  
Epoch 157 |  Time(s) 0.0134 | RobustPrompt-T Loss 0.1570  
Epoch 158 |  Time(s) 0.0132 | RobustPrompt-T Loss 0.1544  
Epoch 159 |  Time(s) 0.0130 | RobustPrompt-T Loss 0.1488  
Epoch 160 |  Time(s) 0.0135 | RobustPrompt-T Loss 0.1408  
Epoch 161 |  Time(s) 0.0133 | RobustPrompt-T Loss 0.1394  
Epoch 162 |  Time(s) 0.0130 | RobustPrompt-T Loss 0.1434  
Epoch 163 |  Time(s) 0.0132 | RobustPrompt-T Loss 0.1387  
Epoch 164 |  Time(s) 0.0131 | RobustPrompt-T Loss 0.1442  
Epoch 165 |  Time(s) 0.0129 | RobustPrompt-T Loss 0.1432  
Epoch 166 |  Time(s) 0.0130 | RobustPrompt-T Loss 0.1326  
Epoch 167 |  Time(s) 0.0131 | RobustPrompt-T Loss 0.1292  
Epoch 168 |  Time(s) 0.0131 | RobustPrompt-T Loss 0.1289  
Epoch 169 |  Time(s) 0.0129 | RobustPrompt-T Loss 0.1259  
Epoch 170 |  Time(s) 0.0135 | RobustPrompt-T Loss 0.1280  
Epoch 171 |  Time(s) 0.0134 | RobustPrompt-T Loss 0.1268  
Epoch 172 |  Time(s) 0.0130 | RobustPrompt-T Loss 0.1266  
Epoch 173 |  Time(s) 0.0132 | RobustPrompt-T Loss 0.1214  
Epoch 174 |  Time(s) 0.0135 | RobustPrompt-T Loss 0.1132  
Epoch 175 |  Time(s) 0.0141 | RobustPrompt-T Loss 0.1207  
Epoch 176 |  Time(s) 0.0134 | RobustPrompt-T Loss 0.1098  
Epoch 177 |  Time(s) 0.0137 | RobustPrompt-T Loss 0.1127  
Epoch 178 |  Time(s) 0.0139 | RobustPrompt-T Loss 0.1122  
Epoch 179 |  Time(s) 0.0138 | RobustPrompt-T Loss 0.1106  
Epoch 180 |  Time(s) 0.0137 | RobustPrompt-T Loss 0.1075  
Epoch 181 |  Time(s) 0.0137 | RobustPrompt-T Loss 0.1076  
Epoch 182 |  Time(s) 0.0139 | RobustPrompt-T Loss 0.1009  
Epoch 183 |  Time(s) 0.0138 | RobustPrompt-T Loss 0.1048  
Epoch 184 |  Time(s) 0.0135 | RobustPrompt-T Loss 0.1023  
Epoch 185 |  Time(s) 0.0138 | RobustPrompt-T Loss 0.1003  
Epoch 186 |  Time(s) 0.0139 | RobustPrompt-T Loss 0.0988  
Epoch 187 |  Time(s) 0.0138 | RobustPrompt-T Loss 0.0970  
Epoch 188 |  Time(s) 0.0135 | RobustPrompt-T Loss 0.0961  
Epoch 189 |  Time(s) 0.0138 | RobustPrompt-T Loss 0.0948  
Epoch 190 |  Time(s) 0.0138 | RobustPrompt-T Loss 0.0900  
Epoch 191 |  Time(s) 0.0139 | RobustPrompt-T Loss 0.0920  
Epoch 192 |  Time(s) 0.0137 | RobustPrompt-T Loss 0.0910  
Epoch 193 |  Time(s) 0.0136 | RobustPrompt-T Loss 0.0900  
Epoch 194 |  Time(s) 0.0138 | RobustPrompt-T Loss 0.0889  
Epoch 195 |  Time(s) 0.0136 | RobustPrompt-T Loss 0.0886  
Epoch 196 |  Time(s) 0.0138 | RobustPrompt-T Loss 0.0826  
Epoch 197 |  Time(s) 0.0137 | RobustPrompt-T Loss 0.0865  
Epoch 198 |  Time(s) 0.0135 | RobustPrompt-T Loss 0.0855  
Epoch 199 |  Time(s) 0.0137 | RobustPrompt-T Loss 0.0843  
Epoch 200 |  Time(s) 0.0138 | RobustPrompt-T Loss 0.0850  
Final True Accuracy: 0.0988 | Macro F1 Score: 0.0747
Edge Detection Detail | source=filter_module | active=0 | n_edges=6634 | n_pos=1507 | n_neg=5127 | pos_rate=0.2272 | pred_pos=6529 | pred_pos_rate=0.9842 | tp=1498 | fp=5031 | fn=9 | tn=96 | precision=0.2294 | recall=0.9940 | f1=0.3728 | auc=0.8397 | ap=0.5848 | best_f1=0.6626 | best_threshold=0.9565 | best_precision=0.6483 | best_recall=0.6775 | best_pred_pos_rate=0.2374 | precision_at_k_pos=0.6490 | recall_at_k_pos=0.6490 | all_positive_f1=0.3702 | current_f1_minus_all_positive_f1=0.0026 | hard_mask_all_positive_like=0 | mode=original
Edge Detection Detail | source=tau_tune | active=1 | n_edges=6634 | n_pos=1507 | n_neg=5127 | pos_rate=0.2272 | pred_pos=38 | pred_pos_rate=0.0057 | tp=24 | fp=14 | fn=1483 | tn=5113 | precision=0.6316 | recall=0.0159 | f1=0.0311 | auc=0.6727 | ap=0.3549 | best_f1=0.4423 | best_threshold=0.0654 | best_precision=0.3390 | best_recall=0.6364 | best_pred_pos_rate=0.4264 | precision_at_k_pos=0.3756 | recall_at_k_pos=0.3756 | all_positive_f1=0.3702 | current_f1_minus_all_positive_f1=-0.3392 | hard_mask_all_positive_like=0
Tip Detection | tip=sim_pt | active=1 | node_precision=0.3858 | node_recall=0.3511 | node_f1=0.3676 | edge_precision=0.2826 | edge_recall=0.9934 | edge_f1=0.4400 | edge_auc=0.6261 | node_tp=336 | node_fp=535 | node_fn=621 | edge_tp=1497 | edge_fp=3800 | edge_fn=10
Edge Detection Detail | source=sim_pt | active=1 | n_edges=6634 | n_pos=1507 | n_neg=5127 | pos_rate=0.2272 | pred_pos=5297 | pred_pos_rate=0.7985 | tp=1497 | fp=3800 | fn=10 | tn=1327 | precision=0.2826 | recall=0.9934 | f1=0.4400 | auc=0.6261 | ap=0.2822 | best_f1=nan | best_threshold=nan | best_precision=nan | best_recall=nan | best_pred_pos_rate=nan | precision_at_k_pos=nan | recall_at_k_pos=nan | all_positive_f1=0.3702 | current_f1_minus_all_positive_f1=0.0698 | hard_mask_all_positive_like=0
Tip Detection | tip=degree_pt | active=0 | node_precision=0.0000 | node_recall=0.0000 | node_f1=0.0000 | edge_precision=0.0000 | edge_recall=0.0000 | edge_f1=0.0000 | edge_auc=0.5000 | node_tp=0 | node_fp=0 | node_fn=957 | edge_tp=0 | edge_fp=0 | edge_fn=1507
Edge Detection Detail | source=degree_pt | active=0 | n_edges=6634 | n_pos=1507 | n_neg=5127 | pos_rate=0.2272 | pred_pos=0 | pred_pos_rate=0.0000 | tp=0 | fp=0 | fn=1507 | tn=5127 | precision=0.0000 | recall=0.0000 | f1=0.0000 | auc=0.5000 | ap=0.2272 | best_f1=nan | best_threshold=nan | best_precision=nan | best_recall=nan | best_pred_pos_rate=nan | precision_at_k_pos=nan | recall_at_k_pos=nan | all_positive_f1=0.3702 | current_f1_minus_all_positive_f1=-0.3702 | hard_mask_all_positive_like=0
Tip Detection | tip=out_detect_pt | active=1 | node_precision=0.3535 | node_recall=1.0000 | node_f1=0.5224 | edge_precision=0.2272 | edge_recall=1.0000 | edge_f1=0.3702 | edge_auc=0.5000 | node_tp=957 | node_fp=1750 | node_fn=0 | edge_tp=1507 | edge_fp=5127 | edge_fn=0
Edge Detection Detail | source=out_detect_pt | active=1 | n_edges=6634 | n_pos=1507 | n_neg=5127 | pos_rate=0.2272 | pred_pos=6531 | pred_pos_rate=0.9845 | tp=1499 | fp=5032 | fn=8 | tn=95 | precision=0.2295 | recall=0.9947 | f1=0.3730 | auc=0.8397 | ap=0.5848 | best_f1=0.6626 | best_threshold=0.9565 | best_precision=0.6483 | best_recall=0.6775 | best_pred_pos_rate=0.2374 | precision_at_k_pos=0.6490 | recall_at_k_pos=0.6490 | all_positive_f1=0.3702 | current_f1_minus_all_positive_f1=0.0028 | hard_mask_all_positive_like=0
best_loss [tensor(0.0850, device='cuda:0', grad_fn=<AddBackward0>)]
load LLC or attacked data with specified split
Successfully loaded the attack of dataname with few shot 5, split 1
Attack method : Meta_Self | Attack ptb : 0.25 | Dataset: Cora
======================
Number of graphs: 1
Number of features: 1433
Number of classes: 7

Data(x=[2708, 1433], edge_index=[2, 15976], y=[2708], train_mask=[2708], val_mask=[2708], test_mask=[2708])
===========================================================================================================
Number of nodes: 2708
Number of edges: 15976
Average node degree: 5.90
Has isolated nodes: False
Has self-loops: True
Is undirected: True
Pollution Diff | added_edges=1507 | deleted_edges=151 | clean_edges=5278 | attack_edges=6634
GCN(
  (conv_layers): ModuleList(
    (0): GCNConv(1433, 256)
    (1): GCNConv(256, 256)
  )
)
Successfully loaded pre-trained weights!
use RobustPrompt Tranductive
defense pt dict :  {'sim_pt': 0.3, 'degree_pt': -1, 'out_detect_pt': 0.5, 'other_pt': 'all'}
use_attention :  False
cosine_constraint :  True
pt_threshold :  0.5
filter_module :  OriginalFilter
temperature :  1.0
weight_mse 0.1
weight_kl :  0.3
weight_constraint :  0.2
run RobustPrompt-T
Epoch 001 |  Time(s) 0.0143 | RobustPrompt-T Loss 1.9486  
Epoch 002 |  Time(s) 0.0136 | RobustPrompt-T Loss 1.9317  
Epoch 003 |  Time(s) 0.0132 | RobustPrompt-T Loss 1.9402  
Epoch 004 |  Time(s) 0.0133 | RobustPrompt-T Loss 1.9006  
Epoch 005 |  Time(s) 0.0133 | RobustPrompt-T Loss 1.9050  
Epoch 006 |  Time(s) 0.0135 | RobustPrompt-T Loss 1.8961  
Epoch 007 |  Time(s) 0.0134 | RobustPrompt-T Loss 1.8748  
Epoch 008 |  Time(s) 0.0134 | RobustPrompt-T Loss 1.8561  
Epoch 009 |  Time(s) 0.0137 | RobustPrompt-T Loss 1.8375  
Epoch 010 |  Time(s) 0.0134 | RobustPrompt-T Loss 1.8216  
Epoch 011 |  Time(s) 0.0137 | RobustPrompt-T Loss 1.8087  
Epoch 012 |  Time(s) 0.0133 | RobustPrompt-T Loss 1.7559  
Epoch 013 |  Time(s) 0.0132 | RobustPrompt-T Loss 1.7113  
Epoch 014 |  Time(s) 0.0135 | RobustPrompt-T Loss 1.7009  
Epoch 015 |  Time(s) 0.0134 | RobustPrompt-T Loss 1.6297  
Epoch 016 |  Time(s) 0.0135 | RobustPrompt-T Loss 1.5984  
Epoch 017 |  Time(s) 0.0134 | RobustPrompt-T Loss 1.6227  
Epoch 018 |  Time(s) 0.0136 | RobustPrompt-T Loss 1.5785  
Epoch 019 |  Time(s) 0.0139 | RobustPrompt-T Loss 1.5364  
Epoch 020 |  Time(s) 0.0135 | RobustPrompt-T Loss 1.5151  
Epoch 021 |  Time(s) 0.0137 | RobustPrompt-T Loss 1.5273  
Epoch 022 |  Time(s) 0.0135 | RobustPrompt-T Loss 1.4724  
Epoch 023 |  Time(s) 0.0135 | RobustPrompt-T Loss 1.5162  
Epoch 024 |  Time(s) 0.0129 | RobustPrompt-T Loss 1.4639  
Epoch 025 |  Time(s) 0.0132 | RobustPrompt-T Loss 1.4362  
Epoch 026 |  Time(s) 0.0133 | RobustPrompt-T Loss 1.4373  
Epoch 027 |  Time(s) 0.0135 | RobustPrompt-T Loss 1.4378  
Epoch 028 |  Time(s) 0.0132 | RobustPrompt-T Loss 1.3824  
Epoch 029 |  Time(s) 0.0134 | RobustPrompt-T Loss 1.3527  
Epoch 030 |  Time(s) 0.0135 | RobustPrompt-T Loss 1.3569  
Epoch 031 |  Time(s) 0.0134 | RobustPrompt-T Loss 1.4630  
Epoch 032 |  Time(s) 0.0136 | RobustPrompt-T Loss 1.2911  
Epoch 033 |  Time(s) 0.0134 | RobustPrompt-T Loss 1.3143  
Epoch 034 |  Time(s) 0.0136 | RobustPrompt-T Loss 1.3835  
Epoch 035 |  Time(s) 0.0134 | RobustPrompt-T Loss 1.2209  
Epoch 036 |  Time(s) 0.0134 | RobustPrompt-T Loss 1.3525  
Epoch 037 |  Time(s) 0.0133 | RobustPrompt-T Loss 1.1900  
Epoch 038 |  Time(s) 0.0137 | RobustPrompt-T Loss 1.4220  
Epoch 039 |  Time(s) 0.0134 | RobustPrompt-T Loss 1.2554  
Epoch 040 |  Time(s) 0.0137 | RobustPrompt-T Loss 1.2883  
Epoch 041 |  Time(s) 0.0136 | RobustPrompt-T Loss 1.3002  
Epoch 042 |  Time(s) 0.0135 | RobustPrompt-T Loss 1.1125  
Epoch 043 |  Time(s) 0.0135 | RobustPrompt-T Loss 1.1860  
Epoch 044 |  Time(s) 0.0136 | RobustPrompt-T Loss 1.1013  
Epoch 045 |  Time(s) 0.0138 | RobustPrompt-T Loss 1.0695  
Epoch 046 |  Time(s) 0.0140 | RobustPrompt-T Loss 1.1126  
Epoch 047 |  Time(s) 0.0135 | RobustPrompt-T Loss 1.0228  
Epoch 048 |  Time(s) 0.0138 | RobustPrompt-T Loss 1.0580  
Epoch 049 |  Time(s) 0.0138 | RobustPrompt-T Loss 0.9925  
Epoch 050 |  Time(s) 0.0139 | RobustPrompt-T Loss 0.9568  
Epoch 051 |  Time(s) 0.0140 | RobustPrompt-T Loss 0.9551  
Epoch 052 |  Time(s) 0.0140 | RobustPrompt-T Loss 0.9269  
Epoch 053 |  Time(s) 0.0136 | RobustPrompt-T Loss 0.9341  
Epoch 054 |  Time(s) 0.0137 | RobustPrompt-T Loss 0.8836  
Epoch 055 |  Time(s) 0.0138 | RobustPrompt-T Loss 0.9245  
Epoch 056 |  Time(s) 0.0137 | RobustPrompt-T Loss 0.8628  
Epoch 057 |  Time(s) 0.0138 | RobustPrompt-T Loss 0.8655  
Epoch 058 |  Time(s) 0.0137 | RobustPrompt-T Loss 0.8232  
Epoch 059 |  Time(s) 0.0140 | RobustPrompt-T Loss 0.8071  
Epoch 060 |  Time(s) 0.0135 | RobustPrompt-T Loss 0.8024  
Epoch 061 |  Time(s) 0.0137 | RobustPrompt-T Loss 0.7900  
Epoch 062 |  Time(s) 0.0138 | RobustPrompt-T Loss 0.7648  
Epoch 063 |  Time(s) 0.0139 | RobustPrompt-T Loss 0.7258  
Epoch 064 |  Time(s) 0.0135 | RobustPrompt-T Loss 0.7422  
Epoch 065 |  Time(s) 0.0137 | RobustPrompt-T Loss 0.7287  
Epoch 066 |  Time(s) 0.0142 | RobustPrompt-T Loss 0.7346  
Epoch 067 |  Time(s) 0.0140 | RobustPrompt-T Loss 0.6909  
Epoch 068 |  Time(s) 0.0139 | RobustPrompt-T Loss 0.6649  
Epoch 069 |  Time(s) 0.0136 | RobustPrompt-T Loss 0.6464  
Epoch 070 |  Time(s) 0.0139 | RobustPrompt-T Loss 0.6324  
Epoch 071 |  Time(s) 0.0138 | RobustPrompt-T Loss 0.6370  
Epoch 072 |  Time(s) 0.0139 | RobustPrompt-T Loss 0.6624  
Epoch 073 |  Time(s) 0.0140 | RobustPrompt-T Loss 0.6110  
Epoch 074 |  Time(s) 0.0139 | RobustPrompt-T Loss 0.5767  
Epoch 075 |  Time(s) 0.0141 | RobustPrompt-T Loss 0.5658  
Epoch 076 |  Time(s) 0.0139 | RobustPrompt-T Loss 0.5728  
Epoch 077 |  Time(s) 0.0140 | RobustPrompt-T Loss 0.6057  
Epoch 078 |  Time(s) 0.0140 | RobustPrompt-T Loss 0.5782  
Epoch 079 |  Time(s) 0.0141 | RobustPrompt-T Loss 0.5633  
Epoch 080 |  Time(s) 0.0140 | RobustPrompt-T Loss 0.5346  
Epoch 081 |  Time(s) 0.0139 | RobustPrompt-T Loss 0.5430  
Epoch 082 |  Time(s) 0.0140 | RobustPrompt-T Loss 0.5128  
Epoch 083 |  Time(s) 0.0141 | RobustPrompt-T Loss 0.5152  
Epoch 084 |  Time(s) 0.0141 | RobustPrompt-T Loss 0.5071  
Epoch 085 |  Time(s) 0.0140 | RobustPrompt-T Loss 0.5038  
Epoch 086 |  Time(s) 0.0141 | RobustPrompt-T Loss 0.5034  
Epoch 087 |  Time(s) 0.0139 | RobustPrompt-T Loss 0.5073  
Epoch 088 |  Time(s) 0.0140 | RobustPrompt-T Loss 0.5070  
Epoch 089 |  Time(s) 0.0140 | RobustPrompt-T Loss 0.4736  
Epoch 090 |  Time(s) 0.0136 | RobustPrompt-T Loss 0.4597  
Epoch 091 |  Time(s) 0.0136 | RobustPrompt-T Loss 0.4525  
Epoch 092 |  Time(s) 0.0138 | RobustPrompt-T Loss 0.4576  
Epoch 093 |  Time(s) 0.0139 | RobustPrompt-T Loss 0.4594  
Epoch 094 |  Time(s) 0.0140 | RobustPrompt-T Loss 0.4650  
Epoch 095 |  Time(s) 0.0140 | RobustPrompt-T Loss 0.4187  
Epoch 096 |  Time(s) 0.0140 | RobustPrompt-T Loss 0.4095  
Epoch 097 |  Time(s) 0.0140 | RobustPrompt-T Loss 0.4415  
Epoch 098 |  Time(s) 0.0140 | RobustPrompt-T Loss 0.4252  
Epoch 099 |  Time(s) 0.0136 | RobustPrompt-T Loss 0.3785  
Epoch 100 |  Time(s) 0.0138 | RobustPrompt-T Loss 0.4089  
Epoch 101 |  Time(s) 0.0138 | RobustPrompt-T Loss 0.4048  
Epoch 102 |  Time(s) 0.0139 | RobustPrompt-T Loss 0.3524  
Epoch 103 |  Time(s) 0.0135 | RobustPrompt-T Loss 0.3762  
Epoch 104 |  Time(s) 0.0136 | RobustPrompt-T Loss 0.3543  
Epoch 105 |  Time(s) 0.0139 | RobustPrompt-T Loss 0.3902  
Epoch 106 |  Time(s) 0.0139 | RobustPrompt-T Loss 0.3491  
Epoch 107 |  Time(s) 0.0135 | RobustPrompt-T Loss 0.3115  
Epoch 108 |  Time(s) 0.0138 | RobustPrompt-T Loss 0.3300  
Epoch 109 |  Time(s) 0.0138 | RobustPrompt-T Loss 0.3340  
Epoch 110 |  Time(s) 0.0139 | RobustPrompt-T Loss 0.3226  
Epoch 111 |  Time(s) 0.0136 | RobustPrompt-T Loss 0.2811  
Epoch 112 |  Time(s) 0.0139 | RobustPrompt-T Loss 0.2947  
Epoch 113 |  Time(s) 0.0137 | RobustPrompt-T Loss 0.3097  
Epoch 114 |  Time(s) 0.0140 | RobustPrompt-T Loss 0.2777  
Epoch 115 |  Time(s) 0.0131 | RobustPrompt-T Loss 0.2536  
Epoch 116 |  Time(s) 0.0133 | RobustPrompt-T Loss 0.2702  
Epoch 117 |  Time(s) 0.0139 | RobustPrompt-T Loss 0.2501  
Epoch 118 |  Time(s) 0.0138 | RobustPrompt-T Loss 0.2398  
Epoch 119 |  Time(s) 0.0138 | RobustPrompt-T Loss 0.2356  
Epoch 120 |  Time(s) 0.0137 | RobustPrompt-T Loss 0.2340  
Epoch 121 |  Time(s) 0.0137 | RobustPrompt-T Loss 0.2199  
Epoch 122 |  Time(s) 0.0138 | RobustPrompt-T Loss 0.2120  
Epoch 123 |  Time(s) 0.0139 | RobustPrompt-T Loss 0.2117  
Epoch 124 |  Time(s) 0.0140 | RobustPrompt-T Loss 0.2012  
Epoch 125 |  Time(s) 0.0141 | RobustPrompt-T Loss 0.1951  
Epoch 126 |  Time(s) 0.0136 | RobustPrompt-T Loss 0.1917  
Epoch 127 |  Time(s) 0.0139 | RobustPrompt-T Loss 0.1862  
Epoch 128 |  Time(s) 0.0137 | RobustPrompt-T Loss 0.1775  
Epoch 129 |  Time(s) 0.0139 | RobustPrompt-T Loss 0.1734  
Epoch 130 |  Time(s) 0.0139 | RobustPrompt-T Loss 0.1674  
Epoch 131 |  Time(s) 0.0136 | RobustPrompt-T Loss 0.1610  
Epoch 132 |  Time(s) 0.0138 | RobustPrompt-T Loss 0.1580  
Epoch 133 |  Time(s) 0.0137 | RobustPrompt-T Loss 0.1548  
Epoch 134 |  Time(s) 0.0135 | RobustPrompt-T Loss 0.1471  
Epoch 135 |  Time(s) 0.0137 | RobustPrompt-T Loss 0.1438  
Epoch 136 |  Time(s) 0.0138 | RobustPrompt-T Loss 0.1403  
Epoch 137 |  Time(s) 0.0135 | RobustPrompt-T Loss 0.1357  
Epoch 138 |  Time(s) 0.0137 | RobustPrompt-T Loss 0.1325  
Epoch 139 |  Time(s) 0.0137 | RobustPrompt-T Loss 0.1300  
Epoch 140 |  Time(s) 0.0135 | RobustPrompt-T Loss 0.1256  
Epoch 141 |  Time(s) 0.0138 | RobustPrompt-T Loss 0.1212  
Epoch 142 |  Time(s) 0.0138 | RobustPrompt-T Loss 0.1185  
Epoch 143 |  Time(s) 0.0139 | RobustPrompt-T Loss 0.1164  
Epoch 144 |  Time(s) 0.0135 | RobustPrompt-T Loss 0.1140  
Epoch 145 |  Time(s) 0.0138 | RobustPrompt-T Loss 0.1096  
Epoch 146 |  Time(s) 0.0137 | RobustPrompt-T Loss 0.1097  
Epoch 147 |  Time(s) 0.0132 | RobustPrompt-T Loss 0.1071  
Epoch 148 |  Time(s) 0.0133 | RobustPrompt-T Loss 0.1043  
Epoch 149 |  Time(s) 0.0135 | RobustPrompt-T Loss 0.1021  
Epoch 150 |  Time(s) 0.0134 | RobustPrompt-T Loss 0.1010  
Epoch 151 |  Time(s) 0.0138 | RobustPrompt-T Loss 0.0984  
Epoch 152 |  Time(s) 0.0135 | RobustPrompt-T Loss 0.0949  
Epoch 153 |  Time(s) 0.0137 | RobustPrompt-T Loss 0.0931  
Epoch 154 |  Time(s) 0.0140 | RobustPrompt-T Loss 0.0914  
Epoch 155 |  Time(s) 0.0137 | RobustPrompt-T Loss 0.0896  
Epoch 156 |  Time(s) 0.0136 | RobustPrompt-T Loss 0.0882  
Epoch 157 |  Time(s) 0.0137 | RobustPrompt-T Loss 0.0868  
Epoch 158 |  Time(s) 0.0137 | RobustPrompt-T Loss 0.0856  
Epoch 159 |  Time(s) 0.0140 | RobustPrompt-T Loss 0.0841  
Epoch 160 |  Time(s) 0.0136 | RobustPrompt-T Loss 0.0828  
Epoch 161 |  Time(s) 0.0137 | RobustPrompt-T Loss 0.0816  
Epoch 162 |  Time(s) 0.0138 | RobustPrompt-T Loss 0.0809  
Epoch 163 |  Time(s) 0.0136 | RobustPrompt-T Loss 0.0794  
Epoch 164 |  Time(s) 0.0136 | RobustPrompt-T Loss 0.0804  
Epoch 165 |  Time(s) 0.0138 | RobustPrompt-T Loss 0.0792  
Epoch 166 |  Time(s) 0.0139 | RobustPrompt-T Loss 0.0752  
Epoch 167 |  Time(s) 0.0140 | RobustPrompt-T Loss 0.0709  
Epoch 168 |  Time(s) 0.0136 | RobustPrompt-T Loss 0.0791  
Epoch 169 |  Time(s) 0.0137 | RobustPrompt-T Loss 0.0663  
Epoch 170 |  Time(s) 0.0138 | RobustPrompt-T Loss 0.0655  
Epoch 171 |  Time(s) 0.0132 | RobustPrompt-T Loss 0.0770  
Epoch 172 |  Time(s) 0.0140 | RobustPrompt-T Loss 0.0653  
Epoch 173 |  Time(s) 0.0138 | RobustPrompt-T Loss 0.0648  
Epoch 174 |  Time(s) 0.0140 | RobustPrompt-T Loss 0.0650  
Epoch 175 |  Time(s) 0.0137 | RobustPrompt-T Loss 0.0722  
Epoch 176 |  Time(s) 0.0136 | RobustPrompt-T Loss 0.0636  
Epoch 177 |  Time(s) 0.0138 | RobustPrompt-T Loss 0.0661  
Epoch 178 |  Time(s) 0.0135 | RobustPrompt-T Loss 0.0832  
Epoch 179 |  Time(s) 0.0135 | RobustPrompt-T Loss 0.0857  
Epoch 180 |  Time(s) 0.0142 | RobustPrompt-T Loss 0.0610  
Epoch 181 |  Time(s) 0.0134 | RobustPrompt-T Loss 0.0884  
Epoch 182 |  Time(s) 0.0139 | RobustPrompt-T Loss 0.0923  
Epoch 183 |  Time(s) 0.0138 | RobustPrompt-T Loss 0.0662  
Epoch 184 |  Time(s) 0.0139 | RobustPrompt-T Loss 0.0593  
Epoch 185 |  Time(s) 0.0135 | RobustPrompt-T Loss 0.0652  
Epoch 186 |  Time(s) 0.0138 | RobustPrompt-T Loss 0.0683  
Epoch 187 |  Time(s) 0.0138 | RobustPrompt-T Loss 0.0769  
Epoch 188 |  Time(s) 0.0135 | RobustPrompt-T Loss 0.0628  
Epoch 189 |  Time(s) 0.0137 | RobustPrompt-T Loss 0.0547  
Epoch 190 |  Time(s) 0.0137 | RobustPrompt-T Loss 0.0608  
Epoch 191 |  Time(s) 0.0136 | RobustPrompt-T Loss 0.0694  
Epoch 192 |  Time(s) 0.0137 | RobustPrompt-T Loss 0.0587  
Epoch 193 |  Time(s) 0.0137 | RobustPrompt-T Loss 0.0525  
Epoch 194 |  Time(s) 0.0135 | RobustPrompt-T Loss 0.0529  
Epoch 195 |  Time(s) 0.0138 | RobustPrompt-T Loss 0.0580  
Epoch 196 |  Time(s) 0.0137 | RobustPrompt-T Loss 0.0637  
Epoch 197 |  Time(s) 0.0135 | RobustPrompt-T Loss 0.0529  
Epoch 198 |  Time(s) 0.0137 | RobustPrompt-T Loss 0.0552  
Epoch 199 |  Time(s) 0.0138 | RobustPrompt-T Loss 0.0582  
Epoch 200 |  Time(s) 0.0136 | RobustPrompt-T Loss 0.0565  
Final True Accuracy: 0.0772 | Macro F1 Score: 0.0618
Edge Detection Detail | source=filter_module | active=0 | n_edges=6634 | n_pos=1507 | n_neg=5127 | pos_rate=0.2272 | pred_pos=6529 | pred_pos_rate=0.9842 | tp=1498 | fp=5031 | fn=9 | tn=96 | precision=0.2294 | recall=0.9940 | f1=0.3728 | auc=0.8397 | ap=0.5848 | best_f1=0.6626 | best_threshold=0.9565 | best_precision=0.6483 | best_recall=0.6775 | best_pred_pos_rate=0.2374 | precision_at_k_pos=0.6490 | recall_at_k_pos=0.6490 | all_positive_f1=0.3702 | current_f1_minus_all_positive_f1=0.0026 | hard_mask_all_positive_like=0 | mode=original
Edge Detection Detail | source=tau_tune | active=1 | n_edges=6634 | n_pos=1507 | n_neg=5127 | pos_rate=0.2272 | pred_pos=50 | pred_pos_rate=0.0075 | tp=31 | fp=19 | fn=1476 | tn=5108 | precision=0.6200 | recall=0.0206 | f1=0.0398 | auc=0.6611 | ap=0.3523 | best_f1=0.4289 | best_threshold=0.0508 | best_precision=0.3224 | best_recall=0.6403 | best_pred_pos_rate=0.4512 | precision_at_k_pos=0.3736 | recall_at_k_pos=0.3736 | all_positive_f1=0.3702 | current_f1_minus_all_positive_f1=-0.3304 | hard_mask_all_positive_like=0
Tip Detection | tip=sim_pt | active=1 | node_precision=0.3858 | node_recall=0.3511 | node_f1=0.3676 | edge_precision=0.2826 | edge_recall=0.9934 | edge_f1=0.4400 | edge_auc=0.6261 | node_tp=336 | node_fp=535 | node_fn=621 | edge_tp=1497 | edge_fp=3800 | edge_fn=10
Edge Detection Detail | source=sim_pt | active=1 | n_edges=6634 | n_pos=1507 | n_neg=5127 | pos_rate=0.2272 | pred_pos=5297 | pred_pos_rate=0.7985 | tp=1497 | fp=3800 | fn=10 | tn=1327 | precision=0.2826 | recall=0.9934 | f1=0.4400 | auc=0.6261 | ap=0.2822 | best_f1=nan | best_threshold=nan | best_precision=nan | best_recall=nan | best_pred_pos_rate=nan | precision_at_k_pos=nan | recall_at_k_pos=nan | all_positive_f1=0.3702 | current_f1_minus_all_positive_f1=0.0698 | hard_mask_all_positive_like=0
Tip Detection | tip=degree_pt | active=0 | node_precision=0.0000 | node_recall=0.0000 | node_f1=0.0000 | edge_precision=0.0000 | edge_recall=0.0000 | edge_f1=0.0000 | edge_auc=0.5000 | node_tp=0 | node_fp=0 | node_fn=957 | edge_tp=0 | edge_fp=0 | edge_fn=1507
Edge Detection Detail | source=degree_pt | active=0 | n_edges=6634 | n_pos=1507 | n_neg=5127 | pos_rate=0.2272 | pred_pos=0 | pred_pos_rate=0.0000 | tp=0 | fp=0 | fn=1507 | tn=5127 | precision=0.0000 | recall=0.0000 | f1=0.0000 | auc=0.5000 | ap=0.2272 | best_f1=nan | best_threshold=nan | best_precision=nan | best_recall=nan | best_pred_pos_rate=nan | precision_at_k_pos=nan | recall_at_k_pos=nan | all_positive_f1=0.3702 | current_f1_minus_all_positive_f1=-0.3702 | hard_mask_all_positive_like=0
Tip Detection | tip=out_detect_pt | active=1 | node_precision=0.3535 | node_recall=1.0000 | node_f1=0.5224 | edge_precision=0.2272 | edge_recall=1.0000 | edge_f1=0.3702 | edge_auc=0.5000 | node_tp=957 | node_fp=1750 | node_fn=0 | edge_tp=1507 | edge_fp=5127 | edge_fn=0
Edge Detection Detail | source=out_detect_pt | active=1 | n_edges=6634 | n_pos=1507 | n_neg=5127 | pos_rate=0.2272 | pred_pos=6531 | pred_pos_rate=0.9845 | tp=1499 | fp=5032 | fn=8 | tn=95 | precision=0.2295 | recall=0.9947 | f1=0.3730 | auc=0.8397 | ap=0.5848 | best_f1=0.6626 | best_threshold=0.9565 | best_precision=0.6483 | best_recall=0.6775 | best_pred_pos_rate=0.2374 | precision_at_k_pos=0.6490 | recall_at_k_pos=0.6490 | all_positive_f1=0.3702 | current_f1_minus_all_positive_f1=0.0028 | hard_mask_all_positive_like=0
best_loss [tensor(0.0565, device='cuda:0', grad_fn=<AddBackward0>)]
load LLC or attacked data with specified split
Successfully loaded the attack of dataname with few shot 5, split 1
Attack method : Meta_Self | Attack ptb : 0.25 | Dataset: Cora
======================
Number of graphs: 1
Number of features: 1433
Number of classes: 7

Data(x=[2708, 1433], edge_index=[2, 15976], y=[2708], train_mask=[2708], val_mask=[2708], test_mask=[2708])
===========================================================================================================
Number of nodes: 2708
Number of edges: 15976
Average node degree: 5.90
Has isolated nodes: False
Has self-loops: True
Is undirected: True
Pollution Diff | added_edges=1507 | deleted_edges=151 | clean_edges=5278 | attack_edges=6634
GCN(
  (conv_layers): ModuleList(
    (0): GCNConv(1433, 256)
    (1): GCNConv(256, 256)
  )
)
Successfully loaded pre-trained weights!
use RobustPrompt Tranductive
defense pt dict :  {'sim_pt': 0.3, 'degree_pt': -1, 'out_detect_pt': 0.5, 'other_pt': 'all'}
use_attention :  False
cosine_constraint :  True
pt_threshold :  0.5
filter_module :  OriginalFilter
temperature :  1.0
weight_mse 0.1
weight_kl :  0.3
weight_constraint :  0.2
run RobustPrompt-T
Epoch 001 |  Time(s) 0.0134 | RobustPrompt-T Loss 1.9513  
Epoch 002 |  Time(s) 0.0137 | RobustPrompt-T Loss 1.9231  
Epoch 003 |  Time(s) 0.0138 | RobustPrompt-T Loss 1.9274  
Epoch 004 |  Time(s) 0.0141 | RobustPrompt-T Loss 1.8902  
Epoch 005 |  Time(s) 0.0135 | RobustPrompt-T Loss 1.8864  
Epoch 006 |  Time(s) 0.0137 | RobustPrompt-T Loss 1.8878  
Epoch 007 |  Time(s) 0.0137 | RobustPrompt-T Loss 1.8416  
Epoch 008 |  Time(s) 0.0135 | RobustPrompt-T Loss 1.7898  
Epoch 009 |  Time(s) 0.0137 | RobustPrompt-T Loss 1.7823  
Epoch 010 |  Time(s) 0.0138 | RobustPrompt-T Loss 1.7317  
Epoch 011 |  Time(s) 0.0135 | RobustPrompt-T Loss 1.6763  
Epoch 012 |  Time(s) 0.0136 | RobustPrompt-T Loss 1.7046  
Epoch 013 |  Time(s) 0.0139 | RobustPrompt-T Loss 1.6343  
Epoch 014 |  Time(s) 0.0131 | RobustPrompt-T Loss 1.6259  
Epoch 015 |  Time(s) 0.0140 | RobustPrompt-T Loss 1.6078  
Epoch 016 |  Time(s) 0.0139 | RobustPrompt-T Loss 1.5785  
Epoch 017 |  Time(s) 0.0135 | RobustPrompt-T Loss 1.5525  
Epoch 018 |  Time(s) 0.0139 | RobustPrompt-T Loss 1.5562  
Epoch 019 |  Time(s) 0.0138 | RobustPrompt-T Loss 1.5234  
Epoch 020 |  Time(s) 0.0134 | RobustPrompt-T Loss 1.5132  
Epoch 021 |  Time(s) 0.0135 | RobustPrompt-T Loss 1.4964  
Epoch 022 |  Time(s) 0.0140 | RobustPrompt-T Loss 1.4834  
Epoch 023 |  Time(s) 0.0136 | RobustPrompt-T Loss 1.4871  
Epoch 024 |  Time(s) 0.0138 | RobustPrompt-T Loss 1.4762  
Epoch 025 |  Time(s) 0.0139 | RobustPrompt-T Loss 1.5257  
Epoch 026 |  Time(s) 0.0138 | RobustPrompt-T Loss 1.4437  
Epoch 027 |  Time(s) 0.0139 | RobustPrompt-T Loss 1.4545  
Epoch 028 |  Time(s) 0.0136 | RobustPrompt-T Loss 1.4362  
Epoch 029 |  Time(s) 0.0138 | RobustPrompt-T Loss 1.4184  
Epoch 030 |  Time(s) 0.0135 | RobustPrompt-T Loss 1.3920  
Epoch 031 |  Time(s) 0.0136 | RobustPrompt-T Loss 1.3939  
Epoch 032 |  Time(s) 0.0135 | RobustPrompt-T Loss 1.3736  
Epoch 033 |  Time(s) 0.0139 | RobustPrompt-T Loss 1.3096  
Epoch 034 |  Time(s) 0.0136 | RobustPrompt-T Loss 1.2931  
Epoch 035 |  Time(s) 0.0134 | RobustPrompt-T Loss 1.3077  
Epoch 036 |  Time(s) 0.0134 | RobustPrompt-T Loss 1.4001  
Epoch 037 |  Time(s) 0.0139 | RobustPrompt-T Loss 1.2048  
Epoch 038 |  Time(s) 0.0138 | RobustPrompt-T Loss 1.2304  
Epoch 039 |  Time(s) 0.0140 | RobustPrompt-T Loss 1.2205  
Epoch 040 |  Time(s) 0.0140 | RobustPrompt-T Loss 1.2132  
Epoch 041 |  Time(s) 0.0136 | RobustPrompt-T Loss 1.1503  
Epoch 042 |  Time(s) 0.0138 | RobustPrompt-T Loss 1.1644  
Epoch 043 |  Time(s) 0.0139 | RobustPrompt-T Loss 1.1065  
Epoch 044 |  Time(s) 0.0140 | RobustPrompt-T Loss 1.0908  
Epoch 045 |  Time(s) 0.0139 | RobustPrompt-T Loss 1.0873  
Epoch 046 |  Time(s) 0.0141 | RobustPrompt-T Loss 1.0418  
Epoch 047 |  Time(s) 0.0139 | RobustPrompt-T Loss 1.0252  
Epoch 048 |  Time(s) 0.0139 | RobustPrompt-T Loss 1.0799  
Epoch 049 |  Time(s) 0.0135 | RobustPrompt-T Loss 1.0172  
Epoch 050 |  Time(s) 0.0137 | RobustPrompt-T Loss 0.9946  
Epoch 051 |  Time(s) 0.0140 | RobustPrompt-T Loss 0.9703  
Epoch 052 |  Time(s) 0.0139 | RobustPrompt-T Loss 0.9480  
Epoch 053 |  Time(s) 0.0139 | RobustPrompt-T Loss 0.9553  
Epoch 054 |  Time(s) 0.0134 | RobustPrompt-T Loss 0.9489  
Epoch 055 |  Time(s) 0.0139 | RobustPrompt-T Loss 0.8946  
Epoch 056 |  Time(s) 0.0140 | RobustPrompt-T Loss 0.8958  
Epoch 057 |  Time(s) 0.0140 | RobustPrompt-T Loss 0.8706  
Epoch 058 |  Time(s) 0.0139 | RobustPrompt-T Loss 0.8422  
Epoch 059 |  Time(s) 0.0140 | RobustPrompt-T Loss 0.8474  
Epoch 060 |  Time(s) 0.0136 | RobustPrompt-T Loss 0.8425  
Epoch 061 |  Time(s) 0.0137 | RobustPrompt-T Loss 0.7904  
Epoch 062 |  Time(s) 0.0139 | RobustPrompt-T Loss 0.7774  
Epoch 063 |  Time(s) 0.0133 | RobustPrompt-T Loss 0.7615  
Epoch 064 |  Time(s) 0.0141 | RobustPrompt-T Loss 0.7581  
Epoch 065 |  Time(s) 0.0137 | RobustPrompt-T Loss 0.7574  
Epoch 066 |  Time(s) 0.0139 | RobustPrompt-T Loss 0.7668  
Epoch 067 |  Time(s) 0.0139 | RobustPrompt-T Loss 0.7323  
Epoch 068 |  Time(s) 0.0136 | RobustPrompt-T Loss 0.6828  
Epoch 069 |  Time(s) 0.0136 | RobustPrompt-T Loss 0.6411  
Epoch 070 |  Time(s) 0.0141 | RobustPrompt-T Loss 0.6254  
Epoch 071 |  Time(s) 0.0138 | RobustPrompt-T Loss 0.6399  
Epoch 072 |  Time(s) 0.0138 | RobustPrompt-T Loss 0.6758  
Epoch 073 |  Time(s) 0.0135 | RobustPrompt-T Loss 0.5737  
Epoch 074 |  Time(s) 0.0137 | RobustPrompt-T Loss 0.5842  
Epoch 075 |  Time(s) 0.0140 | RobustPrompt-T Loss 0.6710  
Epoch 076 |  Time(s) 0.0142 | RobustPrompt-T Loss 0.5431  
Epoch 077 |  Time(s) 0.0139 | RobustPrompt-T Loss 0.6401  
Epoch 078 |  Time(s) 0.0137 | RobustPrompt-T Loss 0.5190  
Epoch 079 |  Time(s) 0.0141 | RobustPrompt-T Loss 0.6549  
Epoch 080 |  Time(s) 0.0139 | RobustPrompt-T Loss 0.5223  
Epoch 081 |  Time(s) 0.0136 | RobustPrompt-T Loss 0.7176  
Epoch 082 |  Time(s) 0.0138 | RobustPrompt-T Loss 0.7651  
Epoch 083 |  Time(s) 0.0137 | RobustPrompt-T Loss 0.5091  
Epoch 084 |  Time(s) 0.0134 | RobustPrompt-T Loss 0.8046  
Epoch 085 |  Time(s) 0.0140 | RobustPrompt-T Loss 1.0129  
Epoch 086 |  Time(s) 0.0138 | RobustPrompt-T Loss 0.5775  
Epoch 087 |  Time(s) 0.0138 | RobustPrompt-T Loss 0.7346  
Epoch 088 |  Time(s) 0.0139 | RobustPrompt-T Loss 1.0198  
Epoch 089 |  Time(s) 0.0135 | RobustPrompt-T Loss 0.7508  
Epoch 090 |  Time(s) 0.0138 | RobustPrompt-T Loss 0.4788  
Epoch 091 |  Time(s) 0.0138 | RobustPrompt-T Loss 0.5841  
Epoch 092 |  Time(s) 0.0135 | RobustPrompt-T Loss 0.5367  
Epoch 093 |  Time(s) 0.0137 | RobustPrompt-T Loss 0.5860  
Epoch 094 |  Time(s) 0.0133 | RobustPrompt-T Loss 0.6050  
Epoch 095 |  Time(s) 0.0136 | RobustPrompt-T Loss 0.6132  
Epoch 096 |  Time(s) 0.0139 | RobustPrompt-T Loss 0.4674  
Epoch 097 |  Time(s) 0.0139 | RobustPrompt-T Loss 0.4652  
Epoch 098 |  Time(s) 0.0140 | RobustPrompt-T Loss 0.4598  
Epoch 099 |  Time(s) 0.0135 | RobustPrompt-T Loss 0.5741  
Epoch 100 |  Time(s) 0.0137 | RobustPrompt-T Loss 0.5079  
Epoch 101 |  Time(s) 0.0135 | RobustPrompt-T Loss 0.4936  
Epoch 102 |  Time(s) 0.0133 | RobustPrompt-T Loss 0.5387  
Epoch 103 |  Time(s) 0.0133 | RobustPrompt-T Loss 0.5226  
Epoch 104 |  Time(s) 0.0137 | RobustPrompt-T Loss 0.4216  
Epoch 105 |  Time(s) 0.0135 | RobustPrompt-T Loss 0.5001  
Epoch 106 |  Time(s) 0.0137 | RobustPrompt-T Loss 0.5368  
Epoch 107 |  Time(s) 0.0138 | RobustPrompt-T Loss 0.4455  
Epoch 108 |  Time(s) 0.0135 | RobustPrompt-T Loss 0.4778  
Epoch 109 |  Time(s) 0.0138 | RobustPrompt-T Loss 0.4531  
Epoch 110 |  Time(s) 0.0137 | RobustPrompt-T Loss 0.4630  
Epoch 111 |  Time(s) 0.0134 | RobustPrompt-T Loss 0.4357  
Epoch 112 |  Time(s) 0.0131 | RobustPrompt-T Loss 0.4566  
Epoch 113 |  Time(s) 0.0137 | RobustPrompt-T Loss 0.4221  
Epoch 114 |  Time(s) 0.0138 | RobustPrompt-T Loss 0.4384  
Epoch 115 |  Time(s) 0.0136 | RobustPrompt-T Loss 0.3485  
Epoch 116 |  Time(s) 0.0138 | RobustPrompt-T Loss 0.4332  
Epoch 117 |  Time(s) 0.0139 | RobustPrompt-T Loss 0.4083  
Epoch 118 |  Time(s) 0.0139 | RobustPrompt-T Loss 0.3307  
Epoch 119 |  Time(s) 0.0139 | RobustPrompt-T Loss 0.3456  
Epoch 120 |  Time(s) 0.0135 | RobustPrompt-T Loss 0.3568  
Epoch 121 |  Time(s) 0.0138 | RobustPrompt-T Loss 0.3741  
Epoch 122 |  Time(s) 0.0139 | RobustPrompt-T Loss 0.3482  
Epoch 123 |  Time(s) 0.0140 | RobustPrompt-T Loss 0.3151  
Epoch 124 |  Time(s) 0.0139 | RobustPrompt-T Loss 0.3139  
Epoch 125 |  Time(s) 0.0139 | RobustPrompt-T Loss 0.3082  
Epoch 126 |  Time(s) 0.0140 | RobustPrompt-T Loss 0.3209  
Epoch 127 |  Time(s) 0.0140 | RobustPrompt-T Loss 0.3110  
Epoch 128 |  Time(s) 0.0142 | RobustPrompt-T Loss 0.2889  
Epoch 129 |  Time(s) 0.0135 | RobustPrompt-T Loss 0.2725  
Epoch 130 |  Time(s) 0.0132 | RobustPrompt-T Loss 0.2835  
Epoch 131 |  Time(s) 0.0137 | RobustPrompt-T Loss 0.2918  
Epoch 132 |  Time(s) 0.0135 | RobustPrompt-T Loss 0.2804  
Epoch 133 |  Time(s) 0.0134 | RobustPrompt-T Loss 0.2464  
Epoch 134 |  Time(s) 0.0137 | RobustPrompt-T Loss 0.2582  
Epoch 135 |  Time(s) 0.0135 | RobustPrompt-T Loss 0.2464  
Epoch 136 |  Time(s) 0.0134 | RobustPrompt-T Loss 0.2732  
Epoch 137 |  Time(s) 0.0135 | RobustPrompt-T Loss 0.2396  
Epoch 138 |  Time(s) 0.0136 | RobustPrompt-T Loss 0.2257  
Epoch 139 |  Time(s) 0.0134 | RobustPrompt-T Loss 0.2302  
Epoch 140 |  Time(s) 0.0137 | RobustPrompt-T Loss 0.2498  
Epoch 141 |  Time(s) 0.0135 | RobustPrompt-T Loss 0.2386  
Epoch 142 |  Time(s) 0.0135 | RobustPrompt-T Loss 0.2267  
Epoch 143 |  Time(s) 0.0135 | RobustPrompt-T Loss 0.2207  
Epoch 144 |  Time(s) 0.0137 | RobustPrompt-T Loss 0.2126  
Epoch 145 |  Time(s) 0.0135 | RobustPrompt-T Loss 0.2272  
Epoch 146 |  Time(s) 0.0136 | RobustPrompt-T Loss 0.2011  
Epoch 147 |  Time(s) 0.0136 | RobustPrompt-T Loss 0.1965  
Epoch 148 |  Time(s) 0.0135 | RobustPrompt-T Loss 0.1976  
Epoch 149 |  Time(s) 0.0138 | RobustPrompt-T Loss 0.1919  
Epoch 150 |  Time(s) 0.0135 | RobustPrompt-T Loss 0.1893  
Epoch 151 |  Time(s) 0.0133 | RobustPrompt-T Loss 0.1875  
Epoch 152 |  Time(s) 0.0130 | RobustPrompt-T Loss 0.1847  
Epoch 153 |  Time(s) 0.0130 | RobustPrompt-T Loss 0.1812  
Epoch 154 |  Time(s) 0.0134 | RobustPrompt-T Loss 0.1770  
Epoch 155 |  Time(s) 0.0137 | RobustPrompt-T Loss 0.1694  
Epoch 156 |  Time(s) 0.0133 | RobustPrompt-T Loss 0.1800  
Epoch 157 |  Time(s) 0.0138 | RobustPrompt-T Loss 0.1651  
Epoch 158 |  Time(s) 0.0138 | RobustPrompt-T Loss 0.1602  
Epoch 159 |  Time(s) 0.0135 | RobustPrompt-T Loss 0.1595  
Epoch 160 |  Time(s) 0.0138 | RobustPrompt-T Loss 0.1514  
Epoch 161 |  Time(s) 0.0138 | RobustPrompt-T Loss 0.1478  
Epoch 162 |  Time(s) 0.0139 | RobustPrompt-T Loss 0.1472  
Epoch 163 |  Time(s) 0.0136 | RobustPrompt-T Loss 0.1427  
Epoch 164 |  Time(s) 0.0136 | RobustPrompt-T Loss 0.1441  
Epoch 165 |  Time(s) 0.0138 | RobustPrompt-T Loss 0.1362  
Epoch 166 |  Time(s) 0.0136 | RobustPrompt-T Loss 0.1412  
Epoch 167 |  Time(s) 0.0136 | RobustPrompt-T Loss 0.1421  
Epoch 168 |  Time(s) 0.0139 | RobustPrompt-T Loss 0.1312  
Epoch 169 |  Time(s) 0.0135 | RobustPrompt-T Loss 0.1384  
Epoch 170 |  Time(s) 0.0138 | RobustPrompt-T Loss 0.1228  
Epoch 171 |  Time(s) 0.0138 | RobustPrompt-T Loss 0.1274  
Epoch 172 |  Time(s) 0.0135 | RobustPrompt-T Loss 0.1310  
Epoch 173 |  Time(s) 0.0137 | RobustPrompt-T Loss 0.1222  
Epoch 174 |  Time(s) 0.0138 | RobustPrompt-T Loss 0.1257  
Epoch 175 |  Time(s) 0.0140 | RobustPrompt-T Loss 0.1174  
Epoch 176 |  Time(s) 0.0140 | RobustPrompt-T Loss 0.1156  
Epoch 177 |  Time(s) 0.0137 | RobustPrompt-T Loss 0.1142  
Epoch 178 |  Time(s) 0.0138 | RobustPrompt-T Loss 0.1120  
Epoch 179 |  Time(s) 0.0138 | RobustPrompt-T Loss 0.1123  
Epoch 180 |  Time(s) 0.0138 | RobustPrompt-T Loss 0.1071  
Epoch 181 |  Time(s) 0.0141 | RobustPrompt-T Loss 0.1053  
Epoch 182 |  Time(s) 0.0140 | RobustPrompt-T Loss 0.1036  
Epoch 183 |  Time(s) 0.0139 | RobustPrompt-T Loss 0.1020  
Epoch 184 |  Time(s) 0.0136 | RobustPrompt-T Loss 0.1006  
Epoch 185 |  Time(s) 0.0134 | RobustPrompt-T Loss 0.0974  
Epoch 186 |  Time(s) 0.0135 | RobustPrompt-T Loss 0.0957  
Epoch 187 |  Time(s) 0.0139 | RobustPrompt-T Loss 0.0939  
Epoch 188 |  Time(s) 0.0140 | RobustPrompt-T Loss 0.0932  
Epoch 189 |  Time(s) 0.0139 | RobustPrompt-T Loss 0.0921  
Epoch 190 |  Time(s) 0.0139 | RobustPrompt-T Loss 0.0907  
Epoch 191 |  Time(s) 0.0139 | RobustPrompt-T Loss 0.0893  
Epoch 192 |  Time(s) 0.0140 | RobustPrompt-T Loss 0.0882  
Epoch 193 |  Time(s) 0.0140 | RobustPrompt-T Loss 0.0865  
Epoch 194 |  Time(s) 0.0136 | RobustPrompt-T Loss 0.0864  
Epoch 195 |  Time(s) 0.0139 | RobustPrompt-T Loss 0.0853  
Epoch 196 |  Time(s) 0.0138 | RobustPrompt-T Loss 0.0839  
Epoch 197 |  Time(s) 0.0138 | RobustPrompt-T Loss 0.0829  
Epoch 198 |  Time(s) 0.0135 | RobustPrompt-T Loss 0.0818  
Epoch 199 |  Time(s) 0.0140 | RobustPrompt-T Loss 0.0817  
Epoch 200 |  Time(s) 0.0137 | RobustPrompt-T Loss 0.0806  
Final True Accuracy: 0.1113 | Macro F1 Score: 0.0756
Edge Detection Detail | source=filter_module | active=0 | n_edges=6634 | n_pos=1507 | n_neg=5127 | pos_rate=0.2272 | pred_pos=6529 | pred_pos_rate=0.9842 | tp=1498 | fp=5031 | fn=9 | tn=96 | precision=0.2294 | recall=0.9940 | f1=0.3728 | auc=0.8397 | ap=0.5848 | best_f1=0.6626 | best_threshold=0.9565 | best_precision=0.6483 | best_recall=0.6775 | best_pred_pos_rate=0.2374 | precision_at_k_pos=0.6490 | recall_at_k_pos=0.6490 | all_positive_f1=0.3702 | current_f1_minus_all_positive_f1=0.0026 | hard_mask_all_positive_like=0 | mode=original
Edge Detection Detail | source=tau_tune | active=1 | n_edges=6634 | n_pos=1507 | n_neg=5127 | pos_rate=0.2272 | pred_pos=83 | pred_pos_rate=0.0125 | tp=48 | fp=35 | fn=1459 | tn=5092 | precision=0.5783 | recall=0.0319 | f1=0.0604 | auc=0.6434 | ap=0.3450 | best_f1=0.4167 | best_threshold=0.0397 | best_precision=0.2967 | best_recall=0.6994 | best_pred_pos_rate=0.5354 | precision_at_k_pos=0.3437 | recall_at_k_pos=0.3437 | all_positive_f1=0.3702 | current_f1_minus_all_positive_f1=-0.3098 | hard_mask_all_positive_like=0
Tip Detection | tip=sim_pt | active=1 | node_precision=0.3858 | node_recall=0.3511 | node_f1=0.3676 | edge_precision=0.2826 | edge_recall=0.9934 | edge_f1=0.4400 | edge_auc=0.6261 | node_tp=336 | node_fp=535 | node_fn=621 | edge_tp=1497 | edge_fp=3800 | edge_fn=10
Edge Detection Detail | source=sim_pt | active=1 | n_edges=6634 | n_pos=1507 | n_neg=5127 | pos_rate=0.2272 | pred_pos=5297 | pred_pos_rate=0.7985 | tp=1497 | fp=3800 | fn=10 | tn=1327 | precision=0.2826 | recall=0.9934 | f1=0.4400 | auc=0.6261 | ap=0.2822 | best_f1=nan | best_threshold=nan | best_precision=nan | best_recall=nan | best_pred_pos_rate=nan | precision_at_k_pos=nan | recall_at_k_pos=nan | all_positive_f1=0.3702 | current_f1_minus_all_positive_f1=0.0698 | hard_mask_all_positive_like=0
Tip Detection | tip=degree_pt | active=0 | node_precision=0.0000 | node_recall=0.0000 | node_f1=0.0000 | edge_precision=0.0000 | edge_recall=0.0000 | edge_f1=0.0000 | edge_auc=0.5000 | node_tp=0 | node_fp=0 | node_fn=957 | edge_tp=0 | edge_fp=0 | edge_fn=1507
Edge Detection Detail | source=degree_pt | active=0 | n_edges=6634 | n_pos=1507 | n_neg=5127 | pos_rate=0.2272 | pred_pos=0 | pred_pos_rate=0.0000 | tp=0 | fp=0 | fn=1507 | tn=5127 | precision=0.0000 | recall=0.0000 | f1=0.0000 | auc=0.5000 | ap=0.2272 | best_f1=nan | best_threshold=nan | best_precision=nan | best_recall=nan | best_pred_pos_rate=nan | precision_at_k_pos=nan | recall_at_k_pos=nan | all_positive_f1=0.3702 | current_f1_minus_all_positive_f1=-0.3702 | hard_mask_all_positive_like=0
Tip Detection | tip=out_detect_pt | active=1 | node_precision=0.3535 | node_recall=1.0000 | node_f1=0.5224 | edge_precision=0.2272 | edge_recall=1.0000 | edge_f1=0.3702 | edge_auc=0.5000 | node_tp=957 | node_fp=1750 | node_fn=0 | edge_tp=1507 | edge_fp=5127 | edge_fn=0
Edge Detection Detail | source=out_detect_pt | active=1 | n_edges=6634 | n_pos=1507 | n_neg=5127 | pos_rate=0.2272 | pred_pos=6531 | pred_pos_rate=0.9845 | tp=1499 | fp=5032 | fn=8 | tn=95 | precision=0.2295 | recall=0.9947 | f1=0.3730 | auc=0.8397 | ap=0.5848 | best_f1=0.6626 | best_threshold=0.9565 | best_precision=0.6483 | best_recall=0.6775 | best_pred_pos_rate=0.2374 | precision_at_k_pos=0.6490 | recall_at_k_pos=0.6490 | all_positive_f1=0.3702 | current_f1_minus_all_positive_f1=0.0028 | hard_mask_all_positive_like=0
best_loss [tensor(0.0806, device='cuda:0', grad_fn=<AddBackward0>)]
{1: {1: 0.08347176015377045}, 2: {1: 0.09759136289358139}, 3: {1: 0.09883721172809601}, 4: {1: 0.07724252343177795}, 5: {1: 0.1112956777215004}}
{1: {1: 0.08347176015377045, 2: 0.09759136289358139, 3: 0.09883721172809601, 4: 0.07724252343177795, 5: 0.1112956777215004}}
########################################################################################
seed: 1 | split 1 : 0.08347176015377045
# Seed 1 Muti Split Final Acc: 0.0835±0.0000
seed: 2 | split 1 : 0.09759136289358139
# Seed 2 Muti Split Final Acc: 0.0976±0.0000
seed: 3 | split 1 : 0.09883721172809601
# Seed 3 Muti Split Final Acc: 0.0988±0.0000
seed: 4 | split 1 : 0.07724252343177795
# Seed 4 Muti Split Final Acc: 0.0772±0.0000
seed: 5 | split 1 : 0.1112956777215004
# Seed 5 Muti Split Final Acc: 0.1113±0.0000
########################################################################################
split: 1 | seed 1 : 0.08347176015377045
split: 1 | seed 2 : 0.09759136289358139
split: 1 | seed 3 : 0.09883721172809601
split: 1 | seed 4 : 0.07724252343177795
split: 1 | seed 5 : 0.1112956777215004
# Split 1 Muti Seed Acc without min value: 0.0978±0.0099
########################################################################################
