load LLC or attacked data with specified split
Successfully loaded the attack of dataname with few shot 5, split 1
Attack method : Meta_Self | Attack ptb : 0.05 | Dataset: Cora
======================
Number of graphs: 1
Number of features: 1433
Number of classes: 7

Data(x=[2708, 1433], edge_index=[2, 13850], y=[2708], train_mask=[2708], val_mask=[2708], test_mask=[2708])
===========================================================================================================
Number of nodes: 2708
Number of edges: 13850
Average node degree: 5.11
Has isolated nodes: False
Has self-loops: True
Is undirected: True
Pollution Diff | added_edges=312 | deleted_edges=19 | clean_edges=5278 | attack_edges=5571
GCN(
  (conv_layers): ModuleList(
    (0): GCNConv(1433, 256)
    (1): GCNConv(256, 256)
  )
)
Successfully loaded pre-trained weights!
use RobustPrompt Tranductive
defense pt dict :  {'sim_pt': 0.3, 'degree_pt': 1, 'out_detect_pt': 0.5, 'other_pt': 'all'}
use_attention :  False
cosine_constraint :  True
pt_threshold :  0.5
filter_module :  OriginalFilter
temperature :  1.0
weight_mse 0.1
weight_kl :  0.3
weight_constraint :  0.2
run RobustPrompt-T
Epoch 001 |  Time(s) 0.2532 | RobustPrompt-T Loss 1.9487  
Epoch 002 |  Time(s) 0.0136 | RobustPrompt-T Loss 1.9395  
Epoch 003 |  Time(s) 0.0128 | RobustPrompt-T Loss 1.9323  
Epoch 004 |  Time(s) 0.0127 | RobustPrompt-T Loss 1.9245  
Epoch 005 |  Time(s) 0.0122 | RobustPrompt-T Loss 1.9180  
Epoch 006 |  Time(s) 0.0131 | RobustPrompt-T Loss 1.9042  
Epoch 007 |  Time(s) 0.0130 | RobustPrompt-T Loss 1.8973  
Epoch 008 |  Time(s) 0.0130 | RobustPrompt-T Loss 1.8933  
Epoch 009 |  Time(s) 0.0130 | RobustPrompt-T Loss 1.8556  
Epoch 010 |  Time(s) 0.0129 | RobustPrompt-T Loss 1.8437  
Epoch 011 |  Time(s) 0.0130 | RobustPrompt-T Loss 1.8030  
Epoch 012 |  Time(s) 0.0129 | RobustPrompt-T Loss 1.8286  
Epoch 013 |  Time(s) 0.0129 | RobustPrompt-T Loss 1.8109  
Epoch 014 |  Time(s) 0.0129 | RobustPrompt-T Loss 1.8707  
Epoch 015 |  Time(s) 0.0130 | RobustPrompt-T Loss 1.7798  
Epoch 016 |  Time(s) 0.0131 | RobustPrompt-T Loss 1.7827  
Epoch 017 |  Time(s) 0.0129 | RobustPrompt-T Loss 1.7917  
Epoch 018 |  Time(s) 0.0131 | RobustPrompt-T Loss 1.8032  
Epoch 019 |  Time(s) 0.0128 | RobustPrompt-T Loss 1.7426  
Epoch 020 |  Time(s) 0.0131 | RobustPrompt-T Loss 1.7699  
Epoch 021 |  Time(s) 0.0131 | RobustPrompt-T Loss 1.7183  
Epoch 022 |  Time(s) 0.0128 | RobustPrompt-T Loss 1.8338  
Epoch 023 |  Time(s) 0.0129 | RobustPrompt-T Loss 1.7631  
Epoch 024 |  Time(s) 0.0130 | RobustPrompt-T Loss 1.7364  
Epoch 025 |  Time(s) 0.0130 | RobustPrompt-T Loss 1.7495  
Epoch 026 |  Time(s) 0.0129 | RobustPrompt-T Loss 1.7651  
Epoch 027 |  Time(s) 0.0131 | RobustPrompt-T Loss 1.7038  
Epoch 028 |  Time(s) 0.0129 | RobustPrompt-T Loss 1.6733  
Epoch 029 |  Time(s) 0.0129 | RobustPrompt-T Loss 1.7036  
Epoch 030 |  Time(s) 0.0130 | RobustPrompt-T Loss 1.6410  
Epoch 031 |  Time(s) 0.0132 | RobustPrompt-T Loss 1.6475  
Epoch 032 |  Time(s) 0.0130 | RobustPrompt-T Loss 1.6770  
Epoch 033 |  Time(s) 0.0130 | RobustPrompt-T Loss 1.6220  
Epoch 034 |  Time(s) 0.0130 | RobustPrompt-T Loss 1.5343  
Epoch 035 |  Time(s) 0.0130 | RobustPrompt-T Loss 1.5360  
Epoch 036 |  Time(s) 0.0130 | RobustPrompt-T Loss 1.5136  
Epoch 037 |  Time(s) 0.0127 | RobustPrompt-T Loss 1.4993  
Epoch 038 |  Time(s) 0.0128 | RobustPrompt-T Loss 1.4779  
Epoch 039 |  Time(s) 0.0130 | RobustPrompt-T Loss 1.4376  
Epoch 040 |  Time(s) 0.0127 | RobustPrompt-T Loss 1.4344  
Epoch 041 |  Time(s) 0.0127 | RobustPrompt-T Loss 1.4137  
Epoch 042 |  Time(s) 0.0132 | RobustPrompt-T Loss 1.3367  
Epoch 043 |  Time(s) 0.0129 | RobustPrompt-T Loss 1.3157  
Epoch 044 |  Time(s) 0.0129 | RobustPrompt-T Loss 1.3078  
Epoch 045 |  Time(s) 0.0132 | RobustPrompt-T Loss 1.2449  
Epoch 046 |  Time(s) 0.0131 | RobustPrompt-T Loss 1.2256  
Epoch 047 |  Time(s) 0.0130 | RobustPrompt-T Loss 1.2293  
Epoch 048 |  Time(s) 0.0130 | RobustPrompt-T Loss 1.2186  
Epoch 049 |  Time(s) 0.0130 | RobustPrompt-T Loss 1.2321  
Epoch 050 |  Time(s) 0.0126 | RobustPrompt-T Loss 1.1151  
Epoch 051 |  Time(s) 0.0128 | RobustPrompt-T Loss 1.0865  
Epoch 052 |  Time(s) 0.0130 | RobustPrompt-T Loss 1.1255  
Epoch 053 |  Time(s) 0.0133 | RobustPrompt-T Loss 1.1934  
Epoch 054 |  Time(s) 0.0130 | RobustPrompt-T Loss 1.0500  
Epoch 055 |  Time(s) 0.0130 | RobustPrompt-T Loss 1.3460  
Epoch 056 |  Time(s) 0.0125 | RobustPrompt-T Loss 1.1749  
Epoch 057 |  Time(s) 0.0129 | RobustPrompt-T Loss 1.1414  
Epoch 058 |  Time(s) 0.0131 | RobustPrompt-T Loss 1.1594  
Epoch 059 |  Time(s) 0.0131 | RobustPrompt-T Loss 0.9980  
Epoch 060 |  Time(s) 0.0130 | RobustPrompt-T Loss 1.1020  
Epoch 061 |  Time(s) 0.0131 | RobustPrompt-T Loss 1.0574  
Epoch 062 |  Time(s) 0.0131 | RobustPrompt-T Loss 0.9728  
Epoch 063 |  Time(s) 0.0129 | RobustPrompt-T Loss 0.9846  
Epoch 064 |  Time(s) 0.0132 | RobustPrompt-T Loss 0.9359  
Epoch 065 |  Time(s) 0.0133 | RobustPrompt-T Loss 0.9118  
Epoch 066 |  Time(s) 0.0130 | RobustPrompt-T Loss 0.9188  
Epoch 067 |  Time(s) 0.0130 | RobustPrompt-T Loss 0.8383  
Epoch 068 |  Time(s) 0.0130 | RobustPrompt-T Loss 0.8612  
Epoch 069 |  Time(s) 0.0131 | RobustPrompt-T Loss 0.8512  
Epoch 070 |  Time(s) 0.0130 | RobustPrompt-T Loss 0.7548  
Epoch 071 |  Time(s) 0.0131 | RobustPrompt-T Loss 0.7777  
Epoch 072 |  Time(s) 0.0134 | RobustPrompt-T Loss 0.7035  
Epoch 073 |  Time(s) 0.0126 | RobustPrompt-T Loss 0.7278  
Epoch 074 |  Time(s) 0.0132 | RobustPrompt-T Loss 0.7296  
Epoch 075 |  Time(s) 0.0133 | RobustPrompt-T Loss 0.6727  
Epoch 076 |  Time(s) 0.0129 | RobustPrompt-T Loss 0.6356  
Epoch 077 |  Time(s) 0.0130 | RobustPrompt-T Loss 0.6407  
Epoch 078 |  Time(s) 0.0127 | RobustPrompt-T Loss 0.5607  
Epoch 079 |  Time(s) 0.0128 | RobustPrompt-T Loss 0.5768  
Epoch 080 |  Time(s) 0.0126 | RobustPrompt-T Loss 0.5648  
Epoch 081 |  Time(s) 0.0131 | RobustPrompt-T Loss 0.5297  
Epoch 082 |  Time(s) 0.0130 | RobustPrompt-T Loss 0.5372  
Epoch 083 |  Time(s) 0.0128 | RobustPrompt-T Loss 0.5132  
Epoch 084 |  Time(s) 0.0132 | RobustPrompt-T Loss 0.4805  
Epoch 085 |  Time(s) 0.0129 | RobustPrompt-T Loss 0.4795  
Epoch 086 |  Time(s) 0.0132 | RobustPrompt-T Loss 0.4640  
Epoch 087 |  Time(s) 0.0131 | RobustPrompt-T Loss 0.4484  
Epoch 088 |  Time(s) 0.0129 | RobustPrompt-T Loss 0.4301  
Epoch 089 |  Time(s) 0.0131 | RobustPrompt-T Loss 0.4210  
Epoch 090 |  Time(s) 0.0132 | RobustPrompt-T Loss 0.4160  
Epoch 091 |  Time(s) 0.0129 | RobustPrompt-T Loss 0.4072  
Epoch 092 |  Time(s) 0.0129 | RobustPrompt-T Loss 0.3995  
Epoch 093 |  Time(s) 0.0128 | RobustPrompt-T Loss 0.3778  
Epoch 094 |  Time(s) 0.0131 | RobustPrompt-T Loss 0.3710  
Epoch 095 |  Time(s) 0.0130 | RobustPrompt-T Loss 0.3579  
Epoch 096 |  Time(s) 0.0133 | RobustPrompt-T Loss 0.3506  
Epoch 097 |  Time(s) 0.0130 | RobustPrompt-T Loss 0.3581  
Epoch 098 |  Time(s) 0.0130 | RobustPrompt-T Loss 0.3313  
Epoch 099 |  Time(s) 0.0131 | RobustPrompt-T Loss 0.3323  
Epoch 100 |  Time(s) 0.0129 | RobustPrompt-T Loss 0.3433  
Epoch 101 |  Time(s) 0.0132 | RobustPrompt-T Loss 0.4142  
Epoch 102 |  Time(s) 0.0130 | RobustPrompt-T Loss 0.3324  
Epoch 103 |  Time(s) 0.0130 | RobustPrompt-T Loss 0.3028  
Epoch 104 |  Time(s) 0.0129 | RobustPrompt-T Loss 0.3044  
Epoch 105 |  Time(s) 0.0127 | RobustPrompt-T Loss 0.3045  
Epoch 106 |  Time(s) 0.0128 | RobustPrompt-T Loss 0.3038  
Epoch 107 |  Time(s) 0.0128 | RobustPrompt-T Loss 0.2891  
Epoch 108 |  Time(s) 0.0129 | RobustPrompt-T Loss 0.2804  
Epoch 109 |  Time(s) 0.0131 | RobustPrompt-T Loss 0.2603  
Epoch 110 |  Time(s) 0.0133 | RobustPrompt-T Loss 0.2548  
Epoch 111 |  Time(s) 0.0131 | RobustPrompt-T Loss 0.2554  
Epoch 112 |  Time(s) 0.0131 | RobustPrompt-T Loss 0.2459  
Epoch 113 |  Time(s) 0.0129 | RobustPrompt-T Loss 0.2249  
Epoch 114 |  Time(s) 0.0132 | RobustPrompt-T Loss 0.2188  
Epoch 115 |  Time(s) 0.0132 | RobustPrompt-T Loss 0.2115  
Epoch 116 |  Time(s) 0.0131 | RobustPrompt-T Loss 0.2021  
Epoch 117 |  Time(s) 0.0130 | RobustPrompt-T Loss 0.1953  
Epoch 118 |  Time(s) 0.0134 | RobustPrompt-T Loss 0.1852  
Epoch 119 |  Time(s) 0.0132 | RobustPrompt-T Loss 0.1742  
Epoch 120 |  Time(s) 0.0132 | RobustPrompt-T Loss 0.1650  
Epoch 121 |  Time(s) 0.0130 | RobustPrompt-T Loss 0.1577  
Epoch 122 |  Time(s) 0.0134 | RobustPrompt-T Loss 0.1482  
Epoch 123 |  Time(s) 0.0132 | RobustPrompt-T Loss 0.1412  
Epoch 124 |  Time(s) 0.0130 | RobustPrompt-T Loss 0.1321  
Epoch 125 |  Time(s) 0.0131 | RobustPrompt-T Loss 0.1260  
Epoch 126 |  Time(s) 0.0130 | RobustPrompt-T Loss 0.1163  
Epoch 127 |  Time(s) 0.0128 | RobustPrompt-T Loss 0.1212  
Epoch 128 |  Time(s) 0.0130 | RobustPrompt-T Loss 0.1184  
Epoch 129 |  Time(s) 0.0131 | RobustPrompt-T Loss 0.1027  
Epoch 130 |  Time(s) 0.0129 | RobustPrompt-T Loss 0.1146  
Epoch 131 |  Time(s) 0.0129 | RobustPrompt-T Loss 0.1082  
Epoch 132 |  Time(s) 0.0130 | RobustPrompt-T Loss 0.0944  
Epoch 133 |  Time(s) 0.0135 | RobustPrompt-T Loss 0.0911  
Epoch 134 |  Time(s) 0.0132 | RobustPrompt-T Loss 0.0960  
Epoch 135 |  Time(s) 0.0130 | RobustPrompt-T Loss 0.0925  
Epoch 136 |  Time(s) 0.0132 | RobustPrompt-T Loss 0.0897  
Epoch 137 |  Time(s) 0.0134 | RobustPrompt-T Loss 0.0901  
Epoch 138 |  Time(s) 0.0132 | RobustPrompt-T Loss 0.1039  
Epoch 139 |  Time(s) 0.0131 | RobustPrompt-T Loss 0.0908  
Epoch 140 |  Time(s) 0.0130 | RobustPrompt-T Loss 0.0776  
Epoch 141 |  Time(s) 0.0128 | RobustPrompt-T Loss 0.1028  
Epoch 142 |  Time(s) 0.0129 | RobustPrompt-T Loss 0.0844  
Epoch 143 |  Time(s) 0.0130 | RobustPrompt-T Loss 0.0790  
Epoch 144 |  Time(s) 0.0128 | RobustPrompt-T Loss 0.0764  
Epoch 145 |  Time(s) 0.0129 | RobustPrompt-T Loss 0.0670  
Epoch 146 |  Time(s) 0.0130 | RobustPrompt-T Loss 0.0635  
Epoch 147 |  Time(s) 0.0130 | RobustPrompt-T Loss 0.0650  
Epoch 148 |  Time(s) 0.0130 | RobustPrompt-T Loss 0.0649  
Epoch 149 |  Time(s) 0.0130 | RobustPrompt-T Loss 0.0616  
Epoch 150 |  Time(s) 0.0129 | RobustPrompt-T Loss 0.0643  
Epoch 151 |  Time(s) 0.0129 | RobustPrompt-T Loss 0.0632  
Epoch 152 |  Time(s) 0.0130 | RobustPrompt-T Loss 0.0642  
Epoch 153 |  Time(s) 0.0131 | RobustPrompt-T Loss 0.0644  
Epoch 154 |  Time(s) 0.0133 | RobustPrompt-T Loss 0.0598  
Epoch 155 |  Time(s) 0.0131 | RobustPrompt-T Loss 0.0619  
Epoch 156 |  Time(s) 0.0130 | RobustPrompt-T Loss 0.0612  
Epoch 157 |  Time(s) 0.0130 | RobustPrompt-T Loss 0.0602  
Epoch 158 |  Time(s) 0.0134 | RobustPrompt-T Loss 0.0610  
Epoch 159 |  Time(s) 0.0128 | RobustPrompt-T Loss 0.0592  
Epoch 160 |  Time(s) 0.0130 | RobustPrompt-T Loss 0.0590  
Epoch 161 |  Time(s) 0.0130 | RobustPrompt-T Loss 0.0605  
Epoch 162 |  Time(s) 0.0135 | RobustPrompt-T Loss 0.0574  
Epoch 163 |  Time(s) 0.0132 | RobustPrompt-T Loss 0.0577  
Epoch 164 |  Time(s) 0.0130 | RobustPrompt-T Loss 0.0587  
Epoch 165 |  Time(s) 0.0131 | RobustPrompt-T Loss 0.0561  
Epoch 166 |  Time(s) 0.0134 | RobustPrompt-T Loss 0.0562  
Epoch 167 |  Time(s) 0.0132 | RobustPrompt-T Loss 0.0551  
Epoch 168 |  Time(s) 0.0131 | RobustPrompt-T Loss 0.0546  
Epoch 169 |  Time(s) 0.0128 | RobustPrompt-T Loss 0.0547  
Epoch 170 |  Time(s) 0.0130 | RobustPrompt-T Loss 0.0536  
Epoch 171 |  Time(s) 0.0130 | RobustPrompt-T Loss 0.0534  
Epoch 172 |  Time(s) 0.0130 | RobustPrompt-T Loss 0.0524  
Epoch 173 |  Time(s) 0.0130 | RobustPrompt-T Loss 0.0526  
Epoch 174 |  Time(s) 0.0129 | RobustPrompt-T Loss 0.0522  
Epoch 175 |  Time(s) 0.0132 | RobustPrompt-T Loss 0.0527  
Epoch 176 |  Time(s) 0.0132 | RobustPrompt-T Loss 0.0517  
Epoch 177 |  Time(s) 0.0131 | RobustPrompt-T Loss 0.0547  
Epoch 178 |  Time(s) 0.0129 | RobustPrompt-T Loss 0.0515  
Epoch 179 |  Time(s) 0.0131 | RobustPrompt-T Loss 0.0515  
Epoch 180 |  Time(s) 0.0129 | RobustPrompt-T Loss 0.0495  
Epoch 181 |  Time(s) 0.0131 | RobustPrompt-T Loss 0.0536  
Epoch 182 |  Time(s) 0.0130 | RobustPrompt-T Loss 0.0502  
Epoch 183 |  Time(s) 0.0131 | RobustPrompt-T Loss 0.0501  
Epoch 184 |  Time(s) 0.0129 | RobustPrompt-T Loss 0.0487  
Epoch 185 |  Time(s) 0.0132 | RobustPrompt-T Loss 0.0498  
Epoch 186 |  Time(s) 0.0131 | RobustPrompt-T Loss 0.0494  
Epoch 187 |  Time(s) 0.0130 | RobustPrompt-T Loss 0.0482  
Epoch 188 |  Time(s) 0.0129 | RobustPrompt-T Loss 0.0479  
Epoch 189 |  Time(s) 0.0132 | RobustPrompt-T Loss 0.0471  
Epoch 190 |  Time(s) 0.0132 | RobustPrompt-T Loss 0.0481  
Epoch 191 |  Time(s) 0.0128 | RobustPrompt-T Loss 0.0498  
Epoch 192 |  Time(s) 0.0130 | RobustPrompt-T Loss 0.0467  
Epoch 193 |  Time(s) 0.0129 | RobustPrompt-T Loss 0.0470  
Epoch 194 |  Time(s) 0.0130 | RobustPrompt-T Loss 0.0473  
Epoch 195 |  Time(s) 0.0133 | RobustPrompt-T Loss 0.0470  
Epoch 196 |  Time(s) 0.0125 | RobustPrompt-T Loss 0.0473  
Epoch 197 |  Time(s) 0.0125 | RobustPrompt-T Loss 0.0482  
Epoch 198 |  Time(s) 0.0122 | RobustPrompt-T Loss 0.0472  
Epoch 199 |  Time(s) 0.0129 | RobustPrompt-T Loss 0.0470  
Epoch 200 |  Time(s) 0.0129 | RobustPrompt-T Loss 0.0505  
Final True Accuracy: 0.2288 | Macro F1 Score: 0.2464
Edge Detection Detail | source=filter_module | active=0 | n_edges=5571 | n_pos=312 | n_neg=5259 | pos_rate=0.0560 | pred_pos=5474 | pred_pos_rate=0.9826 | tp=312 | fp=5162 | fn=0 | tn=97 | precision=0.0570 | recall=1.0000 | f1=0.1078 | auc=0.8612 | ap=0.2613 | best_f1=0.4279 | best_threshold=1.0000 | best_precision=0.2969 | best_recall=0.7660 | best_pred_pos_rate=0.1445 | precision_at_k_pos=0.3750 | recall_at_k_pos=0.3750 | all_positive_f1=0.1061 | current_f1_minus_all_positive_f1=0.0018 | hard_mask_all_positive_like=0 | mode=original
Edge Detection Detail | source=tau_tune | active=1 | n_edges=5571 | n_pos=312 | n_neg=5259 | pos_rate=0.0560 | pred_pos=37 | pred_pos_rate=0.0066 | tp=17 | fp=20 | fn=295 | tn=5239 | precision=0.4595 | recall=0.0545 | f1=0.0974 | auc=0.7433 | ap=0.2026 | best_f1=0.2427 | best_threshold=0.1734 | best_precision=0.2004 | best_recall=0.3077 | best_pred_pos_rate=0.0860 | precision_at_k_pos=0.2276 | recall_at_k_pos=0.2276 | all_positive_f1=0.1061 | current_f1_minus_all_positive_f1=-0.0086 | hard_mask_all_positive_like=0
Tip Detection | tip=sim_pt | active=1 | node_precision=0.1319 | node_recall=0.3761 | node_f1=0.1953 | edge_precision=0.0772 | edge_recall=0.9968 | edge_f1=0.1433 | edge_auc=0.6450 | node_tp=88 | node_fp=579 | node_fn=146 | edge_tp=311 | edge_fp=3717 | edge_fn=1
Edge Detection Detail | source=sim_pt | active=1 | n_edges=5571 | n_pos=312 | n_neg=5259 | pos_rate=0.0560 | pred_pos=4028 | pred_pos_rate=0.7230 | tp=311 | fp=3717 | fn=1 | tn=1542 | precision=0.0772 | recall=0.9968 | f1=0.1433 | auc=0.6450 | ap=0.0771 | best_f1=nan | best_threshold=nan | best_precision=nan | best_recall=nan | best_pred_pos_rate=nan | precision_at_k_pos=nan | recall_at_k_pos=nan | all_positive_f1=0.1061 | current_f1_minus_all_positive_f1=0.0372 | hard_mask_all_positive_like=0
Tip Detection | tip=degree_pt | active=1 | node_precision=0.0000 | node_recall=0.0000 | node_f1=0.0000 | edge_precision=0.0000 | edge_recall=0.0000 | edge_f1=0.0000 | edge_auc=0.5000 | node_tp=0 | node_fp=0 | node_fn=234 | edge_tp=0 | edge_fp=0 | edge_fn=312
Edge Detection Detail | source=degree_pt | active=1 | n_edges=5571 | n_pos=312 | n_neg=5259 | pos_rate=0.0560 | pred_pos=0 | pred_pos_rate=0.0000 | tp=0 | fp=0 | fn=312 | tn=5259 | precision=0.0000 | recall=0.0000 | f1=0.0000 | auc=0.5000 | ap=0.0560 | best_f1=nan | best_threshold=nan | best_precision=nan | best_recall=nan | best_pred_pos_rate=nan | precision_at_k_pos=nan | recall_at_k_pos=nan | all_positive_f1=0.1061 | current_f1_minus_all_positive_f1=-0.1061 | hard_mask_all_positive_like=0
Tip Detection | tip=out_detect_pt | active=1 | node_precision=0.0868 | node_recall=1.0000 | node_f1=0.1597 | edge_precision=0.0560 | edge_recall=1.0000 | edge_f1=0.1061 | edge_auc=0.5001 | node_tp=234 | node_fp=2462 | node_fn=0 | edge_tp=312 | edge_fp=5258 | edge_fn=0
Edge Detection Detail | source=out_detect_pt | active=1 | n_edges=5571 | n_pos=312 | n_neg=5259 | pos_rate=0.0560 | pred_pos=5475 | pred_pos_rate=0.9828 | tp=312 | fp=5163 | fn=0 | tn=96 | precision=0.0570 | recall=1.0000 | f1=0.1078 | auc=0.8612 | ap=0.2613 | best_f1=0.4279 | best_threshold=1.0000 | best_precision=0.2969 | best_recall=0.7660 | best_pred_pos_rate=0.1445 | precision_at_k_pos=0.3750 | recall_at_k_pos=0.3750 | all_positive_f1=0.1061 | current_f1_minus_all_positive_f1=0.0018 | hard_mask_all_positive_like=0
best_loss [tensor(0.0505, device='cuda:0', grad_fn=<AddBackward0>)]
load LLC or attacked data with specified split
Successfully loaded the attack of dataname with few shot 5, split 1
Attack method : Meta_Self | Attack ptb : 0.05 | Dataset: Cora
======================
Number of graphs: 1
Number of features: 1433
Number of classes: 7

Data(x=[2708, 1433], edge_index=[2, 13850], y=[2708], train_mask=[2708], val_mask=[2708], test_mask=[2708])
===========================================================================================================
Number of nodes: 2708
Number of edges: 13850
Average node degree: 5.11
Has isolated nodes: False
Has self-loops: True
Is undirected: True
Pollution Diff | added_edges=312 | deleted_edges=19 | clean_edges=5278 | attack_edges=5571
GCN(
  (conv_layers): ModuleList(
    (0): GCNConv(1433, 256)
    (1): GCNConv(256, 256)
  )
)
Successfully loaded pre-trained weights!
use RobustPrompt Tranductive
defense pt dict :  {'sim_pt': 0.3, 'degree_pt': 1, 'out_detect_pt': 0.5, 'other_pt': 'all'}
use_attention :  False
cosine_constraint :  True
pt_threshold :  0.5
filter_module :  OriginalFilter
temperature :  1.0
weight_mse 0.1
weight_kl :  0.3
weight_constraint :  0.2
run RobustPrompt-T
Epoch 001 |  Time(s) 0.0130 | RobustPrompt-T Loss 1.9482  
Epoch 002 |  Time(s) 0.0129 | RobustPrompt-T Loss 1.9381  
Epoch 003 |  Time(s) 0.0129 | RobustPrompt-T Loss 1.9270  
Epoch 004 |  Time(s) 0.0133 | RobustPrompt-T Loss 1.9196  
Epoch 005 |  Time(s) 0.0131 | RobustPrompt-T Loss 1.9253  
Epoch 006 |  Time(s) 0.0130 | RobustPrompt-T Loss 1.9124  
Epoch 007 |  Time(s) 0.0129 | RobustPrompt-T Loss 1.9034  
Epoch 008 |  Time(s) 0.0136 | RobustPrompt-T Loss 1.8873  
Epoch 009 |  Time(s) 0.0134 | RobustPrompt-T Loss 1.8764  
Epoch 010 |  Time(s) 0.0129 | RobustPrompt-T Loss 1.8614  
Epoch 011 |  Time(s) 0.0132 | RobustPrompt-T Loss 1.8415  
Epoch 012 |  Time(s) 0.0127 | RobustPrompt-T Loss 1.8269  
Epoch 013 |  Time(s) 0.0129 | RobustPrompt-T Loss 1.8007  
Epoch 014 |  Time(s) 0.0129 | RobustPrompt-T Loss 1.8449  
Epoch 015 |  Time(s) 0.0127 | RobustPrompt-T Loss 1.7933  
Epoch 016 |  Time(s) 0.0128 | RobustPrompt-T Loss 1.8172  
Epoch 017 |  Time(s) 0.0127 | RobustPrompt-T Loss 1.8279  
Epoch 018 |  Time(s) 0.0134 | RobustPrompt-T Loss 1.8295  
Epoch 019 |  Time(s) 0.0131 | RobustPrompt-T Loss 1.7614  
Epoch 020 |  Time(s) 0.0131 | RobustPrompt-T Loss 1.7668  
Epoch 021 |  Time(s) 0.0131 | RobustPrompt-T Loss 1.7684  
Epoch 022 |  Time(s) 0.0129 | RobustPrompt-T Loss 1.7147  
Epoch 023 |  Time(s) 0.0125 | RobustPrompt-T Loss 1.7551  
Epoch 024 |  Time(s) 0.0127 | RobustPrompt-T Loss 1.7706  
Epoch 025 |  Time(s) 0.0126 | RobustPrompt-T Loss 1.7260  
Epoch 026 |  Time(s) 0.0132 | RobustPrompt-T Loss 1.6840  
Epoch 027 |  Time(s) 0.0130 | RobustPrompt-T Loss 1.7079  
Epoch 028 |  Time(s) 0.0129 | RobustPrompt-T Loss 1.6995  
Epoch 029 |  Time(s) 0.0137 | RobustPrompt-T Loss 1.6823  
Epoch 030 |  Time(s) 0.0131 | RobustPrompt-T Loss 1.6462  
Epoch 031 |  Time(s) 0.0129 | RobustPrompt-T Loss 1.6302  
Epoch 032 |  Time(s) 0.0137 | RobustPrompt-T Loss 1.6232  
Epoch 033 |  Time(s) 0.0136 | RobustPrompt-T Loss 1.5749  
Epoch 034 |  Time(s) 0.0135 | RobustPrompt-T Loss 1.6033  
Epoch 035 |  Time(s) 0.0132 | RobustPrompt-T Loss 1.5211  
Epoch 036 |  Time(s) 0.0131 | RobustPrompt-T Loss 1.4934  
Epoch 037 |  Time(s) 0.0133 | RobustPrompt-T Loss 1.4874  
Epoch 038 |  Time(s) 0.0131 | RobustPrompt-T Loss 1.4303  
Epoch 039 |  Time(s) 0.0134 | RobustPrompt-T Loss 1.3972  
Epoch 040 |  Time(s) 0.0125 | RobustPrompt-T Loss 1.3856  
Epoch 041 |  Time(s) 0.0134 | RobustPrompt-T Loss 1.3633  
Epoch 042 |  Time(s) 0.0130 | RobustPrompt-T Loss 1.3317  
Epoch 043 |  Time(s) 0.0133 | RobustPrompt-T Loss 1.2762  
Epoch 044 |  Time(s) 0.0135 | RobustPrompt-T Loss 1.2821  
Epoch 045 |  Time(s) 0.0123 | RobustPrompt-T Loss 1.2689  
Epoch 046 |  Time(s) 0.0124 | RobustPrompt-T Loss 1.3302  
Epoch 047 |  Time(s) 0.0126 | RobustPrompt-T Loss 1.2115  
Epoch 048 |  Time(s) 0.0132 | RobustPrompt-T Loss 1.1694  
Epoch 049 |  Time(s) 0.0131 | RobustPrompt-T Loss 1.1255  
Epoch 050 |  Time(s) 0.0129 | RobustPrompt-T Loss 1.1330  
Epoch 051 |  Time(s) 0.0128 | RobustPrompt-T Loss 1.1865  
Epoch 052 |  Time(s) 0.0131 | RobustPrompt-T Loss 1.1157  
Epoch 053 |  Time(s) 0.0131 | RobustPrompt-T Loss 1.0697  
Epoch 054 |  Time(s) 0.0130 | RobustPrompt-T Loss 1.0451  
Epoch 055 |  Time(s) 0.0130 | RobustPrompt-T Loss 1.0709  
Epoch 056 |  Time(s) 0.0129 | RobustPrompt-T Loss 0.9704  
Epoch 057 |  Time(s) 0.0129 | RobustPrompt-T Loss 1.0605  
Epoch 058 |  Time(s) 0.0131 | RobustPrompt-T Loss 1.0676  
Epoch 059 |  Time(s) 0.0130 | RobustPrompt-T Loss 1.0160  
Epoch 060 |  Time(s) 0.0141 | RobustPrompt-T Loss 0.9122  
Epoch 061 |  Time(s) 0.0137 | RobustPrompt-T Loss 1.0323  
Epoch 062 |  Time(s) 0.0133 | RobustPrompt-T Loss 0.8882  
Epoch 063 |  Time(s) 0.0131 | RobustPrompt-T Loss 0.9141  
Epoch 064 |  Time(s) 0.0132 | RobustPrompt-T Loss 0.8655  
Epoch 065 |  Time(s) 0.0133 | RobustPrompt-T Loss 0.8922  
Epoch 066 |  Time(s) 0.0133 | RobustPrompt-T Loss 0.8283  
Epoch 067 |  Time(s) 0.0132 | RobustPrompt-T Loss 0.8522  
Epoch 068 |  Time(s) 0.0132 | RobustPrompt-T Loss 0.8080  
Epoch 069 |  Time(s) 0.0134 | RobustPrompt-T Loss 0.8047  
Epoch 070 |  Time(s) 0.0131 | RobustPrompt-T Loss 0.7620  
Epoch 071 |  Time(s) 0.0131 | RobustPrompt-T Loss 0.7383  
Epoch 072 |  Time(s) 0.0134 | RobustPrompt-T Loss 0.7124  
Epoch 073 |  Time(s) 0.0135 | RobustPrompt-T Loss 0.7007  
Epoch 074 |  Time(s) 0.0133 | RobustPrompt-T Loss 0.6614  
Epoch 075 |  Time(s) 0.0134 | RobustPrompt-T Loss 0.6822  
Epoch 076 |  Time(s) 0.0133 | RobustPrompt-T Loss 0.6016  
Epoch 077 |  Time(s) 0.0133 | RobustPrompt-T Loss 0.6276  
Epoch 078 |  Time(s) 0.0134 | RobustPrompt-T Loss 0.6239  
Epoch 079 |  Time(s) 0.0134 | RobustPrompt-T Loss 0.5654  
Epoch 080 |  Time(s) 0.0133 | RobustPrompt-T Loss 0.5467  
Epoch 081 |  Time(s) 0.0132 | RobustPrompt-T Loss 0.5614  
Epoch 082 |  Time(s) 0.0134 | RobustPrompt-T Loss 0.5012  
Epoch 083 |  Time(s) 0.0132 | RobustPrompt-T Loss 0.4892  
Epoch 084 |  Time(s) 0.0132 | RobustPrompt-T Loss 0.4899  
Epoch 085 |  Time(s) 0.0135 | RobustPrompt-T Loss 0.4604  
Epoch 086 |  Time(s) 0.0134 | RobustPrompt-T Loss 0.4418  
Epoch 087 |  Time(s) 0.0133 | RobustPrompt-T Loss 0.4253  
Epoch 088 |  Time(s) 0.0133 | RobustPrompt-T Loss 0.4249  
Epoch 089 |  Time(s) 0.0135 | RobustPrompt-T Loss 0.4008  
Epoch 090 |  Time(s) 0.0133 | RobustPrompt-T Loss 0.3910  
Epoch 091 |  Time(s) 0.0133 | RobustPrompt-T Loss 0.3585  
Epoch 092 |  Time(s) 0.0133 | RobustPrompt-T Loss 0.3554  
Epoch 093 |  Time(s) 0.0133 | RobustPrompt-T Loss 0.3803  
Epoch 094 |  Time(s) 0.0134 | RobustPrompt-T Loss 0.3393  
Epoch 095 |  Time(s) 0.0134 | RobustPrompt-T Loss 0.3339  
Epoch 096 |  Time(s) 0.0133 | RobustPrompt-T Loss 0.3068  
Epoch 097 |  Time(s) 0.0135 | RobustPrompt-T Loss 0.2935  
Epoch 098 |  Time(s) 0.0134 | RobustPrompt-T Loss 0.3151  
Epoch 099 |  Time(s) 0.0133 | RobustPrompt-T Loss 0.2746  
Epoch 100 |  Time(s) 0.0133 | RobustPrompt-T Loss 0.2632  
Epoch 101 |  Time(s) 0.0132 | RobustPrompt-T Loss 0.2680  
Epoch 102 |  Time(s) 0.0133 | RobustPrompt-T Loss 0.2521  
Epoch 103 |  Time(s) 0.0135 | RobustPrompt-T Loss 0.2484  
Epoch 104 |  Time(s) 0.0134 | RobustPrompt-T Loss 0.2488  
Epoch 105 |  Time(s) 0.0134 | RobustPrompt-T Loss 0.2248  
Epoch 106 |  Time(s) 0.0134 | RobustPrompt-T Loss 0.2178  
Epoch 107 |  Time(s) 0.0132 | RobustPrompt-T Loss 0.2511  
Epoch 108 |  Time(s) 0.0134 | RobustPrompt-T Loss 0.2123  
Epoch 109 |  Time(s) 0.0133 | RobustPrompt-T Loss 0.2028  
Epoch 110 |  Time(s) 0.0132 | RobustPrompt-T Loss 0.2208  
Epoch 111 |  Time(s) 0.0131 | RobustPrompt-T Loss 0.2056  
Epoch 112 |  Time(s) 0.0132 | RobustPrompt-T Loss 0.2504  
Epoch 113 |  Time(s) 0.0134 | RobustPrompt-T Loss 0.2043  
Epoch 114 |  Time(s) 0.0134 | RobustPrompt-T Loss 0.2187  
Epoch 115 |  Time(s) 0.0134 | RobustPrompt-T Loss 0.2443  
Epoch 116 |  Time(s) 0.0134 | RobustPrompt-T Loss 0.1545  
Epoch 117 |  Time(s) 0.0133 | RobustPrompt-T Loss 0.4178  
Epoch 118 |  Time(s) 0.0134 | RobustPrompt-T Loss 0.1568  
Epoch 119 |  Time(s) 0.0131 | RobustPrompt-T Loss 0.1578  
Epoch 120 |  Time(s) 0.0134 | RobustPrompt-T Loss 0.1454  
Epoch 121 |  Time(s) 0.0134 | RobustPrompt-T Loss 0.1590  
Epoch 122 |  Time(s) 0.0133 | RobustPrompt-T Loss 0.1366  
Epoch 123 |  Time(s) 0.0132 | RobustPrompt-T Loss 0.1372  
Epoch 124 |  Time(s) 0.0134 | RobustPrompt-T Loss 0.1455  
Epoch 125 |  Time(s) 0.0131 | RobustPrompt-T Loss 0.1212  
Epoch 126 |  Time(s) 0.0135 | RobustPrompt-T Loss 0.1198  
Epoch 127 |  Time(s) 0.0132 | RobustPrompt-T Loss 0.1063  
Epoch 128 |  Time(s) 0.0133 | RobustPrompt-T Loss 0.1116  
Epoch 129 |  Time(s) 0.0132 | RobustPrompt-T Loss 0.1115  
Epoch 130 |  Time(s) 0.0133 | RobustPrompt-T Loss 0.1039  
Epoch 131 |  Time(s) 0.0133 | RobustPrompt-T Loss 0.1106  
Epoch 132 |  Time(s) 0.0132 | RobustPrompt-T Loss 0.1122  
Epoch 133 |  Time(s) 0.0133 | RobustPrompt-T Loss 0.0909  
Epoch 134 |  Time(s) 0.0132 | RobustPrompt-T Loss 0.1065  
Epoch 135 |  Time(s) 0.0133 | RobustPrompt-T Loss 0.1284  
Epoch 136 |  Time(s) 0.0132 | RobustPrompt-T Loss 0.0830  
Epoch 137 |  Time(s) 0.0132 | RobustPrompt-T Loss 0.0900  
Epoch 138 |  Time(s) 0.0132 | RobustPrompt-T Loss 0.1025  
Epoch 139 |  Time(s) 0.0133 | RobustPrompt-T Loss 0.0823  
Epoch 140 |  Time(s) 0.0133 | RobustPrompt-T Loss 0.0848  
Epoch 141 |  Time(s) 0.0133 | RobustPrompt-T Loss 0.0774  
Epoch 142 |  Time(s) 0.0132 | RobustPrompt-T Loss 0.0855  
Epoch 143 |  Time(s) 0.0132 | RobustPrompt-T Loss 0.0693  
Epoch 144 |  Time(s) 0.0132 | RobustPrompt-T Loss 0.1033  
Epoch 145 |  Time(s) 0.0133 | RobustPrompt-T Loss 0.4608  
Epoch 146 |  Time(s) 0.0132 | RobustPrompt-T Loss 0.3077  
Epoch 147 |  Time(s) 0.0131 | RobustPrompt-T Loss 0.2939  
Epoch 148 |  Time(s) 0.0132 | RobustPrompt-T Loss 0.4480  
Epoch 149 |  Time(s) 0.0133 | RobustPrompt-T Loss 0.0795  
Epoch 150 |  Time(s) 0.0134 | RobustPrompt-T Loss 0.5166  
Epoch 151 |  Time(s) 0.0134 | RobustPrompt-T Loss 0.3507  
Epoch 152 |  Time(s) 0.0135 | RobustPrompt-T Loss 0.1542  
Epoch 153 |  Time(s) 0.0132 | RobustPrompt-T Loss 0.2200  
Epoch 154 |  Time(s) 0.0132 | RobustPrompt-T Loss 0.0846  
Epoch 155 |  Time(s) 0.0133 | RobustPrompt-T Loss 0.1943  
Epoch 156 |  Time(s) 0.0134 | RobustPrompt-T Loss 0.0920  
Epoch 157 |  Time(s) 0.0132 | RobustPrompt-T Loss 0.1211  
Epoch 158 |  Time(s) 0.0135 | RobustPrompt-T Loss 0.0909  
Epoch 159 |  Time(s) 0.0133 | RobustPrompt-T Loss 0.1134  
Epoch 160 |  Time(s) 0.0134 | RobustPrompt-T Loss 0.0787  
Epoch 161 |  Time(s) 0.0132 | RobustPrompt-T Loss 0.0934  
Epoch 162 |  Time(s) 0.0132 | RobustPrompt-T Loss 0.0865  
----------------------------------------------------------------------------------------------------
Early stopping at 163 eopch!
Final True Accuracy: 0.2488 | Macro F1 Score: 0.2638
Edge Detection Detail | source=filter_module | active=0 | n_edges=5571 | n_pos=312 | n_neg=5259 | pos_rate=0.0560 | pred_pos=5474 | pred_pos_rate=0.9826 | tp=312 | fp=5162 | fn=0 | tn=97 | precision=0.0570 | recall=1.0000 | f1=0.1078 | auc=0.8612 | ap=0.2613 | best_f1=0.4279 | best_threshold=1.0000 | best_precision=0.2969 | best_recall=0.7660 | best_pred_pos_rate=0.1445 | precision_at_k_pos=0.3750 | recall_at_k_pos=0.3750 | all_positive_f1=0.1061 | current_f1_minus_all_positive_f1=0.0018 | hard_mask_all_positive_like=0 | mode=original
Edge Detection Detail | source=tau_tune | active=1 | n_edges=5571 | n_pos=312 | n_neg=5259 | pos_rate=0.0560 | pred_pos=89 | pred_pos_rate=0.0160 | tp=24 | fp=65 | fn=288 | tn=5194 | precision=0.2697 | recall=0.0769 | f1=0.1197 | auc=0.7343 | ap=0.1678 | best_f1=0.2213 | best_threshold=0.1806 | best_precision=0.1641 | best_recall=0.3397 | best_pred_pos_rate=0.1160 | precision_at_k_pos=0.2179 | recall_at_k_pos=0.2179 | all_positive_f1=0.1061 | current_f1_minus_all_positive_f1=0.0136 | hard_mask_all_positive_like=0
Tip Detection | tip=sim_pt | active=1 | node_precision=0.1319 | node_recall=0.3761 | node_f1=0.1953 | edge_precision=0.0772 | edge_recall=0.9968 | edge_f1=0.1433 | edge_auc=0.6450 | node_tp=88 | node_fp=579 | node_fn=146 | edge_tp=311 | edge_fp=3717 | edge_fn=1
Edge Detection Detail | source=sim_pt | active=1 | n_edges=5571 | n_pos=312 | n_neg=5259 | pos_rate=0.0560 | pred_pos=4028 | pred_pos_rate=0.7230 | tp=311 | fp=3717 | fn=1 | tn=1542 | precision=0.0772 | recall=0.9968 | f1=0.1433 | auc=0.6450 | ap=0.0771 | best_f1=nan | best_threshold=nan | best_precision=nan | best_recall=nan | best_pred_pos_rate=nan | precision_at_k_pos=nan | recall_at_k_pos=nan | all_positive_f1=0.1061 | current_f1_minus_all_positive_f1=0.0372 | hard_mask_all_positive_like=0
Tip Detection | tip=degree_pt | active=1 | node_precision=0.0000 | node_recall=0.0000 | node_f1=0.0000 | edge_precision=0.0000 | edge_recall=0.0000 | edge_f1=0.0000 | edge_auc=0.5000 | node_tp=0 | node_fp=0 | node_fn=234 | edge_tp=0 | edge_fp=0 | edge_fn=312
Edge Detection Detail | source=degree_pt | active=1 | n_edges=5571 | n_pos=312 | n_neg=5259 | pos_rate=0.0560 | pred_pos=0 | pred_pos_rate=0.0000 | tp=0 | fp=0 | fn=312 | tn=5259 | precision=0.0000 | recall=0.0000 | f1=0.0000 | auc=0.5000 | ap=0.0560 | best_f1=nan | best_threshold=nan | best_precision=nan | best_recall=nan | best_pred_pos_rate=nan | precision_at_k_pos=nan | recall_at_k_pos=nan | all_positive_f1=0.1061 | current_f1_minus_all_positive_f1=-0.1061 | hard_mask_all_positive_like=0
Tip Detection | tip=out_detect_pt | active=1 | node_precision=0.0868 | node_recall=1.0000 | node_f1=0.1597 | edge_precision=0.0560 | edge_recall=1.0000 | edge_f1=0.1061 | edge_auc=0.5001 | node_tp=234 | node_fp=2462 | node_fn=0 | edge_tp=312 | edge_fp=5258 | edge_fn=0
Edge Detection Detail | source=out_detect_pt | active=1 | n_edges=5571 | n_pos=312 | n_neg=5259 | pos_rate=0.0560 | pred_pos=5475 | pred_pos_rate=0.9828 | tp=312 | fp=5163 | fn=0 | tn=96 | precision=0.0570 | recall=1.0000 | f1=0.1078 | auc=0.8612 | ap=0.2613 | best_f1=0.4279 | best_threshold=1.0000 | best_precision=0.2969 | best_recall=0.7660 | best_pred_pos_rate=0.1445 | precision_at_k_pos=0.3750 | recall_at_k_pos=0.3750 | all_positive_f1=0.1061 | current_f1_minus_all_positive_f1=0.0018 | hard_mask_all_positive_like=0
best_loss [tensor(0.1600, device='cuda:0', grad_fn=<AddBackward0>)]
load LLC or attacked data with specified split
Successfully loaded the attack of dataname with few shot 5, split 1
Attack method : Meta_Self | Attack ptb : 0.05 | Dataset: Cora
======================
Number of graphs: 1
Number of features: 1433
Number of classes: 7

Data(x=[2708, 1433], edge_index=[2, 13850], y=[2708], train_mask=[2708], val_mask=[2708], test_mask=[2708])
===========================================================================================================
Number of nodes: 2708
Number of edges: 13850
Average node degree: 5.11
Has isolated nodes: False
Has self-loops: True
Is undirected: True
Pollution Diff | added_edges=312 | deleted_edges=19 | clean_edges=5278 | attack_edges=5571
GCN(
  (conv_layers): ModuleList(
    (0): GCNConv(1433, 256)
    (1): GCNConv(256, 256)
  )
)
Successfully loaded pre-trained weights!
use RobustPrompt Tranductive
defense pt dict :  {'sim_pt': 0.3, 'degree_pt': 1, 'out_detect_pt': 0.5, 'other_pt': 'all'}
use_attention :  False
cosine_constraint :  True
pt_threshold :  0.5
filter_module :  OriginalFilter
temperature :  1.0
weight_mse 0.1
weight_kl :  0.3
weight_constraint :  0.2
run RobustPrompt-T
Epoch 001 |  Time(s) 0.0139 | RobustPrompt-T Loss 1.9452  
Epoch 002 |  Time(s) 0.0133 | RobustPrompt-T Loss 1.9461  
Epoch 003 |  Time(s) 0.0130 | RobustPrompt-T Loss 1.9350  
Epoch 004 |  Time(s) 0.0131 | RobustPrompt-T Loss 1.9238  
Epoch 005 |  Time(s) 0.0131 | RobustPrompt-T Loss 1.9229  
Epoch 006 |  Time(s) 0.0131 | RobustPrompt-T Loss 1.9204  
Epoch 007 |  Time(s) 0.0129 | RobustPrompt-T Loss 1.9187  
Epoch 008 |  Time(s) 0.0129 | RobustPrompt-T Loss 1.8962  
Epoch 009 |  Time(s) 0.0128 | RobustPrompt-T Loss 1.8948  
Epoch 010 |  Time(s) 0.0127 | RobustPrompt-T Loss 1.8939  
Epoch 011 |  Time(s) 0.0130 | RobustPrompt-T Loss 1.8744  
Epoch 012 |  Time(s) 0.0131 | RobustPrompt-T Loss 1.8616  
Epoch 013 |  Time(s) 0.0129 | RobustPrompt-T Loss 1.8456  
Epoch 014 |  Time(s) 0.0131 | RobustPrompt-T Loss 1.8389  
Epoch 015 |  Time(s) 0.0129 | RobustPrompt-T Loss 1.8348  
Epoch 016 |  Time(s) 0.0130 | RobustPrompt-T Loss 1.8027  
Epoch 017 |  Time(s) 0.0130 | RobustPrompt-T Loss 1.7793  
Epoch 018 |  Time(s) 0.0130 | RobustPrompt-T Loss 1.8254  
Epoch 019 |  Time(s) 0.0127 | RobustPrompt-T Loss 1.7880  
Epoch 020 |  Time(s) 0.0128 | RobustPrompt-T Loss 1.7437  
Epoch 021 |  Time(s) 0.0128 | RobustPrompt-T Loss 1.7711  
Epoch 022 |  Time(s) 0.0133 | RobustPrompt-T Loss 1.7582  
Epoch 023 |  Time(s) 0.0133 | RobustPrompt-T Loss 1.7453  
Epoch 024 |  Time(s) 0.0132 | RobustPrompt-T Loss 1.6587  
Epoch 025 |  Time(s) 0.0133 | RobustPrompt-T Loss 1.7159  
Epoch 026 |  Time(s) 0.0127 | RobustPrompt-T Loss 1.7240  
Epoch 027 |  Time(s) 0.0129 | RobustPrompt-T Loss 1.6402  
Epoch 028 |  Time(s) 0.0129 | RobustPrompt-T Loss 1.7267  
Epoch 029 |  Time(s) 0.0131 | RobustPrompt-T Loss 1.6052  
Epoch 030 |  Time(s) 0.0130 | RobustPrompt-T Loss 1.6060  
Epoch 031 |  Time(s) 0.0135 | RobustPrompt-T Loss 1.5643  
Epoch 032 |  Time(s) 0.0133 | RobustPrompt-T Loss 1.5502  
Epoch 033 |  Time(s) 0.0130 | RobustPrompt-T Loss 1.4998  
Epoch 034 |  Time(s) 0.0131 | RobustPrompt-T Loss 1.4912  
Epoch 035 |  Time(s) 0.0132 | RobustPrompt-T Loss 1.4646  
Epoch 036 |  Time(s) 0.0136 | RobustPrompt-T Loss 1.4581  
Epoch 037 |  Time(s) 0.0133 | RobustPrompt-T Loss 1.4307  
Epoch 038 |  Time(s) 0.0136 | RobustPrompt-T Loss 1.4205  
Epoch 039 |  Time(s) 0.0133 | RobustPrompt-T Loss 1.4051  
Epoch 040 |  Time(s) 0.0133 | RobustPrompt-T Loss 1.3813  
Epoch 041 |  Time(s) 0.0134 | RobustPrompt-T Loss 1.3682  
Epoch 042 |  Time(s) 0.0133 | RobustPrompt-T Loss 1.3424  
Epoch 043 |  Time(s) 0.0139 | RobustPrompt-T Loss 1.3347  
Epoch 044 |  Time(s) 0.0131 | RobustPrompt-T Loss 1.3002  
Epoch 045 |  Time(s) 0.0131 | RobustPrompt-T Loss 1.2819  
Epoch 046 |  Time(s) 0.0131 | RobustPrompt-T Loss 1.2604  
Epoch 047 |  Time(s) 0.0134 | RobustPrompt-T Loss 1.2579  
Epoch 048 |  Time(s) 0.0135 | RobustPrompt-T Loss 1.2549  
Epoch 049 |  Time(s) 0.0136 | RobustPrompt-T Loss 1.2031  
Epoch 050 |  Time(s) 0.0135 | RobustPrompt-T Loss 1.1731  
Epoch 051 |  Time(s) 0.0136 | RobustPrompt-T Loss 1.1737  
Epoch 052 |  Time(s) 0.0132 | RobustPrompt-T Loss 1.1735  
Epoch 053 |  Time(s) 0.0137 | RobustPrompt-T Loss 1.1700  
Epoch 054 |  Time(s) 0.0134 | RobustPrompt-T Loss 1.1164  
Epoch 055 |  Time(s) 0.0136 | RobustPrompt-T Loss 1.0721  
Epoch 056 |  Time(s) 0.0135 | RobustPrompt-T Loss 1.1223  
Epoch 057 |  Time(s) 0.0135 | RobustPrompt-T Loss 1.1196  
Epoch 058 |  Time(s) 0.0132 | RobustPrompt-T Loss 1.0105  
Epoch 059 |  Time(s) 0.0134 | RobustPrompt-T Loss 1.1249  
Epoch 060 |  Time(s) 0.0132 | RobustPrompt-T Loss 1.0028  
Epoch 061 |  Time(s) 0.0135 | RobustPrompt-T Loss 1.0046  
Epoch 062 |  Time(s) 0.0135 | RobustPrompt-T Loss 1.0486  
Epoch 063 |  Time(s) 0.0135 | RobustPrompt-T Loss 0.9743  
Epoch 064 |  Time(s) 0.0132 | RobustPrompt-T Loss 1.0322  
Epoch 065 |  Time(s) 0.0139 | RobustPrompt-T Loss 0.9502  
Epoch 066 |  Time(s) 0.0134 | RobustPrompt-T Loss 1.1297  
Epoch 067 |  Time(s) 0.0130 | RobustPrompt-T Loss 0.9892  
Epoch 068 |  Time(s) 0.0127 | RobustPrompt-T Loss 1.0106  
Epoch 069 |  Time(s) 0.0132 | RobustPrompt-T Loss 1.0215  
Epoch 070 |  Time(s) 0.0133 | RobustPrompt-T Loss 0.9366  
Epoch 071 |  Time(s) 0.0125 | RobustPrompt-T Loss 0.8635  
Epoch 072 |  Time(s) 0.0133 | RobustPrompt-T Loss 0.8907  
Epoch 073 |  Time(s) 0.0140 | RobustPrompt-T Loss 0.8197  
Epoch 074 |  Time(s) 0.0128 | RobustPrompt-T Loss 0.8399  
Epoch 075 |  Time(s) 0.0138 | RobustPrompt-T Loss 0.8104  
Epoch 076 |  Time(s) 0.0138 | RobustPrompt-T Loss 0.8051  
Epoch 077 |  Time(s) 0.0133 | RobustPrompt-T Loss 0.7753  
Epoch 078 |  Time(s) 0.0133 | RobustPrompt-T Loss 0.7398  
Epoch 079 |  Time(s) 0.0126 | RobustPrompt-T Loss 0.7326  
Epoch 080 |  Time(s) 0.0130 | RobustPrompt-T Loss 0.6991  
Epoch 081 |  Time(s) 0.0131 | RobustPrompt-T Loss 0.6944  
Epoch 082 |  Time(s) 0.0135 | RobustPrompt-T Loss 0.6765  
Epoch 083 |  Time(s) 0.0135 | RobustPrompt-T Loss 0.6615  
Epoch 084 |  Time(s) 0.0133 | RobustPrompt-T Loss 0.6457  
Epoch 085 |  Time(s) 0.0134 | RobustPrompt-T Loss 0.6190  
Epoch 086 |  Time(s) 0.0131 | RobustPrompt-T Loss 0.6094  
Epoch 087 |  Time(s) 0.0131 | RobustPrompt-T Loss 0.5980  
Epoch 088 |  Time(s) 0.0139 | RobustPrompt-T Loss 0.5729  
Epoch 089 |  Time(s) 0.0135 | RobustPrompt-T Loss 0.5528  
Epoch 090 |  Time(s) 0.0136 | RobustPrompt-T Loss 0.5360  
Epoch 091 |  Time(s) 0.0131 | RobustPrompt-T Loss 0.5245  
Epoch 092 |  Time(s) 0.0134 | RobustPrompt-T Loss 0.5026  
Epoch 093 |  Time(s) 0.0136 | RobustPrompt-T Loss 0.4811  
Epoch 094 |  Time(s) 0.0139 | RobustPrompt-T Loss 0.4628  
Epoch 095 |  Time(s) 0.0135 | RobustPrompt-T Loss 0.4449  
Epoch 096 |  Time(s) 0.0134 | RobustPrompt-T Loss 0.4333  
Epoch 097 |  Time(s) 0.0133 | RobustPrompt-T Loss 0.4197  
Epoch 098 |  Time(s) 0.0133 | RobustPrompt-T Loss 0.4108  
Epoch 099 |  Time(s) 0.0138 | RobustPrompt-T Loss 0.3912  
Epoch 100 |  Time(s) 0.0136 | RobustPrompt-T Loss 0.3727  
Epoch 101 |  Time(s) 0.0134 | RobustPrompt-T Loss 0.3466  
Epoch 102 |  Time(s) 0.0131 | RobustPrompt-T Loss 0.3283  
Epoch 103 |  Time(s) 0.0131 | RobustPrompt-T Loss 0.3242  
Epoch 104 |  Time(s) 0.0137 | RobustPrompt-T Loss 0.3103  
Epoch 105 |  Time(s) 0.0132 | RobustPrompt-T Loss 0.2928  
Epoch 106 |  Time(s) 0.0136 | RobustPrompt-T Loss 0.2831  
Epoch 107 |  Time(s) 0.0134 | RobustPrompt-T Loss 0.2795  
Epoch 108 |  Time(s) 0.0136 | RobustPrompt-T Loss 0.2720  
Epoch 109 |  Time(s) 0.0138 | RobustPrompt-T Loss 0.2537  
Epoch 110 |  Time(s) 0.0135 | RobustPrompt-T Loss 0.2411  
Epoch 111 |  Time(s) 0.0135 | RobustPrompt-T Loss 0.2358  
Epoch 112 |  Time(s) 0.0135 | RobustPrompt-T Loss 0.2250  
Epoch 113 |  Time(s) 0.0136 | RobustPrompt-T Loss 0.2182  
Epoch 114 |  Time(s) 0.0133 | RobustPrompt-T Loss 0.2125  
Epoch 115 |  Time(s) 0.0137 | RobustPrompt-T Loss 0.1993  
Epoch 116 |  Time(s) 0.0136 | RobustPrompt-T Loss 0.1927  
Epoch 117 |  Time(s) 0.0132 | RobustPrompt-T Loss 0.1869  
Epoch 118 |  Time(s) 0.0146 | RobustPrompt-T Loss 0.1784  
Epoch 119 |  Time(s) 0.0129 | RobustPrompt-T Loss 0.1710  
Epoch 120 |  Time(s) 0.0141 | RobustPrompt-T Loss 0.1649  
Epoch 121 |  Time(s) 0.0132 | RobustPrompt-T Loss 0.1570  
Epoch 122 |  Time(s) 0.0138 | RobustPrompt-T Loss 0.1495  
Epoch 123 |  Time(s) 0.0137 | RobustPrompt-T Loss 0.1424  
Epoch 124 |  Time(s) 0.0134 | RobustPrompt-T Loss 0.1347  
Epoch 125 |  Time(s) 0.0138 | RobustPrompt-T Loss 0.1267  
Epoch 126 |  Time(s) 0.0137 | RobustPrompt-T Loss 0.1212  
Epoch 127 |  Time(s) 0.0137 | RobustPrompt-T Loss 0.1112  
Epoch 128 |  Time(s) 0.0134 | RobustPrompt-T Loss 0.1085  
Epoch 129 |  Time(s) 0.0130 | RobustPrompt-T Loss 0.1024  
Epoch 130 |  Time(s) 0.0132 | RobustPrompt-T Loss 0.0942  
Epoch 131 |  Time(s) 0.0124 | RobustPrompt-T Loss 0.0913  
Epoch 132 |  Time(s) 0.0127 | RobustPrompt-T Loss 0.0834  
Epoch 133 |  Time(s) 0.0129 | RobustPrompt-T Loss 0.0785  
Epoch 134 |  Time(s) 0.0134 | RobustPrompt-T Loss 0.0764  
Epoch 135 |  Time(s) 0.0133 | RobustPrompt-T Loss 0.0728  
Epoch 136 |  Time(s) 0.0130 | RobustPrompt-T Loss 0.0697  
Epoch 137 |  Time(s) 0.0140 | RobustPrompt-T Loss 0.0664  
Epoch 138 |  Time(s) 0.0144 | RobustPrompt-T Loss 0.0639  
Epoch 139 |  Time(s) 0.0127 | RobustPrompt-T Loss 0.0609  
Epoch 140 |  Time(s) 0.0132 | RobustPrompt-T Loss 0.0588  
Epoch 141 |  Time(s) 0.0133 | RobustPrompt-T Loss 0.0579  
Epoch 142 |  Time(s) 0.0132 | RobustPrompt-T Loss 0.0580  
Epoch 143 |  Time(s) 0.0131 | RobustPrompt-T Loss 0.0560  
Epoch 144 |  Time(s) 0.0130 | RobustPrompt-T Loss 0.0536  
Epoch 145 |  Time(s) 0.0132 | RobustPrompt-T Loss 0.0525  
Epoch 146 |  Time(s) 0.0132 | RobustPrompt-T Loss 0.0506  
Epoch 147 |  Time(s) 0.0130 | RobustPrompt-T Loss 0.0496  
Epoch 148 |  Time(s) 0.0131 | RobustPrompt-T Loss 0.0494  
Epoch 149 |  Time(s) 0.0133 | RobustPrompt-T Loss 0.0495  
Epoch 150 |  Time(s) 0.0132 | RobustPrompt-T Loss 0.0504  
Epoch 151 |  Time(s) 0.0129 | RobustPrompt-T Loss 0.0475  
Epoch 152 |  Time(s) 0.0127 | RobustPrompt-T Loss 0.0466  
Epoch 153 |  Time(s) 0.0130 | RobustPrompt-T Loss 0.0468  
Epoch 154 |  Time(s) 0.0132 | RobustPrompt-T Loss 0.0475  
Epoch 155 |  Time(s) 0.0131 | RobustPrompt-T Loss 0.0495  
Epoch 156 |  Time(s) 0.0131 | RobustPrompt-T Loss 0.0479  
Epoch 157 |  Time(s) 0.0127 | RobustPrompt-T Loss 0.0473  
Epoch 158 |  Time(s) 0.0132 | RobustPrompt-T Loss 0.0443  
Epoch 159 |  Time(s) 0.0131 | RobustPrompt-T Loss 0.0448  
Epoch 160 |  Time(s) 0.0132 | RobustPrompt-T Loss 0.0464  
Epoch 161 |  Time(s) 0.0130 | RobustPrompt-T Loss 0.0445  
Epoch 162 |  Time(s) 0.0130 | RobustPrompt-T Loss 0.0461  
Epoch 163 |  Time(s) 0.0134 | RobustPrompt-T Loss 0.0437  
Epoch 164 |  Time(s) 0.0129 | RobustPrompt-T Loss 0.0429  
Epoch 165 |  Time(s) 0.0120 | RobustPrompt-T Loss 0.0433  
Epoch 166 |  Time(s) 0.0129 | RobustPrompt-T Loss 0.0426  
Epoch 167 |  Time(s) 0.0126 | RobustPrompt-T Loss 0.0459  
Epoch 168 |  Time(s) 0.0132 | RobustPrompt-T Loss 0.0435  
Epoch 169 |  Time(s) 0.0134 | RobustPrompt-T Loss 0.0420  
Epoch 170 |  Time(s) 0.0133 | RobustPrompt-T Loss 0.0400  
Epoch 171 |  Time(s) 0.0134 | RobustPrompt-T Loss 0.0404  
Epoch 172 |  Time(s) 0.0135 | RobustPrompt-T Loss 0.0430  
Epoch 173 |  Time(s) 0.0134 | RobustPrompt-T Loss 0.0408  
Epoch 174 |  Time(s) 0.0135 | RobustPrompt-T Loss 0.0421  
Epoch 175 |  Time(s) 0.0133 | RobustPrompt-T Loss 0.0390  
Epoch 176 |  Time(s) 0.0133 | RobustPrompt-T Loss 0.0390  
Epoch 177 |  Time(s) 0.0134 | RobustPrompt-T Loss 0.0389  
Epoch 178 |  Time(s) 0.0134 | RobustPrompt-T Loss 0.0386  
Epoch 179 |  Time(s) 0.0132 | RobustPrompt-T Loss 0.0410  
Epoch 180 |  Time(s) 0.0131 | RobustPrompt-T Loss 0.0385  
Epoch 181 |  Time(s) 0.0135 | RobustPrompt-T Loss 0.0383  
Epoch 182 |  Time(s) 0.0135 | RobustPrompt-T Loss 0.0383  
Epoch 183 |  Time(s) 0.0136 | RobustPrompt-T Loss 0.0381  
Epoch 184 |  Time(s) 0.0133 | RobustPrompt-T Loss 0.0380  
Epoch 185 |  Time(s) 0.0130 | RobustPrompt-T Loss 0.0396  
Epoch 186 |  Time(s) 0.0135 | RobustPrompt-T Loss 0.0396  
Epoch 187 |  Time(s) 0.0133 | RobustPrompt-T Loss 0.0430  
Epoch 188 |  Time(s) 0.0136 | RobustPrompt-T Loss 0.0466  
Epoch 189 |  Time(s) 0.0134 | RobustPrompt-T Loss 0.0719  
Epoch 190 |  Time(s) 0.0137 | RobustPrompt-T Loss 0.2040  
Epoch 191 |  Time(s) 0.0135 | RobustPrompt-T Loss 0.0391  
Epoch 192 |  Time(s) 0.0134 | RobustPrompt-T Loss 0.3052  
Epoch 193 |  Time(s) 0.0133 | RobustPrompt-T Loss 0.0449  
Epoch 194 |  Time(s) 0.0133 | RobustPrompt-T Loss 0.4875  
Epoch 195 |  Time(s) 0.0136 | RobustPrompt-T Loss 0.1092  
Epoch 196 |  Time(s) 0.0135 | RobustPrompt-T Loss 0.4168  
Epoch 197 |  Time(s) 0.0136 | RobustPrompt-T Loss 0.4441  
Epoch 198 |  Time(s) 0.0133 | RobustPrompt-T Loss 0.0370  
Epoch 199 |  Time(s) 0.0130 | RobustPrompt-T Loss 0.2199  
Epoch 200 |  Time(s) 0.0130 | RobustPrompt-T Loss 0.0414  
Final True Accuracy: 0.2317 | Macro F1 Score: 0.2232
Edge Detection Detail | source=filter_module | active=0 | n_edges=5571 | n_pos=312 | n_neg=5259 | pos_rate=0.0560 | pred_pos=5474 | pred_pos_rate=0.9826 | tp=312 | fp=5162 | fn=0 | tn=97 | precision=0.0570 | recall=1.0000 | f1=0.1078 | auc=0.8612 | ap=0.2613 | best_f1=0.4279 | best_threshold=1.0000 | best_precision=0.2969 | best_recall=0.7660 | best_pred_pos_rate=0.1445 | precision_at_k_pos=0.3750 | recall_at_k_pos=0.3750 | all_positive_f1=0.1061 | current_f1_minus_all_positive_f1=0.0018 | hard_mask_all_positive_like=0 | mode=original
Edge Detection Detail | source=tau_tune | active=1 | n_edges=5571 | n_pos=312 | n_neg=5259 | pos_rate=0.0560 | pred_pos=80 | pred_pos_rate=0.0144 | tp=26 | fp=54 | fn=286 | tn=5205 | precision=0.3250 | recall=0.0833 | f1=0.1327 | auc=0.6909 | ap=0.1557 | best_f1=0.2153 | best_threshold=0.1722 | best_precision=0.1490 | best_recall=0.3878 | best_pred_pos_rate=0.1458 | precision_at_k_pos=0.2019 | recall_at_k_pos=0.2019 | all_positive_f1=0.1061 | current_f1_minus_all_positive_f1=0.0266 | hard_mask_all_positive_like=0
Tip Detection | tip=sim_pt | active=1 | node_precision=0.1319 | node_recall=0.3761 | node_f1=0.1953 | edge_precision=0.0772 | edge_recall=0.9968 | edge_f1=0.1433 | edge_auc=0.6450 | node_tp=88 | node_fp=579 | node_fn=146 | edge_tp=311 | edge_fp=3717 | edge_fn=1
Edge Detection Detail | source=sim_pt | active=1 | n_edges=5571 | n_pos=312 | n_neg=5259 | pos_rate=0.0560 | pred_pos=4028 | pred_pos_rate=0.7230 | tp=311 | fp=3717 | fn=1 | tn=1542 | precision=0.0772 | recall=0.9968 | f1=0.1433 | auc=0.6450 | ap=0.0771 | best_f1=nan | best_threshold=nan | best_precision=nan | best_recall=nan | best_pred_pos_rate=nan | precision_at_k_pos=nan | recall_at_k_pos=nan | all_positive_f1=0.1061 | current_f1_minus_all_positive_f1=0.0372 | hard_mask_all_positive_like=0
Tip Detection | tip=degree_pt | active=1 | node_precision=0.0000 | node_recall=0.0000 | node_f1=0.0000 | edge_precision=0.0000 | edge_recall=0.0000 | edge_f1=0.0000 | edge_auc=0.5000 | node_tp=0 | node_fp=0 | node_fn=234 | edge_tp=0 | edge_fp=0 | edge_fn=312
Edge Detection Detail | source=degree_pt | active=1 | n_edges=5571 | n_pos=312 | n_neg=5259 | pos_rate=0.0560 | pred_pos=0 | pred_pos_rate=0.0000 | tp=0 | fp=0 | fn=312 | tn=5259 | precision=0.0000 | recall=0.0000 | f1=0.0000 | auc=0.5000 | ap=0.0560 | best_f1=nan | best_threshold=nan | best_precision=nan | best_recall=nan | best_pred_pos_rate=nan | precision_at_k_pos=nan | recall_at_k_pos=nan | all_positive_f1=0.1061 | current_f1_minus_all_positive_f1=-0.1061 | hard_mask_all_positive_like=0
Tip Detection | tip=out_detect_pt | active=1 | node_precision=0.0868 | node_recall=1.0000 | node_f1=0.1597 | edge_precision=0.0560 | edge_recall=1.0000 | edge_f1=0.1061 | edge_auc=0.5001 | node_tp=234 | node_fp=2462 | node_fn=0 | edge_tp=312 | edge_fp=5258 | edge_fn=0
Edge Detection Detail | source=out_detect_pt | active=1 | n_edges=5571 | n_pos=312 | n_neg=5259 | pos_rate=0.0560 | pred_pos=5475 | pred_pos_rate=0.9828 | tp=312 | fp=5163 | fn=0 | tn=96 | precision=0.0570 | recall=1.0000 | f1=0.1078 | auc=0.8612 | ap=0.2613 | best_f1=0.4279 | best_threshold=1.0000 | best_precision=0.2969 | best_recall=0.7660 | best_pred_pos_rate=0.1445 | precision_at_k_pos=0.3750 | recall_at_k_pos=0.3750 | all_positive_f1=0.1061 | current_f1_minus_all_positive_f1=0.0018 | hard_mask_all_positive_like=0
best_loss [tensor(0.0414, device='cuda:0', grad_fn=<AddBackward0>)]
load LLC or attacked data with specified split
Successfully loaded the attack of dataname with few shot 5, split 1
Attack method : Meta_Self | Attack ptb : 0.05 | Dataset: Cora
======================
Number of graphs: 1
Number of features: 1433
Number of classes: 7

Data(x=[2708, 1433], edge_index=[2, 13850], y=[2708], train_mask=[2708], val_mask=[2708], test_mask=[2708])
===========================================================================================================
Number of nodes: 2708
Number of edges: 13850
Average node degree: 5.11
Has isolated nodes: False
Has self-loops: True
Is undirected: True
Pollution Diff | added_edges=312 | deleted_edges=19 | clean_edges=5278 | attack_edges=5571
GCN(
  (conv_layers): ModuleList(
    (0): GCNConv(1433, 256)
    (1): GCNConv(256, 256)
  )
)
Successfully loaded pre-trained weights!
use RobustPrompt Tranductive
defense pt dict :  {'sim_pt': 0.3, 'degree_pt': 1, 'out_detect_pt': 0.5, 'other_pt': 'all'}
use_attention :  False
cosine_constraint :  True
pt_threshold :  0.5
filter_module :  OriginalFilter
temperature :  1.0
weight_mse 0.1
weight_kl :  0.3
weight_constraint :  0.2
run RobustPrompt-T
Epoch 001 |  Time(s) 0.0132 | RobustPrompt-T Loss 1.9447  
Epoch 002 |  Time(s) 0.0124 | RobustPrompt-T Loss 1.9386  
Epoch 003 |  Time(s) 0.0127 | RobustPrompt-T Loss 1.9301  
Epoch 004 |  Time(s) 0.0131 | RobustPrompt-T Loss 1.9172  
Epoch 005 |  Time(s) 0.0134 | RobustPrompt-T Loss 1.8967  
Epoch 006 |  Time(s) 0.0131 | RobustPrompt-T Loss 1.8967  
Epoch 007 |  Time(s) 0.0130 | RobustPrompt-T Loss 1.9186  
Epoch 008 |  Time(s) 0.0129 | RobustPrompt-T Loss 1.8822  
Epoch 009 |  Time(s) 0.0134 | RobustPrompt-T Loss 1.8393  
Epoch 010 |  Time(s) 0.0131 | RobustPrompt-T Loss 1.8462  
Epoch 011 |  Time(s) 0.0131 | RobustPrompt-T Loss 1.8032  
Epoch 012 |  Time(s) 0.0132 | RobustPrompt-T Loss 1.8217  
Epoch 013 |  Time(s) 0.0134 | RobustPrompt-T Loss 1.7960  
Epoch 014 |  Time(s) 0.0133 | RobustPrompt-T Loss 1.8607  
Epoch 015 |  Time(s) 0.0133 | RobustPrompt-T Loss 1.7749  
Epoch 016 |  Time(s) 0.0132 | RobustPrompt-T Loss 1.7589  
Epoch 017 |  Time(s) 0.0132 | RobustPrompt-T Loss 1.7619  
Epoch 018 |  Time(s) 0.0135 | RobustPrompt-T Loss 1.7730  
Epoch 019 |  Time(s) 0.0133 | RobustPrompt-T Loss 1.7348  
Epoch 020 |  Time(s) 0.0132 | RobustPrompt-T Loss 1.7177  
Epoch 021 |  Time(s) 0.0133 | RobustPrompt-T Loss 1.7417  
Epoch 022 |  Time(s) 0.0134 | RobustPrompt-T Loss 1.7637  
Epoch 023 |  Time(s) 0.0134 | RobustPrompt-T Loss 1.7569  
Epoch 024 |  Time(s) 0.0132 | RobustPrompt-T Loss 1.6802  
Epoch 025 |  Time(s) 0.0134 | RobustPrompt-T Loss 1.7136  
Epoch 026 |  Time(s) 0.0132 | RobustPrompt-T Loss 1.7148  
Epoch 027 |  Time(s) 0.0135 | RobustPrompt-T Loss 1.6321  
Epoch 028 |  Time(s) 0.0132 | RobustPrompt-T Loss 1.7063  
Epoch 029 |  Time(s) 0.0132 | RobustPrompt-T Loss 1.6209  
Epoch 030 |  Time(s) 0.0131 | RobustPrompt-T Loss 1.5954  
Epoch 031 |  Time(s) 0.0135 | RobustPrompt-T Loss 1.6107  
Epoch 032 |  Time(s) 0.0133 | RobustPrompt-T Loss 1.5481  
Epoch 033 |  Time(s) 0.0134 | RobustPrompt-T Loss 1.5252  
Epoch 034 |  Time(s) 0.0134 | RobustPrompt-T Loss 1.5167  
Epoch 035 |  Time(s) 0.0131 | RobustPrompt-T Loss 1.4948  
Epoch 036 |  Time(s) 0.0132 | RobustPrompt-T Loss 1.4781  
Epoch 037 |  Time(s) 0.0135 | RobustPrompt-T Loss 1.4629  
Epoch 038 |  Time(s) 0.0134 | RobustPrompt-T Loss 1.4492  
Epoch 039 |  Time(s) 0.0135 | RobustPrompt-T Loss 1.4103  
Epoch 040 |  Time(s) 0.0135 | RobustPrompt-T Loss 1.3940  
Epoch 041 |  Time(s) 0.0135 | RobustPrompt-T Loss 1.3631  
Epoch 042 |  Time(s) 0.0134 | RobustPrompt-T Loss 1.3632  
Epoch 043 |  Time(s) 0.0134 | RobustPrompt-T Loss 1.3706  
Epoch 044 |  Time(s) 0.0133 | RobustPrompt-T Loss 1.2987  
Epoch 045 |  Time(s) 0.0136 | RobustPrompt-T Loss 1.2870  
Epoch 046 |  Time(s) 0.0133 | RobustPrompt-T Loss 1.2768  
Epoch 047 |  Time(s) 0.0134 | RobustPrompt-T Loss 1.2341  
Epoch 048 |  Time(s) 0.0133 | RobustPrompt-T Loss 1.2700  
Epoch 049 |  Time(s) 0.0133 | RobustPrompt-T Loss 1.2551  
Epoch 050 |  Time(s) 0.0132 | RobustPrompt-T Loss 1.3914  
Epoch 051 |  Time(s) 0.0136 | RobustPrompt-T Loss 1.1625  
Epoch 052 |  Time(s) 0.0135 | RobustPrompt-T Loss 1.1785  
Epoch 053 |  Time(s) 0.0134 | RobustPrompt-T Loss 1.1911  
Epoch 054 |  Time(s) 0.0137 | RobustPrompt-T Loss 1.1737  
Epoch 055 |  Time(s) 0.0129 | RobustPrompt-T Loss 1.0708  
Epoch 056 |  Time(s) 0.0135 | RobustPrompt-T Loss 1.1166  
Epoch 057 |  Time(s) 0.0132 | RobustPrompt-T Loss 1.1056  
Epoch 058 |  Time(s) 0.0132 | RobustPrompt-T Loss 1.0350  
Epoch 059 |  Time(s) 0.0134 | RobustPrompt-T Loss 1.1340  
Epoch 060 |  Time(s) 0.0133 | RobustPrompt-T Loss 0.9984  
Epoch 061 |  Time(s) 0.0135 | RobustPrompt-T Loss 1.0583  
Epoch 062 |  Time(s) 0.0133 | RobustPrompt-T Loss 0.9901  
Epoch 063 |  Time(s) 0.0134 | RobustPrompt-T Loss 1.0770  
Epoch 064 |  Time(s) 0.0132 | RobustPrompt-T Loss 1.0074  
Epoch 065 |  Time(s) 0.0131 | RobustPrompt-T Loss 0.9560  
Epoch 066 |  Time(s) 0.0131 | RobustPrompt-T Loss 0.9919  
Epoch 067 |  Time(s) 0.0133 | RobustPrompt-T Loss 0.9045  
Epoch 068 |  Time(s) 0.0131 | RobustPrompt-T Loss 0.9060  
Epoch 069 |  Time(s) 0.0135 | RobustPrompt-T Loss 0.9630  
Epoch 070 |  Time(s) 0.0133 | RobustPrompt-T Loss 0.8257  
Epoch 071 |  Time(s) 0.0130 | RobustPrompt-T Loss 0.9124  
Epoch 072 |  Time(s) 0.0136 | RobustPrompt-T Loss 0.8665  
Epoch 073 |  Time(s) 0.0136 | RobustPrompt-T Loss 0.8194  
Epoch 074 |  Time(s) 0.0134 | RobustPrompt-T Loss 0.8351  
Epoch 075 |  Time(s) 0.0133 | RobustPrompt-T Loss 0.7473  
Epoch 076 |  Time(s) 0.0135 | RobustPrompt-T Loss 0.8044  
Epoch 077 |  Time(s) 0.0133 | RobustPrompt-T Loss 0.7794  
Epoch 078 |  Time(s) 0.0137 | RobustPrompt-T Loss 0.7139  
Epoch 079 |  Time(s) 0.0133 | RobustPrompt-T Loss 0.7199  
Epoch 080 |  Time(s) 0.0134 | RobustPrompt-T Loss 0.6736  
Epoch 081 |  Time(s) 0.0134 | RobustPrompt-T Loss 0.6961  
Epoch 082 |  Time(s) 0.0133 | RobustPrompt-T Loss 0.6460  
Epoch 083 |  Time(s) 0.0136 | RobustPrompt-T Loss 0.6062  
Epoch 084 |  Time(s) 0.0135 | RobustPrompt-T Loss 0.6150  
Epoch 085 |  Time(s) 0.0135 | RobustPrompt-T Loss 0.5910  
Epoch 086 |  Time(s) 0.0134 | RobustPrompt-T Loss 0.6127  
Epoch 087 |  Time(s) 0.0134 | RobustPrompt-T Loss 0.5364  
Epoch 088 |  Time(s) 0.0135 | RobustPrompt-T Loss 0.5154  
Epoch 089 |  Time(s) 0.0135 | RobustPrompt-T Loss 0.5576  
Epoch 090 |  Time(s) 0.0132 | RobustPrompt-T Loss 0.6101  
Epoch 091 |  Time(s) 0.0132 | RobustPrompt-T Loss 0.4687  
Epoch 092 |  Time(s) 0.0135 | RobustPrompt-T Loss 0.7665  
Epoch 093 |  Time(s) 0.0131 | RobustPrompt-T Loss 0.6489  
Epoch 094 |  Time(s) 0.0133 | RobustPrompt-T Loss 0.5393  
Epoch 095 |  Time(s) 0.0133 | RobustPrompt-T Loss 0.5575  
Epoch 096 |  Time(s) 0.0135 | RobustPrompt-T Loss 0.4735  
Epoch 097 |  Time(s) 0.0134 | RobustPrompt-T Loss 0.4757  
Epoch 098 |  Time(s) 0.0135 | RobustPrompt-T Loss 0.5032  
Epoch 099 |  Time(s) 0.0134 | RobustPrompt-T Loss 0.4493  
Epoch 100 |  Time(s) 0.0135 | RobustPrompt-T Loss 0.4995  
Epoch 101 |  Time(s) 0.0135 | RobustPrompt-T Loss 0.4783  
Epoch 102 |  Time(s) 0.0135 | RobustPrompt-T Loss 0.4034  
Epoch 103 |  Time(s) 0.0135 | RobustPrompt-T Loss 0.3804  
Epoch 104 |  Time(s) 0.0133 | RobustPrompt-T Loss 0.4726  
Epoch 105 |  Time(s) 0.0134 | RobustPrompt-T Loss 0.4553  
Epoch 106 |  Time(s) 0.0137 | RobustPrompt-T Loss 0.3436  
Epoch 107 |  Time(s) 0.0134 | RobustPrompt-T Loss 0.3271  
Epoch 108 |  Time(s) 0.0135 | RobustPrompt-T Loss 0.4105  
Epoch 109 |  Time(s) 0.0132 | RobustPrompt-T Loss 0.3858  
Epoch 110 |  Time(s) 0.0136 | RobustPrompt-T Loss 0.2825  
Epoch 111 |  Time(s) 0.0134 | RobustPrompt-T Loss 0.2538  
Epoch 112 |  Time(s) 0.0135 | RobustPrompt-T Loss 0.3326  
Epoch 113 |  Time(s) 0.0135 | RobustPrompt-T Loss 0.2607  
Epoch 114 |  Time(s) 0.0132 | RobustPrompt-T Loss 0.2969  
Epoch 115 |  Time(s) 0.0136 | RobustPrompt-T Loss 0.2782  
Epoch 116 |  Time(s) 0.0133 | RobustPrompt-T Loss 0.2746  
Epoch 117 |  Time(s) 0.0136 | RobustPrompt-T Loss 0.2262  
Epoch 118 |  Time(s) 0.0136 | RobustPrompt-T Loss 0.2198  
Epoch 119 |  Time(s) 0.0135 | RobustPrompt-T Loss 0.1746  
Epoch 120 |  Time(s) 0.0134 | RobustPrompt-T Loss 0.2087  
Epoch 121 |  Time(s) 0.0135 | RobustPrompt-T Loss 0.1558  
Epoch 122 |  Time(s) 0.0134 | RobustPrompt-T Loss 0.1520  
Epoch 123 |  Time(s) 0.0135 | RobustPrompt-T Loss 0.1481  
Epoch 124 |  Time(s) 0.0135 | RobustPrompt-T Loss 0.1559  
Epoch 125 |  Time(s) 0.0133 | RobustPrompt-T Loss 0.1540  
Epoch 126 |  Time(s) 0.0136 | RobustPrompt-T Loss 0.1075  
Epoch 127 |  Time(s) 0.0134 | RobustPrompt-T Loss 0.1352  
Epoch 128 |  Time(s) 0.0133 | RobustPrompt-T Loss 0.1002  
Epoch 129 |  Time(s) 0.0135 | RobustPrompt-T Loss 0.1710  
Epoch 130 |  Time(s) 0.0131 | RobustPrompt-T Loss 0.0901  
Epoch 131 |  Time(s) 0.0134 | RobustPrompt-T Loss 0.1060  
Epoch 132 |  Time(s) 0.0132 | RobustPrompt-T Loss 0.1203  
Epoch 133 |  Time(s) 0.0132 | RobustPrompt-T Loss 0.0880  
Epoch 134 |  Time(s) 0.0135 | RobustPrompt-T Loss 0.1880  
Epoch 135 |  Time(s) 0.0134 | RobustPrompt-T Loss 0.0855  
Epoch 136 |  Time(s) 0.0132 | RobustPrompt-T Loss 0.1084  
Epoch 137 |  Time(s) 0.0135 | RobustPrompt-T Loss 0.0848  
Epoch 138 |  Time(s) 0.0136 | RobustPrompt-T Loss 0.0803  
Epoch 139 |  Time(s) 0.0135 | RobustPrompt-T Loss 0.0821  
Epoch 140 |  Time(s) 0.0134 | RobustPrompt-T Loss 0.0843  
Epoch 141 |  Time(s) 0.0133 | RobustPrompt-T Loss 0.0711  
Epoch 142 |  Time(s) 0.0132 | RobustPrompt-T Loss 0.0685  
Epoch 143 |  Time(s) 0.0132 | RobustPrompt-T Loss 0.0639  
Epoch 144 |  Time(s) 0.0137 | RobustPrompt-T Loss 0.0771  
Epoch 145 |  Time(s) 0.0133 | RobustPrompt-T Loss 0.0627  
Epoch 146 |  Time(s) 0.0136 | RobustPrompt-T Loss 0.0896  
Epoch 147 |  Time(s) 0.0133 | RobustPrompt-T Loss 0.0810  
Epoch 148 |  Time(s) 0.0135 | RobustPrompt-T Loss 0.0652  
Epoch 149 |  Time(s) 0.0136 | RobustPrompt-T Loss 0.0612  
Epoch 150 |  Time(s) 0.0138 | RobustPrompt-T Loss 0.0637  
Epoch 151 |  Time(s) 0.0135 | RobustPrompt-T Loss 0.0574  
Epoch 152 |  Time(s) 0.0134 | RobustPrompt-T Loss 0.0637  
Epoch 153 |  Time(s) 0.0134 | RobustPrompt-T Loss 0.0685  
Epoch 154 |  Time(s) 0.0134 | RobustPrompt-T Loss 0.0656  
Epoch 155 |  Time(s) 0.0132 | RobustPrompt-T Loss 0.0582  
Epoch 156 |  Time(s) 0.0132 | RobustPrompt-T Loss 0.0545  
Epoch 157 |  Time(s) 0.0132 | RobustPrompt-T Loss 0.0550  
Epoch 158 |  Time(s) 0.0133 | RobustPrompt-T Loss 0.0602  
Epoch 159 |  Time(s) 0.0135 | RobustPrompt-T Loss 0.0621  
Epoch 160 |  Time(s) 0.0133 | RobustPrompt-T Loss 0.0655  
Epoch 161 |  Time(s) 0.0133 | RobustPrompt-T Loss 0.0603  
Epoch 162 |  Time(s) 0.0133 | RobustPrompt-T Loss 0.0557  
Epoch 163 |  Time(s) 0.0134 | RobustPrompt-T Loss 0.0621  
Epoch 164 |  Time(s) 0.0134 | RobustPrompt-T Loss 0.0556  
Epoch 165 |  Time(s) 0.0133 | RobustPrompt-T Loss 0.0606  
Epoch 166 |  Time(s) 0.0134 | RobustPrompt-T Loss 0.0595  
Epoch 167 |  Time(s) 0.0133 | RobustPrompt-T Loss 0.0598  
Epoch 168 |  Time(s) 0.0132 | RobustPrompt-T Loss 0.0545  
Epoch 169 |  Time(s) 0.0129 | RobustPrompt-T Loss 0.0544  
Epoch 170 |  Time(s) 0.0129 | RobustPrompt-T Loss 0.0531  
Epoch 171 |  Time(s) 0.0133 | RobustPrompt-T Loss 0.0573  
Epoch 172 |  Time(s) 0.0130 | RobustPrompt-T Loss 0.0572  
Epoch 173 |  Time(s) 0.0133 | RobustPrompt-T Loss 0.0564  
Epoch 174 |  Time(s) 0.0134 | RobustPrompt-T Loss 0.0520  
Epoch 175 |  Time(s) 0.0134 | RobustPrompt-T Loss 0.0513  
Epoch 176 |  Time(s) 0.0133 | RobustPrompt-T Loss 0.0527  
Epoch 177 |  Time(s) 0.0135 | RobustPrompt-T Loss 0.0514  
Epoch 178 |  Time(s) 0.0133 | RobustPrompt-T Loss 0.0584  
Epoch 179 |  Time(s) 0.0132 | RobustPrompt-T Loss 0.0538  
Epoch 180 |  Time(s) 0.0135 | RobustPrompt-T Loss 0.0537  
Epoch 181 |  Time(s) 0.0132 | RobustPrompt-T Loss 0.0525  
Epoch 182 |  Time(s) 0.0134 | RobustPrompt-T Loss 0.0527  
Epoch 183 |  Time(s) 0.0132 | RobustPrompt-T Loss 0.0531  
Epoch 184 |  Time(s) 0.0133 | RobustPrompt-T Loss 0.0552  
Epoch 185 |  Time(s) 0.0132 | RobustPrompt-T Loss 0.0501  
Epoch 186 |  Time(s) 0.0136 | RobustPrompt-T Loss 0.0528  
Epoch 187 |  Time(s) 0.0133 | RobustPrompt-T Loss 0.0489  
Epoch 188 |  Time(s) 0.0137 | RobustPrompt-T Loss 0.0521  
Epoch 189 |  Time(s) 0.0137 | RobustPrompt-T Loss 0.0493  
Epoch 190 |  Time(s) 0.0137 | RobustPrompt-T Loss 0.0635  
Epoch 191 |  Time(s) 0.0136 | RobustPrompt-T Loss 0.0490  
Epoch 192 |  Time(s) 0.0135 | RobustPrompt-T Loss 0.0494  
Epoch 193 |  Time(s) 0.0134 | RobustPrompt-T Loss 0.0486  
Epoch 194 |  Time(s) 0.0136 | RobustPrompt-T Loss 0.0526  
Epoch 195 |  Time(s) 0.0140 | RobustPrompt-T Loss 0.0476  
Epoch 196 |  Time(s) 0.0134 | RobustPrompt-T Loss 0.0477  
Epoch 197 |  Time(s) 0.0135 | RobustPrompt-T Loss 0.0503  
Epoch 198 |  Time(s) 0.0135 | RobustPrompt-T Loss 0.0552  
Epoch 199 |  Time(s) 0.0137 | RobustPrompt-T Loss 0.0468  
Epoch 200 |  Time(s) 0.0139 | RobustPrompt-T Loss 0.0473  
Final True Accuracy: 0.2350 | Macro F1 Score: 0.2609
Edge Detection Detail | source=filter_module | active=0 | n_edges=5571 | n_pos=312 | n_neg=5259 | pos_rate=0.0560 | pred_pos=5474 | pred_pos_rate=0.9826 | tp=312 | fp=5162 | fn=0 | tn=97 | precision=0.0570 | recall=1.0000 | f1=0.1078 | auc=0.8612 | ap=0.2613 | best_f1=0.4279 | best_threshold=1.0000 | best_precision=0.2969 | best_recall=0.7660 | best_pred_pos_rate=0.1445 | precision_at_k_pos=0.3750 | recall_at_k_pos=0.3750 | all_positive_f1=0.1061 | current_f1_minus_all_positive_f1=0.0018 | hard_mask_all_positive_like=0 | mode=original
Edge Detection Detail | source=tau_tune | active=1 | n_edges=5571 | n_pos=312 | n_neg=5259 | pos_rate=0.0560 | pred_pos=243 | pred_pos_rate=0.0436 | tp=50 | fp=193 | fn=262 | tn=5066 | precision=0.2058 | recall=0.1603 | f1=0.1802 | auc=0.6990 | ap=0.1488 | best_f1=0.2084 | best_threshold=0.2189 | best_precision=0.1386 | best_recall=0.4199 | best_pred_pos_rate=0.1696 | precision_at_k_pos=0.1859 | recall_at_k_pos=0.1859 | all_positive_f1=0.1061 | current_f1_minus_all_positive_f1=0.0741 | hard_mask_all_positive_like=0
Tip Detection | tip=sim_pt | active=1 | node_precision=0.1319 | node_recall=0.3761 | node_f1=0.1953 | edge_precision=0.0772 | edge_recall=0.9968 | edge_f1=0.1433 | edge_auc=0.6450 | node_tp=88 | node_fp=579 | node_fn=146 | edge_tp=311 | edge_fp=3717 | edge_fn=1
Edge Detection Detail | source=sim_pt | active=1 | n_edges=5571 | n_pos=312 | n_neg=5259 | pos_rate=0.0560 | pred_pos=4028 | pred_pos_rate=0.7230 | tp=311 | fp=3717 | fn=1 | tn=1542 | precision=0.0772 | recall=0.9968 | f1=0.1433 | auc=0.6450 | ap=0.0771 | best_f1=nan | best_threshold=nan | best_precision=nan | best_recall=nan | best_pred_pos_rate=nan | precision_at_k_pos=nan | recall_at_k_pos=nan | all_positive_f1=0.1061 | current_f1_minus_all_positive_f1=0.0372 | hard_mask_all_positive_like=0
Tip Detection | tip=degree_pt | active=1 | node_precision=0.0000 | node_recall=0.0000 | node_f1=0.0000 | edge_precision=0.0000 | edge_recall=0.0000 | edge_f1=0.0000 | edge_auc=0.5000 | node_tp=0 | node_fp=0 | node_fn=234 | edge_tp=0 | edge_fp=0 | edge_fn=312
Edge Detection Detail | source=degree_pt | active=1 | n_edges=5571 | n_pos=312 | n_neg=5259 | pos_rate=0.0560 | pred_pos=0 | pred_pos_rate=0.0000 | tp=0 | fp=0 | fn=312 | tn=5259 | precision=0.0000 | recall=0.0000 | f1=0.0000 | auc=0.5000 | ap=0.0560 | best_f1=nan | best_threshold=nan | best_precision=nan | best_recall=nan | best_pred_pos_rate=nan | precision_at_k_pos=nan | recall_at_k_pos=nan | all_positive_f1=0.1061 | current_f1_minus_all_positive_f1=-0.1061 | hard_mask_all_positive_like=0
Tip Detection | tip=out_detect_pt | active=1 | node_precision=0.0868 | node_recall=1.0000 | node_f1=0.1597 | edge_precision=0.0560 | edge_recall=1.0000 | edge_f1=0.1061 | edge_auc=0.5001 | node_tp=234 | node_fp=2462 | node_fn=0 | edge_tp=312 | edge_fp=5258 | edge_fn=0
Edge Detection Detail | source=out_detect_pt | active=1 | n_edges=5571 | n_pos=312 | n_neg=5259 | pos_rate=0.0560 | pred_pos=5475 | pred_pos_rate=0.9828 | tp=312 | fp=5163 | fn=0 | tn=96 | precision=0.0570 | recall=1.0000 | f1=0.1078 | auc=0.8612 | ap=0.2613 | best_f1=0.4279 | best_threshold=1.0000 | best_precision=0.2969 | best_recall=0.7660 | best_pred_pos_rate=0.1445 | precision_at_k_pos=0.3750 | recall_at_k_pos=0.3750 | all_positive_f1=0.1061 | current_f1_minus_all_positive_f1=0.0018 | hard_mask_all_positive_like=0
best_loss [tensor(0.0473, device='cuda:0', grad_fn=<AddBackward0>)]
load LLC or attacked data with specified split
Successfully loaded the attack of dataname with few shot 5, split 1
Attack method : Meta_Self | Attack ptb : 0.05 | Dataset: Cora
======================
Number of graphs: 1
Number of features: 1433
Number of classes: 7

Data(x=[2708, 1433], edge_index=[2, 13850], y=[2708], train_mask=[2708], val_mask=[2708], test_mask=[2708])
===========================================================================================================
Number of nodes: 2708
Number of edges: 13850
Average node degree: 5.11
Has isolated nodes: False
Has self-loops: True
Is undirected: True
Pollution Diff | added_edges=312 | deleted_edges=19 | clean_edges=5278 | attack_edges=5571
GCN(
  (conv_layers): ModuleList(
    (0): GCNConv(1433, 256)
    (1): GCNConv(256, 256)
  )
)
Successfully loaded pre-trained weights!
use RobustPrompt Tranductive
defense pt dict :  {'sim_pt': 0.3, 'degree_pt': 1, 'out_detect_pt': 0.5, 'other_pt': 'all'}
use_attention :  False
cosine_constraint :  True
pt_threshold :  0.5
filter_module :  OriginalFilter
temperature :  1.0
weight_mse 0.1
weight_kl :  0.3
weight_constraint :  0.2
run RobustPrompt-T
Epoch 001 |  Time(s) 0.0144 | RobustPrompt-T Loss 1.9475  
Epoch 002 |  Time(s) 0.0137 | RobustPrompt-T Loss 1.9379  
Epoch 003 |  Time(s) 0.0139 | RobustPrompt-T Loss 1.9306  
Epoch 004 |  Time(s) 0.0136 | RobustPrompt-T Loss 1.9239  
Epoch 005 |  Time(s) 0.0138 | RobustPrompt-T Loss 1.9149  
Epoch 006 |  Time(s) 0.0137 | RobustPrompt-T Loss 1.8991  
Epoch 007 |  Time(s) 0.0139 | RobustPrompt-T Loss 1.8773  
Epoch 008 |  Time(s) 0.0136 | RobustPrompt-T Loss 1.8430  
Epoch 009 |  Time(s) 0.0135 | RobustPrompt-T Loss 1.8348  
Epoch 010 |  Time(s) 0.0139 | RobustPrompt-T Loss 1.8016  
Epoch 011 |  Time(s) 0.0136 | RobustPrompt-T Loss 1.8225  
Epoch 012 |  Time(s) 0.0137 | RobustPrompt-T Loss 1.8056  
Epoch 013 |  Time(s) 0.0137 | RobustPrompt-T Loss 1.9637  
Epoch 014 |  Time(s) 0.0136 | RobustPrompt-T Loss 1.8182  
Epoch 015 |  Time(s) 0.0134 | RobustPrompt-T Loss 1.7856  
Epoch 016 |  Time(s) 0.0140 | RobustPrompt-T Loss 1.7671  
Epoch 017 |  Time(s) 0.0135 | RobustPrompt-T Loss 1.8013  
Epoch 018 |  Time(s) 0.0131 | RobustPrompt-T Loss 1.8086  
Epoch 019 |  Time(s) 0.0138 | RobustPrompt-T Loss 1.7648  
Epoch 020 |  Time(s) 0.0137 | RobustPrompt-T Loss 1.8745  
Epoch 021 |  Time(s) 0.0135 | RobustPrompt-T Loss 1.8008  
Epoch 022 |  Time(s) 0.0136 | RobustPrompt-T Loss 1.7448  
Epoch 023 |  Time(s) 0.0138 | RobustPrompt-T Loss 1.7757  
Epoch 024 |  Time(s) 0.0135 | RobustPrompt-T Loss 1.7475  
Epoch 025 |  Time(s) 0.0130 | RobustPrompt-T Loss 1.7631  
Epoch 026 |  Time(s) 0.0134 | RobustPrompt-T Loss 1.7021  
Epoch 027 |  Time(s) 0.0133 | RobustPrompt-T Loss 1.7456  
Epoch 028 |  Time(s) 0.0132 | RobustPrompt-T Loss 1.7272  
Epoch 029 |  Time(s) 0.0137 | RobustPrompt-T Loss 1.6458  
Epoch 030 |  Time(s) 0.0139 | RobustPrompt-T Loss 1.6502  
Epoch 031 |  Time(s) 0.0135 | RobustPrompt-T Loss 1.6142  
Epoch 032 |  Time(s) 0.0138 | RobustPrompt-T Loss 1.6047  
Epoch 033 |  Time(s) 0.0137 | RobustPrompt-T Loss 1.5822  
Epoch 034 |  Time(s) 0.0136 | RobustPrompt-T Loss 1.5547  
Epoch 035 |  Time(s) 0.0137 | RobustPrompt-T Loss 1.5481  
Epoch 036 |  Time(s) 0.0138 | RobustPrompt-T Loss 1.5181  
Epoch 037 |  Time(s) 0.0135 | RobustPrompt-T Loss 1.4886  
Epoch 038 |  Time(s) 0.0135 | RobustPrompt-T Loss 1.4941  
Epoch 039 |  Time(s) 0.0135 | RobustPrompt-T Loss 1.4574  
Epoch 040 |  Time(s) 0.0129 | RobustPrompt-T Loss 1.4351  
Epoch 041 |  Time(s) 0.0127 | RobustPrompt-T Loss 1.4076  
Epoch 042 |  Time(s) 0.0130 | RobustPrompt-T Loss 1.3624  
Epoch 043 |  Time(s) 0.0133 | RobustPrompt-T Loss 1.3709  
Epoch 044 |  Time(s) 0.0133 | RobustPrompt-T Loss 1.3360  
Epoch 045 |  Time(s) 0.0129 | RobustPrompt-T Loss 1.3065  
Epoch 046 |  Time(s) 0.0129 | RobustPrompt-T Loss 1.2962  
Epoch 047 |  Time(s) 0.0126 | RobustPrompt-T Loss 1.2865  
Epoch 048 |  Time(s) 0.0129 | RobustPrompt-T Loss 1.2565  
Epoch 049 |  Time(s) 0.0130 | RobustPrompt-T Loss 1.2319  
Epoch 050 |  Time(s) 0.0129 | RobustPrompt-T Loss 1.2344  
Epoch 051 |  Time(s) 0.0127 | RobustPrompt-T Loss 1.1813  
Epoch 052 |  Time(s) 0.0128 | RobustPrompt-T Loss 1.1897  
Epoch 053 |  Time(s) 0.0127 | RobustPrompt-T Loss 1.1691  
Epoch 054 |  Time(s) 0.0129 | RobustPrompt-T Loss 1.1994  
Epoch 055 |  Time(s) 0.0126 | RobustPrompt-T Loss 1.0903  
Epoch 056 |  Time(s) 0.0126 | RobustPrompt-T Loss 1.2070  
Epoch 057 |  Time(s) 0.0131 | RobustPrompt-T Loss 1.0493  
Epoch 058 |  Time(s) 0.0128 | RobustPrompt-T Loss 1.1492  
Epoch 059 |  Time(s) 0.0129 | RobustPrompt-T Loss 1.0012  
Epoch 060 |  Time(s) 0.0125 | RobustPrompt-T Loss 1.0789  
Epoch 061 |  Time(s) 0.0129 | RobustPrompt-T Loss 0.9471  
Epoch 062 |  Time(s) 0.0130 | RobustPrompt-T Loss 0.9836  
Epoch 063 |  Time(s) 0.0127 | RobustPrompt-T Loss 0.9009  
Epoch 064 |  Time(s) 0.0130 | RobustPrompt-T Loss 0.9516  
Epoch 065 |  Time(s) 0.0128 | RobustPrompt-T Loss 0.8761  
Epoch 066 |  Time(s) 0.0130 | RobustPrompt-T Loss 0.8790  
Epoch 067 |  Time(s) 0.0131 | RobustPrompt-T Loss 0.8306  
Epoch 068 |  Time(s) 0.0135 | RobustPrompt-T Loss 0.8295  
Epoch 069 |  Time(s) 0.0131 | RobustPrompt-T Loss 0.8022  
Epoch 070 |  Time(s) 0.0130 | RobustPrompt-T Loss 0.7386  
Epoch 071 |  Time(s) 0.0136 | RobustPrompt-T Loss 0.7462  
Epoch 072 |  Time(s) 0.0133 | RobustPrompt-T Loss 0.7205  
Epoch 073 |  Time(s) 0.0131 | RobustPrompt-T Loss 0.7394  
Epoch 074 |  Time(s) 0.0131 | RobustPrompt-T Loss 0.6894  
Epoch 075 |  Time(s) 0.0131 | RobustPrompt-T Loss 0.6674  
Epoch 076 |  Time(s) 0.0126 | RobustPrompt-T Loss 0.6356  
Epoch 077 |  Time(s) 0.0128 | RobustPrompt-T Loss 0.6360  
Epoch 078 |  Time(s) 0.0126 | RobustPrompt-T Loss 0.6196  
Epoch 079 |  Time(s) 0.0135 | RobustPrompt-T Loss 0.5750  
Epoch 080 |  Time(s) 0.0130 | RobustPrompt-T Loss 0.5567  
Epoch 081 |  Time(s) 0.0132 | RobustPrompt-T Loss 0.5512  
Epoch 082 |  Time(s) 0.0130 | RobustPrompt-T Loss 0.5481  
Epoch 083 |  Time(s) 0.0132 | RobustPrompt-T Loss 0.5000  
Epoch 084 |  Time(s) 0.0134 | RobustPrompt-T Loss 0.4805  
Epoch 085 |  Time(s) 0.0131 | RobustPrompt-T Loss 0.4709  
Epoch 086 |  Time(s) 0.0129 | RobustPrompt-T Loss 0.5039  
Epoch 087 |  Time(s) 0.0131 | RobustPrompt-T Loss 0.5053  
Epoch 088 |  Time(s) 0.0132 | RobustPrompt-T Loss 0.4169  
Epoch 089 |  Time(s) 0.0130 | RobustPrompt-T Loss 0.4653  
Epoch 090 |  Time(s) 0.0132 | RobustPrompt-T Loss 0.4097  
Epoch 091 |  Time(s) 0.0136 | RobustPrompt-T Loss 0.3705  
Epoch 092 |  Time(s) 0.0133 | RobustPrompt-T Loss 0.3827  
Epoch 093 |  Time(s) 0.0131 | RobustPrompt-T Loss 0.3716  
Epoch 094 |  Time(s) 0.0137 | RobustPrompt-T Loss 0.3501  
Epoch 095 |  Time(s) 0.0131 | RobustPrompt-T Loss 0.3185  
Epoch 096 |  Time(s) 0.0133 | RobustPrompt-T Loss 0.3298  
Epoch 097 |  Time(s) 0.0130 | RobustPrompt-T Loss 0.2962  
Epoch 098 |  Time(s) 0.0128 | RobustPrompt-T Loss 0.2653  
Epoch 099 |  Time(s) 0.0128 | RobustPrompt-T Loss 0.2766  
Epoch 100 |  Time(s) 0.0130 | RobustPrompt-T Loss 0.2690  
Epoch 101 |  Time(s) 0.0129 | RobustPrompt-T Loss 0.2500  
Epoch 102 |  Time(s) 0.0127 | RobustPrompt-T Loss 0.2832  
Epoch 103 |  Time(s) 0.0128 | RobustPrompt-T Loss 0.2203  
Epoch 104 |  Time(s) 0.0129 | RobustPrompt-T Loss 0.1930  
Epoch 105 |  Time(s) 0.0127 | RobustPrompt-T Loss 0.2393  
Epoch 106 |  Time(s) 0.0130 | RobustPrompt-T Loss 0.2297  
Epoch 107 |  Time(s) 0.0130 | RobustPrompt-T Loss 0.1571  
Epoch 108 |  Time(s) 0.0127 | RobustPrompt-T Loss 0.2137  
Epoch 109 |  Time(s) 0.0128 | RobustPrompt-T Loss 0.2060  
Epoch 110 |  Time(s) 0.0128 | RobustPrompt-T Loss 0.1584  
Epoch 111 |  Time(s) 0.0131 | RobustPrompt-T Loss 0.1687  
Epoch 112 |  Time(s) 0.0130 | RobustPrompt-T Loss 0.1679  
Epoch 113 |  Time(s) 0.0129 | RobustPrompt-T Loss 0.1359  
Epoch 114 |  Time(s) 0.0131 | RobustPrompt-T Loss 0.1368  
Epoch 115 |  Time(s) 0.0131 | RobustPrompt-T Loss 0.1327  
Epoch 116 |  Time(s) 0.0130 | RobustPrompt-T Loss 0.1180  
Epoch 117 |  Time(s) 0.0132 | RobustPrompt-T Loss 0.1157  
Epoch 118 |  Time(s) 0.0135 | RobustPrompt-T Loss 0.1031  
Epoch 119 |  Time(s) 0.0139 | RobustPrompt-T Loss 0.1001  
Epoch 120 |  Time(s) 0.0134 | RobustPrompt-T Loss 0.0967  
Epoch 121 |  Time(s) 0.0137 | RobustPrompt-T Loss 0.0897  
Epoch 122 |  Time(s) 0.0136 | RobustPrompt-T Loss 0.0881  
Epoch 123 |  Time(s) 0.0137 | RobustPrompt-T Loss 0.0848  
Epoch 124 |  Time(s) 0.0137 | RobustPrompt-T Loss 0.0811  
Epoch 125 |  Time(s) 0.0141 | RobustPrompt-T Loss 0.0816  
Epoch 126 |  Time(s) 0.0131 | RobustPrompt-T Loss 0.0773  
Epoch 127 |  Time(s) 0.0133 | RobustPrompt-T Loss 0.0783  
Epoch 128 |  Time(s) 0.0138 | RobustPrompt-T Loss 0.0745  
Epoch 129 |  Time(s) 0.0138 | RobustPrompt-T Loss 0.0779  
Epoch 130 |  Time(s) 0.0134 | RobustPrompt-T Loss 0.0714  
Epoch 131 |  Time(s) 0.0131 | RobustPrompt-T Loss 0.0735  
Epoch 132 |  Time(s) 0.0136 | RobustPrompt-T Loss 0.0751  
Epoch 133 |  Time(s) 0.0138 | RobustPrompt-T Loss 0.0828  
Epoch 134 |  Time(s) 0.0134 | RobustPrompt-T Loss 0.0787  
Epoch 135 |  Time(s) 0.0138 | RobustPrompt-T Loss 0.0829  
Epoch 136 |  Time(s) 0.0135 | RobustPrompt-T Loss 0.0713  
Epoch 137 |  Time(s) 0.0136 | RobustPrompt-T Loss 0.0719  
Epoch 138 |  Time(s) 0.0139 | RobustPrompt-T Loss 0.0782  
Epoch 139 |  Time(s) 0.0140 | RobustPrompt-T Loss 0.0654  
Epoch 140 |  Time(s) 0.0139 | RobustPrompt-T Loss 0.0641  
Epoch 141 |  Time(s) 0.0139 | RobustPrompt-T Loss 0.0741  
Epoch 142 |  Time(s) 0.0139 | RobustPrompt-T Loss 0.0692  
Epoch 143 |  Time(s) 0.0141 | RobustPrompt-T Loss 0.0679  
Epoch 144 |  Time(s) 0.0140 | RobustPrompt-T Loss 0.0634  
Epoch 145 |  Time(s) 0.0136 | RobustPrompt-T Loss 0.0706  
Epoch 146 |  Time(s) 0.0138 | RobustPrompt-T Loss 0.0785  
Epoch 147 |  Time(s) 0.0136 | RobustPrompt-T Loss 0.0675  
Epoch 148 |  Time(s) 0.0136 | RobustPrompt-T Loss 0.0570  
Epoch 149 |  Time(s) 0.0139 | RobustPrompt-T Loss 0.0619  
Epoch 150 |  Time(s) 0.0137 | RobustPrompt-T Loss 0.0633  
Epoch 151 |  Time(s) 0.0140 | RobustPrompt-T Loss 0.0567  
Epoch 152 |  Time(s) 0.0139 | RobustPrompt-T Loss 0.0563  
Epoch 153 |  Time(s) 0.0140 | RobustPrompt-T Loss 0.0601  
Epoch 154 |  Time(s) 0.0141 | RobustPrompt-T Loss 0.0573  
Epoch 155 |  Time(s) 0.0139 | RobustPrompt-T Loss 0.0552  
Epoch 156 |  Time(s) 0.0136 | RobustPrompt-T Loss 0.0551  
Epoch 157 |  Time(s) 0.0138 | RobustPrompt-T Loss 0.0541  
Epoch 158 |  Time(s) 0.0139 | RobustPrompt-T Loss 0.0548  
Epoch 159 |  Time(s) 0.0140 | RobustPrompt-T Loss 0.0529  
Epoch 160 |  Time(s) 0.0138 | RobustPrompt-T Loss 0.0554  
Epoch 161 |  Time(s) 0.0136 | RobustPrompt-T Loss 0.0737  
Epoch 162 |  Time(s) 0.0135 | RobustPrompt-T Loss 0.0713  
Epoch 163 |  Time(s) 0.0133 | RobustPrompt-T Loss 0.0662  
Epoch 164 |  Time(s) 0.0136 | RobustPrompt-T Loss 0.0592  
Epoch 165 |  Time(s) 0.0140 | RobustPrompt-T Loss 0.0611  
Epoch 166 |  Time(s) 0.0140 | RobustPrompt-T Loss 0.0597  
Epoch 167 |  Time(s) 0.0135 | RobustPrompt-T Loss 0.0507  
Epoch 168 |  Time(s) 0.0137 | RobustPrompt-T Loss 0.0580  
Epoch 169 |  Time(s) 0.0140 | RobustPrompt-T Loss 0.0708  
Epoch 170 |  Time(s) 0.0139 | RobustPrompt-T Loss 0.0588  
Epoch 171 |  Time(s) 0.0135 | RobustPrompt-T Loss 0.0525  
Epoch 172 |  Time(s) 0.0134 | RobustPrompt-T Loss 0.0597  
Epoch 173 |  Time(s) 0.0136 | RobustPrompt-T Loss 0.0526  
Epoch 174 |  Time(s) 0.0138 | RobustPrompt-T Loss 0.0528  
Epoch 175 |  Time(s) 0.0138 | RobustPrompt-T Loss 0.0537  
Epoch 176 |  Time(s) 0.0139 | RobustPrompt-T Loss 0.0466  
Epoch 177 |  Time(s) 0.0135 | RobustPrompt-T Loss 0.0559  
Epoch 178 |  Time(s) 0.0134 | RobustPrompt-T Loss 0.0556  
Epoch 179 |  Time(s) 0.0136 | RobustPrompt-T Loss 0.0469  
Epoch 180 |  Time(s) 0.0139 | RobustPrompt-T Loss 0.0574  
Epoch 181 |  Time(s) 0.0137 | RobustPrompt-T Loss 0.0569  
Epoch 182 |  Time(s) 0.0135 | RobustPrompt-T Loss 0.0497  
Epoch 183 |  Time(s) 0.0134 | RobustPrompt-T Loss 0.0548  
Epoch 184 |  Time(s) 0.0135 | RobustPrompt-T Loss 0.0478  
Epoch 185 |  Time(s) 0.0135 | RobustPrompt-T Loss 0.0494  
Epoch 186 |  Time(s) 0.0135 | RobustPrompt-T Loss 0.0487  
Epoch 187 |  Time(s) 0.0136 | RobustPrompt-T Loss 0.0451  
Epoch 188 |  Time(s) 0.0135 | RobustPrompt-T Loss 0.0475  
Epoch 189 |  Time(s) 0.0135 | RobustPrompt-T Loss 0.0451  
Epoch 190 |  Time(s) 0.0134 | RobustPrompt-T Loss 0.0483  
Epoch 191 |  Time(s) 0.0136 | RobustPrompt-T Loss 0.0497  
Epoch 192 |  Time(s) 0.0152 | RobustPrompt-T Loss 0.0461  
Epoch 193 |  Time(s) 0.0136 | RobustPrompt-T Loss 0.0509  
Epoch 194 |  Time(s) 0.0135 | RobustPrompt-T Loss 0.0498  
Epoch 195 |  Time(s) 0.0138 | RobustPrompt-T Loss 0.0464  
Epoch 196 |  Time(s) 0.0139 | RobustPrompt-T Loss 0.0504  
Epoch 197 |  Time(s) 0.0139 | RobustPrompt-T Loss 0.0478  
Epoch 198 |  Time(s) 0.0141 | RobustPrompt-T Loss 0.0461  
Epoch 199 |  Time(s) 0.0139 | RobustPrompt-T Loss 0.0487  
Epoch 200 |  Time(s) 0.0139 | RobustPrompt-T Loss 0.0475  
Final True Accuracy: 0.2438 | Macro F1 Score: 0.2657
Edge Detection Detail | source=filter_module | active=0 | n_edges=5571 | n_pos=312 | n_neg=5259 | pos_rate=0.0560 | pred_pos=5474 | pred_pos_rate=0.9826 | tp=312 | fp=5162 | fn=0 | tn=97 | precision=0.0570 | recall=1.0000 | f1=0.1078 | auc=0.8612 | ap=0.2613 | best_f1=0.4279 | best_threshold=1.0000 | best_precision=0.2969 | best_recall=0.7660 | best_pred_pos_rate=0.1445 | precision_at_k_pos=0.3750 | recall_at_k_pos=0.3750 | all_positive_f1=0.1061 | current_f1_minus_all_positive_f1=0.0018 | hard_mask_all_positive_like=0 | mode=original
Edge Detection Detail | source=tau_tune | active=1 | n_edges=5571 | n_pos=312 | n_neg=5259 | pos_rate=0.0560 | pred_pos=38 | pred_pos_rate=0.0068 | tp=19 | fp=19 | fn=293 | tn=5240 | precision=0.5000 | recall=0.0609 | f1=0.1086 | auc=0.7375 | ap=0.1844 | best_f1=0.2335 | best_threshold=0.2256 | best_precision=0.1961 | best_recall=0.2885 | best_pred_pos_rate=0.0824 | precision_at_k_pos=0.2244 | recall_at_k_pos=0.2244 | all_positive_f1=0.1061 | current_f1_minus_all_positive_f1=0.0025 | hard_mask_all_positive_like=0
Tip Detection | tip=sim_pt | active=1 | node_precision=0.1319 | node_recall=0.3761 | node_f1=0.1953 | edge_precision=0.0772 | edge_recall=0.9968 | edge_f1=0.1433 | edge_auc=0.6450 | node_tp=88 | node_fp=579 | node_fn=146 | edge_tp=311 | edge_fp=3717 | edge_fn=1
Edge Detection Detail | source=sim_pt | active=1 | n_edges=5571 | n_pos=312 | n_neg=5259 | pos_rate=0.0560 | pred_pos=4028 | pred_pos_rate=0.7230 | tp=311 | fp=3717 | fn=1 | tn=1542 | precision=0.0772 | recall=0.9968 | f1=0.1433 | auc=0.6450 | ap=0.0771 | best_f1=nan | best_threshold=nan | best_precision=nan | best_recall=nan | best_pred_pos_rate=nan | precision_at_k_pos=nan | recall_at_k_pos=nan | all_positive_f1=0.1061 | current_f1_minus_all_positive_f1=0.0372 | hard_mask_all_positive_like=0
Tip Detection | tip=degree_pt | active=1 | node_precision=0.0000 | node_recall=0.0000 | node_f1=0.0000 | edge_precision=0.0000 | edge_recall=0.0000 | edge_f1=0.0000 | edge_auc=0.5000 | node_tp=0 | node_fp=0 | node_fn=234 | edge_tp=0 | edge_fp=0 | edge_fn=312
Edge Detection Detail | source=degree_pt | active=1 | n_edges=5571 | n_pos=312 | n_neg=5259 | pos_rate=0.0560 | pred_pos=0 | pred_pos_rate=0.0000 | tp=0 | fp=0 | fn=312 | tn=5259 | precision=0.0000 | recall=0.0000 | f1=0.0000 | auc=0.5000 | ap=0.0560 | best_f1=nan | best_threshold=nan | best_precision=nan | best_recall=nan | best_pred_pos_rate=nan | precision_at_k_pos=nan | recall_at_k_pos=nan | all_positive_f1=0.1061 | current_f1_minus_all_positive_f1=-0.1061 | hard_mask_all_positive_like=0
Tip Detection | tip=out_detect_pt | active=1 | node_precision=0.0868 | node_recall=1.0000 | node_f1=0.1597 | edge_precision=0.0560 | edge_recall=1.0000 | edge_f1=0.1061 | edge_auc=0.5001 | node_tp=234 | node_fp=2462 | node_fn=0 | edge_tp=312 | edge_fp=5258 | edge_fn=0
Edge Detection Detail | source=out_detect_pt | active=1 | n_edges=5571 | n_pos=312 | n_neg=5259 | pos_rate=0.0560 | pred_pos=5475 | pred_pos_rate=0.9828 | tp=312 | fp=5163 | fn=0 | tn=96 | precision=0.0570 | recall=1.0000 | f1=0.1078 | auc=0.8612 | ap=0.2613 | best_f1=0.4279 | best_threshold=1.0000 | best_precision=0.2969 | best_recall=0.7660 | best_pred_pos_rate=0.1445 | precision_at_k_pos=0.3750 | recall_at_k_pos=0.3750 | all_positive_f1=0.1061 | current_f1_minus_all_positive_f1=0.0018 | hard_mask_all_positive_like=0
best_loss [tensor(0.0475, device='cuda:0', grad_fn=<AddBackward0>)]
{1: {1: 0.2288205921649933}, 2: {1: 0.24875415861606598}, 3: {1: 0.23172757029533386}, 4: {1: 0.23504982888698578}, 5: {1: 0.2437707632780075}}
{1: {1: 0.2288205921649933, 2: 0.24875415861606598, 3: 0.23172757029533386, 4: 0.23504982888698578, 5: 0.2437707632780075}}
########################################################################################
seed: 1 | split 1 : 0.2288205921649933
# Seed 1 Muti Split Final Acc: 0.2288±0.0000
seed: 2 | split 1 : 0.24875415861606598
# Seed 2 Muti Split Final Acc: 0.2488±0.0000
seed: 3 | split 1 : 0.23172757029533386
# Seed 3 Muti Split Final Acc: 0.2317±0.0000
seed: 4 | split 1 : 0.23504982888698578
# Seed 4 Muti Split Final Acc: 0.2350±0.0000
seed: 5 | split 1 : 0.2437707632780075
# Seed 5 Muti Split Final Acc: 0.2438±0.0000
########################################################################################
split: 1 | seed 1 : 0.2288205921649933
split: 1 | seed 2 : 0.24875415861606598
split: 1 | seed 3 : 0.23172757029533386
split: 1 | seed 4 : 0.23504982888698578
split: 1 | seed 5 : 0.2437707632780075
# Split 1 Muti Seed Acc without min value: 0.2398±0.0068
########################################################################################
