load LLC or attacked data with specified split
Successfully loaded the attack of dataname with few shot 5, split 1
Attack method : Meta_Self | Attack ptb : 0.25 | Dataset: Cora
======================
Number of graphs: 1
Number of features: 1433
Number of classes: 7

Data(x=[2708, 1433], edge_index=[2, 15976], y=[2708], train_mask=[2708], val_mask=[2708], test_mask=[2708])
===========================================================================================================
Number of nodes: 2708
Number of edges: 15976
Average node degree: 5.90
Has isolated nodes: False
Has self-loops: True
Is undirected: True
Pollution Diff | added_edges=1507 | deleted_edges=151 | clean_edges=5278 | attack_edges=6634
GCN(
  (conv_layers): ModuleList(
    (0): GCNConv(1433, 256)
    (1): GCNConv(256, 256)
  )
)
Successfully loaded pre-trained weights!
use RobustPrompt Tranductive
defense pt dict :  {'sim_pt': -1.0, 'degree_pt': 1, 'out_detect_pt': 0.5, 'other_pt': 'all'}
use_attention :  False
cosine_constraint :  True
pt_threshold :  0.5
filter_module :  OriginalFilter
temperature :  1.0
weight_mse 0.1
weight_kl :  0.3
weight_constraint :  0.2
run RobustPrompt-T
Epoch 001 |  Time(s) 0.2479 | RobustPrompt-T Loss 1.9489  
Epoch 002 |  Time(s) 0.0136 | RobustPrompt-T Loss 1.9421  
Epoch 003 |  Time(s) 0.0128 | RobustPrompt-T Loss 1.9276  
Epoch 004 |  Time(s) 0.0128 | RobustPrompt-T Loss 1.9259  
Epoch 005 |  Time(s) 0.0125 | RobustPrompt-T Loss 1.9147  
Epoch 006 |  Time(s) 0.0122 | RobustPrompt-T Loss 1.9109  
Epoch 007 |  Time(s) 0.0126 | RobustPrompt-T Loss 1.9003  
Epoch 008 |  Time(s) 0.0126 | RobustPrompt-T Loss 1.8924  
Epoch 009 |  Time(s) 0.0125 | RobustPrompt-T Loss 1.8822  
Epoch 010 |  Time(s) 0.0123 | RobustPrompt-T Loss 1.8824  
Epoch 011 |  Time(s) 0.0126 | RobustPrompt-T Loss 1.8963  
Epoch 012 |  Time(s) 0.0125 | RobustPrompt-T Loss 1.8530  
Epoch 013 |  Time(s) 0.0125 | RobustPrompt-T Loss 1.8734  
Epoch 014 |  Time(s) 0.0124 | RobustPrompt-T Loss 1.8780  
Epoch 015 |  Time(s) 0.0126 | RobustPrompt-T Loss 1.8252  
Epoch 016 |  Time(s) 0.0124 | RobustPrompt-T Loss 1.8801  
Epoch 017 |  Time(s) 0.0125 | RobustPrompt-T Loss 1.8047  
Epoch 018 |  Time(s) 0.0123 | RobustPrompt-T Loss 1.8412  
Epoch 019 |  Time(s) 0.0128 | RobustPrompt-T Loss 1.7773  
Epoch 020 |  Time(s) 0.0124 | RobustPrompt-T Loss 1.8352  
Epoch 021 |  Time(s) 0.0126 | RobustPrompt-T Loss 1.7897  
Epoch 022 |  Time(s) 0.0130 | RobustPrompt-T Loss 1.7709  
Epoch 023 |  Time(s) 0.0126 | RobustPrompt-T Loss 1.7504  
Epoch 024 |  Time(s) 0.0127 | RobustPrompt-T Loss 1.7320  
Epoch 025 |  Time(s) 0.0123 | RobustPrompt-T Loss 1.7230  
Epoch 026 |  Time(s) 0.0126 | RobustPrompt-T Loss 1.6772  
Epoch 027 |  Time(s) 0.0123 | RobustPrompt-T Loss 1.7079  
Epoch 028 |  Time(s) 0.0128 | RobustPrompt-T Loss 1.6245  
Epoch 029 |  Time(s) 0.0129 | RobustPrompt-T Loss 1.8479  
Epoch 030 |  Time(s) 0.0129 | RobustPrompt-T Loss 1.6021  
Epoch 031 |  Time(s) 0.0130 | RobustPrompt-T Loss 2.0145  
Epoch 032 |  Time(s) 0.0130 | RobustPrompt-T Loss 2.1411  
Epoch 033 |  Time(s) 0.0123 | RobustPrompt-T Loss 1.9351  
Epoch 034 |  Time(s) 0.0123 | RobustPrompt-T Loss 1.5137  
Epoch 035 |  Time(s) 0.0125 | RobustPrompt-T Loss 1.7822  
Epoch 036 |  Time(s) 0.0124 | RobustPrompt-T Loss 1.7972  
Epoch 037 |  Time(s) 0.0127 | RobustPrompt-T Loss 1.5198  
Epoch 038 |  Time(s) 0.0124 | RobustPrompt-T Loss 1.5432  
Epoch 039 |  Time(s) 0.0128 | RobustPrompt-T Loss 1.6629  
Epoch 040 |  Time(s) 0.0129 | RobustPrompt-T Loss 1.6061  
Epoch 041 |  Time(s) 0.0128 | RobustPrompt-T Loss 1.4986  
Epoch 042 |  Time(s) 0.0129 | RobustPrompt-T Loss 1.4159  
Epoch 043 |  Time(s) 0.0126 | RobustPrompt-T Loss 1.3931  
Epoch 044 |  Time(s) 0.0125 | RobustPrompt-T Loss 1.3888  
Epoch 045 |  Time(s) 0.0129 | RobustPrompt-T Loss 1.3693  
Epoch 046 |  Time(s) 0.0123 | RobustPrompt-T Loss 1.3470  
Epoch 047 |  Time(s) 0.0127 | RobustPrompt-T Loss 1.3160  
Epoch 048 |  Time(s) 0.0125 | RobustPrompt-T Loss 1.2906  
Epoch 049 |  Time(s) 0.0126 | RobustPrompt-T Loss 1.2888  
Epoch 050 |  Time(s) 0.0125 | RobustPrompt-T Loss 1.2983  
Epoch 051 |  Time(s) 0.0126 | RobustPrompt-T Loss 1.2266  
Epoch 052 |  Time(s) 0.0124 | RobustPrompt-T Loss 1.2288  
Epoch 053 |  Time(s) 0.0126 | RobustPrompt-T Loss 1.2091  
Epoch 054 |  Time(s) 0.0123 | RobustPrompt-T Loss 1.1452  
Epoch 055 |  Time(s) 0.0127 | RobustPrompt-T Loss 1.2140  
Epoch 056 |  Time(s) 0.0124 | RobustPrompt-T Loss 1.1019  
Epoch 057 |  Time(s) 0.0126 | RobustPrompt-T Loss 1.2098  
Epoch 058 |  Time(s) 0.0124 | RobustPrompt-T Loss 1.1077  
Epoch 059 |  Time(s) 0.0126 | RobustPrompt-T Loss 1.2739  
Epoch 060 |  Time(s) 0.0125 | RobustPrompt-T Loss 1.3216  
Epoch 061 |  Time(s) 0.0126 | RobustPrompt-T Loss 1.0198  
Epoch 062 |  Time(s) 0.0123 | RobustPrompt-T Loss 1.3380  
Epoch 063 |  Time(s) 0.0126 | RobustPrompt-T Loss 1.3738  
Epoch 064 |  Time(s) 0.0125 | RobustPrompt-T Loss 1.0008  
Epoch 065 |  Time(s) 0.0126 | RobustPrompt-T Loss 1.5616  
Epoch 066 |  Time(s) 0.0124 | RobustPrompt-T Loss 2.1143  
Epoch 067 |  Time(s) 0.0127 | RobustPrompt-T Loss 1.7064  
Epoch 068 |  Time(s) 0.0128 | RobustPrompt-T Loss 1.0537  
Epoch 069 |  Time(s) 0.0129 | RobustPrompt-T Loss 1.5457  
Epoch 070 |  Time(s) 0.0131 | RobustPrompt-T Loss 2.2799  
Epoch 071 |  Time(s) 0.0123 | RobustPrompt-T Loss 2.0875  
Epoch 072 |  Time(s) 0.0127 | RobustPrompt-T Loss 1.3484  
Epoch 073 |  Time(s) 0.0124 | RobustPrompt-T Loss 1.0474  
Epoch 074 |  Time(s) 0.0125 | RobustPrompt-T Loss 1.2901  
Epoch 075 |  Time(s) 0.0124 | RobustPrompt-T Loss 1.2094  
Epoch 076 |  Time(s) 0.0126 | RobustPrompt-T Loss 1.0188  
Epoch 077 |  Time(s) 0.0124 | RobustPrompt-T Loss 1.1554  
Epoch 078 |  Time(s) 0.0127 | RobustPrompt-T Loss 1.3259  
Epoch 079 |  Time(s) 0.0127 | RobustPrompt-T Loss 1.1483  
Epoch 080 |  Time(s) 0.0131 | RobustPrompt-T Loss 1.0051  
Epoch 081 |  Time(s) 0.0126 | RobustPrompt-T Loss 1.0451  
Epoch 082 |  Time(s) 0.0126 | RobustPrompt-T Loss 1.0173  
Epoch 083 |  Time(s) 0.0124 | RobustPrompt-T Loss 1.0710  
----------------------------------------------------------------------------------------------------
Early stopping at 84 eopch!
Final True Accuracy: 0.0839 | Macro F1 Score: 0.0337
Edge Detection Detail | source=filter_module | active=0 | n_edges=6634 | n_pos=1507 | n_neg=5127 | pos_rate=0.2272 | pred_pos=6529 | pred_pos_rate=0.9842 | tp=1498 | fp=5031 | fn=9 | tn=96 | precision=0.2294 | recall=0.9940 | f1=0.3728 | auc=0.8397 | ap=0.5848 | best_f1=0.6626 | best_threshold=0.9565 | best_precision=0.6483 | best_recall=0.6775 | best_pred_pos_rate=0.2374 | precision_at_k_pos=0.6490 | recall_at_k_pos=0.6490 | all_positive_f1=0.3702 | current_f1_minus_all_positive_f1=0.0026 | hard_mask_all_positive_like=0 | mode=original
Edge Detection Detail | source=tau_tune | active=1 | n_edges=6634 | n_pos=1507 | n_neg=5127 | pos_rate=0.2272 | pred_pos=57 | pred_pos_rate=0.0086 | tp=40 | fp=17 | fn=1467 | tn=5110 | precision=0.7018 | recall=0.0265 | f1=0.0512 | auc=0.6436 | ap=0.3420 | best_f1=0.4202 | best_threshold=0.0071 | best_precision=0.2842 | best_recall=0.8056 | best_pred_pos_rate=0.6438 | precision_at_k_pos=0.3258 | recall_at_k_pos=0.3258 | all_positive_f1=0.3702 | current_f1_minus_all_positive_f1=-0.3191 | hard_mask_all_positive_like=0
Tip Detection | tip=sim_pt | active=0 | node_precision=0.0000 | node_recall=0.0000 | node_f1=0.0000 | edge_precision=0.0000 | edge_recall=0.0000 | edge_f1=0.0000 | edge_auc=0.5000 | node_tp=0 | node_fp=0 | node_fn=957 | edge_tp=0 | edge_fp=0 | edge_fn=1507
Edge Detection Detail | source=sim_pt | active=0 | n_edges=6634 | n_pos=1507 | n_neg=5127 | pos_rate=0.2272 | pred_pos=0 | pred_pos_rate=0.0000 | tp=0 | fp=0 | fn=1507 | tn=5127 | precision=0.0000 | recall=0.0000 | f1=0.0000 | auc=0.5000 | ap=0.2272 | best_f1=nan | best_threshold=nan | best_precision=nan | best_recall=nan | best_pred_pos_rate=nan | precision_at_k_pos=nan | recall_at_k_pos=nan | all_positive_f1=0.3702 | current_f1_minus_all_positive_f1=-0.3702 | hard_mask_all_positive_like=0
Tip Detection | tip=degree_pt | active=1 | node_precision=0.0000 | node_recall=0.0000 | node_f1=0.0000 | edge_precision=0.0000 | edge_recall=0.0000 | edge_f1=0.0000 | edge_auc=0.5000 | node_tp=0 | node_fp=0 | node_fn=957 | edge_tp=0 | edge_fp=0 | edge_fn=1507
Edge Detection Detail | source=degree_pt | active=1 | n_edges=6634 | n_pos=1507 | n_neg=5127 | pos_rate=0.2272 | pred_pos=0 | pred_pos_rate=0.0000 | tp=0 | fp=0 | fn=1507 | tn=5127 | precision=0.0000 | recall=0.0000 | f1=0.0000 | auc=0.5000 | ap=0.2272 | best_f1=nan | best_threshold=nan | best_precision=nan | best_recall=nan | best_pred_pos_rate=nan | precision_at_k_pos=nan | recall_at_k_pos=nan | all_positive_f1=0.3702 | current_f1_minus_all_positive_f1=-0.3702 | hard_mask_all_positive_like=0
Tip Detection | tip=out_detect_pt | active=1 | node_precision=0.3535 | node_recall=1.0000 | node_f1=0.5224 | edge_precision=0.2272 | edge_recall=1.0000 | edge_f1=0.3702 | edge_auc=0.5000 | node_tp=957 | node_fp=1750 | node_fn=0 | edge_tp=1507 | edge_fp=5127 | edge_fn=0
Edge Detection Detail | source=out_detect_pt | active=1 | n_edges=6634 | n_pos=1507 | n_neg=5127 | pos_rate=0.2272 | pred_pos=6531 | pred_pos_rate=0.9845 | tp=1499 | fp=5032 | fn=8 | tn=95 | precision=0.2295 | recall=0.9947 | f1=0.3730 | auc=0.8397 | ap=0.5848 | best_f1=0.6626 | best_threshold=0.9565 | best_precision=0.6483 | best_recall=0.6775 | best_pred_pos_rate=0.2374 | precision_at_k_pos=0.6490 | recall_at_k_pos=0.6490 | all_positive_f1=0.3702 | current_f1_minus_all_positive_f1=0.0028 | hard_mask_all_positive_like=0
best_loss [tensor(1.0355, device='cuda:0', grad_fn=<AddBackward0>)]
load LLC or attacked data with specified split
Successfully loaded the attack of dataname with few shot 5, split 1
Attack method : Meta_Self | Attack ptb : 0.25 | Dataset: Cora
======================
Number of graphs: 1
Number of features: 1433
Number of classes: 7

Data(x=[2708, 1433], edge_index=[2, 15976], y=[2708], train_mask=[2708], val_mask=[2708], test_mask=[2708])
===========================================================================================================
Number of nodes: 2708
Number of edges: 15976
Average node degree: 5.90
Has isolated nodes: False
Has self-loops: True
Is undirected: True
Pollution Diff | added_edges=1507 | deleted_edges=151 | clean_edges=5278 | attack_edges=6634
GCN(
  (conv_layers): ModuleList(
    (0): GCNConv(1433, 256)
    (1): GCNConv(256, 256)
  )
)
Successfully loaded pre-trained weights!
use RobustPrompt Tranductive
defense pt dict :  {'sim_pt': -1.0, 'degree_pt': 1, 'out_detect_pt': 0.5, 'other_pt': 'all'}
use_attention :  False
cosine_constraint :  True
pt_threshold :  0.5
filter_module :  OriginalFilter
temperature :  1.0
weight_mse 0.1
weight_kl :  0.3
weight_constraint :  0.2
run RobustPrompt-T
Epoch 001 |  Time(s) 0.0126 | RobustPrompt-T Loss 1.9475  
Epoch 002 |  Time(s) 0.0126 | RobustPrompt-T Loss 1.9138  
Epoch 003 |  Time(s) 0.0128 | RobustPrompt-T Loss 1.9646  
Epoch 004 |  Time(s) 0.0126 | RobustPrompt-T Loss 1.9272  
Epoch 005 |  Time(s) 0.0124 | RobustPrompt-T Loss 1.9086  
Epoch 006 |  Time(s) 0.0126 | RobustPrompt-T Loss 1.9167  
Epoch 007 |  Time(s) 0.0125 | RobustPrompt-T Loss 1.9079  
Epoch 008 |  Time(s) 0.0125 | RobustPrompt-T Loss 1.8940  
Epoch 009 |  Time(s) 0.0125 | RobustPrompt-T Loss 1.9020  
Epoch 010 |  Time(s) 0.0126 | RobustPrompt-T Loss 1.8827  
Epoch 011 |  Time(s) 0.0124 | RobustPrompt-T Loss 1.8863  
Epoch 012 |  Time(s) 0.0128 | RobustPrompt-T Loss 1.8720  
Epoch 013 |  Time(s) 0.0128 | RobustPrompt-T Loss 1.8695  
Epoch 014 |  Time(s) 0.0127 | RobustPrompt-T Loss 1.8583  
Epoch 015 |  Time(s) 0.0126 | RobustPrompt-T Loss 1.8520  
Epoch 016 |  Time(s) 0.0127 | RobustPrompt-T Loss 1.8505  
Epoch 017 |  Time(s) 0.0127 | RobustPrompt-T Loss 1.8306  
Epoch 018 |  Time(s) 0.0126 | RobustPrompt-T Loss 1.8338  
Epoch 019 |  Time(s) 0.0126 | RobustPrompt-T Loss 1.8354  
Epoch 020 |  Time(s) 0.0127 | RobustPrompt-T Loss 1.8186  
Epoch 021 |  Time(s) 0.0127 | RobustPrompt-T Loss 1.7824  
Epoch 022 |  Time(s) 0.0127 | RobustPrompt-T Loss 1.8081  
Epoch 023 |  Time(s) 0.0126 | RobustPrompt-T Loss 1.7930  
Epoch 024 |  Time(s) 0.0128 | RobustPrompt-T Loss 1.7464  
Epoch 025 |  Time(s) 0.0126 | RobustPrompt-T Loss 1.7393  
Epoch 026 |  Time(s) 0.0126 | RobustPrompt-T Loss 1.7224  
Epoch 027 |  Time(s) 0.0127 | RobustPrompt-T Loss 1.6928  
Epoch 028 |  Time(s) 0.0127 | RobustPrompt-T Loss 1.6435  
Epoch 029 |  Time(s) 0.0127 | RobustPrompt-T Loss 1.6194  
Epoch 030 |  Time(s) 0.0127 | RobustPrompt-T Loss 1.5756  
Epoch 031 |  Time(s) 0.0128 | RobustPrompt-T Loss 1.6101  
Epoch 032 |  Time(s) 0.0129 | RobustPrompt-T Loss 1.5473  
Epoch 033 |  Time(s) 0.0129 | RobustPrompt-T Loss 1.4673  
Epoch 034 |  Time(s) 0.0128 | RobustPrompt-T Loss 1.4206  
Epoch 035 |  Time(s) 0.0126 | RobustPrompt-T Loss 1.4107  
Epoch 036 |  Time(s) 0.0128 | RobustPrompt-T Loss 1.4739  
Epoch 037 |  Time(s) 0.0129 | RobustPrompt-T Loss 1.3174  
Epoch 038 |  Time(s) 0.0130 | RobustPrompt-T Loss 1.5871  
Epoch 039 |  Time(s) 0.0129 | RobustPrompt-T Loss 1.4414  
Epoch 040 |  Time(s) 0.0129 | RobustPrompt-T Loss 1.3181  
Epoch 041 |  Time(s) 0.0126 | RobustPrompt-T Loss 1.3191  
Epoch 042 |  Time(s) 0.0127 | RobustPrompt-T Loss 1.2183  
Epoch 043 |  Time(s) 0.0128 | RobustPrompt-T Loss 1.1814  
Epoch 044 |  Time(s) 0.0125 | RobustPrompt-T Loss 1.1954  
Epoch 045 |  Time(s) 0.0126 | RobustPrompt-T Loss 1.1532  
Epoch 046 |  Time(s) 0.0127 | RobustPrompt-T Loss 1.1292  
Epoch 047 |  Time(s) 0.0122 | RobustPrompt-T Loss 1.1642  
Epoch 048 |  Time(s) 0.0123 | RobustPrompt-T Loss 1.0825  
Epoch 049 |  Time(s) 0.0122 | RobustPrompt-T Loss 1.1189  
Epoch 050 |  Time(s) 0.0126 | RobustPrompt-T Loss 1.0808  
Epoch 051 |  Time(s) 0.0124 | RobustPrompt-T Loss 1.0213  
Epoch 052 |  Time(s) 0.0126 | RobustPrompt-T Loss 1.0420  
Epoch 053 |  Time(s) 0.0123 | RobustPrompt-T Loss 1.0543  
Epoch 054 |  Time(s) 0.0126 | RobustPrompt-T Loss 0.9667  
Epoch 055 |  Time(s) 0.0125 | RobustPrompt-T Loss 1.0178  
Epoch 056 |  Time(s) 0.0126 | RobustPrompt-T Loss 0.9428  
Epoch 057 |  Time(s) 0.0126 | RobustPrompt-T Loss 0.9211  
Epoch 058 |  Time(s) 0.0129 | RobustPrompt-T Loss 0.9476  
Epoch 059 |  Time(s) 0.0144 | RobustPrompt-T Loss 0.8831  
Epoch 060 |  Time(s) 0.0125 | RobustPrompt-T Loss 0.8698  
Epoch 061 |  Time(s) 0.0128 | RobustPrompt-T Loss 0.8728  
Epoch 062 |  Time(s) 0.0125 | RobustPrompt-T Loss 0.8705  
Epoch 063 |  Time(s) 0.0124 | RobustPrompt-T Loss 0.8209  
Epoch 064 |  Time(s) 0.0127 | RobustPrompt-T Loss 0.8003  
Epoch 065 |  Time(s) 0.0132 | RobustPrompt-T Loss 0.7903  
Epoch 066 |  Time(s) 0.0131 | RobustPrompt-T Loss 0.8001  
Epoch 067 |  Time(s) 0.0130 | RobustPrompt-T Loss 0.7634  
Epoch 068 |  Time(s) 0.0132 | RobustPrompt-T Loss 0.7421  
Epoch 069 |  Time(s) 0.0130 | RobustPrompt-T Loss 0.7256  
Epoch 070 |  Time(s) 0.0130 | RobustPrompt-T Loss 0.7121  
Epoch 071 |  Time(s) 0.0127 | RobustPrompt-T Loss 0.7020  
Epoch 072 |  Time(s) 0.0131 | RobustPrompt-T Loss 0.7046  
Epoch 073 |  Time(s) 0.0126 | RobustPrompt-T Loss 0.7499  
Epoch 074 |  Time(s) 0.0129 | RobustPrompt-T Loss 0.6629  
Epoch 075 |  Time(s) 0.0129 | RobustPrompt-T Loss 0.9042  
Epoch 076 |  Time(s) 0.0129 | RobustPrompt-T Loss 0.7764  
Epoch 077 |  Time(s) 0.0130 | RobustPrompt-T Loss 0.7081  
Epoch 078 |  Time(s) 0.0130 | RobustPrompt-T Loss 0.7163  
Epoch 079 |  Time(s) 0.0129 | RobustPrompt-T Loss 0.6560  
Epoch 080 |  Time(s) 0.0130 | RobustPrompt-T Loss 0.6096  
Epoch 081 |  Time(s) 0.0130 | RobustPrompt-T Loss 0.7641  
Epoch 082 |  Time(s) 0.0130 | RobustPrompt-T Loss 0.6722  
Epoch 083 |  Time(s) 0.0130 | RobustPrompt-T Loss 0.6815  
Epoch 084 |  Time(s) 0.0129 | RobustPrompt-T Loss 0.6344  
Epoch 085 |  Time(s) 0.0131 | RobustPrompt-T Loss 0.6738  
Epoch 086 |  Time(s) 0.0130 | RobustPrompt-T Loss 0.6025  
Epoch 087 |  Time(s) 0.0129 | RobustPrompt-T Loss 0.7217  
Epoch 088 |  Time(s) 0.0131 | RobustPrompt-T Loss 0.6947  
Epoch 089 |  Time(s) 0.0127 | RobustPrompt-T Loss 0.5841  
Epoch 090 |  Time(s) 0.0126 | RobustPrompt-T Loss 0.5880  
Epoch 091 |  Time(s) 0.0128 | RobustPrompt-T Loss 0.6577  
Epoch 092 |  Time(s) 0.0130 | RobustPrompt-T Loss 0.6413  
Epoch 093 |  Time(s) 0.0126 | RobustPrompt-T Loss 0.5806  
Epoch 094 |  Time(s) 0.0127 | RobustPrompt-T Loss 0.5953  
Epoch 095 |  Time(s) 0.0120 | RobustPrompt-T Loss 0.5738  
Epoch 096 |  Time(s) 0.0119 | RobustPrompt-T Loss 0.5716  
Epoch 097 |  Time(s) 0.0123 | RobustPrompt-T Loss 0.5684  
Epoch 098 |  Time(s) 0.0128 | RobustPrompt-T Loss 0.5737  
Epoch 099 |  Time(s) 0.0128 | RobustPrompt-T Loss 0.5296  
Epoch 100 |  Time(s) 0.0122 | RobustPrompt-T Loss 0.5266  
Epoch 101 |  Time(s) 0.0120 | RobustPrompt-T Loss 0.5487  
Epoch 102 |  Time(s) 0.0127 | RobustPrompt-T Loss 0.5309  
Epoch 103 |  Time(s) 0.0131 | RobustPrompt-T Loss 0.5197  
Epoch 104 |  Time(s) 0.0126 | RobustPrompt-T Loss 0.5059  
Epoch 105 |  Time(s) 0.0128 | RobustPrompt-T Loss 0.5098  
Epoch 106 |  Time(s) 0.0130 | RobustPrompt-T Loss 0.4893  
Epoch 107 |  Time(s) 0.0128 | RobustPrompt-T Loss 0.5023  
Epoch 108 |  Time(s) 0.0130 | RobustPrompt-T Loss 0.4794  
Epoch 109 |  Time(s) 0.0126 | RobustPrompt-T Loss 0.4794  
Epoch 110 |  Time(s) 0.0131 | RobustPrompt-T Loss 0.4503  
Epoch 111 |  Time(s) 0.0131 | RobustPrompt-T Loss 0.4842  
Epoch 112 |  Time(s) 0.0132 | RobustPrompt-T Loss 0.4471  
Epoch 113 |  Time(s) 0.0122 | RobustPrompt-T Loss 0.4535  
Epoch 114 |  Time(s) 0.0125 | RobustPrompt-T Loss 0.4185  
Epoch 115 |  Time(s) 0.0124 | RobustPrompt-T Loss 0.4478  
Epoch 116 |  Time(s) 0.0131 | RobustPrompt-T Loss 0.4068  
Epoch 117 |  Time(s) 0.0127 | RobustPrompt-T Loss 0.4237  
Epoch 118 |  Time(s) 0.0128 | RobustPrompt-T Loss 0.3890  
Epoch 119 |  Time(s) 0.0126 | RobustPrompt-T Loss 0.4043  
Epoch 120 |  Time(s) 0.0127 | RobustPrompt-T Loss 0.3683  
Epoch 121 |  Time(s) 0.0131 | RobustPrompt-T Loss 0.3892  
Epoch 122 |  Time(s) 0.0128 | RobustPrompt-T Loss 0.3637  
Epoch 123 |  Time(s) 0.0128 | RobustPrompt-T Loss 0.3634  
Epoch 124 |  Time(s) 0.0132 | RobustPrompt-T Loss 0.3413  
Epoch 125 |  Time(s) 0.0129 | RobustPrompt-T Loss 0.3521  
Epoch 126 |  Time(s) 0.0126 | RobustPrompt-T Loss 0.3383  
Epoch 127 |  Time(s) 0.0127 | RobustPrompt-T Loss 0.3262  
Epoch 128 |  Time(s) 0.0128 | RobustPrompt-T Loss 0.3128  
Epoch 129 |  Time(s) 0.0130 | RobustPrompt-T Loss 0.3265  
Epoch 130 |  Time(s) 0.0131 | RobustPrompt-T Loss 0.3117  
Epoch 131 |  Time(s) 0.0130 | RobustPrompt-T Loss 0.3025  
Epoch 132 |  Time(s) 0.0130 | RobustPrompt-T Loss 0.2849  
Epoch 133 |  Time(s) 0.0129 | RobustPrompt-T Loss 0.3022  
Epoch 134 |  Time(s) 0.0127 | RobustPrompt-T Loss 0.2904  
Epoch 135 |  Time(s) 0.0127 | RobustPrompt-T Loss 0.2753  
Epoch 136 |  Time(s) 0.0127 | RobustPrompt-T Loss 0.2597  
Epoch 137 |  Time(s) 0.0128 | RobustPrompt-T Loss 0.2802  
Epoch 138 |  Time(s) 0.0125 | RobustPrompt-T Loss 0.2696  
Epoch 139 |  Time(s) 0.0127 | RobustPrompt-T Loss 0.2492  
Epoch 140 |  Time(s) 0.0127 | RobustPrompt-T Loss 0.2392  
Epoch 141 |  Time(s) 0.0125 | RobustPrompt-T Loss 0.2614  
Epoch 142 |  Time(s) 0.0128 | RobustPrompt-T Loss 0.2405  
Epoch 143 |  Time(s) 0.0127 | RobustPrompt-T Loss 0.2377  
Epoch 144 |  Time(s) 0.0132 | RobustPrompt-T Loss 0.2244  
Epoch 145 |  Time(s) 0.0129 | RobustPrompt-T Loss 0.2290  
Epoch 146 |  Time(s) 0.0122 | RobustPrompt-T Loss 0.2173  
Epoch 147 |  Time(s) 0.0127 | RobustPrompt-T Loss 0.2109  
Epoch 148 |  Time(s) 0.0129 | RobustPrompt-T Loss 0.2025  
Epoch 149 |  Time(s) 0.0130 | RobustPrompt-T Loss 0.2166  
Epoch 150 |  Time(s) 0.0126 | RobustPrompt-T Loss 0.1980  
Epoch 151 |  Time(s) 0.0129 | RobustPrompt-T Loss 0.1888  
Epoch 152 |  Time(s) 0.0128 | RobustPrompt-T Loss 0.1777  
Epoch 153 |  Time(s) 0.0132 | RobustPrompt-T Loss 0.1985  
Epoch 154 |  Time(s) 0.0129 | RobustPrompt-T Loss 0.1863  
Epoch 155 |  Time(s) 0.0130 | RobustPrompt-T Loss 0.1601  
Epoch 156 |  Time(s) 0.0130 | RobustPrompt-T Loss 0.1572  
Epoch 157 |  Time(s) 0.0130 | RobustPrompt-T Loss 0.1689  
Epoch 158 |  Time(s) 0.0130 | RobustPrompt-T Loss 0.1887  
Epoch 159 |  Time(s) 0.0131 | RobustPrompt-T Loss 0.1388  
Epoch 160 |  Time(s) 0.0129 | RobustPrompt-T Loss 0.2884  
Epoch 161 |  Time(s) 0.0130 | RobustPrompt-T Loss 0.3372  
Epoch 162 |  Time(s) 0.0131 | RobustPrompt-T Loss 0.1451  
Epoch 163 |  Time(s) 0.0130 | RobustPrompt-T Loss 0.2147  
Epoch 164 |  Time(s) 0.0131 | RobustPrompt-T Loss 0.2833  
Epoch 165 |  Time(s) 0.0130 | RobustPrompt-T Loss 0.2099  
Epoch 166 |  Time(s) 0.0131 | RobustPrompt-T Loss 0.1667  
Epoch 167 |  Time(s) 0.0130 | RobustPrompt-T Loss 0.1899  
Epoch 168 |  Time(s) 0.0131 | RobustPrompt-T Loss 0.1804  
Epoch 169 |  Time(s) 0.0129 | RobustPrompt-T Loss 0.1876  
Epoch 170 |  Time(s) 0.0129 | RobustPrompt-T Loss 0.1412  
Epoch 171 |  Time(s) 0.0130 | RobustPrompt-T Loss 0.1405  
Epoch 172 |  Time(s) 0.0129 | RobustPrompt-T Loss 0.1467  
Epoch 173 |  Time(s) 0.0131 | RobustPrompt-T Loss 0.1125  
Epoch 174 |  Time(s) 0.0130 | RobustPrompt-T Loss 0.1546  
Epoch 175 |  Time(s) 0.0129 | RobustPrompt-T Loss 0.1285  
Epoch 176 |  Time(s) 0.0131 | RobustPrompt-T Loss 0.1054  
Epoch 177 |  Time(s) 0.0129 | RobustPrompt-T Loss 0.1631  
Epoch 178 |  Time(s) 0.0130 | RobustPrompt-T Loss 0.1101  
Epoch 179 |  Time(s) 0.0130 | RobustPrompt-T Loss 0.2527  
Epoch 180 |  Time(s) 0.0130 | RobustPrompt-T Loss 0.2672  
Epoch 181 |  Time(s) 0.0130 | RobustPrompt-T Loss 0.1070  
Epoch 182 |  Time(s) 0.0130 | RobustPrompt-T Loss 0.2416  
Epoch 183 |  Time(s) 0.0130 | RobustPrompt-T Loss 0.1785  
Epoch 184 |  Time(s) 0.0131 | RobustPrompt-T Loss 0.1372  
Epoch 185 |  Time(s) 0.0129 | RobustPrompt-T Loss 0.1306  
Epoch 186 |  Time(s) 0.0130 | RobustPrompt-T Loss 0.1526  
Epoch 187 |  Time(s) 0.0131 | RobustPrompt-T Loss 0.1290  
Epoch 188 |  Time(s) 0.0130 | RobustPrompt-T Loss 0.1361  
Epoch 189 |  Time(s) 0.0130 | RobustPrompt-T Loss 0.1525  
Epoch 190 |  Time(s) 0.0131 | RobustPrompt-T Loss 0.1256  
Epoch 191 |  Time(s) 0.0125 | RobustPrompt-T Loss 0.1015  
Epoch 192 |  Time(s) 0.0128 | RobustPrompt-T Loss 0.1433  
Epoch 193 |  Time(s) 0.0129 | RobustPrompt-T Loss 0.1477  
Epoch 194 |  Time(s) 0.0129 | RobustPrompt-T Loss 0.1269  
Epoch 195 |  Time(s) 0.0130 | RobustPrompt-T Loss 0.1003  
Epoch 196 |  Time(s) 0.0131 | RobustPrompt-T Loss 0.1565  
Epoch 197 |  Time(s) 0.0130 | RobustPrompt-T Loss 0.1282  
Epoch 198 |  Time(s) 0.0129 | RobustPrompt-T Loss 0.1574  
Epoch 199 |  Time(s) 0.0130 | RobustPrompt-T Loss 0.1560  
Epoch 200 |  Time(s) 0.0131 | RobustPrompt-T Loss 0.1244  
Final True Accuracy: 0.0444 | Macro F1 Score: 0.0350
Edge Detection Detail | source=filter_module | active=0 | n_edges=6634 | n_pos=1507 | n_neg=5127 | pos_rate=0.2272 | pred_pos=6529 | pred_pos_rate=0.9842 | tp=1498 | fp=5031 | fn=9 | tn=96 | precision=0.2294 | recall=0.9940 | f1=0.3728 | auc=0.8397 | ap=0.5848 | best_f1=0.6626 | best_threshold=0.9565 | best_precision=0.6483 | best_recall=0.6775 | best_pred_pos_rate=0.2374 | precision_at_k_pos=0.6490 | recall_at_k_pos=0.6490 | all_positive_f1=0.3702 | current_f1_minus_all_positive_f1=0.0026 | hard_mask_all_positive_like=0 | mode=original
Edge Detection Detail | source=tau_tune | active=1 | n_edges=6634 | n_pos=1507 | n_neg=5127 | pos_rate=0.2272 | pred_pos=41 | pred_pos_rate=0.0062 | tp=27 | fp=14 | fn=1480 | tn=5113 | precision=0.6585 | recall=0.0179 | f1=0.0349 | auc=0.7013 | ap=0.4069 | best_f1=0.4473 | best_threshold=0.0100 | best_precision=0.3251 | best_recall=0.7167 | best_pred_pos_rate=0.5008 | precision_at_k_pos=0.3975 | recall_at_k_pos=0.3975 | all_positive_f1=0.3702 | current_f1_minus_all_positive_f1=-0.3353 | hard_mask_all_positive_like=0
Tip Detection | tip=sim_pt | active=0 | node_precision=0.0000 | node_recall=0.0000 | node_f1=0.0000 | edge_precision=0.0000 | edge_recall=0.0000 | edge_f1=0.0000 | edge_auc=0.5000 | node_tp=0 | node_fp=0 | node_fn=957 | edge_tp=0 | edge_fp=0 | edge_fn=1507
Edge Detection Detail | source=sim_pt | active=0 | n_edges=6634 | n_pos=1507 | n_neg=5127 | pos_rate=0.2272 | pred_pos=0 | pred_pos_rate=0.0000 | tp=0 | fp=0 | fn=1507 | tn=5127 | precision=0.0000 | recall=0.0000 | f1=0.0000 | auc=0.5000 | ap=0.2272 | best_f1=nan | best_threshold=nan | best_precision=nan | best_recall=nan | best_pred_pos_rate=nan | precision_at_k_pos=nan | recall_at_k_pos=nan | all_positive_f1=0.3702 | current_f1_minus_all_positive_f1=-0.3702 | hard_mask_all_positive_like=0
Tip Detection | tip=degree_pt | active=1 | node_precision=0.0000 | node_recall=0.0000 | node_f1=0.0000 | edge_precision=0.0000 | edge_recall=0.0000 | edge_f1=0.0000 | edge_auc=0.5000 | node_tp=0 | node_fp=0 | node_fn=957 | edge_tp=0 | edge_fp=0 | edge_fn=1507
Edge Detection Detail | source=degree_pt | active=1 | n_edges=6634 | n_pos=1507 | n_neg=5127 | pos_rate=0.2272 | pred_pos=0 | pred_pos_rate=0.0000 | tp=0 | fp=0 | fn=1507 | tn=5127 | precision=0.0000 | recall=0.0000 | f1=0.0000 | auc=0.5000 | ap=0.2272 | best_f1=nan | best_threshold=nan | best_precision=nan | best_recall=nan | best_pred_pos_rate=nan | precision_at_k_pos=nan | recall_at_k_pos=nan | all_positive_f1=0.3702 | current_f1_minus_all_positive_f1=-0.3702 | hard_mask_all_positive_like=0
Tip Detection | tip=out_detect_pt | active=1 | node_precision=0.3535 | node_recall=1.0000 | node_f1=0.5224 | edge_precision=0.2272 | edge_recall=1.0000 | edge_f1=0.3702 | edge_auc=0.5000 | node_tp=957 | node_fp=1750 | node_fn=0 | edge_tp=1507 | edge_fp=5127 | edge_fn=0
Edge Detection Detail | source=out_detect_pt | active=1 | n_edges=6634 | n_pos=1507 | n_neg=5127 | pos_rate=0.2272 | pred_pos=6531 | pred_pos_rate=0.9845 | tp=1499 | fp=5032 | fn=8 | tn=95 | precision=0.2295 | recall=0.9947 | f1=0.3730 | auc=0.8397 | ap=0.5848 | best_f1=0.6626 | best_threshold=0.9565 | best_precision=0.6483 | best_recall=0.6775 | best_pred_pos_rate=0.2374 | precision_at_k_pos=0.6490 | recall_at_k_pos=0.6490 | all_positive_f1=0.3702 | current_f1_minus_all_positive_f1=0.0028 | hard_mask_all_positive_like=0
best_loss [tensor(0.1244, device='cuda:0', grad_fn=<AddBackward0>)]
load LLC or attacked data with specified split
Successfully loaded the attack of dataname with few shot 5, split 1
Attack method : Meta_Self | Attack ptb : 0.25 | Dataset: Cora
======================
Number of graphs: 1
Number of features: 1433
Number of classes: 7

Data(x=[2708, 1433], edge_index=[2, 15976], y=[2708], train_mask=[2708], val_mask=[2708], test_mask=[2708])
===========================================================================================================
Number of nodes: 2708
Number of edges: 15976
Average node degree: 5.90
Has isolated nodes: False
Has self-loops: True
Is undirected: True
Pollution Diff | added_edges=1507 | deleted_edges=151 | clean_edges=5278 | attack_edges=6634
GCN(
  (conv_layers): ModuleList(
    (0): GCNConv(1433, 256)
    (1): GCNConv(256, 256)
  )
)
Successfully loaded pre-trained weights!
use RobustPrompt Tranductive
defense pt dict :  {'sim_pt': -1.0, 'degree_pt': 1, 'out_detect_pt': 0.5, 'other_pt': 'all'}
use_attention :  False
cosine_constraint :  True
pt_threshold :  0.5
filter_module :  OriginalFilter
temperature :  1.0
weight_mse 0.1
weight_kl :  0.3
weight_constraint :  0.2
run RobustPrompt-T
Epoch 001 |  Time(s) 0.0129 | RobustPrompt-T Loss 1.9434  
Epoch 002 |  Time(s) 0.0122 | RobustPrompt-T Loss 1.9379  
Epoch 003 |  Time(s) 0.0126 | RobustPrompt-T Loss 1.9505  
Epoch 004 |  Time(s) 0.0126 | RobustPrompt-T Loss 1.9247  
Epoch 005 |  Time(s) 0.0126 | RobustPrompt-T Loss 1.9184  
Epoch 006 |  Time(s) 0.0128 | RobustPrompt-T Loss 1.9057  
Epoch 007 |  Time(s) 0.0125 | RobustPrompt-T Loss 1.9099  
Epoch 008 |  Time(s) 0.0126 | RobustPrompt-T Loss 1.9055  
Epoch 009 |  Time(s) 0.0124 | RobustPrompt-T Loss 1.8962  
Epoch 010 |  Time(s) 0.0127 | RobustPrompt-T Loss 1.8856  
Epoch 011 |  Time(s) 0.0127 | RobustPrompt-T Loss 1.8837  
Epoch 012 |  Time(s) 0.0125 | RobustPrompt-T Loss 1.8722  
Epoch 013 |  Time(s) 0.0127 | RobustPrompt-T Loss 1.8593  
Epoch 014 |  Time(s) 0.0124 | RobustPrompt-T Loss 1.8485  
Epoch 015 |  Time(s) 0.0127 | RobustPrompt-T Loss 1.8379  
Epoch 016 |  Time(s) 0.0123 | RobustPrompt-T Loss 1.8328  
Epoch 017 |  Time(s) 0.0126 | RobustPrompt-T Loss 1.8265  
Epoch 018 |  Time(s) 0.0123 | RobustPrompt-T Loss 1.7962  
Epoch 019 |  Time(s) 0.0125 | RobustPrompt-T Loss 1.8070  
Epoch 020 |  Time(s) 0.0124 | RobustPrompt-T Loss 1.7814  
Epoch 021 |  Time(s) 0.0122 | RobustPrompt-T Loss 1.7713  
Epoch 022 |  Time(s) 0.0123 | RobustPrompt-T Loss 1.7343  
Epoch 023 |  Time(s) 0.0123 | RobustPrompt-T Loss 1.7112  
Epoch 024 |  Time(s) 0.0123 | RobustPrompt-T Loss 1.7094  
Epoch 025 |  Time(s) 0.0121 | RobustPrompt-T Loss 1.7176  
Epoch 026 |  Time(s) 0.0124 | RobustPrompt-T Loss 1.7294  
Epoch 027 |  Time(s) 0.0124 | RobustPrompt-T Loss 1.6146  
Epoch 028 |  Time(s) 0.0122 | RobustPrompt-T Loss 1.6084  
Epoch 029 |  Time(s) 0.0125 | RobustPrompt-T Loss 1.7577  
Epoch 030 |  Time(s) 0.0123 | RobustPrompt-T Loss 1.5930  
Epoch 031 |  Time(s) 0.0123 | RobustPrompt-T Loss 1.8387  
Epoch 032 |  Time(s) 0.0126 | RobustPrompt-T Loss 1.8882  
Epoch 033 |  Time(s) 0.0124 | RobustPrompt-T Loss 1.4953  
Epoch 034 |  Time(s) 0.0126 | RobustPrompt-T Loss 1.6956  
Epoch 035 |  Time(s) 0.0123 | RobustPrompt-T Loss 1.6565  
Epoch 036 |  Time(s) 0.0128 | RobustPrompt-T Loss 1.5477  
Epoch 037 |  Time(s) 0.0129 | RobustPrompt-T Loss 1.4199  
Epoch 038 |  Time(s) 0.0131 | RobustPrompt-T Loss 1.6627  
Epoch 039 |  Time(s) 0.0130 | RobustPrompt-T Loss 1.6140  
Epoch 040 |  Time(s) 0.0129 | RobustPrompt-T Loss 1.4690  
Epoch 041 |  Time(s) 0.0129 | RobustPrompt-T Loss 1.4300  
Epoch 042 |  Time(s) 0.0131 | RobustPrompt-T Loss 1.3584  
Epoch 043 |  Time(s) 0.0129 | RobustPrompt-T Loss 1.3024  
Epoch 044 |  Time(s) 0.0126 | RobustPrompt-T Loss 1.3330  
Epoch 045 |  Time(s) 0.0128 | RobustPrompt-T Loss 1.2817  
Epoch 046 |  Time(s) 0.0128 | RobustPrompt-T Loss 1.3164  
Epoch 047 |  Time(s) 0.0130 | RobustPrompt-T Loss 1.2637  
Epoch 048 |  Time(s) 0.0131 | RobustPrompt-T Loss 1.2783  
Epoch 049 |  Time(s) 0.0131 | RobustPrompt-T Loss 1.2319  
Epoch 050 |  Time(s) 0.0130 | RobustPrompt-T Loss 1.2238  
Epoch 051 |  Time(s) 0.0129 | RobustPrompt-T Loss 1.1906  
Epoch 052 |  Time(s) 0.0131 | RobustPrompt-T Loss 1.1645  
Epoch 053 |  Time(s) 0.0130 | RobustPrompt-T Loss 1.1458  
Epoch 054 |  Time(s) 0.0129 | RobustPrompt-T Loss 1.1095  
Epoch 055 |  Time(s) 0.0130 | RobustPrompt-T Loss 1.0980  
Epoch 056 |  Time(s) 0.0130 | RobustPrompt-T Loss 1.0788  
Epoch 057 |  Time(s) 0.0127 | RobustPrompt-T Loss 1.0391  
Epoch 058 |  Time(s) 0.0131 | RobustPrompt-T Loss 1.0276  
Epoch 059 |  Time(s) 0.0133 | RobustPrompt-T Loss 1.0071  
Epoch 060 |  Time(s) 0.0130 | RobustPrompt-T Loss 0.9973  
Epoch 061 |  Time(s) 0.0130 | RobustPrompt-T Loss 0.9610  
Epoch 062 |  Time(s) 0.0130 | RobustPrompt-T Loss 0.9335  
Epoch 063 |  Time(s) 0.0129 | RobustPrompt-T Loss 0.8996  
Epoch 064 |  Time(s) 0.0130 | RobustPrompt-T Loss 0.8834  
Epoch 065 |  Time(s) 0.0129 | RobustPrompt-T Loss 0.8752  
Epoch 066 |  Time(s) 0.0130 | RobustPrompt-T Loss 0.9105  
Epoch 067 |  Time(s) 0.0130 | RobustPrompt-T Loss 0.8311  
Epoch 068 |  Time(s) 0.0130 | RobustPrompt-T Loss 1.0139  
Epoch 069 |  Time(s) 0.0132 | RobustPrompt-T Loss 0.9999  
Epoch 070 |  Time(s) 0.0129 | RobustPrompt-T Loss 0.8138  
Epoch 071 |  Time(s) 0.0130 | RobustPrompt-T Loss 0.8699  
Epoch 072 |  Time(s) 0.0129 | RobustPrompt-T Loss 0.8692  
Epoch 073 |  Time(s) 0.0126 | RobustPrompt-T Loss 0.7380  
Epoch 074 |  Time(s) 0.0127 | RobustPrompt-T Loss 0.7766  
Epoch 075 |  Time(s) 0.0130 | RobustPrompt-T Loss 0.7050  
Epoch 076 |  Time(s) 0.0129 | RobustPrompt-T Loss 0.7116  
Epoch 077 |  Time(s) 0.0131 | RobustPrompt-T Loss 0.6967  
Epoch 078 |  Time(s) 0.0129 | RobustPrompt-T Loss 0.6585  
Epoch 079 |  Time(s) 0.0129 | RobustPrompt-T Loss 0.6667  
Epoch 080 |  Time(s) 0.0130 | RobustPrompt-T Loss 0.6687  
Epoch 081 |  Time(s) 0.0129 | RobustPrompt-T Loss 0.6903  
Epoch 082 |  Time(s) 0.0126 | RobustPrompt-T Loss 0.6177  
Epoch 083 |  Time(s) 0.0129 | RobustPrompt-T Loss 0.8178  
Epoch 084 |  Time(s) 0.0131 | RobustPrompt-T Loss 0.7999  
Epoch 085 |  Time(s) 0.0128 | RobustPrompt-T Loss 0.6382  
Epoch 086 |  Time(s) 0.0130 | RobustPrompt-T Loss 0.6075  
Epoch 087 |  Time(s) 0.0129 | RobustPrompt-T Loss 0.6658  
Epoch 088 |  Time(s) 0.0130 | RobustPrompt-T Loss 0.5261  
Epoch 089 |  Time(s) 0.0129 | RobustPrompt-T Loss 0.6584  
Epoch 090 |  Time(s) 0.0130 | RobustPrompt-T Loss 0.5602  
Epoch 091 |  Time(s) 0.0131 | RobustPrompt-T Loss 0.5563  
Epoch 092 |  Time(s) 0.0130 | RobustPrompt-T Loss 0.6535  
Epoch 093 |  Time(s) 0.0130 | RobustPrompt-T Loss 0.6218  
Epoch 094 |  Time(s) 0.0131 | RobustPrompt-T Loss 0.4771  
Epoch 095 |  Time(s) 0.0130 | RobustPrompt-T Loss 0.4821  
Epoch 096 |  Time(s) 0.0129 | RobustPrompt-T Loss 0.4561  
Epoch 097 |  Time(s) 0.0130 | RobustPrompt-T Loss 0.4497  
Epoch 098 |  Time(s) 0.0129 | RobustPrompt-T Loss 0.5029  
Epoch 099 |  Time(s) 0.0131 | RobustPrompt-T Loss 0.4324  
Epoch 100 |  Time(s) 0.0129 | RobustPrompt-T Loss 0.4253  
Epoch 101 |  Time(s) 0.0126 | RobustPrompt-T Loss 0.5269  
Epoch 102 |  Time(s) 0.0134 | RobustPrompt-T Loss 0.4519  
Epoch 103 |  Time(s) 0.0132 | RobustPrompt-T Loss 0.4975  
Epoch 104 |  Time(s) 0.0132 | RobustPrompt-T Loss 0.5315  
Epoch 105 |  Time(s) 0.0129 | RobustPrompt-T Loss 0.3577  
Epoch 106 |  Time(s) 0.0131 | RobustPrompt-T Loss 0.4019  
Epoch 107 |  Time(s) 0.0130 | RobustPrompt-T Loss 0.3605  
Epoch 108 |  Time(s) 0.0131 | RobustPrompt-T Loss 0.3503  
Epoch 109 |  Time(s) 0.0130 | RobustPrompt-T Loss 0.3315  
Epoch 110 |  Time(s) 0.0130 | RobustPrompt-T Loss 0.3487  
Epoch 111 |  Time(s) 0.0130 | RobustPrompt-T Loss 0.3255  
Epoch 112 |  Time(s) 0.0130 | RobustPrompt-T Loss 0.3168  
Epoch 113 |  Time(s) 0.0130 | RobustPrompt-T Loss 0.3366  
Epoch 114 |  Time(s) 0.0130 | RobustPrompt-T Loss 0.2792  
Epoch 115 |  Time(s) 0.0130 | RobustPrompt-T Loss 0.3105  
Epoch 116 |  Time(s) 0.0131 | RobustPrompt-T Loss 0.2618  
Epoch 117 |  Time(s) 0.0130 | RobustPrompt-T Loss 0.2748  
Epoch 118 |  Time(s) 0.0130 | RobustPrompt-T Loss 0.2489  
Epoch 119 |  Time(s) 0.0130 | RobustPrompt-T Loss 0.2528  
Epoch 120 |  Time(s) 0.0130 | RobustPrompt-T Loss 0.2919  
Epoch 121 |  Time(s) 0.0130 | RobustPrompt-T Loss 0.2251  
Epoch 122 |  Time(s) 0.0130 | RobustPrompt-T Loss 0.4234  
Epoch 123 |  Time(s) 0.0130 | RobustPrompt-T Loss 0.4275  
Epoch 124 |  Time(s) 0.0130 | RobustPrompt-T Loss 0.2069  
Epoch 125 |  Time(s) 0.0131 | RobustPrompt-T Loss 0.2851  
Epoch 126 |  Time(s) 0.0130 | RobustPrompt-T Loss 0.2223  
Epoch 127 |  Time(s) 0.0130 | RobustPrompt-T Loss 0.3309  
Epoch 128 |  Time(s) 0.0130 | RobustPrompt-T Loss 0.2835  
Epoch 129 |  Time(s) 0.0129 | RobustPrompt-T Loss 0.2520  
Epoch 130 |  Time(s) 0.0130 | RobustPrompt-T Loss 0.2195  
Epoch 131 |  Time(s) 0.0130 | RobustPrompt-T Loss 0.2857  
Epoch 132 |  Time(s) 0.0130 | RobustPrompt-T Loss 0.2796  
Epoch 133 |  Time(s) 0.0130 | RobustPrompt-T Loss 0.2319  
Epoch 134 |  Time(s) 0.0130 | RobustPrompt-T Loss 0.2446  
Epoch 135 |  Time(s) 0.0130 | RobustPrompt-T Loss 0.2077  
Epoch 136 |  Time(s) 0.0130 | RobustPrompt-T Loss 0.2029  
Epoch 137 |  Time(s) 0.0130 | RobustPrompt-T Loss 0.2167  
Epoch 138 |  Time(s) 0.0130 | RobustPrompt-T Loss 0.1920  
Epoch 139 |  Time(s) 0.0130 | RobustPrompt-T Loss 0.2497  
Epoch 140 |  Time(s) 0.0130 | RobustPrompt-T Loss 0.2142  
Epoch 141 |  Time(s) 0.0130 | RobustPrompt-T Loss 0.2798  
Epoch 142 |  Time(s) 0.0131 | RobustPrompt-T Loss 0.2605  
Epoch 143 |  Time(s) 0.0130 | RobustPrompt-T Loss 0.1789  
Epoch 144 |  Time(s) 0.0130 | RobustPrompt-T Loss 0.1749  
Epoch 145 |  Time(s) 0.0130 | RobustPrompt-T Loss 0.2806  
Epoch 146 |  Time(s) 0.0129 | RobustPrompt-T Loss 0.2622  
Epoch 147 |  Time(s) 0.0130 | RobustPrompt-T Loss 0.1799  
Epoch 148 |  Time(s) 0.0130 | RobustPrompt-T Loss 0.1828  
Epoch 149 |  Time(s) 0.0130 | RobustPrompt-T Loss 0.1994  
Epoch 150 |  Time(s) 0.0131 | RobustPrompt-T Loss 0.1838  
Epoch 151 |  Time(s) 0.0130 | RobustPrompt-T Loss 0.2161  
Epoch 152 |  Time(s) 0.0130 | RobustPrompt-T Loss 0.1875  
Epoch 153 |  Time(s) 0.0130 | RobustPrompt-T Loss 0.1958  
Epoch 154 |  Time(s) 0.0131 | RobustPrompt-T Loss 0.1765  
Epoch 155 |  Time(s) 0.0130 | RobustPrompt-T Loss 0.2083  
Epoch 156 |  Time(s) 0.0129 | RobustPrompt-T Loss 0.1978  
Epoch 157 |  Time(s) 0.0130 | RobustPrompt-T Loss 0.1781  
Epoch 158 |  Time(s) 0.0131 | RobustPrompt-T Loss 0.1756  
Epoch 159 |  Time(s) 0.0130 | RobustPrompt-T Loss 0.1891  
Epoch 160 |  Time(s) 0.0130 | RobustPrompt-T Loss 0.1778  
Epoch 161 |  Time(s) 0.0131 | RobustPrompt-T Loss 0.1706  
Epoch 162 |  Time(s) 0.0131 | RobustPrompt-T Loss 0.1554  
Epoch 163 |  Time(s) 0.0129 | RobustPrompt-T Loss 0.1876  
Epoch 164 |  Time(s) 0.0129 | RobustPrompt-T Loss 0.1647  
Epoch 165 |  Time(s) 0.0130 | RobustPrompt-T Loss 0.1814  
Epoch 166 |  Time(s) 0.0130 | RobustPrompt-T Loss 0.1654  
Epoch 167 |  Time(s) 0.0130 | RobustPrompt-T Loss 0.1752  
Epoch 168 |  Time(s) 0.0130 | RobustPrompt-T Loss 0.1629  
Epoch 169 |  Time(s) 0.0129 | RobustPrompt-T Loss 0.1704  
Epoch 170 |  Time(s) 0.0130 | RobustPrompt-T Loss 0.1624  
Epoch 171 |  Time(s) 0.0131 | RobustPrompt-T Loss 0.1641  
Epoch 172 |  Time(s) 0.0130 | RobustPrompt-T Loss 0.1516  
Epoch 173 |  Time(s) 0.0130 | RobustPrompt-T Loss 0.1682  
Epoch 174 |  Time(s) 0.0130 | RobustPrompt-T Loss 0.1606  
Epoch 175 |  Time(s) 0.0130 | RobustPrompt-T Loss 0.1513  
Epoch 176 |  Time(s) 0.0130 | RobustPrompt-T Loss 0.1369  
Epoch 177 |  Time(s) 0.0128 | RobustPrompt-T Loss 0.1752  
Epoch 178 |  Time(s) 0.0131 | RobustPrompt-T Loss 0.1593  
Epoch 179 |  Time(s) 0.0130 | RobustPrompt-T Loss 0.1432  
Epoch 180 |  Time(s) 0.0129 | RobustPrompt-T Loss 0.1330  
Epoch 181 |  Time(s) 0.0132 | RobustPrompt-T Loss 0.1692  
Epoch 182 |  Time(s) 0.0132 | RobustPrompt-T Loss 0.1556  
Epoch 183 |  Time(s) 0.0129 | RobustPrompt-T Loss 0.1403  
Epoch 184 |  Time(s) 0.0130 | RobustPrompt-T Loss 0.1331  
Epoch 185 |  Time(s) 0.0121 | RobustPrompt-T Loss 0.1569  
Epoch 186 |  Time(s) 0.0121 | RobustPrompt-T Loss 0.1439  
Epoch 187 |  Time(s) 0.0123 | RobustPrompt-T Loss 0.1426  
Epoch 188 |  Time(s) 0.0123 | RobustPrompt-T Loss 0.1330  
Epoch 189 |  Time(s) 0.0127 | RobustPrompt-T Loss 0.1487  
Epoch 190 |  Time(s) 0.0133 | RobustPrompt-T Loss 0.1363  
Epoch 191 |  Time(s) 0.0131 | RobustPrompt-T Loss 0.1410  
Epoch 192 |  Time(s) 0.0125 | RobustPrompt-T Loss 0.1294  
Epoch 193 |  Time(s) 0.0127 | RobustPrompt-T Loss 0.1433  
Epoch 194 |  Time(s) 0.0129 | RobustPrompt-T Loss 0.1325  
Epoch 195 |  Time(s) 0.0124 | RobustPrompt-T Loss 0.1372  
Epoch 196 |  Time(s) 0.0127 | RobustPrompt-T Loss 0.1266  
Epoch 197 |  Time(s) 0.0129 | RobustPrompt-T Loss 0.1388  
Epoch 198 |  Time(s) 0.0128 | RobustPrompt-T Loss 0.1295  
Epoch 199 |  Time(s) 0.0129 | RobustPrompt-T Loss 0.1320  
Epoch 200 |  Time(s) 0.0130 | RobustPrompt-T Loss 0.1215  
Final True Accuracy: 0.0486 | Macro F1 Score: 0.0393
Edge Detection Detail | source=filter_module | active=0 | n_edges=6634 | n_pos=1507 | n_neg=5127 | pos_rate=0.2272 | pred_pos=6529 | pred_pos_rate=0.9842 | tp=1498 | fp=5031 | fn=9 | tn=96 | precision=0.2294 | recall=0.9940 | f1=0.3728 | auc=0.8397 | ap=0.5848 | best_f1=0.6626 | best_threshold=0.9565 | best_precision=0.6483 | best_recall=0.6775 | best_pred_pos_rate=0.2374 | precision_at_k_pos=0.6490 | recall_at_k_pos=0.6490 | all_positive_f1=0.3702 | current_f1_minus_all_positive_f1=0.0026 | hard_mask_all_positive_like=0 | mode=original
Edge Detection Detail | source=tau_tune | active=1 | n_edges=6634 | n_pos=1507 | n_neg=5127 | pos_rate=0.2272 | pred_pos=45 | pred_pos_rate=0.0068 | tp=29 | fp=16 | fn=1478 | tn=5111 | precision=0.6444 | recall=0.0192 | f1=0.0374 | auc=0.7052 | ap=0.4055 | best_f1=0.4537 | best_threshold=0.0097 | best_precision=0.3247 | best_recall=0.7525 | best_pred_pos_rate=0.5264 | precision_at_k_pos=0.4015 | recall_at_k_pos=0.4015 | all_positive_f1=0.3702 | current_f1_minus_all_positive_f1=-0.3329 | hard_mask_all_positive_like=0
Tip Detection | tip=sim_pt | active=0 | node_precision=0.0000 | node_recall=0.0000 | node_f1=0.0000 | edge_precision=0.0000 | edge_recall=0.0000 | edge_f1=0.0000 | edge_auc=0.5000 | node_tp=0 | node_fp=0 | node_fn=957 | edge_tp=0 | edge_fp=0 | edge_fn=1507
Edge Detection Detail | source=sim_pt | active=0 | n_edges=6634 | n_pos=1507 | n_neg=5127 | pos_rate=0.2272 | pred_pos=0 | pred_pos_rate=0.0000 | tp=0 | fp=0 | fn=1507 | tn=5127 | precision=0.0000 | recall=0.0000 | f1=0.0000 | auc=0.5000 | ap=0.2272 | best_f1=nan | best_threshold=nan | best_precision=nan | best_recall=nan | best_pred_pos_rate=nan | precision_at_k_pos=nan | recall_at_k_pos=nan | all_positive_f1=0.3702 | current_f1_minus_all_positive_f1=-0.3702 | hard_mask_all_positive_like=0
Tip Detection | tip=degree_pt | active=1 | node_precision=0.0000 | node_recall=0.0000 | node_f1=0.0000 | edge_precision=0.0000 | edge_recall=0.0000 | edge_f1=0.0000 | edge_auc=0.5000 | node_tp=0 | node_fp=0 | node_fn=957 | edge_tp=0 | edge_fp=0 | edge_fn=1507
Edge Detection Detail | source=degree_pt | active=1 | n_edges=6634 | n_pos=1507 | n_neg=5127 | pos_rate=0.2272 | pred_pos=0 | pred_pos_rate=0.0000 | tp=0 | fp=0 | fn=1507 | tn=5127 | precision=0.0000 | recall=0.0000 | f1=0.0000 | auc=0.5000 | ap=0.2272 | best_f1=nan | best_threshold=nan | best_precision=nan | best_recall=nan | best_pred_pos_rate=nan | precision_at_k_pos=nan | recall_at_k_pos=nan | all_positive_f1=0.3702 | current_f1_minus_all_positive_f1=-0.3702 | hard_mask_all_positive_like=0
Tip Detection | tip=out_detect_pt | active=1 | node_precision=0.3535 | node_recall=1.0000 | node_f1=0.5224 | edge_precision=0.2272 | edge_recall=1.0000 | edge_f1=0.3702 | edge_auc=0.5000 | node_tp=957 | node_fp=1750 | node_fn=0 | edge_tp=1507 | edge_fp=5127 | edge_fn=0
Edge Detection Detail | source=out_detect_pt | active=1 | n_edges=6634 | n_pos=1507 | n_neg=5127 | pos_rate=0.2272 | pred_pos=6531 | pred_pos_rate=0.9845 | tp=1499 | fp=5032 | fn=8 | tn=95 | precision=0.2295 | recall=0.9947 | f1=0.3730 | auc=0.8397 | ap=0.5848 | best_f1=0.6626 | best_threshold=0.9565 | best_precision=0.6483 | best_recall=0.6775 | best_pred_pos_rate=0.2374 | precision_at_k_pos=0.6490 | recall_at_k_pos=0.6490 | all_positive_f1=0.3702 | current_f1_minus_all_positive_f1=0.0028 | hard_mask_all_positive_like=0
best_loss [tensor(0.1215, device='cuda:0', grad_fn=<AddBackward0>)]
load LLC or attacked data with specified split
Successfully loaded the attack of dataname with few shot 5, split 1
Attack method : Meta_Self | Attack ptb : 0.25 | Dataset: Cora
======================
Number of graphs: 1
Number of features: 1433
Number of classes: 7

Data(x=[2708, 1433], edge_index=[2, 15976], y=[2708], train_mask=[2708], val_mask=[2708], test_mask=[2708])
===========================================================================================================
Number of nodes: 2708
Number of edges: 15976
Average node degree: 5.90
Has isolated nodes: False
Has self-loops: True
Is undirected: True
Pollution Diff | added_edges=1507 | deleted_edges=151 | clean_edges=5278 | attack_edges=6634
GCN(
  (conv_layers): ModuleList(
    (0): GCNConv(1433, 256)
    (1): GCNConv(256, 256)
  )
)
Successfully loaded pre-trained weights!
use RobustPrompt Tranductive
defense pt dict :  {'sim_pt': -1.0, 'degree_pt': 1, 'out_detect_pt': 0.5, 'other_pt': 'all'}
use_attention :  False
cosine_constraint :  True
pt_threshold :  0.5
filter_module :  OriginalFilter
temperature :  1.0
weight_mse 0.1
weight_kl :  0.3
weight_constraint :  0.2
run RobustPrompt-T
Epoch 001 |  Time(s) 0.0134 | RobustPrompt-T Loss 1.9485  
Epoch 002 |  Time(s) 0.0129 | RobustPrompt-T Loss 1.9345  
Epoch 003 |  Time(s) 0.0127 | RobustPrompt-T Loss 1.9520  
Epoch 004 |  Time(s) 0.0125 | RobustPrompt-T Loss 1.9099  
Epoch 005 |  Time(s) 0.0127 | RobustPrompt-T Loss 1.9168  
Epoch 006 |  Time(s) 0.0128 | RobustPrompt-T Loss 1.9144  
Epoch 007 |  Time(s) 0.0125 | RobustPrompt-T Loss 1.8996  
Epoch 008 |  Time(s) 0.0127 | RobustPrompt-T Loss 1.8882  
Epoch 009 |  Time(s) 0.0128 | RobustPrompt-T Loss 1.8837  
Epoch 010 |  Time(s) 0.0124 | RobustPrompt-T Loss 1.8774  
Epoch 011 |  Time(s) 0.0126 | RobustPrompt-T Loss 1.8661  
Epoch 012 |  Time(s) 0.0125 | RobustPrompt-T Loss 1.8525  
Epoch 013 |  Time(s) 0.0127 | RobustPrompt-T Loss 1.8431  
Epoch 014 |  Time(s) 0.0128 | RobustPrompt-T Loss 1.8639  
Epoch 015 |  Time(s) 0.0124 | RobustPrompt-T Loss 1.9384  
Epoch 016 |  Time(s) 0.0128 | RobustPrompt-T Loss 1.8217  
Epoch 017 |  Time(s) 0.0123 | RobustPrompt-T Loss 1.8763  
Epoch 018 |  Time(s) 0.0127 | RobustPrompt-T Loss 1.8074  
Epoch 019 |  Time(s) 0.0124 | RobustPrompt-T Loss 1.8566  
Epoch 020 |  Time(s) 0.0125 | RobustPrompt-T Loss 1.7858  
Epoch 021 |  Time(s) 0.0124 | RobustPrompt-T Loss 1.8268  
Epoch 022 |  Time(s) 0.0122 | RobustPrompt-T Loss 1.7675  
Epoch 023 |  Time(s) 0.0120 | RobustPrompt-T Loss 1.8009  
Epoch 024 |  Time(s) 0.0125 | RobustPrompt-T Loss 1.7610  
Epoch 025 |  Time(s) 0.0122 | RobustPrompt-T Loss 1.7619  
Epoch 026 |  Time(s) 0.0122 | RobustPrompt-T Loss 1.7274  
Epoch 027 |  Time(s) 0.0125 | RobustPrompt-T Loss 1.7120  
Epoch 028 |  Time(s) 0.0122 | RobustPrompt-T Loss 1.7156  
Epoch 029 |  Time(s) 0.0121 | RobustPrompt-T Loss 1.6548  
Epoch 030 |  Time(s) 0.0127 | RobustPrompt-T Loss 1.6653  
Epoch 031 |  Time(s) 0.0122 | RobustPrompt-T Loss 1.6632  
Epoch 032 |  Time(s) 0.0123 | RobustPrompt-T Loss 1.5715  
Epoch 033 |  Time(s) 0.0123 | RobustPrompt-T Loss 1.6705  
Epoch 034 |  Time(s) 0.0124 | RobustPrompt-T Loss 1.5187  
Epoch 035 |  Time(s) 0.0124 | RobustPrompt-T Loss 1.7170  
Epoch 036 |  Time(s) 0.0123 | RobustPrompt-T Loss 1.6429  
Epoch 037 |  Time(s) 0.0124 | RobustPrompt-T Loss 1.4443  
Epoch 038 |  Time(s) 0.0122 | RobustPrompt-T Loss 1.4232  
Epoch 039 |  Time(s) 0.0121 | RobustPrompt-T Loss 1.4763  
Epoch 040 |  Time(s) 0.0122 | RobustPrompt-T Loss 1.4141  
Epoch 041 |  Time(s) 0.0122 | RobustPrompt-T Loss 1.3972  
Epoch 042 |  Time(s) 0.0123 | RobustPrompt-T Loss 1.3690  
Epoch 043 |  Time(s) 0.0123 | RobustPrompt-T Loss 1.3041  
Epoch 044 |  Time(s) 0.0124 | RobustPrompt-T Loss 1.2672  
Epoch 045 |  Time(s) 0.0123 | RobustPrompt-T Loss 1.2739  
Epoch 046 |  Time(s) 0.0122 | RobustPrompt-T Loss 1.2266  
Epoch 047 |  Time(s) 0.0125 | RobustPrompt-T Loss 1.2215  
Epoch 048 |  Time(s) 0.0122 | RobustPrompt-T Loss 1.2042  
Epoch 049 |  Time(s) 0.0122 | RobustPrompt-T Loss 1.1841  
Epoch 050 |  Time(s) 0.0121 | RobustPrompt-T Loss 1.1470  
Epoch 051 |  Time(s) 0.0121 | RobustPrompt-T Loss 1.1313  
Epoch 052 |  Time(s) 0.0121 | RobustPrompt-T Loss 1.1152  
Epoch 053 |  Time(s) 0.0120 | RobustPrompt-T Loss 1.1114  
Epoch 054 |  Time(s) 0.0120 | RobustPrompt-T Loss 1.1294  
Epoch 055 |  Time(s) 0.0124 | RobustPrompt-T Loss 1.0535  
Epoch 056 |  Time(s) 0.0119 | RobustPrompt-T Loss 1.0326  
Epoch 057 |  Time(s) 0.0119 | RobustPrompt-T Loss 1.0069  
Epoch 058 |  Time(s) 0.0123 | RobustPrompt-T Loss 1.0311  
Epoch 059 |  Time(s) 0.0123 | RobustPrompt-T Loss 1.0063  
Epoch 060 |  Time(s) 0.0120 | RobustPrompt-T Loss 0.9562  
Epoch 061 |  Time(s) 0.0122 | RobustPrompt-T Loss 0.9339  
Epoch 062 |  Time(s) 0.0119 | RobustPrompt-T Loss 0.9268  
Epoch 063 |  Time(s) 0.0118 | RobustPrompt-T Loss 0.9342  
Epoch 064 |  Time(s) 0.0123 | RobustPrompt-T Loss 0.8791  
Epoch 065 |  Time(s) 0.0119 | RobustPrompt-T Loss 0.8632  
Epoch 066 |  Time(s) 0.0120 | RobustPrompt-T Loss 0.9163  
Epoch 067 |  Time(s) 0.0120 | RobustPrompt-T Loss 0.8266  
Epoch 068 |  Time(s) 0.0120 | RobustPrompt-T Loss 0.8989  
Epoch 069 |  Time(s) 0.0119 | RobustPrompt-T Loss 0.7994  
Epoch 070 |  Time(s) 0.0122 | RobustPrompt-T Loss 0.8181  
Epoch 071 |  Time(s) 0.0120 | RobustPrompt-T Loss 0.8889  
Epoch 072 |  Time(s) 0.0121 | RobustPrompt-T Loss 0.8040  
Epoch 073 |  Time(s) 0.0120 | RobustPrompt-T Loss 1.0327  
Epoch 074 |  Time(s) 0.0118 | RobustPrompt-T Loss 1.1238  
Epoch 075 |  Time(s) 0.0122 | RobustPrompt-T Loss 0.7342  
Epoch 076 |  Time(s) 0.0121 | RobustPrompt-T Loss 1.1086  
Epoch 077 |  Time(s) 0.0120 | RobustPrompt-T Loss 1.2350  
Epoch 078 |  Time(s) 0.0121 | RobustPrompt-T Loss 0.8555  
Epoch 079 |  Time(s) 0.0124 | RobustPrompt-T Loss 1.0530  
Epoch 080 |  Time(s) 0.0122 | RobustPrompt-T Loss 1.4385  
Epoch 081 |  Time(s) 0.0122 | RobustPrompt-T Loss 1.2140  
Epoch 082 |  Time(s) 0.0121 | RobustPrompt-T Loss 0.8503  
Epoch 083 |  Time(s) 0.0128 | RobustPrompt-T Loss 0.8647  
Epoch 084 |  Time(s) 0.0128 | RobustPrompt-T Loss 0.9045  
Epoch 085 |  Time(s) 0.0122 | RobustPrompt-T Loss 0.8311  
Epoch 086 |  Time(s) 0.0121 | RobustPrompt-T Loss 0.8746  
Epoch 087 |  Time(s) 0.0120 | RobustPrompt-T Loss 0.7663  
Epoch 088 |  Time(s) 0.0121 | RobustPrompt-T Loss 0.8010  
Epoch 089 |  Time(s) 0.0120 | RobustPrompt-T Loss 0.8041  
Epoch 090 |  Time(s) 0.0125 | RobustPrompt-T Loss 0.7544  
Epoch 091 |  Time(s) 0.0125 | RobustPrompt-T Loss 0.7296  
Epoch 092 |  Time(s) 0.0126 | RobustPrompt-T Loss 0.6981  
Epoch 093 |  Time(s) 0.0122 | RobustPrompt-T Loss 0.7389  
Epoch 094 |  Time(s) 0.0121 | RobustPrompt-T Loss 0.6898  
Epoch 095 |  Time(s) 0.0124 | RobustPrompt-T Loss 0.6955  
Epoch 096 |  Time(s) 0.0122 | RobustPrompt-T Loss 0.6630  
Epoch 097 |  Time(s) 0.0122 | RobustPrompt-T Loss 0.6734  
Epoch 098 |  Time(s) 0.0121 | RobustPrompt-T Loss 0.6617  
Epoch 099 |  Time(s) 0.0121 | RobustPrompt-T Loss 0.6567  
Epoch 100 |  Time(s) 0.0120 | RobustPrompt-T Loss 0.6222  
Epoch 101 |  Time(s) 0.0120 | RobustPrompt-T Loss 0.6159  
Epoch 102 |  Time(s) 0.0124 | RobustPrompt-T Loss 0.6430  
Epoch 103 |  Time(s) 0.0122 | RobustPrompt-T Loss 0.5961  
Epoch 104 |  Time(s) 0.0121 | RobustPrompt-T Loss 0.6560  
Epoch 105 |  Time(s) 0.0121 | RobustPrompt-T Loss 0.6141  
Epoch 106 |  Time(s) 0.0121 | RobustPrompt-T Loss 0.6102  
Epoch 107 |  Time(s) 0.0120 | RobustPrompt-T Loss 0.5919  
Epoch 108 |  Time(s) 0.0120 | RobustPrompt-T Loss 0.5986  
Epoch 109 |  Time(s) 0.0121 | RobustPrompt-T Loss 0.5468  
Epoch 110 |  Time(s) 0.0124 | RobustPrompt-T Loss 0.5998  
Epoch 111 |  Time(s) 0.0121 | RobustPrompt-T Loss 0.5536  
Epoch 112 |  Time(s) 0.0122 | RobustPrompt-T Loss 0.5763  
Epoch 113 |  Time(s) 0.0122 | RobustPrompt-T Loss 0.5341  
Epoch 114 |  Time(s) 0.0122 | RobustPrompt-T Loss 0.5565  
Epoch 115 |  Time(s) 0.0120 | RobustPrompt-T Loss 0.5017  
Epoch 116 |  Time(s) 0.0123 | RobustPrompt-T Loss 0.5261  
Epoch 117 |  Time(s) 0.0123 | RobustPrompt-T Loss 0.4855  
Epoch 118 |  Time(s) 0.0120 | RobustPrompt-T Loss 0.5118  
Epoch 119 |  Time(s) 0.0121 | RobustPrompt-T Loss 0.4960  
Epoch 120 |  Time(s) 0.0122 | RobustPrompt-T Loss 0.4642  
Epoch 121 |  Time(s) 0.0120 | RobustPrompt-T Loss 0.4834  
Epoch 122 |  Time(s) 0.0120 | RobustPrompt-T Loss 0.4325  
Epoch 123 |  Time(s) 0.0120 | RobustPrompt-T Loss 0.4161  
Epoch 124 |  Time(s) 0.0124 | RobustPrompt-T Loss 0.4236  
Epoch 125 |  Time(s) 0.0123 | RobustPrompt-T Loss 0.3984  
Epoch 126 |  Time(s) 0.0121 | RobustPrompt-T Loss 0.4443  
Epoch 127 |  Time(s) 0.0120 | RobustPrompt-T Loss 0.3825  
Epoch 128 |  Time(s) 0.0122 | RobustPrompt-T Loss 0.5629  
Epoch 129 |  Time(s) 0.0120 | RobustPrompt-T Loss 0.5550  
Epoch 130 |  Time(s) 0.0120 | RobustPrompt-T Loss 0.3644  
Epoch 131 |  Time(s) 0.0120 | RobustPrompt-T Loss 0.4568  
Epoch 132 |  Time(s) 0.0125 | RobustPrompt-T Loss 0.5106  
Epoch 133 |  Time(s) 0.0122 | RobustPrompt-T Loss 0.3584  
Epoch 134 |  Time(s) 0.0123 | RobustPrompt-T Loss 0.5190  
Epoch 135 |  Time(s) 0.0120 | RobustPrompt-T Loss 0.6161  
Epoch 136 |  Time(s) 0.0125 | RobustPrompt-T Loss 0.3752  
Epoch 137 |  Time(s) 0.0123 | RobustPrompt-T Loss 0.4000  
Epoch 138 |  Time(s) 0.0121 | RobustPrompt-T Loss 0.4641  
Epoch 139 |  Time(s) 0.0121 | RobustPrompt-T Loss 0.3727  
Epoch 140 |  Time(s) 0.0127 | RobustPrompt-T Loss 0.3140  
Epoch 141 |  Time(s) 0.0124 | RobustPrompt-T Loss 0.3415  
Epoch 142 |  Time(s) 0.0123 | RobustPrompt-T Loss 0.2775  
Epoch 143 |  Time(s) 0.0124 | RobustPrompt-T Loss 0.3081  
Epoch 144 |  Time(s) 0.0122 | RobustPrompt-T Loss 0.2701  
Epoch 145 |  Time(s) 0.0121 | RobustPrompt-T Loss 0.3034  
Epoch 146 |  Time(s) 0.0120 | RobustPrompt-T Loss 0.2833  
Epoch 147 |  Time(s) 0.0120 | RobustPrompt-T Loss 0.2565  
Epoch 148 |  Time(s) 0.0120 | RobustPrompt-T Loss 0.3045  
Epoch 149 |  Time(s) 0.0119 | RobustPrompt-T Loss 0.2367  
Epoch 150 |  Time(s) 0.0121 | RobustPrompt-T Loss 0.3054  
Epoch 151 |  Time(s) 0.0124 | RobustPrompt-T Loss 0.2321  
Epoch 152 |  Time(s) 0.0122 | RobustPrompt-T Loss 0.5045  
Epoch 153 |  Time(s) 0.0122 | RobustPrompt-T Loss 0.5670  
Epoch 154 |  Time(s) 0.0122 | RobustPrompt-T Loss 0.2235  
Epoch 155 |  Time(s) 0.0124 | RobustPrompt-T Loss 0.7862  
Epoch 156 |  Time(s) 0.0123 | RobustPrompt-T Loss 1.2384  
Epoch 157 |  Time(s) 0.0123 | RobustPrompt-T Loss 0.5608  
Epoch 158 |  Time(s) 0.0121 | RobustPrompt-T Loss 0.2622  
Epoch 159 |  Time(s) 0.0121 | RobustPrompt-T Loss 0.4762  
Epoch 160 |  Time(s) 0.0124 | RobustPrompt-T Loss 0.3020  
Epoch 161 |  Time(s) 0.0122 | RobustPrompt-T Loss 0.4115  
Epoch 162 |  Time(s) 0.0122 | RobustPrompt-T Loss 0.6235  
Epoch 163 |  Time(s) 0.0120 | RobustPrompt-T Loss 0.3548  
Epoch 164 |  Time(s) 0.0120 | RobustPrompt-T Loss 0.3855  
Epoch 165 |  Time(s) 0.0121 | RobustPrompt-T Loss 0.6490  
Epoch 166 |  Time(s) 0.0120 | RobustPrompt-T Loss 0.4525  
Epoch 167 |  Time(s) 0.0125 | RobustPrompt-T Loss 0.2707  
Epoch 168 |  Time(s) 0.0124 | RobustPrompt-T Loss 0.4266  
Epoch 169 |  Time(s) 0.0120 | RobustPrompt-T Loss 0.3234  
Epoch 170 |  Time(s) 0.0122 | RobustPrompt-T Loss 0.3640  
Epoch 171 |  Time(s) 0.0120 | RobustPrompt-T Loss 0.5278  
Epoch 172 |  Time(s) 0.0120 | RobustPrompt-T Loss 0.3552  
Epoch 173 |  Time(s) 0.0125 | RobustPrompt-T Loss 0.3042  
----------------------------------------------------------------------------------------------------
Early stopping at 174 eopch!
Final True Accuracy: 0.0511 | Macro F1 Score: 0.0363
Edge Detection Detail | source=filter_module | active=0 | n_edges=6634 | n_pos=1507 | n_neg=5127 | pos_rate=0.2272 | pred_pos=6529 | pred_pos_rate=0.9842 | tp=1498 | fp=5031 | fn=9 | tn=96 | precision=0.2294 | recall=0.9940 | f1=0.3728 | auc=0.8397 | ap=0.5848 | best_f1=0.6626 | best_threshold=0.9565 | best_precision=0.6483 | best_recall=0.6775 | best_pred_pos_rate=0.2374 | precision_at_k_pos=0.6490 | recall_at_k_pos=0.6490 | all_positive_f1=0.3702 | current_f1_minus_all_positive_f1=0.0026 | hard_mask_all_positive_like=0 | mode=original
Edge Detection Detail | source=tau_tune | active=1 | n_edges=6634 | n_pos=1507 | n_neg=5127 | pos_rate=0.2272 | pred_pos=55 | pred_pos_rate=0.0083 | tp=39 | fp=16 | fn=1468 | tn=5111 | precision=0.7091 | recall=0.0259 | f1=0.0499 | auc=0.7192 | ap=0.4209 | best_f1=0.4655 | best_threshold=0.0075 | best_precision=0.3371 | best_recall=0.7518 | best_pred_pos_rate=0.5066 | precision_at_k_pos=0.4147 | recall_at_k_pos=0.4147 | all_positive_f1=0.3702 | current_f1_minus_all_positive_f1=-0.3203 | hard_mask_all_positive_like=0
Tip Detection | tip=sim_pt | active=0 | node_precision=0.0000 | node_recall=0.0000 | node_f1=0.0000 | edge_precision=0.0000 | edge_recall=0.0000 | edge_f1=0.0000 | edge_auc=0.5000 | node_tp=0 | node_fp=0 | node_fn=957 | edge_tp=0 | edge_fp=0 | edge_fn=1507
Edge Detection Detail | source=sim_pt | active=0 | n_edges=6634 | n_pos=1507 | n_neg=5127 | pos_rate=0.2272 | pred_pos=0 | pred_pos_rate=0.0000 | tp=0 | fp=0 | fn=1507 | tn=5127 | precision=0.0000 | recall=0.0000 | f1=0.0000 | auc=0.5000 | ap=0.2272 | best_f1=nan | best_threshold=nan | best_precision=nan | best_recall=nan | best_pred_pos_rate=nan | precision_at_k_pos=nan | recall_at_k_pos=nan | all_positive_f1=0.3702 | current_f1_minus_all_positive_f1=-0.3702 | hard_mask_all_positive_like=0
Tip Detection | tip=degree_pt | active=1 | node_precision=0.0000 | node_recall=0.0000 | node_f1=0.0000 | edge_precision=0.0000 | edge_recall=0.0000 | edge_f1=0.0000 | edge_auc=0.5000 | node_tp=0 | node_fp=0 | node_fn=957 | edge_tp=0 | edge_fp=0 | edge_fn=1507
Edge Detection Detail | source=degree_pt | active=1 | n_edges=6634 | n_pos=1507 | n_neg=5127 | pos_rate=0.2272 | pred_pos=0 | pred_pos_rate=0.0000 | tp=0 | fp=0 | fn=1507 | tn=5127 | precision=0.0000 | recall=0.0000 | f1=0.0000 | auc=0.5000 | ap=0.2272 | best_f1=nan | best_threshold=nan | best_precision=nan | best_recall=nan | best_pred_pos_rate=nan | precision_at_k_pos=nan | recall_at_k_pos=nan | all_positive_f1=0.3702 | current_f1_minus_all_positive_f1=-0.3702 | hard_mask_all_positive_like=0
Tip Detection | tip=out_detect_pt | active=1 | node_precision=0.3535 | node_recall=1.0000 | node_f1=0.5224 | edge_precision=0.2272 | edge_recall=1.0000 | edge_f1=0.3702 | edge_auc=0.5000 | node_tp=957 | node_fp=1750 | node_fn=0 | edge_tp=1507 | edge_fp=5127 | edge_fn=0
Edge Detection Detail | source=out_detect_pt | active=1 | n_edges=6634 | n_pos=1507 | n_neg=5127 | pos_rate=0.2272 | pred_pos=6531 | pred_pos_rate=0.9845 | tp=1499 | fp=5032 | fn=8 | tn=95 | precision=0.2295 | recall=0.9947 | f1=0.3730 | auc=0.8397 | ap=0.5848 | best_f1=0.6626 | best_threshold=0.9565 | best_precision=0.6483 | best_recall=0.6775 | best_pred_pos_rate=0.2374 | precision_at_k_pos=0.6490 | recall_at_k_pos=0.6490 | all_positive_f1=0.3702 | current_f1_minus_all_positive_f1=0.0028 | hard_mask_all_positive_like=0
best_loss [tensor(0.4393, device='cuda:0', grad_fn=<AddBackward0>)]
load LLC or attacked data with specified split
Successfully loaded the attack of dataname with few shot 5, split 1
Attack method : Meta_Self | Attack ptb : 0.25 | Dataset: Cora
======================
Number of graphs: 1
Number of features: 1433
Number of classes: 7

Data(x=[2708, 1433], edge_index=[2, 15976], y=[2708], train_mask=[2708], val_mask=[2708], test_mask=[2708])
===========================================================================================================
Number of nodes: 2708
Number of edges: 15976
Average node degree: 5.90
Has isolated nodes: False
Has self-loops: True
Is undirected: True
Pollution Diff | added_edges=1507 | deleted_edges=151 | clean_edges=5278 | attack_edges=6634
GCN(
  (conv_layers): ModuleList(
    (0): GCNConv(1433, 256)
    (1): GCNConv(256, 256)
  )
)
Successfully loaded pre-trained weights!
use RobustPrompt Tranductive
defense pt dict :  {'sim_pt': -1.0, 'degree_pt': 1, 'out_detect_pt': 0.5, 'other_pt': 'all'}
use_attention :  False
cosine_constraint :  True
pt_threshold :  0.5
filter_module :  OriginalFilter
temperature :  1.0
weight_mse 0.1
weight_kl :  0.3
weight_constraint :  0.2
run RobustPrompt-T
Epoch 001 |  Time(s) 0.0131 | RobustPrompt-T Loss 1.9509  
Epoch 002 |  Time(s) 0.0129 | RobustPrompt-T Loss 1.9227  
Epoch 003 |  Time(s) 0.0126 | RobustPrompt-T Loss 1.9406  
Epoch 004 |  Time(s) 0.0128 | RobustPrompt-T Loss 1.9432  
Epoch 005 |  Time(s) 0.0123 | RobustPrompt-T Loss 1.9208  
Epoch 006 |  Time(s) 0.0118 | RobustPrompt-T Loss 1.9283  
Epoch 007 |  Time(s) 0.0121 | RobustPrompt-T Loss 1.9123  
Epoch 008 |  Time(s) 0.0122 | RobustPrompt-T Loss 1.8965  
Epoch 009 |  Time(s) 0.0117 | RobustPrompt-T Loss 1.8964  
Epoch 010 |  Time(s) 0.0118 | RobustPrompt-T Loss 1.8839  
Epoch 011 |  Time(s) 0.0121 | RobustPrompt-T Loss 1.8845  
Epoch 012 |  Time(s) 0.0117 | RobustPrompt-T Loss 1.8759  
Epoch 013 |  Time(s) 0.0118 | RobustPrompt-T Loss 1.8729  
Epoch 014 |  Time(s) 0.0118 | RobustPrompt-T Loss 1.8609  
Epoch 015 |  Time(s) 0.0117 | RobustPrompt-T Loss 1.8612  
Epoch 016 |  Time(s) 0.0116 | RobustPrompt-T Loss 1.8467  
Epoch 017 |  Time(s) 0.0117 | RobustPrompt-T Loss 1.8444  
Epoch 018 |  Time(s) 0.0117 | RobustPrompt-T Loss 1.8290  
Epoch 019 |  Time(s) 0.0117 | RobustPrompt-T Loss 1.8431  
Epoch 020 |  Time(s) 0.0117 | RobustPrompt-T Loss 1.8478  
Epoch 021 |  Time(s) 0.0118 | RobustPrompt-T Loss 1.8396  
Epoch 022 |  Time(s) 0.0118 | RobustPrompt-T Loss 1.7867  
Epoch 023 |  Time(s) 0.0118 | RobustPrompt-T Loss 1.8165  
Epoch 024 |  Time(s) 0.0118 | RobustPrompt-T Loss 1.7512  
Epoch 025 |  Time(s) 0.0120 | RobustPrompt-T Loss 1.7679  
Epoch 026 |  Time(s) 0.0119 | RobustPrompt-T Loss 1.7312  
Epoch 027 |  Time(s) 0.0119 | RobustPrompt-T Loss 1.7972  
Epoch 028 |  Time(s) 0.0118 | RobustPrompt-T Loss 1.7643  
Epoch 029 |  Time(s) 0.0118 | RobustPrompt-T Loss 1.6385  
Epoch 030 |  Time(s) 0.0119 | RobustPrompt-T Loss 1.7628  
Epoch 031 |  Time(s) 0.0117 | RobustPrompt-T Loss 1.6345  
Epoch 032 |  Time(s) 0.0118 | RobustPrompt-T Loss 1.5622  
Epoch 033 |  Time(s) 0.0118 | RobustPrompt-T Loss 1.6643  
Epoch 034 |  Time(s) 0.0118 | RobustPrompt-T Loss 1.5508  
Epoch 035 |  Time(s) 0.0118 | RobustPrompt-T Loss 1.5614  
Epoch 036 |  Time(s) 0.0118 | RobustPrompt-T Loss 1.4887  
Epoch 037 |  Time(s) 0.0118 | RobustPrompt-T Loss 1.4329  
Epoch 038 |  Time(s) 0.0118 | RobustPrompt-T Loss 1.3766  
Epoch 039 |  Time(s) 0.0118 | RobustPrompt-T Loss 1.4539  
Epoch 040 |  Time(s) 0.0117 | RobustPrompt-T Loss 1.3772  
Epoch 041 |  Time(s) 0.0118 | RobustPrompt-T Loss 1.4216  
Epoch 042 |  Time(s) 0.0118 | RobustPrompt-T Loss 1.2936  
Epoch 043 |  Time(s) 0.0117 | RobustPrompt-T Loss 1.4775  
Epoch 044 |  Time(s) 0.0119 | RobustPrompt-T Loss 1.5576  
Epoch 045 |  Time(s) 0.0118 | RobustPrompt-T Loss 1.2230  
Epoch 046 |  Time(s) 0.0118 | RobustPrompt-T Loss 1.3633  
Epoch 047 |  Time(s) 0.0118 | RobustPrompt-T Loss 1.2660  
Epoch 048 |  Time(s) 0.0119 | RobustPrompt-T Loss 1.2092  
Epoch 049 |  Time(s) 0.0118 | RobustPrompt-T Loss 1.2150  
Epoch 050 |  Time(s) 0.0118 | RobustPrompt-T Loss 1.1684  
Epoch 051 |  Time(s) 0.0119 | RobustPrompt-T Loss 1.1194  
Epoch 052 |  Time(s) 0.0119 | RobustPrompt-T Loss 1.1777  
Epoch 053 |  Time(s) 0.0119 | RobustPrompt-T Loss 1.1589  
Epoch 054 |  Time(s) 0.0120 | RobustPrompt-T Loss 1.1111  
Epoch 055 |  Time(s) 0.0120 | RobustPrompt-T Loss 1.0762  
Epoch 056 |  Time(s) 0.0120 | RobustPrompt-T Loss 1.1158  
Epoch 057 |  Time(s) 0.0120 | RobustPrompt-T Loss 1.0939  
Epoch 058 |  Time(s) 0.0121 | RobustPrompt-T Loss 1.0340  
Epoch 059 |  Time(s) 0.0118 | RobustPrompt-T Loss 1.0163  
Epoch 060 |  Time(s) 0.0119 | RobustPrompt-T Loss 1.0349  
Epoch 061 |  Time(s) 0.0119 | RobustPrompt-T Loss 0.9830  
Epoch 062 |  Time(s) 0.0117 | RobustPrompt-T Loss 1.0359  
Epoch 063 |  Time(s) 0.0117 | RobustPrompt-T Loss 1.0365  
Epoch 064 |  Time(s) 0.0119 | RobustPrompt-T Loss 0.9212  
Epoch 065 |  Time(s) 0.0118 | RobustPrompt-T Loss 0.9151  
Epoch 066 |  Time(s) 0.0119 | RobustPrompt-T Loss 0.9369  
Epoch 067 |  Time(s) 0.0118 | RobustPrompt-T Loss 0.9059  
Epoch 068 |  Time(s) 0.0117 | RobustPrompt-T Loss 0.9495  
Epoch 069 |  Time(s) 0.0118 | RobustPrompt-T Loss 0.9200  
Epoch 070 |  Time(s) 0.0118 | RobustPrompt-T Loss 0.8628  
Epoch 071 |  Time(s) 0.0118 | RobustPrompt-T Loss 0.8347  
Epoch 072 |  Time(s) 0.0118 | RobustPrompt-T Loss 0.9373  
Epoch 073 |  Time(s) 0.0118 | RobustPrompt-T Loss 0.9132  
Epoch 074 |  Time(s) 0.0119 | RobustPrompt-T Loss 0.8069  
Epoch 075 |  Time(s) 0.0120 | RobustPrompt-T Loss 0.7926  
Epoch 076 |  Time(s) 0.0118 | RobustPrompt-T Loss 0.8482  
Epoch 077 |  Time(s) 0.0119 | RobustPrompt-T Loss 0.8237  
Epoch 078 |  Time(s) 0.0119 | RobustPrompt-T Loss 0.7740  
Epoch 079 |  Time(s) 0.0120 | RobustPrompt-T Loss 0.7582  
Epoch 080 |  Time(s) 0.0127 | RobustPrompt-T Loss 0.7882  
Epoch 081 |  Time(s) 0.0127 | RobustPrompt-T Loss 0.7508  
Epoch 082 |  Time(s) 0.0129 | RobustPrompt-T Loss 0.7802  
Epoch 083 |  Time(s) 0.0129 | RobustPrompt-T Loss 0.7523  
Epoch 084 |  Time(s) 0.0130 | RobustPrompt-T Loss 0.7273  
Epoch 085 |  Time(s) 0.0130 | RobustPrompt-T Loss 0.7085  
Epoch 086 |  Time(s) 0.0126 | RobustPrompt-T Loss 0.7514  
Epoch 087 |  Time(s) 0.0127 | RobustPrompt-T Loss 0.7413  
Epoch 088 |  Time(s) 0.0129 | RobustPrompt-T Loss 0.6729  
Epoch 089 |  Time(s) 0.0125 | RobustPrompt-T Loss 0.6648  
Epoch 090 |  Time(s) 0.0127 | RobustPrompt-T Loss 0.7235  
Epoch 091 |  Time(s) 0.0128 | RobustPrompt-T Loss 0.6976  
Epoch 092 |  Time(s) 0.0124 | RobustPrompt-T Loss 0.6485  
Epoch 093 |  Time(s) 0.0127 | RobustPrompt-T Loss 0.6282  
Epoch 094 |  Time(s) 0.0129 | RobustPrompt-T Loss 0.6863  
Epoch 095 |  Time(s) 0.0128 | RobustPrompt-T Loss 0.6470  
Epoch 096 |  Time(s) 0.0124 | RobustPrompt-T Loss 0.6450  
Epoch 097 |  Time(s) 0.0127 | RobustPrompt-T Loss 0.6050  
Epoch 098 |  Time(s) 0.0124 | RobustPrompt-T Loss 0.6531  
Epoch 099 |  Time(s) 0.0127 | RobustPrompt-T Loss 0.5951  
Epoch 100 |  Time(s) 0.0123 | RobustPrompt-T Loss 0.6540  
Epoch 101 |  Time(s) 0.0126 | RobustPrompt-T Loss 0.5902  
Epoch 102 |  Time(s) 0.0124 | RobustPrompt-T Loss 0.6429  
Epoch 103 |  Time(s) 0.0126 | RobustPrompt-T Loss 0.5828  
Epoch 104 |  Time(s) 0.0125 | RobustPrompt-T Loss 0.6181  
Epoch 105 |  Time(s) 0.0128 | RobustPrompt-T Loss 0.5602  
Epoch 106 |  Time(s) 0.0128 | RobustPrompt-T Loss 0.6243  
Epoch 107 |  Time(s) 0.0124 | RobustPrompt-T Loss 0.5942  
Epoch 108 |  Time(s) 0.0128 | RobustPrompt-T Loss 0.5456  
Epoch 109 |  Time(s) 0.0130 | RobustPrompt-T Loss 0.5279  
Epoch 110 |  Time(s) 0.0129 | RobustPrompt-T Loss 0.5906  
Epoch 111 |  Time(s) 0.0129 | RobustPrompt-T Loss 0.5792  
Epoch 112 |  Time(s) 0.0130 | RobustPrompt-T Loss 0.4947  
Epoch 113 |  Time(s) 0.0130 | RobustPrompt-T Loss 0.4878  
Epoch 114 |  Time(s) 0.0129 | RobustPrompt-T Loss 0.5467  
Epoch 115 |  Time(s) 0.0130 | RobustPrompt-T Loss 0.5413  
Epoch 116 |  Time(s) 0.0130 | RobustPrompt-T Loss 0.4567  
Epoch 117 |  Time(s) 0.0130 | RobustPrompt-T Loss 0.4517  
Epoch 118 |  Time(s) 0.0125 | RobustPrompt-T Loss 0.5115  
Epoch 119 |  Time(s) 0.0129 | RobustPrompt-T Loss 0.4938  
Epoch 120 |  Time(s) 0.0129 | RobustPrompt-T Loss 0.4327  
Epoch 121 |  Time(s) 0.0130 | RobustPrompt-T Loss 0.4202  
Epoch 122 |  Time(s) 0.0130 | RobustPrompt-T Loss 0.4724  
Epoch 123 |  Time(s) 0.0130 | RobustPrompt-T Loss 0.4506  
Epoch 124 |  Time(s) 0.0129 | RobustPrompt-T Loss 0.4026  
Epoch 125 |  Time(s) 0.0126 | RobustPrompt-T Loss 0.3819  
Epoch 126 |  Time(s) 0.0127 | RobustPrompt-T Loss 0.4386  
Epoch 127 |  Time(s) 0.0128 | RobustPrompt-T Loss 0.4123  
Epoch 128 |  Time(s) 0.0123 | RobustPrompt-T Loss 0.3655  
Epoch 129 |  Time(s) 0.0128 | RobustPrompt-T Loss 0.3426  
Epoch 130 |  Time(s) 0.0129 | RobustPrompt-T Loss 0.3946  
Epoch 131 |  Time(s) 0.0130 | RobustPrompt-T Loss 0.3641  
Epoch 132 |  Time(s) 0.0123 | RobustPrompt-T Loss 0.3330  
Epoch 133 |  Time(s) 0.0127 | RobustPrompt-T Loss 0.3126  
Epoch 134 |  Time(s) 0.0124 | RobustPrompt-T Loss 0.3494  
Epoch 135 |  Time(s) 0.0130 | RobustPrompt-T Loss 0.3281  
Epoch 136 |  Time(s) 0.0126 | RobustPrompt-T Loss 0.2983  
Epoch 137 |  Time(s) 0.0127 | RobustPrompt-T Loss 0.2826  
Epoch 138 |  Time(s) 0.0125 | RobustPrompt-T Loss 0.3153  
Epoch 139 |  Time(s) 0.0134 | RobustPrompt-T Loss 0.3036  
Epoch 140 |  Time(s) 0.0122 | RobustPrompt-T Loss 0.2635  
Epoch 141 |  Time(s) 0.0125 | RobustPrompt-T Loss 0.2552  
Epoch 142 |  Time(s) 0.0123 | RobustPrompt-T Loss 0.2952  
Epoch 143 |  Time(s) 0.0125 | RobustPrompt-T Loss 0.2844  
Epoch 144 |  Time(s) 0.0125 | RobustPrompt-T Loss 0.2406  
Epoch 145 |  Time(s) 0.0126 | RobustPrompt-T Loss 0.2405  
Epoch 146 |  Time(s) 0.0124 | RobustPrompt-T Loss 0.2687  
Epoch 147 |  Time(s) 0.0124 | RobustPrompt-T Loss 0.2585  
Epoch 148 |  Time(s) 0.0125 | RobustPrompt-T Loss 0.2278  
Epoch 149 |  Time(s) 0.0126 | RobustPrompt-T Loss 0.2256  
Epoch 150 |  Time(s) 0.0124 | RobustPrompt-T Loss 0.2441  
Epoch 151 |  Time(s) 0.0126 | RobustPrompt-T Loss 0.2409  
Epoch 152 |  Time(s) 0.0125 | RobustPrompt-T Loss 0.2046  
Epoch 153 |  Time(s) 0.0124 | RobustPrompt-T Loss 0.2020  
Epoch 154 |  Time(s) 0.0122 | RobustPrompt-T Loss 0.2355  
Epoch 155 |  Time(s) 0.0121 | RobustPrompt-T Loss 0.2331  
Epoch 156 |  Time(s) 0.0122 | RobustPrompt-T Loss 0.1833  
Epoch 157 |  Time(s) 0.0126 | RobustPrompt-T Loss 0.1884  
Epoch 158 |  Time(s) 0.0122 | RobustPrompt-T Loss 0.2080  
Epoch 159 |  Time(s) 0.0122 | RobustPrompt-T Loss 0.1965  
Epoch 160 |  Time(s) 0.0126 | RobustPrompt-T Loss 0.1873  
Epoch 161 |  Time(s) 0.0123 | RobustPrompt-T Loss 0.1725  
Epoch 162 |  Time(s) 0.0128 | RobustPrompt-T Loss 0.1972  
Epoch 163 |  Time(s) 0.0122 | RobustPrompt-T Loss 0.1992  
Epoch 164 |  Time(s) 0.0121 | RobustPrompt-T Loss 0.1410  
Epoch 165 |  Time(s) 0.0120 | RobustPrompt-T Loss 0.1697  
Epoch 166 |  Time(s) 0.0120 | RobustPrompt-T Loss 0.1210  
Epoch 167 |  Time(s) 0.0120 | RobustPrompt-T Loss 0.1499  
Epoch 168 |  Time(s) 0.0119 | RobustPrompt-T Loss 0.1154  
Epoch 169 |  Time(s) 0.0118 | RobustPrompt-T Loss 0.1371  
Epoch 170 |  Time(s) 0.0121 | RobustPrompt-T Loss 0.1039  
Epoch 171 |  Time(s) 0.0121 | RobustPrompt-T Loss 0.1159  
Epoch 172 |  Time(s) 0.0122 | RobustPrompt-T Loss 0.1032  
Epoch 173 |  Time(s) 0.0118 | RobustPrompt-T Loss 0.1108  
Epoch 174 |  Time(s) 0.0120 | RobustPrompt-T Loss 0.0965  
Epoch 175 |  Time(s) 0.0120 | RobustPrompt-T Loss 0.0920  
Epoch 176 |  Time(s) 0.0120 | RobustPrompt-T Loss 0.0893  
Epoch 177 |  Time(s) 0.0121 | RobustPrompt-T Loss 0.0846  
Epoch 178 |  Time(s) 0.0119 | RobustPrompt-T Loss 0.0894  
Epoch 179 |  Time(s) 0.0119 | RobustPrompt-T Loss 0.0786  
Epoch 180 |  Time(s) 0.0121 | RobustPrompt-T Loss 0.0801  
Epoch 181 |  Time(s) 0.0120 | RobustPrompt-T Loss 0.0747  
Epoch 182 |  Time(s) 0.0120 | RobustPrompt-T Loss 0.0751  
Epoch 183 |  Time(s) 0.0121 | RobustPrompt-T Loss 0.0738  
Epoch 184 |  Time(s) 0.0120 | RobustPrompt-T Loss 0.0681  
Epoch 185 |  Time(s) 0.0119 | RobustPrompt-T Loss 0.0721  
Epoch 186 |  Time(s) 0.0120 | RobustPrompt-T Loss 0.0673  
Epoch 187 |  Time(s) 0.0121 | RobustPrompt-T Loss 0.0642  
Epoch 188 |  Time(s) 0.0119 | RobustPrompt-T Loss 0.0669  
Epoch 189 |  Time(s) 0.0120 | RobustPrompt-T Loss 0.0653  
Epoch 190 |  Time(s) 0.0121 | RobustPrompt-T Loss 0.0644  
Epoch 191 |  Time(s) 0.0119 | RobustPrompt-T Loss 0.0610  
Epoch 192 |  Time(s) 0.0121 | RobustPrompt-T Loss 0.0606  
Epoch 193 |  Time(s) 0.0120 | RobustPrompt-T Loss 0.0620  
Epoch 194 |  Time(s) 0.0120 | RobustPrompt-T Loss 0.0588  
Epoch 195 |  Time(s) 0.0120 | RobustPrompt-T Loss 0.0581  
Epoch 196 |  Time(s) 0.0118 | RobustPrompt-T Loss 0.0592  
Epoch 197 |  Time(s) 0.0120 | RobustPrompt-T Loss 0.0576  
Epoch 198 |  Time(s) 0.0118 | RobustPrompt-T Loss 0.0566  
Epoch 199 |  Time(s) 0.0120 | RobustPrompt-T Loss 0.0556  
Epoch 200 |  Time(s) 0.0121 | RobustPrompt-T Loss 0.0559  
Final True Accuracy: 0.0386 | Macro F1 Score: 0.0283
Edge Detection Detail | source=filter_module | active=0 | n_edges=6634 | n_pos=1507 | n_neg=5127 | pos_rate=0.2272 | pred_pos=6529 | pred_pos_rate=0.9842 | tp=1498 | fp=5031 | fn=9 | tn=96 | precision=0.2294 | recall=0.9940 | f1=0.3728 | auc=0.8397 | ap=0.5848 | best_f1=0.6626 | best_threshold=0.9565 | best_precision=0.6483 | best_recall=0.6775 | best_pred_pos_rate=0.2374 | precision_at_k_pos=0.6490 | recall_at_k_pos=0.6490 | all_positive_f1=0.3702 | current_f1_minus_all_positive_f1=0.0026 | hard_mask_all_positive_like=0 | mode=original
Edge Detection Detail | source=tau_tune | active=1 | n_edges=6634 | n_pos=1507 | n_neg=5127 | pos_rate=0.2272 | pred_pos=53 | pred_pos_rate=0.0080 | tp=32 | fp=21 | fn=1475 | tn=5106 | precision=0.6038 | recall=0.0212 | f1=0.0410 | auc=0.6751 | ap=0.3844 | best_f1=0.4277 | best_threshold=0.0107 | best_precision=0.3021 | best_recall=0.7319 | best_pred_pos_rate=0.5503 | precision_at_k_pos=0.3895 | recall_at_k_pos=0.3895 | all_positive_f1=0.3702 | current_f1_minus_all_positive_f1=-0.3292 | hard_mask_all_positive_like=0
Tip Detection | tip=sim_pt | active=0 | node_precision=0.0000 | node_recall=0.0000 | node_f1=0.0000 | edge_precision=0.0000 | edge_recall=0.0000 | edge_f1=0.0000 | edge_auc=0.5000 | node_tp=0 | node_fp=0 | node_fn=957 | edge_tp=0 | edge_fp=0 | edge_fn=1507
Edge Detection Detail | source=sim_pt | active=0 | n_edges=6634 | n_pos=1507 | n_neg=5127 | pos_rate=0.2272 | pred_pos=0 | pred_pos_rate=0.0000 | tp=0 | fp=0 | fn=1507 | tn=5127 | precision=0.0000 | recall=0.0000 | f1=0.0000 | auc=0.5000 | ap=0.2272 | best_f1=nan | best_threshold=nan | best_precision=nan | best_recall=nan | best_pred_pos_rate=nan | precision_at_k_pos=nan | recall_at_k_pos=nan | all_positive_f1=0.3702 | current_f1_minus_all_positive_f1=-0.3702 | hard_mask_all_positive_like=0
Tip Detection | tip=degree_pt | active=1 | node_precision=0.0000 | node_recall=0.0000 | node_f1=0.0000 | edge_precision=0.0000 | edge_recall=0.0000 | edge_f1=0.0000 | edge_auc=0.5000 | node_tp=0 | node_fp=0 | node_fn=957 | edge_tp=0 | edge_fp=0 | edge_fn=1507
Edge Detection Detail | source=degree_pt | active=1 | n_edges=6634 | n_pos=1507 | n_neg=5127 | pos_rate=0.2272 | pred_pos=0 | pred_pos_rate=0.0000 | tp=0 | fp=0 | fn=1507 | tn=5127 | precision=0.0000 | recall=0.0000 | f1=0.0000 | auc=0.5000 | ap=0.2272 | best_f1=nan | best_threshold=nan | best_precision=nan | best_recall=nan | best_pred_pos_rate=nan | precision_at_k_pos=nan | recall_at_k_pos=nan | all_positive_f1=0.3702 | current_f1_minus_all_positive_f1=-0.3702 | hard_mask_all_positive_like=0
Tip Detection | tip=out_detect_pt | active=1 | node_precision=0.3535 | node_recall=1.0000 | node_f1=0.5224 | edge_precision=0.2272 | edge_recall=1.0000 | edge_f1=0.3702 | edge_auc=0.5000 | node_tp=957 | node_fp=1750 | node_fn=0 | edge_tp=1507 | edge_fp=5127 | edge_fn=0
Edge Detection Detail | source=out_detect_pt | active=1 | n_edges=6634 | n_pos=1507 | n_neg=5127 | pos_rate=0.2272 | pred_pos=6531 | pred_pos_rate=0.9845 | tp=1499 | fp=5032 | fn=8 | tn=95 | precision=0.2295 | recall=0.9947 | f1=0.3730 | auc=0.8397 | ap=0.5848 | best_f1=0.6626 | best_threshold=0.9565 | best_precision=0.6483 | best_recall=0.6775 | best_pred_pos_rate=0.2374 | precision_at_k_pos=0.6490 | recall_at_k_pos=0.6490 | all_positive_f1=0.3702 | current_f1_minus_all_positive_f1=0.0028 | hard_mask_all_positive_like=0
best_loss [tensor(0.0559, device='cuda:0', grad_fn=<AddBackward0>)]
{1: {1: 0.08388704061508179}, 2: {1: 0.04443521425127983}, 3: {1: 0.048588041216135025}, 4: {1: 0.05107973515987396}, 5: {1: 0.03862126171588898}}
{1: {1: 0.08388704061508179, 2: 0.04443521425127983, 3: 0.048588041216135025, 4: 0.05107973515987396, 5: 0.03862126171588898}}
########################################################################################
seed: 1 | split 1 : 0.08388704061508179
# Seed 1 Muti Split Final Acc: 0.0839±0.0000
seed: 2 | split 1 : 0.04443521425127983
# Seed 2 Muti Split Final Acc: 0.0444±0.0000
seed: 3 | split 1 : 0.048588041216135025
# Seed 3 Muti Split Final Acc: 0.0486±0.0000
seed: 4 | split 1 : 0.05107973515987396
# Seed 4 Muti Split Final Acc: 0.0511±0.0000
seed: 5 | split 1 : 0.03862126171588898
# Seed 5 Muti Split Final Acc: 0.0386±0.0000
########################################################################################
split: 1 | seed 1 : 0.08388704061508179
split: 1 | seed 2 : 0.04443521425127983
split: 1 | seed 3 : 0.048588041216135025
split: 1 | seed 4 : 0.05107973515987396
split: 1 | seed 5 : 0.03862126171588898
# Split 1 Muti Seed Acc without min value: 0.0570±0.0157
########################################################################################
