load LLC or attacked data with specified split
Successfully loaded the attack of dataname with few shot 5, split 1
Attack method : Meta_Self | Attack ptb : 0.15 | Dataset: Cora
======================
Number of graphs: 1
Number of features: 1433
Number of classes: 7

Data(x=[2708, 1433], edge_index=[2, 14952], y=[2708], train_mask=[2708], val_mask=[2708], test_mask=[2708])
===========================================================================================================
Number of nodes: 2708
Number of edges: 14952
Average node degree: 5.52
Has isolated nodes: False
Has self-loops: True
Is undirected: True
Pollution Diff | added_edges=919 | deleted_edges=75 | clean_edges=5278 | attack_edges=6122
GCN(
  (conv_layers): ModuleList(
    (0): GCNConv(1433, 256)
    (1): GCNConv(256, 256)
  )
)
Successfully loaded pre-trained weights!
use RobustPrompt Tranductive
defense pt dict :  {'sim_pt': 0.3, 'degree_pt': 1, 'out_detect_pt': -1.0, 'other_pt': 'all'}
use_attention :  False
cosine_constraint :  True
pt_threshold :  0.5
filter_module :  OriginalFilter
temperature :  1.0
weight_mse 0.1
weight_kl :  0.3
weight_constraint :  0.2
run RobustPrompt-T
Epoch 001 |  Time(s) 0.2496 | RobustPrompt-T Loss 1.9491  
Epoch 002 |  Time(s) 0.0131 | RobustPrompt-T Loss 1.9557  
Epoch 003 |  Time(s) 0.0123 | RobustPrompt-T Loss 1.9283  
Epoch 004 |  Time(s) 0.0122 | RobustPrompt-T Loss 1.9131  
Epoch 005 |  Time(s) 0.0120 | RobustPrompt-T Loss 1.8991  
Epoch 006 |  Time(s) 0.0128 | RobustPrompt-T Loss 1.8783  
Epoch 007 |  Time(s) 0.0124 | RobustPrompt-T Loss 1.8501  
Epoch 008 |  Time(s) 0.0126 | RobustPrompt-T Loss 1.8307  
Epoch 009 |  Time(s) 0.0124 | RobustPrompt-T Loss 1.8151  
Epoch 010 |  Time(s) 0.0123 | RobustPrompt-T Loss 1.7909  
Epoch 011 |  Time(s) 0.0124 | RobustPrompt-T Loss 1.7788  
Epoch 012 |  Time(s) 0.0120 | RobustPrompt-T Loss 1.7637  
Epoch 013 |  Time(s) 0.0122 | RobustPrompt-T Loss 1.7685  
Epoch 014 |  Time(s) 0.0124 | RobustPrompt-T Loss 1.7744  
Epoch 015 |  Time(s) 0.0123 | RobustPrompt-T Loss 1.7562  
Epoch 016 |  Time(s) 0.0123 | RobustPrompt-T Loss 1.7269  
Epoch 017 |  Time(s) 0.0123 | RobustPrompt-T Loss 1.7357  
Epoch 018 |  Time(s) 0.0122 | RobustPrompt-T Loss 1.7385  
Epoch 019 |  Time(s) 0.0124 | RobustPrompt-T Loss 1.6992  
Epoch 020 |  Time(s) 0.0122 | RobustPrompt-T Loss 1.6918  
Epoch 021 |  Time(s) 0.0122 | RobustPrompt-T Loss 1.6875  
Epoch 022 |  Time(s) 0.0123 | RobustPrompt-T Loss 1.7297  
Epoch 023 |  Time(s) 0.0121 | RobustPrompt-T Loss 1.7579  
Epoch 024 |  Time(s) 0.0119 | RobustPrompt-T Loss 1.7195  
Epoch 025 |  Time(s) 0.0125 | RobustPrompt-T Loss 1.6502  
Epoch 026 |  Time(s) 0.0123 | RobustPrompt-T Loss 1.6970  
Epoch 027 |  Time(s) 0.0122 | RobustPrompt-T Loss 1.6313  
Epoch 028 |  Time(s) 0.0122 | RobustPrompt-T Loss 1.6772  
Epoch 029 |  Time(s) 0.0118 | RobustPrompt-T Loss 1.6035  
Epoch 030 |  Time(s) 0.0122 | RobustPrompt-T Loss 1.6388  
Epoch 031 |  Time(s) 0.0125 | RobustPrompt-T Loss 1.5787  
Epoch 032 |  Time(s) 0.0123 | RobustPrompt-T Loss 1.5910  
Epoch 033 |  Time(s) 0.0122 | RobustPrompt-T Loss 1.5459  
Epoch 034 |  Time(s) 0.0123 | RobustPrompt-T Loss 1.5255  
Epoch 035 |  Time(s) 0.0121 | RobustPrompt-T Loss 1.4922  
Epoch 036 |  Time(s) 0.0120 | RobustPrompt-T Loss 1.4827  
Epoch 037 |  Time(s) 0.0124 | RobustPrompt-T Loss 1.4469  
Epoch 038 |  Time(s) 0.0124 | RobustPrompt-T Loss 1.4511  
Epoch 039 |  Time(s) 0.0123 | RobustPrompt-T Loss 1.3886  
Epoch 040 |  Time(s) 0.0122 | RobustPrompt-T Loss 1.3946  
Epoch 041 |  Time(s) 0.0123 | RobustPrompt-T Loss 1.3300  
Epoch 042 |  Time(s) 0.0123 | RobustPrompt-T Loss 1.3336  
Epoch 043 |  Time(s) 0.0122 | RobustPrompt-T Loss 1.2778  
Epoch 044 |  Time(s) 0.0120 | RobustPrompt-T Loss 1.2662  
Epoch 045 |  Time(s) 0.0120 | RobustPrompt-T Loss 1.2232  
Epoch 046 |  Time(s) 0.0124 | RobustPrompt-T Loss 1.2110  
Epoch 047 |  Time(s) 0.0125 | RobustPrompt-T Loss 1.1836  
Epoch 048 |  Time(s) 0.0124 | RobustPrompt-T Loss 1.1744  
Epoch 049 |  Time(s) 0.0124 | RobustPrompt-T Loss 1.1396  
Epoch 050 |  Time(s) 0.0122 | RobustPrompt-T Loss 1.1130  
Epoch 051 |  Time(s) 0.0122 | RobustPrompt-T Loss 1.1146  
Epoch 052 |  Time(s) 0.0124 | RobustPrompt-T Loss 1.0719  
Epoch 053 |  Time(s) 0.0124 | RobustPrompt-T Loss 1.0524  
Epoch 054 |  Time(s) 0.0123 | RobustPrompt-T Loss 1.0403  
Epoch 055 |  Time(s) 0.0123 | RobustPrompt-T Loss 1.0007  
Epoch 056 |  Time(s) 0.0123 | RobustPrompt-T Loss 0.9932  
Epoch 057 |  Time(s) 0.0124 | RobustPrompt-T Loss 0.9654  
Epoch 058 |  Time(s) 0.0124 | RobustPrompt-T Loss 0.9542  
Epoch 059 |  Time(s) 0.0122 | RobustPrompt-T Loss 0.9161  
Epoch 060 |  Time(s) 0.0124 | RobustPrompt-T Loss 0.8898  
Epoch 061 |  Time(s) 0.0125 | RobustPrompt-T Loss 0.8741  
Epoch 062 |  Time(s) 0.0122 | RobustPrompt-T Loss 0.8585  
Epoch 063 |  Time(s) 0.0123 | RobustPrompt-T Loss 0.9362  
Epoch 064 |  Time(s) 0.0124 | RobustPrompt-T Loss 0.8572  
Epoch 065 |  Time(s) 0.0123 | RobustPrompt-T Loss 0.7721  
Epoch 066 |  Time(s) 0.0118 | RobustPrompt-T Loss 0.7653  
Epoch 067 |  Time(s) 0.0122 | RobustPrompt-T Loss 0.8015  
Epoch 068 |  Time(s) 0.0125 | RobustPrompt-T Loss 0.7265  
Epoch 069 |  Time(s) 0.0126 | RobustPrompt-T Loss 0.6587  
Epoch 070 |  Time(s) 0.0123 | RobustPrompt-T Loss 0.6540  
Epoch 071 |  Time(s) 0.0124 | RobustPrompt-T Loss 0.6508  
Epoch 072 |  Time(s) 0.0124 | RobustPrompt-T Loss 0.5750  
Epoch 073 |  Time(s) 0.0125 | RobustPrompt-T Loss 0.5897  
Epoch 074 |  Time(s) 0.0126 | RobustPrompt-T Loss 0.5696  
Epoch 075 |  Time(s) 0.0124 | RobustPrompt-T Loss 0.5267  
Epoch 076 |  Time(s) 0.0123 | RobustPrompt-T Loss 0.5336  
Epoch 077 |  Time(s) 0.0123 | RobustPrompt-T Loss 0.5043  
Epoch 078 |  Time(s) 0.0124 | RobustPrompt-T Loss 0.4593  
Epoch 079 |  Time(s) 0.0124 | RobustPrompt-T Loss 0.4450  
Epoch 080 |  Time(s) 0.0137 | RobustPrompt-T Loss 0.4050  
Epoch 081 |  Time(s) 0.0123 | RobustPrompt-T Loss 0.4561  
Epoch 082 |  Time(s) 0.0124 | RobustPrompt-T Loss 0.3978  
Epoch 083 |  Time(s) 0.0125 | RobustPrompt-T Loss 0.3498  
Epoch 084 |  Time(s) 0.0126 | RobustPrompt-T Loss 0.3596  
Epoch 085 |  Time(s) 0.0135 | RobustPrompt-T Loss 0.3305  
Epoch 086 |  Time(s) 0.0120 | RobustPrompt-T Loss 0.3227  
Epoch 087 |  Time(s) 0.0121 | RobustPrompt-T Loss 0.2782  
Epoch 088 |  Time(s) 0.0120 | RobustPrompt-T Loss 0.2623  
Epoch 089 |  Time(s) 0.0122 | RobustPrompt-T Loss 0.2739  
Epoch 090 |  Time(s) 0.0120 | RobustPrompt-T Loss 0.2647  
Epoch 091 |  Time(s) 0.0122 | RobustPrompt-T Loss 0.2193  
Epoch 092 |  Time(s) 0.0120 | RobustPrompt-T Loss 0.2101  
Epoch 093 |  Time(s) 0.0119 | RobustPrompt-T Loss 0.2152  
Epoch 094 |  Time(s) 0.0122 | RobustPrompt-T Loss 0.2027  
Epoch 095 |  Time(s) 0.0122 | RobustPrompt-T Loss 0.1708  
Epoch 096 |  Time(s) 0.0121 | RobustPrompt-T Loss 0.1643  
Epoch 097 |  Time(s) 0.0121 | RobustPrompt-T Loss 0.1674  
Epoch 098 |  Time(s) 0.0121 | RobustPrompt-T Loss 0.1440  
Epoch 099 |  Time(s) 0.0122 | RobustPrompt-T Loss 0.1356  
Epoch 100 |  Time(s) 0.0121 | RobustPrompt-T Loss 0.1323  
Epoch 101 |  Time(s) 0.0120 | RobustPrompt-T Loss 0.1155  
Epoch 102 |  Time(s) 0.0120 | RobustPrompt-T Loss 0.1187  
Epoch 103 |  Time(s) 0.0120 | RobustPrompt-T Loss 0.1101  
Epoch 104 |  Time(s) 0.0121 | RobustPrompt-T Loss 0.1070  
Epoch 105 |  Time(s) 0.0120 | RobustPrompt-T Loss 0.1008  
Epoch 106 |  Time(s) 0.0120 | RobustPrompt-T Loss 0.0975  
Epoch 107 |  Time(s) 0.0120 | RobustPrompt-T Loss 0.0976  
Epoch 108 |  Time(s) 0.0120 | RobustPrompt-T Loss 0.0871  
Epoch 109 |  Time(s) 0.0120 | RobustPrompt-T Loss 0.0886  
Epoch 110 |  Time(s) 0.0121 | RobustPrompt-T Loss 0.0841  
Epoch 111 |  Time(s) 0.0120 | RobustPrompt-T Loss 0.0837  
Epoch 112 |  Time(s) 0.0120 | RobustPrompt-T Loss 0.0785  
Epoch 113 |  Time(s) 0.0121 | RobustPrompt-T Loss 0.0831  
Epoch 114 |  Time(s) 0.0120 | RobustPrompt-T Loss 0.0812  
Epoch 115 |  Time(s) 0.0120 | RobustPrompt-T Loss 0.0720  
Epoch 116 |  Time(s) 0.0121 | RobustPrompt-T Loss 0.0768  
Epoch 117 |  Time(s) 0.0119 | RobustPrompt-T Loss 0.0763  
Epoch 118 |  Time(s) 0.0120 | RobustPrompt-T Loss 0.0725  
Epoch 119 |  Time(s) 0.0121 | RobustPrompt-T Loss 0.0684  
Epoch 120 |  Time(s) 0.0120 | RobustPrompt-T Loss 0.0713  
Epoch 121 |  Time(s) 0.0120 | RobustPrompt-T Loss 0.0702  
Epoch 122 |  Time(s) 0.0120 | RobustPrompt-T Loss 0.0680  
Epoch 123 |  Time(s) 0.0119 | RobustPrompt-T Loss 0.0645  
Epoch 124 |  Time(s) 0.0121 | RobustPrompt-T Loss 0.0637  
Epoch 125 |  Time(s) 0.0120 | RobustPrompt-T Loss 0.0608  
Epoch 126 |  Time(s) 0.0124 | RobustPrompt-T Loss 0.0614  
Epoch 127 |  Time(s) 0.0120 | RobustPrompt-T Loss 0.0586  
Epoch 128 |  Time(s) 0.0120 | RobustPrompt-T Loss 0.0577  
Epoch 129 |  Time(s) 0.0120 | RobustPrompt-T Loss 0.0590  
Epoch 130 |  Time(s) 0.0120 | RobustPrompt-T Loss 0.0591  
Epoch 131 |  Time(s) 0.0122 | RobustPrompt-T Loss 0.0587  
Epoch 132 |  Time(s) 0.0123 | RobustPrompt-T Loss 0.0649  
Epoch 133 |  Time(s) 0.0124 | RobustPrompt-T Loss 0.0806  
Epoch 134 |  Time(s) 0.0123 | RobustPrompt-T Loss 0.1013  
Epoch 135 |  Time(s) 0.0120 | RobustPrompt-T Loss 0.1216  
Epoch 136 |  Time(s) 0.0125 | RobustPrompt-T Loss 0.0654  
Epoch 137 |  Time(s) 0.0123 | RobustPrompt-T Loss 0.0698  
Epoch 138 |  Time(s) 0.0121 | RobustPrompt-T Loss 0.1076  
Epoch 139 |  Time(s) 0.0119 | RobustPrompt-T Loss 0.0703  
Epoch 140 |  Time(s) 0.0121 | RobustPrompt-T Loss 0.0536  
Epoch 141 |  Time(s) 0.0120 | RobustPrompt-T Loss 0.0651  
Epoch 142 |  Time(s) 0.0120 | RobustPrompt-T Loss 0.0751  
Epoch 143 |  Time(s) 0.0121 | RobustPrompt-T Loss 0.0704  
Epoch 144 |  Time(s) 0.0122 | RobustPrompt-T Loss 0.0528  
Epoch 145 |  Time(s) 0.0120 | RobustPrompt-T Loss 0.0521  
Epoch 146 |  Time(s) 0.0122 | RobustPrompt-T Loss 0.0515  
Epoch 147 |  Time(s) 0.0121 | RobustPrompt-T Loss 0.0475  
Epoch 148 |  Time(s) 0.0119 | RobustPrompt-T Loss 0.0478  
Epoch 149 |  Time(s) 0.0121 | RobustPrompt-T Loss 0.0454  
Epoch 150 |  Time(s) 0.0119 | RobustPrompt-T Loss 0.0473  
Epoch 151 |  Time(s) 0.0124 | RobustPrompt-T Loss 0.0452  
Epoch 152 |  Time(s) 0.0123 | RobustPrompt-T Loss 0.0464  
Epoch 153 |  Time(s) 0.0122 | RobustPrompt-T Loss 0.0452  
Epoch 154 |  Time(s) 0.0122 | RobustPrompt-T Loss 0.0462  
Epoch 155 |  Time(s) 0.0126 | RobustPrompt-T Loss 0.0459  
Epoch 156 |  Time(s) 0.0120 | RobustPrompt-T Loss 0.0460  
Epoch 157 |  Time(s) 0.0121 | RobustPrompt-T Loss 0.0480  
Epoch 158 |  Time(s) 0.0121 | RobustPrompt-T Loss 0.0504  
Epoch 159 |  Time(s) 0.0124 | RobustPrompt-T Loss 0.0596  
Epoch 160 |  Time(s) 0.0123 | RobustPrompt-T Loss 0.0580  
Epoch 161 |  Time(s) 0.0124 | RobustPrompt-T Loss 0.0650  
Epoch 162 |  Time(s) 0.0125 | RobustPrompt-T Loss 0.0689  
Epoch 163 |  Time(s) 0.0129 | RobustPrompt-T Loss 0.0803  
Epoch 164 |  Time(s) 0.0125 | RobustPrompt-T Loss 0.0829  
Epoch 165 |  Time(s) 0.0126 | RobustPrompt-T Loss 0.0611  
Epoch 166 |  Time(s) 0.0122 | RobustPrompt-T Loss 0.0507  
Epoch 167 |  Time(s) 0.0126 | RobustPrompt-T Loss 0.0680  
Epoch 168 |  Time(s) 0.0122 | RobustPrompt-T Loss 0.1226  
Epoch 169 |  Time(s) 0.0127 | RobustPrompt-T Loss 0.0456  
Epoch 170 |  Time(s) 0.0126 | RobustPrompt-T Loss 0.1219  
Epoch 171 |  Time(s) 0.0126 | RobustPrompt-T Loss 0.0475  
Epoch 172 |  Time(s) 0.0125 | RobustPrompt-T Loss 0.0862  
----------------------------------------------------------------------------------------------------
Early stopping at 173 eopch!
Final True Accuracy: 0.1296 | Macro F1 Score: 0.0824
Edge Detection Detail | source=filter_module | active=0 | n_edges=6122 | n_pos=919 | n_neg=5203 | pos_rate=0.1501 | pred_pos=6023 | pred_pos_rate=0.9838 | tp=916 | fp=5107 | fn=3 | tn=96 | precision=0.1521 | recall=0.9967 | f1=0.2639 | auc=0.8478 | ap=0.4791 | best_f1=0.6131 | best_threshold=0.9600 | best_precision=0.5397 | best_recall=0.7095 | best_pred_pos_rate=0.1973 | precision_at_k_pos=0.5702 | recall_at_k_pos=0.5702 | all_positive_f1=0.2610 | current_f1_minus_all_positive_f1=0.0029 | hard_mask_all_positive_like=0 | mode=original
Edge Detection Detail | source=tau_tune | active=1 | n_edges=6122 | n_pos=919 | n_neg=5203 | pos_rate=0.1501 | pred_pos=58 | pred_pos_rate=0.0095 | tp=44 | fp=14 | fn=875 | tn=5189 | precision=0.7586 | recall=0.0479 | f1=0.0901 | auc=0.6766 | ap=0.3017 | best_f1=0.3388 | best_threshold=0.0699 | best_precision=0.2322 | best_recall=0.6268 | best_pred_pos_rate=0.4053 | precision_at_k_pos=0.2949 | recall_at_k_pos=0.2949 | all_positive_f1=0.2610 | current_f1_minus_all_positive_f1=-0.1710 | hard_mask_all_positive_like=0
Tip Detection | tip=sim_pt | active=1 | node_precision=0.2808 | node_recall=0.3498 | node_f1=0.3115 | edge_precision=0.1941 | edge_recall=0.9935 | edge_f1=0.3247 | edge_auc=0.6324 | node_tp=219 | node_fp=561 | node_fn=407 | edge_tp=913 | edge_fp=3791 | edge_fn=6
Edge Detection Detail | source=sim_pt | active=1 | n_edges=6122 | n_pos=919 | n_neg=5203 | pos_rate=0.1501 | pred_pos=4704 | pred_pos_rate=0.7684 | tp=913 | fp=3791 | fn=6 | tn=1412 | precision=0.1941 | recall=0.9935 | f1=0.3247 | auc=0.6324 | ap=0.1938 | best_f1=nan | best_threshold=nan | best_precision=nan | best_recall=nan | best_pred_pos_rate=nan | precision_at_k_pos=nan | recall_at_k_pos=nan | all_positive_f1=0.2610 | current_f1_minus_all_positive_f1=0.0637 | hard_mask_all_positive_like=0
Tip Detection | tip=degree_pt | active=1 | node_precision=0.0000 | node_recall=0.0000 | node_f1=0.0000 | edge_precision=0.0000 | edge_recall=0.0000 | edge_f1=0.0000 | edge_auc=0.5000 | node_tp=0 | node_fp=0 | node_fn=626 | edge_tp=0 | edge_fp=0 | edge_fn=919
Edge Detection Detail | source=degree_pt | active=1 | n_edges=6122 | n_pos=919 | n_neg=5203 | pos_rate=0.1501 | pred_pos=0 | pred_pos_rate=0.0000 | tp=0 | fp=0 | fn=919 | tn=5203 | precision=0.0000 | recall=0.0000 | f1=0.0000 | auc=0.5000 | ap=0.1501 | best_f1=nan | best_threshold=nan | best_precision=nan | best_recall=nan | best_pred_pos_rate=nan | precision_at_k_pos=nan | recall_at_k_pos=nan | all_positive_f1=0.2610 | current_f1_minus_all_positive_f1=-0.2610 | hard_mask_all_positive_like=0
Tip Detection | tip=out_detect_pt | active=0 | node_precision=0.0000 | node_recall=0.0000 | node_f1=0.0000 | edge_precision=0.0000 | edge_recall=0.0000 | edge_f1=0.0000 | edge_auc=0.5000 | node_tp=0 | node_fp=0 | node_fn=626 | edge_tp=0 | edge_fp=0 | edge_fn=919
Edge Detection Detail | source=out_detect_pt | active=0 | n_edges=6122 | n_pos=919 | n_neg=5203 | pos_rate=0.1501 | pred_pos=0 | pred_pos_rate=0.0000 | tp=0 | fp=0 | fn=919 | tn=5203 | precision=0.0000 | recall=0.0000 | f1=0.0000 | auc=0.8478 | ap=0.4791 | best_f1=0.6131 | best_threshold=0.9600 | best_precision=0.5397 | best_recall=0.7095 | best_pred_pos_rate=0.1973 | precision_at_k_pos=0.5702 | recall_at_k_pos=0.5702 | all_positive_f1=0.2610 | current_f1_minus_all_positive_f1=-0.2610 | hard_mask_all_positive_like=0
best_loss [tensor(0.1031, device='cuda:0', grad_fn=<AddBackward0>)]
load LLC or attacked data with specified split
Successfully loaded the attack of dataname with few shot 5, split 1
Attack method : Meta_Self | Attack ptb : 0.15 | Dataset: Cora
======================
Number of graphs: 1
Number of features: 1433
Number of classes: 7

Data(x=[2708, 1433], edge_index=[2, 14952], y=[2708], train_mask=[2708], val_mask=[2708], test_mask=[2708])
===========================================================================================================
Number of nodes: 2708
Number of edges: 14952
Average node degree: 5.52
Has isolated nodes: False
Has self-loops: True
Is undirected: True
Pollution Diff | added_edges=919 | deleted_edges=75 | clean_edges=5278 | attack_edges=6122
GCN(
  (conv_layers): ModuleList(
    (0): GCNConv(1433, 256)
    (1): GCNConv(256, 256)
  )
)
Successfully loaded pre-trained weights!
use RobustPrompt Tranductive
defense pt dict :  {'sim_pt': 0.3, 'degree_pt': 1, 'out_detect_pt': -1.0, 'other_pt': 'all'}
use_attention :  False
cosine_constraint :  True
pt_threshold :  0.5
filter_module :  OriginalFilter
temperature :  1.0
weight_mse 0.1
weight_kl :  0.3
weight_constraint :  0.2
run RobustPrompt-T
Epoch 001 |  Time(s) 0.0124 | RobustPrompt-T Loss 1.9477  
Epoch 002 |  Time(s) 0.0120 | RobustPrompt-T Loss 1.9167  
Epoch 003 |  Time(s) 0.0120 | RobustPrompt-T Loss 1.9286  
Epoch 004 |  Time(s) 0.0124 | RobustPrompt-T Loss 1.8885  
Epoch 005 |  Time(s) 0.0125 | RobustPrompt-T Loss 1.8874  
Epoch 006 |  Time(s) 0.0124 | RobustPrompt-T Loss 1.8663  
Epoch 007 |  Time(s) 0.0124 | RobustPrompt-T Loss 1.8372  
Epoch 008 |  Time(s) 0.0124 | RobustPrompt-T Loss 1.8095  
Epoch 009 |  Time(s) 0.0125 | RobustPrompt-T Loss 1.7786  
Epoch 010 |  Time(s) 0.0125 | RobustPrompt-T Loss 1.7716  
Epoch 011 |  Time(s) 0.0123 | RobustPrompt-T Loss 1.7422  
Epoch 012 |  Time(s) 0.0125 | RobustPrompt-T Loss 1.7378  
Epoch 013 |  Time(s) 0.0123 | RobustPrompt-T Loss 1.7433  
Epoch 014 |  Time(s) 0.0125 | RobustPrompt-T Loss 1.7454  
Epoch 015 |  Time(s) 0.0125 | RobustPrompt-T Loss 1.7107  
Epoch 016 |  Time(s) 0.0124 | RobustPrompt-T Loss 1.7018  
Epoch 017 |  Time(s) 0.0124 | RobustPrompt-T Loss 1.6950  
Epoch 018 |  Time(s) 0.0123 | RobustPrompt-T Loss 1.6863  
Epoch 019 |  Time(s) 0.0123 | RobustPrompt-T Loss 1.6728  
Epoch 020 |  Time(s) 0.0123 | RobustPrompt-T Loss 1.6698  
Epoch 021 |  Time(s) 0.0123 | RobustPrompt-T Loss 1.6647  
Epoch 022 |  Time(s) 0.0123 | RobustPrompt-T Loss 1.6679  
Epoch 023 |  Time(s) 0.0123 | RobustPrompt-T Loss 1.6530  
Epoch 024 |  Time(s) 0.0124 | RobustPrompt-T Loss 1.6176  
Epoch 025 |  Time(s) 0.0124 | RobustPrompt-T Loss 1.5838  
Epoch 026 |  Time(s) 0.0123 | RobustPrompt-T Loss 1.5622  
Epoch 027 |  Time(s) 0.0123 | RobustPrompt-T Loss 1.5590  
Epoch 028 |  Time(s) 0.0124 | RobustPrompt-T Loss 1.5258  
Epoch 029 |  Time(s) 0.0123 | RobustPrompt-T Loss 1.5039  
Epoch 030 |  Time(s) 0.0126 | RobustPrompt-T Loss 1.4460  
Epoch 031 |  Time(s) 0.0126 | RobustPrompt-T Loss 1.4079  
Epoch 032 |  Time(s) 0.0123 | RobustPrompt-T Loss 1.4156  
Epoch 033 |  Time(s) 0.0123 | RobustPrompt-T Loss 1.3615  
Epoch 034 |  Time(s) 0.0123 | RobustPrompt-T Loss 1.3182  
Epoch 035 |  Time(s) 0.0124 | RobustPrompt-T Loss 1.2821  
Epoch 036 |  Time(s) 0.0124 | RobustPrompt-T Loss 1.2494  
Epoch 037 |  Time(s) 0.0124 | RobustPrompt-T Loss 1.2163  
Epoch 038 |  Time(s) 0.0124 | RobustPrompt-T Loss 1.1926  
Epoch 039 |  Time(s) 0.0124 | RobustPrompt-T Loss 1.1552  
Epoch 040 |  Time(s) 0.0123 | RobustPrompt-T Loss 1.1300  
Epoch 041 |  Time(s) 0.0125 | RobustPrompt-T Loss 1.1160  
Epoch 042 |  Time(s) 0.0125 | RobustPrompt-T Loss 1.0929  
Epoch 043 |  Time(s) 0.0123 | RobustPrompt-T Loss 1.0762  
Epoch 044 |  Time(s) 0.0125 | RobustPrompt-T Loss 1.0566  
Epoch 045 |  Time(s) 0.0125 | RobustPrompt-T Loss 1.0261  
Epoch 046 |  Time(s) 0.0125 | RobustPrompt-T Loss 0.9981  
Epoch 047 |  Time(s) 0.0127 | RobustPrompt-T Loss 0.9698  
Epoch 048 |  Time(s) 0.0125 | RobustPrompt-T Loss 0.9419  
Epoch 049 |  Time(s) 0.0126 | RobustPrompt-T Loss 0.9194  
Epoch 050 |  Time(s) 0.0125 | RobustPrompt-T Loss 1.0776  
Epoch 051 |  Time(s) 0.0125 | RobustPrompt-T Loss 0.9811  
Epoch 052 |  Time(s) 0.0127 | RobustPrompt-T Loss 0.8520  
Epoch 053 |  Time(s) 0.0122 | RobustPrompt-T Loss 0.8932  
Epoch 054 |  Time(s) 0.0126 | RobustPrompt-T Loss 0.8361  
Epoch 055 |  Time(s) 0.0126 | RobustPrompt-T Loss 0.7728  
Epoch 056 |  Time(s) 0.0123 | RobustPrompt-T Loss 0.7521  
Epoch 057 |  Time(s) 0.0124 | RobustPrompt-T Loss 0.7787  
Epoch 058 |  Time(s) 0.0125 | RobustPrompt-T Loss 0.7613  
Epoch 059 |  Time(s) 0.0124 | RobustPrompt-T Loss 0.6687  
Epoch 060 |  Time(s) 0.0125 | RobustPrompt-T Loss 0.7331  
Epoch 061 |  Time(s) 0.0123 | RobustPrompt-T Loss 0.6272  
Epoch 062 |  Time(s) 0.0125 | RobustPrompt-T Loss 0.6599  
Epoch 063 |  Time(s) 0.0127 | RobustPrompt-T Loss 0.6047  
Epoch 064 |  Time(s) 0.0124 | RobustPrompt-T Loss 0.6260  
Epoch 065 |  Time(s) 0.0124 | RobustPrompt-T Loss 0.5703  
Epoch 066 |  Time(s) 0.0125 | RobustPrompt-T Loss 0.5639  
Epoch 067 |  Time(s) 0.0125 | RobustPrompt-T Loss 0.5130  
Epoch 068 |  Time(s) 0.0125 | RobustPrompt-T Loss 0.5006  
Epoch 069 |  Time(s) 0.0125 | RobustPrompt-T Loss 0.5035  
Epoch 070 |  Time(s) 0.0124 | RobustPrompt-T Loss 0.4518  
Epoch 071 |  Time(s) 0.0124 | RobustPrompt-T Loss 0.4638  
Epoch 072 |  Time(s) 0.0125 | RobustPrompt-T Loss 0.4034  
Epoch 073 |  Time(s) 0.0124 | RobustPrompt-T Loss 0.4050  
Epoch 074 |  Time(s) 0.0122 | RobustPrompt-T Loss 0.3807  
Epoch 075 |  Time(s) 0.0124 | RobustPrompt-T Loss 0.3765  
Epoch 076 |  Time(s) 0.0125 | RobustPrompt-T Loss 0.3447  
Epoch 077 |  Time(s) 0.0124 | RobustPrompt-T Loss 0.3217  
Epoch 078 |  Time(s) 0.0124 | RobustPrompt-T Loss 0.3118  
Epoch 079 |  Time(s) 0.0123 | RobustPrompt-T Loss 0.2845  
Epoch 080 |  Time(s) 0.0125 | RobustPrompt-T Loss 0.3084  
Epoch 081 |  Time(s) 0.0124 | RobustPrompt-T Loss 0.2563  
Epoch 082 |  Time(s) 0.0124 | RobustPrompt-T Loss 0.2546  
Epoch 083 |  Time(s) 0.0125 | RobustPrompt-T Loss 0.2461  
Epoch 084 |  Time(s) 0.0126 | RobustPrompt-T Loss 0.2404  
Epoch 085 |  Time(s) 0.0123 | RobustPrompt-T Loss 0.1872  
Epoch 086 |  Time(s) 0.0122 | RobustPrompt-T Loss 0.1959  
Epoch 087 |  Time(s) 0.0125 | RobustPrompt-T Loss 0.1920  
Epoch 088 |  Time(s) 0.0127 | RobustPrompt-T Loss 0.1877  
Epoch 089 |  Time(s) 0.0125 | RobustPrompt-T Loss 0.1562  
Epoch 090 |  Time(s) 0.0124 | RobustPrompt-T Loss 0.1384  
Epoch 091 |  Time(s) 0.0125 | RobustPrompt-T Loss 0.1302  
Epoch 092 |  Time(s) 0.0126 | RobustPrompt-T Loss 0.1428  
Epoch 093 |  Time(s) 0.0125 | RobustPrompt-T Loss 0.1115  
Epoch 094 |  Time(s) 0.0123 | RobustPrompt-T Loss 0.1123  
Epoch 095 |  Time(s) 0.0124 | RobustPrompt-T Loss 0.1140  
Epoch 096 |  Time(s) 0.0127 | RobustPrompt-T Loss 0.1082  
Epoch 097 |  Time(s) 0.0125 | RobustPrompt-T Loss 0.1010  
Epoch 098 |  Time(s) 0.0125 | RobustPrompt-T Loss 0.0892  
Epoch 099 |  Time(s) 0.0125 | RobustPrompt-T Loss 0.0970  
Epoch 100 |  Time(s) 0.0125 | RobustPrompt-T Loss 0.0862  
Epoch 101 |  Time(s) 0.0126 | RobustPrompt-T Loss 0.0795  
Epoch 102 |  Time(s) 0.0125 | RobustPrompt-T Loss 0.0778  
Epoch 103 |  Time(s) 0.0127 | RobustPrompt-T Loss 0.0777  
Epoch 104 |  Time(s) 0.0124 | RobustPrompt-T Loss 0.0839  
Epoch 105 |  Time(s) 0.0126 | RobustPrompt-T Loss 0.0719  
Epoch 106 |  Time(s) 0.0127 | RobustPrompt-T Loss 0.0718  
Epoch 107 |  Time(s) 0.0124 | RobustPrompt-T Loss 0.0722  
Epoch 108 |  Time(s) 0.0125 | RobustPrompt-T Loss 0.0795  
Epoch 109 |  Time(s) 0.0126 | RobustPrompt-T Loss 0.0866  
Epoch 110 |  Time(s) 0.0125 | RobustPrompt-T Loss 0.0836  
Epoch 111 |  Time(s) 0.0125 | RobustPrompt-T Loss 0.0779  
Epoch 112 |  Time(s) 0.0125 | RobustPrompt-T Loss 0.0752  
Epoch 113 |  Time(s) 0.0126 | RobustPrompt-T Loss 0.0736  
Epoch 114 |  Time(s) 0.0126 | RobustPrompt-T Loss 0.0780  
Epoch 115 |  Time(s) 0.0124 | RobustPrompt-T Loss 0.0894  
Epoch 116 |  Time(s) 0.0121 | RobustPrompt-T Loss 0.0888  
Epoch 117 |  Time(s) 0.0126 | RobustPrompt-T Loss 0.0776  
Epoch 118 |  Time(s) 0.0130 | RobustPrompt-T Loss 0.0623  
Epoch 119 |  Time(s) 0.0125 | RobustPrompt-T Loss 0.0781  
Epoch 120 |  Time(s) 0.0125 | RobustPrompt-T Loss 0.1019  
Epoch 121 |  Time(s) 0.0125 | RobustPrompt-T Loss 0.1790  
Epoch 122 |  Time(s) 0.0124 | RobustPrompt-T Loss 0.0861  
Epoch 123 |  Time(s) 0.0123 | RobustPrompt-T Loss 0.1305  
Epoch 124 |  Time(s) 0.0124 | RobustPrompt-T Loss 0.1048  
Epoch 125 |  Time(s) 0.0127 | RobustPrompt-T Loss 0.0554  
Epoch 126 |  Time(s) 0.0127 | RobustPrompt-T Loss 0.0819  
Epoch 127 |  Time(s) 0.0128 | RobustPrompt-T Loss 0.1417  
Epoch 128 |  Time(s) 0.0130 | RobustPrompt-T Loss 0.0605  
Epoch 129 |  Time(s) 0.0128 | RobustPrompt-T Loss 0.0874  
Epoch 130 |  Time(s) 0.0127 | RobustPrompt-T Loss 0.1776  
Epoch 131 |  Time(s) 0.0125 | RobustPrompt-T Loss 0.0878  
Epoch 132 |  Time(s) 0.0127 | RobustPrompt-T Loss 0.3993  
Epoch 133 |  Time(s) 0.0124 | RobustPrompt-T Loss 0.2903  
Epoch 134 |  Time(s) 0.0124 | RobustPrompt-T Loss 0.1002  
Epoch 135 |  Time(s) 0.0125 | RobustPrompt-T Loss 0.1180  
Epoch 136 |  Time(s) 0.0128 | RobustPrompt-T Loss 0.2029  
Epoch 137 |  Time(s) 0.0126 | RobustPrompt-T Loss 0.1489  
Epoch 138 |  Time(s) 0.0127 | RobustPrompt-T Loss 0.1029  
Epoch 139 |  Time(s) 0.0125 | RobustPrompt-T Loss 0.1050  
Epoch 140 |  Time(s) 0.0125 | RobustPrompt-T Loss 0.1634  
Epoch 141 |  Time(s) 0.0125 | RobustPrompt-T Loss 0.1422  
Epoch 142 |  Time(s) 0.0125 | RobustPrompt-T Loss 0.0915  
Epoch 143 |  Time(s) 0.0125 | RobustPrompt-T Loss 0.0984  
Epoch 144 |  Time(s) 0.0122 | RobustPrompt-T Loss 0.1117  
----------------------------------------------------------------------------------------------------
Early stopping at 145 eopch!
Final True Accuracy: 0.1184 | Macro F1 Score: 0.0660
Edge Detection Detail | source=filter_module | active=0 | n_edges=6122 | n_pos=919 | n_neg=5203 | pos_rate=0.1501 | pred_pos=6023 | pred_pos_rate=0.9838 | tp=916 | fp=5107 | fn=3 | tn=96 | precision=0.1521 | recall=0.9967 | f1=0.2639 | auc=0.8478 | ap=0.4791 | best_f1=0.6131 | best_threshold=0.9600 | best_precision=0.5397 | best_recall=0.7095 | best_pred_pos_rate=0.1973 | precision_at_k_pos=0.5702 | recall_at_k_pos=0.5702 | all_positive_f1=0.2610 | current_f1_minus_all_positive_f1=0.0029 | hard_mask_all_positive_like=0 | mode=original
Edge Detection Detail | source=tau_tune | active=1 | n_edges=6122 | n_pos=919 | n_neg=5203 | pos_rate=0.1501 | pred_pos=140 | pred_pos_rate=0.0229 | tp=69 | fp=71 | fn=850 | tn=5132 | precision=0.4929 | recall=0.0751 | f1=0.1303 | auc=0.6838 | ap=0.2880 | best_f1=0.3492 | best_threshold=0.0656 | best_precision=0.2336 | best_recall=0.6910 | best_pred_pos_rate=0.4440 | precision_at_k_pos=0.2851 | recall_at_k_pos=0.2851 | all_positive_f1=0.2610 | current_f1_minus_all_positive_f1=-0.1307 | hard_mask_all_positive_like=0
Tip Detection | tip=sim_pt | active=1 | node_precision=0.2808 | node_recall=0.3498 | node_f1=0.3115 | edge_precision=0.1941 | edge_recall=0.9935 | edge_f1=0.3247 | edge_auc=0.6324 | node_tp=219 | node_fp=561 | node_fn=407 | edge_tp=913 | edge_fp=3791 | edge_fn=6
Edge Detection Detail | source=sim_pt | active=1 | n_edges=6122 | n_pos=919 | n_neg=5203 | pos_rate=0.1501 | pred_pos=4704 | pred_pos_rate=0.7684 | tp=913 | fp=3791 | fn=6 | tn=1412 | precision=0.1941 | recall=0.9935 | f1=0.3247 | auc=0.6324 | ap=0.1938 | best_f1=nan | best_threshold=nan | best_precision=nan | best_recall=nan | best_pred_pos_rate=nan | precision_at_k_pos=nan | recall_at_k_pos=nan | all_positive_f1=0.2610 | current_f1_minus_all_positive_f1=0.0637 | hard_mask_all_positive_like=0
Tip Detection | tip=degree_pt | active=1 | node_precision=0.0000 | node_recall=0.0000 | node_f1=0.0000 | edge_precision=0.0000 | edge_recall=0.0000 | edge_f1=0.0000 | edge_auc=0.5000 | node_tp=0 | node_fp=0 | node_fn=626 | edge_tp=0 | edge_fp=0 | edge_fn=919
Edge Detection Detail | source=degree_pt | active=1 | n_edges=6122 | n_pos=919 | n_neg=5203 | pos_rate=0.1501 | pred_pos=0 | pred_pos_rate=0.0000 | tp=0 | fp=0 | fn=919 | tn=5203 | precision=0.0000 | recall=0.0000 | f1=0.0000 | auc=0.5000 | ap=0.1501 | best_f1=nan | best_threshold=nan | best_precision=nan | best_recall=nan | best_pred_pos_rate=nan | precision_at_k_pos=nan | recall_at_k_pos=nan | all_positive_f1=0.2610 | current_f1_minus_all_positive_f1=-0.2610 | hard_mask_all_positive_like=0
Tip Detection | tip=out_detect_pt | active=0 | node_precision=0.0000 | node_recall=0.0000 | node_f1=0.0000 | edge_precision=0.0000 | edge_recall=0.0000 | edge_f1=0.0000 | edge_auc=0.5000 | node_tp=0 | node_fp=0 | node_fn=626 | edge_tp=0 | edge_fp=0 | edge_fn=919
Edge Detection Detail | source=out_detect_pt | active=0 | n_edges=6122 | n_pos=919 | n_neg=5203 | pos_rate=0.1501 | pred_pos=0 | pred_pos_rate=0.0000 | tp=0 | fp=0 | fn=919 | tn=5203 | precision=0.0000 | recall=0.0000 | f1=0.0000 | auc=0.8478 | ap=0.4791 | best_f1=0.6131 | best_threshold=0.9600 | best_precision=0.5397 | best_recall=0.7095 | best_pred_pos_rate=0.1973 | precision_at_k_pos=0.5702 | recall_at_k_pos=0.5702 | all_positive_f1=0.2610 | current_f1_minus_all_positive_f1=-0.2610 | hard_mask_all_positive_like=0
best_loss [tensor(0.0894, device='cuda:0', grad_fn=<AddBackward0>)]
load LLC or attacked data with specified split
Successfully loaded the attack of dataname with few shot 5, split 1
Attack method : Meta_Self | Attack ptb : 0.15 | Dataset: Cora
======================
Number of graphs: 1
Number of features: 1433
Number of classes: 7

Data(x=[2708, 1433], edge_index=[2, 14952], y=[2708], train_mask=[2708], val_mask=[2708], test_mask=[2708])
===========================================================================================================
Number of nodes: 2708
Number of edges: 14952
Average node degree: 5.52
Has isolated nodes: False
Has self-loops: True
Is undirected: True
Pollution Diff | added_edges=919 | deleted_edges=75 | clean_edges=5278 | attack_edges=6122
GCN(
  (conv_layers): ModuleList(
    (0): GCNConv(1433, 256)
    (1): GCNConv(256, 256)
  )
)
Successfully loaded pre-trained weights!
use RobustPrompt Tranductive
defense pt dict :  {'sim_pt': 0.3, 'degree_pt': 1, 'out_detect_pt': -1.0, 'other_pt': 'all'}
use_attention :  False
cosine_constraint :  True
pt_threshold :  0.5
filter_module :  OriginalFilter
temperature :  1.0
weight_mse 0.1
weight_kl :  0.3
weight_constraint :  0.2
run RobustPrompt-T
Epoch 001 |  Time(s) 0.0127 | RobustPrompt-T Loss 1.9429  
Epoch 002 |  Time(s) 0.0126 | RobustPrompt-T Loss 1.9163  
Epoch 003 |  Time(s) 0.0126 | RobustPrompt-T Loss 1.8945  
Epoch 004 |  Time(s) 0.0120 | RobustPrompt-T Loss 1.8731  
Epoch 005 |  Time(s) 0.0123 | RobustPrompt-T Loss 1.8605  
Epoch 006 |  Time(s) 0.0126 | RobustPrompt-T Loss 1.7768  
Epoch 007 |  Time(s) 0.0124 | RobustPrompt-T Loss 1.8013  
Epoch 008 |  Time(s) 0.0122 | RobustPrompt-T Loss 1.7784  
Epoch 009 |  Time(s) 0.0123 | RobustPrompt-T Loss 1.7882  
Epoch 010 |  Time(s) 0.0126 | RobustPrompt-T Loss 1.7660  
Epoch 011 |  Time(s) 0.0126 | RobustPrompt-T Loss 1.7456  
Epoch 012 |  Time(s) 0.0122 | RobustPrompt-T Loss 1.7455  
Epoch 013 |  Time(s) 0.0121 | RobustPrompt-T Loss 1.7306  
Epoch 014 |  Time(s) 0.0122 | RobustPrompt-T Loss 1.7175  
Epoch 015 |  Time(s) 0.0124 | RobustPrompt-T Loss 1.7201  
Epoch 016 |  Time(s) 0.0122 | RobustPrompt-T Loss 1.7130  
Epoch 017 |  Time(s) 0.0124 | RobustPrompt-T Loss 1.7124  
Epoch 018 |  Time(s) 0.0120 | RobustPrompt-T Loss 1.6972  
Epoch 019 |  Time(s) 0.0126 | RobustPrompt-T Loss 1.7003  
Epoch 020 |  Time(s) 0.0125 | RobustPrompt-T Loss 1.6638  
Epoch 021 |  Time(s) 0.0126 | RobustPrompt-T Loss 1.6539  
Epoch 022 |  Time(s) 0.0126 | RobustPrompt-T Loss 1.6257  
Epoch 023 |  Time(s) 0.0120 | RobustPrompt-T Loss 1.6308  
Epoch 024 |  Time(s) 0.0122 | RobustPrompt-T Loss 1.6737  
Epoch 025 |  Time(s) 0.0126 | RobustPrompt-T Loss 1.5834  
Epoch 026 |  Time(s) 0.0121 | RobustPrompt-T Loss 1.5717  
Epoch 027 |  Time(s) 0.0121 | RobustPrompt-T Loss 1.6307  
Epoch 028 |  Time(s) 0.0122 | RobustPrompt-T Loss 1.5182  
Epoch 029 |  Time(s) 0.0127 | RobustPrompt-T Loss 1.5548  
Epoch 030 |  Time(s) 0.0125 | RobustPrompt-T Loss 1.5971  
Epoch 031 |  Time(s) 0.0126 | RobustPrompt-T Loss 1.4620  
Epoch 032 |  Time(s) 0.0122 | RobustPrompt-T Loss 1.6159  
Epoch 033 |  Time(s) 0.0121 | RobustPrompt-T Loss 1.4441  
Epoch 034 |  Time(s) 0.0122 | RobustPrompt-T Loss 1.5484  
Epoch 035 |  Time(s) 0.0121 | RobustPrompt-T Loss 1.4268  
Epoch 036 |  Time(s) 0.0125 | RobustPrompt-T Loss 1.4477  
Epoch 037 |  Time(s) 0.0125 | RobustPrompt-T Loss 1.3808  
Epoch 038 |  Time(s) 0.0127 | RobustPrompt-T Loss 1.3761  
Epoch 039 |  Time(s) 0.0128 | RobustPrompt-T Loss 1.3637  
Epoch 040 |  Time(s) 0.0126 | RobustPrompt-T Loss 1.2748  
Epoch 041 |  Time(s) 0.0125 | RobustPrompt-T Loss 1.3455  
Epoch 042 |  Time(s) 0.0121 | RobustPrompt-T Loss 1.2417  
Epoch 043 |  Time(s) 0.0121 | RobustPrompt-T Loss 1.2384  
Epoch 044 |  Time(s) 0.0122 | RobustPrompt-T Loss 1.2336  
Epoch 045 |  Time(s) 0.0121 | RobustPrompt-T Loss 1.1593  
Epoch 046 |  Time(s) 0.0122 | RobustPrompt-T Loss 1.2535  
Epoch 047 |  Time(s) 0.0126 | RobustPrompt-T Loss 1.1063  
Epoch 048 |  Time(s) 0.0125 | RobustPrompt-T Loss 1.1312  
Epoch 049 |  Time(s) 0.0130 | RobustPrompt-T Loss 1.0976  
Epoch 050 |  Time(s) 0.0129 | RobustPrompt-T Loss 1.0513  
Epoch 051 |  Time(s) 0.0129 | RobustPrompt-T Loss 1.0371  
Epoch 052 |  Time(s) 0.0122 | RobustPrompt-T Loss 1.0102  
Epoch 053 |  Time(s) 0.0123 | RobustPrompt-T Loss 0.9802  
Epoch 054 |  Time(s) 0.0126 | RobustPrompt-T Loss 0.9611  
Epoch 055 |  Time(s) 0.0123 | RobustPrompt-T Loss 0.9153  
Epoch 056 |  Time(s) 0.0125 | RobustPrompt-T Loss 0.8938  
Epoch 057 |  Time(s) 0.0124 | RobustPrompt-T Loss 0.8559  
Epoch 058 |  Time(s) 0.0126 | RobustPrompt-T Loss 0.8222  
Epoch 059 |  Time(s) 0.0124 | RobustPrompt-T Loss 0.7796  
Epoch 060 |  Time(s) 0.0127 | RobustPrompt-T Loss 0.7619  
Epoch 061 |  Time(s) 0.0125 | RobustPrompt-T Loss 0.7282  
Epoch 062 |  Time(s) 0.0120 | RobustPrompt-T Loss 0.7086  
Epoch 063 |  Time(s) 0.0127 | RobustPrompt-T Loss 0.7940  
Epoch 064 |  Time(s) 0.0122 | RobustPrompt-T Loss 0.7167  
Epoch 065 |  Time(s) 0.0121 | RobustPrompt-T Loss 0.6805  
Epoch 066 |  Time(s) 0.0127 | RobustPrompt-T Loss 0.6047  
Epoch 067 |  Time(s) 0.0128 | RobustPrompt-T Loss 0.6260  
Epoch 068 |  Time(s) 0.0124 | RobustPrompt-T Loss 0.5760  
Epoch 069 |  Time(s) 0.0127 | RobustPrompt-T Loss 0.5460  
Epoch 070 |  Time(s) 0.0129 | RobustPrompt-T Loss 0.5407  
Epoch 071 |  Time(s) 0.0125 | RobustPrompt-T Loss 0.4943  
Epoch 072 |  Time(s) 0.0126 | RobustPrompt-T Loss 0.5734  
Epoch 073 |  Time(s) 0.0123 | RobustPrompt-T Loss 0.4426  
Epoch 074 |  Time(s) 0.0126 | RobustPrompt-T Loss 0.4476  
Epoch 075 |  Time(s) 0.0124 | RobustPrompt-T Loss 0.3969  
Epoch 076 |  Time(s) 0.0127 | RobustPrompt-T Loss 0.4180  
Epoch 077 |  Time(s) 0.0123 | RobustPrompt-T Loss 0.3870  
Epoch 078 |  Time(s) 0.0126 | RobustPrompt-T Loss 0.3455  
Epoch 079 |  Time(s) 0.0125 | RobustPrompt-T Loss 0.3353  
Epoch 080 |  Time(s) 0.0128 | RobustPrompt-T Loss 0.2939  
Epoch 081 |  Time(s) 0.0128 | RobustPrompt-T Loss 0.3216  
Epoch 082 |  Time(s) 0.0123 | RobustPrompt-T Loss 0.2625  
Epoch 083 |  Time(s) 0.0121 | RobustPrompt-T Loss 0.2578  
Epoch 084 |  Time(s) 0.0125 | RobustPrompt-T Loss 0.2364  
Epoch 085 |  Time(s) 0.0130 | RobustPrompt-T Loss 0.2275  
Epoch 086 |  Time(s) 0.0125 | RobustPrompt-T Loss 0.2112  
Epoch 087 |  Time(s) 0.0127 | RobustPrompt-T Loss 0.2044  
Epoch 088 |  Time(s) 0.0129 | RobustPrompt-T Loss 0.1855  
Epoch 089 |  Time(s) 0.0129 | RobustPrompt-T Loss 0.1853  
Epoch 090 |  Time(s) 0.0130 | RobustPrompt-T Loss 0.1724  
Epoch 091 |  Time(s) 0.0130 | RobustPrompt-T Loss 0.1783  
Epoch 092 |  Time(s) 0.0125 | RobustPrompt-T Loss 0.1640  
Epoch 093 |  Time(s) 0.0127 | RobustPrompt-T Loss 0.1576  
Epoch 094 |  Time(s) 0.0123 | RobustPrompt-T Loss 0.1959  
Epoch 095 |  Time(s) 0.0129 | RobustPrompt-T Loss 0.2181  
Epoch 096 |  Time(s) 0.0128 | RobustPrompt-T Loss 0.3844  
Epoch 097 |  Time(s) 0.0130 | RobustPrompt-T Loss 0.1467  
Epoch 098 |  Time(s) 0.0128 | RobustPrompt-T Loss 0.1324  
Epoch 099 |  Time(s) 0.0123 | RobustPrompt-T Loss 0.3119  
Epoch 100 |  Time(s) 0.0123 | RobustPrompt-T Loss 0.2004  
Epoch 101 |  Time(s) 0.0125 | RobustPrompt-T Loss 0.1484  
Epoch 102 |  Time(s) 0.0123 | RobustPrompt-T Loss 0.5445  
Epoch 103 |  Time(s) 0.0126 | RobustPrompt-T Loss 0.1278  
Epoch 104 |  Time(s) 0.0123 | RobustPrompt-T Loss 0.1452  
Epoch 105 |  Time(s) 0.0121 | RobustPrompt-T Loss 0.2385  
Epoch 106 |  Time(s) 0.0128 | RobustPrompt-T Loss 0.1764  
Epoch 107 |  Time(s) 0.0122 | RobustPrompt-T Loss 0.1714  
Epoch 108 |  Time(s) 0.0127 | RobustPrompt-T Loss 0.1663  
Epoch 109 |  Time(s) 0.0129 | RobustPrompt-T Loss 0.1266  
Epoch 110 |  Time(s) 0.0124 | RobustPrompt-T Loss 0.1339  
Epoch 111 |  Time(s) 0.0127 | RobustPrompt-T Loss 0.2986  
Epoch 112 |  Time(s) 0.0128 | RobustPrompt-T Loss 0.1355  
Epoch 113 |  Time(s) 0.0125 | RobustPrompt-T Loss 0.2030  
Epoch 114 |  Time(s) 0.0128 | RobustPrompt-T Loss 0.1693  
Epoch 115 |  Time(s) 0.0126 | RobustPrompt-T Loss 0.1079  
Epoch 116 |  Time(s) 0.0124 | RobustPrompt-T Loss 0.1269  
Epoch 117 |  Time(s) 0.0128 | RobustPrompt-T Loss 0.2014  
Epoch 118 |  Time(s) 0.0125 | RobustPrompt-T Loss 0.1119  
Epoch 119 |  Time(s) 0.0125 | RobustPrompt-T Loss 0.1354  
Epoch 120 |  Time(s) 0.0122 | RobustPrompt-T Loss 0.1259  
Epoch 121 |  Time(s) 0.0120 | RobustPrompt-T Loss 0.1007  
Epoch 122 |  Time(s) 0.0122 | RobustPrompt-T Loss 0.1195  
Epoch 123 |  Time(s) 0.0122 | RobustPrompt-T Loss 0.1562  
Epoch 124 |  Time(s) 0.0123 | RobustPrompt-T Loss 0.0956  
Epoch 125 |  Time(s) 0.0123 | RobustPrompt-T Loss 0.0843  
Epoch 126 |  Time(s) 0.0124 | RobustPrompt-T Loss 0.0903  
Epoch 127 |  Time(s) 0.0125 | RobustPrompt-T Loss 0.1209  
Epoch 128 |  Time(s) 0.0128 | RobustPrompt-T Loss 0.0882  
Epoch 129 |  Time(s) 0.0124 | RobustPrompt-T Loss 0.2057  
Epoch 130 |  Time(s) 0.0127 | RobustPrompt-T Loss 0.1077  
Epoch 131 |  Time(s) 0.0129 | RobustPrompt-T Loss 0.0736  
Epoch 132 |  Time(s) 0.0125 | RobustPrompt-T Loss 0.3587  
Epoch 133 |  Time(s) 0.0128 | RobustPrompt-T Loss 0.0660  
Epoch 134 |  Time(s) 0.0129 | RobustPrompt-T Loss 0.1309  
Epoch 135 |  Time(s) 0.0129 | RobustPrompt-T Loss 0.0754  
Epoch 136 |  Time(s) 0.0130 | RobustPrompt-T Loss 0.0981  
Epoch 137 |  Time(s) 0.0132 | RobustPrompt-T Loss 0.1026  
Epoch 138 |  Time(s) 0.0130 | RobustPrompt-T Loss 0.0734  
Epoch 139 |  Time(s) 0.0129 | RobustPrompt-T Loss 0.2207  
Epoch 140 |  Time(s) 0.0129 | RobustPrompt-T Loss 0.0644  
Epoch 141 |  Time(s) 0.0129 | RobustPrompt-T Loss 0.0957  
Epoch 142 |  Time(s) 0.0129 | RobustPrompt-T Loss 0.0802  
Epoch 143 |  Time(s) 0.0131 | RobustPrompt-T Loss 0.0636  
Epoch 144 |  Time(s) 0.0129 | RobustPrompt-T Loss 0.0788  
Epoch 145 |  Time(s) 0.0123 | RobustPrompt-T Loss 0.0553  
Epoch 146 |  Time(s) 0.0127 | RobustPrompt-T Loss 0.1366  
Epoch 147 |  Time(s) 0.0130 | RobustPrompt-T Loss 0.0875  
Epoch 148 |  Time(s) 0.0125 | RobustPrompt-T Loss 0.0606  
Epoch 149 |  Time(s) 0.0127 | RobustPrompt-T Loss 0.0969  
Epoch 150 |  Time(s) 0.0122 | RobustPrompt-T Loss 0.0614  
Epoch 151 |  Time(s) 0.0127 | RobustPrompt-T Loss 0.0635  
Epoch 152 |  Time(s) 0.0130 | RobustPrompt-T Loss 0.0519  
Epoch 153 |  Time(s) 0.0122 | RobustPrompt-T Loss 0.0724  
Epoch 154 |  Time(s) 0.0129 | RobustPrompt-T Loss 0.0481  
Epoch 155 |  Time(s) 0.0130 | RobustPrompt-T Loss 0.0548  
Epoch 156 |  Time(s) 0.0129 | RobustPrompt-T Loss 0.0532  
Epoch 157 |  Time(s) 0.0130 | RobustPrompt-T Loss 0.0667  
Epoch 158 |  Time(s) 0.0131 | RobustPrompt-T Loss 0.0587  
Epoch 159 |  Time(s) 0.0130 | RobustPrompt-T Loss 0.0536  
Epoch 160 |  Time(s) 0.0124 | RobustPrompt-T Loss 0.0540  
Epoch 161 |  Time(s) 0.0129 | RobustPrompt-T Loss 0.0576  
Epoch 162 |  Time(s) 0.0129 | RobustPrompt-T Loss 0.0581  
Epoch 163 |  Time(s) 0.0129 | RobustPrompt-T Loss 0.0476  
Epoch 164 |  Time(s) 0.0129 | RobustPrompt-T Loss 0.0574  
Epoch 165 |  Time(s) 0.0130 | RobustPrompt-T Loss 0.0442  
Epoch 166 |  Time(s) 0.0134 | RobustPrompt-T Loss 0.0527  
Epoch 167 |  Time(s) 0.0125 | RobustPrompt-T Loss 0.0423  
Epoch 168 |  Time(s) 0.0130 | RobustPrompt-T Loss 0.0492  
Epoch 169 |  Time(s) 0.0123 | RobustPrompt-T Loss 0.0447  
Epoch 170 |  Time(s) 0.0130 | RobustPrompt-T Loss 0.0492  
Epoch 171 |  Time(s) 0.0123 | RobustPrompt-T Loss 0.0413  
Epoch 172 |  Time(s) 0.0128 | RobustPrompt-T Loss 0.0531  
Epoch 173 |  Time(s) 0.0132 | RobustPrompt-T Loss 0.0403  
Epoch 174 |  Time(s) 0.0128 | RobustPrompt-T Loss 0.0447  
Epoch 175 |  Time(s) 0.0129 | RobustPrompt-T Loss 0.0535  
Epoch 176 |  Time(s) 0.0129 | RobustPrompt-T Loss 0.0428  
Epoch 177 |  Time(s) 0.0128 | RobustPrompt-T Loss 0.0424  
Epoch 178 |  Time(s) 0.0130 | RobustPrompt-T Loss 0.0457  
Epoch 179 |  Time(s) 0.0126 | RobustPrompt-T Loss 0.0509  
Epoch 180 |  Time(s) 0.0128 | RobustPrompt-T Loss 0.0428  
Epoch 181 |  Time(s) 0.0129 | RobustPrompt-T Loss 0.0425  
Epoch 182 |  Time(s) 0.0130 | RobustPrompt-T Loss 0.0542  
Epoch 183 |  Time(s) 0.0129 | RobustPrompt-T Loss 0.0420  
Epoch 184 |  Time(s) 0.0132 | RobustPrompt-T Loss 0.0424  
Epoch 185 |  Time(s) 0.0130 | RobustPrompt-T Loss 0.0418  
Epoch 186 |  Time(s) 0.0131 | RobustPrompt-T Loss 0.0440  
Epoch 187 |  Time(s) 0.0130 | RobustPrompt-T Loss 0.0398  
Epoch 188 |  Time(s) 0.0128 | RobustPrompt-T Loss 0.0413  
Epoch 189 |  Time(s) 0.0129 | RobustPrompt-T Loss 0.0413  
Epoch 190 |  Time(s) 0.0133 | RobustPrompt-T Loss 0.0393  
Epoch 191 |  Time(s) 0.0130 | RobustPrompt-T Loss 0.0388  
Epoch 192 |  Time(s) 0.0131 | RobustPrompt-T Loss 0.0400  
Epoch 193 |  Time(s) 0.0127 | RobustPrompt-T Loss 0.0398  
Epoch 194 |  Time(s) 0.0132 | RobustPrompt-T Loss 0.0381  
Epoch 195 |  Time(s) 0.0130 | RobustPrompt-T Loss 0.0371  
Epoch 196 |  Time(s) 0.0130 | RobustPrompt-T Loss 0.0380  
Epoch 197 |  Time(s) 0.0131 | RobustPrompt-T Loss 0.0374  
Epoch 198 |  Time(s) 0.0124 | RobustPrompt-T Loss 0.0363  
Epoch 199 |  Time(s) 0.0126 | RobustPrompt-T Loss 0.0371  
Epoch 200 |  Time(s) 0.0122 | RobustPrompt-T Loss 0.0428  
Final True Accuracy: 0.1400 | Macro F1 Score: 0.1233
Edge Detection Detail | source=filter_module | active=0 | n_edges=6122 | n_pos=919 | n_neg=5203 | pos_rate=0.1501 | pred_pos=6023 | pred_pos_rate=0.9838 | tp=916 | fp=5107 | fn=3 | tn=96 | precision=0.1521 | recall=0.9967 | f1=0.2639 | auc=0.8478 | ap=0.4791 | best_f1=0.6131 | best_threshold=0.9600 | best_precision=0.5397 | best_recall=0.7095 | best_pred_pos_rate=0.1973 | precision_at_k_pos=0.5702 | recall_at_k_pos=0.5702 | all_positive_f1=0.2610 | current_f1_minus_all_positive_f1=0.0029 | hard_mask_all_positive_like=0 | mode=original
Edge Detection Detail | source=tau_tune | active=1 | n_edges=6122 | n_pos=919 | n_neg=5203 | pos_rate=0.1501 | pred_pos=840 | pred_pos_rate=0.1372 | tp=161 | fp=679 | fn=758 | tn=4524 | precision=0.1917 | recall=0.1752 | f1=0.1831 | auc=0.6135 | ap=0.1978 | best_f1=0.3055 | best_threshold=0.0434 | best_precision=0.1886 | best_recall=0.8030 | best_pred_pos_rate=0.6392 | precision_at_k_pos=0.1937 | recall_at_k_pos=0.1937 | all_positive_f1=0.2610 | current_f1_minus_all_positive_f1=-0.0780 | hard_mask_all_positive_like=0
Tip Detection | tip=sim_pt | active=1 | node_precision=0.2808 | node_recall=0.3498 | node_f1=0.3115 | edge_precision=0.1941 | edge_recall=0.9935 | edge_f1=0.3247 | edge_auc=0.6324 | node_tp=219 | node_fp=561 | node_fn=407 | edge_tp=913 | edge_fp=3791 | edge_fn=6
Edge Detection Detail | source=sim_pt | active=1 | n_edges=6122 | n_pos=919 | n_neg=5203 | pos_rate=0.1501 | pred_pos=4704 | pred_pos_rate=0.7684 | tp=913 | fp=3791 | fn=6 | tn=1412 | precision=0.1941 | recall=0.9935 | f1=0.3247 | auc=0.6324 | ap=0.1938 | best_f1=nan | best_threshold=nan | best_precision=nan | best_recall=nan | best_pred_pos_rate=nan | precision_at_k_pos=nan | recall_at_k_pos=nan | all_positive_f1=0.2610 | current_f1_minus_all_positive_f1=0.0637 | hard_mask_all_positive_like=0
Tip Detection | tip=degree_pt | active=1 | node_precision=0.0000 | node_recall=0.0000 | node_f1=0.0000 | edge_precision=0.0000 | edge_recall=0.0000 | edge_f1=0.0000 | edge_auc=0.5000 | node_tp=0 | node_fp=0 | node_fn=626 | edge_tp=0 | edge_fp=0 | edge_fn=919
Edge Detection Detail | source=degree_pt | active=1 | n_edges=6122 | n_pos=919 | n_neg=5203 | pos_rate=0.1501 | pred_pos=0 | pred_pos_rate=0.0000 | tp=0 | fp=0 | fn=919 | tn=5203 | precision=0.0000 | recall=0.0000 | f1=0.0000 | auc=0.5000 | ap=0.1501 | best_f1=nan | best_threshold=nan | best_precision=nan | best_recall=nan | best_pred_pos_rate=nan | precision_at_k_pos=nan | recall_at_k_pos=nan | all_positive_f1=0.2610 | current_f1_minus_all_positive_f1=-0.2610 | hard_mask_all_positive_like=0
Tip Detection | tip=out_detect_pt | active=0 | node_precision=0.0000 | node_recall=0.0000 | node_f1=0.0000 | edge_precision=0.0000 | edge_recall=0.0000 | edge_f1=0.0000 | edge_auc=0.5000 | node_tp=0 | node_fp=0 | node_fn=626 | edge_tp=0 | edge_fp=0 | edge_fn=919
Edge Detection Detail | source=out_detect_pt | active=0 | n_edges=6122 | n_pos=919 | n_neg=5203 | pos_rate=0.1501 | pred_pos=0 | pred_pos_rate=0.0000 | tp=0 | fp=0 | fn=919 | tn=5203 | precision=0.0000 | recall=0.0000 | f1=0.0000 | auc=0.8478 | ap=0.4791 | best_f1=0.6131 | best_threshold=0.9600 | best_precision=0.5397 | best_recall=0.7095 | best_pred_pos_rate=0.1973 | precision_at_k_pos=0.5702 | recall_at_k_pos=0.5702 | all_positive_f1=0.2610 | current_f1_minus_all_positive_f1=-0.2610 | hard_mask_all_positive_like=0
best_loss [tensor(0.0428, device='cuda:0', grad_fn=<AddBackward0>)]
load LLC or attacked data with specified split
Successfully loaded the attack of dataname with few shot 5, split 1
Attack method : Meta_Self | Attack ptb : 0.15 | Dataset: Cora
======================
Number of graphs: 1
Number of features: 1433
Number of classes: 7

Data(x=[2708, 1433], edge_index=[2, 14952], y=[2708], train_mask=[2708], val_mask=[2708], test_mask=[2708])
===========================================================================================================
Number of nodes: 2708
Number of edges: 14952
Average node degree: 5.52
Has isolated nodes: False
Has self-loops: True
Is undirected: True
Pollution Diff | added_edges=919 | deleted_edges=75 | clean_edges=5278 | attack_edges=6122
GCN(
  (conv_layers): ModuleList(
    (0): GCNConv(1433, 256)
    (1): GCNConv(256, 256)
  )
)
Successfully loaded pre-trained weights!
use RobustPrompt Tranductive
defense pt dict :  {'sim_pt': 0.3, 'degree_pt': 1, 'out_detect_pt': -1.0, 'other_pt': 'all'}
use_attention :  False
cosine_constraint :  True
pt_threshold :  0.5
filter_module :  OriginalFilter
temperature :  1.0
weight_mse 0.1
weight_kl :  0.3
weight_constraint :  0.2
run RobustPrompt-T
Epoch 001 |  Time(s) 0.0134 | RobustPrompt-T Loss 1.9458  
Epoch 002 |  Time(s) 0.0128 | RobustPrompt-T Loss 1.9338  
Epoch 003 |  Time(s) 0.0129 | RobustPrompt-T Loss 1.9056  
Epoch 004 |  Time(s) 0.0131 | RobustPrompt-T Loss 1.8871  
Epoch 005 |  Time(s) 0.0129 | RobustPrompt-T Loss 1.8637  
Epoch 006 |  Time(s) 0.0130 | RobustPrompt-T Loss 1.8076  
Epoch 007 |  Time(s) 0.0131 | RobustPrompt-T Loss 1.7823  
Epoch 008 |  Time(s) 0.0125 | RobustPrompt-T Loss 1.8029  
Epoch 009 |  Time(s) 0.0127 | RobustPrompt-T Loss 1.7824  
Epoch 010 |  Time(s) 0.0122 | RobustPrompt-T Loss 1.7655  
Epoch 011 |  Time(s) 0.0128 | RobustPrompt-T Loss 1.7751  
Epoch 012 |  Time(s) 0.0130 | RobustPrompt-T Loss 1.7526  
Epoch 013 |  Time(s) 0.0130 | RobustPrompt-T Loss 1.7452  
Epoch 014 |  Time(s) 0.0128 | RobustPrompt-T Loss 1.7509  
Epoch 015 |  Time(s) 0.0130 | RobustPrompt-T Loss 1.7277  
Epoch 016 |  Time(s) 0.0130 | RobustPrompt-T Loss 1.7093  
Epoch 017 |  Time(s) 0.0123 | RobustPrompt-T Loss 1.7093  
Epoch 018 |  Time(s) 0.0127 | RobustPrompt-T Loss 1.6847  
Epoch 019 |  Time(s) 0.0125 | RobustPrompt-T Loss 1.6642  
Epoch 020 |  Time(s) 0.0127 | RobustPrompt-T Loss 1.6409  
Epoch 021 |  Time(s) 0.0130 | RobustPrompt-T Loss 1.6313  
Epoch 022 |  Time(s) 0.0127 | RobustPrompt-T Loss 1.6134  
Epoch 023 |  Time(s) 0.0129 | RobustPrompt-T Loss 1.5928  
Epoch 024 |  Time(s) 0.0125 | RobustPrompt-T Loss 1.5824  
Epoch 025 |  Time(s) 0.0129 | RobustPrompt-T Loss 1.6220  
Epoch 026 |  Time(s) 0.0128 | RobustPrompt-T Loss 1.8084  
Epoch 027 |  Time(s) 0.0129 | RobustPrompt-T Loss 1.5126  
Epoch 028 |  Time(s) 0.0128 | RobustPrompt-T Loss 1.6767  
Epoch 029 |  Time(s) 0.0125 | RobustPrompt-T Loss 1.4758  
Epoch 030 |  Time(s) 0.0129 | RobustPrompt-T Loss 1.6233  
Epoch 031 |  Time(s) 0.0129 | RobustPrompt-T Loss 1.4892  
Epoch 032 |  Time(s) 0.0129 | RobustPrompt-T Loss 1.5096  
Epoch 033 |  Time(s) 0.0129 | RobustPrompt-T Loss 1.4436  
Epoch 034 |  Time(s) 0.0130 | RobustPrompt-T Loss 1.4674  
Epoch 035 |  Time(s) 0.0130 | RobustPrompt-T Loss 1.3691  
Epoch 036 |  Time(s) 0.0129 | RobustPrompt-T Loss 1.4175  
Epoch 037 |  Time(s) 0.0130 | RobustPrompt-T Loss 1.3271  
Epoch 038 |  Time(s) 0.0129 | RobustPrompt-T Loss 1.3461  
Epoch 039 |  Time(s) 0.0124 | RobustPrompt-T Loss 1.3039  
Epoch 040 |  Time(s) 0.0127 | RobustPrompt-T Loss 1.2496  
Epoch 041 |  Time(s) 0.0125 | RobustPrompt-T Loss 1.2702  
Epoch 042 |  Time(s) 0.0126 | RobustPrompt-T Loss 1.2001  
Epoch 043 |  Time(s) 0.0128 | RobustPrompt-T Loss 1.1955  
Epoch 044 |  Time(s) 0.0125 | RobustPrompt-T Loss 1.1742  
Epoch 045 |  Time(s) 0.0127 | RobustPrompt-T Loss 1.1280  
Epoch 046 |  Time(s) 0.0124 | RobustPrompt-T Loss 1.1319  
Epoch 047 |  Time(s) 0.0126 | RobustPrompt-T Loss 1.0862  
Epoch 048 |  Time(s) 0.0130 | RobustPrompt-T Loss 1.0515  
Epoch 049 |  Time(s) 0.0129 | RobustPrompt-T Loss 1.0474  
Epoch 050 |  Time(s) 0.0129 | RobustPrompt-T Loss 1.0365  
Epoch 051 |  Time(s) 0.0126 | RobustPrompt-T Loss 0.9703  
Epoch 052 |  Time(s) 0.0128 | RobustPrompt-T Loss 0.9734  
Epoch 053 |  Time(s) 0.0130 | RobustPrompt-T Loss 0.9050  
Epoch 054 |  Time(s) 0.0128 | RobustPrompt-T Loss 0.8977  
Epoch 055 |  Time(s) 0.0124 | RobustPrompt-T Loss 0.8451  
Epoch 056 |  Time(s) 0.0129 | RobustPrompt-T Loss 0.8099  
Epoch 057 |  Time(s) 0.0128 | RobustPrompt-T Loss 0.7913  
Epoch 058 |  Time(s) 0.0129 | RobustPrompt-T Loss 0.7490  
Epoch 059 |  Time(s) 0.0129 | RobustPrompt-T Loss 0.7259  
Epoch 060 |  Time(s) 0.0130 | RobustPrompt-T Loss 0.6889  
Epoch 061 |  Time(s) 0.0126 | RobustPrompt-T Loss 0.6637  
Epoch 062 |  Time(s) 0.0125 | RobustPrompt-T Loss 0.6366  
Epoch 063 |  Time(s) 0.0129 | RobustPrompt-T Loss 0.5981  
Epoch 064 |  Time(s) 0.0125 | RobustPrompt-T Loss 0.5753  
Epoch 065 |  Time(s) 0.0127 | RobustPrompt-T Loss 0.5573  
Epoch 066 |  Time(s) 0.0130 | RobustPrompt-T Loss 0.5174  
Epoch 067 |  Time(s) 0.0128 | RobustPrompt-T Loss 0.4986  
Epoch 068 |  Time(s) 0.0126 | RobustPrompt-T Loss 0.4788  
Epoch 069 |  Time(s) 0.0128 | RobustPrompt-T Loss 0.4521  
Epoch 070 |  Time(s) 0.0131 | RobustPrompt-T Loss 0.4271  
Epoch 071 |  Time(s) 0.0128 | RobustPrompt-T Loss 0.4097  
Epoch 072 |  Time(s) 0.0130 | RobustPrompt-T Loss 0.3930  
Epoch 073 |  Time(s) 0.0130 | RobustPrompt-T Loss 0.3461  
Epoch 074 |  Time(s) 0.0130 | RobustPrompt-T Loss 0.3449  
Epoch 075 |  Time(s) 0.0131 | RobustPrompt-T Loss 0.3196  
Epoch 076 |  Time(s) 0.0130 | RobustPrompt-T Loss 0.3571  
Epoch 077 |  Time(s) 0.0129 | RobustPrompt-T Loss 0.3282  
Epoch 078 |  Time(s) 0.0130 | RobustPrompt-T Loss 0.2882  
Epoch 079 |  Time(s) 0.0131 | RobustPrompt-T Loss 0.2519  
Epoch 080 |  Time(s) 0.0129 | RobustPrompt-T Loss 0.2610  
Epoch 081 |  Time(s) 0.0130 | RobustPrompt-T Loss 0.2307  
Epoch 082 |  Time(s) 0.0130 | RobustPrompt-T Loss 0.2350  
Epoch 083 |  Time(s) 0.0130 | RobustPrompt-T Loss 0.2041  
Epoch 084 |  Time(s) 0.0130 | RobustPrompt-T Loss 0.1875  
Epoch 085 |  Time(s) 0.0130 | RobustPrompt-T Loss 0.2642  
Epoch 086 |  Time(s) 0.0129 | RobustPrompt-T Loss 0.2528  
Epoch 087 |  Time(s) 0.0131 | RobustPrompt-T Loss 0.1661  
Epoch 088 |  Time(s) 0.0130 | RobustPrompt-T Loss 0.4678  
Epoch 089 |  Time(s) 0.0129 | RobustPrompt-T Loss 0.1607  
Epoch 090 |  Time(s) 0.0130 | RobustPrompt-T Loss 0.2008  
Epoch 091 |  Time(s) 0.0130 | RobustPrompt-T Loss 0.1514  
Epoch 092 |  Time(s) 0.0126 | RobustPrompt-T Loss 0.4070  
Epoch 093 |  Time(s) 0.0129 | RobustPrompt-T Loss 0.1543  
Epoch 094 |  Time(s) 0.0128 | RobustPrompt-T Loss 0.1834  
Epoch 095 |  Time(s) 0.0129 | RobustPrompt-T Loss 0.1831  
Epoch 096 |  Time(s) 0.0129 | RobustPrompt-T Loss 0.2206  
Epoch 097 |  Time(s) 0.0130 | RobustPrompt-T Loss 0.1660  
Epoch 098 |  Time(s) 0.0129 | RobustPrompt-T Loss 0.1628  
Epoch 099 |  Time(s) 0.0130 | RobustPrompt-T Loss 0.1931  
Epoch 100 |  Time(s) 0.0130 | RobustPrompt-T Loss 0.1380  
Epoch 101 |  Time(s) 0.0130 | RobustPrompt-T Loss 0.1233  
Epoch 102 |  Time(s) 0.0129 | RobustPrompt-T Loss 0.1394  
Epoch 103 |  Time(s) 0.0126 | RobustPrompt-T Loss 0.1210  
Epoch 104 |  Time(s) 0.0128 | RobustPrompt-T Loss 0.1184  
Epoch 105 |  Time(s) 0.0128 | RobustPrompt-T Loss 0.1085  
Epoch 106 |  Time(s) 0.0128 | RobustPrompt-T Loss 0.1485  
Epoch 107 |  Time(s) 0.0126 | RobustPrompt-T Loss 0.1042  
Epoch 108 |  Time(s) 0.0127 | RobustPrompt-T Loss 0.1043  
Epoch 109 |  Time(s) 0.0128 | RobustPrompt-T Loss 0.0986  
Epoch 110 |  Time(s) 0.0129 | RobustPrompt-T Loss 0.0895  
Epoch 111 |  Time(s) 0.0129 | RobustPrompt-T Loss 0.0922  
Epoch 112 |  Time(s) 0.0127 | RobustPrompt-T Loss 0.0862  
Epoch 113 |  Time(s) 0.0128 | RobustPrompt-T Loss 0.0847  
Epoch 114 |  Time(s) 0.0128 | RobustPrompt-T Loss 0.1008  
Epoch 115 |  Time(s) 0.0130 | RobustPrompt-T Loss 0.0929  
Epoch 116 |  Time(s) 0.0129 | RobustPrompt-T Loss 0.0759  
Epoch 117 |  Time(s) 0.0129 | RobustPrompt-T Loss 0.0762  
Epoch 118 |  Time(s) 0.0130 | RobustPrompt-T Loss 0.0802  
Epoch 119 |  Time(s) 0.0130 | RobustPrompt-T Loss 0.0828  
Epoch 120 |  Time(s) 0.0127 | RobustPrompt-T Loss 0.0651  
Epoch 121 |  Time(s) 0.0126 | RobustPrompt-T Loss 0.0716  
Epoch 122 |  Time(s) 0.0128 | RobustPrompt-T Loss 0.0756  
Epoch 123 |  Time(s) 0.0129 | RobustPrompt-T Loss 0.0793  
Epoch 124 |  Time(s) 0.0125 | RobustPrompt-T Loss 0.0592  
Epoch 125 |  Time(s) 0.0127 | RobustPrompt-T Loss 0.0618  
Epoch 126 |  Time(s) 0.0129 | RobustPrompt-T Loss 0.0641  
Epoch 127 |  Time(s) 0.0124 | RobustPrompt-T Loss 0.0617  
Epoch 128 |  Time(s) 0.0127 | RobustPrompt-T Loss 0.0602  
Epoch 129 |  Time(s) 0.0124 | RobustPrompt-T Loss 0.0576  
Epoch 130 |  Time(s) 0.0128 | RobustPrompt-T Loss 0.0786  
Epoch 131 |  Time(s) 0.0129 | RobustPrompt-T Loss 0.0791  
Epoch 132 |  Time(s) 0.0130 | RobustPrompt-T Loss 0.0776  
Epoch 133 |  Time(s) 0.0128 | RobustPrompt-T Loss 0.0522  
Epoch 134 |  Time(s) 0.0131 | RobustPrompt-T Loss 0.0509  
Epoch 135 |  Time(s) 0.0130 | RobustPrompt-T Loss 0.0565  
Epoch 136 |  Time(s) 0.0131 | RobustPrompt-T Loss 0.0533  
Epoch 137 |  Time(s) 0.0130 | RobustPrompt-T Loss 0.0487  
Epoch 138 |  Time(s) 0.0129 | RobustPrompt-T Loss 0.0600  
Epoch 139 |  Time(s) 0.0130 | RobustPrompt-T Loss 0.0524  
Epoch 140 |  Time(s) 0.0129 | RobustPrompt-T Loss 0.0484  
Epoch 141 |  Time(s) 0.0130 | RobustPrompt-T Loss 0.0565  
Epoch 142 |  Time(s) 0.0130 | RobustPrompt-T Loss 0.0468  
Epoch 143 |  Time(s) 0.0126 | RobustPrompt-T Loss 0.0437  
Epoch 144 |  Time(s) 0.0127 | RobustPrompt-T Loss 0.0612  
Epoch 145 |  Time(s) 0.0129 | RobustPrompt-T Loss 0.0549  
Epoch 146 |  Time(s) 0.0129 | RobustPrompt-T Loss 0.0413  
Epoch 147 |  Time(s) 0.0129 | RobustPrompt-T Loss 0.0607  
Epoch 148 |  Time(s) 0.0131 | RobustPrompt-T Loss 0.0509  
Epoch 149 |  Time(s) 0.0130 | RobustPrompt-T Loss 0.0399  
Epoch 150 |  Time(s) 0.0125 | RobustPrompt-T Loss 0.0790  
Epoch 151 |  Time(s) 0.0129 | RobustPrompt-T Loss 0.1279  
Epoch 152 |  Time(s) 0.0127 | RobustPrompt-T Loss 0.0491  
Epoch 153 |  Time(s) 0.0129 | RobustPrompt-T Loss 0.2943  
Epoch 154 |  Time(s) 0.0125 | RobustPrompt-T Loss 0.1093  
Epoch 155 |  Time(s) 0.0127 | RobustPrompt-T Loss 0.0445  
Epoch 156 |  Time(s) 0.0128 | RobustPrompt-T Loss 0.1943  
Epoch 157 |  Time(s) 0.0129 | RobustPrompt-T Loss 0.0704  
Epoch 158 |  Time(s) 0.0125 | RobustPrompt-T Loss 0.0580  
Epoch 159 |  Time(s) 0.0127 | RobustPrompt-T Loss 0.0944  
Epoch 160 |  Time(s) 0.0123 | RobustPrompt-T Loss 0.0766  
Epoch 161 |  Time(s) 0.0127 | RobustPrompt-T Loss 0.0509  
Epoch 162 |  Time(s) 0.0128 | RobustPrompt-T Loss 0.0601  
Epoch 163 |  Time(s) 0.0124 | RobustPrompt-T Loss 0.0891  
Epoch 164 |  Time(s) 0.0120 | RobustPrompt-T Loss 0.0424  
Epoch 165 |  Time(s) 0.0126 | RobustPrompt-T Loss 0.0836  
Epoch 166 |  Time(s) 0.0126 | RobustPrompt-T Loss 0.0826  
Epoch 167 |  Time(s) 0.0126 | RobustPrompt-T Loss 0.0531  
Epoch 168 |  Time(s) 0.0123 | RobustPrompt-T Loss 0.0892  
Epoch 169 |  Time(s) 0.0124 | RobustPrompt-T Loss 0.0373  
Epoch 170 |  Time(s) 0.0123 | RobustPrompt-T Loss 0.0555  
Epoch 171 |  Time(s) 0.0128 | RobustPrompt-T Loss 0.0355  
Epoch 172 |  Time(s) 0.0125 | RobustPrompt-T Loss 0.0602  
Epoch 173 |  Time(s) 0.0126 | RobustPrompt-T Loss 0.0423  
Epoch 174 |  Time(s) 0.0128 | RobustPrompt-T Loss 0.0360  
Epoch 175 |  Time(s) 0.0124 | RobustPrompt-T Loss 0.0436  
Epoch 176 |  Time(s) 0.0121 | RobustPrompt-T Loss 0.0304  
Epoch 177 |  Time(s) 0.0125 | RobustPrompt-T Loss 0.0432  
Epoch 178 |  Time(s) 0.0123 | RobustPrompt-T Loss 0.0289  
Epoch 179 |  Time(s) 0.0129 | RobustPrompt-T Loss 0.0415  
Epoch 180 |  Time(s) 0.0128 | RobustPrompt-T Loss 0.0301  
Epoch 181 |  Time(s) 0.0125 | RobustPrompt-T Loss 0.0353  
Epoch 182 |  Time(s) 0.0128 | RobustPrompt-T Loss 0.0359  
Epoch 183 |  Time(s) 0.0128 | RobustPrompt-T Loss 0.0333  
Epoch 184 |  Time(s) 0.0123 | RobustPrompt-T Loss 0.0399  
Epoch 185 |  Time(s) 0.0121 | RobustPrompt-T Loss 0.0310  
Epoch 186 |  Time(s) 0.0121 | RobustPrompt-T Loss 0.0569  
Epoch 187 |  Time(s) 0.0120 | RobustPrompt-T Loss 0.0396  
Epoch 188 |  Time(s) 0.0124 | RobustPrompt-T Loss 0.0457  
Epoch 189 |  Time(s) 0.0126 | RobustPrompt-T Loss 0.0564  
Epoch 190 |  Time(s) 0.0125 | RobustPrompt-T Loss 0.0387  
Epoch 191 |  Time(s) 0.0122 | RobustPrompt-T Loss 0.0682  
Epoch 192 |  Time(s) 0.0122 | RobustPrompt-T Loss 0.0360  
Epoch 193 |  Time(s) 0.0126 | RobustPrompt-T Loss 0.0485  
Epoch 194 |  Time(s) 0.0122 | RobustPrompt-T Loss 0.0400  
Epoch 195 |  Time(s) 0.0127 | RobustPrompt-T Loss 0.0444  
Epoch 196 |  Time(s) 0.0124 | RobustPrompt-T Loss 0.0518  
Epoch 197 |  Time(s) 0.0128 | RobustPrompt-T Loss 0.0341  
----------------------------------------------------------------------------------------------------
Early stopping at 198 eopch!
Final True Accuracy: 0.1312 | Macro F1 Score: 0.1276
Edge Detection Detail | source=filter_module | active=0 | n_edges=6122 | n_pos=919 | n_neg=5203 | pos_rate=0.1501 | pred_pos=6023 | pred_pos_rate=0.9838 | tp=916 | fp=5107 | fn=3 | tn=96 | precision=0.1521 | recall=0.9967 | f1=0.2639 | auc=0.8478 | ap=0.4791 | best_f1=0.6131 | best_threshold=0.9600 | best_precision=0.5397 | best_recall=0.7095 | best_pred_pos_rate=0.1973 | precision_at_k_pos=0.5702 | recall_at_k_pos=0.5702 | all_positive_f1=0.2610 | current_f1_minus_all_positive_f1=0.0029 | hard_mask_all_positive_like=0 | mode=original
Edge Detection Detail | source=tau_tune | active=1 | n_edges=6122 | n_pos=919 | n_neg=5203 | pos_rate=0.1501 | pred_pos=741 | pred_pos_rate=0.1210 | tp=148 | fp=593 | fn=771 | tn=4610 | precision=0.1997 | recall=0.1610 | f1=0.1783 | auc=0.6091 | ap=0.2102 | best_f1=0.3039 | best_threshold=0.0506 | best_precision=0.1877 | best_recall=0.7987 | best_pred_pos_rate=0.6388 | precision_at_k_pos=0.2046 | recall_at_k_pos=0.2046 | all_positive_f1=0.2610 | current_f1_minus_all_positive_f1=-0.0827 | hard_mask_all_positive_like=0
Tip Detection | tip=sim_pt | active=1 | node_precision=0.2808 | node_recall=0.3498 | node_f1=0.3115 | edge_precision=0.1941 | edge_recall=0.9935 | edge_f1=0.3247 | edge_auc=0.6324 | node_tp=219 | node_fp=561 | node_fn=407 | edge_tp=913 | edge_fp=3791 | edge_fn=6
Edge Detection Detail | source=sim_pt | active=1 | n_edges=6122 | n_pos=919 | n_neg=5203 | pos_rate=0.1501 | pred_pos=4704 | pred_pos_rate=0.7684 | tp=913 | fp=3791 | fn=6 | tn=1412 | precision=0.1941 | recall=0.9935 | f1=0.3247 | auc=0.6324 | ap=0.1938 | best_f1=nan | best_threshold=nan | best_precision=nan | best_recall=nan | best_pred_pos_rate=nan | precision_at_k_pos=nan | recall_at_k_pos=nan | all_positive_f1=0.2610 | current_f1_minus_all_positive_f1=0.0637 | hard_mask_all_positive_like=0
Tip Detection | tip=degree_pt | active=1 | node_precision=0.0000 | node_recall=0.0000 | node_f1=0.0000 | edge_precision=0.0000 | edge_recall=0.0000 | edge_f1=0.0000 | edge_auc=0.5000 | node_tp=0 | node_fp=0 | node_fn=626 | edge_tp=0 | edge_fp=0 | edge_fn=919
Edge Detection Detail | source=degree_pt | active=1 | n_edges=6122 | n_pos=919 | n_neg=5203 | pos_rate=0.1501 | pred_pos=0 | pred_pos_rate=0.0000 | tp=0 | fp=0 | fn=919 | tn=5203 | precision=0.0000 | recall=0.0000 | f1=0.0000 | auc=0.5000 | ap=0.1501 | best_f1=nan | best_threshold=nan | best_precision=nan | best_recall=nan | best_pred_pos_rate=nan | precision_at_k_pos=nan | recall_at_k_pos=nan | all_positive_f1=0.2610 | current_f1_minus_all_positive_f1=-0.2610 | hard_mask_all_positive_like=0
Tip Detection | tip=out_detect_pt | active=0 | node_precision=0.0000 | node_recall=0.0000 | node_f1=0.0000 | edge_precision=0.0000 | edge_recall=0.0000 | edge_f1=0.0000 | edge_auc=0.5000 | node_tp=0 | node_fp=0 | node_fn=626 | edge_tp=0 | edge_fp=0 | edge_fn=919
Edge Detection Detail | source=out_detect_pt | active=0 | n_edges=6122 | n_pos=919 | n_neg=5203 | pos_rate=0.1501 | pred_pos=0 | pred_pos_rate=0.0000 | tp=0 | fp=0 | fn=919 | tn=5203 | precision=0.0000 | recall=0.0000 | f1=0.0000 | auc=0.8478 | ap=0.4791 | best_f1=0.6131 | best_threshold=0.9600 | best_precision=0.5397 | best_recall=0.7095 | best_pred_pos_rate=0.1973 | precision_at_k_pos=0.5702 | recall_at_k_pos=0.5702 | all_positive_f1=0.2610 | current_f1_minus_all_positive_f1=-0.2610 | hard_mask_all_positive_like=0
best_loss [tensor(0.0826, device='cuda:0', grad_fn=<AddBackward0>)]
load LLC or attacked data with specified split
Successfully loaded the attack of dataname with few shot 5, split 1
Attack method : Meta_Self | Attack ptb : 0.15 | Dataset: Cora
======================
Number of graphs: 1
Number of features: 1433
Number of classes: 7

Data(x=[2708, 1433], edge_index=[2, 14952], y=[2708], train_mask=[2708], val_mask=[2708], test_mask=[2708])
===========================================================================================================
Number of nodes: 2708
Number of edges: 14952
Average node degree: 5.52
Has isolated nodes: False
Has self-loops: True
Is undirected: True
Pollution Diff | added_edges=919 | deleted_edges=75 | clean_edges=5278 | attack_edges=6122
GCN(
  (conv_layers): ModuleList(
    (0): GCNConv(1433, 256)
    (1): GCNConv(256, 256)
  )
)
Successfully loaded pre-trained weights!
use RobustPrompt Tranductive
defense pt dict :  {'sim_pt': 0.3, 'degree_pt': 1, 'out_detect_pt': -1.0, 'other_pt': 'all'}
use_attention :  False
cosine_constraint :  True
pt_threshold :  0.5
filter_module :  OriginalFilter
temperature :  1.0
weight_mse 0.1
weight_kl :  0.3
weight_constraint :  0.2
run RobustPrompt-T
Epoch 001 |  Time(s) 0.0127 | RobustPrompt-T Loss 1.9501  
Epoch 002 |  Time(s) 0.0128 | RobustPrompt-T Loss 1.9342  
Epoch 003 |  Time(s) 0.0129 | RobustPrompt-T Loss 1.9006  
Epoch 004 |  Time(s) 0.0126 | RobustPrompt-T Loss 1.8667  
Epoch 005 |  Time(s) 0.0123 | RobustPrompt-T Loss 1.8190  
Epoch 006 |  Time(s) 0.0125 | RobustPrompt-T Loss 1.7925  
Epoch 007 |  Time(s) 0.0125 | RobustPrompt-T Loss 1.7947  
Epoch 008 |  Time(s) 0.0121 | RobustPrompt-T Loss 1.8122  
Epoch 009 |  Time(s) 0.0123 | RobustPrompt-T Loss 1.7838  
Epoch 010 |  Time(s) 0.0126 | RobustPrompt-T Loss 1.7534  
Epoch 011 |  Time(s) 0.0122 | RobustPrompt-T Loss 1.7629  
Epoch 012 |  Time(s) 0.0121 | RobustPrompt-T Loss 1.7654  
Epoch 013 |  Time(s) 0.0123 | RobustPrompt-T Loss 1.7517  
Epoch 014 |  Time(s) 0.0123 | RobustPrompt-T Loss 1.7470  
Epoch 015 |  Time(s) 0.0121 | RobustPrompt-T Loss 1.7414  
Epoch 016 |  Time(s) 0.0120 | RobustPrompt-T Loss 1.7303  
Epoch 017 |  Time(s) 0.0118 | RobustPrompt-T Loss 1.7174  
Epoch 018 |  Time(s) 0.0117 | RobustPrompt-T Loss 1.7040  
Epoch 019 |  Time(s) 0.0118 | RobustPrompt-T Loss 1.7122  
Epoch 020 |  Time(s) 0.0120 | RobustPrompt-T Loss 1.6917  
Epoch 021 |  Time(s) 0.0128 | RobustPrompt-T Loss 1.6871  
Epoch 022 |  Time(s) 0.0124 | RobustPrompt-T Loss 1.6851  
Epoch 023 |  Time(s) 0.0125 | RobustPrompt-T Loss 1.6417  
Epoch 024 |  Time(s) 0.0124 | RobustPrompt-T Loss 1.6337  
Epoch 025 |  Time(s) 0.0126 | RobustPrompt-T Loss 1.6639  
Epoch 026 |  Time(s) 0.0129 | RobustPrompt-T Loss 1.6391  
Epoch 027 |  Time(s) 0.0122 | RobustPrompt-T Loss 1.6007  
Epoch 028 |  Time(s) 0.0122 | RobustPrompt-T Loss 1.5590  
Epoch 029 |  Time(s) 0.0126 | RobustPrompt-T Loss 1.5563  
Epoch 030 |  Time(s) 0.0124 | RobustPrompt-T Loss 1.5328  
Epoch 031 |  Time(s) 0.0127 | RobustPrompt-T Loss 1.4865  
Epoch 032 |  Time(s) 0.0125 | RobustPrompt-T Loss 1.4818  
Epoch 033 |  Time(s) 0.0126 | RobustPrompt-T Loss 1.4691  
Epoch 034 |  Time(s) 0.0128 | RobustPrompt-T Loss 1.4271  
Epoch 035 |  Time(s) 0.0130 | RobustPrompt-T Loss 1.3932  
Epoch 036 |  Time(s) 0.0125 | RobustPrompt-T Loss 1.3718  
Epoch 037 |  Time(s) 0.0126 | RobustPrompt-T Loss 1.3419  
Epoch 038 |  Time(s) 0.0123 | RobustPrompt-T Loss 1.3152  
Epoch 039 |  Time(s) 0.0120 | RobustPrompt-T Loss 1.2739  
Epoch 040 |  Time(s) 0.0120 | RobustPrompt-T Loss 1.2528  
Epoch 041 |  Time(s) 0.0121 | RobustPrompt-T Loss 1.2347  
Epoch 042 |  Time(s) 0.0120 | RobustPrompt-T Loss 1.2007  
Epoch 043 |  Time(s) 0.0119 | RobustPrompt-T Loss 1.1880  
Epoch 044 |  Time(s) 0.0120 | RobustPrompt-T Loss 1.1635  
Epoch 045 |  Time(s) 0.0118 | RobustPrompt-T Loss 1.1466  
Epoch 046 |  Time(s) 0.0121 | RobustPrompt-T Loss 1.1431  
Epoch 047 |  Time(s) 0.0127 | RobustPrompt-T Loss 1.1208  
Epoch 048 |  Time(s) 0.0122 | RobustPrompt-T Loss 1.0948  
Epoch 049 |  Time(s) 0.0121 | RobustPrompt-T Loss 1.0942  
Epoch 050 |  Time(s) 0.0122 | RobustPrompt-T Loss 1.0627  
Epoch 051 |  Time(s) 0.0120 | RobustPrompt-T Loss 1.0495  
Epoch 052 |  Time(s) 0.0120 | RobustPrompt-T Loss 1.0389  
Epoch 053 |  Time(s) 0.0119 | RobustPrompt-T Loss 1.0266  
Epoch 054 |  Time(s) 0.0119 | RobustPrompt-T Loss 1.0033  
Epoch 055 |  Time(s) 0.0120 | RobustPrompt-T Loss 1.0166  
Epoch 056 |  Time(s) 0.0121 | RobustPrompt-T Loss 0.9932  
Epoch 057 |  Time(s) 0.0120 | RobustPrompt-T Loss 0.9644  
Epoch 058 |  Time(s) 0.0120 | RobustPrompt-T Loss 0.9401  
Epoch 059 |  Time(s) 0.0120 | RobustPrompt-T Loss 0.9160  
Epoch 060 |  Time(s) 0.0121 | RobustPrompt-T Loss 0.8786  
Epoch 061 |  Time(s) 0.0124 | RobustPrompt-T Loss 0.8741  
Epoch 062 |  Time(s) 0.0123 | RobustPrompt-T Loss 0.8482  
Epoch 063 |  Time(s) 0.0120 | RobustPrompt-T Loss 0.8266  
Epoch 064 |  Time(s) 0.0121 | RobustPrompt-T Loss 0.7777  
Epoch 065 |  Time(s) 0.0120 | RobustPrompt-T Loss 0.7844  
Epoch 066 |  Time(s) 0.0121 | RobustPrompt-T Loss 0.7471  
Epoch 067 |  Time(s) 0.0121 | RobustPrompt-T Loss 0.7120  
Epoch 068 |  Time(s) 0.0128 | RobustPrompt-T Loss 0.6896  
Epoch 069 |  Time(s) 0.0124 | RobustPrompt-T Loss 0.6647  
Epoch 070 |  Time(s) 0.0126 | RobustPrompt-T Loss 0.6303  
Epoch 071 |  Time(s) 0.0128 | RobustPrompt-T Loss 0.6204  
Epoch 072 |  Time(s) 0.0121 | RobustPrompt-T Loss 0.6487  
Epoch 073 |  Time(s) 0.0122 | RobustPrompt-T Loss 0.5865  
Epoch 074 |  Time(s) 0.0120 | RobustPrompt-T Loss 0.5911  
Epoch 075 |  Time(s) 0.0121 | RobustPrompt-T Loss 0.5524  
Epoch 076 |  Time(s) 0.0121 | RobustPrompt-T Loss 0.4937  
Epoch 077 |  Time(s) 0.0120 | RobustPrompt-T Loss 0.4854  
Epoch 078 |  Time(s) 0.0119 | RobustPrompt-T Loss 0.4795  
Epoch 079 |  Time(s) 0.0119 | RobustPrompt-T Loss 0.4580  
Epoch 080 |  Time(s) 0.0120 | RobustPrompt-T Loss 0.4290  
Epoch 081 |  Time(s) 0.0120 | RobustPrompt-T Loss 0.4038  
Epoch 082 |  Time(s) 0.0120 | RobustPrompt-T Loss 0.3805  
Epoch 083 |  Time(s) 0.0121 | RobustPrompt-T Loss 0.3695  
Epoch 084 |  Time(s) 0.0120 | RobustPrompt-T Loss 0.3646  
Epoch 085 |  Time(s) 0.0120 | RobustPrompt-T Loss 0.3292  
Epoch 086 |  Time(s) 0.0120 | RobustPrompt-T Loss 0.3114  
Epoch 087 |  Time(s) 0.0120 | RobustPrompt-T Loss 0.2929  
Epoch 088 |  Time(s) 0.0121 | RobustPrompt-T Loss 0.2812  
Epoch 089 |  Time(s) 0.0120 | RobustPrompt-T Loss 0.2816  
Epoch 090 |  Time(s) 0.0119 | RobustPrompt-T Loss 0.2784  
Epoch 091 |  Time(s) 0.0119 | RobustPrompt-T Loss 0.2711  
Epoch 092 |  Time(s) 0.0120 | RobustPrompt-T Loss 0.2533  
Epoch 093 |  Time(s) 0.0120 | RobustPrompt-T Loss 0.2330  
Epoch 094 |  Time(s) 0.0120 | RobustPrompt-T Loss 0.2130  
Epoch 095 |  Time(s) 0.0121 | RobustPrompt-T Loss 0.1981  
Epoch 096 |  Time(s) 0.0120 | RobustPrompt-T Loss 0.2031  
Epoch 097 |  Time(s) 0.0120 | RobustPrompt-T Loss 0.1853  
Epoch 098 |  Time(s) 0.0120 | RobustPrompt-T Loss 0.1832  
Epoch 099 |  Time(s) 0.0126 | RobustPrompt-T Loss 0.1728  
Epoch 100 |  Time(s) 0.0125 | RobustPrompt-T Loss 0.1492  
Epoch 101 |  Time(s) 0.0124 | RobustPrompt-T Loss 0.1522  
Epoch 102 |  Time(s) 0.0124 | RobustPrompt-T Loss 0.1521  
Epoch 103 |  Time(s) 0.0122 | RobustPrompt-T Loss 0.1348  
Epoch 104 |  Time(s) 0.0119 | RobustPrompt-T Loss 0.1348  
Epoch 105 |  Time(s) 0.0120 | RobustPrompt-T Loss 0.1382  
Epoch 106 |  Time(s) 0.0119 | RobustPrompt-T Loss 0.1236  
Epoch 107 |  Time(s) 0.0119 | RobustPrompt-T Loss 0.1386  
Epoch 108 |  Time(s) 0.0118 | RobustPrompt-T Loss 0.1461  
Epoch 109 |  Time(s) 0.0119 | RobustPrompt-T Loss 0.1352  
Epoch 110 |  Time(s) 0.0119 | RobustPrompt-T Loss 0.1116  
Epoch 111 |  Time(s) 0.0118 | RobustPrompt-T Loss 0.1266  
Epoch 112 |  Time(s) 0.0118 | RobustPrompt-T Loss 0.1303  
Epoch 113 |  Time(s) 0.0120 | RobustPrompt-T Loss 0.0930  
Epoch 114 |  Time(s) 0.0122 | RobustPrompt-T Loss 0.1051  
Epoch 115 |  Time(s) 0.0121 | RobustPrompt-T Loss 0.0923  
Epoch 116 |  Time(s) 0.0117 | RobustPrompt-T Loss 0.0828  
Epoch 117 |  Time(s) 0.0119 | RobustPrompt-T Loss 0.0943  
Epoch 118 |  Time(s) 0.0119 | RobustPrompt-T Loss 0.0798  
Epoch 119 |  Time(s) 0.0120 | RobustPrompt-T Loss 0.0864  
Epoch 120 |  Time(s) 0.0119 | RobustPrompt-T Loss 0.0785  
Epoch 121 |  Time(s) 0.0120 | RobustPrompt-T Loss 0.0900  
Epoch 122 |  Time(s) 0.0120 | RobustPrompt-T Loss 0.0761  
Epoch 123 |  Time(s) 0.0119 | RobustPrompt-T Loss 0.0772  
Epoch 124 |  Time(s) 0.0120 | RobustPrompt-T Loss 0.0797  
Epoch 125 |  Time(s) 0.0119 | RobustPrompt-T Loss 0.0799  
Epoch 126 |  Time(s) 0.0121 | RobustPrompt-T Loss 0.0753  
Epoch 127 |  Time(s) 0.0121 | RobustPrompt-T Loss 0.0738  
Epoch 128 |  Time(s) 0.0120 | RobustPrompt-T Loss 0.0751  
Epoch 129 |  Time(s) 0.0120 | RobustPrompt-T Loss 0.0684  
Epoch 130 |  Time(s) 0.0118 | RobustPrompt-T Loss 0.0778  
Epoch 131 |  Time(s) 0.0120 | RobustPrompt-T Loss 0.0708  
Epoch 132 |  Time(s) 0.0120 | RobustPrompt-T Loss 0.0712  
Epoch 133 |  Time(s) 0.0119 | RobustPrompt-T Loss 0.0736  
Epoch 134 |  Time(s) 0.0119 | RobustPrompt-T Loss 0.0655  
Epoch 135 |  Time(s) 0.0118 | RobustPrompt-T Loss 0.0701  
Epoch 136 |  Time(s) 0.0119 | RobustPrompt-T Loss 0.0654  
Epoch 137 |  Time(s) 0.0119 | RobustPrompt-T Loss 0.0674  
Epoch 138 |  Time(s) 0.0119 | RobustPrompt-T Loss 0.0663  
Epoch 139 |  Time(s) 0.0118 | RobustPrompt-T Loss 0.0668  
Epoch 140 |  Time(s) 0.0119 | RobustPrompt-T Loss 0.0683  
Epoch 141 |  Time(s) 0.0119 | RobustPrompt-T Loss 0.0638  
Epoch 142 |  Time(s) 0.0118 | RobustPrompt-T Loss 0.0670  
Epoch 143 |  Time(s) 0.0119 | RobustPrompt-T Loss 0.0666  
Epoch 144 |  Time(s) 0.0120 | RobustPrompt-T Loss 0.0630  
Epoch 145 |  Time(s) 0.0120 | RobustPrompt-T Loss 0.0639  
Epoch 146 |  Time(s) 0.0125 | RobustPrompt-T Loss 0.0622  
Epoch 147 |  Time(s) 0.0124 | RobustPrompt-T Loss 0.0622  
Epoch 148 |  Time(s) 0.0118 | RobustPrompt-T Loss 0.0621  
Epoch 149 |  Time(s) 0.0119 | RobustPrompt-T Loss 0.0632  
Epoch 150 |  Time(s) 0.0120 | RobustPrompt-T Loss 0.0617  
Epoch 151 |  Time(s) 0.0119 | RobustPrompt-T Loss 0.0621  
Epoch 152 |  Time(s) 0.0120 | RobustPrompt-T Loss 0.0601  
Epoch 153 |  Time(s) 0.0120 | RobustPrompt-T Loss 0.0605  
Epoch 154 |  Time(s) 0.0119 | RobustPrompt-T Loss 0.0608  
Epoch 155 |  Time(s) 0.0120 | RobustPrompt-T Loss 0.0620  
Epoch 156 |  Time(s) 0.0119 | RobustPrompt-T Loss 0.0596  
Epoch 157 |  Time(s) 0.0120 | RobustPrompt-T Loss 0.0619  
Epoch 158 |  Time(s) 0.0119 | RobustPrompt-T Loss 0.0588  
Epoch 159 |  Time(s) 0.0128 | RobustPrompt-T Loss 0.0594  
Epoch 160 |  Time(s) 0.0123 | RobustPrompt-T Loss 0.0575  
Epoch 161 |  Time(s) 0.0124 | RobustPrompt-T Loss 0.0579  
Epoch 162 |  Time(s) 0.0119 | RobustPrompt-T Loss 0.0611  
Epoch 163 |  Time(s) 0.0120 | RobustPrompt-T Loss 0.0560  
Epoch 164 |  Time(s) 0.0125 | RobustPrompt-T Loss 0.0551  
Epoch 165 |  Time(s) 0.0124 | RobustPrompt-T Loss 0.0636  
Epoch 166 |  Time(s) 0.0124 | RobustPrompt-T Loss 0.0593  
Epoch 167 |  Time(s) 0.0118 | RobustPrompt-T Loss 0.0588  
Epoch 168 |  Time(s) 0.0119 | RobustPrompt-T Loss 0.0585  
Epoch 169 |  Time(s) 0.0119 | RobustPrompt-T Loss 0.0585  
Epoch 170 |  Time(s) 0.0118 | RobustPrompt-T Loss 0.0654  
Epoch 171 |  Time(s) 0.0128 | RobustPrompt-T Loss 0.0606  
Epoch 172 |  Time(s) 0.0124 | RobustPrompt-T Loss 0.0613  
Epoch 173 |  Time(s) 0.0124 | RobustPrompt-T Loss 0.0542  
Epoch 174 |  Time(s) 0.0123 | RobustPrompt-T Loss 0.0532  
Epoch 175 |  Time(s) 0.0123 | RobustPrompt-T Loss 0.0565  
Epoch 176 |  Time(s) 0.0126 | RobustPrompt-T Loss 0.0531  
Epoch 177 |  Time(s) 0.0124 | RobustPrompt-T Loss 0.0530  
Epoch 178 |  Time(s) 0.0120 | RobustPrompt-T Loss 0.0572  
Epoch 179 |  Time(s) 0.0121 | RobustPrompt-T Loss 0.0563  
Epoch 180 |  Time(s) 0.0121 | RobustPrompt-T Loss 0.0564  
Epoch 181 |  Time(s) 0.0119 | RobustPrompt-T Loss 0.0534  
Epoch 182 |  Time(s) 0.0121 | RobustPrompt-T Loss 0.0497  
Epoch 183 |  Time(s) 0.0121 | RobustPrompt-T Loss 0.0517  
Epoch 184 |  Time(s) 0.0120 | RobustPrompt-T Loss 0.0497  
Epoch 185 |  Time(s) 0.0119 | RobustPrompt-T Loss 0.0517  
Epoch 186 |  Time(s) 0.0120 | RobustPrompt-T Loss 0.0546  
Epoch 187 |  Time(s) 0.0119 | RobustPrompt-T Loss 0.0532  
Epoch 188 |  Time(s) 0.0119 | RobustPrompt-T Loss 0.0515  
Epoch 189 |  Time(s) 0.0119 | RobustPrompt-T Loss 0.0501  
Epoch 190 |  Time(s) 0.0123 | RobustPrompt-T Loss 0.0499  
Epoch 191 |  Time(s) 0.0118 | RobustPrompt-T Loss 0.0521  
Epoch 192 |  Time(s) 0.0119 | RobustPrompt-T Loss 0.0526  
Epoch 193 |  Time(s) 0.0119 | RobustPrompt-T Loss 0.0524  
Epoch 194 |  Time(s) 0.0119 | RobustPrompt-T Loss 0.0502  
Epoch 195 |  Time(s) 0.0119 | RobustPrompt-T Loss 0.0506  
Epoch 196 |  Time(s) 0.0119 | RobustPrompt-T Loss 0.0481  
Epoch 197 |  Time(s) 0.0120 | RobustPrompt-T Loss 0.0507  
Epoch 198 |  Time(s) 0.0118 | RobustPrompt-T Loss 0.0530  
Epoch 199 |  Time(s) 0.0120 | RobustPrompt-T Loss 0.0533  
Epoch 200 |  Time(s) 0.0127 | RobustPrompt-T Loss 0.0740  
Final True Accuracy: 0.1262 | Macro F1 Score: 0.1249
Edge Detection Detail | source=filter_module | active=0 | n_edges=6122 | n_pos=919 | n_neg=5203 | pos_rate=0.1501 | pred_pos=6023 | pred_pos_rate=0.9838 | tp=916 | fp=5107 | fn=3 | tn=96 | precision=0.1521 | recall=0.9967 | f1=0.2639 | auc=0.8478 | ap=0.4791 | best_f1=0.6131 | best_threshold=0.9600 | best_precision=0.5397 | best_recall=0.7095 | best_pred_pos_rate=0.1973 | precision_at_k_pos=0.5702 | recall_at_k_pos=0.5702 | all_positive_f1=0.2610 | current_f1_minus_all_positive_f1=0.0029 | hard_mask_all_positive_like=0 | mode=original
Edge Detection Detail | source=tau_tune | active=1 | n_edges=6122 | n_pos=919 | n_neg=5203 | pos_rate=0.1501 | pred_pos=331 | pred_pos_rate=0.0541 | tp=92 | fp=239 | fn=827 | tn=4964 | precision=0.2779 | recall=0.1001 | f1=0.1472 | auc=0.6398 | ap=0.2268 | best_f1=0.3146 | best_threshold=0.0447 | best_precision=0.2003 | best_recall=0.7323 | best_pred_pos_rate=0.5488 | precision_at_k_pos=0.2329 | recall_at_k_pos=0.2329 | all_positive_f1=0.2610 | current_f1_minus_all_positive_f1=-0.1138 | hard_mask_all_positive_like=0
Tip Detection | tip=sim_pt | active=1 | node_precision=0.2808 | node_recall=0.3498 | node_f1=0.3115 | edge_precision=0.1941 | edge_recall=0.9935 | edge_f1=0.3247 | edge_auc=0.6324 | node_tp=219 | node_fp=561 | node_fn=407 | edge_tp=913 | edge_fp=3791 | edge_fn=6
Edge Detection Detail | source=sim_pt | active=1 | n_edges=6122 | n_pos=919 | n_neg=5203 | pos_rate=0.1501 | pred_pos=4704 | pred_pos_rate=0.7684 | tp=913 | fp=3791 | fn=6 | tn=1412 | precision=0.1941 | recall=0.9935 | f1=0.3247 | auc=0.6324 | ap=0.1938 | best_f1=nan | best_threshold=nan | best_precision=nan | best_recall=nan | best_pred_pos_rate=nan | precision_at_k_pos=nan | recall_at_k_pos=nan | all_positive_f1=0.2610 | current_f1_minus_all_positive_f1=0.0637 | hard_mask_all_positive_like=0
Tip Detection | tip=degree_pt | active=1 | node_precision=0.0000 | node_recall=0.0000 | node_f1=0.0000 | edge_precision=0.0000 | edge_recall=0.0000 | edge_f1=0.0000 | edge_auc=0.5000 | node_tp=0 | node_fp=0 | node_fn=626 | edge_tp=0 | edge_fp=0 | edge_fn=919
Edge Detection Detail | source=degree_pt | active=1 | n_edges=6122 | n_pos=919 | n_neg=5203 | pos_rate=0.1501 | pred_pos=0 | pred_pos_rate=0.0000 | tp=0 | fp=0 | fn=919 | tn=5203 | precision=0.0000 | recall=0.0000 | f1=0.0000 | auc=0.5000 | ap=0.1501 | best_f1=nan | best_threshold=nan | best_precision=nan | best_recall=nan | best_pred_pos_rate=nan | precision_at_k_pos=nan | recall_at_k_pos=nan | all_positive_f1=0.2610 | current_f1_minus_all_positive_f1=-0.2610 | hard_mask_all_positive_like=0
Tip Detection | tip=out_detect_pt | active=0 | node_precision=0.0000 | node_recall=0.0000 | node_f1=0.0000 | edge_precision=0.0000 | edge_recall=0.0000 | edge_f1=0.0000 | edge_auc=0.5000 | node_tp=0 | node_fp=0 | node_fn=626 | edge_tp=0 | edge_fp=0 | edge_fn=919
Edge Detection Detail | source=out_detect_pt | active=0 | n_edges=6122 | n_pos=919 | n_neg=5203 | pos_rate=0.1501 | pred_pos=0 | pred_pos_rate=0.0000 | tp=0 | fp=0 | fn=919 | tn=5203 | precision=0.0000 | recall=0.0000 | f1=0.0000 | auc=0.8478 | ap=0.4791 | best_f1=0.6131 | best_threshold=0.9600 | best_precision=0.5397 | best_recall=0.7095 | best_pred_pos_rate=0.1973 | precision_at_k_pos=0.5702 | recall_at_k_pos=0.5702 | all_positive_f1=0.2610 | current_f1_minus_all_positive_f1=-0.2610 | hard_mask_all_positive_like=0
best_loss [tensor(0.0740, device='cuda:0', grad_fn=<AddBackward0>)]
{1: {1: 0.12956809997558594}, 2: {1: 0.11835548281669617}, 3: {1: 0.13995017111301422}, 4: {1: 0.1312292367219925}, 5: {1: 0.12624584138393402}}
{1: {1: 0.12956809997558594, 2: 0.11835548281669617, 3: 0.13995017111301422, 4: 0.1312292367219925, 5: 0.12624584138393402}}
########################################################################################
seed: 1 | split 1 : 0.12956809997558594
# Seed 1 Muti Split Final Acc: 0.1296±0.0000
seed: 2 | split 1 : 0.11835548281669617
# Seed 2 Muti Split Final Acc: 0.1184±0.0000
seed: 3 | split 1 : 0.13995017111301422
# Seed 3 Muti Split Final Acc: 0.1400±0.0000
seed: 4 | split 1 : 0.1312292367219925
# Seed 4 Muti Split Final Acc: 0.1312±0.0000
seed: 5 | split 1 : 0.12624584138393402
# Seed 5 Muti Split Final Acc: 0.1262±0.0000
########################################################################################
split: 1 | seed 1 : 0.12956809997558594
split: 1 | seed 2 : 0.11835548281669617
split: 1 | seed 3 : 0.13995017111301422
split: 1 | seed 4 : 0.1312292367219925
split: 1 | seed 5 : 0.12624584138393402
# Split 1 Muti Seed Acc without min value: 0.1317±0.0051
########################################################################################
