load LLC or attacked data with specified split
Successfully loaded the attack of dataname with few shot 5, split 1
Attack method : Meta_Self | Attack ptb : 0.05 | Dataset: Cora
======================
Number of graphs: 1
Number of features: 1433
Number of classes: 7

Data(x=[2708, 1433], edge_index=[2, 13850], y=[2708], train_mask=[2708], val_mask=[2708], test_mask=[2708])
===========================================================================================================
Number of nodes: 2708
Number of edges: 13850
Average node degree: 5.11
Has isolated nodes: False
Has self-loops: True
Is undirected: True
Pollution Diff | added_edges=312 | deleted_edges=19 | clean_edges=5278 | attack_edges=5571
GCN(
  (conv_layers): ModuleList(
    (0): GCNConv(1433, 256)
    (1): GCNConv(256, 256)
  )
)
Successfully loaded pre-trained weights!
use RobustPrompt Tranductive
defense pt dict :  {'sim_pt': 0.3, 'degree_pt': 1, 'out_detect_pt': -1.0, 'other_pt': 'all'}
use_attention :  False
cosine_constraint :  True
pt_threshold :  0.5
filter_module :  OriginalFilter
temperature :  1.0
weight_mse 0.1
weight_kl :  0.3
weight_constraint :  0.2
run RobustPrompt-T
Epoch 001 |  Time(s) 0.2542 | RobustPrompt-T Loss 1.9485  
Epoch 002 |  Time(s) 0.0128 | RobustPrompt-T Loss 1.9394  
Epoch 003 |  Time(s) 0.0124 | RobustPrompt-T Loss 1.9310  
Epoch 004 |  Time(s) 0.0122 | RobustPrompt-T Loss 1.9204  
Epoch 005 |  Time(s) 0.0118 | RobustPrompt-T Loss 1.9030  
Epoch 006 |  Time(s) 0.0117 | RobustPrompt-T Loss 1.8589  
Epoch 007 |  Time(s) 0.0117 | RobustPrompt-T Loss 1.8859  
Epoch 008 |  Time(s) 0.0122 | RobustPrompt-T Loss 1.8465  
Epoch 009 |  Time(s) 0.0121 | RobustPrompt-T Loss 1.9568  
Epoch 010 |  Time(s) 0.0124 | RobustPrompt-T Loss 1.8339  
Epoch 011 |  Time(s) 0.0126 | RobustPrompt-T Loss 1.8354  
Epoch 012 |  Time(s) 0.0121 | RobustPrompt-T Loss 1.8372  
Epoch 013 |  Time(s) 0.0126 | RobustPrompt-T Loss 1.8093  
Epoch 014 |  Time(s) 0.0125 | RobustPrompt-T Loss 1.8013  
Epoch 015 |  Time(s) 0.0127 | RobustPrompt-T Loss 1.8495  
Epoch 016 |  Time(s) 0.0123 | RobustPrompt-T Loss 1.8083  
Epoch 017 |  Time(s) 0.0121 | RobustPrompt-T Loss 1.7609  
Epoch 018 |  Time(s) 0.0119 | RobustPrompt-T Loss 1.7656  
Epoch 019 |  Time(s) 0.0124 | RobustPrompt-T Loss 1.7823  
Epoch 020 |  Time(s) 0.0123 | RobustPrompt-T Loss 1.7836  
Epoch 021 |  Time(s) 0.0121 | RobustPrompt-T Loss 1.7923  
Epoch 022 |  Time(s) 0.0124 | RobustPrompt-T Loss 1.7715  
Epoch 023 |  Time(s) 0.0126 | RobustPrompt-T Loss 1.7134  
Epoch 024 |  Time(s) 0.0122 | RobustPrompt-T Loss 1.7087  
Epoch 025 |  Time(s) 0.0123 | RobustPrompt-T Loss 1.7170  
Epoch 026 |  Time(s) 0.0124 | RobustPrompt-T Loss 1.6860  
Epoch 027 |  Time(s) 0.0122 | RobustPrompt-T Loss 1.6870  
Epoch 028 |  Time(s) 0.0126 | RobustPrompt-T Loss 1.6609  
Epoch 029 |  Time(s) 0.0125 | RobustPrompt-T Loss 1.6028  
Epoch 030 |  Time(s) 0.0125 | RobustPrompt-T Loss 1.6180  
Epoch 031 |  Time(s) 0.0128 | RobustPrompt-T Loss 1.6030  
Epoch 032 |  Time(s) 0.0120 | RobustPrompt-T Loss 1.5743  
Epoch 033 |  Time(s) 0.0124 | RobustPrompt-T Loss 1.5449  
Epoch 034 |  Time(s) 0.0121 | RobustPrompt-T Loss 1.5028  
Epoch 035 |  Time(s) 0.0124 | RobustPrompt-T Loss 1.4422  
Epoch 036 |  Time(s) 0.0119 | RobustPrompt-T Loss 1.4539  
Epoch 037 |  Time(s) 0.0122 | RobustPrompt-T Loss 1.4514  
Epoch 038 |  Time(s) 0.0125 | RobustPrompt-T Loss 1.4168  
Epoch 039 |  Time(s) 0.0124 | RobustPrompt-T Loss 1.3748  
Epoch 040 |  Time(s) 0.0126 | RobustPrompt-T Loss 1.3730  
Epoch 041 |  Time(s) 0.0126 | RobustPrompt-T Loss 1.3309  
Epoch 042 |  Time(s) 0.0124 | RobustPrompt-T Loss 1.2916  
Epoch 043 |  Time(s) 0.0123 | RobustPrompt-T Loss 1.2426  
Epoch 044 |  Time(s) 0.0121 | RobustPrompt-T Loss 1.2247  
Epoch 045 |  Time(s) 0.0124 | RobustPrompt-T Loss 1.1542  
Epoch 046 |  Time(s) 0.0123 | RobustPrompt-T Loss 1.1424  
Epoch 047 |  Time(s) 0.0122 | RobustPrompt-T Loss 1.0880  
Epoch 048 |  Time(s) 0.0125 | RobustPrompt-T Loss 1.0930  
Epoch 049 |  Time(s) 0.0123 | RobustPrompt-T Loss 1.1844  
Epoch 050 |  Time(s) 0.0123 | RobustPrompt-T Loss 0.9991  
Epoch 051 |  Time(s) 0.0125 | RobustPrompt-T Loss 1.1496  
Epoch 052 |  Time(s) 0.0122 | RobustPrompt-T Loss 0.9408  
Epoch 053 |  Time(s) 0.0121 | RobustPrompt-T Loss 1.0197  
Epoch 054 |  Time(s) 0.0122 | RobustPrompt-T Loss 0.9026  
Epoch 055 |  Time(s) 0.0125 | RobustPrompt-T Loss 0.9090  
Epoch 056 |  Time(s) 0.0122 | RobustPrompt-T Loss 0.8813  
Epoch 057 |  Time(s) 0.0126 | RobustPrompt-T Loss 0.7875  
Epoch 058 |  Time(s) 0.0122 | RobustPrompt-T Loss 0.7727  
Epoch 059 |  Time(s) 0.0125 | RobustPrompt-T Loss 0.6714  
Epoch 060 |  Time(s) 0.0126 | RobustPrompt-T Loss 0.7169  
Epoch 061 |  Time(s) 0.0124 | RobustPrompt-T Loss 0.6078  
Epoch 062 |  Time(s) 0.0121 | RobustPrompt-T Loss 0.6343  
Epoch 063 |  Time(s) 0.0125 | RobustPrompt-T Loss 0.5639  
Epoch 064 |  Time(s) 0.0124 | RobustPrompt-T Loss 0.6075  
Epoch 065 |  Time(s) 0.0127 | RobustPrompt-T Loss 0.5009  
Epoch 066 |  Time(s) 0.0124 | RobustPrompt-T Loss 0.5289  
Epoch 067 |  Time(s) 0.0126 | RobustPrompt-T Loss 0.4563  
Epoch 068 |  Time(s) 0.0122 | RobustPrompt-T Loss 0.4981  
Epoch 069 |  Time(s) 0.0123 | RobustPrompt-T Loss 0.4256  
Epoch 070 |  Time(s) 0.0127 | RobustPrompt-T Loss 0.4201  
Epoch 071 |  Time(s) 0.0122 | RobustPrompt-T Loss 0.3819  
Epoch 072 |  Time(s) 0.0126 | RobustPrompt-T Loss 0.3828  
Epoch 073 |  Time(s) 0.0125 | RobustPrompt-T Loss 0.3973  
Epoch 074 |  Time(s) 0.0122 | RobustPrompt-T Loss 0.3498  
Epoch 075 |  Time(s) 0.0126 | RobustPrompt-T Loss 0.3448  
Epoch 076 |  Time(s) 0.0124 | RobustPrompt-T Loss 0.3118  
Epoch 077 |  Time(s) 0.0126 | RobustPrompt-T Loss 0.3371  
Epoch 078 |  Time(s) 0.0123 | RobustPrompt-T Loss 0.3140  
Epoch 079 |  Time(s) 0.0126 | RobustPrompt-T Loss 0.2877  
Epoch 080 |  Time(s) 0.0124 | RobustPrompt-T Loss 0.2915  
Epoch 081 |  Time(s) 0.0126 | RobustPrompt-T Loss 0.2771  
Epoch 082 |  Time(s) 0.0123 | RobustPrompt-T Loss 0.3070  
Epoch 083 |  Time(s) 0.0126 | RobustPrompt-T Loss 0.2707  
Epoch 084 |  Time(s) 0.0124 | RobustPrompt-T Loss 0.2695  
Epoch 085 |  Time(s) 0.0126 | RobustPrompt-T Loss 0.2665  
Epoch 086 |  Time(s) 0.0124 | RobustPrompt-T Loss 0.2625  
Epoch 087 |  Time(s) 0.0124 | RobustPrompt-T Loss 0.2457  
Epoch 088 |  Time(s) 0.0125 | RobustPrompt-T Loss 0.2414  
Epoch 089 |  Time(s) 0.0123 | RobustPrompt-T Loss 0.2297  
Epoch 090 |  Time(s) 0.0127 | RobustPrompt-T Loss 0.2332  
Epoch 091 |  Time(s) 0.0123 | RobustPrompt-T Loss 0.2598  
Epoch 092 |  Time(s) 0.0126 | RobustPrompt-T Loss 0.2276  
Epoch 093 |  Time(s) 0.0124 | RobustPrompt-T Loss 0.2098  
Epoch 094 |  Time(s) 0.0126 | RobustPrompt-T Loss 0.2486  
Epoch 095 |  Time(s) 0.0124 | RobustPrompt-T Loss 0.2141  
Epoch 096 |  Time(s) 0.0126 | RobustPrompt-T Loss 0.2094  
Epoch 097 |  Time(s) 0.0124 | RobustPrompt-T Loss 0.2165  
Epoch 098 |  Time(s) 0.0126 | RobustPrompt-T Loss 0.2023  
Epoch 099 |  Time(s) 0.0124 | RobustPrompt-T Loss 0.1908  
Epoch 100 |  Time(s) 0.0127 | RobustPrompt-T Loss 0.2047  
Epoch 101 |  Time(s) 0.0124 | RobustPrompt-T Loss 0.1843  
Epoch 102 |  Time(s) 0.0127 | RobustPrompt-T Loss 0.1619  
Epoch 103 |  Time(s) 0.0128 | RobustPrompt-T Loss 0.1986  
Epoch 104 |  Time(s) 0.0125 | RobustPrompt-T Loss 0.1601  
Epoch 105 |  Time(s) 0.0126 | RobustPrompt-T Loss 0.1523  
Epoch 106 |  Time(s) 0.0123 | RobustPrompt-T Loss 0.1698  
Epoch 107 |  Time(s) 0.0123 | RobustPrompt-T Loss 0.1404  
Epoch 108 |  Time(s) 0.0125 | RobustPrompt-T Loss 0.1444  
Epoch 109 |  Time(s) 0.0124 | RobustPrompt-T Loss 0.1434  
Epoch 110 |  Time(s) 0.0123 | RobustPrompt-T Loss 0.1330  
Epoch 111 |  Time(s) 0.0125 | RobustPrompt-T Loss 0.1231  
Epoch 112 |  Time(s) 0.0127 | RobustPrompt-T Loss 0.1180  
Epoch 113 |  Time(s) 0.0124 | RobustPrompt-T Loss 0.1268  
Epoch 114 |  Time(s) 0.0124 | RobustPrompt-T Loss 0.1113  
Epoch 115 |  Time(s) 0.0124 | RobustPrompt-T Loss 0.1152  
Epoch 116 |  Time(s) 0.0124 | RobustPrompt-T Loss 0.1072  
Epoch 117 |  Time(s) 0.0125 | RobustPrompt-T Loss 0.1093  
Epoch 118 |  Time(s) 0.0124 | RobustPrompt-T Loss 0.0976  
Epoch 119 |  Time(s) 0.0126 | RobustPrompt-T Loss 0.0985  
Epoch 120 |  Time(s) 0.0124 | RobustPrompt-T Loss 0.0993  
Epoch 121 |  Time(s) 0.0125 | RobustPrompt-T Loss 0.0962  
Epoch 122 |  Time(s) 0.0123 | RobustPrompt-T Loss 0.0950  
Epoch 123 |  Time(s) 0.0127 | RobustPrompt-T Loss 0.0925  
Epoch 124 |  Time(s) 0.0124 | RobustPrompt-T Loss 0.0922  
Epoch 125 |  Time(s) 0.0126 | RobustPrompt-T Loss 0.0862  
Epoch 126 |  Time(s) 0.0123 | RobustPrompt-T Loss 0.0951  
Epoch 127 |  Time(s) 0.0127 | RobustPrompt-T Loss 0.0887  
Epoch 128 |  Time(s) 0.0124 | RobustPrompt-T Loss 0.0866  
Epoch 129 |  Time(s) 0.0126 | RobustPrompt-T Loss 0.0891  
Epoch 130 |  Time(s) 0.0122 | RobustPrompt-T Loss 0.0818  
Epoch 131 |  Time(s) 0.0122 | RobustPrompt-T Loss 0.0832  
Epoch 132 |  Time(s) 0.0126 | RobustPrompt-T Loss 0.0810  
Epoch 133 |  Time(s) 0.0124 | RobustPrompt-T Loss 0.0803  
Epoch 134 |  Time(s) 0.0123 | RobustPrompt-T Loss 0.0789  
Epoch 135 |  Time(s) 0.0123 | RobustPrompt-T Loss 0.0758  
Epoch 136 |  Time(s) 0.0124 | RobustPrompt-T Loss 0.0800  
Epoch 137 |  Time(s) 0.0125 | RobustPrompt-T Loss 0.0777  
Epoch 138 |  Time(s) 0.0125 | RobustPrompt-T Loss 0.0765  
Epoch 139 |  Time(s) 0.0127 | RobustPrompt-T Loss 0.0715  
Epoch 140 |  Time(s) 0.0124 | RobustPrompt-T Loss 0.0805  
Epoch 141 |  Time(s) 0.0126 | RobustPrompt-T Loss 0.0780  
Epoch 142 |  Time(s) 0.0124 | RobustPrompt-T Loss 0.0796  
Epoch 143 |  Time(s) 0.0127 | RobustPrompt-T Loss 0.0775  
Epoch 144 |  Time(s) 0.0125 | RobustPrompt-T Loss 0.0702  
Epoch 145 |  Time(s) 0.0126 | RobustPrompt-T Loss 0.0707  
Epoch 146 |  Time(s) 0.0123 | RobustPrompt-T Loss 0.0685  
Epoch 147 |  Time(s) 0.0126 | RobustPrompt-T Loss 0.0716  
Epoch 148 |  Time(s) 0.0123 | RobustPrompt-T Loss 0.0642  
Epoch 149 |  Time(s) 0.0128 | RobustPrompt-T Loss 0.0731  
Epoch 150 |  Time(s) 0.0122 | RobustPrompt-T Loss 0.0731  
Epoch 151 |  Time(s) 0.0126 | RobustPrompt-T Loss 0.0736  
Epoch 152 |  Time(s) 0.0125 | RobustPrompt-T Loss 0.0722  
Epoch 153 |  Time(s) 0.0127 | RobustPrompt-T Loss 0.0618  
Epoch 154 |  Time(s) 0.0122 | RobustPrompt-T Loss 0.0745  
Epoch 155 |  Time(s) 0.0126 | RobustPrompt-T Loss 0.0743  
Epoch 156 |  Time(s) 0.0124 | RobustPrompt-T Loss 0.0777  
Epoch 157 |  Time(s) 0.0127 | RobustPrompt-T Loss 0.0630  
Epoch 158 |  Time(s) 0.0122 | RobustPrompt-T Loss 0.0669  
Epoch 159 |  Time(s) 0.0128 | RobustPrompt-T Loss 0.0608  
Epoch 160 |  Time(s) 0.0125 | RobustPrompt-T Loss 0.0599  
Epoch 161 |  Time(s) 0.0126 | RobustPrompt-T Loss 0.0600  
Epoch 162 |  Time(s) 0.0125 | RobustPrompt-T Loss 0.0613  
Epoch 163 |  Time(s) 0.0127 | RobustPrompt-T Loss 0.0617  
Epoch 164 |  Time(s) 0.0127 | RobustPrompt-T Loss 0.0613  
Epoch 165 |  Time(s) 0.0124 | RobustPrompt-T Loss 0.0546  
Epoch 166 |  Time(s) 0.0127 | RobustPrompt-T Loss 0.0525  
Epoch 167 |  Time(s) 0.0125 | RobustPrompt-T Loss 0.0525  
Epoch 168 |  Time(s) 0.0126 | RobustPrompt-T Loss 0.0547  
Epoch 169 |  Time(s) 0.0121 | RobustPrompt-T Loss 0.0562  
Epoch 170 |  Time(s) 0.0127 | RobustPrompt-T Loss 0.0676  
Epoch 171 |  Time(s) 0.0125 | RobustPrompt-T Loss 0.0656  
Epoch 172 |  Time(s) 0.0128 | RobustPrompt-T Loss 0.0520  
Epoch 173 |  Time(s) 0.0127 | RobustPrompt-T Loss 0.0666  
Epoch 174 |  Time(s) 0.0125 | RobustPrompt-T Loss 0.0614  
Epoch 175 |  Time(s) 0.0126 | RobustPrompt-T Loss 0.0675  
Epoch 176 |  Time(s) 0.0124 | RobustPrompt-T Loss 0.0646  
Epoch 177 |  Time(s) 0.0127 | RobustPrompt-T Loss 0.0567  
Epoch 178 |  Time(s) 0.0123 | RobustPrompt-T Loss 0.0553  
Epoch 179 |  Time(s) 0.0127 | RobustPrompt-T Loss 0.0544  
Epoch 180 |  Time(s) 0.0124 | RobustPrompt-T Loss 0.0509  
Epoch 181 |  Time(s) 0.0126 | RobustPrompt-T Loss 0.0499  
Epoch 182 |  Time(s) 0.0123 | RobustPrompt-T Loss 0.0583  
Epoch 183 |  Time(s) 0.0124 | RobustPrompt-T Loss 0.0546  
Epoch 184 |  Time(s) 0.0125 | RobustPrompt-T Loss 0.0572  
Epoch 185 |  Time(s) 0.0127 | RobustPrompt-T Loss 0.0474  
Epoch 186 |  Time(s) 0.0124 | RobustPrompt-T Loss 0.0495  
Epoch 187 |  Time(s) 0.0127 | RobustPrompt-T Loss 0.0483  
Epoch 188 |  Time(s) 0.0124 | RobustPrompt-T Loss 0.0562  
Epoch 189 |  Time(s) 0.0126 | RobustPrompt-T Loss 0.0579  
Epoch 190 |  Time(s) 0.0126 | RobustPrompt-T Loss 0.0548  
Epoch 191 |  Time(s) 0.0125 | RobustPrompt-T Loss 0.0486  
Epoch 192 |  Time(s) 0.0128 | RobustPrompt-T Loss 0.0467  
Epoch 193 |  Time(s) 0.0124 | RobustPrompt-T Loss 0.0516  
Epoch 194 |  Time(s) 0.0128 | RobustPrompt-T Loss 0.0477  
Epoch 195 |  Time(s) 0.0127 | RobustPrompt-T Loss 0.0487  
Epoch 196 |  Time(s) 0.0125 | RobustPrompt-T Loss 0.0529  
Epoch 197 |  Time(s) 0.0127 | RobustPrompt-T Loss 0.0493  
Epoch 198 |  Time(s) 0.0125 | RobustPrompt-T Loss 0.0466  
Epoch 199 |  Time(s) 0.0126 | RobustPrompt-T Loss 0.0455  
Epoch 200 |  Time(s) 0.0128 | RobustPrompt-T Loss 0.0466  
Final True Accuracy: 0.1379 | Macro F1 Score: 0.1583
Edge Detection Detail | source=filter_module | active=0 | n_edges=5571 | n_pos=312 | n_neg=5259 | pos_rate=0.0560 | pred_pos=5474 | pred_pos_rate=0.9826 | tp=312 | fp=5162 | fn=0 | tn=97 | precision=0.0570 | recall=1.0000 | f1=0.1078 | auc=0.8612 | ap=0.2613 | best_f1=0.4279 | best_threshold=1.0000 | best_precision=0.2969 | best_recall=0.7660 | best_pred_pos_rate=0.1445 | precision_at_k_pos=0.3750 | recall_at_k_pos=0.3750 | all_positive_f1=0.1061 | current_f1_minus_all_positive_f1=0.0018 | hard_mask_all_positive_like=0 | mode=original
Edge Detection Detail | source=tau_tune | active=1 | n_edges=5571 | n_pos=312 | n_neg=5259 | pos_rate=0.0560 | pred_pos=71 | pred_pos_rate=0.0127 | tp=19 | fp=52 | fn=293 | tn=5207 | precision=0.2676 | recall=0.0609 | f1=0.0992 | auc=0.7020 | ap=0.1424 | best_f1=0.1905 | best_threshold=0.1550 | best_precision=0.1212 | best_recall=0.4455 | best_pred_pos_rate=0.2059 | precision_at_k_pos=0.1538 | recall_at_k_pos=0.1538 | all_positive_f1=0.1061 | current_f1_minus_all_positive_f1=-0.0069 | hard_mask_all_positive_like=0
Tip Detection | tip=sim_pt | active=1 | node_precision=0.1319 | node_recall=0.3761 | node_f1=0.1953 | edge_precision=0.0772 | edge_recall=0.9968 | edge_f1=0.1433 | edge_auc=0.6450 | node_tp=88 | node_fp=579 | node_fn=146 | edge_tp=311 | edge_fp=3717 | edge_fn=1
Edge Detection Detail | source=sim_pt | active=1 | n_edges=5571 | n_pos=312 | n_neg=5259 | pos_rate=0.0560 | pred_pos=4028 | pred_pos_rate=0.7230 | tp=311 | fp=3717 | fn=1 | tn=1542 | precision=0.0772 | recall=0.9968 | f1=0.1433 | auc=0.6450 | ap=0.0771 | best_f1=nan | best_threshold=nan | best_precision=nan | best_recall=nan | best_pred_pos_rate=nan | precision_at_k_pos=nan | recall_at_k_pos=nan | all_positive_f1=0.1061 | current_f1_minus_all_positive_f1=0.0372 | hard_mask_all_positive_like=0
Tip Detection | tip=degree_pt | active=1 | node_precision=0.0000 | node_recall=0.0000 | node_f1=0.0000 | edge_precision=0.0000 | edge_recall=0.0000 | edge_f1=0.0000 | edge_auc=0.5000 | node_tp=0 | node_fp=0 | node_fn=234 | edge_tp=0 | edge_fp=0 | edge_fn=312
Edge Detection Detail | source=degree_pt | active=1 | n_edges=5571 | n_pos=312 | n_neg=5259 | pos_rate=0.0560 | pred_pos=0 | pred_pos_rate=0.0000 | tp=0 | fp=0 | fn=312 | tn=5259 | precision=0.0000 | recall=0.0000 | f1=0.0000 | auc=0.5000 | ap=0.0560 | best_f1=nan | best_threshold=nan | best_precision=nan | best_recall=nan | best_pred_pos_rate=nan | precision_at_k_pos=nan | recall_at_k_pos=nan | all_positive_f1=0.1061 | current_f1_minus_all_positive_f1=-0.1061 | hard_mask_all_positive_like=0
Tip Detection | tip=out_detect_pt | active=0 | node_precision=0.0000 | node_recall=0.0000 | node_f1=0.0000 | edge_precision=0.0000 | edge_recall=0.0000 | edge_f1=0.0000 | edge_auc=0.5000 | node_tp=0 | node_fp=0 | node_fn=234 | edge_tp=0 | edge_fp=0 | edge_fn=312
Edge Detection Detail | source=out_detect_pt | active=0 | n_edges=5571 | n_pos=312 | n_neg=5259 | pos_rate=0.0560 | pred_pos=0 | pred_pos_rate=0.0000 | tp=0 | fp=0 | fn=312 | tn=5259 | precision=0.0000 | recall=0.0000 | f1=0.0000 | auc=0.8612 | ap=0.2613 | best_f1=0.4279 | best_threshold=1.0000 | best_precision=0.2969 | best_recall=0.7660 | best_pred_pos_rate=0.1445 | precision_at_k_pos=0.3750 | recall_at_k_pos=0.3750 | all_positive_f1=0.1061 | current_f1_minus_all_positive_f1=-0.1061 | hard_mask_all_positive_like=0
best_loss [tensor(0.0466, device='cuda:0', grad_fn=<AddBackward0>)]
load LLC or attacked data with specified split
Successfully loaded the attack of dataname with few shot 5, split 1
Attack method : Meta_Self | Attack ptb : 0.05 | Dataset: Cora
======================
Number of graphs: 1
Number of features: 1433
Number of classes: 7

Data(x=[2708, 1433], edge_index=[2, 13850], y=[2708], train_mask=[2708], val_mask=[2708], test_mask=[2708])
===========================================================================================================
Number of nodes: 2708
Number of edges: 13850
Average node degree: 5.11
Has isolated nodes: False
Has self-loops: True
Is undirected: True
Pollution Diff | added_edges=312 | deleted_edges=19 | clean_edges=5278 | attack_edges=5571
GCN(
  (conv_layers): ModuleList(
    (0): GCNConv(1433, 256)
    (1): GCNConv(256, 256)
  )
)
Successfully loaded pre-trained weights!
use RobustPrompt Tranductive
defense pt dict :  {'sim_pt': 0.3, 'degree_pt': 1, 'out_detect_pt': -1.0, 'other_pt': 'all'}
use_attention :  False
cosine_constraint :  True
pt_threshold :  0.5
filter_module :  OriginalFilter
temperature :  1.0
weight_mse 0.1
weight_kl :  0.3
weight_constraint :  0.2
run RobustPrompt-T
Epoch 001 |  Time(s) 0.0124 | RobustPrompt-T Loss 1.9476  
Epoch 002 |  Time(s) 0.0126 | RobustPrompt-T Loss 1.9386  
Epoch 003 |  Time(s) 0.0127 | RobustPrompt-T Loss 1.9250  
Epoch 004 |  Time(s) 0.0124 | RobustPrompt-T Loss 1.9163  
Epoch 005 |  Time(s) 0.0123 | RobustPrompt-T Loss 1.8913  
Epoch 006 |  Time(s) 0.0125 | RobustPrompt-T Loss 1.8847  
Epoch 007 |  Time(s) 0.0124 | RobustPrompt-T Loss 1.8516  
Epoch 008 |  Time(s) 0.0123 | RobustPrompt-T Loss 1.8567  
Epoch 009 |  Time(s) 0.0124 | RobustPrompt-T Loss 1.8071  
Epoch 010 |  Time(s) 0.0123 | RobustPrompt-T Loss 1.8519  
Epoch 011 |  Time(s) 0.0126 | RobustPrompt-T Loss 1.8134  
Epoch 012 |  Time(s) 0.0121 | RobustPrompt-T Loss 1.8054  
Epoch 013 |  Time(s) 0.0122 | RobustPrompt-T Loss 1.8214  
Epoch 014 |  Time(s) 0.0120 | RobustPrompt-T Loss 1.7828  
Epoch 015 |  Time(s) 0.0120 | RobustPrompt-T Loss 1.8061  
Epoch 016 |  Time(s) 0.0120 | RobustPrompt-T Loss 1.7614  
Epoch 017 |  Time(s) 0.0120 | RobustPrompt-T Loss 1.7578  
Epoch 018 |  Time(s) 0.0124 | RobustPrompt-T Loss 1.7428  
Epoch 019 |  Time(s) 0.0122 | RobustPrompt-T Loss 1.8010  
Epoch 020 |  Time(s) 0.0121 | RobustPrompt-T Loss 1.7800  
Epoch 021 |  Time(s) 0.0122 | RobustPrompt-T Loss 1.7350  
Epoch 022 |  Time(s) 0.0121 | RobustPrompt-T Loss 1.7058  
Epoch 023 |  Time(s) 0.0124 | RobustPrompt-T Loss 1.7302  
Epoch 024 |  Time(s) 0.0124 | RobustPrompt-T Loss 1.7416  
Epoch 025 |  Time(s) 0.0123 | RobustPrompt-T Loss 1.6590  
Epoch 026 |  Time(s) 0.0120 | RobustPrompt-T Loss 1.6948  
Epoch 027 |  Time(s) 0.0126 | RobustPrompt-T Loss 1.6091  
Epoch 028 |  Time(s) 0.0123 | RobustPrompt-T Loss 1.6132  
Epoch 029 |  Time(s) 0.0120 | RobustPrompt-T Loss 1.5881  
Epoch 030 |  Time(s) 0.0121 | RobustPrompt-T Loss 1.6138  
Epoch 031 |  Time(s) 0.0124 | RobustPrompt-T Loss 1.5547  
Epoch 032 |  Time(s) 0.0121 | RobustPrompt-T Loss 1.5226  
Epoch 033 |  Time(s) 0.0122 | RobustPrompt-T Loss 1.4775  
Epoch 034 |  Time(s) 0.0127 | RobustPrompt-T Loss 1.5092  
Epoch 035 |  Time(s) 0.0125 | RobustPrompt-T Loss 1.4767  
Epoch 036 |  Time(s) 0.0126 | RobustPrompt-T Loss 1.4300  
Epoch 037 |  Time(s) 0.0123 | RobustPrompt-T Loss 1.3841  
Epoch 038 |  Time(s) 0.0125 | RobustPrompt-T Loss 1.3998  
Epoch 039 |  Time(s) 0.0125 | RobustPrompt-T Loss 1.3464  
Epoch 040 |  Time(s) 0.0126 | RobustPrompt-T Loss 1.3332  
Epoch 041 |  Time(s) 0.0124 | RobustPrompt-T Loss 1.3244  
Epoch 042 |  Time(s) 0.0126 | RobustPrompt-T Loss 1.2795  
Epoch 043 |  Time(s) 0.0121 | RobustPrompt-T Loss 1.2458  
Epoch 044 |  Time(s) 0.0123 | RobustPrompt-T Loss 1.1871  
Epoch 045 |  Time(s) 0.0128 | RobustPrompt-T Loss 1.1620  
Epoch 046 |  Time(s) 0.0124 | RobustPrompt-T Loss 1.1560  
Epoch 047 |  Time(s) 0.0126 | RobustPrompt-T Loss 1.1370  
Epoch 048 |  Time(s) 0.0123 | RobustPrompt-T Loss 1.1707  
Epoch 049 |  Time(s) 0.0131 | RobustPrompt-T Loss 1.0964  
Epoch 050 |  Time(s) 0.0126 | RobustPrompt-T Loss 0.9873  
Epoch 051 |  Time(s) 0.0130 | RobustPrompt-T Loss 0.9650  
Epoch 052 |  Time(s) 0.0125 | RobustPrompt-T Loss 1.0198  
Epoch 053 |  Time(s) 0.0126 | RobustPrompt-T Loss 0.9469  
Epoch 054 |  Time(s) 0.0127 | RobustPrompt-T Loss 0.9130  
Epoch 055 |  Time(s) 0.0125 | RobustPrompt-T Loss 0.8231  
Epoch 056 |  Time(s) 0.0125 | RobustPrompt-T Loss 0.8175  
Epoch 057 |  Time(s) 0.0125 | RobustPrompt-T Loss 0.7994  
Epoch 058 |  Time(s) 0.0124 | RobustPrompt-T Loss 0.8207  
Epoch 059 |  Time(s) 0.0124 | RobustPrompt-T Loss 0.6906  
Epoch 060 |  Time(s) 0.0126 | RobustPrompt-T Loss 0.7191  
Epoch 061 |  Time(s) 0.0125 | RobustPrompt-T Loss 0.7528  
Epoch 062 |  Time(s) 0.0127 | RobustPrompt-T Loss 0.6271  
Epoch 063 |  Time(s) 0.0124 | RobustPrompt-T Loss 0.8467  
Epoch 064 |  Time(s) 0.0126 | RobustPrompt-T Loss 0.6933  
Epoch 065 |  Time(s) 0.0124 | RobustPrompt-T Loss 0.7562  
Epoch 066 |  Time(s) 0.0124 | RobustPrompt-T Loss 0.7987  
Epoch 067 |  Time(s) 0.0121 | RobustPrompt-T Loss 0.4943  
Epoch 068 |  Time(s) 0.0119 | RobustPrompt-T Loss 0.7027  
Epoch 069 |  Time(s) 0.0122 | RobustPrompt-T Loss 0.5250  
Epoch 070 |  Time(s) 0.0124 | RobustPrompt-T Loss 0.6972  
Epoch 071 |  Time(s) 0.0128 | RobustPrompt-T Loss 0.7129  
Epoch 072 |  Time(s) 0.0121 | RobustPrompt-T Loss 0.4632  
Epoch 073 |  Time(s) 0.0121 | RobustPrompt-T Loss 0.6341  
Epoch 074 |  Time(s) 0.0125 | RobustPrompt-T Loss 0.6399  
Epoch 075 |  Time(s) 0.0123 | RobustPrompt-T Loss 0.3568  
Epoch 076 |  Time(s) 0.0121 | RobustPrompt-T Loss 0.5423  
Epoch 077 |  Time(s) 0.0125 | RobustPrompt-T Loss 0.4832  
Epoch 078 |  Time(s) 0.0123 | RobustPrompt-T Loss 0.3829  
Epoch 079 |  Time(s) 0.0123 | RobustPrompt-T Loss 0.4445  
Epoch 080 |  Time(s) 0.0116 | RobustPrompt-T Loss 0.3062  
Epoch 081 |  Time(s) 0.0119 | RobustPrompt-T Loss 0.3795  
Epoch 082 |  Time(s) 0.0118 | RobustPrompt-T Loss 0.3508  
Epoch 083 |  Time(s) 0.0122 | RobustPrompt-T Loss 0.2769  
Epoch 084 |  Time(s) 0.0127 | RobustPrompt-T Loss 0.3389  
Epoch 085 |  Time(s) 0.0126 | RobustPrompt-T Loss 0.2609  
Epoch 086 |  Time(s) 0.0127 | RobustPrompt-T Loss 0.2699  
Epoch 087 |  Time(s) 0.0120 | RobustPrompt-T Loss 0.2710  
Epoch 088 |  Time(s) 0.0115 | RobustPrompt-T Loss 0.2165  
Epoch 089 |  Time(s) 0.0123 | RobustPrompt-T Loss 0.2328  
Epoch 090 |  Time(s) 0.0125 | RobustPrompt-T Loss 0.2192  
Epoch 091 |  Time(s) 0.0123 | RobustPrompt-T Loss 0.2144  
Epoch 092 |  Time(s) 0.0127 | RobustPrompt-T Loss 0.2075  
Epoch 093 |  Time(s) 0.0126 | RobustPrompt-T Loss 0.1709  
Epoch 094 |  Time(s) 0.0125 | RobustPrompt-T Loss 0.1800  
Epoch 095 |  Time(s) 0.0125 | RobustPrompt-T Loss 0.1595  
Epoch 096 |  Time(s) 0.0128 | RobustPrompt-T Loss 0.1560  
Epoch 097 |  Time(s) 0.0125 | RobustPrompt-T Loss 0.1608  
Epoch 098 |  Time(s) 0.0124 | RobustPrompt-T Loss 0.1421  
Epoch 099 |  Time(s) 0.0124 | RobustPrompt-T Loss 0.1372  
Epoch 100 |  Time(s) 0.0124 | RobustPrompt-T Loss 0.1353  
Epoch 101 |  Time(s) 0.0118 | RobustPrompt-T Loss 0.1248  
Epoch 102 |  Time(s) 0.0124 | RobustPrompt-T Loss 0.1269  
Epoch 103 |  Time(s) 0.0126 | RobustPrompt-T Loss 0.1201  
Epoch 104 |  Time(s) 0.0125 | RobustPrompt-T Loss 0.1148  
Epoch 105 |  Time(s) 0.0124 | RobustPrompt-T Loss 0.1152  
Epoch 106 |  Time(s) 0.0120 | RobustPrompt-T Loss 0.1087  
Epoch 107 |  Time(s) 0.0123 | RobustPrompt-T Loss 0.1070  
Epoch 108 |  Time(s) 0.0119 | RobustPrompt-T Loss 0.1113  
Epoch 109 |  Time(s) 0.0127 | RobustPrompt-T Loss 0.0978  
Epoch 110 |  Time(s) 0.0128 | RobustPrompt-T Loss 0.1075  
Epoch 111 |  Time(s) 0.0120 | RobustPrompt-T Loss 0.0972  
Epoch 112 |  Time(s) 0.0122 | RobustPrompt-T Loss 0.0949  
Epoch 113 |  Time(s) 0.0125 | RobustPrompt-T Loss 0.0926  
Epoch 114 |  Time(s) 0.0121 | RobustPrompt-T Loss 0.0918  
Epoch 115 |  Time(s) 0.0121 | RobustPrompt-T Loss 0.0916  
Epoch 116 |  Time(s) 0.0125 | RobustPrompt-T Loss 0.0876  
Epoch 117 |  Time(s) 0.0127 | RobustPrompt-T Loss 0.0878  
Epoch 118 |  Time(s) 0.0125 | RobustPrompt-T Loss 0.0842  
Epoch 119 |  Time(s) 0.0123 | RobustPrompt-T Loss 0.0816  
Epoch 120 |  Time(s) 0.0120 | RobustPrompt-T Loss 0.0822  
Epoch 121 |  Time(s) 0.0123 | RobustPrompt-T Loss 0.0795  
Epoch 122 |  Time(s) 0.0122 | RobustPrompt-T Loss 0.0787  
Epoch 123 |  Time(s) 0.0122 | RobustPrompt-T Loss 0.0785  
Epoch 124 |  Time(s) 0.0128 | RobustPrompt-T Loss 0.0775  
Epoch 125 |  Time(s) 0.0130 | RobustPrompt-T Loss 0.0770  
Epoch 126 |  Time(s) 0.0126 | RobustPrompt-T Loss 0.0731  
Epoch 127 |  Time(s) 0.0125 | RobustPrompt-T Loss 0.0735  
Epoch 128 |  Time(s) 0.0124 | RobustPrompt-T Loss 0.0706  
Epoch 129 |  Time(s) 0.0121 | RobustPrompt-T Loss 0.0670  
Epoch 130 |  Time(s) 0.0120 | RobustPrompt-T Loss 0.0677  
Epoch 131 |  Time(s) 0.0123 | RobustPrompt-T Loss 0.0639  
Epoch 132 |  Time(s) 0.0120 | RobustPrompt-T Loss 0.0639  
Epoch 133 |  Time(s) 0.0122 | RobustPrompt-T Loss 0.0625  
Epoch 134 |  Time(s) 0.0128 | RobustPrompt-T Loss 0.0633  
Epoch 135 |  Time(s) 0.0122 | RobustPrompt-T Loss 0.0614  
Epoch 136 |  Time(s) 0.0126 | RobustPrompt-T Loss 0.0603  
Epoch 137 |  Time(s) 0.0129 | RobustPrompt-T Loss 0.0592  
Epoch 138 |  Time(s) 0.0129 | RobustPrompt-T Loss 0.0667  
Epoch 139 |  Time(s) 0.0131 | RobustPrompt-T Loss 0.0599  
Epoch 140 |  Time(s) 0.0131 | RobustPrompt-T Loss 0.0583  
Epoch 141 |  Time(s) 0.0131 | RobustPrompt-T Loss 0.0628  
Epoch 142 |  Time(s) 0.0131 | RobustPrompt-T Loss 0.0583  
Epoch 143 |  Time(s) 0.0126 | RobustPrompt-T Loss 0.0547  
Epoch 144 |  Time(s) 0.0129 | RobustPrompt-T Loss 0.0558  
Epoch 145 |  Time(s) 0.0126 | RobustPrompt-T Loss 0.0544  
Epoch 146 |  Time(s) 0.0131 | RobustPrompt-T Loss 0.0507  
Epoch 147 |  Time(s) 0.0124 | RobustPrompt-T Loss 0.0507  
Epoch 148 |  Time(s) 0.0120 | RobustPrompt-T Loss 0.0509  
Epoch 149 |  Time(s) 0.0125 | RobustPrompt-T Loss 0.0527  
Epoch 150 |  Time(s) 0.0124 | RobustPrompt-T Loss 0.0491  
Epoch 151 |  Time(s) 0.0125 | RobustPrompt-T Loss 0.0487  
Epoch 152 |  Time(s) 0.0127 | RobustPrompt-T Loss 0.0523  
Epoch 153 |  Time(s) 0.0124 | RobustPrompt-T Loss 0.0492  
Epoch 154 |  Time(s) 0.0126 | RobustPrompt-T Loss 0.0497  
Epoch 155 |  Time(s) 0.0129 | RobustPrompt-T Loss 0.0469  
Epoch 156 |  Time(s) 0.0131 | RobustPrompt-T Loss 0.0458  
Epoch 157 |  Time(s) 0.0129 | RobustPrompt-T Loss 0.0485  
Epoch 158 |  Time(s) 0.0126 | RobustPrompt-T Loss 0.0490  
Epoch 159 |  Time(s) 0.0128 | RobustPrompt-T Loss 0.0444  
Epoch 160 |  Time(s) 0.0123 | RobustPrompt-T Loss 0.0445  
Epoch 161 |  Time(s) 0.0130 | RobustPrompt-T Loss 0.0446  
Epoch 162 |  Time(s) 0.0130 | RobustPrompt-T Loss 0.0477  
Epoch 163 |  Time(s) 0.0123 | RobustPrompt-T Loss 0.0457  
Epoch 164 |  Time(s) 0.0125 | RobustPrompt-T Loss 0.0436  
Epoch 165 |  Time(s) 0.0123 | RobustPrompt-T Loss 0.0432  
Epoch 166 |  Time(s) 0.0121 | RobustPrompt-T Loss 0.0447  
Epoch 167 |  Time(s) 0.0130 | RobustPrompt-T Loss 0.0463  
Epoch 168 |  Time(s) 0.0124 | RobustPrompt-T Loss 0.0426  
Epoch 169 |  Time(s) 0.0127 | RobustPrompt-T Loss 0.0426  
Epoch 170 |  Time(s) 0.0134 | RobustPrompt-T Loss 0.0413  
Epoch 171 |  Time(s) 0.0129 | RobustPrompt-T Loss 0.0463  
Epoch 172 |  Time(s) 0.0130 | RobustPrompt-T Loss 0.0435  
Epoch 173 |  Time(s) 0.0130 | RobustPrompt-T Loss 0.0405  
Epoch 174 |  Time(s) 0.0131 | RobustPrompt-T Loss 0.0400  
Epoch 175 |  Time(s) 0.0129 | RobustPrompt-T Loss 0.0423  
Epoch 176 |  Time(s) 0.0127 | RobustPrompt-T Loss 0.0423  
Epoch 177 |  Time(s) 0.0130 | RobustPrompt-T Loss 0.0396  
Epoch 178 |  Time(s) 0.0128 | RobustPrompt-T Loss 0.0401  
Epoch 179 |  Time(s) 0.0126 | RobustPrompt-T Loss 0.0413  
Epoch 180 |  Time(s) 0.0128 | RobustPrompt-T Loss 0.0420  
Epoch 181 |  Time(s) 0.0128 | RobustPrompt-T Loss 0.0410  
Epoch 182 |  Time(s) 0.0131 | RobustPrompt-T Loss 0.0395  
Epoch 183 |  Time(s) 0.0115 | RobustPrompt-T Loss 0.0393  
Epoch 184 |  Time(s) 0.0128 | RobustPrompt-T Loss 0.0411  
Epoch 185 |  Time(s) 0.0130 | RobustPrompt-T Loss 0.0410  
Epoch 186 |  Time(s) 0.0128 | RobustPrompt-T Loss 0.0388  
Epoch 187 |  Time(s) 0.0123 | RobustPrompt-T Loss 0.0387  
Epoch 188 |  Time(s) 0.0126 | RobustPrompt-T Loss 0.0390  
Epoch 189 |  Time(s) 0.0125 | RobustPrompt-T Loss 0.0405  
Epoch 190 |  Time(s) 0.0127 | RobustPrompt-T Loss 0.0384  
Epoch 191 |  Time(s) 0.0129 | RobustPrompt-T Loss 0.0382  
Epoch 192 |  Time(s) 0.0124 | RobustPrompt-T Loss 0.0382  
Epoch 193 |  Time(s) 0.0127 | RobustPrompt-T Loss 0.0402  
Epoch 194 |  Time(s) 0.0124 | RobustPrompt-T Loss 0.0380  
Epoch 195 |  Time(s) 0.0126 | RobustPrompt-T Loss 0.0378  
Epoch 196 |  Time(s) 0.0124 | RobustPrompt-T Loss 0.0378  
Epoch 197 |  Time(s) 0.0125 | RobustPrompt-T Loss 0.0381  
Epoch 198 |  Time(s) 0.0125 | RobustPrompt-T Loss 0.0374  
Epoch 199 |  Time(s) 0.0127 | RobustPrompt-T Loss 0.0376  
Epoch 200 |  Time(s) 0.0123 | RobustPrompt-T Loss 0.0375  
Final True Accuracy: 0.1840 | Macro F1 Score: 0.2167
Edge Detection Detail | source=filter_module | active=0 | n_edges=5571 | n_pos=312 | n_neg=5259 | pos_rate=0.0560 | pred_pos=5474 | pred_pos_rate=0.9826 | tp=312 | fp=5162 | fn=0 | tn=97 | precision=0.0570 | recall=1.0000 | f1=0.1078 | auc=0.8612 | ap=0.2613 | best_f1=0.4279 | best_threshold=1.0000 | best_precision=0.2969 | best_recall=0.7660 | best_pred_pos_rate=0.1445 | precision_at_k_pos=0.3750 | recall_at_k_pos=0.3750 | all_positive_f1=0.1061 | current_f1_minus_all_positive_f1=0.0018 | hard_mask_all_positive_like=0 | mode=original
Edge Detection Detail | source=tau_tune | active=1 | n_edges=5571 | n_pos=312 | n_neg=5259 | pos_rate=0.0560 | pred_pos=258 | pred_pos_rate=0.0463 | tp=46 | fp=212 | fn=266 | tn=5047 | precision=0.1783 | recall=0.1474 | f1=0.1614 | auc=0.7233 | ap=0.1444 | best_f1=0.1921 | best_threshold=0.2375 | best_precision=0.1260 | best_recall=0.4038 | best_pred_pos_rate=0.1795 | precision_at_k_pos=0.1731 | recall_at_k_pos=0.1731 | all_positive_f1=0.1061 | current_f1_minus_all_positive_f1=0.0553 | hard_mask_all_positive_like=0
Tip Detection | tip=sim_pt | active=1 | node_precision=0.1319 | node_recall=0.3761 | node_f1=0.1953 | edge_precision=0.0772 | edge_recall=0.9968 | edge_f1=0.1433 | edge_auc=0.6450 | node_tp=88 | node_fp=579 | node_fn=146 | edge_tp=311 | edge_fp=3717 | edge_fn=1
Edge Detection Detail | source=sim_pt | active=1 | n_edges=5571 | n_pos=312 | n_neg=5259 | pos_rate=0.0560 | pred_pos=4028 | pred_pos_rate=0.7230 | tp=311 | fp=3717 | fn=1 | tn=1542 | precision=0.0772 | recall=0.9968 | f1=0.1433 | auc=0.6450 | ap=0.0771 | best_f1=nan | best_threshold=nan | best_precision=nan | best_recall=nan | best_pred_pos_rate=nan | precision_at_k_pos=nan | recall_at_k_pos=nan | all_positive_f1=0.1061 | current_f1_minus_all_positive_f1=0.0372 | hard_mask_all_positive_like=0
Tip Detection | tip=degree_pt | active=1 | node_precision=0.0000 | node_recall=0.0000 | node_f1=0.0000 | edge_precision=0.0000 | edge_recall=0.0000 | edge_f1=0.0000 | edge_auc=0.5000 | node_tp=0 | node_fp=0 | node_fn=234 | edge_tp=0 | edge_fp=0 | edge_fn=312
Edge Detection Detail | source=degree_pt | active=1 | n_edges=5571 | n_pos=312 | n_neg=5259 | pos_rate=0.0560 | pred_pos=0 | pred_pos_rate=0.0000 | tp=0 | fp=0 | fn=312 | tn=5259 | precision=0.0000 | recall=0.0000 | f1=0.0000 | auc=0.5000 | ap=0.0560 | best_f1=nan | best_threshold=nan | best_precision=nan | best_recall=nan | best_pred_pos_rate=nan | precision_at_k_pos=nan | recall_at_k_pos=nan | all_positive_f1=0.1061 | current_f1_minus_all_positive_f1=-0.1061 | hard_mask_all_positive_like=0
Tip Detection | tip=out_detect_pt | active=0 | node_precision=0.0000 | node_recall=0.0000 | node_f1=0.0000 | edge_precision=0.0000 | edge_recall=0.0000 | edge_f1=0.0000 | edge_auc=0.5000 | node_tp=0 | node_fp=0 | node_fn=234 | edge_tp=0 | edge_fp=0 | edge_fn=312
Edge Detection Detail | source=out_detect_pt | active=0 | n_edges=5571 | n_pos=312 | n_neg=5259 | pos_rate=0.0560 | pred_pos=0 | pred_pos_rate=0.0000 | tp=0 | fp=0 | fn=312 | tn=5259 | precision=0.0000 | recall=0.0000 | f1=0.0000 | auc=0.8612 | ap=0.2613 | best_f1=0.4279 | best_threshold=1.0000 | best_precision=0.2969 | best_recall=0.7660 | best_pred_pos_rate=0.1445 | precision_at_k_pos=0.3750 | recall_at_k_pos=0.3750 | all_positive_f1=0.1061 | current_f1_minus_all_positive_f1=-0.1061 | hard_mask_all_positive_like=0
best_loss [tensor(0.0375, device='cuda:0', grad_fn=<AddBackward0>)]
load LLC or attacked data with specified split
Successfully loaded the attack of dataname with few shot 5, split 1
Attack method : Meta_Self | Attack ptb : 0.05 | Dataset: Cora
======================
Number of graphs: 1
Number of features: 1433
Number of classes: 7

Data(x=[2708, 1433], edge_index=[2, 13850], y=[2708], train_mask=[2708], val_mask=[2708], test_mask=[2708])
===========================================================================================================
Number of nodes: 2708
Number of edges: 13850
Average node degree: 5.11
Has isolated nodes: False
Has self-loops: True
Is undirected: True
Pollution Diff | added_edges=312 | deleted_edges=19 | clean_edges=5278 | attack_edges=5571
GCN(
  (conv_layers): ModuleList(
    (0): GCNConv(1433, 256)
    (1): GCNConv(256, 256)
  )
)
Successfully loaded pre-trained weights!
use RobustPrompt Tranductive
defense pt dict :  {'sim_pt': 0.3, 'degree_pt': 1, 'out_detect_pt': -1.0, 'other_pt': 'all'}
use_attention :  False
cosine_constraint :  True
pt_threshold :  0.5
filter_module :  OriginalFilter
temperature :  1.0
weight_mse 0.1
weight_kl :  0.3
weight_constraint :  0.2
run RobustPrompt-T
Epoch 001 |  Time(s) 0.0126 | RobustPrompt-T Loss 1.9454  
Epoch 002 |  Time(s) 0.0125 | RobustPrompt-T Loss 1.9447  
Epoch 003 |  Time(s) 0.0124 | RobustPrompt-T Loss 1.9296  
Epoch 004 |  Time(s) 0.0123 | RobustPrompt-T Loss 1.9206  
Epoch 005 |  Time(s) 0.0125 | RobustPrompt-T Loss 1.9124  
Epoch 006 |  Time(s) 0.0125 | RobustPrompt-T Loss 1.8916  
Epoch 007 |  Time(s) 0.0127 | RobustPrompt-T Loss 1.8544  
Epoch 008 |  Time(s) 0.0117 | RobustPrompt-T Loss 1.8303  
Epoch 009 |  Time(s) 0.0117 | RobustPrompt-T Loss 1.8760  
Epoch 010 |  Time(s) 0.0119 | RobustPrompt-T Loss 1.8121  
Epoch 011 |  Time(s) 0.0123 | RobustPrompt-T Loss 1.8586  
Epoch 012 |  Time(s) 0.0126 | RobustPrompt-T Loss 1.7968  
Epoch 013 |  Time(s) 0.0121 | RobustPrompt-T Loss 1.8375  
Epoch 014 |  Time(s) 0.0123 | RobustPrompt-T Loss 1.8442  
Epoch 015 |  Time(s) 0.0125 | RobustPrompt-T Loss 1.8102  
Epoch 016 |  Time(s) 0.0126 | RobustPrompt-T Loss 1.7817  
Epoch 017 |  Time(s) 0.0120 | RobustPrompt-T Loss 1.7933  
Epoch 018 |  Time(s) 0.0123 | RobustPrompt-T Loss 1.7918  
Epoch 019 |  Time(s) 0.0126 | RobustPrompt-T Loss 1.7681  
Epoch 020 |  Time(s) 0.0128 | RobustPrompt-T Loss 1.7425  
Epoch 021 |  Time(s) 0.0128 | RobustPrompt-T Loss 1.7198  
Epoch 022 |  Time(s) 0.0129 | RobustPrompt-T Loss 1.7135  
Epoch 023 |  Time(s) 0.0130 | RobustPrompt-T Loss 1.7127  
Epoch 024 |  Time(s) 0.0130 | RobustPrompt-T Loss 1.6935  
Epoch 025 |  Time(s) 0.0126 | RobustPrompt-T Loss 1.6540  
Epoch 026 |  Time(s) 0.0127 | RobustPrompt-T Loss 1.6470  
Epoch 027 |  Time(s) 0.0129 | RobustPrompt-T Loss 1.6067  
Epoch 028 |  Time(s) 0.0131 | RobustPrompt-T Loss 1.5890  
Epoch 029 |  Time(s) 0.0128 | RobustPrompt-T Loss 1.5562  
Epoch 030 |  Time(s) 0.0128 | RobustPrompt-T Loss 1.5436  
Epoch 031 |  Time(s) 0.0126 | RobustPrompt-T Loss 1.5127  
Epoch 032 |  Time(s) 0.0127 | RobustPrompt-T Loss 1.4653  
Epoch 033 |  Time(s) 0.0129 | RobustPrompt-T Loss 1.4812  
Epoch 034 |  Time(s) 0.0129 | RobustPrompt-T Loss 1.4590  
Epoch 035 |  Time(s) 0.0126 | RobustPrompt-T Loss 1.4303  
Epoch 036 |  Time(s) 0.0128 | RobustPrompt-T Loss 1.4257  
Epoch 037 |  Time(s) 0.0129 | RobustPrompt-T Loss 1.3861  
Epoch 038 |  Time(s) 0.0128 | RobustPrompt-T Loss 1.3539  
Epoch 039 |  Time(s) 0.0129 | RobustPrompt-T Loss 1.3964  
Epoch 040 |  Time(s) 0.0127 | RobustPrompt-T Loss 1.3000  
Epoch 041 |  Time(s) 0.0128 | RobustPrompt-T Loss 1.3384  
Epoch 042 |  Time(s) 0.0128 | RobustPrompt-T Loss 1.3367  
Epoch 043 |  Time(s) 0.0129 | RobustPrompt-T Loss 1.2314  
Epoch 044 |  Time(s) 0.0129 | RobustPrompt-T Loss 1.2527  
Epoch 045 |  Time(s) 0.0130 | RobustPrompt-T Loss 1.2473  
Epoch 046 |  Time(s) 0.0126 | RobustPrompt-T Loss 1.2010  
Epoch 047 |  Time(s) 0.0127 | RobustPrompt-T Loss 1.1841  
Epoch 048 |  Time(s) 0.0129 | RobustPrompt-T Loss 1.1204  
Epoch 049 |  Time(s) 0.0125 | RobustPrompt-T Loss 1.1012  
Epoch 050 |  Time(s) 0.0126 | RobustPrompt-T Loss 1.1036  
Epoch 051 |  Time(s) 0.0124 | RobustPrompt-T Loss 1.1268  
Epoch 052 |  Time(s) 0.0126 | RobustPrompt-T Loss 1.0477  
Epoch 053 |  Time(s) 0.0128 | RobustPrompt-T Loss 1.0251  
Epoch 054 |  Time(s) 0.0125 | RobustPrompt-T Loss 1.0536  
Epoch 055 |  Time(s) 0.0127 | RobustPrompt-T Loss 0.9703  
Epoch 056 |  Time(s) 0.0127 | RobustPrompt-T Loss 0.9328  
Epoch 057 |  Time(s) 0.0125 | RobustPrompt-T Loss 0.9301  
Epoch 058 |  Time(s) 0.0127 | RobustPrompt-T Loss 0.9275  
Epoch 059 |  Time(s) 0.0124 | RobustPrompt-T Loss 0.8794  
Epoch 060 |  Time(s) 0.0127 | RobustPrompt-T Loss 0.8764  
Epoch 061 |  Time(s) 0.0127 | RobustPrompt-T Loss 0.8326  
Epoch 062 |  Time(s) 0.0125 | RobustPrompt-T Loss 0.8230  
Epoch 063 |  Time(s) 0.0126 | RobustPrompt-T Loss 0.8130  
Epoch 064 |  Time(s) 0.0125 | RobustPrompt-T Loss 0.7731  
Epoch 065 |  Time(s) 0.0127 | RobustPrompt-T Loss 0.7870  
Epoch 066 |  Time(s) 0.0128 | RobustPrompt-T Loss 0.7529  
Epoch 067 |  Time(s) 0.0126 | RobustPrompt-T Loss 0.7535  
Epoch 068 |  Time(s) 0.0127 | RobustPrompt-T Loss 0.7163  
Epoch 069 |  Time(s) 0.0127 | RobustPrompt-T Loss 0.6878  
Epoch 070 |  Time(s) 0.0125 | RobustPrompt-T Loss 0.6922  
Epoch 071 |  Time(s) 0.0127 | RobustPrompt-T Loss 0.6788  
Epoch 072 |  Time(s) 0.0129 | RobustPrompt-T Loss 0.6499  
Epoch 073 |  Time(s) 0.0126 | RobustPrompt-T Loss 0.6375  
Epoch 074 |  Time(s) 0.0123 | RobustPrompt-T Loss 0.6308  
Epoch 075 |  Time(s) 0.0125 | RobustPrompt-T Loss 0.6149  
Epoch 076 |  Time(s) 0.0127 | RobustPrompt-T Loss 0.5887  
Epoch 077 |  Time(s) 0.0124 | RobustPrompt-T Loss 0.6000  
Epoch 078 |  Time(s) 0.0126 | RobustPrompt-T Loss 0.5966  
Epoch 079 |  Time(s) 0.0125 | RobustPrompt-T Loss 0.5670  
Epoch 080 |  Time(s) 0.0126 | RobustPrompt-T Loss 0.5551  
Epoch 081 |  Time(s) 0.0127 | RobustPrompt-T Loss 0.5706  
Epoch 082 |  Time(s) 0.0125 | RobustPrompt-T Loss 0.5341  
Epoch 083 |  Time(s) 0.0127 | RobustPrompt-T Loss 0.5248  
Epoch 084 |  Time(s) 0.0125 | RobustPrompt-T Loss 0.5437  
Epoch 085 |  Time(s) 0.0127 | RobustPrompt-T Loss 0.4977  
Epoch 086 |  Time(s) 0.0128 | RobustPrompt-T Loss 0.4991  
Epoch 087 |  Time(s) 0.0126 | RobustPrompt-T Loss 0.4999  
Epoch 088 |  Time(s) 0.0127 | RobustPrompt-T Loss 0.4788  
Epoch 089 |  Time(s) 0.0127 | RobustPrompt-T Loss 0.4980  
Epoch 090 |  Time(s) 0.0125 | RobustPrompt-T Loss 0.4638  
Epoch 091 |  Time(s) 0.0127 | RobustPrompt-T Loss 0.4474  
Epoch 092 |  Time(s) 0.0127 | RobustPrompt-T Loss 0.4405  
Epoch 093 |  Time(s) 0.0126 | RobustPrompt-T Loss 0.4165  
Epoch 094 |  Time(s) 0.0128 | RobustPrompt-T Loss 0.4311  
Epoch 095 |  Time(s) 0.0127 | RobustPrompt-T Loss 0.4366  
Epoch 096 |  Time(s) 0.0124 | RobustPrompt-T Loss 0.3785  
Epoch 097 |  Time(s) 0.0124 | RobustPrompt-T Loss 0.4183  
Epoch 098 |  Time(s) 0.0123 | RobustPrompt-T Loss 0.3832  
Epoch 099 |  Time(s) 0.0128 | RobustPrompt-T Loss 0.3430  
Epoch 100 |  Time(s) 0.0124 | RobustPrompt-T Loss 0.3821  
Epoch 101 |  Time(s) 0.0128 | RobustPrompt-T Loss 0.3120  
Epoch 102 |  Time(s) 0.0129 | RobustPrompt-T Loss 0.3128  
Epoch 103 |  Time(s) 0.0125 | RobustPrompt-T Loss 0.3119  
Epoch 104 |  Time(s) 0.0127 | RobustPrompt-T Loss 0.2737  
Epoch 105 |  Time(s) 0.0128 | RobustPrompt-T Loss 0.2967  
Epoch 106 |  Time(s) 0.0126 | RobustPrompt-T Loss 0.2293  
Epoch 107 |  Time(s) 0.0128 | RobustPrompt-T Loss 0.2690  
Epoch 108 |  Time(s) 0.0128 | RobustPrompt-T Loss 0.2147  
Epoch 109 |  Time(s) 0.0129 | RobustPrompt-T Loss 0.2019  
Epoch 110 |  Time(s) 0.0126 | RobustPrompt-T Loss 0.1858  
Epoch 111 |  Time(s) 0.0127 | RobustPrompt-T Loss 0.1884  
Epoch 112 |  Time(s) 0.0128 | RobustPrompt-T Loss 0.1617  
Epoch 113 |  Time(s) 0.0125 | RobustPrompt-T Loss 0.1575  
Epoch 114 |  Time(s) 0.0127 | RobustPrompt-T Loss 0.1539  
Epoch 115 |  Time(s) 0.0128 | RobustPrompt-T Loss 0.1488  
Epoch 116 |  Time(s) 0.0124 | RobustPrompt-T Loss 0.1312  
Epoch 117 |  Time(s) 0.0127 | RobustPrompt-T Loss 0.1136  
Epoch 118 |  Time(s) 0.0128 | RobustPrompt-T Loss 0.1304  
Epoch 119 |  Time(s) 0.0130 | RobustPrompt-T Loss 0.1064  
Epoch 120 |  Time(s) 0.0125 | RobustPrompt-T Loss 0.1065  
Epoch 121 |  Time(s) 0.0127 | RobustPrompt-T Loss 0.0913  
Epoch 122 |  Time(s) 0.0129 | RobustPrompt-T Loss 0.0999  
Epoch 123 |  Time(s) 0.0125 | RobustPrompt-T Loss 0.0851  
Epoch 124 |  Time(s) 0.0129 | RobustPrompt-T Loss 0.0826  
Epoch 125 |  Time(s) 0.0127 | RobustPrompt-T Loss 0.0784  
Epoch 126 |  Time(s) 0.0129 | RobustPrompt-T Loss 0.0859  
Epoch 127 |  Time(s) 0.0125 | RobustPrompt-T Loss 0.0765  
Epoch 128 |  Time(s) 0.0127 | RobustPrompt-T Loss 0.0719  
Epoch 129 |  Time(s) 0.0128 | RobustPrompt-T Loss 0.0696  
Epoch 130 |  Time(s) 0.0126 | RobustPrompt-T Loss 0.0715  
Epoch 131 |  Time(s) 0.0127 | RobustPrompt-T Loss 0.0741  
Epoch 132 |  Time(s) 0.0128 | RobustPrompt-T Loss 0.0665  
Epoch 133 |  Time(s) 0.0126 | RobustPrompt-T Loss 0.0664  
Epoch 134 |  Time(s) 0.0127 | RobustPrompt-T Loss 0.0656  
Epoch 135 |  Time(s) 0.0128 | RobustPrompt-T Loss 0.0692  
Epoch 136 |  Time(s) 0.0124 | RobustPrompt-T Loss 0.0639  
Epoch 137 |  Time(s) 0.0128 | RobustPrompt-T Loss 0.0636  
Epoch 138 |  Time(s) 0.0128 | RobustPrompt-T Loss 0.0625  
Epoch 139 |  Time(s) 0.0126 | RobustPrompt-T Loss 0.0636  
Epoch 140 |  Time(s) 0.0126 | RobustPrompt-T Loss 0.0662  
Epoch 141 |  Time(s) 0.0129 | RobustPrompt-T Loss 0.0613  
Epoch 142 |  Time(s) 0.0124 | RobustPrompt-T Loss 0.0614  
Epoch 143 |  Time(s) 0.0127 | RobustPrompt-T Loss 0.0612  
Epoch 144 |  Time(s) 0.0128 | RobustPrompt-T Loss 0.0608  
Epoch 145 |  Time(s) 0.0126 | RobustPrompt-T Loss 0.0588  
Epoch 146 |  Time(s) 0.0125 | RobustPrompt-T Loss 0.0586  
Epoch 147 |  Time(s) 0.0129 | RobustPrompt-T Loss 0.0585  
Epoch 148 |  Time(s) 0.0125 | RobustPrompt-T Loss 0.0581  
Epoch 149 |  Time(s) 0.0127 | RobustPrompt-T Loss 0.0574  
Epoch 150 |  Time(s) 0.0128 | RobustPrompt-T Loss 0.0569  
Epoch 151 |  Time(s) 0.0125 | RobustPrompt-T Loss 0.0574  
Epoch 152 |  Time(s) 0.0127 | RobustPrompt-T Loss 0.0562  
Epoch 153 |  Time(s) 0.0128 | RobustPrompt-T Loss 0.0559  
Epoch 154 |  Time(s) 0.0126 | RobustPrompt-T Loss 0.0551  
Epoch 155 |  Time(s) 0.0123 | RobustPrompt-T Loss 0.0550  
Epoch 156 |  Time(s) 0.0125 | RobustPrompt-T Loss 0.0548  
Epoch 157 |  Time(s) 0.0127 | RobustPrompt-T Loss 0.0545  
Epoch 158 |  Time(s) 0.0125 | RobustPrompt-T Loss 0.0541  
Epoch 159 |  Time(s) 0.0127 | RobustPrompt-T Loss 0.0526  
Epoch 160 |  Time(s) 0.0128 | RobustPrompt-T Loss 0.0537  
Epoch 161 |  Time(s) 0.0125 | RobustPrompt-T Loss 0.0541  
Epoch 162 |  Time(s) 0.0129 | RobustPrompt-T Loss 0.0516  
Epoch 163 |  Time(s) 0.0127 | RobustPrompt-T Loss 0.0515  
Epoch 164 |  Time(s) 0.0129 | RobustPrompt-T Loss 0.0525  
Epoch 165 |  Time(s) 0.0126 | RobustPrompt-T Loss 0.0522  
Epoch 166 |  Time(s) 0.0127 | RobustPrompt-T Loss 0.0506  
Epoch 167 |  Time(s) 0.0128 | RobustPrompt-T Loss 0.0502  
Epoch 168 |  Time(s) 0.0129 | RobustPrompt-T Loss 0.0523  
Epoch 169 |  Time(s) 0.0126 | RobustPrompt-T Loss 0.0520  
Epoch 170 |  Time(s) 0.0128 | RobustPrompt-T Loss 0.0496  
Epoch 171 |  Time(s) 0.0127 | RobustPrompt-T Loss 0.0493  
Epoch 172 |  Time(s) 0.0125 | RobustPrompt-T Loss 0.0522  
Epoch 173 |  Time(s) 0.0128 | RobustPrompt-T Loss 0.0494  
Epoch 174 |  Time(s) 0.0127 | RobustPrompt-T Loss 0.0503  
Epoch 175 |  Time(s) 0.0129 | RobustPrompt-T Loss 0.0494  
Epoch 176 |  Time(s) 0.0126 | RobustPrompt-T Loss 0.0507  
Epoch 177 |  Time(s) 0.0127 | RobustPrompt-T Loss 0.0488  
Epoch 178 |  Time(s) 0.0128 | RobustPrompt-T Loss 0.0485  
Epoch 179 |  Time(s) 0.0125 | RobustPrompt-T Loss 0.0482  
Epoch 180 |  Time(s) 0.0127 | RobustPrompt-T Loss 0.0512  
Epoch 181 |  Time(s) 0.0128 | RobustPrompt-T Loss 0.0488  
Epoch 182 |  Time(s) 0.0129 | RobustPrompt-T Loss 0.0487  
Epoch 183 |  Time(s) 0.0126 | RobustPrompt-T Loss 0.0474  
Epoch 184 |  Time(s) 0.0127 | RobustPrompt-T Loss 0.0472  
Epoch 185 |  Time(s) 0.0127 | RobustPrompt-T Loss 0.0484  
Epoch 186 |  Time(s) 0.0126 | RobustPrompt-T Loss 0.0476  
Epoch 187 |  Time(s) 0.0127 | RobustPrompt-T Loss 0.0479  
Epoch 188 |  Time(s) 0.0128 | RobustPrompt-T Loss 0.0466  
Epoch 189 |  Time(s) 0.0126 | RobustPrompt-T Loss 0.0465  
Epoch 190 |  Time(s) 0.0127 | RobustPrompt-T Loss 0.0463  
Epoch 191 |  Time(s) 0.0128 | RobustPrompt-T Loss 0.0469  
Epoch 192 |  Time(s) 0.0125 | RobustPrompt-T Loss 0.0465  
Epoch 193 |  Time(s) 0.0127 | RobustPrompt-T Loss 0.0475  
Epoch 194 |  Time(s) 0.0128 | RobustPrompt-T Loss 0.0462  
Epoch 195 |  Time(s) 0.0124 | RobustPrompt-T Loss 0.0469  
Epoch 196 |  Time(s) 0.0127 | RobustPrompt-T Loss 0.0455  
Epoch 197 |  Time(s) 0.0128 | RobustPrompt-T Loss 0.0462  
Epoch 198 |  Time(s) 0.0125 | RobustPrompt-T Loss 0.0460  
Epoch 199 |  Time(s) 0.0128 | RobustPrompt-T Loss 0.0455  
Epoch 200 |  Time(s) 0.0128 | RobustPrompt-T Loss 0.0462  
Final True Accuracy: 0.1466 | Macro F1 Score: 0.1739
Edge Detection Detail | source=filter_module | active=0 | n_edges=5571 | n_pos=312 | n_neg=5259 | pos_rate=0.0560 | pred_pos=5474 | pred_pos_rate=0.9826 | tp=312 | fp=5162 | fn=0 | tn=97 | precision=0.0570 | recall=1.0000 | f1=0.1078 | auc=0.8612 | ap=0.2613 | best_f1=0.4279 | best_threshold=1.0000 | best_precision=0.2969 | best_recall=0.7660 | best_pred_pos_rate=0.1445 | precision_at_k_pos=0.3750 | recall_at_k_pos=0.3750 | all_positive_f1=0.1061 | current_f1_minus_all_positive_f1=0.0018 | hard_mask_all_positive_like=0 | mode=original
Edge Detection Detail | source=tau_tune | active=1 | n_edges=5571 | n_pos=312 | n_neg=5259 | pos_rate=0.0560 | pred_pos=27 | pred_pos_rate=0.0048 | tp=16 | fp=11 | fn=296 | tn=5248 | precision=0.5926 | recall=0.0513 | f1=0.0944 | auc=0.7288 | ap=0.1869 | best_f1=0.2334 | best_threshold=0.2092 | best_precision=0.2120 | best_recall=0.2596 | best_pred_pos_rate=0.0686 | precision_at_k_pos=0.2147 | recall_at_k_pos=0.2147 | all_positive_f1=0.1061 | current_f1_minus_all_positive_f1=-0.0117 | hard_mask_all_positive_like=0
Tip Detection | tip=sim_pt | active=1 | node_precision=0.1319 | node_recall=0.3761 | node_f1=0.1953 | edge_precision=0.0772 | edge_recall=0.9968 | edge_f1=0.1433 | edge_auc=0.6450 | node_tp=88 | node_fp=579 | node_fn=146 | edge_tp=311 | edge_fp=3717 | edge_fn=1
Edge Detection Detail | source=sim_pt | active=1 | n_edges=5571 | n_pos=312 | n_neg=5259 | pos_rate=0.0560 | pred_pos=4028 | pred_pos_rate=0.7230 | tp=311 | fp=3717 | fn=1 | tn=1542 | precision=0.0772 | recall=0.9968 | f1=0.1433 | auc=0.6450 | ap=0.0771 | best_f1=nan | best_threshold=nan | best_precision=nan | best_recall=nan | best_pred_pos_rate=nan | precision_at_k_pos=nan | recall_at_k_pos=nan | all_positive_f1=0.1061 | current_f1_minus_all_positive_f1=0.0372 | hard_mask_all_positive_like=0
Tip Detection | tip=degree_pt | active=1 | node_precision=0.0000 | node_recall=0.0000 | node_f1=0.0000 | edge_precision=0.0000 | edge_recall=0.0000 | edge_f1=0.0000 | edge_auc=0.5000 | node_tp=0 | node_fp=0 | node_fn=234 | edge_tp=0 | edge_fp=0 | edge_fn=312
Edge Detection Detail | source=degree_pt | active=1 | n_edges=5571 | n_pos=312 | n_neg=5259 | pos_rate=0.0560 | pred_pos=0 | pred_pos_rate=0.0000 | tp=0 | fp=0 | fn=312 | tn=5259 | precision=0.0000 | recall=0.0000 | f1=0.0000 | auc=0.5000 | ap=0.0560 | best_f1=nan | best_threshold=nan | best_precision=nan | best_recall=nan | best_pred_pos_rate=nan | precision_at_k_pos=nan | recall_at_k_pos=nan | all_positive_f1=0.1061 | current_f1_minus_all_positive_f1=-0.1061 | hard_mask_all_positive_like=0
Tip Detection | tip=out_detect_pt | active=0 | node_precision=0.0000 | node_recall=0.0000 | node_f1=0.0000 | edge_precision=0.0000 | edge_recall=0.0000 | edge_f1=0.0000 | edge_auc=0.5000 | node_tp=0 | node_fp=0 | node_fn=234 | edge_tp=0 | edge_fp=0 | edge_fn=312
Edge Detection Detail | source=out_detect_pt | active=0 | n_edges=5571 | n_pos=312 | n_neg=5259 | pos_rate=0.0560 | pred_pos=0 | pred_pos_rate=0.0000 | tp=0 | fp=0 | fn=312 | tn=5259 | precision=0.0000 | recall=0.0000 | f1=0.0000 | auc=0.8612 | ap=0.2613 | best_f1=0.4279 | best_threshold=1.0000 | best_precision=0.2969 | best_recall=0.7660 | best_pred_pos_rate=0.1445 | precision_at_k_pos=0.3750 | recall_at_k_pos=0.3750 | all_positive_f1=0.1061 | current_f1_minus_all_positive_f1=-0.1061 | hard_mask_all_positive_like=0
best_loss [tensor(0.0462, device='cuda:0', grad_fn=<AddBackward0>)]
load LLC or attacked data with specified split
Successfully loaded the attack of dataname with few shot 5, split 1
Attack method : Meta_Self | Attack ptb : 0.05 | Dataset: Cora
======================
Number of graphs: 1
Number of features: 1433
Number of classes: 7

Data(x=[2708, 1433], edge_index=[2, 13850], y=[2708], train_mask=[2708], val_mask=[2708], test_mask=[2708])
===========================================================================================================
Number of nodes: 2708
Number of edges: 13850
Average node degree: 5.11
Has isolated nodes: False
Has self-loops: True
Is undirected: True
Pollution Diff | added_edges=312 | deleted_edges=19 | clean_edges=5278 | attack_edges=5571
GCN(
  (conv_layers): ModuleList(
    (0): GCNConv(1433, 256)
    (1): GCNConv(256, 256)
  )
)
Successfully loaded pre-trained weights!
use RobustPrompt Tranductive
defense pt dict :  {'sim_pt': 0.3, 'degree_pt': 1, 'out_detect_pt': -1.0, 'other_pt': 'all'}
use_attention :  False
cosine_constraint :  True
pt_threshold :  0.5
filter_module :  OriginalFilter
temperature :  1.0
weight_mse 0.1
weight_kl :  0.3
weight_constraint :  0.2
run RobustPrompt-T
Epoch 001 |  Time(s) 0.0134 | RobustPrompt-T Loss 1.9447  
Epoch 002 |  Time(s) 0.0128 | RobustPrompt-T Loss 1.9391  
Epoch 003 |  Time(s) 0.0127 | RobustPrompt-T Loss 1.9245  
Epoch 004 |  Time(s) 0.0129 | RobustPrompt-T Loss 1.9053  
Epoch 005 |  Time(s) 0.0124 | RobustPrompt-T Loss 1.8653  
Epoch 006 |  Time(s) 0.0127 | RobustPrompt-T Loss 1.8679  
Epoch 007 |  Time(s) 0.0125 | RobustPrompt-T Loss 1.8503  
Epoch 008 |  Time(s) 0.0126 | RobustPrompt-T Loss 1.9390  
Epoch 009 |  Time(s) 0.0127 | RobustPrompt-T Loss 1.8117  
Epoch 010 |  Time(s) 0.0125 | RobustPrompt-T Loss 1.8609  
Epoch 011 |  Time(s) 0.0127 | RobustPrompt-T Loss 1.8188  
Epoch 012 |  Time(s) 0.0124 | RobustPrompt-T Loss 1.8207  
Epoch 013 |  Time(s) 0.0126 | RobustPrompt-T Loss 1.8108  
Epoch 014 |  Time(s) 0.0124 | RobustPrompt-T Loss 1.7852  
Epoch 015 |  Time(s) 0.0127 | RobustPrompt-T Loss 1.7864  
Epoch 016 |  Time(s) 0.0124 | RobustPrompt-T Loss 1.7872  
Epoch 017 |  Time(s) 0.0126 | RobustPrompt-T Loss 1.7996  
Epoch 018 |  Time(s) 0.0124 | RobustPrompt-T Loss 1.8308  
Epoch 019 |  Time(s) 0.0127 | RobustPrompt-T Loss 1.7752  
Epoch 020 |  Time(s) 0.0123 | RobustPrompt-T Loss 1.7177  
Epoch 021 |  Time(s) 0.0127 | RobustPrompt-T Loss 1.7455  
Epoch 022 |  Time(s) 0.0127 | RobustPrompt-T Loss 1.7563  
Epoch 023 |  Time(s) 0.0125 | RobustPrompt-T Loss 1.6956  
Epoch 024 |  Time(s) 0.0127 | RobustPrompt-T Loss 1.7244  
Epoch 025 |  Time(s) 0.0125 | RobustPrompt-T Loss 1.7208  
Epoch 026 |  Time(s) 0.0126 | RobustPrompt-T Loss 1.6803  
Epoch 027 |  Time(s) 0.0124 | RobustPrompt-T Loss 1.6531  
Epoch 028 |  Time(s) 0.0126 | RobustPrompt-T Loss 1.6184  
Epoch 029 |  Time(s) 0.0124 | RobustPrompt-T Loss 1.5988  
Epoch 030 |  Time(s) 0.0127 | RobustPrompt-T Loss 1.5320  
Epoch 031 |  Time(s) 0.0128 | RobustPrompt-T Loss 1.5482  
Epoch 032 |  Time(s) 0.0124 | RobustPrompt-T Loss 1.5384  
Epoch 033 |  Time(s) 0.0127 | RobustPrompt-T Loss 1.5486  
Epoch 034 |  Time(s) 0.0125 | RobustPrompt-T Loss 1.4845  
Epoch 035 |  Time(s) 0.0126 | RobustPrompt-T Loss 1.4803  
Epoch 036 |  Time(s) 0.0129 | RobustPrompt-T Loss 1.4374  
Epoch 037 |  Time(s) 0.0125 | RobustPrompt-T Loss 1.4421  
Epoch 038 |  Time(s) 0.0126 | RobustPrompt-T Loss 1.4051  
Epoch 039 |  Time(s) 0.0125 | RobustPrompt-T Loss 1.3909  
Epoch 040 |  Time(s) 0.0123 | RobustPrompt-T Loss 1.3516  
Epoch 041 |  Time(s) 0.0123 | RobustPrompt-T Loss 1.3358  
Epoch 042 |  Time(s) 0.0126 | RobustPrompt-T Loss 1.3484  
Epoch 043 |  Time(s) 0.0125 | RobustPrompt-T Loss 1.3136  
Epoch 044 |  Time(s) 0.0126 | RobustPrompt-T Loss 1.2670  
Epoch 045 |  Time(s) 0.0124 | RobustPrompt-T Loss 1.2272  
Epoch 046 |  Time(s) 0.0126 | RobustPrompt-T Loss 1.2450  
Epoch 047 |  Time(s) 0.0124 | RobustPrompt-T Loss 1.2306  
Epoch 048 |  Time(s) 0.0128 | RobustPrompt-T Loss 1.1804  
Epoch 049 |  Time(s) 0.0124 | RobustPrompt-T Loss 1.1848  
Epoch 050 |  Time(s) 0.0126 | RobustPrompt-T Loss 1.1193  
Epoch 051 |  Time(s) 0.0124 | RobustPrompt-T Loss 1.0723  
Epoch 052 |  Time(s) 0.0126 | RobustPrompt-T Loss 1.0672  
Epoch 053 |  Time(s) 0.0128 | RobustPrompt-T Loss 1.0211  
Epoch 054 |  Time(s) 0.0125 | RobustPrompt-T Loss 1.0192  
Epoch 055 |  Time(s) 0.0127 | RobustPrompt-T Loss 0.9628  
Epoch 056 |  Time(s) 0.0124 | RobustPrompt-T Loss 0.9509  
Epoch 057 |  Time(s) 0.0126 | RobustPrompt-T Loss 0.8980  
Epoch 058 |  Time(s) 0.0124 | RobustPrompt-T Loss 0.8669  
Epoch 059 |  Time(s) 0.0126 | RobustPrompt-T Loss 0.8396  
Epoch 060 |  Time(s) 0.0124 | RobustPrompt-T Loss 0.8113  
Epoch 061 |  Time(s) 0.0126 | RobustPrompt-T Loss 0.7927  
Epoch 062 |  Time(s) 0.0124 | RobustPrompt-T Loss 0.7605  
Epoch 063 |  Time(s) 0.0127 | RobustPrompt-T Loss 0.7625  
Epoch 064 |  Time(s) 0.0128 | RobustPrompt-T Loss 0.6834  
Epoch 065 |  Time(s) 0.0124 | RobustPrompt-T Loss 0.6522  
Epoch 066 |  Time(s) 0.0126 | RobustPrompt-T Loss 0.6735  
Epoch 067 |  Time(s) 0.0124 | RobustPrompt-T Loss 0.5831  
Epoch 068 |  Time(s) 0.0128 | RobustPrompt-T Loss 0.5960  
Epoch 069 |  Time(s) 0.0129 | RobustPrompt-T Loss 0.5524  
Epoch 070 |  Time(s) 0.0124 | RobustPrompt-T Loss 0.5428  
Epoch 071 |  Time(s) 0.0127 | RobustPrompt-T Loss 0.4994  
Epoch 072 |  Time(s) 0.0124 | RobustPrompt-T Loss 0.4621  
Epoch 073 |  Time(s) 0.0126 | RobustPrompt-T Loss 0.4555  
Epoch 074 |  Time(s) 0.0128 | RobustPrompt-T Loss 0.4017  
Epoch 075 |  Time(s) 0.0133 | RobustPrompt-T Loss 0.4061  
Epoch 076 |  Time(s) 0.0125 | RobustPrompt-T Loss 0.3675  
Epoch 077 |  Time(s) 0.0125 | RobustPrompt-T Loss 0.3684  
Epoch 078 |  Time(s) 0.0128 | RobustPrompt-T Loss 0.3361  
Epoch 079 |  Time(s) 0.0123 | RobustPrompt-T Loss 0.3297  
Epoch 080 |  Time(s) 0.0127 | RobustPrompt-T Loss 0.3072  
Epoch 081 |  Time(s) 0.0126 | RobustPrompt-T Loss 0.2834  
Epoch 082 |  Time(s) 0.0126 | RobustPrompt-T Loss 0.2719  
Epoch 083 |  Time(s) 0.0128 | RobustPrompt-T Loss 0.2492  
Epoch 084 |  Time(s) 0.0125 | RobustPrompt-T Loss 0.2465  
Epoch 085 |  Time(s) 0.0127 | RobustPrompt-T Loss 0.2163  
Epoch 086 |  Time(s) 0.0128 | RobustPrompt-T Loss 0.2033  
Epoch 087 |  Time(s) 0.0125 | RobustPrompt-T Loss 0.2088  
Epoch 088 |  Time(s) 0.0126 | RobustPrompt-T Loss 0.1840  
Epoch 089 |  Time(s) 0.0124 | RobustPrompt-T Loss 0.1822  
Epoch 090 |  Time(s) 0.0126 | RobustPrompt-T Loss 0.1634  
Epoch 091 |  Time(s) 0.0124 | RobustPrompt-T Loss 0.1606  
Epoch 092 |  Time(s) 0.0126 | RobustPrompt-T Loss 0.1484  
Epoch 093 |  Time(s) 0.0125 | RobustPrompt-T Loss 0.1415  
Epoch 094 |  Time(s) 0.0125 | RobustPrompt-T Loss 0.1359  
Epoch 095 |  Time(s) 0.0126 | RobustPrompt-T Loss 0.1370  
Epoch 096 |  Time(s) 0.0124 | RobustPrompt-T Loss 0.1232  
Epoch 097 |  Time(s) 0.0120 | RobustPrompt-T Loss 0.1186  
Epoch 098 |  Time(s) 0.0132 | RobustPrompt-T Loss 0.1147  
Epoch 099 |  Time(s) 0.0123 | RobustPrompt-T Loss 0.1063  
Epoch 100 |  Time(s) 0.0119 | RobustPrompt-T Loss 0.1029  
Epoch 101 |  Time(s) 0.0124 | RobustPrompt-T Loss 0.1024  
Epoch 102 |  Time(s) 0.0122 | RobustPrompt-T Loss 0.0971  
Epoch 103 |  Time(s) 0.0121 | RobustPrompt-T Loss 0.0951  
Epoch 104 |  Time(s) 0.0117 | RobustPrompt-T Loss 0.0919  
Epoch 105 |  Time(s) 0.0119 | RobustPrompt-T Loss 0.0900  
Epoch 106 |  Time(s) 0.0122 | RobustPrompt-T Loss 0.0877  
Epoch 107 |  Time(s) 0.0119 | RobustPrompt-T Loss 0.0860  
Epoch 108 |  Time(s) 0.0122 | RobustPrompt-T Loss 0.0837  
Epoch 109 |  Time(s) 0.0119 | RobustPrompt-T Loss 0.0830  
Epoch 110 |  Time(s) 0.0121 | RobustPrompt-T Loss 0.0809  
Epoch 111 |  Time(s) 0.0123 | RobustPrompt-T Loss 0.0788  
Epoch 112 |  Time(s) 0.0118 | RobustPrompt-T Loss 0.0781  
Epoch 113 |  Time(s) 0.0126 | RobustPrompt-T Loss 0.0747  
Epoch 114 |  Time(s) 0.0113 | RobustPrompt-T Loss 0.0734  
Epoch 115 |  Time(s) 0.0125 | RobustPrompt-T Loss 0.0723  
Epoch 116 |  Time(s) 0.0124 | RobustPrompt-T Loss 0.0703  
Epoch 117 |  Time(s) 0.0126 | RobustPrompt-T Loss 0.0691  
Epoch 118 |  Time(s) 0.0123 | RobustPrompt-T Loss 0.0680  
Epoch 119 |  Time(s) 0.0129 | RobustPrompt-T Loss 0.0681  
Epoch 120 |  Time(s) 0.0118 | RobustPrompt-T Loss 0.0673  
Epoch 121 |  Time(s) 0.0119 | RobustPrompt-T Loss 0.0670  
Epoch 122 |  Time(s) 0.0127 | RobustPrompt-T Loss 0.0645  
Epoch 123 |  Time(s) 0.0124 | RobustPrompt-T Loss 0.0647  
Epoch 124 |  Time(s) 0.0123 | RobustPrompt-T Loss 0.0648  
Epoch 125 |  Time(s) 0.0123 | RobustPrompt-T Loss 0.0629  
Epoch 126 |  Time(s) 0.0124 | RobustPrompt-T Loss 0.0624  
Epoch 127 |  Time(s) 0.0121 | RobustPrompt-T Loss 0.0613  
Epoch 128 |  Time(s) 0.0121 | RobustPrompt-T Loss 0.0602  
Epoch 129 |  Time(s) 0.0123 | RobustPrompt-T Loss 0.0594  
Epoch 130 |  Time(s) 0.0121 | RobustPrompt-T Loss 0.0588  
Epoch 131 |  Time(s) 0.0122 | RobustPrompt-T Loss 0.0592  
Epoch 132 |  Time(s) 0.0124 | RobustPrompt-T Loss 0.0593  
Epoch 133 |  Time(s) 0.0123 | RobustPrompt-T Loss 0.0582  
Epoch 134 |  Time(s) 0.0119 | RobustPrompt-T Loss 0.0588  
Epoch 135 |  Time(s) 0.0121 | RobustPrompt-T Loss 0.0568  
Epoch 136 |  Time(s) 0.0124 | RobustPrompt-T Loss 0.0559  
Epoch 137 |  Time(s) 0.0119 | RobustPrompt-T Loss 0.0553  
Epoch 138 |  Time(s) 0.0120 | RobustPrompt-T Loss 0.0554  
Epoch 139 |  Time(s) 0.0120 | RobustPrompt-T Loss 0.0538  
Epoch 140 |  Time(s) 0.0123 | RobustPrompt-T Loss 0.0543  
Epoch 141 |  Time(s) 0.0123 | RobustPrompt-T Loss 0.0539  
Epoch 142 |  Time(s) 0.0124 | RobustPrompt-T Loss 0.0528  
Epoch 143 |  Time(s) 0.0123 | RobustPrompt-T Loss 0.0538  
Epoch 144 |  Time(s) 0.0125 | RobustPrompt-T Loss 0.0529  
Epoch 145 |  Time(s) 0.0119 | RobustPrompt-T Loss 0.0527  
Epoch 146 |  Time(s) 0.0119 | RobustPrompt-T Loss 0.0525  
Epoch 147 |  Time(s) 0.0124 | RobustPrompt-T Loss 0.0514  
Epoch 148 |  Time(s) 0.0123 | RobustPrompt-T Loss 0.0509  
Epoch 149 |  Time(s) 0.0129 | RobustPrompt-T Loss 0.0501  
Epoch 150 |  Time(s) 0.0125 | RobustPrompt-T Loss 0.0499  
Epoch 151 |  Time(s) 0.0118 | RobustPrompt-T Loss 0.0499  
Epoch 152 |  Time(s) 0.0129 | RobustPrompt-T Loss 0.0488  
Epoch 153 |  Time(s) 0.0131 | RobustPrompt-T Loss 0.0513  
Epoch 154 |  Time(s) 0.0131 | RobustPrompt-T Loss 0.0520  
Epoch 155 |  Time(s) 0.0127 | RobustPrompt-T Loss 0.0483  
Epoch 156 |  Time(s) 0.0124 | RobustPrompt-T Loss 0.0517  
Epoch 157 |  Time(s) 0.0124 | RobustPrompt-T Loss 0.0537  
Epoch 158 |  Time(s) 0.0122 | RobustPrompt-T Loss 0.0491  
Epoch 159 |  Time(s) 0.0120 | RobustPrompt-T Loss 0.0507  
Epoch 160 |  Time(s) 0.0119 | RobustPrompt-T Loss 0.0520  
Epoch 161 |  Time(s) 0.0122 | RobustPrompt-T Loss 0.0464  
Epoch 162 |  Time(s) 0.0120 | RobustPrompt-T Loss 0.0533  
Epoch 163 |  Time(s) 0.0123 | RobustPrompt-T Loss 0.0547  
Epoch 164 |  Time(s) 0.0122 | RobustPrompt-T Loss 0.0447  
Epoch 165 |  Time(s) 0.0122 | RobustPrompt-T Loss 0.0520  
Epoch 166 |  Time(s) 0.0123 | RobustPrompt-T Loss 0.0479  
Epoch 167 |  Time(s) 0.0121 | RobustPrompt-T Loss 0.0466  
Epoch 168 |  Time(s) 0.0123 | RobustPrompt-T Loss 0.0479  
Epoch 169 |  Time(s) 0.0122 | RobustPrompt-T Loss 0.0443  
Epoch 170 |  Time(s) 0.0120 | RobustPrompt-T Loss 0.0454  
Epoch 171 |  Time(s) 0.0123 | RobustPrompt-T Loss 0.0433  
Epoch 172 |  Time(s) 0.0123 | RobustPrompt-T Loss 0.0451  
Epoch 173 |  Time(s) 0.0121 | RobustPrompt-T Loss 0.0427  
Epoch 174 |  Time(s) 0.0124 | RobustPrompt-T Loss 0.0435  
Epoch 175 |  Time(s) 0.0123 | RobustPrompt-T Loss 0.0419  
Epoch 176 |  Time(s) 0.0121 | RobustPrompt-T Loss 0.0425  
Epoch 177 |  Time(s) 0.0120 | RobustPrompt-T Loss 0.0426  
Epoch 178 |  Time(s) 0.0122 | RobustPrompt-T Loss 0.0417  
Epoch 179 |  Time(s) 0.0123 | RobustPrompt-T Loss 0.0430  
Epoch 180 |  Time(s) 0.0125 | RobustPrompt-T Loss 0.0418  
Epoch 181 |  Time(s) 0.0119 | RobustPrompt-T Loss 0.0417  
Epoch 182 |  Time(s) 0.0123 | RobustPrompt-T Loss 0.0429  
Epoch 183 |  Time(s) 0.0123 | RobustPrompt-T Loss 0.0412  
Epoch 184 |  Time(s) 0.0124 | RobustPrompt-T Loss 0.0442  
Epoch 185 |  Time(s) 0.0124 | RobustPrompt-T Loss 0.0417  
Epoch 186 |  Time(s) 0.0129 | RobustPrompt-T Loss 0.0432  
Epoch 187 |  Time(s) 0.0128 | RobustPrompt-T Loss 0.0437  
Epoch 188 |  Time(s) 0.0128 | RobustPrompt-T Loss 0.0414  
Epoch 189 |  Time(s) 0.0127 | RobustPrompt-T Loss 0.0420  
Epoch 190 |  Time(s) 0.0125 | RobustPrompt-T Loss 0.0421  
Epoch 191 |  Time(s) 0.0124 | RobustPrompt-T Loss 0.0416  
Epoch 192 |  Time(s) 0.0126 | RobustPrompt-T Loss 0.0404  
Epoch 193 |  Time(s) 0.0123 | RobustPrompt-T Loss 0.0420  
Epoch 194 |  Time(s) 0.0121 | RobustPrompt-T Loss 0.0409  
Epoch 195 |  Time(s) 0.0120 | RobustPrompt-T Loss 0.0402  
Epoch 196 |  Time(s) 0.0121 | RobustPrompt-T Loss 0.0415  
Epoch 197 |  Time(s) 0.0122 | RobustPrompt-T Loss 0.0414  
Epoch 198 |  Time(s) 0.0123 | RobustPrompt-T Loss 0.0413  
Epoch 199 |  Time(s) 0.0120 | RobustPrompt-T Loss 0.0395  
Epoch 200 |  Time(s) 0.0123 | RobustPrompt-T Loss 0.0396  
Final True Accuracy: 0.1333 | Macro F1 Score: 0.1649
Edge Detection Detail | source=filter_module | active=0 | n_edges=5571 | n_pos=312 | n_neg=5259 | pos_rate=0.0560 | pred_pos=5474 | pred_pos_rate=0.9826 | tp=312 | fp=5162 | fn=0 | tn=97 | precision=0.0570 | recall=1.0000 | f1=0.1078 | auc=0.8612 | ap=0.2613 | best_f1=0.4279 | best_threshold=1.0000 | best_precision=0.2969 | best_recall=0.7660 | best_pred_pos_rate=0.1445 | precision_at_k_pos=0.3750 | recall_at_k_pos=0.3750 | all_positive_f1=0.1061 | current_f1_minus_all_positive_f1=0.0018 | hard_mask_all_positive_like=0 | mode=original
Edge Detection Detail | source=tau_tune | active=1 | n_edges=5571 | n_pos=312 | n_neg=5259 | pos_rate=0.0560 | pred_pos=41 | pred_pos_rate=0.0074 | tp=22 | fp=19 | fn=290 | tn=5240 | precision=0.5366 | recall=0.0705 | f1=0.1246 | auc=0.7556 | ap=0.2061 | best_f1=0.2496 | best_threshold=0.2038 | best_precision=0.2219 | best_recall=0.2853 | best_pred_pos_rate=0.0720 | precision_at_k_pos=0.2340 | recall_at_k_pos=0.2340 | all_positive_f1=0.1061 | current_f1_minus_all_positive_f1=0.0186 | hard_mask_all_positive_like=0
Tip Detection | tip=sim_pt | active=1 | node_precision=0.1319 | node_recall=0.3761 | node_f1=0.1953 | edge_precision=0.0772 | edge_recall=0.9968 | edge_f1=0.1433 | edge_auc=0.6450 | node_tp=88 | node_fp=579 | node_fn=146 | edge_tp=311 | edge_fp=3717 | edge_fn=1
Edge Detection Detail | source=sim_pt | active=1 | n_edges=5571 | n_pos=312 | n_neg=5259 | pos_rate=0.0560 | pred_pos=4028 | pred_pos_rate=0.7230 | tp=311 | fp=3717 | fn=1 | tn=1542 | precision=0.0772 | recall=0.9968 | f1=0.1433 | auc=0.6450 | ap=0.0771 | best_f1=nan | best_threshold=nan | best_precision=nan | best_recall=nan | best_pred_pos_rate=nan | precision_at_k_pos=nan | recall_at_k_pos=nan | all_positive_f1=0.1061 | current_f1_minus_all_positive_f1=0.0372 | hard_mask_all_positive_like=0
Tip Detection | tip=degree_pt | active=1 | node_precision=0.0000 | node_recall=0.0000 | node_f1=0.0000 | edge_precision=0.0000 | edge_recall=0.0000 | edge_f1=0.0000 | edge_auc=0.5000 | node_tp=0 | node_fp=0 | node_fn=234 | edge_tp=0 | edge_fp=0 | edge_fn=312
Edge Detection Detail | source=degree_pt | active=1 | n_edges=5571 | n_pos=312 | n_neg=5259 | pos_rate=0.0560 | pred_pos=0 | pred_pos_rate=0.0000 | tp=0 | fp=0 | fn=312 | tn=5259 | precision=0.0000 | recall=0.0000 | f1=0.0000 | auc=0.5000 | ap=0.0560 | best_f1=nan | best_threshold=nan | best_precision=nan | best_recall=nan | best_pred_pos_rate=nan | precision_at_k_pos=nan | recall_at_k_pos=nan | all_positive_f1=0.1061 | current_f1_minus_all_positive_f1=-0.1061 | hard_mask_all_positive_like=0
Tip Detection | tip=out_detect_pt | active=0 | node_precision=0.0000 | node_recall=0.0000 | node_f1=0.0000 | edge_precision=0.0000 | edge_recall=0.0000 | edge_f1=0.0000 | edge_auc=0.5000 | node_tp=0 | node_fp=0 | node_fn=234 | edge_tp=0 | edge_fp=0 | edge_fn=312
Edge Detection Detail | source=out_detect_pt | active=0 | n_edges=5571 | n_pos=312 | n_neg=5259 | pos_rate=0.0560 | pred_pos=0 | pred_pos_rate=0.0000 | tp=0 | fp=0 | fn=312 | tn=5259 | precision=0.0000 | recall=0.0000 | f1=0.0000 | auc=0.8612 | ap=0.2613 | best_f1=0.4279 | best_threshold=1.0000 | best_precision=0.2969 | best_recall=0.7660 | best_pred_pos_rate=0.1445 | precision_at_k_pos=0.3750 | recall_at_k_pos=0.3750 | all_positive_f1=0.1061 | current_f1_minus_all_positive_f1=-0.1061 | hard_mask_all_positive_like=0
best_loss [tensor(0.0396, device='cuda:0', grad_fn=<AddBackward0>)]
load LLC or attacked data with specified split
Successfully loaded the attack of dataname with few shot 5, split 1
Attack method : Meta_Self | Attack ptb : 0.05 | Dataset: Cora
======================
Number of graphs: 1
Number of features: 1433
Number of classes: 7

Data(x=[2708, 1433], edge_index=[2, 13850], y=[2708], train_mask=[2708], val_mask=[2708], test_mask=[2708])
===========================================================================================================
Number of nodes: 2708
Number of edges: 13850
Average node degree: 5.11
Has isolated nodes: False
Has self-loops: True
Is undirected: True
Pollution Diff | added_edges=312 | deleted_edges=19 | clean_edges=5278 | attack_edges=5571
GCN(
  (conv_layers): ModuleList(
    (0): GCNConv(1433, 256)
    (1): GCNConv(256, 256)
  )
)
Successfully loaded pre-trained weights!
use RobustPrompt Tranductive
defense pt dict :  {'sim_pt': 0.3, 'degree_pt': 1, 'out_detect_pt': -1.0, 'other_pt': 'all'}
use_attention :  False
cosine_constraint :  True
pt_threshold :  0.5
filter_module :  OriginalFilter
temperature :  1.0
weight_mse 0.1
weight_kl :  0.3
weight_constraint :  0.2
run RobustPrompt-T
Epoch 001 |  Time(s) 0.0127 | RobustPrompt-T Loss 1.9476  
Epoch 002 |  Time(s) 0.0122 | RobustPrompt-T Loss 1.9414  
Epoch 003 |  Time(s) 0.0118 | RobustPrompt-T Loss 1.9279  
Epoch 004 |  Time(s) 0.0126 | RobustPrompt-T Loss 1.9129  
Epoch 005 |  Time(s) 0.0125 | RobustPrompt-T Loss 1.8879  
Epoch 006 |  Time(s) 0.0126 | RobustPrompt-T Loss 1.8685  
Epoch 007 |  Time(s) 0.0123 | RobustPrompt-T Loss 1.8672  
Epoch 008 |  Time(s) 0.0125 | RobustPrompt-T Loss 1.8561  
Epoch 009 |  Time(s) 0.0128 | RobustPrompt-T Loss 1.9066  
Epoch 010 |  Time(s) 0.0125 | RobustPrompt-T Loss 1.8283  
Epoch 011 |  Time(s) 0.0124 | RobustPrompt-T Loss 1.8411  
Epoch 012 |  Time(s) 0.0125 | RobustPrompt-T Loss 1.8343  
Epoch 013 |  Time(s) 0.0124 | RobustPrompt-T Loss 1.8118  
Epoch 014 |  Time(s) 0.0123 | RobustPrompt-T Loss 1.8610  
Epoch 015 |  Time(s) 0.0122 | RobustPrompt-T Loss 1.8853  
Epoch 016 |  Time(s) 0.0122 | RobustPrompt-T Loss 1.8294  
Epoch 017 |  Time(s) 0.0125 | RobustPrompt-T Loss 1.8010  
Epoch 018 |  Time(s) 0.0123 | RobustPrompt-T Loss 1.8420  
Epoch 019 |  Time(s) 0.0122 | RobustPrompt-T Loss 1.8224  
Epoch 020 |  Time(s) 0.0125 | RobustPrompt-T Loss 1.7939  
Epoch 021 |  Time(s) 0.0120 | RobustPrompt-T Loss 1.7763  
Epoch 022 |  Time(s) 0.0125 | RobustPrompt-T Loss 1.7914  
Epoch 023 |  Time(s) 0.0125 | RobustPrompt-T Loss 1.7826  
Epoch 024 |  Time(s) 0.0122 | RobustPrompt-T Loss 1.7436  
Epoch 025 |  Time(s) 0.0124 | RobustPrompt-T Loss 1.7201  
Epoch 026 |  Time(s) 0.0120 | RobustPrompt-T Loss 1.6869  
Epoch 027 |  Time(s) 0.0121 | RobustPrompt-T Loss 1.7143  
Epoch 028 |  Time(s) 0.0122 | RobustPrompt-T Loss 1.7652  
Epoch 029 |  Time(s) 0.0122 | RobustPrompt-T Loss 1.6918  
Epoch 030 |  Time(s) 0.0123 | RobustPrompt-T Loss 1.6085  
Epoch 031 |  Time(s) 0.0125 | RobustPrompt-T Loss 1.5975  
Epoch 032 |  Time(s) 0.0124 | RobustPrompt-T Loss 1.5506  
Epoch 033 |  Time(s) 0.0126 | RobustPrompt-T Loss 1.5578  
Epoch 034 |  Time(s) 0.0132 | RobustPrompt-T Loss 1.5152  
Epoch 035 |  Time(s) 0.0129 | RobustPrompt-T Loss 1.4844  
Epoch 036 |  Time(s) 0.0126 | RobustPrompt-T Loss 1.4968  
Epoch 037 |  Time(s) 0.0125 | RobustPrompt-T Loss 1.5432  
Epoch 038 |  Time(s) 0.0125 | RobustPrompt-T Loss 1.5781  
Epoch 039 |  Time(s) 0.0124 | RobustPrompt-T Loss 1.4489  
Epoch 040 |  Time(s) 0.0124 | RobustPrompt-T Loss 1.4888  
Epoch 041 |  Time(s) 0.0121 | RobustPrompt-T Loss 1.3688  
Epoch 042 |  Time(s) 0.0121 | RobustPrompt-T Loss 1.4277  
Epoch 043 |  Time(s) 0.0121 | RobustPrompt-T Loss 1.2935  
Epoch 044 |  Time(s) 0.0121 | RobustPrompt-T Loss 1.3606  
Epoch 045 |  Time(s) 0.0126 | RobustPrompt-T Loss 1.2966  
Epoch 046 |  Time(s) 0.0121 | RobustPrompt-T Loss 1.2735  
Epoch 047 |  Time(s) 0.0122 | RobustPrompt-T Loss 1.2281  
Epoch 048 |  Time(s) 0.0119 | RobustPrompt-T Loss 1.2321  
Epoch 049 |  Time(s) 0.0123 | RobustPrompt-T Loss 1.2016  
Epoch 050 |  Time(s) 0.0123 | RobustPrompt-T Loss 1.1709  
Epoch 051 |  Time(s) 0.0122 | RobustPrompt-T Loss 1.1356  
Epoch 052 |  Time(s) 0.0122 | RobustPrompt-T Loss 1.1341  
Epoch 053 |  Time(s) 0.0122 | RobustPrompt-T Loss 1.1305  
Epoch 054 |  Time(s) 0.0122 | RobustPrompt-T Loss 1.0879  
Epoch 055 |  Time(s) 0.0128 | RobustPrompt-T Loss 1.0657  
Epoch 056 |  Time(s) 0.0129 | RobustPrompt-T Loss 1.0361  
Epoch 057 |  Time(s) 0.0123 | RobustPrompt-T Loss 1.0172  
Epoch 058 |  Time(s) 0.0121 | RobustPrompt-T Loss 0.9974  
Epoch 059 |  Time(s) 0.0118 | RobustPrompt-T Loss 0.9462  
Epoch 060 |  Time(s) 0.0119 | RobustPrompt-T Loss 0.9336  
Epoch 061 |  Time(s) 0.0131 | RobustPrompt-T Loss 0.9206  
Epoch 062 |  Time(s) 0.0130 | RobustPrompt-T Loss 0.8549  
Epoch 063 |  Time(s) 0.0132 | RobustPrompt-T Loss 0.8380  
Epoch 064 |  Time(s) 0.0118 | RobustPrompt-T Loss 0.7930  
Epoch 065 |  Time(s) 0.0119 | RobustPrompt-T Loss 0.7613  
Epoch 066 |  Time(s) 0.0117 | RobustPrompt-T Loss 0.7453  
Epoch 067 |  Time(s) 0.0117 | RobustPrompt-T Loss 0.7070  
Epoch 068 |  Time(s) 0.0122 | RobustPrompt-T Loss 0.7012  
Epoch 069 |  Time(s) 0.0123 | RobustPrompt-T Loss 0.6647  
Epoch 070 |  Time(s) 0.0122 | RobustPrompt-T Loss 0.6170  
Epoch 071 |  Time(s) 0.0124 | RobustPrompt-T Loss 0.6035  
Epoch 072 |  Time(s) 0.0122 | RobustPrompt-T Loss 0.6001  
Epoch 073 |  Time(s) 0.0121 | RobustPrompt-T Loss 0.5584  
Epoch 074 |  Time(s) 0.0123 | RobustPrompt-T Loss 0.5214  
Epoch 075 |  Time(s) 0.0121 | RobustPrompt-T Loss 0.4980  
Epoch 076 |  Time(s) 0.0124 | RobustPrompt-T Loss 0.4799  
Epoch 077 |  Time(s) 0.0122 | RobustPrompt-T Loss 0.4514  
Epoch 078 |  Time(s) 0.0117 | RobustPrompt-T Loss 0.4332  
Epoch 079 |  Time(s) 0.0117 | RobustPrompt-T Loss 0.4114  
Epoch 080 |  Time(s) 0.0122 | RobustPrompt-T Loss 0.3850  
Epoch 081 |  Time(s) 0.0121 | RobustPrompt-T Loss 0.3718  
Epoch 082 |  Time(s) 0.0122 | RobustPrompt-T Loss 0.3517  
Epoch 083 |  Time(s) 0.0120 | RobustPrompt-T Loss 0.3313  
Epoch 084 |  Time(s) 0.0137 | RobustPrompt-T Loss 0.3208  
Epoch 085 |  Time(s) 0.0120 | RobustPrompt-T Loss 0.3034  
Epoch 086 |  Time(s) 0.0128 | RobustPrompt-T Loss 0.2900  
Epoch 087 |  Time(s) 0.0128 | RobustPrompt-T Loss 0.2766  
Epoch 088 |  Time(s) 0.0133 | RobustPrompt-T Loss 0.2598  
Epoch 089 |  Time(s) 0.0125 | RobustPrompt-T Loss 0.2573  
Epoch 090 |  Time(s) 0.0125 | RobustPrompt-T Loss 0.2281  
Epoch 091 |  Time(s) 0.0126 | RobustPrompt-T Loss 0.2184  
Epoch 092 |  Time(s) 0.0126 | RobustPrompt-T Loss 0.1864  
Epoch 093 |  Time(s) 0.0127 | RobustPrompt-T Loss 0.1779  
Epoch 094 |  Time(s) 0.0125 | RobustPrompt-T Loss 0.1678  
Epoch 095 |  Time(s) 0.0127 | RobustPrompt-T Loss 0.1571  
Epoch 096 |  Time(s) 0.0127 | RobustPrompt-T Loss 0.1442  
Epoch 097 |  Time(s) 0.0127 | RobustPrompt-T Loss 0.1374  
Epoch 098 |  Time(s) 0.0124 | RobustPrompt-T Loss 0.1257  
Epoch 099 |  Time(s) 0.0121 | RobustPrompt-T Loss 0.1237  
Epoch 100 |  Time(s) 0.0121 | RobustPrompt-T Loss 0.1153  
Epoch 101 |  Time(s) 0.0123 | RobustPrompt-T Loss 0.1127  
Epoch 102 |  Time(s) 0.0123 | RobustPrompt-T Loss 0.1040  
Epoch 103 |  Time(s) 0.0121 | RobustPrompt-T Loss 0.0987  
Epoch 104 |  Time(s) 0.0121 | RobustPrompt-T Loss 0.0998  
Epoch 105 |  Time(s) 0.0126 | RobustPrompt-T Loss 0.0934  
Epoch 106 |  Time(s) 0.0121 | RobustPrompt-T Loss 0.0920  
Epoch 107 |  Time(s) 0.0122 | RobustPrompt-T Loss 0.0853  
Epoch 108 |  Time(s) 0.0125 | RobustPrompt-T Loss 0.0857  
Epoch 109 |  Time(s) 0.0124 | RobustPrompt-T Loss 0.0807  
Epoch 110 |  Time(s) 0.0126 | RobustPrompt-T Loss 0.0835  
Epoch 111 |  Time(s) 0.0124 | RobustPrompt-T Loss 0.0780  
Epoch 112 |  Time(s) 0.0122 | RobustPrompt-T Loss 0.0793  
Epoch 113 |  Time(s) 0.0125 | RobustPrompt-T Loss 0.0737  
Epoch 114 |  Time(s) 0.0124 | RobustPrompt-T Loss 0.0767  
Epoch 115 |  Time(s) 0.0125 | RobustPrompt-T Loss 0.0696  
Epoch 116 |  Time(s) 0.0123 | RobustPrompt-T Loss 0.0772  
Epoch 117 |  Time(s) 0.0122 | RobustPrompt-T Loss 0.0693  
Epoch 118 |  Time(s) 0.0125 | RobustPrompt-T Loss 0.0740  
Epoch 119 |  Time(s) 0.0124 | RobustPrompt-T Loss 0.0655  
Epoch 120 |  Time(s) 0.0125 | RobustPrompt-T Loss 0.0665  
Epoch 121 |  Time(s) 0.0123 | RobustPrompt-T Loss 0.0712  
Epoch 122 |  Time(s) 0.0126 | RobustPrompt-T Loss 0.0684  
Epoch 123 |  Time(s) 0.0125 | RobustPrompt-T Loss 0.0760  
Epoch 124 |  Time(s) 0.0126 | RobustPrompt-T Loss 0.0640  
Epoch 125 |  Time(s) 0.0124 | RobustPrompt-T Loss 0.0608  
Epoch 126 |  Time(s) 0.0122 | RobustPrompt-T Loss 0.0732  
Epoch 127 |  Time(s) 0.0125 | RobustPrompt-T Loss 0.0772  
Epoch 128 |  Time(s) 0.0123 | RobustPrompt-T Loss 0.0798  
Epoch 129 |  Time(s) 0.0128 | RobustPrompt-T Loss 0.0617  
Epoch 130 |  Time(s) 0.0123 | RobustPrompt-T Loss 0.0602  
Epoch 131 |  Time(s) 0.0126 | RobustPrompt-T Loss 0.0723  
Epoch 132 |  Time(s) 0.0131 | RobustPrompt-T Loss 0.0572  
Epoch 133 |  Time(s) 0.0130 | RobustPrompt-T Loss 0.0568  
Epoch 134 |  Time(s) 0.0130 | RobustPrompt-T Loss 0.0663  
Epoch 135 |  Time(s) 0.0129 | RobustPrompt-T Loss 0.0532  
Epoch 136 |  Time(s) 0.0125 | RobustPrompt-T Loss 0.0537  
Epoch 137 |  Time(s) 0.0127 | RobustPrompt-T Loss 0.0609  
Epoch 138 |  Time(s) 0.0128 | RobustPrompt-T Loss 0.0541  
Epoch 139 |  Time(s) 0.0130 | RobustPrompt-T Loss 0.0543  
Epoch 140 |  Time(s) 0.0123 | RobustPrompt-T Loss 0.0580  
Epoch 141 |  Time(s) 0.0123 | RobustPrompt-T Loss 0.0539  
Epoch 142 |  Time(s) 0.0126 | RobustPrompt-T Loss 0.0517  
Epoch 143 |  Time(s) 0.0123 | RobustPrompt-T Loss 0.0527  
Epoch 144 |  Time(s) 0.0127 | RobustPrompt-T Loss 0.0526  
Epoch 145 |  Time(s) 0.0122 | RobustPrompt-T Loss 0.0528  
Epoch 146 |  Time(s) 0.0122 | RobustPrompt-T Loss 0.0529  
Epoch 147 |  Time(s) 0.0125 | RobustPrompt-T Loss 0.0529  
Epoch 148 |  Time(s) 0.0123 | RobustPrompt-T Loss 0.0614  
Epoch 149 |  Time(s) 0.0123 | RobustPrompt-T Loss 0.0546  
Epoch 150 |  Time(s) 0.0125 | RobustPrompt-T Loss 0.0582  
Epoch 151 |  Time(s) 0.0124 | RobustPrompt-T Loss 0.0519  
Epoch 152 |  Time(s) 0.0126 | RobustPrompt-T Loss 0.0572  
Epoch 153 |  Time(s) 0.0123 | RobustPrompt-T Loss 0.0519  
Epoch 154 |  Time(s) 0.0121 | RobustPrompt-T Loss 0.0509  
Epoch 155 |  Time(s) 0.0125 | RobustPrompt-T Loss 0.0496  
Epoch 156 |  Time(s) 0.0124 | RobustPrompt-T Loss 0.0496  
Epoch 157 |  Time(s) 0.0122 | RobustPrompt-T Loss 0.0462  
Epoch 158 |  Time(s) 0.0125 | RobustPrompt-T Loss 0.0565  
Epoch 159 |  Time(s) 0.0123 | RobustPrompt-T Loss 0.0549  
Epoch 160 |  Time(s) 0.0126 | RobustPrompt-T Loss 0.0584  
Epoch 161 |  Time(s) 0.0123 | RobustPrompt-T Loss 0.0479  
Epoch 162 |  Time(s) 0.0124 | RobustPrompt-T Loss 0.0464  
Epoch 163 |  Time(s) 0.0124 | RobustPrompt-T Loss 0.0481  
Epoch 164 |  Time(s) 0.0123 | RobustPrompt-T Loss 0.0453  
Epoch 165 |  Time(s) 0.0123 | RobustPrompt-T Loss 0.0448  
Epoch 166 |  Time(s) 0.0124 | RobustPrompt-T Loss 0.0481  
Epoch 167 |  Time(s) 0.0123 | RobustPrompt-T Loss 0.0434  
Epoch 168 |  Time(s) 0.0121 | RobustPrompt-T Loss 0.0437  
Epoch 169 |  Time(s) 0.0126 | RobustPrompt-T Loss 0.0568  
Epoch 170 |  Time(s) 0.0123 | RobustPrompt-T Loss 0.0570  
Epoch 171 |  Time(s) 0.0125 | RobustPrompt-T Loss 0.0631  
Epoch 172 |  Time(s) 0.0124 | RobustPrompt-T Loss 0.0469  
Epoch 173 |  Time(s) 0.0123 | RobustPrompt-T Loss 0.0423  
Epoch 174 |  Time(s) 0.0125 | RobustPrompt-T Loss 0.0500  
Epoch 175 |  Time(s) 0.0124 | RobustPrompt-T Loss 0.0443  
Epoch 176 |  Time(s) 0.0122 | RobustPrompt-T Loss 0.0442  
Epoch 177 |  Time(s) 0.0125 | RobustPrompt-T Loss 0.0414  
Epoch 178 |  Time(s) 0.0123 | RobustPrompt-T Loss 0.0561  
Epoch 179 |  Time(s) 0.0126 | RobustPrompt-T Loss 0.0533  
Epoch 180 |  Time(s) 0.0123 | RobustPrompt-T Loss 0.0625  
Epoch 181 |  Time(s) 0.0126 | RobustPrompt-T Loss 0.0439  
Epoch 182 |  Time(s) 0.0123 | RobustPrompt-T Loss 0.0417  
Epoch 183 |  Time(s) 0.0122 | RobustPrompt-T Loss 0.0534  
Epoch 184 |  Time(s) 0.0126 | RobustPrompt-T Loss 0.0396  
Epoch 185 |  Time(s) 0.0123 | RobustPrompt-T Loss 0.0405  
Epoch 186 |  Time(s) 0.0122 | RobustPrompt-T Loss 0.0477  
Epoch 187 |  Time(s) 0.0126 | RobustPrompt-T Loss 0.0374  
Epoch 188 |  Time(s) 0.0123 | RobustPrompt-T Loss 0.0404  
Epoch 189 |  Time(s) 0.0126 | RobustPrompt-T Loss 0.0405  
Epoch 190 |  Time(s) 0.0123 | RobustPrompt-T Loss 0.0571  
Epoch 191 |  Time(s) 0.0123 | RobustPrompt-T Loss 0.0995  
Epoch 192 |  Time(s) 0.0126 | RobustPrompt-T Loss 0.1052  
Epoch 193 |  Time(s) 0.0122 | RobustPrompt-T Loss 0.0448  
Epoch 194 |  Time(s) 0.0126 | RobustPrompt-T Loss 0.0859  
Epoch 195 |  Time(s) 0.0123 | RobustPrompt-T Loss 0.1873  
Epoch 196 |  Time(s) 0.0122 | RobustPrompt-T Loss 0.0594  
Epoch 197 |  Time(s) 0.0126 | RobustPrompt-T Loss 0.2025  
Epoch 198 |  Time(s) 0.0122 | RobustPrompt-T Loss 0.0965  
Epoch 199 |  Time(s) 0.0126 | RobustPrompt-T Loss 0.1671  
Epoch 200 |  Time(s) 0.0126 | RobustPrompt-T Loss 0.1506  
Final True Accuracy: 0.1931 | Macro F1 Score: 0.2044
Edge Detection Detail | source=filter_module | active=0 | n_edges=5571 | n_pos=312 | n_neg=5259 | pos_rate=0.0560 | pred_pos=5474 | pred_pos_rate=0.9826 | tp=312 | fp=5162 | fn=0 | tn=97 | precision=0.0570 | recall=1.0000 | f1=0.1078 | auc=0.8612 | ap=0.2613 | best_f1=0.4279 | best_threshold=1.0000 | best_precision=0.2969 | best_recall=0.7660 | best_pred_pos_rate=0.1445 | precision_at_k_pos=0.3750 | recall_at_k_pos=0.3750 | all_positive_f1=0.1061 | current_f1_minus_all_positive_f1=0.0018 | hard_mask_all_positive_like=0 | mode=original
Edge Detection Detail | source=tau_tune | active=1 | n_edges=5571 | n_pos=312 | n_neg=5259 | pos_rate=0.0560 | pred_pos=26 | pred_pos_rate=0.0047 | tp=19 | fp=7 | fn=293 | tn=5252 | precision=0.7308 | recall=0.0609 | f1=0.1124 | auc=0.7860 | ap=0.2555 | best_f1=0.3125 | best_threshold=0.1476 | best_precision=0.2632 | best_recall=0.3846 | best_pred_pos_rate=0.0819 | precision_at_k_pos=0.2885 | recall_at_k_pos=0.2885 | all_positive_f1=0.1061 | current_f1_minus_all_positive_f1=0.0064 | hard_mask_all_positive_like=0
Tip Detection | tip=sim_pt | active=1 | node_precision=0.1319 | node_recall=0.3761 | node_f1=0.1953 | edge_precision=0.0772 | edge_recall=0.9968 | edge_f1=0.1433 | edge_auc=0.6450 | node_tp=88 | node_fp=579 | node_fn=146 | edge_tp=311 | edge_fp=3717 | edge_fn=1
Edge Detection Detail | source=sim_pt | active=1 | n_edges=5571 | n_pos=312 | n_neg=5259 | pos_rate=0.0560 | pred_pos=4028 | pred_pos_rate=0.7230 | tp=311 | fp=3717 | fn=1 | tn=1542 | precision=0.0772 | recall=0.9968 | f1=0.1433 | auc=0.6450 | ap=0.0771 | best_f1=nan | best_threshold=nan | best_precision=nan | best_recall=nan | best_pred_pos_rate=nan | precision_at_k_pos=nan | recall_at_k_pos=nan | all_positive_f1=0.1061 | current_f1_minus_all_positive_f1=0.0372 | hard_mask_all_positive_like=0
Tip Detection | tip=degree_pt | active=1 | node_precision=0.0000 | node_recall=0.0000 | node_f1=0.0000 | edge_precision=0.0000 | edge_recall=0.0000 | edge_f1=0.0000 | edge_auc=0.5000 | node_tp=0 | node_fp=0 | node_fn=234 | edge_tp=0 | edge_fp=0 | edge_fn=312
Edge Detection Detail | source=degree_pt | active=1 | n_edges=5571 | n_pos=312 | n_neg=5259 | pos_rate=0.0560 | pred_pos=0 | pred_pos_rate=0.0000 | tp=0 | fp=0 | fn=312 | tn=5259 | precision=0.0000 | recall=0.0000 | f1=0.0000 | auc=0.5000 | ap=0.0560 | best_f1=nan | best_threshold=nan | best_precision=nan | best_recall=nan | best_pred_pos_rate=nan | precision_at_k_pos=nan | recall_at_k_pos=nan | all_positive_f1=0.1061 | current_f1_minus_all_positive_f1=-0.1061 | hard_mask_all_positive_like=0
Tip Detection | tip=out_detect_pt | active=0 | node_precision=0.0000 | node_recall=0.0000 | node_f1=0.0000 | edge_precision=0.0000 | edge_recall=0.0000 | edge_f1=0.0000 | edge_auc=0.5000 | node_tp=0 | node_fp=0 | node_fn=234 | edge_tp=0 | edge_fp=0 | edge_fn=312
Edge Detection Detail | source=out_detect_pt | active=0 | n_edges=5571 | n_pos=312 | n_neg=5259 | pos_rate=0.0560 | pred_pos=0 | pred_pos_rate=0.0000 | tp=0 | fp=0 | fn=312 | tn=5259 | precision=0.0000 | recall=0.0000 | f1=0.0000 | auc=0.8612 | ap=0.2613 | best_f1=0.4279 | best_threshold=1.0000 | best_precision=0.2969 | best_recall=0.7660 | best_pred_pos_rate=0.1445 | precision_at_k_pos=0.3750 | recall_at_k_pos=0.3750 | all_positive_f1=0.1061 | current_f1_minus_all_positive_f1=-0.1061 | hard_mask_all_positive_like=0
best_loss [tensor(0.1506, device='cuda:0', grad_fn=<AddBackward0>)]
{1: {1: 0.13787375390529633}, 2: {1: 0.18397009372711182}, 3: {1: 0.14659468829631805}, 4: {1: 0.1333056539297104}, 5: {1: 0.19310630857944489}}
{1: {1: 0.13787375390529633, 2: 0.18397009372711182, 3: 0.14659468829631805, 4: 0.1333056539297104, 5: 0.19310630857944489}}
########################################################################################
seed: 1 | split 1 : 0.13787375390529633
# Seed 1 Muti Split Final Acc: 0.1379±0.0000
seed: 2 | split 1 : 0.18397009372711182
# Seed 2 Muti Split Final Acc: 0.1840±0.0000
seed: 3 | split 1 : 0.14659468829631805
# Seed 3 Muti Split Final Acc: 0.1466±0.0000
seed: 4 | split 1 : 0.1333056539297104
# Seed 4 Muti Split Final Acc: 0.1333±0.0000
seed: 5 | split 1 : 0.19310630857944489
# Seed 5 Muti Split Final Acc: 0.1931±0.0000
########################################################################################
split: 1 | seed 1 : 0.13787375390529633
split: 1 | seed 2 : 0.18397009372711182
split: 1 | seed 3 : 0.14659468829631805
split: 1 | seed 4 : 0.1333056539297104
split: 1 | seed 5 : 0.19310630857944489
# Split 1 Muti Seed Acc without min value: 0.1654±0.0236
########################################################################################
