load LLC or attacked data with specified split
Successfully loaded the attack of dataname with few shot 5, split 1
Attack method : Meta_Self | Attack ptb : 0.1 | Dataset: Cora
======================
Number of graphs: 1
Number of features: 1433
Number of classes: 7

Data(x=[2708, 1433], edge_index=[2, 14378], y=[2708], train_mask=[2708], val_mask=[2708], test_mask=[2708])
===========================================================================================================
Number of nodes: 2708
Number of edges: 14378
Average node degree: 5.31
Has isolated nodes: False
Has self-loops: True
Is undirected: True
Pollution Diff | added_edges=610 | deleted_edges=53 | clean_edges=5278 | attack_edges=5835
GCN(
  (conv_layers): ModuleList(
    (0): GCNConv(1433, 256)
    (1): GCNConv(256, 256)
  )
)
Successfully loaded pre-trained weights!
use RobustPrompt Tranductive
defense pt dict :  {'sim_pt': 0.3, 'degree_pt': 1, 'out_detect_pt': 0.5, 'other_pt': 'all'}
use_attention :  False
cosine_constraint :  True
pt_threshold :  0.5
filter_module :  OriginalFilter
temperature :  1.0
weight_mse 0.1
weight_kl :  0.3
weight_constraint :  0.2
run RobustPrompt-T
Epoch 001 |  Time(s) 0.2520 | RobustPrompt-T Loss 1.9496  
Epoch 002 |  Time(s) 0.0132 | RobustPrompt-T Loss 1.9519  
Epoch 003 |  Time(s) 0.0126 | RobustPrompt-T Loss 1.9320  
Epoch 004 |  Time(s) 0.0125 | RobustPrompt-T Loss 1.9225  
Epoch 005 |  Time(s) 0.0125 | RobustPrompt-T Loss 1.9237  
Epoch 006 |  Time(s) 0.0129 | RobustPrompt-T Loss 1.9123  
Epoch 007 |  Time(s) 0.0130 | RobustPrompt-T Loss 1.9025  
Epoch 008 |  Time(s) 0.0130 | RobustPrompt-T Loss 1.8983  
Epoch 009 |  Time(s) 0.0131 | RobustPrompt-T Loss 1.8829  
Epoch 010 |  Time(s) 0.0130 | RobustPrompt-T Loss 1.8711  
Epoch 011 |  Time(s) 0.0129 | RobustPrompt-T Loss 1.8619  
Epoch 012 |  Time(s) 0.0129 | RobustPrompt-T Loss 1.8430  
Epoch 013 |  Time(s) 0.0132 | RobustPrompt-T Loss 1.8174  
Epoch 014 |  Time(s) 0.0129 | RobustPrompt-T Loss 1.8096  
Epoch 015 |  Time(s) 0.0130 | RobustPrompt-T Loss 1.8211  
Epoch 016 |  Time(s) 0.0131 | RobustPrompt-T Loss 1.7854  
Epoch 017 |  Time(s) 0.0130 | RobustPrompt-T Loss 1.7595  
Epoch 018 |  Time(s) 0.0130 | RobustPrompt-T Loss 1.7766  
Epoch 019 |  Time(s) 0.0130 | RobustPrompt-T Loss 1.7509  
Epoch 020 |  Time(s) 0.0132 | RobustPrompt-T Loss 1.7462  
Epoch 021 |  Time(s) 0.0129 | RobustPrompt-T Loss 1.7305  
Epoch 022 |  Time(s) 0.0130 | RobustPrompt-T Loss 1.7218  
Epoch 023 |  Time(s) 0.0131 | RobustPrompt-T Loss 1.7012  
Epoch 024 |  Time(s) 0.0130 | RobustPrompt-T Loss 1.7191  
Epoch 025 |  Time(s) 0.0130 | RobustPrompt-T Loss 1.6931  
Epoch 026 |  Time(s) 0.0129 | RobustPrompt-T Loss 1.6636  
Epoch 027 |  Time(s) 0.0132 | RobustPrompt-T Loss 1.6573  
Epoch 028 |  Time(s) 0.0130 | RobustPrompt-T Loss 1.6302  
Epoch 029 |  Time(s) 0.0131 | RobustPrompt-T Loss 1.5831  
Epoch 030 |  Time(s) 0.0147 | RobustPrompt-T Loss 1.5638  
Epoch 031 |  Time(s) 0.0129 | RobustPrompt-T Loss 1.6151  
Epoch 032 |  Time(s) 0.0131 | RobustPrompt-T Loss 1.5958  
Epoch 033 |  Time(s) 0.0130 | RobustPrompt-T Loss 1.4613  
Epoch 034 |  Time(s) 0.0129 | RobustPrompt-T Loss 1.5196  
Epoch 035 |  Time(s) 0.0129 | RobustPrompt-T Loss 1.5193  
Epoch 036 |  Time(s) 0.0130 | RobustPrompt-T Loss 1.4093  
Epoch 037 |  Time(s) 0.0131 | RobustPrompt-T Loss 1.4607  
Epoch 038 |  Time(s) 0.0131 | RobustPrompt-T Loss 1.3591  
Epoch 039 |  Time(s) 0.0131 | RobustPrompt-T Loss 1.3879  
Epoch 040 |  Time(s) 0.0130 | RobustPrompt-T Loss 1.3142  
Epoch 041 |  Time(s) 0.0131 | RobustPrompt-T Loss 1.3161  
Epoch 042 |  Time(s) 0.0130 | RobustPrompt-T Loss 1.3019  
Epoch 043 |  Time(s) 0.0131 | RobustPrompt-T Loss 1.2643  
Epoch 044 |  Time(s) 0.0130 | RobustPrompt-T Loss 1.2663  
Epoch 045 |  Time(s) 0.0130 | RobustPrompt-T Loss 1.2185  
Epoch 046 |  Time(s) 0.0133 | RobustPrompt-T Loss 1.2041  
Epoch 047 |  Time(s) 0.0130 | RobustPrompt-T Loss 1.1478  
Epoch 048 |  Time(s) 0.0130 | RobustPrompt-T Loss 1.1593  
Epoch 049 |  Time(s) 0.0131 | RobustPrompt-T Loss 1.1315  
Epoch 050 |  Time(s) 0.0131 | RobustPrompt-T Loss 1.0748  
Epoch 051 |  Time(s) 0.0130 | RobustPrompt-T Loss 1.0667  
Epoch 052 |  Time(s) 0.0131 | RobustPrompt-T Loss 1.0616  
Epoch 053 |  Time(s) 0.0131 | RobustPrompt-T Loss 1.0404  
Epoch 054 |  Time(s) 0.0132 | RobustPrompt-T Loss 0.9964  
Epoch 055 |  Time(s) 0.0130 | RobustPrompt-T Loss 0.9743  
Epoch 056 |  Time(s) 0.0133 | RobustPrompt-T Loss 0.9581  
Epoch 057 |  Time(s) 0.0131 | RobustPrompt-T Loss 0.9560  
Epoch 058 |  Time(s) 0.0131 | RobustPrompt-T Loss 0.8985  
Epoch 059 |  Time(s) 0.0130 | RobustPrompt-T Loss 0.9092  
Epoch 060 |  Time(s) 0.0132 | RobustPrompt-T Loss 0.8684  
Epoch 061 |  Time(s) 0.0132 | RobustPrompt-T Loss 0.8652  
Epoch 062 |  Time(s) 0.0131 | RobustPrompt-T Loss 0.8258  
Epoch 063 |  Time(s) 0.0134 | RobustPrompt-T Loss 0.8108  
Epoch 064 |  Time(s) 0.0135 | RobustPrompt-T Loss 0.8081  
Epoch 065 |  Time(s) 0.0135 | RobustPrompt-T Loss 0.7860  
Epoch 066 |  Time(s) 0.0134 | RobustPrompt-T Loss 0.7668  
Epoch 067 |  Time(s) 0.0135 | RobustPrompt-T Loss 0.7491  
Epoch 068 |  Time(s) 0.0131 | RobustPrompt-T Loss 0.7964  
Epoch 069 |  Time(s) 0.0134 | RobustPrompt-T Loss 0.7121  
Epoch 070 |  Time(s) 0.0134 | RobustPrompt-T Loss 0.7249  
Epoch 071 |  Time(s) 0.0134 | RobustPrompt-T Loss 0.6640  
Epoch 072 |  Time(s) 0.0133 | RobustPrompt-T Loss 0.6855  
Epoch 073 |  Time(s) 0.0134 | RobustPrompt-T Loss 0.6403  
Epoch 074 |  Time(s) 0.0134 | RobustPrompt-T Loss 0.6696  
Epoch 075 |  Time(s) 0.0132 | RobustPrompt-T Loss 0.6058  
Epoch 076 |  Time(s) 0.0133 | RobustPrompt-T Loss 0.7998  
Epoch 077 |  Time(s) 0.0133 | RobustPrompt-T Loss 0.7582  
Epoch 078 |  Time(s) 0.0134 | RobustPrompt-T Loss 0.5440  
Epoch 079 |  Time(s) 0.0132 | RobustPrompt-T Loss 0.6069  
Epoch 080 |  Time(s) 0.0133 | RobustPrompt-T Loss 0.5118  
Epoch 081 |  Time(s) 0.0132 | RobustPrompt-T Loss 0.5810  
Epoch 082 |  Time(s) 0.0132 | RobustPrompt-T Loss 0.4995  
Epoch 083 |  Time(s) 0.0131 | RobustPrompt-T Loss 0.5778  
Epoch 084 |  Time(s) 0.0133 | RobustPrompt-T Loss 0.4827  
Epoch 085 |  Time(s) 0.0133 | RobustPrompt-T Loss 0.5636  
Epoch 086 |  Time(s) 0.0133 | RobustPrompt-T Loss 0.5020  
Epoch 087 |  Time(s) 0.0133 | RobustPrompt-T Loss 0.4827  
Epoch 088 |  Time(s) 0.0132 | RobustPrompt-T Loss 0.4695  
Epoch 089 |  Time(s) 0.0133 | RobustPrompt-T Loss 0.4486  
Epoch 090 |  Time(s) 0.0133 | RobustPrompt-T Loss 0.4197  
Epoch 091 |  Time(s) 0.0135 | RobustPrompt-T Loss 0.4316  
Epoch 092 |  Time(s) 0.0131 | RobustPrompt-T Loss 0.3917  
Epoch 093 |  Time(s) 0.0133 | RobustPrompt-T Loss 0.4146  
Epoch 094 |  Time(s) 0.0133 | RobustPrompt-T Loss 0.3701  
Epoch 095 |  Time(s) 0.0133 | RobustPrompt-T Loss 0.3913  
Epoch 096 |  Time(s) 0.0133 | RobustPrompt-T Loss 0.3589  
Epoch 097 |  Time(s) 0.0133 | RobustPrompt-T Loss 0.3720  
Epoch 098 |  Time(s) 0.0133 | RobustPrompt-T Loss 0.3548  
Epoch 099 |  Time(s) 0.0133 | RobustPrompt-T Loss 0.3541  
Epoch 100 |  Time(s) 0.0133 | RobustPrompt-T Loss 0.3797  
Epoch 101 |  Time(s) 0.0135 | RobustPrompt-T Loss 0.3092  
Epoch 102 |  Time(s) 0.0133 | RobustPrompt-T Loss 0.3947  
Epoch 103 |  Time(s) 0.0132 | RobustPrompt-T Loss 0.3253  
Epoch 104 |  Time(s) 0.0132 | RobustPrompt-T Loss 0.3743  
Epoch 105 |  Time(s) 0.0133 | RobustPrompt-T Loss 0.3991  
Epoch 106 |  Time(s) 0.0132 | RobustPrompt-T Loss 0.4092  
Epoch 107 |  Time(s) 0.0131 | RobustPrompt-T Loss 0.2637  
Epoch 108 |  Time(s) 0.0134 | RobustPrompt-T Loss 0.5507  
Epoch 109 |  Time(s) 0.0133 | RobustPrompt-T Loss 0.5209  
Epoch 110 |  Time(s) 0.0133 | RobustPrompt-T Loss 0.2680  
Epoch 111 |  Time(s) 0.0136 | RobustPrompt-T Loss 0.3149  
Epoch 112 |  Time(s) 0.0133 | RobustPrompt-T Loss 0.3729  
Epoch 113 |  Time(s) 0.0133 | RobustPrompt-T Loss 0.3357  
Epoch 114 |  Time(s) 0.0133 | RobustPrompt-T Loss 0.2685  
Epoch 115 |  Time(s) 0.0132 | RobustPrompt-T Loss 0.2579  
Epoch 116 |  Time(s) 0.0131 | RobustPrompt-T Loss 0.2666  
Epoch 117 |  Time(s) 0.0133 | RobustPrompt-T Loss 0.2370  
Epoch 118 |  Time(s) 0.0131 | RobustPrompt-T Loss 0.2439  
Epoch 119 |  Time(s) 0.0134 | RobustPrompt-T Loss 0.2342  
Epoch 120 |  Time(s) 0.0134 | RobustPrompt-T Loss 0.2114  
Epoch 121 |  Time(s) 0.0134 | RobustPrompt-T Loss 0.2238  
Epoch 122 |  Time(s) 0.0134 | RobustPrompt-T Loss 0.2086  
Epoch 123 |  Time(s) 0.0132 | RobustPrompt-T Loss 0.2053  
Epoch 124 |  Time(s) 0.0136 | RobustPrompt-T Loss 0.2006  
Epoch 125 |  Time(s) 0.0133 | RobustPrompt-T Loss 0.1704  
Epoch 126 |  Time(s) 0.0133 | RobustPrompt-T Loss 0.1873  
Epoch 127 |  Time(s) 0.0136 | RobustPrompt-T Loss 0.1771  
Epoch 128 |  Time(s) 0.0133 | RobustPrompt-T Loss 0.1632  
Epoch 129 |  Time(s) 0.0133 | RobustPrompt-T Loss 0.1692  
Epoch 130 |  Time(s) 0.0131 | RobustPrompt-T Loss 0.1663  
Epoch 131 |  Time(s) 0.0132 | RobustPrompt-T Loss 0.1524  
Epoch 132 |  Time(s) 0.0135 | RobustPrompt-T Loss 0.1391  
Epoch 133 |  Time(s) 0.0131 | RobustPrompt-T Loss 0.1403  
Epoch 134 |  Time(s) 0.0134 | RobustPrompt-T Loss 0.1333  
Epoch 135 |  Time(s) 0.0132 | RobustPrompt-T Loss 0.1277  
Epoch 136 |  Time(s) 0.0135 | RobustPrompt-T Loss 0.1288  
Epoch 137 |  Time(s) 0.0136 | RobustPrompt-T Loss 0.1282  
Epoch 138 |  Time(s) 0.0136 | RobustPrompt-T Loss 0.1274  
Epoch 139 |  Time(s) 0.0133 | RobustPrompt-T Loss 0.1173  
Epoch 140 |  Time(s) 0.0129 | RobustPrompt-T Loss 0.1126  
Epoch 141 |  Time(s) 0.0132 | RobustPrompt-T Loss 0.1137  
Epoch 142 |  Time(s) 0.0133 | RobustPrompt-T Loss 0.1080  
Epoch 143 |  Time(s) 0.0130 | RobustPrompt-T Loss 0.1077  
Epoch 144 |  Time(s) 0.0130 | RobustPrompt-T Loss 0.1088  
Epoch 145 |  Time(s) 0.0133 | RobustPrompt-T Loss 0.1115  
Epoch 146 |  Time(s) 0.0132 | RobustPrompt-T Loss 0.1071  
Epoch 147 |  Time(s) 0.0132 | RobustPrompt-T Loss 0.1007  
Epoch 148 |  Time(s) 0.0130 | RobustPrompt-T Loss 0.0966  
Epoch 149 |  Time(s) 0.0133 | RobustPrompt-T Loss 0.0929  
Epoch 150 |  Time(s) 0.0130 | RobustPrompt-T Loss 0.0966  
Epoch 151 |  Time(s) 0.0129 | RobustPrompt-T Loss 0.0929  
Epoch 152 |  Time(s) 0.0132 | RobustPrompt-T Loss 0.0959  
Epoch 153 |  Time(s) 0.0131 | RobustPrompt-T Loss 0.0949  
Epoch 154 |  Time(s) 0.0132 | RobustPrompt-T Loss 0.0886  
Epoch 155 |  Time(s) 0.0133 | RobustPrompt-T Loss 0.0879  
Epoch 156 |  Time(s) 0.0130 | RobustPrompt-T Loss 0.0880  
Epoch 157 |  Time(s) 0.0130 | RobustPrompt-T Loss 0.0822  
Epoch 158 |  Time(s) 0.0131 | RobustPrompt-T Loss 0.0838  
Epoch 159 |  Time(s) 0.0128 | RobustPrompt-T Loss 0.0871  
Epoch 160 |  Time(s) 0.0135 | RobustPrompt-T Loss 0.0817  
Epoch 161 |  Time(s) 0.0133 | RobustPrompt-T Loss 0.0794  
Epoch 162 |  Time(s) 0.0130 | RobustPrompt-T Loss 0.0798  
Epoch 163 |  Time(s) 0.0132 | RobustPrompt-T Loss 0.0723  
Epoch 164 |  Time(s) 0.0134 | RobustPrompt-T Loss 0.0724  
Epoch 165 |  Time(s) 0.0135 | RobustPrompt-T Loss 0.0789  
Epoch 166 |  Time(s) 0.0134 | RobustPrompt-T Loss 0.0715  
Epoch 167 |  Time(s) 0.0131 | RobustPrompt-T Loss 0.0750  
Epoch 168 |  Time(s) 0.0127 | RobustPrompt-T Loss 0.0742  
Epoch 169 |  Time(s) 0.0134 | RobustPrompt-T Loss 0.0699  
Epoch 170 |  Time(s) 0.0133 | RobustPrompt-T Loss 0.0666  
Epoch 171 |  Time(s) 0.0130 | RobustPrompt-T Loss 0.0696  
Epoch 172 |  Time(s) 0.0133 | RobustPrompt-T Loss 0.0654  
Epoch 173 |  Time(s) 0.0133 | RobustPrompt-T Loss 0.0640  
Epoch 174 |  Time(s) 0.0132 | RobustPrompt-T Loss 0.0671  
Epoch 175 |  Time(s) 0.0133 | RobustPrompt-T Loss 0.0674  
Epoch 176 |  Time(s) 0.0132 | RobustPrompt-T Loss 0.0646  
Epoch 177 |  Time(s) 0.0129 | RobustPrompt-T Loss 0.0654  
Epoch 178 |  Time(s) 0.0128 | RobustPrompt-T Loss 0.0649  
Epoch 179 |  Time(s) 0.0133 | RobustPrompt-T Loss 0.0621  
Epoch 180 |  Time(s) 0.0133 | RobustPrompt-T Loss 0.0638  
Epoch 181 |  Time(s) 0.0129 | RobustPrompt-T Loss 0.0628  
Epoch 182 |  Time(s) 0.0128 | RobustPrompt-T Loss 0.0599  
Epoch 183 |  Time(s) 0.0122 | RobustPrompt-T Loss 0.0594  
Epoch 184 |  Time(s) 0.0128 | RobustPrompt-T Loss 0.0612  
Epoch 185 |  Time(s) 0.0128 | RobustPrompt-T Loss 0.0606  
Epoch 186 |  Time(s) 0.0132 | RobustPrompt-T Loss 0.0582  
Epoch 187 |  Time(s) 0.0130 | RobustPrompt-T Loss 0.0596  
Epoch 188 |  Time(s) 0.0130 | RobustPrompt-T Loss 0.0587  
Epoch 189 |  Time(s) 0.0129 | RobustPrompt-T Loss 0.0589  
Epoch 190 |  Time(s) 0.0129 | RobustPrompt-T Loss 0.0580  
Epoch 191 |  Time(s) 0.0132 | RobustPrompt-T Loss 0.0575  
Epoch 192 |  Time(s) 0.0131 | RobustPrompt-T Loss 0.0579  
Epoch 193 |  Time(s) 0.0129 | RobustPrompt-T Loss 0.0562  
Epoch 194 |  Time(s) 0.0129 | RobustPrompt-T Loss 0.0581  
Epoch 195 |  Time(s) 0.0129 | RobustPrompt-T Loss 0.0580  
Epoch 196 |  Time(s) 0.0133 | RobustPrompt-T Loss 0.0576  
Epoch 197 |  Time(s) 0.0132 | RobustPrompt-T Loss 0.0570  
Epoch 198 |  Time(s) 0.0127 | RobustPrompt-T Loss 0.0561  
Epoch 199 |  Time(s) 0.0131 | RobustPrompt-T Loss 0.0554  
Epoch 200 |  Time(s) 0.0127 | RobustPrompt-T Loss 0.0553  
Final True Accuracy: 0.1503 | Macro F1 Score: 0.1410
Edge Detection Detail | source=filter_module | active=0 | n_edges=5835 | n_pos=610 | n_neg=5225 | pos_rate=0.1045 | pred_pos=5738 | pred_pos_rate=0.9834 | tp=610 | fp=5128 | fn=0 | tn=97 | precision=0.1063 | recall=1.0000 | f1=0.1922 | auc=0.8623 | ap=0.3969 | best_f1=0.5558 | best_threshold=0.9600 | best_precision=0.4452 | best_recall=0.7393 | best_pred_pos_rate=0.1736 | precision_at_k_pos=0.4984 | recall_at_k_pos=0.4984 | all_positive_f1=0.1893 | current_f1_minus_all_positive_f1=0.0029 | hard_mask_all_positive_like=0 | mode=original
Edge Detection Detail | source=tau_tune | active=1 | n_edges=5835 | n_pos=610 | n_neg=5225 | pos_rate=0.1045 | pred_pos=153 | pred_pos_rate=0.0262 | tp=40 | fp=113 | fn=570 | tn=5112 | precision=0.2614 | recall=0.0656 | f1=0.1048 | auc=0.6617 | ap=0.1935 | best_f1=0.2596 | best_threshold=0.1482 | best_precision=0.2007 | best_recall=0.3672 | best_pred_pos_rate=0.1913 | precision_at_k_pos=0.2246 | recall_at_k_pos=0.2246 | all_positive_f1=0.1893 | current_f1_minus_all_positive_f1=-0.0844 | hard_mask_all_positive_like=0
Tip Detection | tip=sim_pt | active=1 | node_precision=0.2092 | node_recall=0.3386 | node_f1=0.2586 | edge_precision=0.1389 | edge_recall=0.9934 | edge_f1=0.2437 | edge_auc=0.6371 | node_tp=150 | node_fp=567 | node_fn=293 | edge_tp=606 | edge_fp=3758 | edge_fn=4
Edge Detection Detail | source=sim_pt | active=1 | n_edges=5835 | n_pos=610 | n_neg=5225 | pos_rate=0.1045 | pred_pos=4364 | pred_pos_rate=0.7479 | tp=606 | fp=3758 | fn=4 | tn=1467 | precision=0.1389 | recall=0.9934 | f1=0.2437 | auc=0.6371 | ap=0.1386 | best_f1=nan | best_threshold=nan | best_precision=nan | best_recall=nan | best_pred_pos_rate=nan | precision_at_k_pos=nan | recall_at_k_pos=nan | all_positive_f1=0.1893 | current_f1_minus_all_positive_f1=0.0544 | hard_mask_all_positive_like=0
Tip Detection | tip=degree_pt | active=1 | node_precision=0.0000 | node_recall=0.0000 | node_f1=0.0000 | edge_precision=0.0000 | edge_recall=0.0000 | edge_f1=0.0000 | edge_auc=0.5000 | node_tp=0 | node_fp=0 | node_fn=443 | edge_tp=0 | edge_fp=0 | edge_fn=610
Edge Detection Detail | source=degree_pt | active=1 | n_edges=5835 | n_pos=610 | n_neg=5225 | pos_rate=0.1045 | pred_pos=0 | pred_pos_rate=0.0000 | tp=0 | fp=0 | fn=610 | tn=5225 | precision=0.0000 | recall=0.0000 | f1=0.0000 | auc=0.5000 | ap=0.1045 | best_f1=nan | best_threshold=nan | best_precision=nan | best_recall=nan | best_pred_pos_rate=nan | precision_at_k_pos=nan | recall_at_k_pos=nan | all_positive_f1=0.1893 | current_f1_minus_all_positive_f1=-0.1893 | hard_mask_all_positive_like=0
Tip Detection | tip=out_detect_pt | active=1 | node_precision=0.1640 | node_recall=1.0000 | node_f1=0.2817 | edge_precision=0.1045 | edge_recall=1.0000 | edge_f1=0.1893 | edge_auc=0.5000 | node_tp=443 | node_fp=2259 | node_fn=0 | edge_tp=610 | edge_fp=5225 | edge_fn=0
Edge Detection Detail | source=out_detect_pt | active=1 | n_edges=5835 | n_pos=610 | n_neg=5225 | pos_rate=0.1045 | pred_pos=5739 | pred_pos_rate=0.9835 | tp=610 | fp=5129 | fn=0 | tn=96 | precision=0.1063 | recall=1.0000 | f1=0.1922 | auc=0.8623 | ap=0.3969 | best_f1=0.5558 | best_threshold=0.9600 | best_precision=0.4452 | best_recall=0.7393 | best_pred_pos_rate=0.1736 | precision_at_k_pos=0.4984 | recall_at_k_pos=0.4984 | all_positive_f1=0.1893 | current_f1_minus_all_positive_f1=0.0029 | hard_mask_all_positive_like=0
best_loss [tensor(0.0553, device='cuda:0', grad_fn=<AddBackward0>)]
load LLC or attacked data with specified split
Successfully loaded the attack of dataname with few shot 5, split 1
Attack method : Meta_Self | Attack ptb : 0.1 | Dataset: Cora
======================
Number of graphs: 1
Number of features: 1433
Number of classes: 7

Data(x=[2708, 1433], edge_index=[2, 14378], y=[2708], train_mask=[2708], val_mask=[2708], test_mask=[2708])
===========================================================================================================
Number of nodes: 2708
Number of edges: 14378
Average node degree: 5.31
Has isolated nodes: False
Has self-loops: True
Is undirected: True
Pollution Diff | added_edges=610 | deleted_edges=53 | clean_edges=5278 | attack_edges=5835
GCN(
  (conv_layers): ModuleList(
    (0): GCNConv(1433, 256)
    (1): GCNConv(256, 256)
  )
)
Successfully loaded pre-trained weights!
use RobustPrompt Tranductive
defense pt dict :  {'sim_pt': 0.3, 'degree_pt': 1, 'out_detect_pt': 0.5, 'other_pt': 'all'}
use_attention :  False
cosine_constraint :  True
pt_threshold :  0.5
filter_module :  OriginalFilter
temperature :  1.0
weight_mse 0.1
weight_kl :  0.3
weight_constraint :  0.2
run RobustPrompt-T
Epoch 001 |  Time(s) 0.0133 | RobustPrompt-T Loss 1.9481  
Epoch 002 |  Time(s) 0.0135 | RobustPrompt-T Loss 1.9314  
Epoch 003 |  Time(s) 0.0135 | RobustPrompt-T Loss 1.9281  
Epoch 004 |  Time(s) 0.0132 | RobustPrompt-T Loss 1.9128  
Epoch 005 |  Time(s) 0.0132 | RobustPrompt-T Loss 1.9081  
Epoch 006 |  Time(s) 0.0134 | RobustPrompt-T Loss 1.9034  
Epoch 007 |  Time(s) 0.0132 | RobustPrompt-T Loss 1.8839  
Epoch 008 |  Time(s) 0.0128 | RobustPrompt-T Loss 1.8733  
Epoch 009 |  Time(s) 0.0134 | RobustPrompt-T Loss 1.8592  
Epoch 010 |  Time(s) 0.0134 | RobustPrompt-T Loss 1.8588  
Epoch 011 |  Time(s) 0.0133 | RobustPrompt-T Loss 1.8309  
Epoch 012 |  Time(s) 0.0127 | RobustPrompt-T Loss 1.8088  
Epoch 013 |  Time(s) 0.0133 | RobustPrompt-T Loss 1.7786  
Epoch 014 |  Time(s) 0.0131 | RobustPrompt-T Loss 1.7788  
Epoch 015 |  Time(s) 0.0134 | RobustPrompt-T Loss 1.7430  
Epoch 016 |  Time(s) 0.0131 | RobustPrompt-T Loss 1.7379  
Epoch 017 |  Time(s) 0.0128 | RobustPrompt-T Loss 1.7205  
Epoch 018 |  Time(s) 0.0129 | RobustPrompt-T Loss 1.7285  
Epoch 019 |  Time(s) 0.0134 | RobustPrompt-T Loss 1.7263  
Epoch 020 |  Time(s) 0.0134 | RobustPrompt-T Loss 1.7352  
Epoch 021 |  Time(s) 0.0133 | RobustPrompt-T Loss 1.7845  
Epoch 022 |  Time(s) 0.0133 | RobustPrompt-T Loss 1.6752  
Epoch 023 |  Time(s) 0.0127 | RobustPrompt-T Loss 1.7189  
Epoch 024 |  Time(s) 0.0135 | RobustPrompt-T Loss 1.7349  
Epoch 025 |  Time(s) 0.0134 | RobustPrompt-T Loss 1.6440  
Epoch 026 |  Time(s) 0.0132 | RobustPrompt-T Loss 1.6464  
Epoch 027 |  Time(s) 0.0131 | RobustPrompt-T Loss 1.6408  
Epoch 028 |  Time(s) 0.0133 | RobustPrompt-T Loss 1.5942  
Epoch 029 |  Time(s) 0.0127 | RobustPrompt-T Loss 1.5838  
Epoch 030 |  Time(s) 0.0132 | RobustPrompt-T Loss 1.5374  
Epoch 031 |  Time(s) 0.0133 | RobustPrompt-T Loss 1.5514  
Epoch 032 |  Time(s) 0.0135 | RobustPrompt-T Loss 1.5232  
Epoch 033 |  Time(s) 0.0133 | RobustPrompt-T Loss 1.4508  
Epoch 034 |  Time(s) 0.0131 | RobustPrompt-T Loss 1.4557  
Epoch 035 |  Time(s) 0.0131 | RobustPrompt-T Loss 1.4062  
Epoch 036 |  Time(s) 0.0132 | RobustPrompt-T Loss 1.3609  
Epoch 037 |  Time(s) 0.0133 | RobustPrompt-T Loss 1.3382  
Epoch 038 |  Time(s) 0.0127 | RobustPrompt-T Loss 1.3326  
Epoch 039 |  Time(s) 0.0131 | RobustPrompt-T Loss 1.2773  
Epoch 040 |  Time(s) 0.0140 | RobustPrompt-T Loss 1.2500  
Epoch 041 |  Time(s) 0.0134 | RobustPrompt-T Loss 1.2243  
Epoch 042 |  Time(s) 0.0134 | RobustPrompt-T Loss 1.1985  
Epoch 043 |  Time(s) 0.0133 | RobustPrompt-T Loss 1.1505  
Epoch 044 |  Time(s) 0.0137 | RobustPrompt-T Loss 1.1024  
Epoch 045 |  Time(s) 0.0134 | RobustPrompt-T Loss 1.1047  
Epoch 046 |  Time(s) 0.0133 | RobustPrompt-T Loss 1.0688  
Epoch 047 |  Time(s) 0.0133 | RobustPrompt-T Loss 1.0296  
Epoch 048 |  Time(s) 0.0135 | RobustPrompt-T Loss 1.0229  
Epoch 049 |  Time(s) 0.0140 | RobustPrompt-T Loss 0.9680  
Epoch 050 |  Time(s) 0.0139 | RobustPrompt-T Loss 0.9543  
Epoch 051 |  Time(s) 0.0134 | RobustPrompt-T Loss 0.9122  
Epoch 052 |  Time(s) 0.0141 | RobustPrompt-T Loss 0.9210  
Epoch 053 |  Time(s) 0.0137 | RobustPrompt-T Loss 0.8880  
Epoch 054 |  Time(s) 0.0136 | RobustPrompt-T Loss 0.9423  
Epoch 055 |  Time(s) 0.0133 | RobustPrompt-T Loss 0.8261  
Epoch 056 |  Time(s) 0.0133 | RobustPrompt-T Loss 0.8730  
Epoch 057 |  Time(s) 0.0137 | RobustPrompt-T Loss 0.8649  
Epoch 058 |  Time(s) 0.0137 | RobustPrompt-T Loss 0.8042  
Epoch 059 |  Time(s) 0.0137 | RobustPrompt-T Loss 0.7938  
Epoch 060 |  Time(s) 0.0135 | RobustPrompt-T Loss 0.8919  
Epoch 061 |  Time(s) 0.0133 | RobustPrompt-T Loss 0.7511  
Epoch 062 |  Time(s) 0.0137 | RobustPrompt-T Loss 0.9839  
Epoch 063 |  Time(s) 0.0138 | RobustPrompt-T Loss 0.7791  
Epoch 064 |  Time(s) 0.0136 | RobustPrompt-T Loss 0.9908  
Epoch 065 |  Time(s) 0.0137 | RobustPrompt-T Loss 1.1600  
Epoch 066 |  Time(s) 0.0134 | RobustPrompt-T Loss 0.7496  
Epoch 067 |  Time(s) 0.0135 | RobustPrompt-T Loss 1.1385  
Epoch 068 |  Time(s) 0.0135 | RobustPrompt-T Loss 1.2671  
Epoch 069 |  Time(s) 0.0137 | RobustPrompt-T Loss 0.8452  
Epoch 070 |  Time(s) 0.0137 | RobustPrompt-T Loss 0.9490  
Epoch 071 |  Time(s) 0.0135 | RobustPrompt-T Loss 1.1730  
Epoch 072 |  Time(s) 0.0136 | RobustPrompt-T Loss 1.0159  
Epoch 073 |  Time(s) 0.0134 | RobustPrompt-T Loss 0.8627  
Epoch 074 |  Time(s) 0.0137 | RobustPrompt-T Loss 0.7784  
Epoch 075 |  Time(s) 0.0134 | RobustPrompt-T Loss 0.7958  
Epoch 076 |  Time(s) 0.0137 | RobustPrompt-T Loss 0.8470  
Epoch 077 |  Time(s) 0.0137 | RobustPrompt-T Loss 0.7793  
Epoch 078 |  Time(s) 0.0134 | RobustPrompt-T Loss 0.7219  
Epoch 079 |  Time(s) 0.0137 | RobustPrompt-T Loss 0.7328  
Epoch 080 |  Time(s) 0.0133 | RobustPrompt-T Loss 0.7982  
Epoch 081 |  Time(s) 0.0133 | RobustPrompt-T Loss 0.7011  
Epoch 082 |  Time(s) 0.0134 | RobustPrompt-T Loss 0.6898  
Epoch 083 |  Time(s) 0.0136 | RobustPrompt-T Loss 0.6572  
Epoch 084 |  Time(s) 0.0133 | RobustPrompt-T Loss 0.6643  
Epoch 085 |  Time(s) 0.0136 | RobustPrompt-T Loss 0.6251  
Epoch 086 |  Time(s) 0.0135 | RobustPrompt-T Loss 0.6232  
Epoch 087 |  Time(s) 0.0132 | RobustPrompt-T Loss 0.6356  
Epoch 088 |  Time(s) 0.0137 | RobustPrompt-T Loss 0.6003  
Epoch 089 |  Time(s) 0.0136 | RobustPrompt-T Loss 0.5779  
Epoch 090 |  Time(s) 0.0138 | RobustPrompt-T Loss 0.5732  
Epoch 091 |  Time(s) 0.0137 | RobustPrompt-T Loss 0.5699  
Epoch 092 |  Time(s) 0.0133 | RobustPrompt-T Loss 0.5551  
Epoch 093 |  Time(s) 0.0137 | RobustPrompt-T Loss 0.5486  
Epoch 094 |  Time(s) 0.0135 | RobustPrompt-T Loss 0.5429  
Epoch 095 |  Time(s) 0.0136 | RobustPrompt-T Loss 0.5242  
Epoch 096 |  Time(s) 0.0134 | RobustPrompt-T Loss 0.5155  
Epoch 097 |  Time(s) 0.0137 | RobustPrompt-T Loss 0.5210  
Epoch 098 |  Time(s) 0.0134 | RobustPrompt-T Loss 0.5037  
Epoch 099 |  Time(s) 0.0136 | RobustPrompt-T Loss 0.4846  
Epoch 100 |  Time(s) 0.0134 | RobustPrompt-T Loss 0.4781  
Epoch 101 |  Time(s) 0.0134 | RobustPrompt-T Loss 0.4768  
Epoch 102 |  Time(s) 0.0136 | RobustPrompt-T Loss 0.4697  
Epoch 103 |  Time(s) 0.0135 | RobustPrompt-T Loss 0.4680  
Epoch 104 |  Time(s) 0.0135 | RobustPrompt-T Loss 0.4438  
Epoch 105 |  Time(s) 0.0139 | RobustPrompt-T Loss 0.4375  
Epoch 106 |  Time(s) 0.0137 | RobustPrompt-T Loss 0.4345  
Epoch 107 |  Time(s) 0.0135 | RobustPrompt-T Loss 0.4227  
Epoch 108 |  Time(s) 0.0136 | RobustPrompt-T Loss 0.4217  
Epoch 109 |  Time(s) 0.0134 | RobustPrompt-T Loss 0.4189  
Epoch 110 |  Time(s) 0.0134 | RobustPrompt-T Loss 0.4035  
Epoch 111 |  Time(s) 0.0136 | RobustPrompt-T Loss 0.4016  
Epoch 112 |  Time(s) 0.0135 | RobustPrompt-T Loss 0.3949  
Epoch 113 |  Time(s) 0.0140 | RobustPrompt-T Loss 0.3893  
Epoch 114 |  Time(s) 0.0135 | RobustPrompt-T Loss 0.3858  
Epoch 115 |  Time(s) 0.0137 | RobustPrompt-T Loss 0.3777  
Epoch 116 |  Time(s) 0.0134 | RobustPrompt-T Loss 0.3732  
Epoch 117 |  Time(s) 0.0135 | RobustPrompt-T Loss 0.3645  
Epoch 118 |  Time(s) 0.0136 | RobustPrompt-T Loss 0.3545  
Epoch 119 |  Time(s) 0.0135 | RobustPrompt-T Loss 0.3544  
Epoch 120 |  Time(s) 0.0138 | RobustPrompt-T Loss 0.3517  
Epoch 121 |  Time(s) 0.0136 | RobustPrompt-T Loss 0.3469  
Epoch 122 |  Time(s) 0.0137 | RobustPrompt-T Loss 0.3360  
Epoch 123 |  Time(s) 0.0138 | RobustPrompt-T Loss 0.3305  
Epoch 124 |  Time(s) 0.0135 | RobustPrompt-T Loss 0.3312  
Epoch 125 |  Time(s) 0.0137 | RobustPrompt-T Loss 0.3262  
Epoch 126 |  Time(s) 0.0138 | RobustPrompt-T Loss 0.3312  
Epoch 127 |  Time(s) 0.0134 | RobustPrompt-T Loss 0.3305  
Epoch 128 |  Time(s) 0.0136 | RobustPrompt-T Loss 0.3462  
Epoch 129 |  Time(s) 0.0134 | RobustPrompt-T Loss 0.3099  
Epoch 130 |  Time(s) 0.0132 | RobustPrompt-T Loss 0.3301  
Epoch 131 |  Time(s) 0.0135 | RobustPrompt-T Loss 0.3636  
Epoch 132 |  Time(s) 0.0139 | RobustPrompt-T Loss 0.3073  
Epoch 133 |  Time(s) 0.0134 | RobustPrompt-T Loss 0.4613  
Epoch 134 |  Time(s) 0.0136 | RobustPrompt-T Loss 0.4568  
Epoch 135 |  Time(s) 0.0135 | RobustPrompt-T Loss 0.3013  
Epoch 136 |  Time(s) 0.0137 | RobustPrompt-T Loss 0.3387  
Epoch 137 |  Time(s) 0.0134 | RobustPrompt-T Loss 0.2903  
Epoch 138 |  Time(s) 0.0135 | RobustPrompt-T Loss 0.3322  
Epoch 139 |  Time(s) 0.0133 | RobustPrompt-T Loss 0.2888  
Epoch 140 |  Time(s) 0.0136 | RobustPrompt-T Loss 0.2765  
Epoch 141 |  Time(s) 0.0134 | RobustPrompt-T Loss 0.2732  
Epoch 142 |  Time(s) 0.0132 | RobustPrompt-T Loss 0.2860  
Epoch 143 |  Time(s) 0.0136 | RobustPrompt-T Loss 0.2995  
Epoch 144 |  Time(s) 0.0139 | RobustPrompt-T Loss 0.2642  
Epoch 145 |  Time(s) 0.0134 | RobustPrompt-T Loss 0.2760  
Epoch 146 |  Time(s) 0.0136 | RobustPrompt-T Loss 0.3123  
Epoch 147 |  Time(s) 0.0132 | RobustPrompt-T Loss 0.2602  
Epoch 148 |  Time(s) 0.0137 | RobustPrompt-T Loss 0.4144  
Epoch 149 |  Time(s) 0.0135 | RobustPrompt-T Loss 0.4041  
Epoch 150 |  Time(s) 0.0132 | RobustPrompt-T Loss 0.2485  
Epoch 151 |  Time(s) 0.0135 | RobustPrompt-T Loss 0.2861  
Epoch 152 |  Time(s) 0.0134 | RobustPrompt-T Loss 0.2654  
Epoch 153 |  Time(s) 0.0138 | RobustPrompt-T Loss 0.2424  
Epoch 154 |  Time(s) 0.0133 | RobustPrompt-T Loss 0.2646  
Epoch 155 |  Time(s) 0.0133 | RobustPrompt-T Loss 0.2396  
Epoch 156 |  Time(s) 0.0132 | RobustPrompt-T Loss 0.2390  
Epoch 157 |  Time(s) 0.0132 | RobustPrompt-T Loss 0.2603  
Epoch 158 |  Time(s) 0.0133 | RobustPrompt-T Loss 0.2353  
Epoch 159 |  Time(s) 0.0136 | RobustPrompt-T Loss 0.2257  
Epoch 160 |  Time(s) 0.0133 | RobustPrompt-T Loss 0.2351  
Epoch 161 |  Time(s) 0.0130 | RobustPrompt-T Loss 0.2535  
Epoch 162 |  Time(s) 0.0138 | RobustPrompt-T Loss 0.2179  
Epoch 163 |  Time(s) 0.0134 | RobustPrompt-T Loss 0.2893  
Epoch 164 |  Time(s) 0.0134 | RobustPrompt-T Loss 0.2353  
Epoch 165 |  Time(s) 0.0135 | RobustPrompt-T Loss 0.3466  
Epoch 166 |  Time(s) 0.0137 | RobustPrompt-T Loss 0.3668  
Epoch 167 |  Time(s) 0.0133 | RobustPrompt-T Loss 0.2069  
Epoch 168 |  Time(s) 0.0136 | RobustPrompt-T Loss 0.3571  
Epoch 169 |  Time(s) 0.0133 | RobustPrompt-T Loss 0.3411  
Epoch 170 |  Time(s) 0.0131 | RobustPrompt-T Loss 0.2059  
Epoch 171 |  Time(s) 0.0136 | RobustPrompt-T Loss 0.2891  
Epoch 172 |  Time(s) 0.0135 | RobustPrompt-T Loss 0.2244  
Epoch 173 |  Time(s) 0.0135 | RobustPrompt-T Loss 0.3038  
Epoch 174 |  Time(s) 0.0135 | RobustPrompt-T Loss 0.3338  
Epoch 175 |  Time(s) 0.0136 | RobustPrompt-T Loss 0.2230  
Epoch 176 |  Time(s) 0.0134 | RobustPrompt-T Loss 0.2992  
Epoch 177 |  Time(s) 0.0131 | RobustPrompt-T Loss 0.3439  
Epoch 178 |  Time(s) 0.0135 | RobustPrompt-T Loss 0.2050  
Epoch 179 |  Time(s) 0.0136 | RobustPrompt-T Loss 0.3722  
Epoch 180 |  Time(s) 0.0134 | RobustPrompt-T Loss 0.2074  
Epoch 181 |  Time(s) 0.0134 | RobustPrompt-T Loss 0.3189  
Epoch 182 |  Time(s) 0.0135 | RobustPrompt-T Loss 0.2815  
Epoch 183 |  Time(s) 0.0133 | RobustPrompt-T Loss 0.1902  
Epoch 184 |  Time(s) 0.0133 | RobustPrompt-T Loss 0.2920  
Epoch 185 |  Time(s) 0.0137 | RobustPrompt-T Loss 0.2769  
Epoch 186 |  Time(s) 0.0138 | RobustPrompt-T Loss 0.1954  
Epoch 187 |  Time(s) 0.0135 | RobustPrompt-T Loss 0.2008  
Epoch 188 |  Time(s) 0.0136 | RobustPrompt-T Loss 0.1859  
Epoch 189 |  Time(s) 0.0134 | RobustPrompt-T Loss 0.1807  
Epoch 190 |  Time(s) 0.0130 | RobustPrompt-T Loss 0.1696  
Epoch 191 |  Time(s) 0.0137 | RobustPrompt-T Loss 0.1713  
Epoch 192 |  Time(s) 0.0138 | RobustPrompt-T Loss 0.1634  
Epoch 193 |  Time(s) 0.0134 | RobustPrompt-T Loss 0.1636  
Epoch 194 |  Time(s) 0.0133 | RobustPrompt-T Loss 0.1538  
Epoch 195 |  Time(s) 0.0133 | RobustPrompt-T Loss 0.1481  
Epoch 196 |  Time(s) 0.0134 | RobustPrompt-T Loss 0.1432  
Epoch 197 |  Time(s) 0.0132 | RobustPrompt-T Loss 0.1421  
Epoch 198 |  Time(s) 0.0137 | RobustPrompt-T Loss 0.1443  
Epoch 199 |  Time(s) 0.0133 | RobustPrompt-T Loss 0.1322  
Epoch 200 |  Time(s) 0.0135 | RobustPrompt-T Loss 0.1351  
Final True Accuracy: 0.1391 | Macro F1 Score: 0.1137
Edge Detection Detail | source=filter_module | active=0 | n_edges=5835 | n_pos=610 | n_neg=5225 | pos_rate=0.1045 | pred_pos=5738 | pred_pos_rate=0.9834 | tp=610 | fp=5128 | fn=0 | tn=97 | precision=0.1063 | recall=1.0000 | f1=0.1922 | auc=0.8623 | ap=0.3969 | best_f1=0.5558 | best_threshold=0.9600 | best_precision=0.4452 | best_recall=0.7393 | best_pred_pos_rate=0.1736 | precision_at_k_pos=0.4984 | recall_at_k_pos=0.4984 | all_positive_f1=0.1893 | current_f1_minus_all_positive_f1=0.0029 | hard_mask_all_positive_like=0 | mode=original
Edge Detection Detail | source=tau_tune | active=1 | n_edges=5835 | n_pos=610 | n_neg=5225 | pos_rate=0.1045 | pred_pos=90 | pred_pos_rate=0.0154 | tp=32 | fp=58 | fn=578 | tn=5167 | precision=0.3556 | recall=0.0525 | f1=0.0914 | auc=0.6471 | ap=0.1993 | best_f1=0.2499 | best_threshold=0.0618 | best_precision=0.1666 | best_recall=0.5000 | best_pred_pos_rate=0.3138 | precision_at_k_pos=0.2361 | recall_at_k_pos=0.2361 | all_positive_f1=0.1893 | current_f1_minus_all_positive_f1=-0.0979 | hard_mask_all_positive_like=0
Tip Detection | tip=sim_pt | active=1 | node_precision=0.2092 | node_recall=0.3386 | node_f1=0.2586 | edge_precision=0.1389 | edge_recall=0.9934 | edge_f1=0.2437 | edge_auc=0.6371 | node_tp=150 | node_fp=567 | node_fn=293 | edge_tp=606 | edge_fp=3758 | edge_fn=4
Edge Detection Detail | source=sim_pt | active=1 | n_edges=5835 | n_pos=610 | n_neg=5225 | pos_rate=0.1045 | pred_pos=4364 | pred_pos_rate=0.7479 | tp=606 | fp=3758 | fn=4 | tn=1467 | precision=0.1389 | recall=0.9934 | f1=0.2437 | auc=0.6371 | ap=0.1386 | best_f1=nan | best_threshold=nan | best_precision=nan | best_recall=nan | best_pred_pos_rate=nan | precision_at_k_pos=nan | recall_at_k_pos=nan | all_positive_f1=0.1893 | current_f1_minus_all_positive_f1=0.0544 | hard_mask_all_positive_like=0
Tip Detection | tip=degree_pt | active=1 | node_precision=0.0000 | node_recall=0.0000 | node_f1=0.0000 | edge_precision=0.0000 | edge_recall=0.0000 | edge_f1=0.0000 | edge_auc=0.5000 | node_tp=0 | node_fp=0 | node_fn=443 | edge_tp=0 | edge_fp=0 | edge_fn=610
Edge Detection Detail | source=degree_pt | active=1 | n_edges=5835 | n_pos=610 | n_neg=5225 | pos_rate=0.1045 | pred_pos=0 | pred_pos_rate=0.0000 | tp=0 | fp=0 | fn=610 | tn=5225 | precision=0.0000 | recall=0.0000 | f1=0.0000 | auc=0.5000 | ap=0.1045 | best_f1=nan | best_threshold=nan | best_precision=nan | best_recall=nan | best_pred_pos_rate=nan | precision_at_k_pos=nan | recall_at_k_pos=nan | all_positive_f1=0.1893 | current_f1_minus_all_positive_f1=-0.1893 | hard_mask_all_positive_like=0
Tip Detection | tip=out_detect_pt | active=1 | node_precision=0.1640 | node_recall=1.0000 | node_f1=0.2817 | edge_precision=0.1045 | edge_recall=1.0000 | edge_f1=0.1893 | edge_auc=0.5000 | node_tp=443 | node_fp=2259 | node_fn=0 | edge_tp=610 | edge_fp=5225 | edge_fn=0
Edge Detection Detail | source=out_detect_pt | active=1 | n_edges=5835 | n_pos=610 | n_neg=5225 | pos_rate=0.1045 | pred_pos=5739 | pred_pos_rate=0.9835 | tp=610 | fp=5129 | fn=0 | tn=96 | precision=0.1063 | recall=1.0000 | f1=0.1922 | auc=0.8623 | ap=0.3969 | best_f1=0.5558 | best_threshold=0.9600 | best_precision=0.4452 | best_recall=0.7393 | best_pred_pos_rate=0.1736 | precision_at_k_pos=0.4984 | recall_at_k_pos=0.4984 | all_positive_f1=0.1893 | current_f1_minus_all_positive_f1=0.0029 | hard_mask_all_positive_like=0
best_loss [tensor(0.1351, device='cuda:0', grad_fn=<AddBackward0>)]
load LLC or attacked data with specified split
Successfully loaded the attack of dataname with few shot 5, split 1
Attack method : Meta_Self | Attack ptb : 0.1 | Dataset: Cora
======================
Number of graphs: 1
Number of features: 1433
Number of classes: 7

Data(x=[2708, 1433], edge_index=[2, 14378], y=[2708], train_mask=[2708], val_mask=[2708], test_mask=[2708])
===========================================================================================================
Number of nodes: 2708
Number of edges: 14378
Average node degree: 5.31
Has isolated nodes: False
Has self-loops: True
Is undirected: True
Pollution Diff | added_edges=610 | deleted_edges=53 | clean_edges=5278 | attack_edges=5835
GCN(
  (conv_layers): ModuleList(
    (0): GCNConv(1433, 256)
    (1): GCNConv(256, 256)
  )
)
Successfully loaded pre-trained weights!
use RobustPrompt Tranductive
defense pt dict :  {'sim_pt': 0.3, 'degree_pt': 1, 'out_detect_pt': 0.5, 'other_pt': 'all'}
use_attention :  False
cosine_constraint :  True
pt_threshold :  0.5
filter_module :  OriginalFilter
temperature :  1.0
weight_mse 0.1
weight_kl :  0.3
weight_constraint :  0.2
run RobustPrompt-T
Epoch 001 |  Time(s) 0.0136 | RobustPrompt-T Loss 1.9441  
Epoch 002 |  Time(s) 0.0138 | RobustPrompt-T Loss 1.9289  
Epoch 003 |  Time(s) 0.0135 | RobustPrompt-T Loss 1.9459  
Epoch 004 |  Time(s) 0.0136 | RobustPrompt-T Loss 1.9112  
Epoch 005 |  Time(s) 0.0135 | RobustPrompt-T Loss 1.9187  
Epoch 006 |  Time(s) 0.0135 | RobustPrompt-T Loss 1.8977  
Epoch 007 |  Time(s) 0.0135 | RobustPrompt-T Loss 1.8911  
Epoch 008 |  Time(s) 0.0132 | RobustPrompt-T Loss 1.8811  
Epoch 009 |  Time(s) 0.0128 | RobustPrompt-T Loss 1.8703  
Epoch 010 |  Time(s) 0.0134 | RobustPrompt-T Loss 1.8541  
Epoch 011 |  Time(s) 0.0127 | RobustPrompt-T Loss 1.8315  
Epoch 012 |  Time(s) 0.0134 | RobustPrompt-T Loss 1.7939  
Epoch 013 |  Time(s) 0.0135 | RobustPrompt-T Loss 1.7780  
Epoch 014 |  Time(s) 0.0131 | RobustPrompt-T Loss 1.8092  
Epoch 015 |  Time(s) 0.0134 | RobustPrompt-T Loss 1.7392  
Epoch 016 |  Time(s) 0.0133 | RobustPrompt-T Loss 1.7255  
Epoch 017 |  Time(s) 0.0133 | RobustPrompt-T Loss 1.7403  
Epoch 018 |  Time(s) 0.0136 | RobustPrompt-T Loss 1.6995  
Epoch 019 |  Time(s) 0.0138 | RobustPrompt-T Loss 1.6899  
Epoch 020 |  Time(s) 0.0135 | RobustPrompt-T Loss 1.6832  
Epoch 021 |  Time(s) 0.0136 | RobustPrompt-T Loss 1.6610  
Epoch 022 |  Time(s) 0.0134 | RobustPrompt-T Loss 1.6481  
Epoch 023 |  Time(s) 0.0136 | RobustPrompt-T Loss 1.6532  
Epoch 024 |  Time(s) 0.0134 | RobustPrompt-T Loss 1.7449  
Epoch 025 |  Time(s) 0.0132 | RobustPrompt-T Loss 1.6689  
Epoch 026 |  Time(s) 0.0135 | RobustPrompt-T Loss 1.6443  
Epoch 027 |  Time(s) 0.0135 | RobustPrompt-T Loss 1.7236  
Epoch 028 |  Time(s) 0.0136 | RobustPrompt-T Loss 1.6216  
Epoch 029 |  Time(s) 0.0134 | RobustPrompt-T Loss 1.6361  
Epoch 030 |  Time(s) 0.0134 | RobustPrompt-T Loss 1.5859  
Epoch 031 |  Time(s) 0.0135 | RobustPrompt-T Loss 1.5486  
Epoch 032 |  Time(s) 0.0136 | RobustPrompt-T Loss 1.5827  
Epoch 033 |  Time(s) 0.0135 | RobustPrompt-T Loss 1.5356  
Epoch 034 |  Time(s) 0.0136 | RobustPrompt-T Loss 1.4239  
Epoch 035 |  Time(s) 0.0133 | RobustPrompt-T Loss 1.4919  
Epoch 036 |  Time(s) 0.0137 | RobustPrompt-T Loss 1.3897  
Epoch 037 |  Time(s) 0.0134 | RobustPrompt-T Loss 1.4399  
Epoch 038 |  Time(s) 0.0136 | RobustPrompt-T Loss 1.3953  
Epoch 039 |  Time(s) 0.0134 | RobustPrompt-T Loss 1.3534  
Epoch 040 |  Time(s) 0.0136 | RobustPrompt-T Loss 1.3495  
Epoch 041 |  Time(s) 0.0138 | RobustPrompt-T Loss 1.3342  
Epoch 042 |  Time(s) 0.0135 | RobustPrompt-T Loss 1.2984  
Epoch 043 |  Time(s) 0.0135 | RobustPrompt-T Loss 1.2936  
Epoch 044 |  Time(s) 0.0134 | RobustPrompt-T Loss 1.2237  
Epoch 045 |  Time(s) 0.0135 | RobustPrompt-T Loss 1.2515  
Epoch 046 |  Time(s) 0.0134 | RobustPrompt-T Loss 1.2073  
Epoch 047 |  Time(s) 0.0132 | RobustPrompt-T Loss 1.2200  
Epoch 048 |  Time(s) 0.0135 | RobustPrompt-T Loss 1.1586  
Epoch 049 |  Time(s) 0.0133 | RobustPrompt-T Loss 1.1684  
Epoch 050 |  Time(s) 0.0132 | RobustPrompt-T Loss 1.1294  
Epoch 051 |  Time(s) 0.0134 | RobustPrompt-T Loss 1.1369  
Epoch 052 |  Time(s) 0.0134 | RobustPrompt-T Loss 1.0750  
Epoch 053 |  Time(s) 0.0129 | RobustPrompt-T Loss 1.0852  
Epoch 054 |  Time(s) 0.0136 | RobustPrompt-T Loss 1.0495  
Epoch 055 |  Time(s) 0.0135 | RobustPrompt-T Loss 1.0346  
Epoch 056 |  Time(s) 0.0135 | RobustPrompt-T Loss 1.0157  
Epoch 057 |  Time(s) 0.0134 | RobustPrompt-T Loss 0.9895  
Epoch 058 |  Time(s) 0.0136 | RobustPrompt-T Loss 0.9643  
Epoch 059 |  Time(s) 0.0136 | RobustPrompt-T Loss 0.9384  
Epoch 060 |  Time(s) 0.0135 | RobustPrompt-T Loss 0.9373  
Epoch 061 |  Time(s) 0.0134 | RobustPrompt-T Loss 0.9156  
Epoch 062 |  Time(s) 0.0136 | RobustPrompt-T Loss 0.9290  
Epoch 063 |  Time(s) 0.0133 | RobustPrompt-T Loss 0.9275  
Epoch 064 |  Time(s) 0.0133 | RobustPrompt-T Loss 0.9140  
Epoch 065 |  Time(s) 0.0134 | RobustPrompt-T Loss 0.8471  
Epoch 066 |  Time(s) 0.0133 | RobustPrompt-T Loss 0.8054  
Epoch 067 |  Time(s) 0.0138 | RobustPrompt-T Loss 0.7769  
Epoch 068 |  Time(s) 0.0134 | RobustPrompt-T Loss 0.7563  
Epoch 069 |  Time(s) 0.0135 | RobustPrompt-T Loss 0.7304  
Epoch 070 |  Time(s) 0.0135 | RobustPrompt-T Loss 0.7499  
Epoch 071 |  Time(s) 0.0135 | RobustPrompt-T Loss 0.7853  
Epoch 072 |  Time(s) 0.0132 | RobustPrompt-T Loss 0.6829  
Epoch 073 |  Time(s) 0.0134 | RobustPrompt-T Loss 0.6693  
Epoch 074 |  Time(s) 0.0137 | RobustPrompt-T Loss 0.7330  
Epoch 075 |  Time(s) 0.0133 | RobustPrompt-T Loss 0.6258  
Epoch 076 |  Time(s) 0.0134 | RobustPrompt-T Loss 0.6644  
Epoch 077 |  Time(s) 0.0134 | RobustPrompt-T Loss 0.5721  
Epoch 078 |  Time(s) 0.0136 | RobustPrompt-T Loss 0.5981  
Epoch 079 |  Time(s) 0.0134 | RobustPrompt-T Loss 0.5813  
Epoch 080 |  Time(s) 0.0137 | RobustPrompt-T Loss 0.5128  
Epoch 081 |  Time(s) 0.0135 | RobustPrompt-T Loss 0.5393  
Epoch 082 |  Time(s) 0.0134 | RobustPrompt-T Loss 0.5717  
Epoch 083 |  Time(s) 0.0133 | RobustPrompt-T Loss 0.4613  
Epoch 084 |  Time(s) 0.0131 | RobustPrompt-T Loss 0.5847  
Epoch 085 |  Time(s) 0.0137 | RobustPrompt-T Loss 0.4530  
Epoch 086 |  Time(s) 0.0134 | RobustPrompt-T Loss 0.5709  
Epoch 087 |  Time(s) 0.0135 | RobustPrompt-T Loss 0.4990  
Epoch 088 |  Time(s) 0.0132 | RobustPrompt-T Loss 0.5162  
Epoch 089 |  Time(s) 0.0138 | RobustPrompt-T Loss 0.5084  
Epoch 090 |  Time(s) 0.0136 | RobustPrompt-T Loss 0.3988  
Epoch 091 |  Time(s) 0.0135 | RobustPrompt-T Loss 0.4560  
Epoch 092 |  Time(s) 0.0133 | RobustPrompt-T Loss 0.3635  
Epoch 093 |  Time(s) 0.0132 | RobustPrompt-T Loss 0.4932  
Epoch 094 |  Time(s) 0.0135 | RobustPrompt-T Loss 0.3516  
Epoch 095 |  Time(s) 0.0133 | RobustPrompt-T Loss 0.4268  
Epoch 096 |  Time(s) 0.0136 | RobustPrompt-T Loss 0.3668  
Epoch 097 |  Time(s) 0.0134 | RobustPrompt-T Loss 0.4283  
Epoch 098 |  Time(s) 0.0135 | RobustPrompt-T Loss 0.4173  
Epoch 099 |  Time(s) 0.0134 | RobustPrompt-T Loss 0.3094  
Epoch 100 |  Time(s) 0.0135 | RobustPrompt-T Loss 0.4168  
Epoch 101 |  Time(s) 0.0135 | RobustPrompt-T Loss 0.3413  
Epoch 102 |  Time(s) 0.0137 | RobustPrompt-T Loss 0.4386  
Epoch 103 |  Time(s) 0.0134 | RobustPrompt-T Loss 0.4433  
Epoch 104 |  Time(s) 0.0131 | RobustPrompt-T Loss 0.3203  
Epoch 105 |  Time(s) 0.0135 | RobustPrompt-T Loss 0.3795  
Epoch 106 |  Time(s) 0.0133 | RobustPrompt-T Loss 0.3742  
Epoch 107 |  Time(s) 0.0133 | RobustPrompt-T Loss 0.2699  
Epoch 108 |  Time(s) 0.0133 | RobustPrompt-T Loss 0.4068  
Epoch 109 |  Time(s) 0.0132 | RobustPrompt-T Loss 0.3824  
Epoch 110 |  Time(s) 0.0133 | RobustPrompt-T Loss 0.2701  
Epoch 111 |  Time(s) 0.0136 | RobustPrompt-T Loss 0.3332  
Epoch 112 |  Time(s) 0.0131 | RobustPrompt-T Loss 0.2677  
Epoch 113 |  Time(s) 0.0133 | RobustPrompt-T Loss 0.2705  
Epoch 114 |  Time(s) 0.0131 | RobustPrompt-T Loss 0.2836  
Epoch 115 |  Time(s) 0.0131 | RobustPrompt-T Loss 0.2244  
Epoch 116 |  Time(s) 0.0131 | RobustPrompt-T Loss 0.2905  
Epoch 117 |  Time(s) 0.0129 | RobustPrompt-T Loss 0.2564  
Epoch 118 |  Time(s) 0.0131 | RobustPrompt-T Loss 0.2326  
Epoch 119 |  Time(s) 0.0130 | RobustPrompt-T Loss 0.2331  
Epoch 120 |  Time(s) 0.0131 | RobustPrompt-T Loss 0.2139  
Epoch 121 |  Time(s) 0.0133 | RobustPrompt-T Loss 0.2882  
Epoch 122 |  Time(s) 0.0131 | RobustPrompt-T Loss 0.2217  
Epoch 123 |  Time(s) 0.0131 | RobustPrompt-T Loss 0.2322  
Epoch 124 |  Time(s) 0.0131 | RobustPrompt-T Loss 0.2401  
Epoch 125 |  Time(s) 0.0131 | RobustPrompt-T Loss 0.1916  
Epoch 126 |  Time(s) 0.0131 | RobustPrompt-T Loss 0.2070  
Epoch 127 |  Time(s) 0.0130 | RobustPrompt-T Loss 0.2161  
Epoch 128 |  Time(s) 0.0130 | RobustPrompt-T Loss 0.1743  
Epoch 129 |  Time(s) 0.0133 | RobustPrompt-T Loss 0.1792  
Epoch 130 |  Time(s) 0.0132 | RobustPrompt-T Loss 0.1963  
Epoch 131 |  Time(s) 0.0131 | RobustPrompt-T Loss 0.1882  
Epoch 132 |  Time(s) 0.0132 | RobustPrompt-T Loss 0.1878  
Epoch 133 |  Time(s) 0.0132 | RobustPrompt-T Loss 0.1679  
Epoch 134 |  Time(s) 0.0130 | RobustPrompt-T Loss 0.1705  
Epoch 135 |  Time(s) 0.0128 | RobustPrompt-T Loss 0.1842  
Epoch 136 |  Time(s) 0.0131 | RobustPrompt-T Loss 0.1636  
Epoch 137 |  Time(s) 0.0128 | RobustPrompt-T Loss 0.1509  
Epoch 138 |  Time(s) 0.0129 | RobustPrompt-T Loss 0.1524  
Epoch 139 |  Time(s) 0.0129 | RobustPrompt-T Loss 0.1491  
Epoch 140 |  Time(s) 0.0126 | RobustPrompt-T Loss 0.1386  
Epoch 141 |  Time(s) 0.0128 | RobustPrompt-T Loss 0.1653  
Epoch 142 |  Time(s) 0.0129 | RobustPrompt-T Loss 0.1584  
Epoch 143 |  Time(s) 0.0127 | RobustPrompt-T Loss 0.1509  
Epoch 144 |  Time(s) 0.0129 | RobustPrompt-T Loss 0.1342  
Epoch 145 |  Time(s) 0.0129 | RobustPrompt-T Loss 0.1373  
Epoch 146 |  Time(s) 0.0127 | RobustPrompt-T Loss 0.1347  
Epoch 147 |  Time(s) 0.0128 | RobustPrompt-T Loss 0.1258  
Epoch 148 |  Time(s) 0.0129 | RobustPrompt-T Loss 0.1328  
Epoch 149 |  Time(s) 0.0128 | RobustPrompt-T Loss 0.1248  
Epoch 150 |  Time(s) 0.0128 | RobustPrompt-T Loss 0.1214  
Epoch 151 |  Time(s) 0.0126 | RobustPrompt-T Loss 0.1245  
Epoch 152 |  Time(s) 0.0129 | RobustPrompt-T Loss 0.1176  
Epoch 153 |  Time(s) 0.0129 | RobustPrompt-T Loss 0.1139  
Epoch 154 |  Time(s) 0.0129 | RobustPrompt-T Loss 0.1135  
Epoch 155 |  Time(s) 0.0128 | RobustPrompt-T Loss 0.1082  
Epoch 156 |  Time(s) 0.0126 | RobustPrompt-T Loss 0.1115  
Epoch 157 |  Time(s) 0.0128 | RobustPrompt-T Loss 0.1108  
Epoch 158 |  Time(s) 0.0130 | RobustPrompt-T Loss 0.1045  
Epoch 159 |  Time(s) 0.0129 | RobustPrompt-T Loss 0.1029  
Epoch 160 |  Time(s) 0.0128 | RobustPrompt-T Loss 0.0995  
Epoch 161 |  Time(s) 0.0129 | RobustPrompt-T Loss 0.1063  
Epoch 162 |  Time(s) 0.0129 | RobustPrompt-T Loss 0.0984  
Epoch 163 |  Time(s) 0.0130 | RobustPrompt-T Loss 0.0960  
Epoch 164 |  Time(s) 0.0129 | RobustPrompt-T Loss 0.0988  
Epoch 165 |  Time(s) 0.0127 | RobustPrompt-T Loss 0.0896  
Epoch 166 |  Time(s) 0.0129 | RobustPrompt-T Loss 0.0923  
Epoch 167 |  Time(s) 0.0127 | RobustPrompt-T Loss 0.0914  
Epoch 168 |  Time(s) 0.0131 | RobustPrompt-T Loss 0.0859  
Epoch 169 |  Time(s) 0.0128 | RobustPrompt-T Loss 0.0916  
Epoch 170 |  Time(s) 0.0130 | RobustPrompt-T Loss 0.0848  
Epoch 171 |  Time(s) 0.0130 | RobustPrompt-T Loss 0.0844  
Epoch 172 |  Time(s) 0.0130 | RobustPrompt-T Loss 0.0839  
Epoch 173 |  Time(s) 0.0130 | RobustPrompt-T Loss 0.0804  
Epoch 174 |  Time(s) 0.0129 | RobustPrompt-T Loss 0.0813  
Epoch 175 |  Time(s) 0.0127 | RobustPrompt-T Loss 0.0781  
Epoch 176 |  Time(s) 0.0127 | RobustPrompt-T Loss 0.0775  
Epoch 177 |  Time(s) 0.0128 | RobustPrompt-T Loss 0.0785  
Epoch 178 |  Time(s) 0.0129 | RobustPrompt-T Loss 0.0754  
Epoch 179 |  Time(s) 0.0131 | RobustPrompt-T Loss 0.0785  
Epoch 180 |  Time(s) 0.0133 | RobustPrompt-T Loss 0.0749  
Epoch 181 |  Time(s) 0.0131 | RobustPrompt-T Loss 0.0739  
Epoch 182 |  Time(s) 0.0136 | RobustPrompt-T Loss 0.0731  
Epoch 183 |  Time(s) 0.0133 | RobustPrompt-T Loss 0.0707  
Epoch 184 |  Time(s) 0.0132 | RobustPrompt-T Loss 0.0721  
Epoch 185 |  Time(s) 0.0127 | RobustPrompt-T Loss 0.0696  
Epoch 186 |  Time(s) 0.0129 | RobustPrompt-T Loss 0.0696  
Epoch 187 |  Time(s) 0.0129 | RobustPrompt-T Loss 0.0682  
Epoch 188 |  Time(s) 0.0129 | RobustPrompt-T Loss 0.0678  
Epoch 189 |  Time(s) 0.0130 | RobustPrompt-T Loss 0.0662  
Epoch 190 |  Time(s) 0.0130 | RobustPrompt-T Loss 0.0654  
Epoch 191 |  Time(s) 0.0128 | RobustPrompt-T Loss 0.0651  
Epoch 192 |  Time(s) 0.0128 | RobustPrompt-T Loss 0.0636  
Epoch 193 |  Time(s) 0.0128 | RobustPrompt-T Loss 0.0655  
Epoch 194 |  Time(s) 0.0130 | RobustPrompt-T Loss 0.0625  
Epoch 195 |  Time(s) 0.0130 | RobustPrompt-T Loss 0.0625  
Epoch 196 |  Time(s) 0.0129 | RobustPrompt-T Loss 0.0635  
Epoch 197 |  Time(s) 0.0129 | RobustPrompt-T Loss 0.0627  
Epoch 198 |  Time(s) 0.0131 | RobustPrompt-T Loss 0.0598  
Epoch 199 |  Time(s) 0.0128 | RobustPrompt-T Loss 0.0595  
Epoch 200 |  Time(s) 0.0125 | RobustPrompt-T Loss 0.0600  
Final True Accuracy: 0.1669 | Macro F1 Score: 0.1670
Edge Detection Detail | source=filter_module | active=0 | n_edges=5835 | n_pos=610 | n_neg=5225 | pos_rate=0.1045 | pred_pos=5738 | pred_pos_rate=0.9834 | tp=610 | fp=5128 | fn=0 | tn=97 | precision=0.1063 | recall=1.0000 | f1=0.1922 | auc=0.8623 | ap=0.3969 | best_f1=0.5558 | best_threshold=0.9600 | best_precision=0.4452 | best_recall=0.7393 | best_pred_pos_rate=0.1736 | precision_at_k_pos=0.4984 | recall_at_k_pos=0.4984 | all_positive_f1=0.1893 | current_f1_minus_all_positive_f1=0.0029 | hard_mask_all_positive_like=0 | mode=original
Edge Detection Detail | source=tau_tune | active=1 | n_edges=5835 | n_pos=610 | n_neg=5225 | pos_rate=0.1045 | pred_pos=130 | pred_pos_rate=0.0223 | tp=42 | fp=88 | fn=568 | tn=5137 | precision=0.3231 | recall=0.0689 | f1=0.1135 | auc=0.6732 | ap=0.1986 | best_f1=0.2720 | best_threshold=0.0829 | best_precision=0.1794 | best_recall=0.5623 | best_pred_pos_rate=0.3277 | precision_at_k_pos=0.2213 | recall_at_k_pos=0.2213 | all_positive_f1=0.1893 | current_f1_minus_all_positive_f1=-0.0758 | hard_mask_all_positive_like=0
Tip Detection | tip=sim_pt | active=1 | node_precision=0.2092 | node_recall=0.3386 | node_f1=0.2586 | edge_precision=0.1389 | edge_recall=0.9934 | edge_f1=0.2437 | edge_auc=0.6371 | node_tp=150 | node_fp=567 | node_fn=293 | edge_tp=606 | edge_fp=3758 | edge_fn=4
Edge Detection Detail | source=sim_pt | active=1 | n_edges=5835 | n_pos=610 | n_neg=5225 | pos_rate=0.1045 | pred_pos=4364 | pred_pos_rate=0.7479 | tp=606 | fp=3758 | fn=4 | tn=1467 | precision=0.1389 | recall=0.9934 | f1=0.2437 | auc=0.6371 | ap=0.1386 | best_f1=nan | best_threshold=nan | best_precision=nan | best_recall=nan | best_pred_pos_rate=nan | precision_at_k_pos=nan | recall_at_k_pos=nan | all_positive_f1=0.1893 | current_f1_minus_all_positive_f1=0.0544 | hard_mask_all_positive_like=0
Tip Detection | tip=degree_pt | active=1 | node_precision=0.0000 | node_recall=0.0000 | node_f1=0.0000 | edge_precision=0.0000 | edge_recall=0.0000 | edge_f1=0.0000 | edge_auc=0.5000 | node_tp=0 | node_fp=0 | node_fn=443 | edge_tp=0 | edge_fp=0 | edge_fn=610
Edge Detection Detail | source=degree_pt | active=1 | n_edges=5835 | n_pos=610 | n_neg=5225 | pos_rate=0.1045 | pred_pos=0 | pred_pos_rate=0.0000 | tp=0 | fp=0 | fn=610 | tn=5225 | precision=0.0000 | recall=0.0000 | f1=0.0000 | auc=0.5000 | ap=0.1045 | best_f1=nan | best_threshold=nan | best_precision=nan | best_recall=nan | best_pred_pos_rate=nan | precision_at_k_pos=nan | recall_at_k_pos=nan | all_positive_f1=0.1893 | current_f1_minus_all_positive_f1=-0.1893 | hard_mask_all_positive_like=0
Tip Detection | tip=out_detect_pt | active=1 | node_precision=0.1640 | node_recall=1.0000 | node_f1=0.2817 | edge_precision=0.1045 | edge_recall=1.0000 | edge_f1=0.1893 | edge_auc=0.5000 | node_tp=443 | node_fp=2259 | node_fn=0 | edge_tp=610 | edge_fp=5225 | edge_fn=0
Edge Detection Detail | source=out_detect_pt | active=1 | n_edges=5835 | n_pos=610 | n_neg=5225 | pos_rate=0.1045 | pred_pos=5739 | pred_pos_rate=0.9835 | tp=610 | fp=5129 | fn=0 | tn=96 | precision=0.1063 | recall=1.0000 | f1=0.1922 | auc=0.8623 | ap=0.3969 | best_f1=0.5558 | best_threshold=0.9600 | best_precision=0.4452 | best_recall=0.7393 | best_pred_pos_rate=0.1736 | precision_at_k_pos=0.4984 | recall_at_k_pos=0.4984 | all_positive_f1=0.1893 | current_f1_minus_all_positive_f1=0.0029 | hard_mask_all_positive_like=0
best_loss [tensor(0.0600, device='cuda:0', grad_fn=<AddBackward0>)]
load LLC or attacked data with specified split
Successfully loaded the attack of dataname with few shot 5, split 1
Attack method : Meta_Self | Attack ptb : 0.1 | Dataset: Cora
======================
Number of graphs: 1
Number of features: 1433
Number of classes: 7

Data(x=[2708, 1433], edge_index=[2, 14378], y=[2708], train_mask=[2708], val_mask=[2708], test_mask=[2708])
===========================================================================================================
Number of nodes: 2708
Number of edges: 14378
Average node degree: 5.31
Has isolated nodes: False
Has self-loops: True
Is undirected: True
Pollution Diff | added_edges=610 | deleted_edges=53 | clean_edges=5278 | attack_edges=5835
GCN(
  (conv_layers): ModuleList(
    (0): GCNConv(1433, 256)
    (1): GCNConv(256, 256)
  )
)
Successfully loaded pre-trained weights!
use RobustPrompt Tranductive
defense pt dict :  {'sim_pt': 0.3, 'degree_pt': 1, 'out_detect_pt': 0.5, 'other_pt': 'all'}
use_attention :  False
cosine_constraint :  True
pt_threshold :  0.5
filter_module :  OriginalFilter
temperature :  1.0
weight_mse 0.1
weight_kl :  0.3
weight_constraint :  0.2
run RobustPrompt-T
Epoch 001 |  Time(s) 0.0140 | RobustPrompt-T Loss 1.9459  
Epoch 002 |  Time(s) 0.0131 | RobustPrompt-T Loss 1.9374  
Epoch 003 |  Time(s) 0.0128 | RobustPrompt-T Loss 1.9193  
Epoch 004 |  Time(s) 0.0127 | RobustPrompt-T Loss 1.9135  
Epoch 005 |  Time(s) 0.0129 | RobustPrompt-T Loss 1.8979  
Epoch 006 |  Time(s) 0.0126 | RobustPrompt-T Loss 1.8771  
Epoch 007 |  Time(s) 0.0128 | RobustPrompt-T Loss 1.8609  
Epoch 008 |  Time(s) 0.0127 | RobustPrompt-T Loss 1.8545  
Epoch 009 |  Time(s) 0.0125 | RobustPrompt-T Loss 1.8102  
Epoch 010 |  Time(s) 0.0127 | RobustPrompt-T Loss 1.7887  
Epoch 011 |  Time(s) 0.0128 | RobustPrompt-T Loss 1.7801  
Epoch 012 |  Time(s) 0.0129 | RobustPrompt-T Loss 1.8098  
Epoch 013 |  Time(s) 0.0126 | RobustPrompt-T Loss 1.8258  
Epoch 014 |  Time(s) 0.0126 | RobustPrompt-T Loss 1.7712  
Epoch 015 |  Time(s) 0.0128 | RobustPrompt-T Loss 1.7907  
Epoch 016 |  Time(s) 0.0126 | RobustPrompt-T Loss 1.7381  
Epoch 017 |  Time(s) 0.0126 | RobustPrompt-T Loss 1.7415  
Epoch 018 |  Time(s) 0.0125 | RobustPrompt-T Loss 1.7442  
Epoch 019 |  Time(s) 0.0126 | RobustPrompt-T Loss 1.7177  
Epoch 020 |  Time(s) 0.0128 | RobustPrompt-T Loss 1.7149  
Epoch 021 |  Time(s) 0.0130 | RobustPrompt-T Loss 1.7003  
Epoch 022 |  Time(s) 0.0129 | RobustPrompt-T Loss 1.7087  
Epoch 023 |  Time(s) 0.0127 | RobustPrompt-T Loss 1.7044  
Epoch 024 |  Time(s) 0.0126 | RobustPrompt-T Loss 1.6677  
Epoch 025 |  Time(s) 0.0128 | RobustPrompt-T Loss 1.6382  
Epoch 026 |  Time(s) 0.0126 | RobustPrompt-T Loss 1.6255  
Epoch 027 |  Time(s) 0.0128 | RobustPrompt-T Loss 1.5939  
Epoch 028 |  Time(s) 0.0126 | RobustPrompt-T Loss 1.6242  
Epoch 029 |  Time(s) 0.0125 | RobustPrompt-T Loss 1.6337  
Epoch 030 |  Time(s) 0.0127 | RobustPrompt-T Loss 1.6707  
Epoch 031 |  Time(s) 0.0127 | RobustPrompt-T Loss 1.5344  
Epoch 032 |  Time(s) 0.0126 | RobustPrompt-T Loss 1.6045  
Epoch 033 |  Time(s) 0.0127 | RobustPrompt-T Loss 1.4921  
Epoch 034 |  Time(s) 0.0128 | RobustPrompt-T Loss 1.5224  
Epoch 035 |  Time(s) 0.0126 | RobustPrompt-T Loss 1.5180  
Epoch 036 |  Time(s) 0.0127 | RobustPrompt-T Loss 1.4459  
Epoch 037 |  Time(s) 0.0127 | RobustPrompt-T Loss 1.4859  
Epoch 038 |  Time(s) 0.0126 | RobustPrompt-T Loss 1.3992  
Epoch 039 |  Time(s) 0.0128 | RobustPrompt-T Loss 1.4793  
Epoch 040 |  Time(s) 0.0126 | RobustPrompt-T Loss 1.4757  
Epoch 041 |  Time(s) 0.0126 | RobustPrompt-T Loss 1.3214  
Epoch 042 |  Time(s) 0.0127 | RobustPrompt-T Loss 1.3512  
Epoch 043 |  Time(s) 0.0129 | RobustPrompt-T Loss 1.2524  
Epoch 044 |  Time(s) 0.0128 | RobustPrompt-T Loss 1.3211  
Epoch 045 |  Time(s) 0.0127 | RobustPrompt-T Loss 1.1825  
Epoch 046 |  Time(s) 0.0127 | RobustPrompt-T Loss 1.2287  
Epoch 047 |  Time(s) 0.0130 | RobustPrompt-T Loss 1.2614  
Epoch 048 |  Time(s) 0.0126 | RobustPrompt-T Loss 1.1153  
Epoch 049 |  Time(s) 0.0126 | RobustPrompt-T Loss 1.2482  
Epoch 050 |  Time(s) 0.0126 | RobustPrompt-T Loss 1.0752  
Epoch 051 |  Time(s) 0.0128 | RobustPrompt-T Loss 1.0918  
Epoch 052 |  Time(s) 0.0126 | RobustPrompt-T Loss 1.1170  
Epoch 053 |  Time(s) 0.0128 | RobustPrompt-T Loss 1.0044  
Epoch 054 |  Time(s) 0.0127 | RobustPrompt-T Loss 0.9895  
Epoch 055 |  Time(s) 0.0126 | RobustPrompt-T Loss 1.0010  
Epoch 056 |  Time(s) 0.0127 | RobustPrompt-T Loss 0.9677  
Epoch 057 |  Time(s) 0.0128 | RobustPrompt-T Loss 0.8785  
Epoch 058 |  Time(s) 0.0126 | RobustPrompt-T Loss 0.9086  
Epoch 059 |  Time(s) 0.0126 | RobustPrompt-T Loss 0.8457  
Epoch 060 |  Time(s) 0.0128 | RobustPrompt-T Loss 0.7987  
Epoch 061 |  Time(s) 0.0125 | RobustPrompt-T Loss 0.7542  
Epoch 062 |  Time(s) 0.0127 | RobustPrompt-T Loss 0.7507  
Epoch 063 |  Time(s) 0.0124 | RobustPrompt-T Loss 0.6961  
Epoch 064 |  Time(s) 0.0129 | RobustPrompt-T Loss 0.6861  
Epoch 065 |  Time(s) 0.0128 | RobustPrompt-T Loss 0.6718  
Epoch 066 |  Time(s) 0.0127 | RobustPrompt-T Loss 0.6527  
Epoch 067 |  Time(s) 0.0130 | RobustPrompt-T Loss 0.6124  
Epoch 068 |  Time(s) 0.0126 | RobustPrompt-T Loss 0.5776  
Epoch 069 |  Time(s) 0.0127 | RobustPrompt-T Loss 0.5637  
Epoch 070 |  Time(s) 0.0130 | RobustPrompt-T Loss 0.5872  
Epoch 071 |  Time(s) 0.0127 | RobustPrompt-T Loss 0.5314  
Epoch 072 |  Time(s) 0.0126 | RobustPrompt-T Loss 0.5120  
Epoch 073 |  Time(s) 0.0125 | RobustPrompt-T Loss 0.5078  
Epoch 074 |  Time(s) 0.0126 | RobustPrompt-T Loss 0.5034  
Epoch 075 |  Time(s) 0.0126 | RobustPrompt-T Loss 0.5012  
Epoch 076 |  Time(s) 0.0127 | RobustPrompt-T Loss 0.4548  
Epoch 077 |  Time(s) 0.0126 | RobustPrompt-T Loss 0.4693  
Epoch 078 |  Time(s) 0.0127 | RobustPrompt-T Loss 0.4841  
Epoch 079 |  Time(s) 0.0128 | RobustPrompt-T Loss 0.4484  
Epoch 080 |  Time(s) 0.0125 | RobustPrompt-T Loss 0.4290  
Epoch 081 |  Time(s) 0.0127 | RobustPrompt-T Loss 0.4671  
Epoch 082 |  Time(s) 0.0125 | RobustPrompt-T Loss 0.4051  
Epoch 083 |  Time(s) 0.0125 | RobustPrompt-T Loss 0.4385  
Epoch 084 |  Time(s) 0.0125 | RobustPrompt-T Loss 0.3974  
Epoch 085 |  Time(s) 0.0127 | RobustPrompt-T Loss 0.3836  
Epoch 086 |  Time(s) 0.0126 | RobustPrompt-T Loss 0.4331  
Epoch 087 |  Time(s) 0.0125 | RobustPrompt-T Loss 0.3987  
Epoch 088 |  Time(s) 0.0127 | RobustPrompt-T Loss 0.4414  
Epoch 089 |  Time(s) 0.0125 | RobustPrompt-T Loss 0.3490  
Epoch 090 |  Time(s) 0.0126 | RobustPrompt-T Loss 0.3524  
Epoch 091 |  Time(s) 0.0128 | RobustPrompt-T Loss 0.4708  
Epoch 092 |  Time(s) 0.0126 | RobustPrompt-T Loss 0.3634  
Epoch 093 |  Time(s) 0.0126 | RobustPrompt-T Loss 0.6657  
Epoch 094 |  Time(s) 0.0128 | RobustPrompt-T Loss 0.6362  
Epoch 095 |  Time(s) 0.0126 | RobustPrompt-T Loss 0.3371  
Epoch 096 |  Time(s) 0.0127 | RobustPrompt-T Loss 0.3577  
Epoch 097 |  Time(s) 0.0128 | RobustPrompt-T Loss 0.3922  
Epoch 098 |  Time(s) 0.0126 | RobustPrompt-T Loss 0.3072  
Epoch 099 |  Time(s) 0.0128 | RobustPrompt-T Loss 0.4708  
Epoch 100 |  Time(s) 0.0130 | RobustPrompt-T Loss 0.4408  
Epoch 101 |  Time(s) 0.0131 | RobustPrompt-T Loss 0.3352  
Epoch 102 |  Time(s) 0.0126 | RobustPrompt-T Loss 0.3363  
Epoch 103 |  Time(s) 0.0128 | RobustPrompt-T Loss 0.3601  
Epoch 104 |  Time(s) 0.0126 | RobustPrompt-T Loss 0.3222  
Epoch 105 |  Time(s) 0.0127 | RobustPrompt-T Loss 0.3689  
Epoch 106 |  Time(s) 0.0128 | RobustPrompt-T Loss 0.3525  
Epoch 107 |  Time(s) 0.0126 | RobustPrompt-T Loss 0.3077  
Epoch 108 |  Time(s) 0.0126 | RobustPrompt-T Loss 0.2780  
Epoch 109 |  Time(s) 0.0125 | RobustPrompt-T Loss 0.3864  
Epoch 110 |  Time(s) 0.0128 | RobustPrompt-T Loss 0.3443  
Epoch 111 |  Time(s) 0.0128 | RobustPrompt-T Loss 0.2847  
Epoch 112 |  Time(s) 0.0128 | RobustPrompt-T Loss 0.2684  
Epoch 113 |  Time(s) 0.0126 | RobustPrompt-T Loss 0.3052  
Epoch 114 |  Time(s) 0.0126 | RobustPrompt-T Loss 0.2541  
Epoch 115 |  Time(s) 0.0127 | RobustPrompt-T Loss 0.3221  
Epoch 116 |  Time(s) 0.0126 | RobustPrompt-T Loss 0.3004  
Epoch 117 |  Time(s) 0.0127 | RobustPrompt-T Loss 0.2212  
Epoch 118 |  Time(s) 0.0127 | RobustPrompt-T Loss 0.2051  
Epoch 119 |  Time(s) 0.0125 | RobustPrompt-T Loss 0.2550  
Epoch 120 |  Time(s) 0.0128 | RobustPrompt-T Loss 0.2029  
Epoch 121 |  Time(s) 0.0127 | RobustPrompt-T Loss 0.3403  
Epoch 122 |  Time(s) 0.0130 | RobustPrompt-T Loss 0.3572  
Epoch 123 |  Time(s) 0.0125 | RobustPrompt-T Loss 0.1803  
Epoch 124 |  Time(s) 0.0126 | RobustPrompt-T Loss 0.2558  
Epoch 125 |  Time(s) 0.0124 | RobustPrompt-T Loss 0.1883  
Epoch 126 |  Time(s) 0.0126 | RobustPrompt-T Loss 0.2905  
Epoch 127 |  Time(s) 0.0128 | RobustPrompt-T Loss 0.3188  
Epoch 128 |  Time(s) 0.0126 | RobustPrompt-T Loss 0.2082  
Epoch 129 |  Time(s) 0.0128 | RobustPrompt-T Loss 0.2342  
Epoch 130 |  Time(s) 0.0128 | RobustPrompt-T Loss 0.2413  
Epoch 131 |  Time(s) 0.0129 | RobustPrompt-T Loss 0.1932  
Epoch 132 |  Time(s) 0.0126 | RobustPrompt-T Loss 0.2142  
Epoch 133 |  Time(s) 0.0126 | RobustPrompt-T Loss 0.2327  
Epoch 134 |  Time(s) 0.0128 | RobustPrompt-T Loss 0.1258  
Epoch 135 |  Time(s) 0.0126 | RobustPrompt-T Loss 0.2541  
Epoch 136 |  Time(s) 0.0126 | RobustPrompt-T Loss 0.1579  
Epoch 137 |  Time(s) 0.0128 | RobustPrompt-T Loss 0.2062  
Epoch 138 |  Time(s) 0.0126 | RobustPrompt-T Loss 0.2303  
Epoch 139 |  Time(s) 0.0125 | RobustPrompt-T Loss 0.1472  
Epoch 140 |  Time(s) 0.0126 | RobustPrompt-T Loss 0.1348  
Epoch 141 |  Time(s) 0.0128 | RobustPrompt-T Loss 0.1582  
Epoch 142 |  Time(s) 0.0127 | RobustPrompt-T Loss 0.1200  
Epoch 143 |  Time(s) 0.0125 | RobustPrompt-T Loss 0.1412  
Epoch 144 |  Time(s) 0.0126 | RobustPrompt-T Loss 0.1182  
Epoch 145 |  Time(s) 0.0128 | RobustPrompt-T Loss 0.1052  
Epoch 146 |  Time(s) 0.0126 | RobustPrompt-T Loss 0.1116  
Epoch 147 |  Time(s) 0.0126 | RobustPrompt-T Loss 0.1009  
Epoch 148 |  Time(s) 0.0128 | RobustPrompt-T Loss 0.0961  
Epoch 149 |  Time(s) 0.0126 | RobustPrompt-T Loss 0.1054  
Epoch 150 |  Time(s) 0.0126 | RobustPrompt-T Loss 0.0995  
Epoch 151 |  Time(s) 0.0128 | RobustPrompt-T Loss 0.0842  
Epoch 152 |  Time(s) 0.0126 | RobustPrompt-T Loss 0.0937  
Epoch 153 |  Time(s) 0.0128 | RobustPrompt-T Loss 0.0836  
Epoch 154 |  Time(s) 0.0126 | RobustPrompt-T Loss 0.0850  
Epoch 155 |  Time(s) 0.0126 | RobustPrompt-T Loss 0.1081  
Epoch 156 |  Time(s) 0.0127 | RobustPrompt-T Loss 0.0760  
Epoch 157 |  Time(s) 0.0127 | RobustPrompt-T Loss 0.0812  
Epoch 158 |  Time(s) 0.0125 | RobustPrompt-T Loss 0.0832  
Epoch 159 |  Time(s) 0.0126 | RobustPrompt-T Loss 0.0651  
Epoch 160 |  Time(s) 0.0129 | RobustPrompt-T Loss 0.0776  
Epoch 161 |  Time(s) 0.0126 | RobustPrompt-T Loss 0.0720  
Epoch 162 |  Time(s) 0.0128 | RobustPrompt-T Loss 0.0648  
Epoch 163 |  Time(s) 0.0126 | RobustPrompt-T Loss 0.0653  
Epoch 164 |  Time(s) 0.0125 | RobustPrompt-T Loss 0.0637  
Epoch 165 |  Time(s) 0.0128 | RobustPrompt-T Loss 0.0664  
Epoch 166 |  Time(s) 0.0127 | RobustPrompt-T Loss 0.0577  
Epoch 167 |  Time(s) 0.0125 | RobustPrompt-T Loss 0.0660  
Epoch 168 |  Time(s) 0.0127 | RobustPrompt-T Loss 0.0595  
Epoch 169 |  Time(s) 0.0124 | RobustPrompt-T Loss 0.0638  
Epoch 170 |  Time(s) 0.0126 | RobustPrompt-T Loss 0.0638  
Epoch 171 |  Time(s) 0.0125 | RobustPrompt-T Loss 0.0565  
Epoch 172 |  Time(s) 0.0127 | RobustPrompt-T Loss 0.0611  
Epoch 173 |  Time(s) 0.0126 | RobustPrompt-T Loss 0.0553  
Epoch 174 |  Time(s) 0.0126 | RobustPrompt-T Loss 0.0596  
Epoch 175 |  Time(s) 0.0127 | RobustPrompt-T Loss 0.0595  
Epoch 176 |  Time(s) 0.0127 | RobustPrompt-T Loss 0.0545  
Epoch 177 |  Time(s) 0.0126 | RobustPrompt-T Loss 0.0578  
Epoch 178 |  Time(s) 0.0126 | RobustPrompt-T Loss 0.0527  
Epoch 179 |  Time(s) 0.0128 | RobustPrompt-T Loss 0.0548  
Epoch 180 |  Time(s) 0.0125 | RobustPrompt-T Loss 0.0548  
Epoch 181 |  Time(s) 0.0126 | RobustPrompt-T Loss 0.0507  
Epoch 182 |  Time(s) 0.0129 | RobustPrompt-T Loss 0.0506  
Epoch 183 |  Time(s) 0.0125 | RobustPrompt-T Loss 0.0517  
Epoch 184 |  Time(s) 0.0126 | RobustPrompt-T Loss 0.0512  
Epoch 185 |  Time(s) 0.0126 | RobustPrompt-T Loss 0.0501  
Epoch 186 |  Time(s) 0.0126 | RobustPrompt-T Loss 0.0528  
Epoch 187 |  Time(s) 0.0127 | RobustPrompt-T Loss 0.0522  
Epoch 188 |  Time(s) 0.0126 | RobustPrompt-T Loss 0.0508  
Epoch 189 |  Time(s) 0.0125 | RobustPrompt-T Loss 0.0520  
Epoch 190 |  Time(s) 0.0126 | RobustPrompt-T Loss 0.0506  
Epoch 191 |  Time(s) 0.0125 | RobustPrompt-T Loss 0.0500  
Epoch 192 |  Time(s) 0.0128 | RobustPrompt-T Loss 0.0491  
Epoch 193 |  Time(s) 0.0126 | RobustPrompt-T Loss 0.0528  
Epoch 194 |  Time(s) 0.0126 | RobustPrompt-T Loss 0.0514  
Epoch 195 |  Time(s) 0.0125 | RobustPrompt-T Loss 0.0508  
Epoch 196 |  Time(s) 0.0127 | RobustPrompt-T Loss 0.0534  
Epoch 197 |  Time(s) 0.0127 | RobustPrompt-T Loss 0.0508  
Epoch 198 |  Time(s) 0.0132 | RobustPrompt-T Loss 0.0480  
Epoch 199 |  Time(s) 0.0134 | RobustPrompt-T Loss 0.0481  
Epoch 200 |  Time(s) 0.0135 | RobustPrompt-T Loss 0.0492  
Final True Accuracy: 0.1678 | Macro F1 Score: 0.1595
Edge Detection Detail | source=filter_module | active=0 | n_edges=5835 | n_pos=610 | n_neg=5225 | pos_rate=0.1045 | pred_pos=5738 | pred_pos_rate=0.9834 | tp=610 | fp=5128 | fn=0 | tn=97 | precision=0.1063 | recall=1.0000 | f1=0.1922 | auc=0.8623 | ap=0.3969 | best_f1=0.5558 | best_threshold=0.9600 | best_precision=0.4452 | best_recall=0.7393 | best_pred_pos_rate=0.1736 | precision_at_k_pos=0.4984 | recall_at_k_pos=0.4984 | all_positive_f1=0.1893 | current_f1_minus_all_positive_f1=0.0029 | hard_mask_all_positive_like=0 | mode=original
Edge Detection Detail | source=tau_tune | active=1 | n_edges=5835 | n_pos=610 | n_neg=5225 | pos_rate=0.1045 | pred_pos=75 | pred_pos_rate=0.0129 | tp=32 | fp=43 | fn=578 | tn=5182 | precision=0.4267 | recall=0.0525 | f1=0.0934 | auc=0.7261 | ap=0.2548 | best_f1=0.3176 | best_threshold=0.1030 | best_precision=0.2519 | best_recall=0.4295 | best_pred_pos_rate=0.1782 | precision_at_k_pos=0.2951 | recall_at_k_pos=0.2951 | all_positive_f1=0.1893 | current_f1_minus_all_positive_f1=-0.0959 | hard_mask_all_positive_like=0
Tip Detection | tip=sim_pt | active=1 | node_precision=0.2092 | node_recall=0.3386 | node_f1=0.2586 | edge_precision=0.1389 | edge_recall=0.9934 | edge_f1=0.2437 | edge_auc=0.6371 | node_tp=150 | node_fp=567 | node_fn=293 | edge_tp=606 | edge_fp=3758 | edge_fn=4
Edge Detection Detail | source=sim_pt | active=1 | n_edges=5835 | n_pos=610 | n_neg=5225 | pos_rate=0.1045 | pred_pos=4364 | pred_pos_rate=0.7479 | tp=606 | fp=3758 | fn=4 | tn=1467 | precision=0.1389 | recall=0.9934 | f1=0.2437 | auc=0.6371 | ap=0.1386 | best_f1=nan | best_threshold=nan | best_precision=nan | best_recall=nan | best_pred_pos_rate=nan | precision_at_k_pos=nan | recall_at_k_pos=nan | all_positive_f1=0.1893 | current_f1_minus_all_positive_f1=0.0544 | hard_mask_all_positive_like=0
Tip Detection | tip=degree_pt | active=1 | node_precision=0.0000 | node_recall=0.0000 | node_f1=0.0000 | edge_precision=0.0000 | edge_recall=0.0000 | edge_f1=0.0000 | edge_auc=0.5000 | node_tp=0 | node_fp=0 | node_fn=443 | edge_tp=0 | edge_fp=0 | edge_fn=610
Edge Detection Detail | source=degree_pt | active=1 | n_edges=5835 | n_pos=610 | n_neg=5225 | pos_rate=0.1045 | pred_pos=0 | pred_pos_rate=0.0000 | tp=0 | fp=0 | fn=610 | tn=5225 | precision=0.0000 | recall=0.0000 | f1=0.0000 | auc=0.5000 | ap=0.1045 | best_f1=nan | best_threshold=nan | best_precision=nan | best_recall=nan | best_pred_pos_rate=nan | precision_at_k_pos=nan | recall_at_k_pos=nan | all_positive_f1=0.1893 | current_f1_minus_all_positive_f1=-0.1893 | hard_mask_all_positive_like=0
Tip Detection | tip=out_detect_pt | active=1 | node_precision=0.1640 | node_recall=1.0000 | node_f1=0.2817 | edge_precision=0.1045 | edge_recall=1.0000 | edge_f1=0.1893 | edge_auc=0.5000 | node_tp=443 | node_fp=2259 | node_fn=0 | edge_tp=610 | edge_fp=5225 | edge_fn=0
Edge Detection Detail | source=out_detect_pt | active=1 | n_edges=5835 | n_pos=610 | n_neg=5225 | pos_rate=0.1045 | pred_pos=5739 | pred_pos_rate=0.9835 | tp=610 | fp=5129 | fn=0 | tn=96 | precision=0.1063 | recall=1.0000 | f1=0.1922 | auc=0.8623 | ap=0.3969 | best_f1=0.5558 | best_threshold=0.9600 | best_precision=0.4452 | best_recall=0.7393 | best_pred_pos_rate=0.1736 | precision_at_k_pos=0.4984 | recall_at_k_pos=0.4984 | all_positive_f1=0.1893 | current_f1_minus_all_positive_f1=0.0029 | hard_mask_all_positive_like=0
best_loss [tensor(0.0492, device='cuda:0', grad_fn=<AddBackward0>)]
load LLC or attacked data with specified split
Successfully loaded the attack of dataname with few shot 5, split 1
Attack method : Meta_Self | Attack ptb : 0.1 | Dataset: Cora
======================
Number of graphs: 1
Number of features: 1433
Number of classes: 7

Data(x=[2708, 1433], edge_index=[2, 14378], y=[2708], train_mask=[2708], val_mask=[2708], test_mask=[2708])
===========================================================================================================
Number of nodes: 2708
Number of edges: 14378
Average node degree: 5.31
Has isolated nodes: False
Has self-loops: True
Is undirected: True
Pollution Diff | added_edges=610 | deleted_edges=53 | clean_edges=5278 | attack_edges=5835
GCN(
  (conv_layers): ModuleList(
    (0): GCNConv(1433, 256)
    (1): GCNConv(256, 256)
  )
)
Successfully loaded pre-trained weights!
use RobustPrompt Tranductive
defense pt dict :  {'sim_pt': 0.3, 'degree_pt': 1, 'out_detect_pt': 0.5, 'other_pt': 'all'}
use_attention :  False
cosine_constraint :  True
pt_threshold :  0.5
filter_module :  OriginalFilter
temperature :  1.0
weight_mse 0.1
weight_kl :  0.3
weight_constraint :  0.2
run RobustPrompt-T
Epoch 001 |  Time(s) 0.0145 | RobustPrompt-T Loss 1.9487  
Epoch 002 |  Time(s) 0.0133 | RobustPrompt-T Loss 1.9283  
Epoch 003 |  Time(s) 0.0129 | RobustPrompt-T Loss 1.9266  
Epoch 004 |  Time(s) 0.0129 | RobustPrompt-T Loss 1.9161  
Epoch 005 |  Time(s) 0.0129 | RobustPrompt-T Loss 1.8989  
Epoch 006 |  Time(s) 0.0130 | RobustPrompt-T Loss 1.8912  
Epoch 007 |  Time(s) 0.0130 | RobustPrompt-T Loss 1.8797  
Epoch 008 |  Time(s) 0.0130 | RobustPrompt-T Loss 1.8454  
Epoch 009 |  Time(s) 0.0130 | RobustPrompt-T Loss 1.8268  
Epoch 010 |  Time(s) 0.0131 | RobustPrompt-T Loss 1.7942  
Epoch 011 |  Time(s) 0.0129 | RobustPrompt-T Loss 1.7767  
Epoch 012 |  Time(s) 0.0128 | RobustPrompt-T Loss 1.7735  
Epoch 013 |  Time(s) 0.0131 | RobustPrompt-T Loss 1.7994  
Epoch 014 |  Time(s) 0.0130 | RobustPrompt-T Loss 1.7829  
Epoch 015 |  Time(s) 0.0131 | RobustPrompt-T Loss 1.7726  
Epoch 016 |  Time(s) 0.0129 | RobustPrompt-T Loss 1.7616  
Epoch 017 |  Time(s) 0.0130 | RobustPrompt-T Loss 1.7377  
Epoch 018 |  Time(s) 0.0130 | RobustPrompt-T Loss 1.7370  
Epoch 019 |  Time(s) 0.0131 | RobustPrompt-T Loss 1.7143  
Epoch 020 |  Time(s) 0.0131 | RobustPrompt-T Loss 1.7087  
Epoch 021 |  Time(s) 0.0129 | RobustPrompt-T Loss 1.7041  
Epoch 022 |  Time(s) 0.0130 | RobustPrompt-T Loss 1.6844  
Epoch 023 |  Time(s) 0.0131 | RobustPrompt-T Loss 1.6793  
Epoch 024 |  Time(s) 0.0129 | RobustPrompt-T Loss 1.6471  
Epoch 025 |  Time(s) 0.0127 | RobustPrompt-T Loss 1.6328  
Epoch 026 |  Time(s) 0.0129 | RobustPrompt-T Loss 1.6012  
Epoch 027 |  Time(s) 0.0129 | RobustPrompt-T Loss 1.5978  
Epoch 028 |  Time(s) 0.0128 | RobustPrompt-T Loss 1.7024  
Epoch 029 |  Time(s) 0.0129 | RobustPrompt-T Loss 1.6198  
Epoch 030 |  Time(s) 0.0130 | RobustPrompt-T Loss 1.5512  
Epoch 031 |  Time(s) 0.0131 | RobustPrompt-T Loss 1.6254  
Epoch 032 |  Time(s) 0.0130 | RobustPrompt-T Loss 1.4601  
Epoch 033 |  Time(s) 0.0130 | RobustPrompt-T Loss 1.5785  
Epoch 034 |  Time(s) 0.0130 | RobustPrompt-T Loss 1.4371  
Epoch 035 |  Time(s) 0.0131 | RobustPrompt-T Loss 1.5341  
Epoch 036 |  Time(s) 0.0131 | RobustPrompt-T Loss 1.3940  
Epoch 037 |  Time(s) 0.0131 | RobustPrompt-T Loss 1.4451  
Epoch 038 |  Time(s) 0.0131 | RobustPrompt-T Loss 1.3496  
Epoch 039 |  Time(s) 0.0131 | RobustPrompt-T Loss 1.3677  
Epoch 040 |  Time(s) 0.0129 | RobustPrompt-T Loss 1.3525  
Epoch 041 |  Time(s) 0.0132 | RobustPrompt-T Loss 1.2879  
Epoch 042 |  Time(s) 0.0130 | RobustPrompt-T Loss 1.2688  
Epoch 043 |  Time(s) 0.0130 | RobustPrompt-T Loss 1.2607  
Epoch 044 |  Time(s) 0.0130 | RobustPrompt-T Loss 1.2485  
Epoch 045 |  Time(s) 0.0130 | RobustPrompt-T Loss 1.1991  
Epoch 046 |  Time(s) 0.0131 | RobustPrompt-T Loss 1.2054  
Epoch 047 |  Time(s) 0.0134 | RobustPrompt-T Loss 1.1846  
Epoch 048 |  Time(s) 0.0134 | RobustPrompt-T Loss 1.1617  
Epoch 049 |  Time(s) 0.0132 | RobustPrompt-T Loss 1.0982  
Epoch 050 |  Time(s) 0.0130 | RobustPrompt-T Loss 1.0811  
Epoch 051 |  Time(s) 0.0135 | RobustPrompt-T Loss 1.0737  
Epoch 052 |  Time(s) 0.0132 | RobustPrompt-T Loss 1.1586  
Epoch 053 |  Time(s) 0.0130 | RobustPrompt-T Loss 1.0539  
Epoch 054 |  Time(s) 0.0134 | RobustPrompt-T Loss 1.0006  
Epoch 055 |  Time(s) 0.0137 | RobustPrompt-T Loss 0.9648  
Epoch 056 |  Time(s) 0.0133 | RobustPrompt-T Loss 0.9903  
Epoch 057 |  Time(s) 0.0137 | RobustPrompt-T Loss 0.9842  
Epoch 058 |  Time(s) 0.0132 | RobustPrompt-T Loss 0.9721  
Epoch 059 |  Time(s) 0.0130 | RobustPrompt-T Loss 0.8909  
Epoch 060 |  Time(s) 0.0131 | RobustPrompt-T Loss 0.8858  
Epoch 061 |  Time(s) 0.0126 | RobustPrompt-T Loss 1.0372  
Epoch 062 |  Time(s) 0.0132 | RobustPrompt-T Loss 0.8243  
Epoch 063 |  Time(s) 0.0128 | RobustPrompt-T Loss 1.0647  
Epoch 064 |  Time(s) 0.0132 | RobustPrompt-T Loss 0.9120  
Epoch 065 |  Time(s) 0.0131 | RobustPrompt-T Loss 1.1730  
Epoch 066 |  Time(s) 0.0130 | RobustPrompt-T Loss 1.2419  
Epoch 067 |  Time(s) 0.0126 | RobustPrompt-T Loss 0.7371  
Epoch 068 |  Time(s) 0.0129 | RobustPrompt-T Loss 1.0859  
Epoch 069 |  Time(s) 0.0131 | RobustPrompt-T Loss 1.1306  
Epoch 070 |  Time(s) 0.0130 | RobustPrompt-T Loss 0.7800  
Epoch 071 |  Time(s) 0.0129 | RobustPrompt-T Loss 1.0382  
Epoch 072 |  Time(s) 0.0130 | RobustPrompt-T Loss 1.3538  
Epoch 073 |  Time(s) 0.0131 | RobustPrompt-T Loss 0.9693  
Epoch 074 |  Time(s) 0.0129 | RobustPrompt-T Loss 0.7143  
Epoch 075 |  Time(s) 0.0128 | RobustPrompt-T Loss 0.8474  
Epoch 076 |  Time(s) 0.0130 | RobustPrompt-T Loss 0.7231  
Epoch 077 |  Time(s) 0.0129 | RobustPrompt-T Loss 0.7453  
Epoch 078 |  Time(s) 0.0128 | RobustPrompt-T Loss 0.8431  
Epoch 079 |  Time(s) 0.0129 | RobustPrompt-T Loss 0.7119  
Epoch 080 |  Time(s) 0.0124 | RobustPrompt-T Loss 0.7617  
Epoch 081 |  Time(s) 0.0127 | RobustPrompt-T Loss 0.8342  
Epoch 082 |  Time(s) 0.0123 | RobustPrompt-T Loss 0.6596  
Epoch 083 |  Time(s) 0.0125 | RobustPrompt-T Loss 0.7144  
Epoch 084 |  Time(s) 0.0130 | RobustPrompt-T Loss 0.6935  
Epoch 085 |  Time(s) 0.0128 | RobustPrompt-T Loss 0.6041  
Epoch 086 |  Time(s) 0.0125 | RobustPrompt-T Loss 0.6461  
Epoch 087 |  Time(s) 0.0129 | RobustPrompt-T Loss 0.6073  
Epoch 088 |  Time(s) 0.0129 | RobustPrompt-T Loss 0.6512  
Epoch 089 |  Time(s) 0.0131 | RobustPrompt-T Loss 0.6369  
Epoch 090 |  Time(s) 0.0125 | RobustPrompt-T Loss 0.5737  
Epoch 091 |  Time(s) 0.0126 | RobustPrompt-T Loss 0.5632  
Epoch 092 |  Time(s) 0.0129 | RobustPrompt-T Loss 0.5900  
Epoch 093 |  Time(s) 0.0127 | RobustPrompt-T Loss 0.5052  
Epoch 094 |  Time(s) 0.0130 | RobustPrompt-T Loss 0.5767  
Epoch 095 |  Time(s) 0.0130 | RobustPrompt-T Loss 0.5062  
Epoch 096 |  Time(s) 0.0128 | RobustPrompt-T Loss 0.5403  
Epoch 097 |  Time(s) 0.0124 | RobustPrompt-T Loss 0.4625  
Epoch 098 |  Time(s) 0.0128 | RobustPrompt-T Loss 0.4677  
Epoch 099 |  Time(s) 0.0130 | RobustPrompt-T Loss 0.4488  
Epoch 100 |  Time(s) 0.0129 | RobustPrompt-T Loss 0.4213  
Epoch 101 |  Time(s) 0.0127 | RobustPrompt-T Loss 0.4427  
Epoch 102 |  Time(s) 0.0129 | RobustPrompt-T Loss 0.4016  
Epoch 103 |  Time(s) 0.0126 | RobustPrompt-T Loss 0.4082  
Epoch 104 |  Time(s) 0.0125 | RobustPrompt-T Loss 0.3719  
Epoch 105 |  Time(s) 0.0125 | RobustPrompt-T Loss 0.3706  
Epoch 106 |  Time(s) 0.0131 | RobustPrompt-T Loss 0.3492  
Epoch 107 |  Time(s) 0.0129 | RobustPrompt-T Loss 0.3384  
Epoch 108 |  Time(s) 0.0131 | RobustPrompt-T Loss 0.3438  
Epoch 109 |  Time(s) 0.0131 | RobustPrompt-T Loss 0.3077  
Epoch 110 |  Time(s) 0.0130 | RobustPrompt-T Loss 0.3130  
Epoch 111 |  Time(s) 0.0129 | RobustPrompt-T Loss 0.2948  
Epoch 112 |  Time(s) 0.0128 | RobustPrompt-T Loss 0.3073  
Epoch 113 |  Time(s) 0.0131 | RobustPrompt-T Loss 0.2763  
Epoch 114 |  Time(s) 0.0132 | RobustPrompt-T Loss 0.2458  
Epoch 115 |  Time(s) 0.0129 | RobustPrompt-T Loss 0.2688  
Epoch 116 |  Time(s) 0.0129 | RobustPrompt-T Loss 0.2240  
Epoch 117 |  Time(s) 0.0129 | RobustPrompt-T Loss 0.2158  
Epoch 118 |  Time(s) 0.0129 | RobustPrompt-T Loss 0.2034  
Epoch 119 |  Time(s) 0.0130 | RobustPrompt-T Loss 0.2054  
Epoch 120 |  Time(s) 0.0129 | RobustPrompt-T Loss 0.1933  
Epoch 121 |  Time(s) 0.0132 | RobustPrompt-T Loss 0.1795  
Epoch 122 |  Time(s) 0.0130 | RobustPrompt-T Loss 0.1780  
Epoch 123 |  Time(s) 0.0130 | RobustPrompt-T Loss 0.1619  
Epoch 124 |  Time(s) 0.0130 | RobustPrompt-T Loss 0.1711  
Epoch 125 |  Time(s) 0.0127 | RobustPrompt-T Loss 0.1551  
Epoch 126 |  Time(s) 0.0129 | RobustPrompt-T Loss 0.1542  
Epoch 127 |  Time(s) 0.0130 | RobustPrompt-T Loss 0.1441  
Epoch 128 |  Time(s) 0.0124 | RobustPrompt-T Loss 0.1551  
Epoch 129 |  Time(s) 0.0126 | RobustPrompt-T Loss 0.1399  
Epoch 130 |  Time(s) 0.0127 | RobustPrompt-T Loss 0.1353  
Epoch 131 |  Time(s) 0.0125 | RobustPrompt-T Loss 0.1360  
Epoch 132 |  Time(s) 0.0128 | RobustPrompt-T Loss 0.1448  
Epoch 133 |  Time(s) 0.0127 | RobustPrompt-T Loss 0.1458  
Epoch 134 |  Time(s) 0.0124 | RobustPrompt-T Loss 0.1319  
Epoch 135 |  Time(s) 0.0129 | RobustPrompt-T Loss 0.1603  
Epoch 136 |  Time(s) 0.0128 | RobustPrompt-T Loss 0.1547  
Epoch 137 |  Time(s) 0.0128 | RobustPrompt-T Loss 0.1270  
Epoch 138 |  Time(s) 0.0127 | RobustPrompt-T Loss 0.1301  
Epoch 139 |  Time(s) 0.0131 | RobustPrompt-T Loss 0.1161  
Epoch 140 |  Time(s) 0.0132 | RobustPrompt-T Loss 0.1250  
Epoch 141 |  Time(s) 0.0133 | RobustPrompt-T Loss 0.1005  
Epoch 142 |  Time(s) 0.0131 | RobustPrompt-T Loss 0.1144  
Epoch 143 |  Time(s) 0.0129 | RobustPrompt-T Loss 0.1047  
Epoch 144 |  Time(s) 0.0130 | RobustPrompt-T Loss 0.1085  
Epoch 145 |  Time(s) 0.0130 | RobustPrompt-T Loss 0.1049  
Epoch 146 |  Time(s) 0.0132 | RobustPrompt-T Loss 0.1032  
Epoch 147 |  Time(s) 0.0136 | RobustPrompt-T Loss 0.0949  
Epoch 148 |  Time(s) 0.0131 | RobustPrompt-T Loss 0.0980  
Epoch 149 |  Time(s) 0.0131 | RobustPrompt-T Loss 0.0924  
Epoch 150 |  Time(s) 0.0142 | RobustPrompt-T Loss 0.1002  
Epoch 151 |  Time(s) 0.0130 | RobustPrompt-T Loss 0.0890  
Epoch 152 |  Time(s) 0.0133 | RobustPrompt-T Loss 0.0892  
Epoch 153 |  Time(s) 0.0130 | RobustPrompt-T Loss 0.0837  
Epoch 154 |  Time(s) 0.0131 | RobustPrompt-T Loss 0.0889  
Epoch 155 |  Time(s) 0.0133 | RobustPrompt-T Loss 0.0853  
Epoch 156 |  Time(s) 0.0132 | RobustPrompt-T Loss 0.0878  
Epoch 157 |  Time(s) 0.0133 | RobustPrompt-T Loss 0.0831  
Epoch 158 |  Time(s) 0.0136 | RobustPrompt-T Loss 0.0836  
Epoch 159 |  Time(s) 0.0123 | RobustPrompt-T Loss 0.0787  
Epoch 160 |  Time(s) 0.0134 | RobustPrompt-T Loss 0.0798  
Epoch 161 |  Time(s) 0.0131 | RobustPrompt-T Loss 0.0764  
Epoch 162 |  Time(s) 0.0133 | RobustPrompt-T Loss 0.0826  
Epoch 163 |  Time(s) 0.0139 | RobustPrompt-T Loss 0.0787  
Epoch 164 |  Time(s) 0.0129 | RobustPrompt-T Loss 0.0776  
Epoch 165 |  Time(s) 0.0126 | RobustPrompt-T Loss 0.0770  
Epoch 166 |  Time(s) 0.0133 | RobustPrompt-T Loss 0.0724  
Epoch 167 |  Time(s) 0.0132 | RobustPrompt-T Loss 0.0740  
Epoch 168 |  Time(s) 0.0132 | RobustPrompt-T Loss 0.0674  
Epoch 169 |  Time(s) 0.0130 | RobustPrompt-T Loss 0.0745  
Epoch 170 |  Time(s) 0.0133 | RobustPrompt-T Loss 0.0690  
Epoch 171 |  Time(s) 0.0131 | RobustPrompt-T Loss 0.0645  
Epoch 172 |  Time(s) 0.0130 | RobustPrompt-T Loss 0.0715  
Epoch 173 |  Time(s) 0.0135 | RobustPrompt-T Loss 0.0656  
Epoch 174 |  Time(s) 0.0133 | RobustPrompt-T Loss 0.0646  
Epoch 175 |  Time(s) 0.0134 | RobustPrompt-T Loss 0.0636  
Epoch 176 |  Time(s) 0.0133 | RobustPrompt-T Loss 0.0672  
Epoch 177 |  Time(s) 0.0132 | RobustPrompt-T Loss 0.0628  
Epoch 178 |  Time(s) 0.0133 | RobustPrompt-T Loss 0.0622  
Epoch 179 |  Time(s) 0.0134 | RobustPrompt-T Loss 0.0613  
Epoch 180 |  Time(s) 0.0135 | RobustPrompt-T Loss 0.0660  
Epoch 181 |  Time(s) 0.0133 | RobustPrompt-T Loss 0.0606  
Epoch 182 |  Time(s) 0.0133 | RobustPrompt-T Loss 0.0604  
Epoch 183 |  Time(s) 0.0131 | RobustPrompt-T Loss 0.0596  
Epoch 184 |  Time(s) 0.0132 | RobustPrompt-T Loss 0.0637  
Epoch 185 |  Time(s) 0.0133 | RobustPrompt-T Loss 0.0601  
Epoch 186 |  Time(s) 0.0136 | RobustPrompt-T Loss 0.0591  
Epoch 187 |  Time(s) 0.0132 | RobustPrompt-T Loss 0.0619  
Epoch 188 |  Time(s) 0.0132 | RobustPrompt-T Loss 0.0584  
Epoch 189 |  Time(s) 0.0133 | RobustPrompt-T Loss 0.0581  
Epoch 190 |  Time(s) 0.0136 | RobustPrompt-T Loss 0.0564  
Epoch 191 |  Time(s) 0.0135 | RobustPrompt-T Loss 0.0614  
Epoch 192 |  Time(s) 0.0129 | RobustPrompt-T Loss 0.0560  
Epoch 193 |  Time(s) 0.0132 | RobustPrompt-T Loss 0.0554  
Epoch 194 |  Time(s) 0.0134 | RobustPrompt-T Loss 0.0563  
Epoch 195 |  Time(s) 0.0133 | RobustPrompt-T Loss 0.0554  
Epoch 196 |  Time(s) 0.0132 | RobustPrompt-T Loss 0.0573  
Epoch 197 |  Time(s) 0.0134 | RobustPrompt-T Loss 0.0601  
Epoch 198 |  Time(s) 0.0130 | RobustPrompt-T Loss 0.0560  
Epoch 199 |  Time(s) 0.0131 | RobustPrompt-T Loss 0.0547  
Epoch 200 |  Time(s) 0.0130 | RobustPrompt-T Loss 0.0541  
Final True Accuracy: 0.1437 | Macro F1 Score: 0.1362
Edge Detection Detail | source=filter_module | active=0 | n_edges=5835 | n_pos=610 | n_neg=5225 | pos_rate=0.1045 | pred_pos=5738 | pred_pos_rate=0.9834 | tp=610 | fp=5128 | fn=0 | tn=97 | precision=0.1063 | recall=1.0000 | f1=0.1922 | auc=0.8623 | ap=0.3969 | best_f1=0.5558 | best_threshold=0.9600 | best_precision=0.4452 | best_recall=0.7393 | best_pred_pos_rate=0.1736 | precision_at_k_pos=0.4984 | recall_at_k_pos=0.4984 | all_positive_f1=0.1893 | current_f1_minus_all_positive_f1=0.0029 | hard_mask_all_positive_like=0 | mode=original
Edge Detection Detail | source=tau_tune | active=1 | n_edges=5835 | n_pos=610 | n_neg=5225 | pos_rate=0.1045 | pred_pos=238 | pred_pos_rate=0.0408 | tp=69 | fp=169 | fn=541 | tn=5056 | precision=0.2899 | recall=0.1131 | f1=0.1627 | auc=0.6802 | ap=0.2037 | best_f1=0.2651 | best_threshold=0.0976 | best_precision=0.1696 | best_recall=0.6066 | best_pred_pos_rate=0.3738 | precision_at_k_pos=0.2213 | recall_at_k_pos=0.2213 | all_positive_f1=0.1893 | current_f1_minus_all_positive_f1=-0.0266 | hard_mask_all_positive_like=0
Tip Detection | tip=sim_pt | active=1 | node_precision=0.2092 | node_recall=0.3386 | node_f1=0.2586 | edge_precision=0.1389 | edge_recall=0.9934 | edge_f1=0.2437 | edge_auc=0.6371 | node_tp=150 | node_fp=567 | node_fn=293 | edge_tp=606 | edge_fp=3758 | edge_fn=4
Edge Detection Detail | source=sim_pt | active=1 | n_edges=5835 | n_pos=610 | n_neg=5225 | pos_rate=0.1045 | pred_pos=4364 | pred_pos_rate=0.7479 | tp=606 | fp=3758 | fn=4 | tn=1467 | precision=0.1389 | recall=0.9934 | f1=0.2437 | auc=0.6371 | ap=0.1386 | best_f1=nan | best_threshold=nan | best_precision=nan | best_recall=nan | best_pred_pos_rate=nan | precision_at_k_pos=nan | recall_at_k_pos=nan | all_positive_f1=0.1893 | current_f1_minus_all_positive_f1=0.0544 | hard_mask_all_positive_like=0
Tip Detection | tip=degree_pt | active=1 | node_precision=0.0000 | node_recall=0.0000 | node_f1=0.0000 | edge_precision=0.0000 | edge_recall=0.0000 | edge_f1=0.0000 | edge_auc=0.5000 | node_tp=0 | node_fp=0 | node_fn=443 | edge_tp=0 | edge_fp=0 | edge_fn=610
Edge Detection Detail | source=degree_pt | active=1 | n_edges=5835 | n_pos=610 | n_neg=5225 | pos_rate=0.1045 | pred_pos=0 | pred_pos_rate=0.0000 | tp=0 | fp=0 | fn=610 | tn=5225 | precision=0.0000 | recall=0.0000 | f1=0.0000 | auc=0.5000 | ap=0.1045 | best_f1=nan | best_threshold=nan | best_precision=nan | best_recall=nan | best_pred_pos_rate=nan | precision_at_k_pos=nan | recall_at_k_pos=nan | all_positive_f1=0.1893 | current_f1_minus_all_positive_f1=-0.1893 | hard_mask_all_positive_like=0
Tip Detection | tip=out_detect_pt | active=1 | node_precision=0.1640 | node_recall=1.0000 | node_f1=0.2817 | edge_precision=0.1045 | edge_recall=1.0000 | edge_f1=0.1893 | edge_auc=0.5000 | node_tp=443 | node_fp=2259 | node_fn=0 | edge_tp=610 | edge_fp=5225 | edge_fn=0
Edge Detection Detail | source=out_detect_pt | active=1 | n_edges=5835 | n_pos=610 | n_neg=5225 | pos_rate=0.1045 | pred_pos=5739 | pred_pos_rate=0.9835 | tp=610 | fp=5129 | fn=0 | tn=96 | precision=0.1063 | recall=1.0000 | f1=0.1922 | auc=0.8623 | ap=0.3969 | best_f1=0.5558 | best_threshold=0.9600 | best_precision=0.4452 | best_recall=0.7393 | best_pred_pos_rate=0.1736 | precision_at_k_pos=0.4984 | recall_at_k_pos=0.4984 | all_positive_f1=0.1893 | current_f1_minus_all_positive_f1=0.0029 | hard_mask_all_positive_like=0
best_loss [tensor(0.0541, device='cuda:0', grad_fn=<AddBackward0>)]
{1: {1: 0.1503322273492813}, 2: {1: 0.13911959528923035}, 3: {1: 0.1669435203075409}, 4: {1: 0.16777408123016357}, 5: {1: 0.14368771016597748}}
{1: {1: 0.1503322273492813, 2: 0.13911959528923035, 3: 0.1669435203075409, 4: 0.16777408123016357, 5: 0.14368771016597748}}
########################################################################################
seed: 1 | split 1 : 0.1503322273492813
# Seed 1 Muti Split Final Acc: 0.1503±0.0000
seed: 2 | split 1 : 0.13911959528923035
# Seed 2 Muti Split Final Acc: 0.1391±0.0000
seed: 3 | split 1 : 0.1669435203075409
# Seed 3 Muti Split Final Acc: 0.1669±0.0000
seed: 4 | split 1 : 0.16777408123016357
# Seed 4 Muti Split Final Acc: 0.1678±0.0000
seed: 5 | split 1 : 0.14368771016597748
# Seed 5 Muti Split Final Acc: 0.1437±0.0000
########################################################################################
split: 1 | seed 1 : 0.1503322273492813
split: 1 | seed 2 : 0.13911959528923035
split: 1 | seed 3 : 0.1669435203075409
split: 1 | seed 4 : 0.16777408123016357
split: 1 | seed 5 : 0.14368771016597748
# Split 1 Muti Seed Acc without min value: 0.1572±0.0104
########################################################################################
