load LLC or attacked data with specified split
Successfully loaded the attack of dataname with few shot 5, split 1
Attack method : Meta_Self | Attack ptb : 0.1 | Dataset: Cora
======================
Number of graphs: 1
Number of features: 1433
Number of classes: 7

Data(x=[2708, 1433], edge_index=[2, 14378], y=[2708], train_mask=[2708], val_mask=[2708], test_mask=[2708])
===========================================================================================================
Number of nodes: 2708
Number of edges: 14378
Average node degree: 5.31
Has isolated nodes: False
Has self-loops: True
Is undirected: True
Pollution Diff | added_edges=610 | deleted_edges=53 | clean_edges=5278 | attack_edges=5835
GCN(
  (conv_layers): ModuleList(
    (0): GCNConv(1433, 256)
    (1): GCNConv(256, 256)
  )
)
Successfully loaded pre-trained weights!
use RobustPrompt Tranductive
defense pt dict :  {'sim_pt': -1.0, 'degree_pt': 1, 'out_detect_pt': 0.5, 'other_pt': 'all'}
use_attention :  False
cosine_constraint :  True
pt_threshold :  0.5
filter_module :  OriginalFilter
temperature :  1.0
weight_mse 0.1
weight_kl :  0.3
weight_constraint :  0.2
run RobustPrompt-T
Epoch 001 |  Time(s) 0.2479 | RobustPrompt-T Loss 1.9497  
Epoch 002 |  Time(s) 0.0131 | RobustPrompt-T Loss 1.9544  
Epoch 003 |  Time(s) 0.0124 | RobustPrompt-T Loss 1.9332  
Epoch 004 |  Time(s) 0.0121 | RobustPrompt-T Loss 1.9256  
Epoch 005 |  Time(s) 0.0121 | RobustPrompt-T Loss 1.9318  
Epoch 006 |  Time(s) 0.0129 | RobustPrompt-T Loss 1.9227  
Epoch 007 |  Time(s) 0.0125 | RobustPrompt-T Loss 1.9171  
Epoch 008 |  Time(s) 0.0126 | RobustPrompt-T Loss 1.9153  
Epoch 009 |  Time(s) 0.0124 | RobustPrompt-T Loss 1.9092  
Epoch 010 |  Time(s) 0.0126 | RobustPrompt-T Loss 1.9060  
Epoch 011 |  Time(s) 0.0124 | RobustPrompt-T Loss 1.8975  
Epoch 012 |  Time(s) 0.0126 | RobustPrompt-T Loss 1.8889  
Epoch 013 |  Time(s) 0.0124 | RobustPrompt-T Loss 1.8792  
Epoch 014 |  Time(s) 0.0127 | RobustPrompt-T Loss 1.8702  
Epoch 015 |  Time(s) 0.0127 | RobustPrompt-T Loss 1.8643  
Epoch 016 |  Time(s) 0.0125 | RobustPrompt-T Loss 1.9143  
Epoch 017 |  Time(s) 0.0127 | RobustPrompt-T Loss 1.8767  
Epoch 018 |  Time(s) 0.0124 | RobustPrompt-T Loss 1.8826  
Epoch 019 |  Time(s) 0.0126 | RobustPrompt-T Loss 1.8392  
Epoch 020 |  Time(s) 0.0127 | RobustPrompt-T Loss 1.8675  
Epoch 021 |  Time(s) 0.0125 | RobustPrompt-T Loss 1.8313  
Epoch 022 |  Time(s) 0.0127 | RobustPrompt-T Loss 1.8308  
Epoch 023 |  Time(s) 0.0129 | RobustPrompt-T Loss 1.7951  
Epoch 024 |  Time(s) 0.0126 | RobustPrompt-T Loss 1.8247  
Epoch 025 |  Time(s) 0.0127 | RobustPrompt-T Loss 1.7538  
Epoch 026 |  Time(s) 0.0128 | RobustPrompt-T Loss 1.7806  
Epoch 027 |  Time(s) 0.0124 | RobustPrompt-T Loss 1.7348  
Epoch 028 |  Time(s) 0.0127 | RobustPrompt-T Loss 1.7425  
Epoch 029 |  Time(s) 0.0129 | RobustPrompt-T Loss 1.7277  
Epoch 030 |  Time(s) 0.0126 | RobustPrompt-T Loss 1.7139  
Epoch 031 |  Time(s) 0.0128 | RobustPrompt-T Loss 1.6504  
Epoch 032 |  Time(s) 0.0130 | RobustPrompt-T Loss 1.6847  
Epoch 033 |  Time(s) 0.0129 | RobustPrompt-T Loss 1.6524  
Epoch 034 |  Time(s) 0.0129 | RobustPrompt-T Loss 1.5658  
Epoch 035 |  Time(s) 0.0130 | RobustPrompt-T Loss 1.5586  
Epoch 036 |  Time(s) 0.0130 | RobustPrompt-T Loss 1.5018  
Epoch 037 |  Time(s) 0.0130 | RobustPrompt-T Loss 1.4681  
Epoch 038 |  Time(s) 0.0130 | RobustPrompt-T Loss 1.4393  
Epoch 039 |  Time(s) 0.0130 | RobustPrompt-T Loss 1.4482  
Epoch 040 |  Time(s) 0.0128 | RobustPrompt-T Loss 1.3878  
Epoch 041 |  Time(s) 0.0128 | RobustPrompt-T Loss 1.3425  
Epoch 042 |  Time(s) 0.0128 | RobustPrompt-T Loss 1.3075  
Epoch 043 |  Time(s) 0.0128 | RobustPrompt-T Loss 1.3016  
Epoch 044 |  Time(s) 0.0128 | RobustPrompt-T Loss 1.2572  
Epoch 045 |  Time(s) 0.0130 | RobustPrompt-T Loss 1.2210  
Epoch 046 |  Time(s) 0.0131 | RobustPrompt-T Loss 1.1741  
Epoch 047 |  Time(s) 0.0131 | RobustPrompt-T Loss 1.1546  
Epoch 048 |  Time(s) 0.0131 | RobustPrompt-T Loss 1.1307  
Epoch 049 |  Time(s) 0.0131 | RobustPrompt-T Loss 1.2120  
Epoch 050 |  Time(s) 0.0130 | RobustPrompt-T Loss 1.0505  
Epoch 051 |  Time(s) 0.0129 | RobustPrompt-T Loss 1.1683  
Epoch 052 |  Time(s) 0.0130 | RobustPrompt-T Loss 1.0056  
Epoch 053 |  Time(s) 0.0129 | RobustPrompt-T Loss 1.3719  
Epoch 054 |  Time(s) 0.0130 | RobustPrompt-T Loss 1.2553  
Epoch 055 |  Time(s) 0.0130 | RobustPrompt-T Loss 0.9763  
Epoch 056 |  Time(s) 0.0131 | RobustPrompt-T Loss 0.9371  
Epoch 057 |  Time(s) 0.0129 | RobustPrompt-T Loss 1.0848  
Epoch 058 |  Time(s) 0.0130 | RobustPrompt-T Loss 0.9804  
Epoch 059 |  Time(s) 0.0130 | RobustPrompt-T Loss 0.9786  
Epoch 060 |  Time(s) 0.0130 | RobustPrompt-T Loss 0.9730  
Epoch 061 |  Time(s) 0.0130 | RobustPrompt-T Loss 0.8818  
Epoch 062 |  Time(s) 0.0130 | RobustPrompt-T Loss 0.8961  
Epoch 063 |  Time(s) 0.0130 | RobustPrompt-T Loss 0.8443  
Epoch 064 |  Time(s) 0.0131 | RobustPrompt-T Loss 0.8152  
Epoch 065 |  Time(s) 0.0129 | RobustPrompt-T Loss 0.8170  
Epoch 066 |  Time(s) 0.0131 | RobustPrompt-T Loss 0.8028  
Epoch 067 |  Time(s) 0.0130 | RobustPrompt-T Loss 0.7759  
Epoch 068 |  Time(s) 0.0131 | RobustPrompt-T Loss 0.7221  
Epoch 069 |  Time(s) 0.0129 | RobustPrompt-T Loss 0.7905  
Epoch 070 |  Time(s) 0.0131 | RobustPrompt-T Loss 0.7070  
Epoch 071 |  Time(s) 0.0130 | RobustPrompt-T Loss 0.7754  
Epoch 072 |  Time(s) 0.0130 | RobustPrompt-T Loss 0.8092  
Epoch 073 |  Time(s) 0.0131 | RobustPrompt-T Loss 0.6598  
Epoch 074 |  Time(s) 0.0122 | RobustPrompt-T Loss 0.7621  
Epoch 075 |  Time(s) 0.0116 | RobustPrompt-T Loss 0.7571  
Epoch 076 |  Time(s) 0.0118 | RobustPrompt-T Loss 0.5925  
Epoch 077 |  Time(s) 0.0116 | RobustPrompt-T Loss 0.7907  
Epoch 078 |  Time(s) 0.0125 | RobustPrompt-T Loss 0.7430  
Epoch 079 |  Time(s) 0.0129 | RobustPrompt-T Loss 0.6191  
Epoch 080 |  Time(s) 0.0132 | RobustPrompt-T Loss 0.6391  
Epoch 081 |  Time(s) 0.0131 | RobustPrompt-T Loss 0.5929  
Epoch 082 |  Time(s) 0.0130 | RobustPrompt-T Loss 0.5626  
Epoch 083 |  Time(s) 0.0126 | RobustPrompt-T Loss 0.5823  
Epoch 084 |  Time(s) 0.0117 | RobustPrompt-T Loss 0.4830  
Epoch 085 |  Time(s) 0.0125 | RobustPrompt-T Loss 0.5479  
Epoch 086 |  Time(s) 0.0124 | RobustPrompt-T Loss 0.5259  
Epoch 087 |  Time(s) 0.0129 | RobustPrompt-T Loss 0.5019  
Epoch 088 |  Time(s) 0.0128 | RobustPrompt-T Loss 0.4845  
Epoch 089 |  Time(s) 0.0129 | RobustPrompt-T Loss 0.4491  
Epoch 090 |  Time(s) 0.0124 | RobustPrompt-T Loss 0.4360  
Epoch 091 |  Time(s) 0.0128 | RobustPrompt-T Loss 0.4111  
Epoch 092 |  Time(s) 0.0128 | RobustPrompt-T Loss 0.4000  
Epoch 093 |  Time(s) 0.0125 | RobustPrompt-T Loss 0.3907  
Epoch 094 |  Time(s) 0.0127 | RobustPrompt-T Loss 0.3725  
Epoch 095 |  Time(s) 0.0129 | RobustPrompt-T Loss 0.3390  
Epoch 096 |  Time(s) 0.0125 | RobustPrompt-T Loss 0.3357  
Epoch 097 |  Time(s) 0.0126 | RobustPrompt-T Loss 0.3178  
Epoch 098 |  Time(s) 0.0124 | RobustPrompt-T Loss 0.2993  
Epoch 099 |  Time(s) 0.0127 | RobustPrompt-T Loss 0.2974  
Epoch 100 |  Time(s) 0.0129 | RobustPrompt-T Loss 0.2780  
Epoch 101 |  Time(s) 0.0124 | RobustPrompt-T Loss 0.2692  
Epoch 102 |  Time(s) 0.0127 | RobustPrompt-T Loss 0.2459  
Epoch 103 |  Time(s) 0.0130 | RobustPrompt-T Loss 0.2372  
Epoch 104 |  Time(s) 0.0129 | RobustPrompt-T Loss 0.2057  
Epoch 105 |  Time(s) 0.0124 | RobustPrompt-T Loss 0.2139  
Epoch 106 |  Time(s) 0.0125 | RobustPrompt-T Loss 0.1810  
Epoch 107 |  Time(s) 0.0125 | RobustPrompt-T Loss 0.1817  
Epoch 108 |  Time(s) 0.0125 | RobustPrompt-T Loss 0.1636  
Epoch 109 |  Time(s) 0.0123 | RobustPrompt-T Loss 0.1558  
Epoch 110 |  Time(s) 0.0126 | RobustPrompt-T Loss 0.1466  
Epoch 111 |  Time(s) 0.0124 | RobustPrompt-T Loss 0.1374  
Epoch 112 |  Time(s) 0.0126 | RobustPrompt-T Loss 0.1257  
Epoch 113 |  Time(s) 0.0123 | RobustPrompt-T Loss 0.1310  
Epoch 114 |  Time(s) 0.0122 | RobustPrompt-T Loss 0.1234  
Epoch 115 |  Time(s) 0.0126 | RobustPrompt-T Loss 0.1035  
Epoch 116 |  Time(s) 0.0124 | RobustPrompt-T Loss 0.1348  
Epoch 117 |  Time(s) 0.0125 | RobustPrompt-T Loss 0.1294  
Epoch 118 |  Time(s) 0.0124 | RobustPrompt-T Loss 0.0988  
Epoch 119 |  Time(s) 0.0123 | RobustPrompt-T Loss 0.1315  
Epoch 120 |  Time(s) 0.0123 | RobustPrompt-T Loss 0.1035  
Epoch 121 |  Time(s) 0.0124 | RobustPrompt-T Loss 0.1278  
Epoch 122 |  Time(s) 0.0122 | RobustPrompt-T Loss 0.1006  
Epoch 123 |  Time(s) 0.0124 | RobustPrompt-T Loss 0.1458  
Epoch 124 |  Time(s) 0.0125 | RobustPrompt-T Loss 0.1232  
Epoch 125 |  Time(s) 0.0129 | RobustPrompt-T Loss 0.0790  
Epoch 126 |  Time(s) 0.0128 | RobustPrompt-T Loss 0.1077  
Epoch 127 |  Time(s) 0.0124 | RobustPrompt-T Loss 0.0674  
Epoch 128 |  Time(s) 0.0126 | RobustPrompt-T Loss 0.1025  
Epoch 129 |  Time(s) 0.0126 | RobustPrompt-T Loss 0.0622  
Epoch 130 |  Time(s) 0.0128 | RobustPrompt-T Loss 0.0812  
Epoch 131 |  Time(s) 0.0128 | RobustPrompt-T Loss 0.0612  
Epoch 132 |  Time(s) 0.0126 | RobustPrompt-T Loss 0.0846  
Epoch 133 |  Time(s) 0.0126 | RobustPrompt-T Loss 0.0611  
Epoch 134 |  Time(s) 0.0128 | RobustPrompt-T Loss 0.0724  
Epoch 135 |  Time(s) 0.0128 | RobustPrompt-T Loss 0.0557  
Epoch 136 |  Time(s) 0.0121 | RobustPrompt-T Loss 0.0720  
Epoch 137 |  Time(s) 0.0127 | RobustPrompt-T Loss 0.0542  
Epoch 138 |  Time(s) 0.0124 | RobustPrompt-T Loss 0.0589  
Epoch 139 |  Time(s) 0.0126 | RobustPrompt-T Loss 0.0507  
Epoch 140 |  Time(s) 0.0124 | RobustPrompt-T Loss 0.0632  
Epoch 141 |  Time(s) 0.0123 | RobustPrompt-T Loss 0.0491  
Epoch 142 |  Time(s) 0.0124 | RobustPrompt-T Loss 0.0540  
Epoch 143 |  Time(s) 0.0128 | RobustPrompt-T Loss 0.0479  
Epoch 144 |  Time(s) 0.0126 | RobustPrompt-T Loss 0.0572  
Epoch 145 |  Time(s) 0.0124 | RobustPrompt-T Loss 0.0468  
Epoch 146 |  Time(s) 0.0121 | RobustPrompt-T Loss 0.0519  
Epoch 147 |  Time(s) 0.0126 | RobustPrompt-T Loss 0.0466  
Epoch 148 |  Time(s) 0.0122 | RobustPrompt-T Loss 0.0552  
Epoch 149 |  Time(s) 0.0125 | RobustPrompt-T Loss 0.0464  
Epoch 150 |  Time(s) 0.0123 | RobustPrompt-T Loss 0.0502  
Epoch 151 |  Time(s) 0.0123 | RobustPrompt-T Loss 0.0473  
Epoch 152 |  Time(s) 0.0122 | RobustPrompt-T Loss 0.0518  
Epoch 153 |  Time(s) 0.0126 | RobustPrompt-T Loss 0.0450  
Epoch 154 |  Time(s) 0.0123 | RobustPrompt-T Loss 0.0518  
Epoch 155 |  Time(s) 0.0123 | RobustPrompt-T Loss 0.0467  
Epoch 156 |  Time(s) 0.0117 | RobustPrompt-T Loss 0.0509  
Epoch 157 |  Time(s) 0.0121 | RobustPrompt-T Loss 0.0456  
Epoch 158 |  Time(s) 0.0123 | RobustPrompt-T Loss 0.0484  
Epoch 159 |  Time(s) 0.0123 | RobustPrompt-T Loss 0.0438  
Epoch 160 |  Time(s) 0.0121 | RobustPrompt-T Loss 0.0485  
Epoch 161 |  Time(s) 0.0125 | RobustPrompt-T Loss 0.0441  
Epoch 162 |  Time(s) 0.0121 | RobustPrompt-T Loss 0.0456  
Epoch 163 |  Time(s) 0.0121 | RobustPrompt-T Loss 0.0441  
Epoch 164 |  Time(s) 0.0125 | RobustPrompt-T Loss 0.0435  
Epoch 165 |  Time(s) 0.0125 | RobustPrompt-T Loss 0.0434  
Epoch 166 |  Time(s) 0.0127 | RobustPrompt-T Loss 0.0441  
Epoch 167 |  Time(s) 0.0127 | RobustPrompt-T Loss 0.0433  
Epoch 168 |  Time(s) 0.0126 | RobustPrompt-T Loss 0.0426  
Epoch 169 |  Time(s) 0.0129 | RobustPrompt-T Loss 0.0415  
Epoch 170 |  Time(s) 0.0129 | RobustPrompt-T Loss 0.0413  
Epoch 171 |  Time(s) 0.0128 | RobustPrompt-T Loss 0.0412  
Epoch 172 |  Time(s) 0.0125 | RobustPrompt-T Loss 0.0444  
Epoch 173 |  Time(s) 0.0127 | RobustPrompt-T Loss 0.0470  
Epoch 174 |  Time(s) 0.0128 | RobustPrompt-T Loss 0.0419  
Epoch 175 |  Time(s) 0.0129 | RobustPrompt-T Loss 0.0463  
Epoch 176 |  Time(s) 0.0129 | RobustPrompt-T Loss 0.0438  
Epoch 177 |  Time(s) 0.0130 | RobustPrompt-T Loss 0.0419  
Epoch 178 |  Time(s) 0.0131 | RobustPrompt-T Loss 0.0408  
Epoch 179 |  Time(s) 0.0132 | RobustPrompt-T Loss 0.0395  
Epoch 180 |  Time(s) 0.0129 | RobustPrompt-T Loss 0.0405  
Epoch 181 |  Time(s) 0.0125 | RobustPrompt-T Loss 0.0402  
Epoch 182 |  Time(s) 0.0127 | RobustPrompt-T Loss 0.0401  
Epoch 183 |  Time(s) 0.0129 | RobustPrompt-T Loss 0.0411  
Epoch 184 |  Time(s) 0.0129 | RobustPrompt-T Loss 0.0399  
Epoch 185 |  Time(s) 0.0130 | RobustPrompt-T Loss 0.0392  
Epoch 186 |  Time(s) 0.0129 | RobustPrompt-T Loss 0.0391  
Epoch 187 |  Time(s) 0.0125 | RobustPrompt-T Loss 0.0395  
Epoch 188 |  Time(s) 0.0126 | RobustPrompt-T Loss 0.0400  
Epoch 189 |  Time(s) 0.0126 | RobustPrompt-T Loss 0.0385  
Epoch 190 |  Time(s) 0.0125 | RobustPrompt-T Loss 0.0385  
Epoch 191 |  Time(s) 0.0129 | RobustPrompt-T Loss 0.0379  
Epoch 192 |  Time(s) 0.0123 | RobustPrompt-T Loss 0.0381  
Epoch 193 |  Time(s) 0.0123 | RobustPrompt-T Loss 0.0379  
Epoch 194 |  Time(s) 0.0123 | RobustPrompt-T Loss 0.0379  
Epoch 195 |  Time(s) 0.0116 | RobustPrompt-T Loss 0.0384  
Epoch 196 |  Time(s) 0.0123 | RobustPrompt-T Loss 0.0402  
Epoch 197 |  Time(s) 0.0126 | RobustPrompt-T Loss 0.0376  
Epoch 198 |  Time(s) 0.0124 | RobustPrompt-T Loss 0.0376  
Epoch 199 |  Time(s) 0.0127 | RobustPrompt-T Loss 0.0395  
Epoch 200 |  Time(s) 0.0149 | RobustPrompt-T Loss 0.0375  
Final True Accuracy: 0.1582 | Macro F1 Score: 0.1306
Edge Detection Detail | source=filter_module | active=0 | n_edges=5835 | n_pos=610 | n_neg=5225 | pos_rate=0.1045 | pred_pos=5738 | pred_pos_rate=0.9834 | tp=610 | fp=5128 | fn=0 | tn=97 | precision=0.1063 | recall=1.0000 | f1=0.1922 | auc=0.8623 | ap=0.3969 | best_f1=0.5558 | best_threshold=0.9600 | best_precision=0.4452 | best_recall=0.7393 | best_pred_pos_rate=0.1736 | precision_at_k_pos=0.4984 | recall_at_k_pos=0.4984 | all_positive_f1=0.1893 | current_f1_minus_all_positive_f1=0.0029 | hard_mask_all_positive_like=0 | mode=original
Edge Detection Detail | source=tau_tune | active=1 | n_edges=5835 | n_pos=610 | n_neg=5225 | pos_rate=0.1045 | pred_pos=68 | pred_pos_rate=0.0117 | tp=35 | fp=33 | fn=575 | tn=5192 | precision=0.5147 | recall=0.0574 | f1=0.1032 | auc=0.6938 | ap=0.2481 | best_f1=0.2844 | best_threshold=0.0516 | best_precision=0.2060 | best_recall=0.4590 | best_pred_pos_rate=0.2329 | precision_at_k_pos=0.2672 | recall_at_k_pos=0.2672 | all_positive_f1=0.1893 | current_f1_minus_all_positive_f1=-0.0860 | hard_mask_all_positive_like=0
Tip Detection | tip=sim_pt | active=0 | node_precision=0.0000 | node_recall=0.0000 | node_f1=0.0000 | edge_precision=0.0000 | edge_recall=0.0000 | edge_f1=0.0000 | edge_auc=0.5000 | node_tp=0 | node_fp=0 | node_fn=443 | edge_tp=0 | edge_fp=0 | edge_fn=610
Edge Detection Detail | source=sim_pt | active=0 | n_edges=5835 | n_pos=610 | n_neg=5225 | pos_rate=0.1045 | pred_pos=0 | pred_pos_rate=0.0000 | tp=0 | fp=0 | fn=610 | tn=5225 | precision=0.0000 | recall=0.0000 | f1=0.0000 | auc=0.5000 | ap=0.1045 | best_f1=nan | best_threshold=nan | best_precision=nan | best_recall=nan | best_pred_pos_rate=nan | precision_at_k_pos=nan | recall_at_k_pos=nan | all_positive_f1=0.1893 | current_f1_minus_all_positive_f1=-0.1893 | hard_mask_all_positive_like=0
Tip Detection | tip=degree_pt | active=1 | node_precision=0.0000 | node_recall=0.0000 | node_f1=0.0000 | edge_precision=0.0000 | edge_recall=0.0000 | edge_f1=0.0000 | edge_auc=0.5000 | node_tp=0 | node_fp=0 | node_fn=443 | edge_tp=0 | edge_fp=0 | edge_fn=610
Edge Detection Detail | source=degree_pt | active=1 | n_edges=5835 | n_pos=610 | n_neg=5225 | pos_rate=0.1045 | pred_pos=0 | pred_pos_rate=0.0000 | tp=0 | fp=0 | fn=610 | tn=5225 | precision=0.0000 | recall=0.0000 | f1=0.0000 | auc=0.5000 | ap=0.1045 | best_f1=nan | best_threshold=nan | best_precision=nan | best_recall=nan | best_pred_pos_rate=nan | precision_at_k_pos=nan | recall_at_k_pos=nan | all_positive_f1=0.1893 | current_f1_minus_all_positive_f1=-0.1893 | hard_mask_all_positive_like=0
Tip Detection | tip=out_detect_pt | active=1 | node_precision=0.1640 | node_recall=1.0000 | node_f1=0.2817 | edge_precision=0.1045 | edge_recall=1.0000 | edge_f1=0.1893 | edge_auc=0.5000 | node_tp=443 | node_fp=2259 | node_fn=0 | edge_tp=610 | edge_fp=5225 | edge_fn=0
Edge Detection Detail | source=out_detect_pt | active=1 | n_edges=5835 | n_pos=610 | n_neg=5225 | pos_rate=0.1045 | pred_pos=5739 | pred_pos_rate=0.9835 | tp=610 | fp=5129 | fn=0 | tn=96 | precision=0.1063 | recall=1.0000 | f1=0.1922 | auc=0.8623 | ap=0.3969 | best_f1=0.5558 | best_threshold=0.9600 | best_precision=0.4452 | best_recall=0.7393 | best_pred_pos_rate=0.1736 | precision_at_k_pos=0.4984 | recall_at_k_pos=0.4984 | all_positive_f1=0.1893 | current_f1_minus_all_positive_f1=0.0029 | hard_mask_all_positive_like=0
best_loss [tensor(0.0375, device='cuda:0', grad_fn=<AddBackward0>)]
load LLC or attacked data with specified split
Successfully loaded the attack of dataname with few shot 5, split 1
Attack method : Meta_Self | Attack ptb : 0.1 | Dataset: Cora
======================
Number of graphs: 1
Number of features: 1433
Number of classes: 7

Data(x=[2708, 1433], edge_index=[2, 14378], y=[2708], train_mask=[2708], val_mask=[2708], test_mask=[2708])
===========================================================================================================
Number of nodes: 2708
Number of edges: 14378
Average node degree: 5.31
Has isolated nodes: False
Has self-loops: True
Is undirected: True
Pollution Diff | added_edges=610 | deleted_edges=53 | clean_edges=5278 | attack_edges=5835
GCN(
  (conv_layers): ModuleList(
    (0): GCNConv(1433, 256)
    (1): GCNConv(256, 256)
  )
)
Successfully loaded pre-trained weights!
use RobustPrompt Tranductive
defense pt dict :  {'sim_pt': -1.0, 'degree_pt': 1, 'out_detect_pt': 0.5, 'other_pt': 'all'}
use_attention :  False
cosine_constraint :  True
pt_threshold :  0.5
filter_module :  OriginalFilter
temperature :  1.0
weight_mse 0.1
weight_kl :  0.3
weight_constraint :  0.2
run RobustPrompt-T
Epoch 001 |  Time(s) 0.0136 | RobustPrompt-T Loss 1.9480  
Epoch 002 |  Time(s) 0.0126 | RobustPrompt-T Loss 1.9337  
Epoch 003 |  Time(s) 0.0127 | RobustPrompt-T Loss 1.9372  
Epoch 004 |  Time(s) 0.0130 | RobustPrompt-T Loss 1.9188  
Epoch 005 |  Time(s) 0.0129 | RobustPrompt-T Loss 1.9238  
Epoch 006 |  Time(s) 0.0130 | RobustPrompt-T Loss 1.9168  
Epoch 007 |  Time(s) 0.0132 | RobustPrompt-T Loss 1.9085  
Epoch 008 |  Time(s) 0.0129 | RobustPrompt-T Loss 1.8956  
Epoch 009 |  Time(s) 0.0129 | RobustPrompt-T Loss 1.8947  
Epoch 010 |  Time(s) 0.0134 | RobustPrompt-T Loss 1.8857  
Epoch 011 |  Time(s) 0.0124 | RobustPrompt-T Loss 1.8849  
Epoch 012 |  Time(s) 0.0129 | RobustPrompt-T Loss 1.8773  
Epoch 013 |  Time(s) 0.0131 | RobustPrompt-T Loss 1.8687  
Epoch 014 |  Time(s) 0.0130 | RobustPrompt-T Loss 1.8622  
Epoch 015 |  Time(s) 0.0123 | RobustPrompt-T Loss 1.8495  
Epoch 016 |  Time(s) 0.0121 | RobustPrompt-T Loss 1.8355  
Epoch 017 |  Time(s) 0.0119 | RobustPrompt-T Loss 1.8187  
Epoch 018 |  Time(s) 0.0121 | RobustPrompt-T Loss 1.8114  
Epoch 019 |  Time(s) 0.0128 | RobustPrompt-T Loss 1.8125  
Epoch 020 |  Time(s) 0.0131 | RobustPrompt-T Loss 1.8994  
Epoch 021 |  Time(s) 0.0128 | RobustPrompt-T Loss 1.7668  
Epoch 022 |  Time(s) 0.0130 | RobustPrompt-T Loss 1.8480  
Epoch 023 |  Time(s) 0.0129 | RobustPrompt-T Loss 1.8009  
Epoch 024 |  Time(s) 0.0131 | RobustPrompt-T Loss 1.7621  
Epoch 025 |  Time(s) 0.0131 | RobustPrompt-T Loss 1.7856  
Epoch 026 |  Time(s) 0.0129 | RobustPrompt-T Loss 1.6953  
Epoch 027 |  Time(s) 0.0127 | RobustPrompt-T Loss 1.7442  
Epoch 028 |  Time(s) 0.0128 | RobustPrompt-T Loss 1.6562  
Epoch 029 |  Time(s) 0.0129 | RobustPrompt-T Loss 1.7074  
Epoch 030 |  Time(s) 0.0128 | RobustPrompt-T Loss 1.6242  
Epoch 031 |  Time(s) 0.0128 | RobustPrompt-T Loss 1.6229  
Epoch 032 |  Time(s) 0.0129 | RobustPrompt-T Loss 1.6161  
Epoch 033 |  Time(s) 0.0131 | RobustPrompt-T Loss 1.5114  
Epoch 034 |  Time(s) 0.0130 | RobustPrompt-T Loss 1.5627  
Epoch 035 |  Time(s) 0.0129 | RobustPrompt-T Loss 1.4736  
Epoch 036 |  Time(s) 0.0129 | RobustPrompt-T Loss 1.4529  
Epoch 037 |  Time(s) 0.0132 | RobustPrompt-T Loss 1.4376  
Epoch 038 |  Time(s) 0.0129 | RobustPrompt-T Loss 1.3693  
Epoch 039 |  Time(s) 0.0130 | RobustPrompt-T Loss 1.3271  
Epoch 040 |  Time(s) 0.0130 | RobustPrompt-T Loss 1.2915  
Epoch 041 |  Time(s) 0.0130 | RobustPrompt-T Loss 1.3067  
Epoch 042 |  Time(s) 0.0130 | RobustPrompt-T Loss 1.2506  
Epoch 043 |  Time(s) 0.0126 | RobustPrompt-T Loss 1.1955  
Epoch 044 |  Time(s) 0.0129 | RobustPrompt-T Loss 1.1701  
Epoch 045 |  Time(s) 0.0129 | RobustPrompt-T Loss 1.1574  
Epoch 046 |  Time(s) 0.0128 | RobustPrompt-T Loss 1.1665  
Epoch 047 |  Time(s) 0.0129 | RobustPrompt-T Loss 1.0919  
Epoch 048 |  Time(s) 0.0130 | RobustPrompt-T Loss 1.0614  
Epoch 049 |  Time(s) 0.0131 | RobustPrompt-T Loss 1.0219  
Epoch 050 |  Time(s) 0.0131 | RobustPrompt-T Loss 1.0016  
Epoch 051 |  Time(s) 0.0129 | RobustPrompt-T Loss 0.9843  
Epoch 052 |  Time(s) 0.0130 | RobustPrompt-T Loss 0.9499  
Epoch 053 |  Time(s) 0.0130 | RobustPrompt-T Loss 0.9222  
Epoch 054 |  Time(s) 0.0130 | RobustPrompt-T Loss 0.9093  
Epoch 055 |  Time(s) 0.0130 | RobustPrompt-T Loss 0.9258  
Epoch 056 |  Time(s) 0.0131 | RobustPrompt-T Loss 0.8603  
Epoch 057 |  Time(s) 0.0130 | RobustPrompt-T Loss 0.8346  
Epoch 058 |  Time(s) 0.0130 | RobustPrompt-T Loss 0.8511  
Epoch 059 |  Time(s) 0.0130 | RobustPrompt-T Loss 0.7951  
Epoch 060 |  Time(s) 0.0130 | RobustPrompt-T Loss 0.7792  
Epoch 061 |  Time(s) 0.0129 | RobustPrompt-T Loss 0.8033  
Epoch 062 |  Time(s) 0.0129 | RobustPrompt-T Loss 0.7623  
Epoch 063 |  Time(s) 0.0130 | RobustPrompt-T Loss 0.7374  
Epoch 064 |  Time(s) 0.0131 | RobustPrompt-T Loss 0.7160  
Epoch 065 |  Time(s) 0.0130 | RobustPrompt-T Loss 0.7071  
Epoch 066 |  Time(s) 0.0130 | RobustPrompt-T Loss 0.6846  
Epoch 067 |  Time(s) 0.0130 | RobustPrompt-T Loss 0.6766  
Epoch 068 |  Time(s) 0.0129 | RobustPrompt-T Loss 0.6613  
Epoch 069 |  Time(s) 0.0131 | RobustPrompt-T Loss 0.6561  
Epoch 070 |  Time(s) 0.0130 | RobustPrompt-T Loss 0.6708  
Epoch 071 |  Time(s) 0.0130 | RobustPrompt-T Loss 0.6346  
Epoch 072 |  Time(s) 0.0130 | RobustPrompt-T Loss 0.6159  
Epoch 073 |  Time(s) 0.0130 | RobustPrompt-T Loss 0.5976  
Epoch 074 |  Time(s) 0.0130 | RobustPrompt-T Loss 0.5932  
Epoch 075 |  Time(s) 0.0130 | RobustPrompt-T Loss 0.5682  
Epoch 076 |  Time(s) 0.0130 | RobustPrompt-T Loss 0.5785  
Epoch 077 |  Time(s) 0.0130 | RobustPrompt-T Loss 0.5458  
Epoch 078 |  Time(s) 0.0130 | RobustPrompt-T Loss 0.5475  
Epoch 079 |  Time(s) 0.0130 | RobustPrompt-T Loss 0.5507  
Epoch 080 |  Time(s) 0.0131 | RobustPrompt-T Loss 0.6541  
Epoch 081 |  Time(s) 0.0130 | RobustPrompt-T Loss 0.5711  
Epoch 082 |  Time(s) 0.0130 | RobustPrompt-T Loss 0.6859  
Epoch 083 |  Time(s) 0.0131 | RobustPrompt-T Loss 0.7059  
Epoch 084 |  Time(s) 0.0131 | RobustPrompt-T Loss 0.5196  
Epoch 085 |  Time(s) 0.0129 | RobustPrompt-T Loss 0.5934  
Epoch 086 |  Time(s) 0.0130 | RobustPrompt-T Loss 0.5427  
Epoch 087 |  Time(s) 0.0130 | RobustPrompt-T Loss 0.5326  
Epoch 088 |  Time(s) 0.0130 | RobustPrompt-T Loss 0.5667  
Epoch 089 |  Time(s) 0.0130 | RobustPrompt-T Loss 0.5241  
Epoch 090 |  Time(s) 0.0130 | RobustPrompt-T Loss 0.5475  
Epoch 091 |  Time(s) 0.0129 | RobustPrompt-T Loss 0.4825  
Epoch 092 |  Time(s) 0.0130 | RobustPrompt-T Loss 0.5955  
Epoch 093 |  Time(s) 0.0129 | RobustPrompt-T Loss 0.6666  
Epoch 094 |  Time(s) 0.0131 | RobustPrompt-T Loss 0.5331  
Epoch 095 |  Time(s) 0.0131 | RobustPrompt-T Loss 0.5154  
Epoch 096 |  Time(s) 0.0129 | RobustPrompt-T Loss 0.5048  
Epoch 097 |  Time(s) 0.0130 | RobustPrompt-T Loss 0.4675  
Epoch 098 |  Time(s) 0.0130 | RobustPrompt-T Loss 0.4833  
Epoch 099 |  Time(s) 0.0131 | RobustPrompt-T Loss 0.4400  
Epoch 100 |  Time(s) 0.0129 | RobustPrompt-T Loss 0.4786  
Epoch 101 |  Time(s) 0.0131 | RobustPrompt-T Loss 0.4437  
Epoch 102 |  Time(s) 0.0130 | RobustPrompt-T Loss 0.4819  
Epoch 103 |  Time(s) 0.0130 | RobustPrompt-T Loss 0.4328  
Epoch 104 |  Time(s) 0.0130 | RobustPrompt-T Loss 0.4615  
Epoch 105 |  Time(s) 0.0130 | RobustPrompt-T Loss 0.4809  
Epoch 106 |  Time(s) 0.0130 | RobustPrompt-T Loss 0.4522  
Epoch 107 |  Time(s) 0.0130 | RobustPrompt-T Loss 0.3886  
Epoch 108 |  Time(s) 0.0129 | RobustPrompt-T Loss 0.4285  
Epoch 109 |  Time(s) 0.0131 | RobustPrompt-T Loss 0.4156  
Epoch 110 |  Time(s) 0.0129 | RobustPrompt-T Loss 0.4129  
Epoch 111 |  Time(s) 0.0130 | RobustPrompt-T Loss 0.5864  
Epoch 112 |  Time(s) 0.0129 | RobustPrompt-T Loss 0.6398  
Epoch 113 |  Time(s) 0.0131 | RobustPrompt-T Loss 0.3911  
Epoch 114 |  Time(s) 0.0130 | RobustPrompt-T Loss 0.8453  
Epoch 115 |  Time(s) 0.0127 | RobustPrompt-T Loss 1.3344  
Epoch 116 |  Time(s) 0.0127 | RobustPrompt-T Loss 1.0117  
Epoch 117 |  Time(s) 0.0129 | RobustPrompt-T Loss 0.4824  
Epoch 118 |  Time(s) 0.0129 | RobustPrompt-T Loss 0.8736  
Epoch 119 |  Time(s) 0.0130 | RobustPrompt-T Loss 1.5447  
Epoch 120 |  Time(s) 0.0129 | RobustPrompt-T Loss 1.4439  
Epoch 121 |  Time(s) 0.0130 | RobustPrompt-T Loss 0.7368  
Epoch 122 |  Time(s) 0.0130 | RobustPrompt-T Loss 0.4190  
Epoch 123 |  Time(s) 0.0130 | RobustPrompt-T Loss 0.6721  
Epoch 124 |  Time(s) 0.0129 | RobustPrompt-T Loss 0.5638  
Epoch 125 |  Time(s) 0.0130 | RobustPrompt-T Loss 0.3727  
Epoch 126 |  Time(s) 0.0131 | RobustPrompt-T Loss 0.4519  
Epoch 127 |  Time(s) 0.0130 | RobustPrompt-T Loss 0.3784  
Epoch 128 |  Time(s) 0.0130 | RobustPrompt-T Loss 0.5442  
Epoch 129 |  Time(s) 0.0129 | RobustPrompt-T Loss 0.5913  
Epoch 130 |  Time(s) 0.0130 | RobustPrompt-T Loss 0.3824  
Epoch 131 |  Time(s) 0.0130 | RobustPrompt-T Loss 0.6741  
Epoch 132 |  Time(s) 0.0130 | RobustPrompt-T Loss 0.9577  
Epoch 133 |  Time(s) 0.0130 | RobustPrompt-T Loss 0.7311  
Epoch 134 |  Time(s) 0.0129 | RobustPrompt-T Loss 0.3835  
Epoch 135 |  Time(s) 0.0130 | RobustPrompt-T Loss 0.8866  
Epoch 136 |  Time(s) 0.0131 | RobustPrompt-T Loss 1.4694  
Epoch 137 |  Time(s) 0.0130 | RobustPrompt-T Loss 1.2719  
Epoch 138 |  Time(s) 0.0129 | RobustPrompt-T Loss 0.6056  
Epoch 139 |  Time(s) 0.0130 | RobustPrompt-T Loss 0.4789  
Epoch 140 |  Time(s) 0.0131 | RobustPrompt-T Loss 0.8180  
Epoch 141 |  Time(s) 0.0130 | RobustPrompt-T Loss 0.7958  
Epoch 142 |  Time(s) 0.0129 | RobustPrompt-T Loss 0.4895  
Epoch 143 |  Time(s) 0.0129 | RobustPrompt-T Loss 0.6365  
Epoch 144 |  Time(s) 0.0130 | RobustPrompt-T Loss 0.9927  
----------------------------------------------------------------------------------------------------
Early stopping at 145 eopch!
Final True Accuracy: 0.1213 | Macro F1 Score: 0.0990
Edge Detection Detail | source=filter_module | active=0 | n_edges=5835 | n_pos=610 | n_neg=5225 | pos_rate=0.1045 | pred_pos=5738 | pred_pos_rate=0.9834 | tp=610 | fp=5128 | fn=0 | tn=97 | precision=0.1063 | recall=1.0000 | f1=0.1922 | auc=0.8623 | ap=0.3969 | best_f1=0.5558 | best_threshold=0.9600 | best_precision=0.4452 | best_recall=0.7393 | best_pred_pos_rate=0.1736 | precision_at_k_pos=0.4984 | recall_at_k_pos=0.4984 | all_positive_f1=0.1893 | current_f1_minus_all_positive_f1=0.0029 | hard_mask_all_positive_like=0 | mode=original
Edge Detection Detail | source=tau_tune | active=1 | n_edges=5835 | n_pos=610 | n_neg=5225 | pos_rate=0.1045 | pred_pos=27 | pred_pos_rate=0.0046 | tp=21 | fp=6 | fn=589 | tn=5219 | precision=0.7778 | recall=0.0344 | f1=0.0659 | auc=0.7106 | ap=0.2695 | best_f1=0.3055 | best_threshold=0.0412 | best_precision=0.2640 | best_recall=0.3623 | best_pred_pos_rate=0.1434 | precision_at_k_pos=0.2869 | recall_at_k_pos=0.2869 | all_positive_f1=0.1893 | current_f1_minus_all_positive_f1=-0.1234 | hard_mask_all_positive_like=0
Tip Detection | tip=sim_pt | active=0 | node_precision=0.0000 | node_recall=0.0000 | node_f1=0.0000 | edge_precision=0.0000 | edge_recall=0.0000 | edge_f1=0.0000 | edge_auc=0.5000 | node_tp=0 | node_fp=0 | node_fn=443 | edge_tp=0 | edge_fp=0 | edge_fn=610
Edge Detection Detail | source=sim_pt | active=0 | n_edges=5835 | n_pos=610 | n_neg=5225 | pos_rate=0.1045 | pred_pos=0 | pred_pos_rate=0.0000 | tp=0 | fp=0 | fn=610 | tn=5225 | precision=0.0000 | recall=0.0000 | f1=0.0000 | auc=0.5000 | ap=0.1045 | best_f1=nan | best_threshold=nan | best_precision=nan | best_recall=nan | best_pred_pos_rate=nan | precision_at_k_pos=nan | recall_at_k_pos=nan | all_positive_f1=0.1893 | current_f1_minus_all_positive_f1=-0.1893 | hard_mask_all_positive_like=0
Tip Detection | tip=degree_pt | active=1 | node_precision=0.0000 | node_recall=0.0000 | node_f1=0.0000 | edge_precision=0.0000 | edge_recall=0.0000 | edge_f1=0.0000 | edge_auc=0.5000 | node_tp=0 | node_fp=0 | node_fn=443 | edge_tp=0 | edge_fp=0 | edge_fn=610
Edge Detection Detail | source=degree_pt | active=1 | n_edges=5835 | n_pos=610 | n_neg=5225 | pos_rate=0.1045 | pred_pos=0 | pred_pos_rate=0.0000 | tp=0 | fp=0 | fn=610 | tn=5225 | precision=0.0000 | recall=0.0000 | f1=0.0000 | auc=0.5000 | ap=0.1045 | best_f1=nan | best_threshold=nan | best_precision=nan | best_recall=nan | best_pred_pos_rate=nan | precision_at_k_pos=nan | recall_at_k_pos=nan | all_positive_f1=0.1893 | current_f1_minus_all_positive_f1=-0.1893 | hard_mask_all_positive_like=0
Tip Detection | tip=out_detect_pt | active=1 | node_precision=0.1640 | node_recall=1.0000 | node_f1=0.2817 | edge_precision=0.1045 | edge_recall=1.0000 | edge_f1=0.1893 | edge_auc=0.5000 | node_tp=443 | node_fp=2259 | node_fn=0 | edge_tp=610 | edge_fp=5225 | edge_fn=0
Edge Detection Detail | source=out_detect_pt | active=1 | n_edges=5835 | n_pos=610 | n_neg=5225 | pos_rate=0.1045 | pred_pos=5739 | pred_pos_rate=0.9835 | tp=610 | fp=5129 | fn=0 | tn=96 | precision=0.1063 | recall=1.0000 | f1=0.1922 | auc=0.8623 | ap=0.3969 | best_f1=0.5558 | best_threshold=0.9600 | best_precision=0.4452 | best_recall=0.7393 | best_pred_pos_rate=0.1736 | precision_at_k_pos=0.4984 | recall_at_k_pos=0.4984 | all_positive_f1=0.1893 | current_f1_minus_all_positive_f1=0.0029 | hard_mask_all_positive_like=0
best_loss [tensor(0.9040, device='cuda:0', grad_fn=<AddBackward0>)]
load LLC or attacked data with specified split
Successfully loaded the attack of dataname with few shot 5, split 1
Attack method : Meta_Self | Attack ptb : 0.1 | Dataset: Cora
======================
Number of graphs: 1
Number of features: 1433
Number of classes: 7

Data(x=[2708, 1433], edge_index=[2, 14378], y=[2708], train_mask=[2708], val_mask=[2708], test_mask=[2708])
===========================================================================================================
Number of nodes: 2708
Number of edges: 14378
Average node degree: 5.31
Has isolated nodes: False
Has self-loops: True
Is undirected: True
Pollution Diff | added_edges=610 | deleted_edges=53 | clean_edges=5278 | attack_edges=5835
GCN(
  (conv_layers): ModuleList(
    (0): GCNConv(1433, 256)
    (1): GCNConv(256, 256)
  )
)
Successfully loaded pre-trained weights!
use RobustPrompt Tranductive
defense pt dict :  {'sim_pt': -1.0, 'degree_pt': 1, 'out_detect_pt': 0.5, 'other_pt': 'all'}
use_attention :  False
cosine_constraint :  True
pt_threshold :  0.5
filter_module :  OriginalFilter
temperature :  1.0
weight_mse 0.1
weight_kl :  0.3
weight_constraint :  0.2
run RobustPrompt-T
Epoch 001 |  Time(s) 0.0133 | RobustPrompt-T Loss 1.9439  
Epoch 002 |  Time(s) 0.0131 | RobustPrompt-T Loss 1.9319  
Epoch 003 |  Time(s) 0.0129 | RobustPrompt-T Loss 1.9549  
Epoch 004 |  Time(s) 0.0131 | RobustPrompt-T Loss 1.9155  
Epoch 005 |  Time(s) 0.0130 | RobustPrompt-T Loss 1.9246  
Epoch 006 |  Time(s) 0.0130 | RobustPrompt-T Loss 1.9118  
Epoch 007 |  Time(s) 0.0134 | RobustPrompt-T Loss 1.9097  
Epoch 008 |  Time(s) 0.0129 | RobustPrompt-T Loss 1.8999  
Epoch 009 |  Time(s) 0.0130 | RobustPrompt-T Loss 1.8998  
Epoch 010 |  Time(s) 0.0128 | RobustPrompt-T Loss 1.9004  
Epoch 011 |  Time(s) 0.0130 | RobustPrompt-T Loss 1.8825  
Epoch 012 |  Time(s) 0.0131 | RobustPrompt-T Loss 1.8691  
Epoch 013 |  Time(s) 0.0130 | RobustPrompt-T Loss 1.8752  
Epoch 014 |  Time(s) 0.0130 | RobustPrompt-T Loss 1.8742  
Epoch 015 |  Time(s) 0.0130 | RobustPrompt-T Loss 1.8403  
Epoch 016 |  Time(s) 0.0129 | RobustPrompt-T Loss 1.8352  
Epoch 017 |  Time(s) 0.0130 | RobustPrompt-T Loss 1.8576  
Epoch 018 |  Time(s) 0.0130 | RobustPrompt-T Loss 1.8200  
Epoch 019 |  Time(s) 0.0130 | RobustPrompt-T Loss 1.7970  
Epoch 020 |  Time(s) 0.0129 | RobustPrompt-T Loss 1.7990  
Epoch 021 |  Time(s) 0.0131 | RobustPrompt-T Loss 1.7859  
Epoch 022 |  Time(s) 0.0129 | RobustPrompt-T Loss 1.7572  
Epoch 023 |  Time(s) 0.0130 | RobustPrompt-T Loss 1.7272  
Epoch 024 |  Time(s) 0.0130 | RobustPrompt-T Loss 1.7108  
Epoch 025 |  Time(s) 0.0131 | RobustPrompt-T Loss 1.7040  
Epoch 026 |  Time(s) 0.0130 | RobustPrompt-T Loss 1.7330  
Epoch 027 |  Time(s) 0.0130 | RobustPrompt-T Loss 1.6684  
Epoch 028 |  Time(s) 0.0129 | RobustPrompt-T Loss 1.6023  
Epoch 029 |  Time(s) 0.0131 | RobustPrompt-T Loss 1.5893  
Epoch 030 |  Time(s) 0.0130 | RobustPrompt-T Loss 1.6254  
Epoch 031 |  Time(s) 0.0131 | RobustPrompt-T Loss 1.5192  
Epoch 032 |  Time(s) 0.0129 | RobustPrompt-T Loss 1.5418  
Epoch 033 |  Time(s) 0.0130 | RobustPrompt-T Loss 1.5143  
Epoch 034 |  Time(s) 0.0130 | RobustPrompt-T Loss 1.4728  
Epoch 035 |  Time(s) 0.0131 | RobustPrompt-T Loss 1.3897  
Epoch 036 |  Time(s) 0.0129 | RobustPrompt-T Loss 1.4430  
Epoch 037 |  Time(s) 0.0131 | RobustPrompt-T Loss 1.3358  
Epoch 038 |  Time(s) 0.0130 | RobustPrompt-T Loss 1.3565  
Epoch 039 |  Time(s) 0.0130 | RobustPrompt-T Loss 1.3197  
Epoch 040 |  Time(s) 0.0130 | RobustPrompt-T Loss 1.2582  
Epoch 041 |  Time(s) 0.0130 | RobustPrompt-T Loss 1.2405  
Epoch 042 |  Time(s) 0.0130 | RobustPrompt-T Loss 1.2629  
Epoch 043 |  Time(s) 0.0131 | RobustPrompt-T Loss 1.1824  
Epoch 044 |  Time(s) 0.0130 | RobustPrompt-T Loss 1.1676  
Epoch 045 |  Time(s) 0.0130 | RobustPrompt-T Loss 1.1652  
Epoch 046 |  Time(s) 0.0130 | RobustPrompt-T Loss 1.1563  
Epoch 047 |  Time(s) 0.0130 | RobustPrompt-T Loss 1.0896  
Epoch 048 |  Time(s) 0.0129 | RobustPrompt-T Loss 1.0573  
Epoch 049 |  Time(s) 0.0130 | RobustPrompt-T Loss 1.0717  
Epoch 050 |  Time(s) 0.0130 | RobustPrompt-T Loss 1.0416  
Epoch 051 |  Time(s) 0.0131 | RobustPrompt-T Loss 1.0163  
Epoch 052 |  Time(s) 0.0131 | RobustPrompt-T Loss 0.9672  
Epoch 053 |  Time(s) 0.0131 | RobustPrompt-T Loss 0.9573  
Epoch 054 |  Time(s) 0.0129 | RobustPrompt-T Loss 0.9472  
Epoch 055 |  Time(s) 0.0131 | RobustPrompt-T Loss 0.9375  
Epoch 056 |  Time(s) 0.0130 | RobustPrompt-T Loss 0.8763  
Epoch 057 |  Time(s) 0.0131 | RobustPrompt-T Loss 0.8765  
Epoch 058 |  Time(s) 0.0130 | RobustPrompt-T Loss 0.8663  
Epoch 059 |  Time(s) 0.0129 | RobustPrompt-T Loss 0.8414  
Epoch 060 |  Time(s) 0.0130 | RobustPrompt-T Loss 0.7990  
Epoch 061 |  Time(s) 0.0125 | RobustPrompt-T Loss 0.8202  
Epoch 062 |  Time(s) 0.0130 | RobustPrompt-T Loss 0.7895  
Epoch 063 |  Time(s) 0.0128 | RobustPrompt-T Loss 0.7498  
Epoch 064 |  Time(s) 0.0129 | RobustPrompt-T Loss 0.7267  
Epoch 065 |  Time(s) 0.0128 | RobustPrompt-T Loss 0.7400  
Epoch 066 |  Time(s) 0.0124 | RobustPrompt-T Loss 0.7011  
Epoch 067 |  Time(s) 0.0126 | RobustPrompt-T Loss 0.6885  
Epoch 068 |  Time(s) 0.0124 | RobustPrompt-T Loss 0.6809  
Epoch 069 |  Time(s) 0.0123 | RobustPrompt-T Loss 0.6601  
Epoch 070 |  Time(s) 0.0124 | RobustPrompt-T Loss 0.6653  
Epoch 071 |  Time(s) 0.0122 | RobustPrompt-T Loss 0.6390  
Epoch 072 |  Time(s) 0.0129 | RobustPrompt-T Loss 0.6464  
Epoch 073 |  Time(s) 0.0127 | RobustPrompt-T Loss 0.6238  
Epoch 074 |  Time(s) 0.0126 | RobustPrompt-T Loss 0.5926  
Epoch 075 |  Time(s) 0.0128 | RobustPrompt-T Loss 0.6002  
Epoch 076 |  Time(s) 0.0122 | RobustPrompt-T Loss 0.5814  
Epoch 077 |  Time(s) 0.0127 | RobustPrompt-T Loss 0.5744  
Epoch 078 |  Time(s) 0.0127 | RobustPrompt-T Loss 0.5314  
Epoch 079 |  Time(s) 0.0135 | RobustPrompt-T Loss 0.5440  
Epoch 080 |  Time(s) 0.0126 | RobustPrompt-T Loss 0.5260  
Epoch 081 |  Time(s) 0.0125 | RobustPrompt-T Loss 0.5213  
Epoch 082 |  Time(s) 0.0126 | RobustPrompt-T Loss 0.5035  
Epoch 083 |  Time(s) 0.0130 | RobustPrompt-T Loss 0.4773  
Epoch 084 |  Time(s) 0.0130 | RobustPrompt-T Loss 0.4893  
Epoch 085 |  Time(s) 0.0130 | RobustPrompt-T Loss 0.4923  
Epoch 086 |  Time(s) 0.0131 | RobustPrompt-T Loss 0.4444  
Epoch 087 |  Time(s) 0.0129 | RobustPrompt-T Loss 0.4375  
Epoch 088 |  Time(s) 0.0117 | RobustPrompt-T Loss 0.4636  
Epoch 089 |  Time(s) 0.0124 | RobustPrompt-T Loss 0.4149  
Epoch 090 |  Time(s) 0.0127 | RobustPrompt-T Loss 0.4347  
Epoch 091 |  Time(s) 0.0125 | RobustPrompt-T Loss 0.4033  
Epoch 092 |  Time(s) 0.0131 | RobustPrompt-T Loss 0.3846  
Epoch 093 |  Time(s) 0.0123 | RobustPrompt-T Loss 0.3743  
Epoch 094 |  Time(s) 0.0124 | RobustPrompt-T Loss 0.3944  
Epoch 095 |  Time(s) 0.0131 | RobustPrompt-T Loss 0.3429  
Epoch 096 |  Time(s) 0.0123 | RobustPrompt-T Loss 0.4172  
Epoch 097 |  Time(s) 0.0129 | RobustPrompt-T Loss 0.3412  
Epoch 098 |  Time(s) 0.0134 | RobustPrompt-T Loss 0.4367  
Epoch 099 |  Time(s) 0.0132 | RobustPrompt-T Loss 0.4398  
Epoch 100 |  Time(s) 0.0130 | RobustPrompt-T Loss 0.3128  
Epoch 101 |  Time(s) 0.0130 | RobustPrompt-T Loss 0.4171  
Epoch 102 |  Time(s) 0.0128 | RobustPrompt-T Loss 0.4200  
Epoch 103 |  Time(s) 0.0131 | RobustPrompt-T Loss 0.2944  
Epoch 104 |  Time(s) 0.0131 | RobustPrompt-T Loss 0.3783  
Epoch 105 |  Time(s) 0.0132 | RobustPrompt-T Loss 0.2833  
Epoch 106 |  Time(s) 0.0129 | RobustPrompt-T Loss 0.3698  
Epoch 107 |  Time(s) 0.0129 | RobustPrompt-T Loss 0.2942  
Epoch 108 |  Time(s) 0.0131 | RobustPrompt-T Loss 0.2897  
Epoch 109 |  Time(s) 0.0131 | RobustPrompt-T Loss 0.2650  
Epoch 110 |  Time(s) 0.0136 | RobustPrompt-T Loss 0.2693  
Epoch 111 |  Time(s) 0.0125 | RobustPrompt-T Loss 0.2384  
Epoch 112 |  Time(s) 0.0124 | RobustPrompt-T Loss 0.2826  
Epoch 113 |  Time(s) 0.0125 | RobustPrompt-T Loss 0.2869  
Epoch 114 |  Time(s) 0.0128 | RobustPrompt-T Loss 0.2404  
Epoch 115 |  Time(s) 0.0129 | RobustPrompt-T Loss 0.2519  
Epoch 116 |  Time(s) 0.0126 | RobustPrompt-T Loss 0.2232  
Epoch 117 |  Time(s) 0.0128 | RobustPrompt-T Loss 0.2888  
Epoch 118 |  Time(s) 0.0129 | RobustPrompt-T Loss 0.2023  
Epoch 119 |  Time(s) 0.0128 | RobustPrompt-T Loss 0.2990  
Epoch 120 |  Time(s) 0.0127 | RobustPrompt-T Loss 0.2772  
Epoch 121 |  Time(s) 0.0132 | RobustPrompt-T Loss 0.1920  
Epoch 122 |  Time(s) 0.0126 | RobustPrompt-T Loss 0.3024  
Epoch 123 |  Time(s) 0.0130 | RobustPrompt-T Loss 0.3755  
Epoch 124 |  Time(s) 0.0116 | RobustPrompt-T Loss 0.2077  
Epoch 125 |  Time(s) 0.0124 | RobustPrompt-T Loss 0.4256  
Epoch 126 |  Time(s) 0.0124 | RobustPrompt-T Loss 0.6284  
Epoch 127 |  Time(s) 0.0125 | RobustPrompt-T Loss 0.3302  
Epoch 128 |  Time(s) 0.0127 | RobustPrompt-T Loss 0.3465  
Epoch 129 |  Time(s) 0.0128 | RobustPrompt-T Loss 0.3149  
Epoch 130 |  Time(s) 0.0126 | RobustPrompt-T Loss 0.1885  
Epoch 131 |  Time(s) 0.0128 | RobustPrompt-T Loss 0.3361  
Epoch 132 |  Time(s) 0.0129 | RobustPrompt-T Loss 0.3897  
Epoch 133 |  Time(s) 0.0129 | RobustPrompt-T Loss 0.2156  
Epoch 134 |  Time(s) 0.0130 | RobustPrompt-T Loss 0.2694  
Epoch 135 |  Time(s) 0.0131 | RobustPrompt-T Loss 0.3761  
Epoch 136 |  Time(s) 0.0125 | RobustPrompt-T Loss 0.2567  
Epoch 137 |  Time(s) 0.0128 | RobustPrompt-T Loss 0.2497  
Epoch 138 |  Time(s) 0.0126 | RobustPrompt-T Loss 0.3366  
Epoch 139 |  Time(s) 0.0132 | RobustPrompt-T Loss 0.2049  
Epoch 140 |  Time(s) 0.0123 | RobustPrompt-T Loss 0.2244  
Epoch 141 |  Time(s) 0.0127 | RobustPrompt-T Loss 0.3180  
Epoch 142 |  Time(s) 0.0121 | RobustPrompt-T Loss 0.1941  
Epoch 143 |  Time(s) 0.0122 | RobustPrompt-T Loss 0.2610  
Epoch 144 |  Time(s) 0.0132 | RobustPrompt-T Loss 0.3534  
Epoch 145 |  Time(s) 0.0127 | RobustPrompt-T Loss 0.1902  
Epoch 146 |  Time(s) 0.0132 | RobustPrompt-T Loss 0.1948  
Epoch 147 |  Time(s) 0.0128 | RobustPrompt-T Loss 0.2702  
Epoch 148 |  Time(s) 0.0132 | RobustPrompt-T Loss 0.1673  
Epoch 149 |  Time(s) 0.0129 | RobustPrompt-T Loss 0.2262  
Epoch 150 |  Time(s) 0.0128 | RobustPrompt-T Loss 0.2995  
Epoch 151 |  Time(s) 0.0128 | RobustPrompt-T Loss 0.1856  
Epoch 152 |  Time(s) 0.0126 | RobustPrompt-T Loss 0.1922  
Epoch 153 |  Time(s) 0.0129 | RobustPrompt-T Loss 0.2910  
Epoch 154 |  Time(s) 0.0128 | RobustPrompt-T Loss 0.2045  
Epoch 155 |  Time(s) 0.0125 | RobustPrompt-T Loss 0.1405  
Epoch 156 |  Time(s) 0.0126 | RobustPrompt-T Loss 0.1631  
Epoch 157 |  Time(s) 0.0124 | RobustPrompt-T Loss 0.1192  
Epoch 158 |  Time(s) 0.0128 | RobustPrompt-T Loss 0.1647  
Epoch 159 |  Time(s) 0.0128 | RobustPrompt-T Loss 0.1488  
Epoch 160 |  Time(s) 0.0129 | RobustPrompt-T Loss 0.1337  
Epoch 161 |  Time(s) 0.0130 | RobustPrompt-T Loss 0.1473  
Epoch 162 |  Time(s) 0.0130 | RobustPrompt-T Loss 0.0986  
Epoch 163 |  Time(s) 0.0129 | RobustPrompt-T Loss 0.1251  
Epoch 164 |  Time(s) 0.0126 | RobustPrompt-T Loss 0.1140  
Epoch 165 |  Time(s) 0.0127 | RobustPrompt-T Loss 0.1103  
Epoch 166 |  Time(s) 0.0130 | RobustPrompt-T Loss 0.1026  
Epoch 167 |  Time(s) 0.0130 | RobustPrompt-T Loss 0.0969  
Epoch 168 |  Time(s) 0.0130 | RobustPrompt-T Loss 0.0914  
Epoch 169 |  Time(s) 0.0130 | RobustPrompt-T Loss 0.0825  
Epoch 170 |  Time(s) 0.0130 | RobustPrompt-T Loss 0.0788  
Epoch 171 |  Time(s) 0.0128 | RobustPrompt-T Loss 0.0778  
Epoch 172 |  Time(s) 0.0125 | RobustPrompt-T Loss 0.0757  
Epoch 173 |  Time(s) 0.0125 | RobustPrompt-T Loss 0.0717  
Epoch 174 |  Time(s) 0.0124 | RobustPrompt-T Loss 0.0658  
Epoch 175 |  Time(s) 0.0131 | RobustPrompt-T Loss 0.0655  
Epoch 176 |  Time(s) 0.0128 | RobustPrompt-T Loss 0.0623  
Epoch 177 |  Time(s) 0.0130 | RobustPrompt-T Loss 0.0646  
Epoch 178 |  Time(s) 0.0130 | RobustPrompt-T Loss 0.0611  
Epoch 179 |  Time(s) 0.0129 | RobustPrompt-T Loss 0.0587  
Epoch 180 |  Time(s) 0.0131 | RobustPrompt-T Loss 0.0600  
Epoch 181 |  Time(s) 0.0130 | RobustPrompt-T Loss 0.0567  
Epoch 182 |  Time(s) 0.0132 | RobustPrompt-T Loss 0.0511  
Epoch 183 |  Time(s) 0.0134 | RobustPrompt-T Loss 0.0650  
Epoch 184 |  Time(s) 0.0132 | RobustPrompt-T Loss 0.0557  
Epoch 185 |  Time(s) 0.0132 | RobustPrompt-T Loss 0.0575  
Epoch 186 |  Time(s) 0.0132 | RobustPrompt-T Loss 0.0525  
Epoch 187 |  Time(s) 0.0135 | RobustPrompt-T Loss 0.0518  
Epoch 188 |  Time(s) 0.0132 | RobustPrompt-T Loss 0.0549  
Epoch 189 |  Time(s) 0.0132 | RobustPrompt-T Loss 0.0504  
Epoch 190 |  Time(s) 0.0130 | RobustPrompt-T Loss 0.0484  
Epoch 191 |  Time(s) 0.0134 | RobustPrompt-T Loss 0.0497  
Epoch 192 |  Time(s) 0.0133 | RobustPrompt-T Loss 0.0463  
Epoch 193 |  Time(s) 0.0131 | RobustPrompt-T Loss 0.0467  
Epoch 194 |  Time(s) 0.0131 | RobustPrompt-T Loss 0.0438  
Epoch 195 |  Time(s) 0.0130 | RobustPrompt-T Loss 0.0510  
Epoch 196 |  Time(s) 0.0134 | RobustPrompt-T Loss 0.0445  
Epoch 197 |  Time(s) 0.0134 | RobustPrompt-T Loss 0.0436  
Epoch 198 |  Time(s) 0.0132 | RobustPrompt-T Loss 0.0509  
Epoch 199 |  Time(s) 0.0130 | RobustPrompt-T Loss 0.0454  
Epoch 200 |  Time(s) 0.0131 | RobustPrompt-T Loss 0.0405  
Final True Accuracy: 0.1931 | Macro F1 Score: 0.1635
Edge Detection Detail | source=filter_module | active=0 | n_edges=5835 | n_pos=610 | n_neg=5225 | pos_rate=0.1045 | pred_pos=5738 | pred_pos_rate=0.9834 | tp=610 | fp=5128 | fn=0 | tn=97 | precision=0.1063 | recall=1.0000 | f1=0.1922 | auc=0.8623 | ap=0.3969 | best_f1=0.5558 | best_threshold=0.9600 | best_precision=0.4452 | best_recall=0.7393 | best_pred_pos_rate=0.1736 | precision_at_k_pos=0.4984 | recall_at_k_pos=0.4984 | all_positive_f1=0.1893 | current_f1_minus_all_positive_f1=0.0029 | hard_mask_all_positive_like=0 | mode=original
Edge Detection Detail | source=tau_tune | active=1 | n_edges=5835 | n_pos=610 | n_neg=5225 | pos_rate=0.1045 | pred_pos=89 | pred_pos_rate=0.0153 | tp=40 | fp=49 | fn=570 | tn=5176 | precision=0.4494 | recall=0.0656 | f1=0.1144 | auc=0.6910 | ap=0.2438 | best_f1=0.3011 | best_threshold=0.0734 | best_precision=0.2451 | best_recall=0.3902 | best_pred_pos_rate=0.1664 | precision_at_k_pos=0.2869 | recall_at_k_pos=0.2869 | all_positive_f1=0.1893 | current_f1_minus_all_positive_f1=-0.0748 | hard_mask_all_positive_like=0
Tip Detection | tip=sim_pt | active=0 | node_precision=0.0000 | node_recall=0.0000 | node_f1=0.0000 | edge_precision=0.0000 | edge_recall=0.0000 | edge_f1=0.0000 | edge_auc=0.5000 | node_tp=0 | node_fp=0 | node_fn=443 | edge_tp=0 | edge_fp=0 | edge_fn=610
Edge Detection Detail | source=sim_pt | active=0 | n_edges=5835 | n_pos=610 | n_neg=5225 | pos_rate=0.1045 | pred_pos=0 | pred_pos_rate=0.0000 | tp=0 | fp=0 | fn=610 | tn=5225 | precision=0.0000 | recall=0.0000 | f1=0.0000 | auc=0.5000 | ap=0.1045 | best_f1=nan | best_threshold=nan | best_precision=nan | best_recall=nan | best_pred_pos_rate=nan | precision_at_k_pos=nan | recall_at_k_pos=nan | all_positive_f1=0.1893 | current_f1_minus_all_positive_f1=-0.1893 | hard_mask_all_positive_like=0
Tip Detection | tip=degree_pt | active=1 | node_precision=0.0000 | node_recall=0.0000 | node_f1=0.0000 | edge_precision=0.0000 | edge_recall=0.0000 | edge_f1=0.0000 | edge_auc=0.5000 | node_tp=0 | node_fp=0 | node_fn=443 | edge_tp=0 | edge_fp=0 | edge_fn=610
Edge Detection Detail | source=degree_pt | active=1 | n_edges=5835 | n_pos=610 | n_neg=5225 | pos_rate=0.1045 | pred_pos=0 | pred_pos_rate=0.0000 | tp=0 | fp=0 | fn=610 | tn=5225 | precision=0.0000 | recall=0.0000 | f1=0.0000 | auc=0.5000 | ap=0.1045 | best_f1=nan | best_threshold=nan | best_precision=nan | best_recall=nan | best_pred_pos_rate=nan | precision_at_k_pos=nan | recall_at_k_pos=nan | all_positive_f1=0.1893 | current_f1_minus_all_positive_f1=-0.1893 | hard_mask_all_positive_like=0
Tip Detection | tip=out_detect_pt | active=1 | node_precision=0.1640 | node_recall=1.0000 | node_f1=0.2817 | edge_precision=0.1045 | edge_recall=1.0000 | edge_f1=0.1893 | edge_auc=0.5000 | node_tp=443 | node_fp=2259 | node_fn=0 | edge_tp=610 | edge_fp=5225 | edge_fn=0
Edge Detection Detail | source=out_detect_pt | active=1 | n_edges=5835 | n_pos=610 | n_neg=5225 | pos_rate=0.1045 | pred_pos=5739 | pred_pos_rate=0.9835 | tp=610 | fp=5129 | fn=0 | tn=96 | precision=0.1063 | recall=1.0000 | f1=0.1922 | auc=0.8623 | ap=0.3969 | best_f1=0.5558 | best_threshold=0.9600 | best_precision=0.4452 | best_recall=0.7393 | best_pred_pos_rate=0.1736 | precision_at_k_pos=0.4984 | recall_at_k_pos=0.4984 | all_positive_f1=0.1893 | current_f1_minus_all_positive_f1=0.0029 | hard_mask_all_positive_like=0
best_loss [tensor(0.0405, device='cuda:0', grad_fn=<AddBackward0>)]
load LLC or attacked data with specified split
Successfully loaded the attack of dataname with few shot 5, split 1
Attack method : Meta_Self | Attack ptb : 0.1 | Dataset: Cora
======================
Number of graphs: 1
Number of features: 1433
Number of classes: 7

Data(x=[2708, 1433], edge_index=[2, 14378], y=[2708], train_mask=[2708], val_mask=[2708], test_mask=[2708])
===========================================================================================================
Number of nodes: 2708
Number of edges: 14378
Average node degree: 5.31
Has isolated nodes: False
Has self-loops: True
Is undirected: True
Pollution Diff | added_edges=610 | deleted_edges=53 | clean_edges=5278 | attack_edges=5835
GCN(
  (conv_layers): ModuleList(
    (0): GCNConv(1433, 256)
    (1): GCNConv(256, 256)
  )
)
Successfully loaded pre-trained weights!
use RobustPrompt Tranductive
defense pt dict :  {'sim_pt': -1.0, 'degree_pt': 1, 'out_detect_pt': 0.5, 'other_pt': 'all'}
use_attention :  False
cosine_constraint :  True
pt_threshold :  0.5
filter_module :  OriginalFilter
temperature :  1.0
weight_mse 0.1
weight_kl :  0.3
weight_constraint :  0.2
run RobustPrompt-T
Epoch 001 |  Time(s) 0.0138 | RobustPrompt-T Loss 1.9462  
Epoch 002 |  Time(s) 0.0133 | RobustPrompt-T Loss 1.9389  
Epoch 003 |  Time(s) 0.0136 | RobustPrompt-T Loss 1.9242  
Epoch 004 |  Time(s) 0.0135 | RobustPrompt-T Loss 1.9301  
Epoch 005 |  Time(s) 0.0127 | RobustPrompt-T Loss 1.9125  
Epoch 006 |  Time(s) 0.0131 | RobustPrompt-T Loss 1.9114  
Epoch 007 |  Time(s) 0.0131 | RobustPrompt-T Loss 1.9073  
Epoch 008 |  Time(s) 0.0129 | RobustPrompt-T Loss 1.8983  
Epoch 009 |  Time(s) 0.0126 | RobustPrompt-T Loss 1.8904  
Epoch 010 |  Time(s) 0.0127 | RobustPrompt-T Loss 1.8928  
Epoch 011 |  Time(s) 0.0129 | RobustPrompt-T Loss 1.8731  
Epoch 012 |  Time(s) 0.0127 | RobustPrompt-T Loss 1.8683  
Epoch 013 |  Time(s) 0.0130 | RobustPrompt-T Loss 1.8514  
Epoch 014 |  Time(s) 0.0128 | RobustPrompt-T Loss 1.8581  
Epoch 015 |  Time(s) 0.0129 | RobustPrompt-T Loss 1.9187  
Epoch 016 |  Time(s) 0.0131 | RobustPrompt-T Loss 1.8787  
Epoch 017 |  Time(s) 0.0128 | RobustPrompt-T Loss 1.8548  
Epoch 018 |  Time(s) 0.0129 | RobustPrompt-T Loss 1.8436  
Epoch 019 |  Time(s) 0.0128 | RobustPrompt-T Loss 1.8576  
Epoch 020 |  Time(s) 0.0129 | RobustPrompt-T Loss 1.7941  
Epoch 021 |  Time(s) 0.0130 | RobustPrompt-T Loss 1.8160  
Epoch 022 |  Time(s) 0.0129 | RobustPrompt-T Loss 1.8081  
Epoch 023 |  Time(s) 0.0130 | RobustPrompt-T Loss 1.7738  
Epoch 024 |  Time(s) 0.0132 | RobustPrompt-T Loss 1.7666  
Epoch 025 |  Time(s) 0.0129 | RobustPrompt-T Loss 1.7583  
Epoch 026 |  Time(s) 0.0130 | RobustPrompt-T Loss 1.7474  
Epoch 027 |  Time(s) 0.0130 | RobustPrompt-T Loss 1.7147  
Epoch 028 |  Time(s) 0.0129 | RobustPrompt-T Loss 1.6812  
Epoch 029 |  Time(s) 0.0130 | RobustPrompt-T Loss 1.6736  
Epoch 030 |  Time(s) 0.0132 | RobustPrompt-T Loss 1.6579  
Epoch 031 |  Time(s) 0.0128 | RobustPrompt-T Loss 1.6368  
Epoch 032 |  Time(s) 0.0131 | RobustPrompt-T Loss 1.6006  
Epoch 033 |  Time(s) 0.0131 | RobustPrompt-T Loss 1.5848  
Epoch 034 |  Time(s) 0.0130 | RobustPrompt-T Loss 1.5149  
Epoch 035 |  Time(s) 0.0131 | RobustPrompt-T Loss 1.4648  
Epoch 036 |  Time(s) 0.0130 | RobustPrompt-T Loss 1.4423  
Epoch 037 |  Time(s) 0.0131 | RobustPrompt-T Loss 1.4141  
Epoch 038 |  Time(s) 0.0130 | RobustPrompt-T Loss 1.3802  
Epoch 039 |  Time(s) 0.0134 | RobustPrompt-T Loss 1.3384  
Epoch 040 |  Time(s) 0.0133 | RobustPrompt-T Loss 1.2912  
Epoch 041 |  Time(s) 0.0127 | RobustPrompt-T Loss 1.2610  
Epoch 042 |  Time(s) 0.0131 | RobustPrompt-T Loss 1.2338  
Epoch 043 |  Time(s) 0.0130 | RobustPrompt-T Loss 1.2031  
Epoch 044 |  Time(s) 0.0132 | RobustPrompt-T Loss 1.1638  
Epoch 045 |  Time(s) 0.0131 | RobustPrompt-T Loss 1.1299  
Epoch 046 |  Time(s) 0.0117 | RobustPrompt-T Loss 1.0938  
Epoch 047 |  Time(s) 0.0121 | RobustPrompt-T Loss 1.0912  
Epoch 048 |  Time(s) 0.0127 | RobustPrompt-T Loss 1.1728  
Epoch 049 |  Time(s) 0.0130 | RobustPrompt-T Loss 1.0408  
Epoch 050 |  Time(s) 0.0121 | RobustPrompt-T Loss 1.3750  
Epoch 051 |  Time(s) 0.0122 | RobustPrompt-T Loss 1.4468  
Epoch 052 |  Time(s) 0.0120 | RobustPrompt-T Loss 1.0149  
Epoch 053 |  Time(s) 0.0126 | RobustPrompt-T Loss 1.5965  
Epoch 054 |  Time(s) 0.0127 | RobustPrompt-T Loss 2.1972  
Epoch 055 |  Time(s) 0.0130 | RobustPrompt-T Loss 1.6427  
Epoch 056 |  Time(s) 0.0130 | RobustPrompt-T Loss 1.0621  
Epoch 057 |  Time(s) 0.0130 | RobustPrompt-T Loss 1.1489  
Epoch 058 |  Time(s) 0.0126 | RobustPrompt-T Loss 1.2782  
Epoch 059 |  Time(s) 0.0126 | RobustPrompt-T Loss 1.2505  
Epoch 060 |  Time(s) 0.0127 | RobustPrompt-T Loss 1.1128  
Epoch 061 |  Time(s) 0.0126 | RobustPrompt-T Loss 0.9441  
Epoch 062 |  Time(s) 0.0128 | RobustPrompt-T Loss 0.9825  
Epoch 063 |  Time(s) 0.0129 | RobustPrompt-T Loss 0.9798  
Epoch 064 |  Time(s) 0.0129 | RobustPrompt-T Loss 0.9488  
Epoch 065 |  Time(s) 0.0124 | RobustPrompt-T Loss 0.9534  
Epoch 066 |  Time(s) 0.0127 | RobustPrompt-T Loss 0.9196  
Epoch 067 |  Time(s) 0.0128 | RobustPrompt-T Loss 0.8843  
Epoch 068 |  Time(s) 0.0131 | RobustPrompt-T Loss 0.8435  
Epoch 069 |  Time(s) 0.0125 | RobustPrompt-T Loss 0.8611  
Epoch 070 |  Time(s) 0.0128 | RobustPrompt-T Loss 0.8256  
Epoch 071 |  Time(s) 0.0129 | RobustPrompt-T Loss 0.8160  
Epoch 072 |  Time(s) 0.0129 | RobustPrompt-T Loss 0.7828  
Epoch 073 |  Time(s) 0.0126 | RobustPrompt-T Loss 0.7674  
Epoch 074 |  Time(s) 0.0128 | RobustPrompt-T Loss 0.7640  
Epoch 075 |  Time(s) 0.0128 | RobustPrompt-T Loss 0.7568  
Epoch 076 |  Time(s) 0.0130 | RobustPrompt-T Loss 0.7168  
Epoch 077 |  Time(s) 0.0129 | RobustPrompt-T Loss 0.6963  
Epoch 078 |  Time(s) 0.0126 | RobustPrompt-T Loss 0.6871  
Epoch 079 |  Time(s) 0.0127 | RobustPrompt-T Loss 0.6808  
Epoch 080 |  Time(s) 0.0129 | RobustPrompt-T Loss 0.6619  
Epoch 081 |  Time(s) 0.0129 | RobustPrompt-T Loss 0.6646  
Epoch 082 |  Time(s) 0.0126 | RobustPrompt-T Loss 0.6476  
Epoch 083 |  Time(s) 0.0127 | RobustPrompt-T Loss 0.6321  
Epoch 084 |  Time(s) 0.0130 | RobustPrompt-T Loss 0.6154  
Epoch 085 |  Time(s) 0.0130 | RobustPrompt-T Loss 0.5972  
Epoch 086 |  Time(s) 0.0124 | RobustPrompt-T Loss 0.5825  
Epoch 087 |  Time(s) 0.0126 | RobustPrompt-T Loss 0.5674  
Epoch 088 |  Time(s) 0.0129 | RobustPrompt-T Loss 0.5545  
Epoch 089 |  Time(s) 0.0128 | RobustPrompt-T Loss 0.5592  
Epoch 090 |  Time(s) 0.0129 | RobustPrompt-T Loss 0.5411  
Epoch 091 |  Time(s) 0.0127 | RobustPrompt-T Loss 0.5171  
Epoch 092 |  Time(s) 0.0127 | RobustPrompt-T Loss 0.5118  
Epoch 093 |  Time(s) 0.0129 | RobustPrompt-T Loss 0.5228  
Epoch 094 |  Time(s) 0.0129 | RobustPrompt-T Loss 0.4844  
Epoch 095 |  Time(s) 0.0129 | RobustPrompt-T Loss 0.4765  
Epoch 096 |  Time(s) 0.0130 | RobustPrompt-T Loss 0.4628  
Epoch 097 |  Time(s) 0.0129 | RobustPrompt-T Loss 0.4395  
Epoch 098 |  Time(s) 0.0126 | RobustPrompt-T Loss 0.4311  
Epoch 099 |  Time(s) 0.0127 | RobustPrompt-T Loss 0.4291  
Epoch 100 |  Time(s) 0.0129 | RobustPrompt-T Loss 0.4003  
Epoch 101 |  Time(s) 0.0129 | RobustPrompt-T Loss 0.4076  
Epoch 102 |  Time(s) 0.0129 | RobustPrompt-T Loss 0.3902  
Epoch 103 |  Time(s) 0.0130 | RobustPrompt-T Loss 0.3632  
Epoch 104 |  Time(s) 0.0132 | RobustPrompt-T Loss 0.3897  
Epoch 105 |  Time(s) 0.0130 | RobustPrompt-T Loss 0.3275  
Epoch 106 |  Time(s) 0.0131 | RobustPrompt-T Loss 0.3481  
Epoch 107 |  Time(s) 0.0129 | RobustPrompt-T Loss 0.3205  
Epoch 108 |  Time(s) 0.0130 | RobustPrompt-T Loss 0.3087  
Epoch 109 |  Time(s) 0.0125 | RobustPrompt-T Loss 0.2936  
Epoch 110 |  Time(s) 0.0128 | RobustPrompt-T Loss 0.2828  
Epoch 111 |  Time(s) 0.0130 | RobustPrompt-T Loss 0.2752  
Epoch 112 |  Time(s) 0.0129 | RobustPrompt-T Loss 0.2649  
Epoch 113 |  Time(s) 0.0130 | RobustPrompt-T Loss 0.2537  
Epoch 114 |  Time(s) 0.0128 | RobustPrompt-T Loss 0.2464  
Epoch 115 |  Time(s) 0.0129 | RobustPrompt-T Loss 0.2354  
Epoch 116 |  Time(s) 0.0130 | RobustPrompt-T Loss 0.2225  
Epoch 117 |  Time(s) 0.0129 | RobustPrompt-T Loss 0.2295  
Epoch 118 |  Time(s) 0.0129 | RobustPrompt-T Loss 0.2315  
Epoch 119 |  Time(s) 0.0126 | RobustPrompt-T Loss 0.2013  
Epoch 120 |  Time(s) 0.0128 | RobustPrompt-T Loss 0.2552  
Epoch 121 |  Time(s) 0.0129 | RobustPrompt-T Loss 0.1933  
Epoch 122 |  Time(s) 0.0129 | RobustPrompt-T Loss 0.2066  
Epoch 123 |  Time(s) 0.0130 | RobustPrompt-T Loss 0.2086  
Epoch 124 |  Time(s) 0.0131 | RobustPrompt-T Loss 0.1769  
Epoch 125 |  Time(s) 0.0133 | RobustPrompt-T Loss 0.1897  
Epoch 126 |  Time(s) 0.0127 | RobustPrompt-T Loss 0.1875  
Epoch 127 |  Time(s) 0.0130 | RobustPrompt-T Loss 0.1632  
Epoch 128 |  Time(s) 0.0131 | RobustPrompt-T Loss 0.1683  
Epoch 129 |  Time(s) 0.0137 | RobustPrompt-T Loss 0.1580  
Epoch 130 |  Time(s) 0.0132 | RobustPrompt-T Loss 0.1500  
Epoch 131 |  Time(s) 0.0131 | RobustPrompt-T Loss 0.1486  
Epoch 132 |  Time(s) 0.0131 | RobustPrompt-T Loss 0.1390  
Epoch 133 |  Time(s) 0.0129 | RobustPrompt-T Loss 0.1481  
Epoch 134 |  Time(s) 0.0131 | RobustPrompt-T Loss 0.1332  
Epoch 135 |  Time(s) 0.0129 | RobustPrompt-T Loss 0.1265  
Epoch 136 |  Time(s) 0.0132 | RobustPrompt-T Loss 0.1247  
Epoch 137 |  Time(s) 0.0135 | RobustPrompt-T Loss 0.1228  
Epoch 138 |  Time(s) 0.0133 | RobustPrompt-T Loss 0.1180  
Epoch 139 |  Time(s) 0.0137 | RobustPrompt-T Loss 0.1203  
Epoch 140 |  Time(s) 0.0133 | RobustPrompt-T Loss 0.1207  
Epoch 141 |  Time(s) 0.0132 | RobustPrompt-T Loss 0.1090  
Epoch 142 |  Time(s) 0.0136 | RobustPrompt-T Loss 0.1037  
Epoch 143 |  Time(s) 0.0132 | RobustPrompt-T Loss 0.1038  
Epoch 144 |  Time(s) 0.0130 | RobustPrompt-T Loss 0.0958  
Epoch 145 |  Time(s) 0.0130 | RobustPrompt-T Loss 0.1006  
Epoch 146 |  Time(s) 0.0131 | RobustPrompt-T Loss 0.0908  
Epoch 147 |  Time(s) 0.0131 | RobustPrompt-T Loss 0.0889  
Epoch 148 |  Time(s) 0.0132 | RobustPrompt-T Loss 0.0844  
Epoch 149 |  Time(s) 0.0132 | RobustPrompt-T Loss 0.0829  
Epoch 150 |  Time(s) 0.0130 | RobustPrompt-T Loss 0.0793  
Epoch 151 |  Time(s) 0.0131 | RobustPrompt-T Loss 0.0820  
Epoch 152 |  Time(s) 0.0132 | RobustPrompt-T Loss 0.0788  
Epoch 153 |  Time(s) 0.0131 | RobustPrompt-T Loss 0.0852  
Epoch 154 |  Time(s) 0.0132 | RobustPrompt-T Loss 0.0728  
Epoch 155 |  Time(s) 0.0131 | RobustPrompt-T Loss 0.0691  
Epoch 156 |  Time(s) 0.0130 | RobustPrompt-T Loss 0.0726  
Epoch 157 |  Time(s) 0.0130 | RobustPrompt-T Loss 0.0676  
Epoch 158 |  Time(s) 0.0129 | RobustPrompt-T Loss 0.0667  
Epoch 159 |  Time(s) 0.0131 | RobustPrompt-T Loss 0.0657  
Epoch 160 |  Time(s) 0.0133 | RobustPrompt-T Loss 0.0625  
Epoch 161 |  Time(s) 0.0131 | RobustPrompt-T Loss 0.0644  
Epoch 162 |  Time(s) 0.0131 | RobustPrompt-T Loss 0.0585  
Epoch 163 |  Time(s) 0.0127 | RobustPrompt-T Loss 0.0574  
Epoch 164 |  Time(s) 0.0129 | RobustPrompt-T Loss 0.0594  
Epoch 165 |  Time(s) 0.0130 | RobustPrompt-T Loss 0.0555  
Epoch 166 |  Time(s) 0.0129 | RobustPrompt-T Loss 0.0534  
Epoch 167 |  Time(s) 0.0128 | RobustPrompt-T Loss 0.0543  
Epoch 168 |  Time(s) 0.0130 | RobustPrompt-T Loss 0.0531  
Epoch 169 |  Time(s) 0.0130 | RobustPrompt-T Loss 0.0511  
Epoch 170 |  Time(s) 0.0129 | RobustPrompt-T Loss 0.0511  
Epoch 171 |  Time(s) 0.0128 | RobustPrompt-T Loss 0.0525  
Epoch 172 |  Time(s) 0.0131 | RobustPrompt-T Loss 0.0608  
Epoch 173 |  Time(s) 0.0131 | RobustPrompt-T Loss 0.0604  
Epoch 174 |  Time(s) 0.0131 | RobustPrompt-T Loss 0.0646  
Epoch 175 |  Time(s) 0.0132 | RobustPrompt-T Loss 0.0509  
Epoch 176 |  Time(s) 0.0132 | RobustPrompt-T Loss 0.0446  
Epoch 177 |  Time(s) 0.0130 | RobustPrompt-T Loss 0.0498  
Epoch 178 |  Time(s) 0.0129 | RobustPrompt-T Loss 0.0456  
Epoch 179 |  Time(s) 0.0128 | RobustPrompt-T Loss 0.0441  
Epoch 180 |  Time(s) 0.0130 | RobustPrompt-T Loss 0.0474  
Epoch 181 |  Time(s) 0.0129 | RobustPrompt-T Loss 0.0415  
Epoch 182 |  Time(s) 0.0130 | RobustPrompt-T Loss 0.0408  
Epoch 183 |  Time(s) 0.0129 | RobustPrompt-T Loss 0.0441  
Epoch 184 |  Time(s) 0.0130 | RobustPrompt-T Loss 0.0380  
Epoch 185 |  Time(s) 0.0130 | RobustPrompt-T Loss 0.0408  
Epoch 186 |  Time(s) 0.0131 | RobustPrompt-T Loss 0.0419  
Epoch 187 |  Time(s) 0.0129 | RobustPrompt-T Loss 0.0381  
Epoch 188 |  Time(s) 0.0130 | RobustPrompt-T Loss 0.0362  
Epoch 189 |  Time(s) 0.0124 | RobustPrompt-T Loss 0.0433  
Epoch 190 |  Time(s) 0.0127 | RobustPrompt-T Loss 0.0434  
Epoch 191 |  Time(s) 0.0126 | RobustPrompt-T Loss 0.0445  
Epoch 192 |  Time(s) 0.0129 | RobustPrompt-T Loss 0.0360  
Epoch 193 |  Time(s) 0.0130 | RobustPrompt-T Loss 0.0368  
Epoch 194 |  Time(s) 0.0127 | RobustPrompt-T Loss 0.0417  
Epoch 195 |  Time(s) 0.0129 | RobustPrompt-T Loss 0.0358  
Epoch 196 |  Time(s) 0.0127 | RobustPrompt-T Loss 0.0381  
Epoch 197 |  Time(s) 0.0129 | RobustPrompt-T Loss 0.0414  
Epoch 198 |  Time(s) 0.0128 | RobustPrompt-T Loss 0.0366  
Epoch 199 |  Time(s) 0.0128 | RobustPrompt-T Loss 0.0366  
Epoch 200 |  Time(s) 0.0128 | RobustPrompt-T Loss 0.0397  
Final True Accuracy: 0.1973 | Macro F1 Score: 0.1666
Edge Detection Detail | source=filter_module | active=0 | n_edges=5835 | n_pos=610 | n_neg=5225 | pos_rate=0.1045 | pred_pos=5738 | pred_pos_rate=0.9834 | tp=610 | fp=5128 | fn=0 | tn=97 | precision=0.1063 | recall=1.0000 | f1=0.1922 | auc=0.8623 | ap=0.3969 | best_f1=0.5558 | best_threshold=0.9600 | best_precision=0.4452 | best_recall=0.7393 | best_pred_pos_rate=0.1736 | precision_at_k_pos=0.4984 | recall_at_k_pos=0.4984 | all_positive_f1=0.1893 | current_f1_minus_all_positive_f1=0.0029 | hard_mask_all_positive_like=0 | mode=original
Edge Detection Detail | source=tau_tune | active=1 | n_edges=5835 | n_pos=610 | n_neg=5225 | pos_rate=0.1045 | pred_pos=55 | pred_pos_rate=0.0094 | tp=30 | fp=25 | fn=580 | tn=5200 | precision=0.5455 | recall=0.0492 | f1=0.0902 | auc=0.7193 | ap=0.2694 | best_f1=0.3173 | best_threshold=0.0490 | best_precision=0.2411 | best_recall=0.4639 | best_pred_pos_rate=0.2012 | precision_at_k_pos=0.3000 | recall_at_k_pos=0.3000 | all_positive_f1=0.1893 | current_f1_minus_all_positive_f1=-0.0991 | hard_mask_all_positive_like=0
Tip Detection | tip=sim_pt | active=0 | node_precision=0.0000 | node_recall=0.0000 | node_f1=0.0000 | edge_precision=0.0000 | edge_recall=0.0000 | edge_f1=0.0000 | edge_auc=0.5000 | node_tp=0 | node_fp=0 | node_fn=443 | edge_tp=0 | edge_fp=0 | edge_fn=610
Edge Detection Detail | source=sim_pt | active=0 | n_edges=5835 | n_pos=610 | n_neg=5225 | pos_rate=0.1045 | pred_pos=0 | pred_pos_rate=0.0000 | tp=0 | fp=0 | fn=610 | tn=5225 | precision=0.0000 | recall=0.0000 | f1=0.0000 | auc=0.5000 | ap=0.1045 | best_f1=nan | best_threshold=nan | best_precision=nan | best_recall=nan | best_pred_pos_rate=nan | precision_at_k_pos=nan | recall_at_k_pos=nan | all_positive_f1=0.1893 | current_f1_minus_all_positive_f1=-0.1893 | hard_mask_all_positive_like=0
Tip Detection | tip=degree_pt | active=1 | node_precision=0.0000 | node_recall=0.0000 | node_f1=0.0000 | edge_precision=0.0000 | edge_recall=0.0000 | edge_f1=0.0000 | edge_auc=0.5000 | node_tp=0 | node_fp=0 | node_fn=443 | edge_tp=0 | edge_fp=0 | edge_fn=610
Edge Detection Detail | source=degree_pt | active=1 | n_edges=5835 | n_pos=610 | n_neg=5225 | pos_rate=0.1045 | pred_pos=0 | pred_pos_rate=0.0000 | tp=0 | fp=0 | fn=610 | tn=5225 | precision=0.0000 | recall=0.0000 | f1=0.0000 | auc=0.5000 | ap=0.1045 | best_f1=nan | best_threshold=nan | best_precision=nan | best_recall=nan | best_pred_pos_rate=nan | precision_at_k_pos=nan | recall_at_k_pos=nan | all_positive_f1=0.1893 | current_f1_minus_all_positive_f1=-0.1893 | hard_mask_all_positive_like=0
Tip Detection | tip=out_detect_pt | active=1 | node_precision=0.1640 | node_recall=1.0000 | node_f1=0.2817 | edge_precision=0.1045 | edge_recall=1.0000 | edge_f1=0.1893 | edge_auc=0.5000 | node_tp=443 | node_fp=2259 | node_fn=0 | edge_tp=610 | edge_fp=5225 | edge_fn=0
Edge Detection Detail | source=out_detect_pt | active=1 | n_edges=5835 | n_pos=610 | n_neg=5225 | pos_rate=0.1045 | pred_pos=5739 | pred_pos_rate=0.9835 | tp=610 | fp=5129 | fn=0 | tn=96 | precision=0.1063 | recall=1.0000 | f1=0.1922 | auc=0.8623 | ap=0.3969 | best_f1=0.5558 | best_threshold=0.9600 | best_precision=0.4452 | best_recall=0.7393 | best_pred_pos_rate=0.1736 | precision_at_k_pos=0.4984 | recall_at_k_pos=0.4984 | all_positive_f1=0.1893 | current_f1_minus_all_positive_f1=0.0029 | hard_mask_all_positive_like=0
best_loss [tensor(0.0397, device='cuda:0', grad_fn=<AddBackward0>)]
load LLC or attacked data with specified split
Successfully loaded the attack of dataname with few shot 5, split 1
Attack method : Meta_Self | Attack ptb : 0.1 | Dataset: Cora
======================
Number of graphs: 1
Number of features: 1433
Number of classes: 7

Data(x=[2708, 1433], edge_index=[2, 14378], y=[2708], train_mask=[2708], val_mask=[2708], test_mask=[2708])
===========================================================================================================
Number of nodes: 2708
Number of edges: 14378
Average node degree: 5.31
Has isolated nodes: False
Has self-loops: True
Is undirected: True
Pollution Diff | added_edges=610 | deleted_edges=53 | clean_edges=5278 | attack_edges=5835
GCN(
  (conv_layers): ModuleList(
    (0): GCNConv(1433, 256)
    (1): GCNConv(256, 256)
  )
)
Successfully loaded pre-trained weights!
use RobustPrompt Tranductive
defense pt dict :  {'sim_pt': -1.0, 'degree_pt': 1, 'out_detect_pt': 0.5, 'other_pt': 'all'}
use_attention :  False
cosine_constraint :  True
pt_threshold :  0.5
filter_module :  OriginalFilter
temperature :  1.0
weight_mse 0.1
weight_kl :  0.3
weight_constraint :  0.2
run RobustPrompt-T
Epoch 001 |  Time(s) 0.0128 | RobustPrompt-T Loss 1.9485  
Epoch 002 |  Time(s) 0.0128 | RobustPrompt-T Loss 1.9276  
Epoch 003 |  Time(s) 0.0120 | RobustPrompt-T Loss 1.9520  
Epoch 004 |  Time(s) 0.0127 | RobustPrompt-T Loss 1.9244  
Epoch 005 |  Time(s) 0.0133 | RobustPrompt-T Loss 1.9183  
Epoch 006 |  Time(s) 0.0130 | RobustPrompt-T Loss 1.9173  
Epoch 007 |  Time(s) 0.0128 | RobustPrompt-T Loss 1.9180  
Epoch 008 |  Time(s) 0.0129 | RobustPrompt-T Loss 1.9114  
Epoch 009 |  Time(s) 0.0128 | RobustPrompt-T Loss 1.9030  
Epoch 010 |  Time(s) 0.0129 | RobustPrompt-T Loss 1.9032  
Epoch 011 |  Time(s) 0.0125 | RobustPrompt-T Loss 1.8833  
Epoch 012 |  Time(s) 0.0127 | RobustPrompt-T Loss 1.8721  
Epoch 013 |  Time(s) 0.0128 | RobustPrompt-T Loss 1.8748  
Epoch 014 |  Time(s) 0.0129 | RobustPrompt-T Loss 1.8802  
Epoch 015 |  Time(s) 0.0125 | RobustPrompt-T Loss 1.8757  
Epoch 016 |  Time(s) 0.0127 | RobustPrompt-T Loss 1.8383  
Epoch 017 |  Time(s) 0.0124 | RobustPrompt-T Loss 1.8668  
Epoch 018 |  Time(s) 0.0126 | RobustPrompt-T Loss 1.8440  
Epoch 019 |  Time(s) 0.0125 | RobustPrompt-T Loss 1.8189  
Epoch 020 |  Time(s) 0.0126 | RobustPrompt-T Loss 1.8413  
Epoch 021 |  Time(s) 0.0125 | RobustPrompt-T Loss 1.7910  
Epoch 022 |  Time(s) 0.0128 | RobustPrompt-T Loss 1.7992  
Epoch 023 |  Time(s) 0.0122 | RobustPrompt-T Loss 1.7822  
Epoch 024 |  Time(s) 0.0126 | RobustPrompt-T Loss 1.7430  
Epoch 025 |  Time(s) 0.0129 | RobustPrompt-T Loss 1.7486  
Epoch 026 |  Time(s) 0.0130 | RobustPrompt-T Loss 1.7186  
Epoch 027 |  Time(s) 0.0129 | RobustPrompt-T Loss 1.6974  
Epoch 028 |  Time(s) 0.0125 | RobustPrompt-T Loss 1.6576  
Epoch 029 |  Time(s) 0.0127 | RobustPrompt-T Loss 1.6339  
Epoch 030 |  Time(s) 0.0129 | RobustPrompt-T Loss 1.6112  
Epoch 031 |  Time(s) 0.0128 | RobustPrompt-T Loss 1.5852  
Epoch 032 |  Time(s) 0.0130 | RobustPrompt-T Loss 1.6217  
Epoch 033 |  Time(s) 0.0126 | RobustPrompt-T Loss 1.4940  
Epoch 034 |  Time(s) 0.0127 | RobustPrompt-T Loss 1.5834  
Epoch 035 |  Time(s) 0.0129 | RobustPrompt-T Loss 1.4905  
Epoch 036 |  Time(s) 0.0125 | RobustPrompt-T Loss 1.4657  
Epoch 037 |  Time(s) 0.0127 | RobustPrompt-T Loss 1.3669  
Epoch 038 |  Time(s) 0.0128 | RobustPrompt-T Loss 1.4017  
Epoch 039 |  Time(s) 0.0129 | RobustPrompt-T Loss 1.3659  
Epoch 040 |  Time(s) 0.0126 | RobustPrompt-T Loss 1.3061  
Epoch 041 |  Time(s) 0.0127 | RobustPrompt-T Loss 1.2962  
Epoch 042 |  Time(s) 0.0127 | RobustPrompt-T Loss 1.3000  
Epoch 043 |  Time(s) 0.0124 | RobustPrompt-T Loss 1.2187  
Epoch 044 |  Time(s) 0.0127 | RobustPrompt-T Loss 1.2681  
Epoch 045 |  Time(s) 0.0125 | RobustPrompt-T Loss 1.2353  
Epoch 046 |  Time(s) 0.0127 | RobustPrompt-T Loss 1.1476  
Epoch 047 |  Time(s) 0.0128 | RobustPrompt-T Loss 1.2116  
Epoch 048 |  Time(s) 0.0126 | RobustPrompt-T Loss 1.1003  
Epoch 049 |  Time(s) 0.0126 | RobustPrompt-T Loss 1.2406  
Epoch 050 |  Time(s) 0.0129 | RobustPrompt-T Loss 1.1832  
Epoch 051 |  Time(s) 0.0130 | RobustPrompt-T Loss 1.2251  
Epoch 052 |  Time(s) 0.0125 | RobustPrompt-T Loss 1.1502  
Epoch 053 |  Time(s) 0.0124 | RobustPrompt-T Loss 1.1391  
Epoch 054 |  Time(s) 0.0129 | RobustPrompt-T Loss 1.1900  
Epoch 055 |  Time(s) 0.0125 | RobustPrompt-T Loss 0.9642  
Epoch 056 |  Time(s) 0.0127 | RobustPrompt-T Loss 1.1854  
Epoch 057 |  Time(s) 0.0129 | RobustPrompt-T Loss 1.2469  
Epoch 058 |  Time(s) 0.0126 | RobustPrompt-T Loss 1.0551  
Epoch 059 |  Time(s) 0.0126 | RobustPrompt-T Loss 1.0654  
Epoch 060 |  Time(s) 0.0128 | RobustPrompt-T Loss 1.1079  
Epoch 061 |  Time(s) 0.0131 | RobustPrompt-T Loss 1.0744  
Epoch 062 |  Time(s) 0.0130 | RobustPrompt-T Loss 0.9748  
Epoch 063 |  Time(s) 0.0130 | RobustPrompt-T Loss 0.9185  
Epoch 064 |  Time(s) 0.0126 | RobustPrompt-T Loss 0.9652  
Epoch 065 |  Time(s) 0.0127 | RobustPrompt-T Loss 0.9071  
Epoch 066 |  Time(s) 0.0129 | RobustPrompt-T Loss 0.8314  
Epoch 067 |  Time(s) 0.0129 | RobustPrompt-T Loss 0.9723  
Epoch 068 |  Time(s) 0.0125 | RobustPrompt-T Loss 0.9524  
Epoch 069 |  Time(s) 0.0128 | RobustPrompt-T Loss 0.8326  
Epoch 070 |  Time(s) 0.0128 | RobustPrompt-T Loss 0.8046  
Epoch 071 |  Time(s) 0.0129 | RobustPrompt-T Loss 0.8246  
Epoch 072 |  Time(s) 0.0125 | RobustPrompt-T Loss 0.7941  
Epoch 073 |  Time(s) 0.0128 | RobustPrompt-T Loss 0.7633  
Epoch 074 |  Time(s) 0.0128 | RobustPrompt-T Loss 0.7634  
Epoch 075 |  Time(s) 0.0126 | RobustPrompt-T Loss 0.7278  
Epoch 076 |  Time(s) 0.0127 | RobustPrompt-T Loss 0.7095  
Epoch 077 |  Time(s) 0.0128 | RobustPrompt-T Loss 0.7465  
Epoch 078 |  Time(s) 0.0126 | RobustPrompt-T Loss 0.6752  
Epoch 079 |  Time(s) 0.0127 | RobustPrompt-T Loss 0.6649  
Epoch 080 |  Time(s) 0.0128 | RobustPrompt-T Loss 0.6677  
Epoch 081 |  Time(s) 0.0125 | RobustPrompt-T Loss 0.6424  
Epoch 082 |  Time(s) 0.0126 | RobustPrompt-T Loss 0.6063  
Epoch 083 |  Time(s) 0.0125 | RobustPrompt-T Loss 0.6167  
Epoch 084 |  Time(s) 0.0126 | RobustPrompt-T Loss 0.5926  
Epoch 085 |  Time(s) 0.0130 | RobustPrompt-T Loss 0.5694  
Epoch 086 |  Time(s) 0.0129 | RobustPrompt-T Loss 0.5327  
Epoch 087 |  Time(s) 0.0125 | RobustPrompt-T Loss 0.5246  
Epoch 088 |  Time(s) 0.0131 | RobustPrompt-T Loss 0.5127  
Epoch 089 |  Time(s) 0.0134 | RobustPrompt-T Loss 0.4911  
Epoch 090 |  Time(s) 0.0132 | RobustPrompt-T Loss 0.4713  
Epoch 091 |  Time(s) 0.0129 | RobustPrompt-T Loss 0.4552  
Epoch 092 |  Time(s) 0.0130 | RobustPrompt-T Loss 0.4361  
Epoch 093 |  Time(s) 0.0131 | RobustPrompt-T Loss 0.4297  
Epoch 094 |  Time(s) 0.0131 | RobustPrompt-T Loss 0.4153  
Epoch 095 |  Time(s) 0.0131 | RobustPrompt-T Loss 0.4123  
Epoch 096 |  Time(s) 0.0130 | RobustPrompt-T Loss 0.3800  
Epoch 097 |  Time(s) 0.0129 | RobustPrompt-T Loss 0.3628  
Epoch 098 |  Time(s) 0.0130 | RobustPrompt-T Loss 0.3451  
Epoch 099 |  Time(s) 0.0130 | RobustPrompt-T Loss 0.3639  
Epoch 100 |  Time(s) 0.0129 | RobustPrompt-T Loss 0.3784  
Epoch 101 |  Time(s) 0.0130 | RobustPrompt-T Loss 0.3152  
Epoch 102 |  Time(s) 0.0129 | RobustPrompt-T Loss 0.3579  
Epoch 103 |  Time(s) 0.0130 | RobustPrompt-T Loss 0.2692  
Epoch 104 |  Time(s) 0.0130 | RobustPrompt-T Loss 0.2951  
Epoch 105 |  Time(s) 0.0129 | RobustPrompt-T Loss 0.2824  
Epoch 106 |  Time(s) 0.0130 | RobustPrompt-T Loss 0.2319  
Epoch 107 |  Time(s) 0.0130 | RobustPrompt-T Loss 0.2257  
Epoch 108 |  Time(s) 0.0129 | RobustPrompt-T Loss 0.2290  
Epoch 109 |  Time(s) 0.0131 | RobustPrompt-T Loss 0.3096  
Epoch 110 |  Time(s) 0.0130 | RobustPrompt-T Loss 0.2239  
Epoch 111 |  Time(s) 0.0130 | RobustPrompt-T Loss 0.3685  
Epoch 112 |  Time(s) 0.0130 | RobustPrompt-T Loss 0.3592  
Epoch 113 |  Time(s) 0.0130 | RobustPrompt-T Loss 0.1943  
Epoch 114 |  Time(s) 0.0129 | RobustPrompt-T Loss 0.2066  
Epoch 115 |  Time(s) 0.0130 | RobustPrompt-T Loss 0.2039  
Epoch 116 |  Time(s) 0.0131 | RobustPrompt-T Loss 0.1707  
Epoch 117 |  Time(s) 0.0130 | RobustPrompt-T Loss 0.2060  
Epoch 118 |  Time(s) 0.0130 | RobustPrompt-T Loss 0.1517  
Epoch 119 |  Time(s) 0.0126 | RobustPrompt-T Loss 0.1656  
Epoch 120 |  Time(s) 0.0125 | RobustPrompt-T Loss 0.1299  
Epoch 121 |  Time(s) 0.0127 | RobustPrompt-T Loss 0.2040  
Epoch 122 |  Time(s) 0.0131 | RobustPrompt-T Loss 0.1327  
Epoch 123 |  Time(s) 0.0129 | RobustPrompt-T Loss 0.1457  
Epoch 124 |  Time(s) 0.0132 | RobustPrompt-T Loss 0.1398  
Epoch 125 |  Time(s) 0.0130 | RobustPrompt-T Loss 0.1091  
Epoch 126 |  Time(s) 0.0127 | RobustPrompt-T Loss 0.1004  
Epoch 127 |  Time(s) 0.0126 | RobustPrompt-T Loss 0.0974  
Epoch 128 |  Time(s) 0.0130 | RobustPrompt-T Loss 0.1016  
Epoch 129 |  Time(s) 0.0130 | RobustPrompt-T Loss 0.0925  
Epoch 130 |  Time(s) 0.0127 | RobustPrompt-T Loss 0.0917  
Epoch 131 |  Time(s) 0.0129 | RobustPrompt-T Loss 0.0754  
Epoch 132 |  Time(s) 0.0128 | RobustPrompt-T Loss 0.0815  
Epoch 133 |  Time(s) 0.0125 | RobustPrompt-T Loss 0.0775  
Epoch 134 |  Time(s) 0.0130 | RobustPrompt-T Loss 0.0735  
Epoch 135 |  Time(s) 0.0129 | RobustPrompt-T Loss 0.0757  
Epoch 136 |  Time(s) 0.0129 | RobustPrompt-T Loss 0.0691  
Epoch 137 |  Time(s) 0.0131 | RobustPrompt-T Loss 0.0647  
Epoch 138 |  Time(s) 0.0130 | RobustPrompt-T Loss 0.0601  
Epoch 139 |  Time(s) 0.0131 | RobustPrompt-T Loss 0.0600  
Epoch 140 |  Time(s) 0.0130 | RobustPrompt-T Loss 0.0641  
Epoch 141 |  Time(s) 0.0129 | RobustPrompt-T Loss 0.0601  
Epoch 142 |  Time(s) 0.0132 | RobustPrompt-T Loss 0.0613  
Epoch 143 |  Time(s) 0.0131 | RobustPrompt-T Loss 0.0598  
Epoch 144 |  Time(s) 0.0130 | RobustPrompt-T Loss 0.0654  
Epoch 145 |  Time(s) 0.0130 | RobustPrompt-T Loss 0.0562  
Epoch 146 |  Time(s) 0.0130 | RobustPrompt-T Loss 0.0575  
Epoch 147 |  Time(s) 0.0131 | RobustPrompt-T Loss 0.0646  
Epoch 148 |  Time(s) 0.0128 | RobustPrompt-T Loss 0.0589  
Epoch 149 |  Time(s) 0.0128 | RobustPrompt-T Loss 0.0552  
Epoch 150 |  Time(s) 0.0129 | RobustPrompt-T Loss 0.0553  
Epoch 151 |  Time(s) 0.0129 | RobustPrompt-T Loss 0.0509  
Epoch 152 |  Time(s) 0.0130 | RobustPrompt-T Loss 0.0514  
Epoch 153 |  Time(s) 0.0126 | RobustPrompt-T Loss 0.0520  
Epoch 154 |  Time(s) 0.0128 | RobustPrompt-T Loss 0.0513  
Epoch 155 |  Time(s) 0.0129 | RobustPrompt-T Loss 0.0497  
Epoch 156 |  Time(s) 0.0130 | RobustPrompt-T Loss 0.0520  
Epoch 157 |  Time(s) 0.0130 | RobustPrompt-T Loss 0.0518  
Epoch 158 |  Time(s) 0.0130 | RobustPrompt-T Loss 0.0479  
Epoch 159 |  Time(s) 0.0129 | RobustPrompt-T Loss 0.0495  
Epoch 160 |  Time(s) 0.0132 | RobustPrompt-T Loss 0.0512  
Epoch 161 |  Time(s) 0.0130 | RobustPrompt-T Loss 0.0531  
Epoch 162 |  Time(s) 0.0130 | RobustPrompt-T Loss 0.0507  
Epoch 163 |  Time(s) 0.0131 | RobustPrompt-T Loss 0.0502  
Epoch 164 |  Time(s) 0.0131 | RobustPrompt-T Loss 0.0486  
Epoch 165 |  Time(s) 0.0131 | RobustPrompt-T Loss 0.0457  
Epoch 166 |  Time(s) 0.0130 | RobustPrompt-T Loss 0.0480  
Epoch 167 |  Time(s) 0.0131 | RobustPrompt-T Loss 0.0458  
Epoch 168 |  Time(s) 0.0130 | RobustPrompt-T Loss 0.0446  
Epoch 169 |  Time(s) 0.0129 | RobustPrompt-T Loss 0.0481  
Epoch 170 |  Time(s) 0.0130 | RobustPrompt-T Loss 0.0483  
Epoch 171 |  Time(s) 0.0130 | RobustPrompt-T Loss 0.0453  
Epoch 172 |  Time(s) 0.0131 | RobustPrompt-T Loss 0.0444  
Epoch 173 |  Time(s) 0.0130 | RobustPrompt-T Loss 0.0454  
Epoch 174 |  Time(s) 0.0130 | RobustPrompt-T Loss 0.0438  
Epoch 175 |  Time(s) 0.0130 | RobustPrompt-T Loss 0.0448  
Epoch 176 |  Time(s) 0.0129 | RobustPrompt-T Loss 0.0473  
Epoch 177 |  Time(s) 0.0131 | RobustPrompt-T Loss 0.0450  
Epoch 178 |  Time(s) 0.0129 | RobustPrompt-T Loss 0.0428  
Epoch 179 |  Time(s) 0.0130 | RobustPrompt-T Loss 0.0452  
Epoch 180 |  Time(s) 0.0129 | RobustPrompt-T Loss 0.0447  
Epoch 181 |  Time(s) 0.0132 | RobustPrompt-T Loss 0.0423  
Epoch 182 |  Time(s) 0.0130 | RobustPrompt-T Loss 0.0485  
Epoch 183 |  Time(s) 0.0129 | RobustPrompt-T Loss 0.0552  
Epoch 184 |  Time(s) 0.0128 | RobustPrompt-T Loss 0.0525  
Epoch 185 |  Time(s) 0.0130 | RobustPrompt-T Loss 0.0426  
Epoch 186 |  Time(s) 0.0130 | RobustPrompt-T Loss 0.0427  
Epoch 187 |  Time(s) 0.0129 | RobustPrompt-T Loss 0.0445  
Epoch 188 |  Time(s) 0.0126 | RobustPrompt-T Loss 0.0400  
Epoch 189 |  Time(s) 0.0127 | RobustPrompt-T Loss 0.0426  
Epoch 190 |  Time(s) 0.0128 | RobustPrompt-T Loss 0.0402  
Epoch 191 |  Time(s) 0.0129 | RobustPrompt-T Loss 0.0398  
Epoch 192 |  Time(s) 0.0126 | RobustPrompt-T Loss 0.0404  
Epoch 193 |  Time(s) 0.0125 | RobustPrompt-T Loss 0.0383  
Epoch 194 |  Time(s) 0.0130 | RobustPrompt-T Loss 0.0407  
Epoch 195 |  Time(s) 0.0125 | RobustPrompt-T Loss 0.0397  
Epoch 196 |  Time(s) 0.0131 | RobustPrompt-T Loss 0.0382  
Epoch 197 |  Time(s) 0.0128 | RobustPrompt-T Loss 0.0397  
Epoch 198 |  Time(s) 0.0126 | RobustPrompt-T Loss 0.0387  
Epoch 199 |  Time(s) 0.0129 | RobustPrompt-T Loss 0.0385  
Epoch 200 |  Time(s) 0.0131 | RobustPrompt-T Loss 0.0388  
Final True Accuracy: 0.1910 | Macro F1 Score: 0.1567
Edge Detection Detail | source=filter_module | active=0 | n_edges=5835 | n_pos=610 | n_neg=5225 | pos_rate=0.1045 | pred_pos=5738 | pred_pos_rate=0.9834 | tp=610 | fp=5128 | fn=0 | tn=97 | precision=0.1063 | recall=1.0000 | f1=0.1922 | auc=0.8623 | ap=0.3969 | best_f1=0.5558 | best_threshold=0.9600 | best_precision=0.4452 | best_recall=0.7393 | best_pred_pos_rate=0.1736 | precision_at_k_pos=0.4984 | recall_at_k_pos=0.4984 | all_positive_f1=0.1893 | current_f1_minus_all_positive_f1=0.0029 | hard_mask_all_positive_like=0 | mode=original
Edge Detection Detail | source=tau_tune | active=1 | n_edges=5835 | n_pos=610 | n_neg=5225 | pos_rate=0.1045 | pred_pos=106 | pred_pos_rate=0.0182 | tp=46 | fp=60 | fn=564 | tn=5165 | precision=0.4340 | recall=0.0754 | f1=0.1285 | auc=0.6916 | ap=0.2478 | best_f1=0.2930 | best_threshold=0.0827 | best_precision=0.2396 | best_recall=0.3770 | best_pred_pos_rate=0.1645 | precision_at_k_pos=0.2852 | recall_at_k_pos=0.2852 | all_positive_f1=0.1893 | current_f1_minus_all_positive_f1=-0.0608 | hard_mask_all_positive_like=0
Tip Detection | tip=sim_pt | active=0 | node_precision=0.0000 | node_recall=0.0000 | node_f1=0.0000 | edge_precision=0.0000 | edge_recall=0.0000 | edge_f1=0.0000 | edge_auc=0.5000 | node_tp=0 | node_fp=0 | node_fn=443 | edge_tp=0 | edge_fp=0 | edge_fn=610
Edge Detection Detail | source=sim_pt | active=0 | n_edges=5835 | n_pos=610 | n_neg=5225 | pos_rate=0.1045 | pred_pos=0 | pred_pos_rate=0.0000 | tp=0 | fp=0 | fn=610 | tn=5225 | precision=0.0000 | recall=0.0000 | f1=0.0000 | auc=0.5000 | ap=0.1045 | best_f1=nan | best_threshold=nan | best_precision=nan | best_recall=nan | best_pred_pos_rate=nan | precision_at_k_pos=nan | recall_at_k_pos=nan | all_positive_f1=0.1893 | current_f1_minus_all_positive_f1=-0.1893 | hard_mask_all_positive_like=0
Tip Detection | tip=degree_pt | active=1 | node_precision=0.0000 | node_recall=0.0000 | node_f1=0.0000 | edge_precision=0.0000 | edge_recall=0.0000 | edge_f1=0.0000 | edge_auc=0.5000 | node_tp=0 | node_fp=0 | node_fn=443 | edge_tp=0 | edge_fp=0 | edge_fn=610
Edge Detection Detail | source=degree_pt | active=1 | n_edges=5835 | n_pos=610 | n_neg=5225 | pos_rate=0.1045 | pred_pos=0 | pred_pos_rate=0.0000 | tp=0 | fp=0 | fn=610 | tn=5225 | precision=0.0000 | recall=0.0000 | f1=0.0000 | auc=0.5000 | ap=0.1045 | best_f1=nan | best_threshold=nan | best_precision=nan | best_recall=nan | best_pred_pos_rate=nan | precision_at_k_pos=nan | recall_at_k_pos=nan | all_positive_f1=0.1893 | current_f1_minus_all_positive_f1=-0.1893 | hard_mask_all_positive_like=0
Tip Detection | tip=out_detect_pt | active=1 | node_precision=0.1640 | node_recall=1.0000 | node_f1=0.2817 | edge_precision=0.1045 | edge_recall=1.0000 | edge_f1=0.1893 | edge_auc=0.5000 | node_tp=443 | node_fp=2259 | node_fn=0 | edge_tp=610 | edge_fp=5225 | edge_fn=0
Edge Detection Detail | source=out_detect_pt | active=1 | n_edges=5835 | n_pos=610 | n_neg=5225 | pos_rate=0.1045 | pred_pos=5739 | pred_pos_rate=0.9835 | tp=610 | fp=5129 | fn=0 | tn=96 | precision=0.1063 | recall=1.0000 | f1=0.1922 | auc=0.8623 | ap=0.3969 | best_f1=0.5558 | best_threshold=0.9600 | best_precision=0.4452 | best_recall=0.7393 | best_pred_pos_rate=0.1736 | precision_at_k_pos=0.4984 | recall_at_k_pos=0.4984 | all_positive_f1=0.1893 | current_f1_minus_all_positive_f1=0.0029 | hard_mask_all_positive_like=0
best_loss [tensor(0.0388, device='cuda:0', grad_fn=<AddBackward0>)]
{1: {1: 0.15822258591651917}, 2: {1: 0.12126246094703674}, 3: {1: 0.19310630857944489}, 4: {1: 0.19725914299488068}, 5: {1: 0.19102990627288818}}
{1: {1: 0.15822258591651917, 2: 0.12126246094703674, 3: 0.19310630857944489, 4: 0.19725914299488068, 5: 0.19102990627288818}}
########################################################################################
seed: 1 | split 1 : 0.15822258591651917
# Seed 1 Muti Split Final Acc: 0.1582±0.0000
seed: 2 | split 1 : 0.12126246094703674
# Seed 2 Muti Split Final Acc: 0.1213±0.0000
seed: 3 | split 1 : 0.19310630857944489
# Seed 3 Muti Split Final Acc: 0.1931±0.0000
seed: 4 | split 1 : 0.19725914299488068
# Seed 4 Muti Split Final Acc: 0.1973±0.0000
seed: 5 | split 1 : 0.19102990627288818
# Seed 5 Muti Split Final Acc: 0.1910±0.0000
########################################################################################
split: 1 | seed 1 : 0.15822258591651917
split: 1 | seed 2 : 0.12126246094703674
split: 1 | seed 3 : 0.19310630857944489
split: 1 | seed 4 : 0.19725914299488068
split: 1 | seed 5 : 0.19102990627288818
# Split 1 Muti Seed Acc without min value: 0.1849±0.0156
########################################################################################
