nohup: ignoring input
[2026-06-29 22:22:46] START stable all3 sim=0.3 deg=1 ood=0.5 ptb=0.0
[2026-06-29 22:23:02] DONE stable all3 ptb=0.0
[2026-06-29 22:23:02] START stable sim_deg sim=0.3 deg=1 ood=-1.0 ptb=0.0
[2026-06-29 22:23:18] DONE stable sim_deg ptb=0.0
[2026-06-29 22:23:18] START stable sim_ood sim=0.3 deg=-1 ood=0.5 ptb=0.0
[2026-06-29 22:23:34] DONE stable sim_ood ptb=0.0
[2026-06-29 22:23:34] START stable deg_ood sim=-1.0 deg=1 ood=0.5 ptb=0.0
[2026-06-29 22:23:50] DONE stable deg_ood ptb=0.0
[2026-06-29 22:23:50] START peak all3 sim=0.3 deg=1 ood=0.5 ptb=0.0
[2026-06-29 22:24:06] DONE peak all3 ptb=0.0
[2026-06-29 22:24:06] START peak sim_deg sim=0.3 deg=1 ood=-1.0 ptb=0.0
[2026-06-29 22:24:22] DONE peak sim_deg ptb=0.0
[2026-06-29 22:24:22] START peak sim_ood sim=0.3 deg=-1 ood=0.5 ptb=0.0
[2026-06-29 22:24:38] DONE peak sim_ood ptb=0.0
[2026-06-29 22:24:38] START peak deg_ood sim=-1.0 deg=1 ood=0.5 ptb=0.0
[2026-06-29 22:24:54] DONE peak deg_ood ptb=0.0
[2026-06-29 22:24:54] START stable all3 sim=0.3 deg=1 ood=0.5 ptb=0.05
[2026-06-29 22:25:28] DONE stable all3 ptb=0.05
[2026-06-29 22:25:28] START stable sim_deg sim=0.3 deg=1 ood=-1.0 ptb=0.05
[2026-06-29 22:26:04] DONE stable sim_deg ptb=0.05
[2026-06-29 22:26:04] START stable sim_ood sim=0.3 deg=-1 ood=0.5 ptb=0.05
[2026-06-29 22:26:38] DONE stable sim_ood ptb=0.05
[2026-06-29 22:26:38] START stable deg_ood sim=-1.0 deg=1 ood=0.5 ptb=0.05
[2026-06-29 22:27:15] DONE stable deg_ood ptb=0.05
[2026-06-29 22:27:15] START peak all3 sim=0.3 deg=1 ood=0.5 ptb=0.05
[2026-06-29 22:27:51] DONE peak all3 ptb=0.05
[2026-06-29 22:27:51] START peak sim_deg sim=0.3 deg=1 ood=-1.0 ptb=0.05
[2026-06-29 22:28:27] DONE peak sim_deg ptb=0.05
[2026-06-29 22:28:27] START peak sim_ood sim=0.3 deg=-1 ood=0.5 ptb=0.05
[2026-06-29 22:29:04] DONE peak sim_ood ptb=0.05
[2026-06-29 22:29:04] START peak deg_ood sim=-1.0 deg=1 ood=0.5 ptb=0.05
[2026-06-29 22:29:41] DONE peak deg_ood ptb=0.05
[2026-06-29 22:29:41] START stable all3 sim=0.3 deg=1 ood=0.5 ptb=0.1
[2026-06-29 22:30:18] DONE stable all3 ptb=0.1
[2026-06-29 22:30:18] START stable sim_deg sim=0.3 deg=1 ood=-1.0 ptb=0.1
[2026-06-29 22:30:54] DONE stable sim_deg ptb=0.1
[2026-06-29 22:30:54] START stable sim_ood sim=0.3 deg=-1 ood=0.5 ptb=0.1
[2026-06-29 22:31:31] DONE stable sim_ood ptb=0.1
[2026-06-29 22:31:31] START stable deg_ood sim=-1.0 deg=1 ood=0.5 ptb=0.1
[2026-06-29 22:32:08] DONE stable deg_ood ptb=0.1
[2026-06-29 22:32:08] START peak all3 sim=0.3 deg=1 ood=0.5 ptb=0.1
[2026-06-29 22:32:47] DONE peak all3 ptb=0.1
[2026-06-29 22:32:47] START peak sim_deg sim=0.3 deg=1 ood=-1.0 ptb=0.1
[2026-06-29 22:33:25] DONE peak sim_deg ptb=0.1
[2026-06-29 22:33:25] START peak sim_ood sim=0.3 deg=-1 ood=0.5 ptb=0.1
[2026-06-29 22:34:04] DONE peak sim_ood ptb=0.1
[2026-06-29 22:34:04] START peak deg_ood sim=-1.0 deg=1 ood=0.5 ptb=0.1
[2026-06-29 22:34:41] DONE peak deg_ood ptb=0.1
[2026-06-29 22:34:41] START stable all3 sim=0.3 deg=1 ood=0.5 ptb=0.15
[2026-06-29 22:35:18] DONE stable all3 ptb=0.15
[2026-06-29 22:35:18] START stable sim_deg sim=0.3 deg=1 ood=-1.0 ptb=0.15
[2026-06-29 22:35:59] DONE stable sim_deg ptb=0.15
[2026-06-29 22:35:59] START stable sim_ood sim=0.3 deg=-1 ood=0.5 ptb=0.15
[2026-06-29 22:36:38] DONE stable sim_ood ptb=0.15
[2026-06-29 22:36:38] START stable deg_ood sim=-1.0 deg=1 ood=0.5 ptb=0.15
[2026-06-29 22:37:16] DONE stable deg_ood ptb=0.15
[2026-06-29 22:37:16] START peak all3 sim=0.3 deg=1 ood=0.5 ptb=0.15
[2026-06-29 22:37:55] DONE peak all3 ptb=0.15
[2026-06-29 22:37:55] START peak sim_deg sim=0.3 deg=1 ood=-1.0 ptb=0.15
[2026-06-29 22:38:35] DONE peak sim_deg ptb=0.15
[2026-06-29 22:38:35] START peak sim_ood sim=0.3 deg=-1 ood=0.5 ptb=0.15
[2026-06-29 22:39:16] DONE peak sim_ood ptb=0.15
[2026-06-29 22:39:16] START peak deg_ood sim=-1.0 deg=1 ood=0.5 ptb=0.15
[2026-06-29 22:39:57] DONE peak deg_ood ptb=0.15
[2026-06-29 22:39:57] START stable all3 sim=0.3 deg=1 ood=0.5 ptb=0.2
[2026-06-29 22:40:38] DONE stable all3 ptb=0.2
[2026-06-29 22:40:38] START stable sim_deg sim=0.3 deg=1 ood=-1.0 ptb=0.2
[2026-06-29 22:41:20] DONE stable sim_deg ptb=0.2
[2026-06-29 22:41:20] START stable sim_ood sim=0.3 deg=-1 ood=0.5 ptb=0.2
[2026-06-29 22:42:01] DONE stable sim_ood ptb=0.2
[2026-06-29 22:42:01] START stable deg_ood sim=-1.0 deg=1 ood=0.5 ptb=0.2
[2026-06-29 22:42:41] DONE stable deg_ood ptb=0.2
[2026-06-29 22:42:41] START peak all3 sim=0.3 deg=1 ood=0.5 ptb=0.2
[2026-06-29 22:43:22] DONE peak all3 ptb=0.2
[2026-06-29 22:43:22] START peak sim_deg sim=0.3 deg=1 ood=-1.0 ptb=0.2
[2026-06-29 22:44:03] DONE peak sim_deg ptb=0.2
[2026-06-29 22:44:03] START peak sim_ood sim=0.3 deg=-1 ood=0.5 ptb=0.2
[2026-06-29 22:44:46] DONE peak sim_ood ptb=0.2
[2026-06-29 22:44:46] START peak deg_ood sim=-1.0 deg=1 ood=0.5 ptb=0.2
[2026-06-29 22:45:26] DONE peak deg_ood ptb=0.2
[2026-06-29 22:45:26] START stable all3 sim=0.3 deg=1 ood=0.5 ptb=0.25
[2026-06-29 22:46:12] DONE stable all3 ptb=0.25
[2026-06-29 22:46:12] START stable sim_deg sim=0.3 deg=1 ood=-1.0 ptb=0.25
[2026-06-29 22:46:55] DONE stable sim_deg ptb=0.25
[2026-06-29 22:46:55] START stable sim_ood sim=0.3 deg=-1 ood=0.5 ptb=0.25
[2026-06-29 22:47:40] DONE stable sim_ood ptb=0.25
[2026-06-29 22:47:40] START stable deg_ood sim=-1.0 deg=1 ood=0.5 ptb=0.25
[2026-06-29 22:48:24] DONE stable deg_ood ptb=0.25
[2026-06-29 22:48:24] START peak all3 sim=0.3 deg=1 ood=0.5 ptb=0.25
[2026-06-29 22:49:09] DONE peak all3 ptb=0.25
[2026-06-29 22:49:09] START peak sim_deg sim=0.3 deg=1 ood=-1.0 ptb=0.25
[2026-06-29 22:49:51] DONE peak sim_deg ptb=0.25
[2026-06-29 22:49:51] START peak sim_ood sim=0.3 deg=-1 ood=0.5 ptb=0.25
[2026-06-29 22:50:37] DONE peak sim_ood ptb=0.25
[2026-06-29 22:50:37] START peak deg_ood sim=-1.0 deg=1 ood=0.5 ptb=0.25
[2026-06-29 22:51:20] DONE peak deg_ood ptb=0.25
Parsed logs: 48
Wrote: logs/combo_filters_edge_auc_f1_diag/combo_filters_edge_auc_f1_diag_summary.csv
Wrote: logs/combo_filters_edge_auc_f1_diag/combo_filters_edge_auc_f1_diag_summary.md
Best overall: stable deg_ood ptb=0.0 sim=-1.0 deg=1 ood=0.5 mean_wo_min=0.6646 mean=0.6502
