load LLC or attacked data with specified split
Successfully loaded the attack of dataname with few shot 5, split 1
Attack method : Meta_Self | Attack ptb : 0.2 | Dataset: Cora
======================
Number of graphs: 1
Number of features: 1433
Number of classes: 7

Data(x=[2708, 1433], edge_index=[2, 15484], y=[2708], train_mask=[2708], val_mask=[2708], test_mask=[2708])
===========================================================================================================
Number of nodes: 2708
Number of edges: 15484
Average node degree: 5.72
Has isolated nodes: False
Has self-loops: True
Is undirected: True
Pollution Diff | added_edges=1218 | deleted_edges=108 | clean_edges=5278 | attack_edges=6388
GCN(
  (conv_layers): ModuleList(
    (0): GCNConv(1433, 256)
    (1): GCNConv(256, 256)
  )
)
Successfully loaded pre-trained weights!
use RobustPrompt Tranductive
defense pt dict :  {'sim_pt': 0.3, 'degree_pt': -1, 'out_detect_pt': 0.5, 'other_pt': 'all'}
use_attention :  False
cosine_constraint :  True
pt_threshold :  0.5
filter_module :  OriginalFilter
temperature :  1.0
weight_mse 0.1
weight_kl :  0.3
weight_constraint :  0.2
run RobustPrompt-T
Epoch 001 |  Time(s) 0.2502 | RobustPrompt-T Loss 1.9496  
Epoch 002 |  Time(s) 0.0138 | RobustPrompt-T Loss 1.9950  
Epoch 003 |  Time(s) 0.0131 | RobustPrompt-T Loss 1.9249  
Epoch 004 |  Time(s) 0.0130 | RobustPrompt-T Loss 1.9275  
Epoch 005 |  Time(s) 0.0129 | RobustPrompt-T Loss 1.9164  
Epoch 006 |  Time(s) 0.0133 | RobustPrompt-T Loss 1.9065  
Epoch 007 |  Time(s) 0.0134 | RobustPrompt-T Loss 1.8941  
Epoch 008 |  Time(s) 0.0135 | RobustPrompt-T Loss 1.8728  
Epoch 009 |  Time(s) 0.0135 | RobustPrompt-T Loss 1.8424  
Epoch 010 |  Time(s) 0.0135 | RobustPrompt-T Loss 1.8119  
Epoch 011 |  Time(s) 0.0136 | RobustPrompt-T Loss 1.7904  
Epoch 012 |  Time(s) 0.0134 | RobustPrompt-T Loss 1.7527  
Epoch 013 |  Time(s) 0.0136 | RobustPrompt-T Loss 1.7383  
Epoch 014 |  Time(s) 0.0134 | RobustPrompt-T Loss 1.6881  
Epoch 015 |  Time(s) 0.0133 | RobustPrompt-T Loss 1.6625  
Epoch 016 |  Time(s) 0.0135 | RobustPrompt-T Loss 1.6471  
Epoch 017 |  Time(s) 0.0134 | RobustPrompt-T Loss 1.6354  
Epoch 018 |  Time(s) 0.0135 | RobustPrompt-T Loss 1.6357  
Epoch 019 |  Time(s) 0.0134 | RobustPrompt-T Loss 1.6287  
Epoch 020 |  Time(s) 0.0133 | RobustPrompt-T Loss 1.6291  
Epoch 021 |  Time(s) 0.0135 | RobustPrompt-T Loss 1.6052  
Epoch 022 |  Time(s) 0.0135 | RobustPrompt-T Loss 1.5835  
Epoch 023 |  Time(s) 0.0136 | RobustPrompt-T Loss 1.5998  
Epoch 024 |  Time(s) 0.0134 | RobustPrompt-T Loss 1.6359  
Epoch 025 |  Time(s) 0.0136 | RobustPrompt-T Loss 1.5916  
Epoch 026 |  Time(s) 0.0134 | RobustPrompt-T Loss 1.5708  
Epoch 027 |  Time(s) 0.0135 | RobustPrompt-T Loss 1.5872  
Epoch 028 |  Time(s) 0.0134 | RobustPrompt-T Loss 1.5463  
Epoch 029 |  Time(s) 0.0135 | RobustPrompt-T Loss 1.5163  
Epoch 030 |  Time(s) 0.0135 | RobustPrompt-T Loss 1.6057  
Epoch 031 |  Time(s) 0.0135 | RobustPrompt-T Loss 1.4858  
Epoch 032 |  Time(s) 0.0136 | RobustPrompt-T Loss 1.5617  
Epoch 033 |  Time(s) 0.0136 | RobustPrompt-T Loss 1.5215  
Epoch 034 |  Time(s) 0.0134 | RobustPrompt-T Loss 1.5501  
Epoch 035 |  Time(s) 0.0135 | RobustPrompt-T Loss 1.4258  
Epoch 036 |  Time(s) 0.0135 | RobustPrompt-T Loss 1.4976  
Epoch 037 |  Time(s) 0.0138 | RobustPrompt-T Loss 1.4204  
Epoch 038 |  Time(s) 0.0130 | RobustPrompt-T Loss 1.4340  
Epoch 039 |  Time(s) 0.0130 | RobustPrompt-T Loss 1.4145  
Epoch 040 |  Time(s) 0.0129 | RobustPrompt-T Loss 1.3395  
Epoch 041 |  Time(s) 0.0128 | RobustPrompt-T Loss 1.3268  
Epoch 042 |  Time(s) 0.0131 | RobustPrompt-T Loss 1.3344  
Epoch 043 |  Time(s) 0.0135 | RobustPrompt-T Loss 1.3007  
Epoch 044 |  Time(s) 0.0135 | RobustPrompt-T Loss 1.2559  
Epoch 045 |  Time(s) 0.0133 | RobustPrompt-T Loss 1.2487  
Epoch 046 |  Time(s) 0.0133 | RobustPrompt-T Loss 1.2046  
Epoch 047 |  Time(s) 0.0135 | RobustPrompt-T Loss 1.1699  
Epoch 048 |  Time(s) 0.0134 | RobustPrompt-T Loss 1.1537  
Epoch 049 |  Time(s) 0.0135 | RobustPrompt-T Loss 1.1330  
Epoch 050 |  Time(s) 0.0134 | RobustPrompt-T Loss 1.0970  
Epoch 051 |  Time(s) 0.0133 | RobustPrompt-T Loss 1.0787  
Epoch 052 |  Time(s) 0.0135 | RobustPrompt-T Loss 1.0432  
Epoch 053 |  Time(s) 0.0134 | RobustPrompt-T Loss 0.9886  
Epoch 054 |  Time(s) 0.0136 | RobustPrompt-T Loss 0.9837  
Epoch 055 |  Time(s) 0.0135 | RobustPrompt-T Loss 0.9507  
Epoch 056 |  Time(s) 0.0135 | RobustPrompt-T Loss 0.9132  
Epoch 057 |  Time(s) 0.0134 | RobustPrompt-T Loss 0.8974  
Epoch 058 |  Time(s) 0.0135 | RobustPrompt-T Loss 0.8571  
Epoch 059 |  Time(s) 0.0135 | RobustPrompt-T Loss 0.8426  
Epoch 060 |  Time(s) 0.0132 | RobustPrompt-T Loss 0.8285  
Epoch 061 |  Time(s) 0.0135 | RobustPrompt-T Loss 0.9075  
Epoch 062 |  Time(s) 0.0134 | RobustPrompt-T Loss 0.7694  
Epoch 063 |  Time(s) 0.0136 | RobustPrompt-T Loss 0.7300  
Epoch 064 |  Time(s) 0.0133 | RobustPrompt-T Loss 0.7388  
Epoch 065 |  Time(s) 0.0136 | RobustPrompt-T Loss 0.8318  
Epoch 066 |  Time(s) 0.0135 | RobustPrompt-T Loss 0.6682  
Epoch 067 |  Time(s) 0.0135 | RobustPrompt-T Loss 1.0319  
Epoch 068 |  Time(s) 0.0134 | RobustPrompt-T Loss 0.9476  
Epoch 069 |  Time(s) 0.0132 | RobustPrompt-T Loss 0.6096  
Epoch 070 |  Time(s) 0.0135 | RobustPrompt-T Loss 0.5953  
Epoch 071 |  Time(s) 0.0130 | RobustPrompt-T Loss 0.7321  
Epoch 072 |  Time(s) 0.0133 | RobustPrompt-T Loss 0.5660  
Epoch 073 |  Time(s) 0.0131 | RobustPrompt-T Loss 0.7609  
Epoch 074 |  Time(s) 0.0134 | RobustPrompt-T Loss 0.7053  
Epoch 075 |  Time(s) 0.0133 | RobustPrompt-T Loss 0.5831  
Epoch 076 |  Time(s) 0.0132 | RobustPrompt-T Loss 0.6426  
Epoch 077 |  Time(s) 0.0136 | RobustPrompt-T Loss 0.4980  
Epoch 078 |  Time(s) 0.0133 | RobustPrompt-T Loss 0.6815  
Epoch 079 |  Time(s) 0.0132 | RobustPrompt-T Loss 0.6635  
Epoch 080 |  Time(s) 0.0135 | RobustPrompt-T Loss 0.4177  
Epoch 081 |  Time(s) 0.0132 | RobustPrompt-T Loss 0.5700  
Epoch 082 |  Time(s) 0.0132 | RobustPrompt-T Loss 0.5156  
Epoch 083 |  Time(s) 0.0131 | RobustPrompt-T Loss 0.4292  
Epoch 084 |  Time(s) 0.0135 | RobustPrompt-T Loss 0.3880  
Epoch 085 |  Time(s) 0.0133 | RobustPrompt-T Loss 0.4699  
Epoch 086 |  Time(s) 0.0132 | RobustPrompt-T Loss 0.3809  
Epoch 087 |  Time(s) 0.0135 | RobustPrompt-T Loss 0.3844  
Epoch 088 |  Time(s) 0.0133 | RobustPrompt-T Loss 0.3960  
Epoch 089 |  Time(s) 0.0137 | RobustPrompt-T Loss 0.3059  
Epoch 090 |  Time(s) 0.0133 | RobustPrompt-T Loss 0.3429  
Epoch 091 |  Time(s) 0.0135 | RobustPrompt-T Loss 0.2656  
Epoch 092 |  Time(s) 0.0134 | RobustPrompt-T Loss 0.3401  
Epoch 093 |  Time(s) 0.0132 | RobustPrompt-T Loss 0.2536  
Epoch 094 |  Time(s) 0.0133 | RobustPrompt-T Loss 0.3065  
Epoch 095 |  Time(s) 0.0133 | RobustPrompt-T Loss 0.2432  
Epoch 096 |  Time(s) 0.0133 | RobustPrompt-T Loss 0.2858  
Epoch 097 |  Time(s) 0.0133 | RobustPrompt-T Loss 0.2368  
Epoch 098 |  Time(s) 0.0131 | RobustPrompt-T Loss 0.2176  
Epoch 099 |  Time(s) 0.0133 | RobustPrompt-T Loss 0.2533  
Epoch 100 |  Time(s) 0.0140 | RobustPrompt-T Loss 0.1680  
Epoch 101 |  Time(s) 0.0134 | RobustPrompt-T Loss 0.2840  
Epoch 102 |  Time(s) 0.0135 | RobustPrompt-T Loss 0.1833  
Epoch 103 |  Time(s) 0.0135 | RobustPrompt-T Loss 0.2866  
Epoch 104 |  Time(s) 0.0130 | RobustPrompt-T Loss 0.2575  
Epoch 105 |  Time(s) 0.0130 | RobustPrompt-T Loss 0.2053  
Epoch 106 |  Time(s) 0.0135 | RobustPrompt-T Loss 0.1497  
Epoch 107 |  Time(s) 0.0135 | RobustPrompt-T Loss 0.1783  
Epoch 108 |  Time(s) 0.0131 | RobustPrompt-T Loss 0.1610  
Epoch 109 |  Time(s) 0.0135 | RobustPrompt-T Loss 0.1374  
Epoch 110 |  Time(s) 0.0133 | RobustPrompt-T Loss 0.1429  
Epoch 111 |  Time(s) 0.0132 | RobustPrompt-T Loss 0.1268  
Epoch 112 |  Time(s) 0.0136 | RobustPrompt-T Loss 0.1173  
Epoch 113 |  Time(s) 0.0133 | RobustPrompt-T Loss 0.1233  
Epoch 114 |  Time(s) 0.0130 | RobustPrompt-T Loss 0.1211  
Epoch 115 |  Time(s) 0.0132 | RobustPrompt-T Loss 0.0964  
Epoch 116 |  Time(s) 0.0135 | RobustPrompt-T Loss 0.1042  
Epoch 117 |  Time(s) 0.0133 | RobustPrompt-T Loss 0.1119  
Epoch 118 |  Time(s) 0.0131 | RobustPrompt-T Loss 0.0932  
Epoch 119 |  Time(s) 0.0134 | RobustPrompt-T Loss 0.0875  
Epoch 120 |  Time(s) 0.0133 | RobustPrompt-T Loss 0.0889  
Epoch 121 |  Time(s) 0.0132 | RobustPrompt-T Loss 0.0805  
Epoch 122 |  Time(s) 0.0135 | RobustPrompt-T Loss 0.0808  
Epoch 123 |  Time(s) 0.0134 | RobustPrompt-T Loss 0.0842  
Epoch 124 |  Time(s) 0.0136 | RobustPrompt-T Loss 0.0795  
Epoch 125 |  Time(s) 0.0135 | RobustPrompt-T Loss 0.0671  
Epoch 126 |  Time(s) 0.0136 | RobustPrompt-T Loss 0.0830  
Epoch 127 |  Time(s) 0.0135 | RobustPrompt-T Loss 0.0694  
Epoch 128 |  Time(s) 0.0136 | RobustPrompt-T Loss 0.0642  
Epoch 129 |  Time(s) 0.0134 | RobustPrompt-T Loss 0.0766  
Epoch 130 |  Time(s) 0.0136 | RobustPrompt-T Loss 0.0675  
Epoch 131 |  Time(s) 0.0134 | RobustPrompt-T Loss 0.0634  
Epoch 132 |  Time(s) 0.0136 | RobustPrompt-T Loss 0.0642  
Epoch 133 |  Time(s) 0.0134 | RobustPrompt-T Loss 0.0635  
Epoch 134 |  Time(s) 0.0136 | RobustPrompt-T Loss 0.0651  
Epoch 135 |  Time(s) 0.0134 | RobustPrompt-T Loss 0.0746  
Epoch 136 |  Time(s) 0.0137 | RobustPrompt-T Loss 0.0603  
Epoch 137 |  Time(s) 0.0134 | RobustPrompt-T Loss 0.0619  
Epoch 138 |  Time(s) 0.0132 | RobustPrompt-T Loss 0.0667  
Epoch 139 |  Time(s) 0.0136 | RobustPrompt-T Loss 0.0570  
Epoch 140 |  Time(s) 0.0133 | RobustPrompt-T Loss 0.0546  
Epoch 141 |  Time(s) 0.0135 | RobustPrompt-T Loss 0.0602  
Epoch 142 |  Time(s) 0.0134 | RobustPrompt-T Loss 0.0541  
Epoch 143 |  Time(s) 0.0132 | RobustPrompt-T Loss 0.0578  
Epoch 144 |  Time(s) 0.0136 | RobustPrompt-T Loss 0.0482  
Epoch 145 |  Time(s) 0.0134 | RobustPrompt-T Loss 0.0534  
Epoch 146 |  Time(s) 0.0135 | RobustPrompt-T Loss 0.0572  
Epoch 147 |  Time(s) 0.0133 | RobustPrompt-T Loss 0.0470  
Epoch 148 |  Time(s) 0.0134 | RobustPrompt-T Loss 0.0461  
Epoch 149 |  Time(s) 0.0134 | RobustPrompt-T Loss 0.0548  
Epoch 150 |  Time(s) 0.0134 | RobustPrompt-T Loss 0.0535  
Epoch 151 |  Time(s) 0.0133 | RobustPrompt-T Loss 0.0451  
Epoch 152 |  Time(s) 0.0135 | RobustPrompt-T Loss 0.0578  
Epoch 153 |  Time(s) 0.0133 | RobustPrompt-T Loss 0.0460  
Epoch 154 |  Time(s) 0.0137 | RobustPrompt-T Loss 0.0541  
Epoch 155 |  Time(s) 0.0133 | RobustPrompt-T Loss 0.0504  
Epoch 156 |  Time(s) 0.0132 | RobustPrompt-T Loss 0.0454  
Epoch 157 |  Time(s) 0.0134 | RobustPrompt-T Loss 0.0491  
Epoch 158 |  Time(s) 0.0134 | RobustPrompt-T Loss 0.0497  
Epoch 159 |  Time(s) 0.0132 | RobustPrompt-T Loss 0.0429  
Epoch 160 |  Time(s) 0.0135 | RobustPrompt-T Loss 0.0428  
Epoch 161 |  Time(s) 0.0134 | RobustPrompt-T Loss 0.0456  
Epoch 162 |  Time(s) 0.0132 | RobustPrompt-T Loss 0.0461  
Epoch 163 |  Time(s) 0.0134 | RobustPrompt-T Loss 0.0438  
Epoch 164 |  Time(s) 0.0134 | RobustPrompt-T Loss 0.0413  
Epoch 165 |  Time(s) 0.0136 | RobustPrompt-T Loss 0.0462  
Epoch 166 |  Time(s) 0.0134 | RobustPrompt-T Loss 0.0457  
Epoch 167 |  Time(s) 0.0132 | RobustPrompt-T Loss 0.0402  
Epoch 168 |  Time(s) 0.0135 | RobustPrompt-T Loss 0.0413  
Epoch 169 |  Time(s) 0.0133 | RobustPrompt-T Loss 0.0439  
Epoch 170 |  Time(s) 0.0132 | RobustPrompt-T Loss 0.0435  
Epoch 171 |  Time(s) 0.0134 | RobustPrompt-T Loss 0.0407  
Epoch 172 |  Time(s) 0.0135 | RobustPrompt-T Loss 0.0386  
Epoch 173 |  Time(s) 0.0131 | RobustPrompt-T Loss 0.0435  
Epoch 174 |  Time(s) 0.0135 | RobustPrompt-T Loss 0.0429  
Epoch 175 |  Time(s) 0.0134 | RobustPrompt-T Loss 0.0393  
Epoch 176 |  Time(s) 0.0136 | RobustPrompt-T Loss 0.0397  
Epoch 177 |  Time(s) 0.0132 | RobustPrompt-T Loss 0.0417  
Epoch 178 |  Time(s) 0.0134 | RobustPrompt-T Loss 0.0413  
Epoch 179 |  Time(s) 0.0135 | RobustPrompt-T Loss 0.0387  
Epoch 180 |  Time(s) 0.0133 | RobustPrompt-T Loss 0.0365  
Epoch 181 |  Time(s) 0.0135 | RobustPrompt-T Loss 0.0406  
Epoch 182 |  Time(s) 0.0133 | RobustPrompt-T Loss 0.0402  
Epoch 183 |  Time(s) 0.0134 | RobustPrompt-T Loss 0.0365  
Epoch 184 |  Time(s) 0.0135 | RobustPrompt-T Loss 0.0375  
Epoch 185 |  Time(s) 0.0134 | RobustPrompt-T Loss 0.0396  
Epoch 186 |  Time(s) 0.0136 | RobustPrompt-T Loss 0.0392  
Epoch 187 |  Time(s) 0.0134 | RobustPrompt-T Loss 0.0371  
Epoch 188 |  Time(s) 0.0136 | RobustPrompt-T Loss 0.0412  
Epoch 189 |  Time(s) 0.0134 | RobustPrompt-T Loss 0.0391  
Epoch 190 |  Time(s) 0.0134 | RobustPrompt-T Loss 0.0371  
Epoch 191 |  Time(s) 0.0130 | RobustPrompt-T Loss 0.0390  
Epoch 192 |  Time(s) 0.0132 | RobustPrompt-T Loss 0.0345  
Epoch 193 |  Time(s) 0.0134 | RobustPrompt-T Loss 0.0382  
Epoch 194 |  Time(s) 0.0135 | RobustPrompt-T Loss 0.0397  
Epoch 195 |  Time(s) 0.0134 | RobustPrompt-T Loss 0.0388  
Epoch 196 |  Time(s) 0.0132 | RobustPrompt-T Loss 0.0357  
Epoch 197 |  Time(s) 0.0135 | RobustPrompt-T Loss 0.0359  
Epoch 198 |  Time(s) 0.0134 | RobustPrompt-T Loss 0.0342  
Epoch 199 |  Time(s) 0.0135 | RobustPrompt-T Loss 0.0375  
Epoch 200 |  Time(s) 0.0134 | RobustPrompt-T Loss 0.0357  
Final True Accuracy: 0.0868 | Macro F1 Score: 0.0724
Edge Detection Detail | source=filter_module | active=0 | n_edges=6388 | n_pos=1218 | n_neg=5170 | pos_rate=0.1907 | pred_pos=6286 | pred_pos_rate=0.9840 | tp=1212 | fp=5074 | fn=6 | tn=96 | precision=0.1928 | recall=0.9951 | f1=0.3230 | auc=0.8410 | ap=0.5361 | best_f1=0.6397 | best_threshold=0.9572 | best_precision=0.5983 | best_recall=0.6872 | best_pred_pos_rate=0.2190 | precision_at_k_pos=0.5895 | recall_at_k_pos=0.5895 | all_positive_f1=0.3203 | current_f1_minus_all_positive_f1=0.0028 | hard_mask_all_positive_like=0 | mode=original
Edge Detection Detail | source=tau_tune | active=1 | n_edges=6388 | n_pos=1218 | n_neg=5170 | pos_rate=0.1907 | pred_pos=369 | pred_pos_rate=0.0578 | tp=134 | fp=235 | fn=1084 | tn=4935 | precision=0.3631 | recall=0.1100 | f1=0.1689 | auc=0.6282 | ap=0.2874 | best_f1=0.3647 | best_threshold=0.0616 | best_precision=0.2447 | best_recall=0.7159 | best_pred_pos_rate=0.5579 | precision_at_k_pos=0.2775 | recall_at_k_pos=0.2775 | all_positive_f1=0.3203 | current_f1_minus_all_positive_f1=-0.1514 | hard_mask_all_positive_like=0
Tip Detection | tip=sim_pt | active=1 | node_precision=0.3301 | node_recall=0.3371 | node_f1=0.3335 | edge_precision=0.2419 | edge_recall=0.9926 | edge_f1=0.3891 | edge_auc=0.6300 | node_tp=270 | node_fp=548 | node_fn=531 | edge_tp=1209 | edge_fp=3788 | edge_fn=9
Edge Detection Detail | source=sim_pt | active=1 | n_edges=6388 | n_pos=1218 | n_neg=5170 | pos_rate=0.1907 | pred_pos=4997 | pred_pos_rate=0.7822 | tp=1209 | fp=3788 | fn=9 | tn=1382 | precision=0.2419 | recall=0.9926 | f1=0.3891 | auc=0.6300 | ap=0.2416 | best_f1=nan | best_threshold=nan | best_precision=nan | best_recall=nan | best_pred_pos_rate=nan | precision_at_k_pos=nan | recall_at_k_pos=nan | all_positive_f1=0.3203 | current_f1_minus_all_positive_f1=0.0688 | hard_mask_all_positive_like=0
Tip Detection | tip=degree_pt | active=0 | node_precision=0.0000 | node_recall=0.0000 | node_f1=0.0000 | edge_precision=0.0000 | edge_recall=0.0000 | edge_f1=0.0000 | edge_auc=0.5000 | node_tp=0 | node_fp=0 | node_fn=801 | edge_tp=0 | edge_fp=0 | edge_fn=1218
Edge Detection Detail | source=degree_pt | active=0 | n_edges=6388 | n_pos=1218 | n_neg=5170 | pos_rate=0.1907 | pred_pos=0 | pred_pos_rate=0.0000 | tp=0 | fp=0 | fn=1218 | tn=5170 | precision=0.0000 | recall=0.0000 | f1=0.0000 | auc=0.5000 | ap=0.1907 | best_f1=nan | best_threshold=nan | best_precision=nan | best_recall=nan | best_pred_pos_rate=nan | precision_at_k_pos=nan | recall_at_k_pos=nan | all_positive_f1=0.3203 | current_f1_minus_all_positive_f1=-0.3203 | hard_mask_all_positive_like=0
Tip Detection | tip=out_detect_pt | active=1 | node_precision=0.2962 | node_recall=1.0000 | node_f1=0.4571 | edge_precision=0.1907 | edge_recall=1.0000 | edge_f1=0.3203 | edge_auc=0.5000 | node_tp=801 | node_fp=1903 | node_fn=0 | edge_tp=1218 | edge_fp=5170 | edge_fn=0
Edge Detection Detail | source=out_detect_pt | active=1 | n_edges=6388 | n_pos=1218 | n_neg=5170 | pos_rate=0.1907 | pred_pos=6287 | pred_pos_rate=0.9842 | tp=1212 | fp=5075 | fn=6 | tn=95 | precision=0.1928 | recall=0.9951 | f1=0.3230 | auc=0.8410 | ap=0.5361 | best_f1=0.6397 | best_threshold=0.9572 | best_precision=0.5983 | best_recall=0.6872 | best_pred_pos_rate=0.2190 | precision_at_k_pos=0.5895 | recall_at_k_pos=0.5895 | all_positive_f1=0.3203 | current_f1_minus_all_positive_f1=0.0027 | hard_mask_all_positive_like=0
best_loss [tensor(0.0357, device='cuda:0', grad_fn=<AddBackward0>)]
load LLC or attacked data with specified split
Successfully loaded the attack of dataname with few shot 5, split 1
Attack method : Meta_Self | Attack ptb : 0.2 | Dataset: Cora
======================
Number of graphs: 1
Number of features: 1433
Number of classes: 7

Data(x=[2708, 1433], edge_index=[2, 15484], y=[2708], train_mask=[2708], val_mask=[2708], test_mask=[2708])
===========================================================================================================
Number of nodes: 2708
Number of edges: 15484
Average node degree: 5.72
Has isolated nodes: False
Has self-loops: True
Is undirected: True
Pollution Diff | added_edges=1218 | deleted_edges=108 | clean_edges=5278 | attack_edges=6388
GCN(
  (conv_layers): ModuleList(
    (0): GCNConv(1433, 256)
    (1): GCNConv(256, 256)
  )
)
Successfully loaded pre-trained weights!
use RobustPrompt Tranductive
defense pt dict :  {'sim_pt': 0.3, 'degree_pt': -1, 'out_detect_pt': 0.5, 'other_pt': 'all'}
use_attention :  False
cosine_constraint :  True
pt_threshold :  0.5
filter_module :  OriginalFilter
temperature :  1.0
weight_mse 0.1
weight_kl :  0.3
weight_constraint :  0.2
run RobustPrompt-T
Epoch 001 |  Time(s) 0.0136 | RobustPrompt-T Loss 1.9468  
Epoch 002 |  Time(s) 0.0136 | RobustPrompt-T Loss 1.9394  
Epoch 003 |  Time(s) 0.0134 | RobustPrompt-T Loss 1.9480  
Epoch 004 |  Time(s) 0.0135 | RobustPrompt-T Loss 1.9154  
Epoch 005 |  Time(s) 0.0134 | RobustPrompt-T Loss 1.9178  
Epoch 006 |  Time(s) 0.0131 | RobustPrompt-T Loss 1.9037  
Epoch 007 |  Time(s) 0.0135 | RobustPrompt-T Loss 1.8852  
Epoch 008 |  Time(s) 0.0134 | RobustPrompt-T Loss 1.8647  
Epoch 009 |  Time(s) 0.0136 | RobustPrompt-T Loss 1.8542  
Epoch 010 |  Time(s) 0.0134 | RobustPrompt-T Loss 1.8123  
Epoch 011 |  Time(s) 0.0132 | RobustPrompt-T Loss 1.7939  
Epoch 012 |  Time(s) 0.0134 | RobustPrompt-T Loss 1.7307  
Epoch 013 |  Time(s) 0.0134 | RobustPrompt-T Loss 1.7230  
Epoch 014 |  Time(s) 0.0134 | RobustPrompt-T Loss 1.7181  
Epoch 015 |  Time(s) 0.0134 | RobustPrompt-T Loss 1.6860  
Epoch 016 |  Time(s) 0.0133 | RobustPrompt-T Loss 1.6374  
Epoch 017 |  Time(s) 0.0134 | RobustPrompt-T Loss 1.7422  
Epoch 018 |  Time(s) 0.0134 | RobustPrompt-T Loss 1.7474  
Epoch 019 |  Time(s) 0.0132 | RobustPrompt-T Loss 1.7908  
Epoch 020 |  Time(s) 0.0135 | RobustPrompt-T Loss 1.7352  
Epoch 021 |  Time(s) 0.0131 | RobustPrompt-T Loss 1.7292  
Epoch 022 |  Time(s) 0.0132 | RobustPrompt-T Loss 1.7337  
Epoch 023 |  Time(s) 0.0136 | RobustPrompt-T Loss 1.6901  
Epoch 024 |  Time(s) 0.0132 | RobustPrompt-T Loss 1.6883  
Epoch 025 |  Time(s) 0.0156 | RobustPrompt-T Loss 1.6309  
Epoch 026 |  Time(s) 0.0137 | RobustPrompt-T Loss 1.6251  
Epoch 027 |  Time(s) 0.0133 | RobustPrompt-T Loss 1.6169  
Epoch 028 |  Time(s) 0.0130 | RobustPrompt-T Loss 1.6210  
Epoch 029 |  Time(s) 0.0131 | RobustPrompt-T Loss 1.5876  
Epoch 030 |  Time(s) 0.0137 | RobustPrompt-T Loss 1.5588  
Epoch 031 |  Time(s) 0.0130 | RobustPrompt-T Loss 1.5604  
Epoch 032 |  Time(s) 0.0130 | RobustPrompt-T Loss 1.6058  
Epoch 033 |  Time(s) 0.0126 | RobustPrompt-T Loss 1.5689  
Epoch 034 |  Time(s) 0.0132 | RobustPrompt-T Loss 1.5021  
Epoch 035 |  Time(s) 0.0131 | RobustPrompt-T Loss 1.5146  
Epoch 036 |  Time(s) 0.0131 | RobustPrompt-T Loss 1.4616  
Epoch 037 |  Time(s) 0.0137 | RobustPrompt-T Loss 1.4194  
Epoch 038 |  Time(s) 0.0134 | RobustPrompt-T Loss 1.4217  
Epoch 039 |  Time(s) 0.0133 | RobustPrompt-T Loss 1.3864  
Epoch 040 |  Time(s) 0.0134 | RobustPrompt-T Loss 1.3530  
Epoch 041 |  Time(s) 0.0134 | RobustPrompt-T Loss 1.2929  
Epoch 042 |  Time(s) 0.0139 | RobustPrompt-T Loss 1.2753  
Epoch 043 |  Time(s) 0.0132 | RobustPrompt-T Loss 1.2426  
Epoch 044 |  Time(s) 0.0135 | RobustPrompt-T Loss 1.1743  
Epoch 045 |  Time(s) 0.0135 | RobustPrompt-T Loss 1.1659  
Epoch 046 |  Time(s) 0.0136 | RobustPrompt-T Loss 1.1486  
Epoch 047 |  Time(s) 0.0138 | RobustPrompt-T Loss 1.1102  
Epoch 048 |  Time(s) 0.0136 | RobustPrompt-T Loss 1.0770  
Epoch 049 |  Time(s) 0.0139 | RobustPrompt-T Loss 1.0730  
Epoch 050 |  Time(s) 0.0138 | RobustPrompt-T Loss 1.0495  
Epoch 051 |  Time(s) 0.0134 | RobustPrompt-T Loss 0.9961  
Epoch 052 |  Time(s) 0.0137 | RobustPrompt-T Loss 0.9705  
Epoch 053 |  Time(s) 0.0132 | RobustPrompt-T Loss 0.9419  
Epoch 054 |  Time(s) 0.0127 | RobustPrompt-T Loss 0.9050  
Epoch 055 |  Time(s) 0.0129 | RobustPrompt-T Loss 0.8873  
Epoch 056 |  Time(s) 0.0134 | RobustPrompt-T Loss 0.8631  
Epoch 057 |  Time(s) 0.0135 | RobustPrompt-T Loss 0.9264  
Epoch 058 |  Time(s) 0.0143 | RobustPrompt-T Loss 0.8267  
Epoch 059 |  Time(s) 0.0134 | RobustPrompt-T Loss 0.7918  
Epoch 060 |  Time(s) 0.0135 | RobustPrompt-T Loss 0.8230  
Epoch 061 |  Time(s) 0.0134 | RobustPrompt-T Loss 0.7419  
Epoch 062 |  Time(s) 0.0135 | RobustPrompt-T Loss 0.7023  
Epoch 063 |  Time(s) 0.0133 | RobustPrompt-T Loss 0.7031  
Epoch 064 |  Time(s) 0.0133 | RobustPrompt-T Loss 0.7184  
Epoch 065 |  Time(s) 0.0135 | RobustPrompt-T Loss 0.7070  
Epoch 066 |  Time(s) 0.0133 | RobustPrompt-T Loss 0.6573  
Epoch 067 |  Time(s) 0.0135 | RobustPrompt-T Loss 0.6700  
Epoch 068 |  Time(s) 0.0134 | RobustPrompt-T Loss 0.7187  
Epoch 069 |  Time(s) 0.0132 | RobustPrompt-T Loss 0.6459  
Epoch 070 |  Time(s) 0.0135 | RobustPrompt-T Loss 0.7956  
Epoch 071 |  Time(s) 0.0134 | RobustPrompt-T Loss 0.7082  
Epoch 072 |  Time(s) 0.0136 | RobustPrompt-T Loss 0.7963  
Epoch 073 |  Time(s) 0.0135 | RobustPrompt-T Loss 0.7913  
Epoch 074 |  Time(s) 0.0132 | RobustPrompt-T Loss 0.5805  
Epoch 075 |  Time(s) 0.0134 | RobustPrompt-T Loss 0.5955  
Epoch 076 |  Time(s) 0.0133 | RobustPrompt-T Loss 0.6845  
Epoch 077 |  Time(s) 0.0135 | RobustPrompt-T Loss 0.5935  
Epoch 078 |  Time(s) 0.0133 | RobustPrompt-T Loss 0.7410  
Epoch 079 |  Time(s) 0.0133 | RobustPrompt-T Loss 0.7897  
Epoch 080 |  Time(s) 0.0135 | RobustPrompt-T Loss 0.5316  
Epoch 081 |  Time(s) 0.0134 | RobustPrompt-T Loss 0.6052  
Epoch 082 |  Time(s) 0.0135 | RobustPrompt-T Loss 0.5670  
Epoch 083 |  Time(s) 0.0134 | RobustPrompt-T Loss 0.5531  
Epoch 084 |  Time(s) 0.0135 | RobustPrompt-T Loss 0.5497  
Epoch 085 |  Time(s) 0.0134 | RobustPrompt-T Loss 0.5025  
Epoch 086 |  Time(s) 0.0136 | RobustPrompt-T Loss 0.4903  
Epoch 087 |  Time(s) 0.0135 | RobustPrompt-T Loss 0.4858  
Epoch 088 |  Time(s) 0.0136 | RobustPrompt-T Loss 0.5165  
Epoch 089 |  Time(s) 0.0134 | RobustPrompt-T Loss 0.4601  
Epoch 090 |  Time(s) 0.0135 | RobustPrompt-T Loss 0.4732  
Epoch 091 |  Time(s) 0.0134 | RobustPrompt-T Loss 0.4429  
Epoch 092 |  Time(s) 0.0136 | RobustPrompt-T Loss 0.4657  
Epoch 093 |  Time(s) 0.0133 | RobustPrompt-T Loss 0.4367  
Epoch 094 |  Time(s) 0.0133 | RobustPrompt-T Loss 0.4082  
Epoch 095 |  Time(s) 0.0135 | RobustPrompt-T Loss 0.4125  
Epoch 096 |  Time(s) 0.0133 | RobustPrompt-T Loss 0.4261  
Epoch 097 |  Time(s) 0.0136 | RobustPrompt-T Loss 0.4063  
Epoch 098 |  Time(s) 0.0135 | RobustPrompt-T Loss 0.3836  
Epoch 099 |  Time(s) 0.0136 | RobustPrompt-T Loss 0.3745  
Epoch 100 |  Time(s) 0.0136 | RobustPrompt-T Loss 0.3683  
Epoch 101 |  Time(s) 0.0135 | RobustPrompt-T Loss 0.3924  
Epoch 102 |  Time(s) 0.0135 | RobustPrompt-T Loss 0.3357  
Epoch 103 |  Time(s) 0.0136 | RobustPrompt-T Loss 0.3410  
Epoch 104 |  Time(s) 0.0138 | RobustPrompt-T Loss 0.3814  
Epoch 105 |  Time(s) 0.0135 | RobustPrompt-T Loss 0.3117  
Epoch 106 |  Time(s) 0.0135 | RobustPrompt-T Loss 0.3212  
Epoch 107 |  Time(s) 0.0134 | RobustPrompt-T Loss 0.3603  
Epoch 108 |  Time(s) 0.0136 | RobustPrompt-T Loss 0.3017  
Epoch 109 |  Time(s) 0.0135 | RobustPrompt-T Loss 0.3952  
Epoch 110 |  Time(s) 0.0136 | RobustPrompt-T Loss 0.3195  
Epoch 111 |  Time(s) 0.0134 | RobustPrompt-T Loss 0.4825  
Epoch 112 |  Time(s) 0.0136 | RobustPrompt-T Loss 0.5087  
Epoch 113 |  Time(s) 0.0133 | RobustPrompt-T Loss 0.2843  
Epoch 114 |  Time(s) 0.0136 | RobustPrompt-T Loss 0.5935  
Epoch 115 |  Time(s) 0.0134 | RobustPrompt-T Loss 0.6427  
Epoch 116 |  Time(s) 0.0137 | RobustPrompt-T Loss 0.3142  
Epoch 117 |  Time(s) 0.0134 | RobustPrompt-T Loss 0.8697  
Epoch 118 |  Time(s) 0.0137 | RobustPrompt-T Loss 1.4738  
Epoch 119 |  Time(s) 0.0134 | RobustPrompt-T Loss 1.0201  
Epoch 120 |  Time(s) 0.0138 | RobustPrompt-T Loss 0.4229  
Epoch 121 |  Time(s) 0.0137 | RobustPrompt-T Loss 0.8783  
Epoch 122 |  Time(s) 0.0135 | RobustPrompt-T Loss 1.5193  
Epoch 123 |  Time(s) 0.0136 | RobustPrompt-T Loss 1.3841  
Epoch 124 |  Time(s) 0.0135 | RobustPrompt-T Loss 1.3640  
Epoch 125 |  Time(s) 0.0135 | RobustPrompt-T Loss 1.1877  
Epoch 126 |  Time(s) 0.0135 | RobustPrompt-T Loss 0.8131  
Epoch 127 |  Time(s) 0.0136 | RobustPrompt-T Loss 0.5883  
Epoch 128 |  Time(s) 0.0139 | RobustPrompt-T Loss 0.7881  
Epoch 129 |  Time(s) 0.0136 | RobustPrompt-T Loss 1.0173  
Epoch 130 |  Time(s) 0.0136 | RobustPrompt-T Loss 0.6374  
Epoch 131 |  Time(s) 0.0134 | RobustPrompt-T Loss 0.4698  
Epoch 132 |  Time(s) 0.0136 | RobustPrompt-T Loss 0.5558  
----------------------------------------------------------------------------------------------------
Early stopping at 133 eopch!
Final True Accuracy: 0.1034 | Macro F1 Score: 0.0752
Edge Detection Detail | source=filter_module | active=0 | n_edges=6388 | n_pos=1218 | n_neg=5170 | pos_rate=0.1907 | pred_pos=6286 | pred_pos_rate=0.9840 | tp=1212 | fp=5074 | fn=6 | tn=96 | precision=0.1928 | recall=0.9951 | f1=0.3230 | auc=0.8410 | ap=0.5361 | best_f1=0.6397 | best_threshold=0.9572 | best_precision=0.5983 | best_recall=0.6872 | best_pred_pos_rate=0.2190 | precision_at_k_pos=0.5895 | recall_at_k_pos=0.5895 | all_positive_f1=0.3203 | current_f1_minus_all_positive_f1=0.0028 | hard_mask_all_positive_like=0 | mode=original
Edge Detection Detail | source=tau_tune | active=1 | n_edges=6388 | n_pos=1218 | n_neg=5170 | pos_rate=0.1907 | pred_pos=46 | pred_pos_rate=0.0072 | tp=31 | fp=15 | fn=1187 | tn=5155 | precision=0.6739 | recall=0.0255 | f1=0.0491 | auc=0.6760 | ap=0.3397 | best_f1=0.3923 | best_threshold=0.0535 | best_precision=0.2937 | best_recall=0.5903 | best_pred_pos_rate=0.3832 | precision_at_k_pos=0.3596 | recall_at_k_pos=0.3596 | all_positive_f1=0.3203 | current_f1_minus_all_positive_f1=-0.2712 | hard_mask_all_positive_like=0
Tip Detection | tip=sim_pt | active=1 | node_precision=0.3301 | node_recall=0.3371 | node_f1=0.3335 | edge_precision=0.2419 | edge_recall=0.9926 | edge_f1=0.3891 | edge_auc=0.6300 | node_tp=270 | node_fp=548 | node_fn=531 | edge_tp=1209 | edge_fp=3788 | edge_fn=9
Edge Detection Detail | source=sim_pt | active=1 | n_edges=6388 | n_pos=1218 | n_neg=5170 | pos_rate=0.1907 | pred_pos=4997 | pred_pos_rate=0.7822 | tp=1209 | fp=3788 | fn=9 | tn=1382 | precision=0.2419 | recall=0.9926 | f1=0.3891 | auc=0.6300 | ap=0.2416 | best_f1=nan | best_threshold=nan | best_precision=nan | best_recall=nan | best_pred_pos_rate=nan | precision_at_k_pos=nan | recall_at_k_pos=nan | all_positive_f1=0.3203 | current_f1_minus_all_positive_f1=0.0688 | hard_mask_all_positive_like=0
Tip Detection | tip=degree_pt | active=0 | node_precision=0.0000 | node_recall=0.0000 | node_f1=0.0000 | edge_precision=0.0000 | edge_recall=0.0000 | edge_f1=0.0000 | edge_auc=0.5000 | node_tp=0 | node_fp=0 | node_fn=801 | edge_tp=0 | edge_fp=0 | edge_fn=1218
Edge Detection Detail | source=degree_pt | active=0 | n_edges=6388 | n_pos=1218 | n_neg=5170 | pos_rate=0.1907 | pred_pos=0 | pred_pos_rate=0.0000 | tp=0 | fp=0 | fn=1218 | tn=5170 | precision=0.0000 | recall=0.0000 | f1=0.0000 | auc=0.5000 | ap=0.1907 | best_f1=nan | best_threshold=nan | best_precision=nan | best_recall=nan | best_pred_pos_rate=nan | precision_at_k_pos=nan | recall_at_k_pos=nan | all_positive_f1=0.3203 | current_f1_minus_all_positive_f1=-0.3203 | hard_mask_all_positive_like=0
Tip Detection | tip=out_detect_pt | active=1 | node_precision=0.2962 | node_recall=1.0000 | node_f1=0.4571 | edge_precision=0.1907 | edge_recall=1.0000 | edge_f1=0.3203 | edge_auc=0.5000 | node_tp=801 | node_fp=1903 | node_fn=0 | edge_tp=1218 | edge_fp=5170 | edge_fn=0
Edge Detection Detail | source=out_detect_pt | active=1 | n_edges=6388 | n_pos=1218 | n_neg=5170 | pos_rate=0.1907 | pred_pos=6287 | pred_pos_rate=0.9842 | tp=1212 | fp=5075 | fn=6 | tn=95 | precision=0.1928 | recall=0.9951 | f1=0.3230 | auc=0.8410 | ap=0.5361 | best_f1=0.6397 | best_threshold=0.9572 | best_precision=0.5983 | best_recall=0.6872 | best_pred_pos_rate=0.2190 | precision_at_k_pos=0.5895 | recall_at_k_pos=0.5895 | all_positive_f1=0.3203 | current_f1_minus_all_positive_f1=0.0027 | hard_mask_all_positive_like=0
best_loss [tensor(0.5141, device='cuda:0', grad_fn=<AddBackward0>)]
load LLC or attacked data with specified split
Successfully loaded the attack of dataname with few shot 5, split 1
Attack method : Meta_Self | Attack ptb : 0.2 | Dataset: Cora
======================
Number of graphs: 1
Number of features: 1433
Number of classes: 7

Data(x=[2708, 1433], edge_index=[2, 15484], y=[2708], train_mask=[2708], val_mask=[2708], test_mask=[2708])
===========================================================================================================
Number of nodes: 2708
Number of edges: 15484
Average node degree: 5.72
Has isolated nodes: False
Has self-loops: True
Is undirected: True
Pollution Diff | added_edges=1218 | deleted_edges=108 | clean_edges=5278 | attack_edges=6388
GCN(
  (conv_layers): ModuleList(
    (0): GCNConv(1433, 256)
    (1): GCNConv(256, 256)
  )
)
Successfully loaded pre-trained weights!
use RobustPrompt Tranductive
defense pt dict :  {'sim_pt': 0.3, 'degree_pt': -1, 'out_detect_pt': 0.5, 'other_pt': 'all'}
use_attention :  False
cosine_constraint :  True
pt_threshold :  0.5
filter_module :  OriginalFilter
temperature :  1.0
weight_mse 0.1
weight_kl :  0.3
weight_constraint :  0.2
run RobustPrompt-T
Epoch 001 |  Time(s) 0.0137 | RobustPrompt-T Loss 1.9459  
Epoch 002 |  Time(s) 0.0136 | RobustPrompt-T Loss 1.9433  
Epoch 003 |  Time(s) 0.0135 | RobustPrompt-T Loss 1.9558  
Epoch 004 |  Time(s) 0.0137 | RobustPrompt-T Loss 1.9033  
Epoch 005 |  Time(s) 0.0139 | RobustPrompt-T Loss 1.9085  
Epoch 006 |  Time(s) 0.0134 | RobustPrompt-T Loss 1.8678  
Epoch 007 |  Time(s) 0.0136 | RobustPrompt-T Loss 1.8234  
Epoch 008 |  Time(s) 0.0135 | RobustPrompt-T Loss 1.8121  
Epoch 009 |  Time(s) 0.0136 | RobustPrompt-T Loss 1.7915  
Epoch 010 |  Time(s) 0.0133 | RobustPrompt-T Loss 1.8237  
Epoch 011 |  Time(s) 0.0132 | RobustPrompt-T Loss 1.7691  
Epoch 012 |  Time(s) 0.0135 | RobustPrompt-T Loss 1.7582  
Epoch 013 |  Time(s) 0.0135 | RobustPrompt-T Loss 1.7190  
Epoch 014 |  Time(s) 0.0135 | RobustPrompt-T Loss 1.7135  
Epoch 015 |  Time(s) 0.0134 | RobustPrompt-T Loss 1.7146  
Epoch 016 |  Time(s) 0.0137 | RobustPrompt-T Loss 1.7211  
Epoch 017 |  Time(s) 0.0135 | RobustPrompt-T Loss 1.6860  
Epoch 018 |  Time(s) 0.0135 | RobustPrompt-T Loss 1.6628  
Epoch 019 |  Time(s) 0.0133 | RobustPrompt-T Loss 1.6929  
Epoch 020 |  Time(s) 0.0135 | RobustPrompt-T Loss 1.6752  
Epoch 021 |  Time(s) 0.0135 | RobustPrompt-T Loss 1.7070  
Epoch 022 |  Time(s) 0.0135 | RobustPrompt-T Loss 1.6506  
Epoch 023 |  Time(s) 0.0135 | RobustPrompt-T Loss 1.6227  
Epoch 024 |  Time(s) 0.0135 | RobustPrompt-T Loss 1.5918  
Epoch 025 |  Time(s) 0.0135 | RobustPrompt-T Loss 1.6108  
Epoch 026 |  Time(s) 0.0136 | RobustPrompt-T Loss 1.7142  
Epoch 027 |  Time(s) 0.0135 | RobustPrompt-T Loss 1.7099  
Epoch 028 |  Time(s) 0.0136 | RobustPrompt-T Loss 1.6397  
Epoch 029 |  Time(s) 0.0134 | RobustPrompt-T Loss 1.6875  
Epoch 030 |  Time(s) 0.0136 | RobustPrompt-T Loss 1.5935  
Epoch 031 |  Time(s) 0.0134 | RobustPrompt-T Loss 1.6055  
Epoch 032 |  Time(s) 0.0135 | RobustPrompt-T Loss 1.5279  
Epoch 033 |  Time(s) 0.0135 | RobustPrompt-T Loss 1.5684  
Epoch 034 |  Time(s) 0.0136 | RobustPrompt-T Loss 1.4719  
Epoch 035 |  Time(s) 0.0133 | RobustPrompt-T Loss 1.5400  
Epoch 036 |  Time(s) 0.0137 | RobustPrompt-T Loss 1.4165  
Epoch 037 |  Time(s) 0.0135 | RobustPrompt-T Loss 1.4273  
Epoch 038 |  Time(s) 0.0136 | RobustPrompt-T Loss 1.4161  
Epoch 039 |  Time(s) 0.0135 | RobustPrompt-T Loss 1.4134  
Epoch 040 |  Time(s) 0.0135 | RobustPrompt-T Loss 1.3772  
Epoch 041 |  Time(s) 0.0135 | RobustPrompt-T Loss 1.3541  
Epoch 042 |  Time(s) 0.0136 | RobustPrompt-T Loss 1.2702  
Epoch 043 |  Time(s) 0.0134 | RobustPrompt-T Loss 1.3227  
Epoch 044 |  Time(s) 0.0136 | RobustPrompt-T Loss 1.1937  
Epoch 045 |  Time(s) 0.0135 | RobustPrompt-T Loss 1.2158  
Epoch 046 |  Time(s) 0.0136 | RobustPrompt-T Loss 1.2054  
Epoch 047 |  Time(s) 0.0134 | RobustPrompt-T Loss 1.1150  
Epoch 048 |  Time(s) 0.0136 | RobustPrompt-T Loss 1.1284  
Epoch 049 |  Time(s) 0.0134 | RobustPrompt-T Loss 1.0567  
Epoch 050 |  Time(s) 0.0136 | RobustPrompt-T Loss 1.0077  
Epoch 051 |  Time(s) 0.0133 | RobustPrompt-T Loss 1.0250  
Epoch 052 |  Time(s) 0.0136 | RobustPrompt-T Loss 0.9975  
Epoch 053 |  Time(s) 0.0136 | RobustPrompt-T Loss 0.9579  
Epoch 054 |  Time(s) 0.0136 | RobustPrompt-T Loss 0.8949  
Epoch 055 |  Time(s) 0.0134 | RobustPrompt-T Loss 0.8938  
Epoch 056 |  Time(s) 0.0135 | RobustPrompt-T Loss 0.8840  
Epoch 057 |  Time(s) 0.0135 | RobustPrompt-T Loss 0.8693  
Epoch 058 |  Time(s) 0.0135 | RobustPrompt-T Loss 0.9047  
Epoch 059 |  Time(s) 0.0133 | RobustPrompt-T Loss 0.8380  
Epoch 060 |  Time(s) 0.0136 | RobustPrompt-T Loss 0.7899  
Epoch 061 |  Time(s) 0.0135 | RobustPrompt-T Loss 0.8107  
Epoch 062 |  Time(s) 0.0136 | RobustPrompt-T Loss 0.9015  
Epoch 063 |  Time(s) 0.0134 | RobustPrompt-T Loss 0.7948  
Epoch 064 |  Time(s) 0.0136 | RobustPrompt-T Loss 1.0379  
Epoch 065 |  Time(s) 0.0134 | RobustPrompt-T Loss 1.0963  
Epoch 066 |  Time(s) 0.0136 | RobustPrompt-T Loss 0.7883  
Epoch 067 |  Time(s) 0.0135 | RobustPrompt-T Loss 0.8450  
Epoch 068 |  Time(s) 0.0135 | RobustPrompt-T Loss 0.9377  
Epoch 069 |  Time(s) 0.0135 | RobustPrompt-T Loss 0.7740  
Epoch 070 |  Time(s) 0.0135 | RobustPrompt-T Loss 0.9639  
Epoch 071 |  Time(s) 0.0134 | RobustPrompt-T Loss 1.0708  
Epoch 072 |  Time(s) 0.0136 | RobustPrompt-T Loss 0.6944  
Epoch 073 |  Time(s) 0.0135 | RobustPrompt-T Loss 0.9164  
Epoch 074 |  Time(s) 0.0136 | RobustPrompt-T Loss 0.9728  
Epoch 075 |  Time(s) 0.0134 | RobustPrompt-T Loss 0.7846  
Epoch 076 |  Time(s) 0.0137 | RobustPrompt-T Loss 0.8424  
Epoch 077 |  Time(s) 0.0134 | RobustPrompt-T Loss 0.9774  
Epoch 078 |  Time(s) 0.0135 | RobustPrompt-T Loss 0.6510  
Epoch 079 |  Time(s) 0.0135 | RobustPrompt-T Loss 1.1469  
Epoch 080 |  Time(s) 0.0135 | RobustPrompt-T Loss 1.4729  
Epoch 081 |  Time(s) 0.0136 | RobustPrompt-T Loss 1.0795  
Epoch 082 |  Time(s) 0.0136 | RobustPrompt-T Loss 0.8700  
Epoch 083 |  Time(s) 0.0135 | RobustPrompt-T Loss 0.7307  
Epoch 084 |  Time(s) 0.0136 | RobustPrompt-T Loss 1.1775  
Epoch 085 |  Time(s) 0.0138 | RobustPrompt-T Loss 1.3304  
Epoch 086 |  Time(s) 0.0135 | RobustPrompt-T Loss 0.9212  
Epoch 087 |  Time(s) 0.0137 | RobustPrompt-T Loss 1.2348  
Epoch 088 |  Time(s) 0.0138 | RobustPrompt-T Loss 1.3976  
Epoch 089 |  Time(s) 0.0136 | RobustPrompt-T Loss 0.8767  
Epoch 090 |  Time(s) 0.0136 | RobustPrompt-T Loss 0.8954  
Epoch 091 |  Time(s) 0.0135 | RobustPrompt-T Loss 1.1176  
Epoch 092 |  Time(s) 0.0134 | RobustPrompt-T Loss 0.7869  
Epoch 093 |  Time(s) 0.0134 | RobustPrompt-T Loss 1.0361  
Epoch 094 |  Time(s) 0.0134 | RobustPrompt-T Loss 1.1871  
Epoch 095 |  Time(s) 0.0135 | RobustPrompt-T Loss 0.8032  
Epoch 096 |  Time(s) 0.0134 | RobustPrompt-T Loss 0.9733  
Epoch 097 |  Time(s) 0.0137 | RobustPrompt-T Loss 1.4297  
----------------------------------------------------------------------------------------------------
Early stopping at 98 eopch!
Final True Accuracy: 0.0801 | Macro F1 Score: 0.0505
Edge Detection Detail | source=filter_module | active=0 | n_edges=6388 | n_pos=1218 | n_neg=5170 | pos_rate=0.1907 | pred_pos=6286 | pred_pos_rate=0.9840 | tp=1212 | fp=5074 | fn=6 | tn=96 | precision=0.1928 | recall=0.9951 | f1=0.3230 | auc=0.8410 | ap=0.5361 | best_f1=0.6397 | best_threshold=0.9572 | best_precision=0.5983 | best_recall=0.6872 | best_pred_pos_rate=0.2190 | precision_at_k_pos=0.5895 | recall_at_k_pos=0.5895 | all_positive_f1=0.3203 | current_f1_minus_all_positive_f1=0.0028 | hard_mask_all_positive_like=0 | mode=original
Edge Detection Detail | source=tau_tune | active=1 | n_edges=6388 | n_pos=1218 | n_neg=5170 | pos_rate=0.1907 | pred_pos=71 | pred_pos_rate=0.0111 | tp=42 | fp=29 | fn=1176 | tn=5141 | precision=0.5915 | recall=0.0345 | f1=0.0652 | auc=0.6975 | ap=0.3561 | best_f1=0.4183 | best_threshold=0.0402 | best_precision=0.2983 | best_recall=0.6995 | best_pred_pos_rate=0.4471 | precision_at_k_pos=0.3498 | recall_at_k_pos=0.3498 | all_positive_f1=0.3203 | current_f1_minus_all_positive_f1=-0.2551 | hard_mask_all_positive_like=0
Tip Detection | tip=sim_pt | active=1 | node_precision=0.3301 | node_recall=0.3371 | node_f1=0.3335 | edge_precision=0.2419 | edge_recall=0.9926 | edge_f1=0.3891 | edge_auc=0.6300 | node_tp=270 | node_fp=548 | node_fn=531 | edge_tp=1209 | edge_fp=3788 | edge_fn=9
Edge Detection Detail | source=sim_pt | active=1 | n_edges=6388 | n_pos=1218 | n_neg=5170 | pos_rate=0.1907 | pred_pos=4997 | pred_pos_rate=0.7822 | tp=1209 | fp=3788 | fn=9 | tn=1382 | precision=0.2419 | recall=0.9926 | f1=0.3891 | auc=0.6300 | ap=0.2416 | best_f1=nan | best_threshold=nan | best_precision=nan | best_recall=nan | best_pred_pos_rate=nan | precision_at_k_pos=nan | recall_at_k_pos=nan | all_positive_f1=0.3203 | current_f1_minus_all_positive_f1=0.0688 | hard_mask_all_positive_like=0
Tip Detection | tip=degree_pt | active=0 | node_precision=0.0000 | node_recall=0.0000 | node_f1=0.0000 | edge_precision=0.0000 | edge_recall=0.0000 | edge_f1=0.0000 | edge_auc=0.5000 | node_tp=0 | node_fp=0 | node_fn=801 | edge_tp=0 | edge_fp=0 | edge_fn=1218
Edge Detection Detail | source=degree_pt | active=0 | n_edges=6388 | n_pos=1218 | n_neg=5170 | pos_rate=0.1907 | pred_pos=0 | pred_pos_rate=0.0000 | tp=0 | fp=0 | fn=1218 | tn=5170 | precision=0.0000 | recall=0.0000 | f1=0.0000 | auc=0.5000 | ap=0.1907 | best_f1=nan | best_threshold=nan | best_precision=nan | best_recall=nan | best_pred_pos_rate=nan | precision_at_k_pos=nan | recall_at_k_pos=nan | all_positive_f1=0.3203 | current_f1_minus_all_positive_f1=-0.3203 | hard_mask_all_positive_like=0
Tip Detection | tip=out_detect_pt | active=1 | node_precision=0.2962 | node_recall=1.0000 | node_f1=0.4571 | edge_precision=0.1907 | edge_recall=1.0000 | edge_f1=0.3203 | edge_auc=0.5000 | node_tp=801 | node_fp=1903 | node_fn=0 | edge_tp=1218 | edge_fp=5170 | edge_fn=0
Edge Detection Detail | source=out_detect_pt | active=1 | n_edges=6388 | n_pos=1218 | n_neg=5170 | pos_rate=0.1907 | pred_pos=6287 | pred_pos_rate=0.9842 | tp=1212 | fp=5075 | fn=6 | tn=95 | precision=0.1928 | recall=0.9951 | f1=0.3230 | auc=0.8410 | ap=0.5361 | best_f1=0.6397 | best_threshold=0.9572 | best_precision=0.5983 | best_recall=0.6872 | best_pred_pos_rate=0.2190 | precision_at_k_pos=0.5895 | recall_at_k_pos=0.5895 | all_positive_f1=0.3203 | current_f1_minus_all_positive_f1=0.0027 | hard_mask_all_positive_like=0
best_loss [tensor(1.0141, device='cuda:0', grad_fn=<AddBackward0>)]
load LLC or attacked data with specified split
Successfully loaded the attack of dataname with few shot 5, split 1
Attack method : Meta_Self | Attack ptb : 0.2 | Dataset: Cora
======================
Number of graphs: 1
Number of features: 1433
Number of classes: 7

Data(x=[2708, 1433], edge_index=[2, 15484], y=[2708], train_mask=[2708], val_mask=[2708], test_mask=[2708])
===========================================================================================================
Number of nodes: 2708
Number of edges: 15484
Average node degree: 5.72
Has isolated nodes: False
Has self-loops: True
Is undirected: True
Pollution Diff | added_edges=1218 | deleted_edges=108 | clean_edges=5278 | attack_edges=6388
GCN(
  (conv_layers): ModuleList(
    (0): GCNConv(1433, 256)
    (1): GCNConv(256, 256)
  )
)
Successfully loaded pre-trained weights!
use RobustPrompt Tranductive
defense pt dict :  {'sim_pt': 0.3, 'degree_pt': -1, 'out_detect_pt': 0.5, 'other_pt': 'all'}
use_attention :  False
cosine_constraint :  True
pt_threshold :  0.5
filter_module :  OriginalFilter
temperature :  1.0
weight_mse 0.1
weight_kl :  0.3
weight_constraint :  0.2
run RobustPrompt-T
Epoch 001 |  Time(s) 0.0140 | RobustPrompt-T Loss 1.9459  
Epoch 002 |  Time(s) 0.0137 | RobustPrompt-T Loss 1.9351  
Epoch 003 |  Time(s) 0.0132 | RobustPrompt-T Loss 1.8944  
Epoch 004 |  Time(s) 0.0133 | RobustPrompt-T Loss 1.8706  
Epoch 005 |  Time(s) 0.0131 | RobustPrompt-T Loss 1.8956  
Epoch 006 |  Time(s) 0.0137 | RobustPrompt-T Loss 1.7787  
Epoch 007 |  Time(s) 0.0139 | RobustPrompt-T Loss 1.8540  
Epoch 008 |  Time(s) 0.0138 | RobustPrompt-T Loss 1.8259  
Epoch 009 |  Time(s) 0.0136 | RobustPrompt-T Loss 1.7274  
Epoch 010 |  Time(s) 0.0137 | RobustPrompt-T Loss 1.7822  
Epoch 011 |  Time(s) 0.0139 | RobustPrompt-T Loss 1.7239  
Epoch 012 |  Time(s) 0.0139 | RobustPrompt-T Loss 1.6915  
Epoch 013 |  Time(s) 0.0136 | RobustPrompt-T Loss 1.7064  
Epoch 014 |  Time(s) 0.0137 | RobustPrompt-T Loss 1.6903  
Epoch 015 |  Time(s) 0.0138 | RobustPrompt-T Loss 1.6758  
Epoch 016 |  Time(s) 0.0139 | RobustPrompt-T Loss 1.6595  
Epoch 017 |  Time(s) 0.0136 | RobustPrompt-T Loss 1.6488  
Epoch 018 |  Time(s) 0.0136 | RobustPrompt-T Loss 1.6611  
Epoch 019 |  Time(s) 0.0138 | RobustPrompt-T Loss 1.6485  
Epoch 020 |  Time(s) 0.0136 | RobustPrompt-T Loss 1.6436  
Epoch 021 |  Time(s) 0.0136 | RobustPrompt-T Loss 1.6158  
Epoch 022 |  Time(s) 0.0137 | RobustPrompt-T Loss 1.6109  
Epoch 023 |  Time(s) 0.0136 | RobustPrompt-T Loss 1.5847  
Epoch 024 |  Time(s) 0.0137 | RobustPrompt-T Loss 1.5799  
Epoch 025 |  Time(s) 0.0132 | RobustPrompt-T Loss 1.5572  
Epoch 026 |  Time(s) 0.0131 | RobustPrompt-T Loss 1.5853  
Epoch 027 |  Time(s) 0.0135 | RobustPrompt-T Loss 1.6091  
Epoch 028 |  Time(s) 0.0135 | RobustPrompt-T Loss 1.6171  
Epoch 029 |  Time(s) 0.0135 | RobustPrompt-T Loss 1.5801  
Epoch 030 |  Time(s) 0.0135 | RobustPrompt-T Loss 1.9967  
Epoch 031 |  Time(s) 0.0136 | RobustPrompt-T Loss 1.8558  
Epoch 032 |  Time(s) 0.0134 | RobustPrompt-T Loss 1.7136  
Epoch 033 |  Time(s) 0.0136 | RobustPrompt-T Loss 1.7527  
Epoch 034 |  Time(s) 0.0135 | RobustPrompt-T Loss 1.5596  
Epoch 035 |  Time(s) 0.0136 | RobustPrompt-T Loss 1.6903  
Epoch 036 |  Time(s) 0.0133 | RobustPrompt-T Loss 1.6556  
Epoch 037 |  Time(s) 0.0134 | RobustPrompt-T Loss 1.5404  
Epoch 038 |  Time(s) 0.0135 | RobustPrompt-T Loss 1.5304  
Epoch 039 |  Time(s) 0.0137 | RobustPrompt-T Loss 1.5630  
Epoch 040 |  Time(s) 0.0138 | RobustPrompt-T Loss 1.4966  
Epoch 041 |  Time(s) 0.0136 | RobustPrompt-T Loss 1.4805  
Epoch 042 |  Time(s) 0.0137 | RobustPrompt-T Loss 1.4977  
Epoch 043 |  Time(s) 0.0139 | RobustPrompt-T Loss 1.4698  
Epoch 044 |  Time(s) 0.0138 | RobustPrompt-T Loss 1.4578  
Epoch 045 |  Time(s) 0.0136 | RobustPrompt-T Loss 1.4174  
Epoch 046 |  Time(s) 0.0138 | RobustPrompt-T Loss 1.3466  
Epoch 047 |  Time(s) 0.0137 | RobustPrompt-T Loss 1.3413  
Epoch 048 |  Time(s) 0.0138 | RobustPrompt-T Loss 1.4161  
Epoch 049 |  Time(s) 0.0136 | RobustPrompt-T Loss 1.3061  
Epoch 050 |  Time(s) 0.0137 | RobustPrompt-T Loss 1.3030  
Epoch 051 |  Time(s) 0.0138 | RobustPrompt-T Loss 1.2325  
Epoch 052 |  Time(s) 0.0141 | RobustPrompt-T Loss 1.1961  
Epoch 053 |  Time(s) 0.0139 | RobustPrompt-T Loss 1.2831  
Epoch 054 |  Time(s) 0.0140 | RobustPrompt-T Loss 1.1343  
Epoch 055 |  Time(s) 0.0137 | RobustPrompt-T Loss 1.1151  
Epoch 056 |  Time(s) 0.0138 | RobustPrompt-T Loss 1.1389  
Epoch 057 |  Time(s) 0.0138 | RobustPrompt-T Loss 1.0469  
Epoch 058 |  Time(s) 0.0139 | RobustPrompt-T Loss 1.0567  
Epoch 059 |  Time(s) 0.0135 | RobustPrompt-T Loss 1.1315  
Epoch 060 |  Time(s) 0.0137 | RobustPrompt-T Loss 0.9952  
Epoch 061 |  Time(s) 0.0137 | RobustPrompt-T Loss 0.9587  
Epoch 062 |  Time(s) 0.0135 | RobustPrompt-T Loss 0.9575  
Epoch 063 |  Time(s) 0.0135 | RobustPrompt-T Loss 0.9334  
Epoch 064 |  Time(s) 0.0135 | RobustPrompt-T Loss 0.9195  
Epoch 065 |  Time(s) 0.0137 | RobustPrompt-T Loss 0.9125  
Epoch 066 |  Time(s) 0.0134 | RobustPrompt-T Loss 0.8629  
Epoch 067 |  Time(s) 0.0136 | RobustPrompt-T Loss 0.8570  
Epoch 068 |  Time(s) 0.0135 | RobustPrompt-T Loss 0.8216  
Epoch 069 |  Time(s) 0.0136 | RobustPrompt-T Loss 0.7917  
Epoch 070 |  Time(s) 0.0137 | RobustPrompt-T Loss 0.7793  
Epoch 071 |  Time(s) 0.0135 | RobustPrompt-T Loss 0.7811  
Epoch 072 |  Time(s) 0.0137 | RobustPrompt-T Loss 0.7391  
Epoch 073 |  Time(s) 0.0135 | RobustPrompt-T Loss 0.7176  
Epoch 074 |  Time(s) 0.0135 | RobustPrompt-T Loss 0.7154  
Epoch 075 |  Time(s) 0.0134 | RobustPrompt-T Loss 0.7017  
Epoch 076 |  Time(s) 0.0136 | RobustPrompt-T Loss 0.6968  
Epoch 077 |  Time(s) 0.0138 | RobustPrompt-T Loss 0.6938  
Epoch 078 |  Time(s) 0.0135 | RobustPrompt-T Loss 0.7187  
Epoch 079 |  Time(s) 0.0136 | RobustPrompt-T Loss 0.6203  
Epoch 080 |  Time(s) 0.0134 | RobustPrompt-T Loss 0.6025  
Epoch 081 |  Time(s) 0.0136 | RobustPrompt-T Loss 0.6183  
Epoch 082 |  Time(s) 0.0134 | RobustPrompt-T Loss 0.6892  
Epoch 083 |  Time(s) 0.0136 | RobustPrompt-T Loss 0.5611  
Epoch 084 |  Time(s) 0.0134 | RobustPrompt-T Loss 0.8368  
Epoch 085 |  Time(s) 0.0137 | RobustPrompt-T Loss 0.6144  
Epoch 086 |  Time(s) 0.0135 | RobustPrompt-T Loss 0.8554  
Epoch 087 |  Time(s) 0.0135 | RobustPrompt-T Loss 0.9209  
Epoch 088 |  Time(s) 0.0134 | RobustPrompt-T Loss 0.5129  
Epoch 089 |  Time(s) 0.0135 | RobustPrompt-T Loss 0.7932  
Epoch 090 |  Time(s) 0.0135 | RobustPrompt-T Loss 0.6667  
Epoch 091 |  Time(s) 0.0136 | RobustPrompt-T Loss 0.6024  
Epoch 092 |  Time(s) 0.0135 | RobustPrompt-T Loss 0.6228  
Epoch 093 |  Time(s) 0.0136 | RobustPrompt-T Loss 0.4877  
Epoch 094 |  Time(s) 0.0133 | RobustPrompt-T Loss 0.5738  
Epoch 095 |  Time(s) 0.0137 | RobustPrompt-T Loss 0.4952  
Epoch 096 |  Time(s) 0.0134 | RobustPrompt-T Loss 0.6197  
Epoch 097 |  Time(s) 0.0136 | RobustPrompt-T Loss 0.5766  
Epoch 098 |  Time(s) 0.0134 | RobustPrompt-T Loss 0.4658  
Epoch 099 |  Time(s) 0.0135 | RobustPrompt-T Loss 0.4866  
Epoch 100 |  Time(s) 0.0135 | RobustPrompt-T Loss 0.4286  
Epoch 101 |  Time(s) 0.0136 | RobustPrompt-T Loss 0.4469  
Epoch 102 |  Time(s) 0.0135 | RobustPrompt-T Loss 0.4022  
Epoch 103 |  Time(s) 0.0135 | RobustPrompt-T Loss 0.3790  
Epoch 104 |  Time(s) 0.0134 | RobustPrompt-T Loss 0.4813  
Epoch 105 |  Time(s) 0.0135 | RobustPrompt-T Loss 0.3911  
Epoch 106 |  Time(s) 0.0135 | RobustPrompt-T Loss 0.6152  
Epoch 107 |  Time(s) 0.0135 | RobustPrompt-T Loss 0.6575  
Epoch 108 |  Time(s) 0.0135 | RobustPrompt-T Loss 0.2988  
Epoch 109 |  Time(s) 0.0137 | RobustPrompt-T Loss 0.6419  
Epoch 110 |  Time(s) 0.0134 | RobustPrompt-T Loss 0.6168  
Epoch 111 |  Time(s) 0.0135 | RobustPrompt-T Loss 0.3046  
Epoch 112 |  Time(s) 0.0134 | RobustPrompt-T Loss 0.4453  
Epoch 113 |  Time(s) 0.0137 | RobustPrompt-T Loss 0.3330  
Epoch 114 |  Time(s) 0.0134 | RobustPrompt-T Loss 0.4652  
Epoch 115 |  Time(s) 0.0136 | RobustPrompt-T Loss 0.5569  
Epoch 116 |  Time(s) 0.0133 | RobustPrompt-T Loss 0.2647  
Epoch 117 |  Time(s) 0.0136 | RobustPrompt-T Loss 0.4840  
Epoch 118 |  Time(s) 0.0134 | RobustPrompt-T Loss 0.4589  
Epoch 119 |  Time(s) 0.0135 | RobustPrompt-T Loss 0.2699  
Epoch 120 |  Time(s) 0.0134 | RobustPrompt-T Loss 0.4060  
Epoch 121 |  Time(s) 0.0135 | RobustPrompt-T Loss 0.2723  
Epoch 122 |  Time(s) 0.0135 | RobustPrompt-T Loss 0.4262  
Epoch 123 |  Time(s) 0.0136 | RobustPrompt-T Loss 0.5047  
Epoch 124 |  Time(s) 0.0135 | RobustPrompt-T Loss 0.2472  
Epoch 125 |  Time(s) 0.0136 | RobustPrompt-T Loss 0.5871  
Epoch 126 |  Time(s) 0.0134 | RobustPrompt-T Loss 0.7270  
Epoch 127 |  Time(s) 0.0136 | RobustPrompt-T Loss 0.2967  
Epoch 128 |  Time(s) 0.0135 | RobustPrompt-T Loss 0.5023  
Epoch 129 |  Time(s) 0.0135 | RobustPrompt-T Loss 0.8116  
Epoch 130 |  Time(s) 0.0135 | RobustPrompt-T Loss 0.5127  
Epoch 131 |  Time(s) 0.0136 | RobustPrompt-T Loss 0.2463  
Epoch 132 |  Time(s) 0.0134 | RobustPrompt-T Loss 0.5304  
Epoch 133 |  Time(s) 0.0136 | RobustPrompt-T Loss 0.5257  
Epoch 134 |  Time(s) 0.0134 | RobustPrompt-T Loss 0.2597  
Epoch 135 |  Time(s) 0.0136 | RobustPrompt-T Loss 0.4249  
Epoch 136 |  Time(s) 0.0134 | RobustPrompt-T Loss 0.5240  
Epoch 137 |  Time(s) 0.0136 | RobustPrompt-T Loss 0.2656  
Epoch 138 |  Time(s) 0.0135 | RobustPrompt-T Loss 0.3229  
Epoch 139 |  Time(s) 0.0136 | RobustPrompt-T Loss 0.4695  
Epoch 140 |  Time(s) 0.0134 | RobustPrompt-T Loss 0.2520  
Epoch 141 |  Time(s) 0.0135 | RobustPrompt-T Loss 0.3501  
Epoch 142 |  Time(s) 0.0134 | RobustPrompt-T Loss 0.4696  
Epoch 143 |  Time(s) 0.0135 | RobustPrompt-T Loss 0.2911  
Epoch 144 |  Time(s) 0.0134 | RobustPrompt-T Loss 0.2676  
Epoch 145 |  Time(s) 0.0136 | RobustPrompt-T Loss 0.3571  
Epoch 146 |  Time(s) 0.0135 | RobustPrompt-T Loss 0.2208  
Epoch 147 |  Time(s) 0.0135 | RobustPrompt-T Loss 0.2857  
Epoch 148 |  Time(s) 0.0133 | RobustPrompt-T Loss 0.4550  
Epoch 149 |  Time(s) 0.0137 | RobustPrompt-T Loss 0.3474  
Epoch 150 |  Time(s) 0.0135 | RobustPrompt-T Loss 0.1746  
Epoch 151 |  Time(s) 0.0135 | RobustPrompt-T Loss 0.3336  
Epoch 152 |  Time(s) 0.0134 | RobustPrompt-T Loss 0.3379  
Epoch 153 |  Time(s) 0.0135 | RobustPrompt-T Loss 0.1767  
Epoch 154 |  Time(s) 0.0135 | RobustPrompt-T Loss 0.2615  
Epoch 155 |  Time(s) 0.0136 | RobustPrompt-T Loss 0.2958  
Epoch 156 |  Time(s) 0.0135 | RobustPrompt-T Loss 0.1631  
Epoch 157 |  Time(s) 0.0136 | RobustPrompt-T Loss 0.2410  
Epoch 158 |  Time(s) 0.0134 | RobustPrompt-T Loss 0.3472  
Epoch 159 |  Time(s) 0.0136 | RobustPrompt-T Loss 0.1988  
Epoch 160 |  Time(s) 0.0135 | RobustPrompt-T Loss 0.2041  
Epoch 161 |  Time(s) 0.0136 | RobustPrompt-T Loss 0.2612  
Epoch 162 |  Time(s) 0.0135 | RobustPrompt-T Loss 0.1871  
Epoch 163 |  Time(s) 0.0135 | RobustPrompt-T Loss 0.1463  
Epoch 164 |  Time(s) 0.0133 | RobustPrompt-T Loss 0.1814  
Epoch 165 |  Time(s) 0.0136 | RobustPrompt-T Loss 0.1357  
Epoch 166 |  Time(s) 0.0135 | RobustPrompt-T Loss 0.1390  
Epoch 167 |  Time(s) 0.0135 | RobustPrompt-T Loss 0.1476  
Epoch 168 |  Time(s) 0.0135 | RobustPrompt-T Loss 0.1200  
Epoch 169 |  Time(s) 0.0135 | RobustPrompt-T Loss 0.1317  
Epoch 170 |  Time(s) 0.0135 | RobustPrompt-T Loss 0.1147  
Epoch 171 |  Time(s) 0.0136 | RobustPrompt-T Loss 0.1127  
Epoch 172 |  Time(s) 0.0134 | RobustPrompt-T Loss 0.0947  
Epoch 173 |  Time(s) 0.0136 | RobustPrompt-T Loss 0.1146  
Epoch 174 |  Time(s) 0.0135 | RobustPrompt-T Loss 0.1039  
Epoch 175 |  Time(s) 0.0136 | RobustPrompt-T Loss 0.0893  
Epoch 176 |  Time(s) 0.0135 | RobustPrompt-T Loss 0.1105  
Epoch 177 |  Time(s) 0.0136 | RobustPrompt-T Loss 0.0778  
Epoch 178 |  Time(s) 0.0135 | RobustPrompt-T Loss 0.0904  
Epoch 179 |  Time(s) 0.0135 | RobustPrompt-T Loss 0.0858  
Epoch 180 |  Time(s) 0.0134 | RobustPrompt-T Loss 0.0789  
Epoch 181 |  Time(s) 0.0135 | RobustPrompt-T Loss 0.0756  
Epoch 182 |  Time(s) 0.0135 | RobustPrompt-T Loss 0.0702  
Epoch 183 |  Time(s) 0.0136 | RobustPrompt-T Loss 0.0850  
Epoch 184 |  Time(s) 0.0134 | RobustPrompt-T Loss 0.0725  
Epoch 185 |  Time(s) 0.0136 | RobustPrompt-T Loss 0.0727  
Epoch 186 |  Time(s) 0.0138 | RobustPrompt-T Loss 0.0867  
Epoch 187 |  Time(s) 0.0136 | RobustPrompt-T Loss 0.0592  
Epoch 188 |  Time(s) 0.0137 | RobustPrompt-T Loss 0.0729  
Epoch 189 |  Time(s) 0.0133 | RobustPrompt-T Loss 0.0620  
Epoch 190 |  Time(s) 0.0136 | RobustPrompt-T Loss 0.0715  
Epoch 191 |  Time(s) 0.0134 | RobustPrompt-T Loss 0.0553  
Epoch 192 |  Time(s) 0.0135 | RobustPrompt-T Loss 0.0646  
Epoch 193 |  Time(s) 0.0134 | RobustPrompt-T Loss 0.0653  
Epoch 194 |  Time(s) 0.0136 | RobustPrompt-T Loss 0.0606  
Epoch 195 |  Time(s) 0.0134 | RobustPrompt-T Loss 0.0624  
Epoch 196 |  Time(s) 0.0136 | RobustPrompt-T Loss 0.0519  
Epoch 197 |  Time(s) 0.0136 | RobustPrompt-T Loss 0.0660  
Epoch 198 |  Time(s) 0.0135 | RobustPrompt-T Loss 0.0488  
Epoch 199 |  Time(s) 0.0135 | RobustPrompt-T Loss 0.0577  
Epoch 200 |  Time(s) 0.0135 | RobustPrompt-T Loss 0.0575  
Final True Accuracy: 0.1042 | Macro F1 Score: 0.0722
Edge Detection Detail | source=filter_module | active=0 | n_edges=6388 | n_pos=1218 | n_neg=5170 | pos_rate=0.1907 | pred_pos=6286 | pred_pos_rate=0.9840 | tp=1212 | fp=5074 | fn=6 | tn=96 | precision=0.1928 | recall=0.9951 | f1=0.3230 | auc=0.8410 | ap=0.5361 | best_f1=0.6397 | best_threshold=0.9572 | best_precision=0.5983 | best_recall=0.6872 | best_pred_pos_rate=0.2190 | precision_at_k_pos=0.5895 | recall_at_k_pos=0.5895 | all_positive_f1=0.3203 | current_f1_minus_all_positive_f1=0.0028 | hard_mask_all_positive_like=0 | mode=original
Edge Detection Detail | source=tau_tune | active=1 | n_edges=6388 | n_pos=1218 | n_neg=5170 | pos_rate=0.1907 | pred_pos=72 | pred_pos_rate=0.0113 | tp=47 | fp=25 | fn=1171 | tn=5145 | precision=0.6528 | recall=0.0386 | f1=0.0729 | auc=0.6503 | ap=0.3292 | best_f1=0.3722 | best_threshold=0.0698 | best_precision=0.2961 | best_recall=0.5008 | best_pred_pos_rate=0.3225 | precision_at_k_pos=0.3456 | recall_at_k_pos=0.3456 | all_positive_f1=0.3203 | current_f1_minus_all_positive_f1=-0.2474 | hard_mask_all_positive_like=0
Tip Detection | tip=sim_pt | active=1 | node_precision=0.3301 | node_recall=0.3371 | node_f1=0.3335 | edge_precision=0.2419 | edge_recall=0.9926 | edge_f1=0.3891 | edge_auc=0.6300 | node_tp=270 | node_fp=548 | node_fn=531 | edge_tp=1209 | edge_fp=3788 | edge_fn=9
Edge Detection Detail | source=sim_pt | active=1 | n_edges=6388 | n_pos=1218 | n_neg=5170 | pos_rate=0.1907 | pred_pos=4997 | pred_pos_rate=0.7822 | tp=1209 | fp=3788 | fn=9 | tn=1382 | precision=0.2419 | recall=0.9926 | f1=0.3891 | auc=0.6300 | ap=0.2416 | best_f1=nan | best_threshold=nan | best_precision=nan | best_recall=nan | best_pred_pos_rate=nan | precision_at_k_pos=nan | recall_at_k_pos=nan | all_positive_f1=0.3203 | current_f1_minus_all_positive_f1=0.0688 | hard_mask_all_positive_like=0
Tip Detection | tip=degree_pt | active=0 | node_precision=0.0000 | node_recall=0.0000 | node_f1=0.0000 | edge_precision=0.0000 | edge_recall=0.0000 | edge_f1=0.0000 | edge_auc=0.5000 | node_tp=0 | node_fp=0 | node_fn=801 | edge_tp=0 | edge_fp=0 | edge_fn=1218
Edge Detection Detail | source=degree_pt | active=0 | n_edges=6388 | n_pos=1218 | n_neg=5170 | pos_rate=0.1907 | pred_pos=0 | pred_pos_rate=0.0000 | tp=0 | fp=0 | fn=1218 | tn=5170 | precision=0.0000 | recall=0.0000 | f1=0.0000 | auc=0.5000 | ap=0.1907 | best_f1=nan | best_threshold=nan | best_precision=nan | best_recall=nan | best_pred_pos_rate=nan | precision_at_k_pos=nan | recall_at_k_pos=nan | all_positive_f1=0.3203 | current_f1_minus_all_positive_f1=-0.3203 | hard_mask_all_positive_like=0
Tip Detection | tip=out_detect_pt | active=1 | node_precision=0.2962 | node_recall=1.0000 | node_f1=0.4571 | edge_precision=0.1907 | edge_recall=1.0000 | edge_f1=0.3203 | edge_auc=0.5000 | node_tp=801 | node_fp=1903 | node_fn=0 | edge_tp=1218 | edge_fp=5170 | edge_fn=0
Edge Detection Detail | source=out_detect_pt | active=1 | n_edges=6388 | n_pos=1218 | n_neg=5170 | pos_rate=0.1907 | pred_pos=6287 | pred_pos_rate=0.9842 | tp=1212 | fp=5075 | fn=6 | tn=95 | precision=0.1928 | recall=0.9951 | f1=0.3230 | auc=0.8410 | ap=0.5361 | best_f1=0.6397 | best_threshold=0.9572 | best_precision=0.5983 | best_recall=0.6872 | best_pred_pos_rate=0.2190 | precision_at_k_pos=0.5895 | recall_at_k_pos=0.5895 | all_positive_f1=0.3203 | current_f1_minus_all_positive_f1=0.0027 | hard_mask_all_positive_like=0
best_loss [tensor(0.0575, device='cuda:0', grad_fn=<AddBackward0>)]
load LLC or attacked data with specified split
Successfully loaded the attack of dataname with few shot 5, split 1
Attack method : Meta_Self | Attack ptb : 0.2 | Dataset: Cora
======================
Number of graphs: 1
Number of features: 1433
Number of classes: 7

Data(x=[2708, 1433], edge_index=[2, 15484], y=[2708], train_mask=[2708], val_mask=[2708], test_mask=[2708])
===========================================================================================================
Number of nodes: 2708
Number of edges: 15484
Average node degree: 5.72
Has isolated nodes: False
Has self-loops: True
Is undirected: True
Pollution Diff | added_edges=1218 | deleted_edges=108 | clean_edges=5278 | attack_edges=6388
GCN(
  (conv_layers): ModuleList(
    (0): GCNConv(1433, 256)
    (1): GCNConv(256, 256)
  )
)
Successfully loaded pre-trained weights!
use RobustPrompt Tranductive
defense pt dict :  {'sim_pt': 0.3, 'degree_pt': -1, 'out_detect_pt': 0.5, 'other_pt': 'all'}
use_attention :  False
cosine_constraint :  True
pt_threshold :  0.5
filter_module :  OriginalFilter
temperature :  1.0
weight_mse 0.1
weight_kl :  0.3
weight_constraint :  0.2
run RobustPrompt-T
Epoch 001 |  Time(s) 0.0131 | RobustPrompt-T Loss 1.9464  
Epoch 002 |  Time(s) 0.0131 | RobustPrompt-T Loss 1.9502  
Epoch 003 |  Time(s) 0.0132 | RobustPrompt-T Loss 1.9287  
Epoch 004 |  Time(s) 0.0131 | RobustPrompt-T Loss 1.9192  
Epoch 005 |  Time(s) 0.0131 | RobustPrompt-T Loss 1.9041  
Epoch 006 |  Time(s) 0.0135 | RobustPrompt-T Loss 1.9006  
Epoch 007 |  Time(s) 0.0133 | RobustPrompt-T Loss 1.8741  
Epoch 008 |  Time(s) 0.0133 | RobustPrompt-T Loss 1.8631  
Epoch 009 |  Time(s) 0.0134 | RobustPrompt-T Loss 1.8687  
Epoch 010 |  Time(s) 0.0133 | RobustPrompt-T Loss 1.8364  
Epoch 011 |  Time(s) 0.0133 | RobustPrompt-T Loss 1.7984  
Epoch 012 |  Time(s) 0.0134 | RobustPrompt-T Loss 1.7753  
Epoch 013 |  Time(s) 0.0134 | RobustPrompt-T Loss 1.7754  
Epoch 014 |  Time(s) 0.0136 | RobustPrompt-T Loss 1.7336  
Epoch 015 |  Time(s) 0.0136 | RobustPrompt-T Loss 1.6938  
Epoch 016 |  Time(s) 0.0137 | RobustPrompt-T Loss 1.6970  
Epoch 017 |  Time(s) 0.0134 | RobustPrompt-T Loss 1.7250  
Epoch 018 |  Time(s) 0.0138 | RobustPrompt-T Loss 1.6971  
Epoch 019 |  Time(s) 0.0139 | RobustPrompt-T Loss 1.6419  
Epoch 020 |  Time(s) 0.0134 | RobustPrompt-T Loss 1.7063  
Epoch 021 |  Time(s) 0.0134 | RobustPrompt-T Loss 1.6682  
Epoch 022 |  Time(s) 0.0135 | RobustPrompt-T Loss 1.6722  
Epoch 023 |  Time(s) 0.0138 | RobustPrompt-T Loss 1.6323  
Epoch 024 |  Time(s) 0.0137 | RobustPrompt-T Loss 1.6078  
Epoch 025 |  Time(s) 0.0137 | RobustPrompt-T Loss 1.6553  
Epoch 026 |  Time(s) 0.0136 | RobustPrompt-T Loss 1.6321  
Epoch 027 |  Time(s) 0.0138 | RobustPrompt-T Loss 1.6269  
Epoch 028 |  Time(s) 0.0139 | RobustPrompt-T Loss 1.6003  
Epoch 029 |  Time(s) 0.0134 | RobustPrompt-T Loss 1.5570  
Epoch 030 |  Time(s) 0.0138 | RobustPrompt-T Loss 1.5975  
Epoch 031 |  Time(s) 0.0138 | RobustPrompt-T Loss 1.5320  
Epoch 032 |  Time(s) 0.0138 | RobustPrompt-T Loss 1.5017  
Epoch 033 |  Time(s) 0.0136 | RobustPrompt-T Loss 1.5598  
Epoch 034 |  Time(s) 0.0137 | RobustPrompt-T Loss 1.4688  
Epoch 035 |  Time(s) 0.0138 | RobustPrompt-T Loss 1.4803  
Epoch 036 |  Time(s) 0.0136 | RobustPrompt-T Loss 1.4863  
Epoch 037 |  Time(s) 0.0138 | RobustPrompt-T Loss 1.3776  
Epoch 038 |  Time(s) 0.0137 | RobustPrompt-T Loss 1.4578  
Epoch 039 |  Time(s) 0.0135 | RobustPrompt-T Loss 1.3101  
Epoch 040 |  Time(s) 0.0137 | RobustPrompt-T Loss 1.4637  
Epoch 041 |  Time(s) 0.0139 | RobustPrompt-T Loss 1.2907  
Epoch 042 |  Time(s) 0.0139 | RobustPrompt-T Loss 1.5694  
Epoch 043 |  Time(s) 0.0135 | RobustPrompt-T Loss 1.5433  
Epoch 044 |  Time(s) 0.0137 | RobustPrompt-T Loss 1.1691  
Epoch 045 |  Time(s) 0.0139 | RobustPrompt-T Loss 1.4386  
Epoch 046 |  Time(s) 0.0135 | RobustPrompt-T Loss 1.2358  
Epoch 047 |  Time(s) 0.0136 | RobustPrompt-T Loss 1.2716  
Epoch 048 |  Time(s) 0.0139 | RobustPrompt-T Loss 1.3551  
Epoch 049 |  Time(s) 0.0136 | RobustPrompt-T Loss 1.1035  
Epoch 050 |  Time(s) 0.0137 | RobustPrompt-T Loss 1.3624  
Epoch 051 |  Time(s) 0.0137 | RobustPrompt-T Loss 1.2922  
Epoch 052 |  Time(s) 0.0140 | RobustPrompt-T Loss 1.0370  
Epoch 053 |  Time(s) 0.0136 | RobustPrompt-T Loss 1.1510  
Epoch 054 |  Time(s) 0.0137 | RobustPrompt-T Loss 1.0332  
Epoch 055 |  Time(s) 0.0137 | RobustPrompt-T Loss 1.1870  
Epoch 056 |  Time(s) 0.0135 | RobustPrompt-T Loss 1.1177  
Epoch 057 |  Time(s) 0.0138 | RobustPrompt-T Loss 1.0055  
Epoch 058 |  Time(s) 0.0138 | RobustPrompt-T Loss 0.9916  
Epoch 059 |  Time(s) 0.0135 | RobustPrompt-T Loss 1.0052  
Epoch 060 |  Time(s) 0.0136 | RobustPrompt-T Loss 0.9344  
Epoch 061 |  Time(s) 0.0134 | RobustPrompt-T Loss 1.0189  
Epoch 062 |  Time(s) 0.0137 | RobustPrompt-T Loss 0.9132  
Epoch 063 |  Time(s) 0.0133 | RobustPrompt-T Loss 1.0242  
Epoch 064 |  Time(s) 0.0137 | RobustPrompt-T Loss 0.9791  
Epoch 065 |  Time(s) 0.0138 | RobustPrompt-T Loss 0.9003  
Epoch 066 |  Time(s) 0.0136 | RobustPrompt-T Loss 0.9326  
Epoch 067 |  Time(s) 0.0136 | RobustPrompt-T Loss 0.8587  
Epoch 068 |  Time(s) 0.0139 | RobustPrompt-T Loss 0.8095  
Epoch 069 |  Time(s) 0.0136 | RobustPrompt-T Loss 0.9123  
Epoch 070 |  Time(s) 0.0136 | RobustPrompt-T Loss 0.8958  
Epoch 071 |  Time(s) 0.0138 | RobustPrompt-T Loss 0.7726  
Epoch 072 |  Time(s) 0.0136 | RobustPrompt-T Loss 0.7725  
Epoch 073 |  Time(s) 0.0135 | RobustPrompt-T Loss 0.8047  
Epoch 074 |  Time(s) 0.0135 | RobustPrompt-T Loss 0.7323  
Epoch 075 |  Time(s) 0.0137 | RobustPrompt-T Loss 0.8272  
Epoch 076 |  Time(s) 0.0138 | RobustPrompt-T Loss 0.7656  
Epoch 077 |  Time(s) 0.0135 | RobustPrompt-T Loss 0.7761  
Epoch 078 |  Time(s) 0.0138 | RobustPrompt-T Loss 0.8018  
Epoch 079 |  Time(s) 0.0138 | RobustPrompt-T Loss 0.6774  
Epoch 080 |  Time(s) 0.0138 | RobustPrompt-T Loss 0.6670  
Epoch 081 |  Time(s) 0.0136 | RobustPrompt-T Loss 0.7318  
Epoch 082 |  Time(s) 0.0137 | RobustPrompt-T Loss 0.6924  
Epoch 083 |  Time(s) 0.0137 | RobustPrompt-T Loss 0.6864  
Epoch 084 |  Time(s) 0.0135 | RobustPrompt-T Loss 0.6801  
Epoch 085 |  Time(s) 0.0133 | RobustPrompt-T Loss 0.6707  
Epoch 086 |  Time(s) 0.0138 | RobustPrompt-T Loss 0.6212  
Epoch 087 |  Time(s) 0.0137 | RobustPrompt-T Loss 0.6902  
Epoch 088 |  Time(s) 0.0138 | RobustPrompt-T Loss 0.6700  
Epoch 089 |  Time(s) 0.0140 | RobustPrompt-T Loss 0.6032  
Epoch 090 |  Time(s) 0.0136 | RobustPrompt-T Loss 0.6005  
Epoch 091 |  Time(s) 0.0137 | RobustPrompt-T Loss 0.6317  
Epoch 092 |  Time(s) 0.0138 | RobustPrompt-T Loss 0.6042  
Epoch 093 |  Time(s) 0.0140 | RobustPrompt-T Loss 0.5926  
Epoch 094 |  Time(s) 0.0139 | RobustPrompt-T Loss 0.5849  
Epoch 095 |  Time(s) 0.0136 | RobustPrompt-T Loss 0.5782  
Epoch 096 |  Time(s) 0.0137 | RobustPrompt-T Loss 0.5541  
Epoch 097 |  Time(s) 0.0137 | RobustPrompt-T Loss 0.6148  
Epoch 098 |  Time(s) 0.0139 | RobustPrompt-T Loss 0.5894  
Epoch 099 |  Time(s) 0.0137 | RobustPrompt-T Loss 0.5328  
Epoch 100 |  Time(s) 0.0138 | RobustPrompt-T Loss 0.5225  
Epoch 101 |  Time(s) 0.0137 | RobustPrompt-T Loss 0.6102  
Epoch 102 |  Time(s) 0.0139 | RobustPrompt-T Loss 0.5905  
Epoch 103 |  Time(s) 0.0136 | RobustPrompt-T Loss 0.5012  
Epoch 104 |  Time(s) 0.0139 | RobustPrompt-T Loss 0.4971  
Epoch 105 |  Time(s) 0.0136 | RobustPrompt-T Loss 0.5765  
Epoch 106 |  Time(s) 0.0135 | RobustPrompt-T Loss 0.5507  
Epoch 107 |  Time(s) 0.0138 | RobustPrompt-T Loss 0.4955  
Epoch 108 |  Time(s) 0.0138 | RobustPrompt-T Loss 0.4814  
Epoch 109 |  Time(s) 0.0135 | RobustPrompt-T Loss 0.5434  
Epoch 110 |  Time(s) 0.0136 | RobustPrompt-T Loss 0.5224  
Epoch 111 |  Time(s) 0.0139 | RobustPrompt-T Loss 0.4772  
Epoch 112 |  Time(s) 0.0136 | RobustPrompt-T Loss 0.4608  
Epoch 113 |  Time(s) 0.0137 | RobustPrompt-T Loss 0.5192  
Epoch 114 |  Time(s) 0.0138 | RobustPrompt-T Loss 0.5017  
Epoch 115 |  Time(s) 0.0134 | RobustPrompt-T Loss 0.4539  
Epoch 116 |  Time(s) 0.0136 | RobustPrompt-T Loss 0.4540  
Epoch 117 |  Time(s) 0.0134 | RobustPrompt-T Loss 0.5036  
Epoch 118 |  Time(s) 0.0137 | RobustPrompt-T Loss 0.4876  
Epoch 119 |  Time(s) 0.0135 | RobustPrompt-T Loss 0.4262  
Epoch 120 |  Time(s) 0.0136 | RobustPrompt-T Loss 0.4374  
Epoch 121 |  Time(s) 0.0135 | RobustPrompt-T Loss 0.4827  
Epoch 122 |  Time(s) 0.0137 | RobustPrompt-T Loss 0.4696  
Epoch 123 |  Time(s) 0.0137 | RobustPrompt-T Loss 0.4229  
Epoch 124 |  Time(s) 0.0135 | RobustPrompt-T Loss 0.4449  
Epoch 125 |  Time(s) 0.0136 | RobustPrompt-T Loss 0.4574  
Epoch 126 |  Time(s) 0.0135 | RobustPrompt-T Loss 0.4463  
Epoch 127 |  Time(s) 0.0136 | RobustPrompt-T Loss 0.4261  
Epoch 128 |  Time(s) 0.0134 | RobustPrompt-T Loss 0.4339  
Epoch 129 |  Time(s) 0.0136 | RobustPrompt-T Loss 0.4345  
Epoch 130 |  Time(s) 0.0135 | RobustPrompt-T Loss 0.4163  
Epoch 131 |  Time(s) 0.0136 | RobustPrompt-T Loss 0.4300  
Epoch 132 |  Time(s) 0.0139 | RobustPrompt-T Loss 0.4364  
Epoch 133 |  Time(s) 0.0135 | RobustPrompt-T Loss 0.4055  
Epoch 134 |  Time(s) 0.0135 | RobustPrompt-T Loss 0.3958  
Epoch 135 |  Time(s) 0.0135 | RobustPrompt-T Loss 0.4282  
Epoch 136 |  Time(s) 0.0136 | RobustPrompt-T Loss 0.4243  
Epoch 137 |  Time(s) 0.0135 | RobustPrompt-T Loss 0.3944  
Epoch 138 |  Time(s) 0.0135 | RobustPrompt-T Loss 0.3969  
Epoch 139 |  Time(s) 0.0134 | RobustPrompt-T Loss 0.4229  
Epoch 140 |  Time(s) 0.0137 | RobustPrompt-T Loss 0.3870  
Epoch 141 |  Time(s) 0.0137 | RobustPrompt-T Loss 0.3968  
Epoch 142 |  Time(s) 0.0135 | RobustPrompt-T Loss 0.3767  
Epoch 143 |  Time(s) 0.0137 | RobustPrompt-T Loss 0.3724  
Epoch 144 |  Time(s) 0.0138 | RobustPrompt-T Loss 0.3661  
Epoch 145 |  Time(s) 0.0135 | RobustPrompt-T Loss 0.3707  
Epoch 146 |  Time(s) 0.0136 | RobustPrompt-T Loss 0.3574  
Epoch 147 |  Time(s) 0.0134 | RobustPrompt-T Loss 0.4095  
Epoch 148 |  Time(s) 0.0135 | RobustPrompt-T Loss 0.4452  
Epoch 149 |  Time(s) 0.0135 | RobustPrompt-T Loss 0.3244  
Epoch 150 |  Time(s) 0.0136 | RobustPrompt-T Loss 0.3987  
Epoch 151 |  Time(s) 0.0135 | RobustPrompt-T Loss 0.3955  
Epoch 152 |  Time(s) 0.0136 | RobustPrompt-T Loss 0.3847  
Epoch 153 |  Time(s) 0.0134 | RobustPrompt-T Loss 0.4447  
Epoch 154 |  Time(s) 0.0136 | RobustPrompt-T Loss 0.3358  
Epoch 155 |  Time(s) 0.0135 | RobustPrompt-T Loss 0.3679  
Epoch 156 |  Time(s) 0.0136 | RobustPrompt-T Loss 0.5114  
Epoch 157 |  Time(s) 0.0134 | RobustPrompt-T Loss 0.4715  
Epoch 158 |  Time(s) 0.0136 | RobustPrompt-T Loss 0.3011  
Epoch 159 |  Time(s) 0.0138 | RobustPrompt-T Loss 0.4169  
Epoch 160 |  Time(s) 0.0135 | RobustPrompt-T Loss 0.4270  
Epoch 161 |  Time(s) 0.0138 | RobustPrompt-T Loss 0.2934  
Epoch 162 |  Time(s) 0.0138 | RobustPrompt-T Loss 0.3421  
Epoch 163 |  Time(s) 0.0135 | RobustPrompt-T Loss 0.2952  
Epoch 164 |  Time(s) 0.0136 | RobustPrompt-T Loss 0.2891  
Epoch 165 |  Time(s) 0.0139 | RobustPrompt-T Loss 0.2728  
Epoch 166 |  Time(s) 0.0136 | RobustPrompt-T Loss 0.3001  
Epoch 167 |  Time(s) 0.0138 | RobustPrompt-T Loss 0.2630  
Epoch 168 |  Time(s) 0.0135 | RobustPrompt-T Loss 0.3592  
Epoch 169 |  Time(s) 0.0134 | RobustPrompt-T Loss 0.3464  
Epoch 170 |  Time(s) 0.0139 | RobustPrompt-T Loss 0.2485  
Epoch 171 |  Time(s) 0.0135 | RobustPrompt-T Loss 0.2829  
Epoch 172 |  Time(s) 0.0136 | RobustPrompt-T Loss 0.2385  
Epoch 173 |  Time(s) 0.0138 | RobustPrompt-T Loss 0.2493  
Epoch 174 |  Time(s) 0.0136 | RobustPrompt-T Loss 0.2417  
Epoch 175 |  Time(s) 0.0137 | RobustPrompt-T Loss 0.2272  
Epoch 176 |  Time(s) 0.0138 | RobustPrompt-T Loss 0.2334  
Epoch 177 |  Time(s) 0.0135 | RobustPrompt-T Loss 0.2326  
Epoch 178 |  Time(s) 0.0138 | RobustPrompt-T Loss 0.2227  
Epoch 179 |  Time(s) 0.0138 | RobustPrompt-T Loss 0.2149  
Epoch 180 |  Time(s) 0.0138 | RobustPrompt-T Loss 0.2198  
Epoch 181 |  Time(s) 0.0136 | RobustPrompt-T Loss 0.2169  
Epoch 182 |  Time(s) 0.0137 | RobustPrompt-T Loss 0.2035  
Epoch 183 |  Time(s) 0.0137 | RobustPrompt-T Loss 0.2039  
Epoch 184 |  Time(s) 0.0136 | RobustPrompt-T Loss 0.1996  
Epoch 185 |  Time(s) 0.0137 | RobustPrompt-T Loss 0.1925  
Epoch 186 |  Time(s) 0.0137 | RobustPrompt-T Loss 0.1935  
Epoch 187 |  Time(s) 0.0135 | RobustPrompt-T Loss 0.1904  
Epoch 188 |  Time(s) 0.0138 | RobustPrompt-T Loss 0.1841  
Epoch 189 |  Time(s) 0.0138 | RobustPrompt-T Loss 0.1788  
Epoch 190 |  Time(s) 0.0140 | RobustPrompt-T Loss 0.1786  
Epoch 191 |  Time(s) 0.0140 | RobustPrompt-T Loss 0.1741  
Epoch 192 |  Time(s) 0.0137 | RobustPrompt-T Loss 0.1726  
Epoch 193 |  Time(s) 0.0134 | RobustPrompt-T Loss 0.1672  
Epoch 194 |  Time(s) 0.0135 | RobustPrompt-T Loss 0.1627  
Epoch 195 |  Time(s) 0.0138 | RobustPrompt-T Loss 0.1607  
Epoch 196 |  Time(s) 0.0137 | RobustPrompt-T Loss 0.1561  
Epoch 197 |  Time(s) 0.0138 | RobustPrompt-T Loss 0.1520  
Epoch 198 |  Time(s) 0.0136 | RobustPrompt-T Loss 0.1495  
Epoch 199 |  Time(s) 0.0138 | RobustPrompt-T Loss 0.1460  
Epoch 200 |  Time(s) 0.0138 | RobustPrompt-T Loss 0.1409  
Final True Accuracy: 0.1080 | Macro F1 Score: 0.0758
Edge Detection Detail | source=filter_module | active=0 | n_edges=6388 | n_pos=1218 | n_neg=5170 | pos_rate=0.1907 | pred_pos=6286 | pred_pos_rate=0.9840 | tp=1212 | fp=5074 | fn=6 | tn=96 | precision=0.1928 | recall=0.9951 | f1=0.3230 | auc=0.8410 | ap=0.5361 | best_f1=0.6397 | best_threshold=0.9572 | best_precision=0.5983 | best_recall=0.6872 | best_pred_pos_rate=0.2190 | precision_at_k_pos=0.5895 | recall_at_k_pos=0.5895 | all_positive_f1=0.3203 | current_f1_minus_all_positive_f1=0.0028 | hard_mask_all_positive_like=0 | mode=original
Edge Detection Detail | source=tau_tune | active=1 | n_edges=6388 | n_pos=1218 | n_neg=5170 | pos_rate=0.1907 | pred_pos=77 | pred_pos_rate=0.0121 | tp=37 | fp=40 | fn=1181 | tn=5130 | precision=0.4805 | recall=0.0304 | f1=0.0571 | auc=0.6279 | ap=0.2951 | best_f1=0.3646 | best_threshold=0.0510 | best_precision=0.2642 | best_recall=0.5878 | best_pred_pos_rate=0.4242 | precision_at_k_pos=0.3112 | recall_at_k_pos=0.3112 | all_positive_f1=0.3203 | current_f1_minus_all_positive_f1=-0.2631 | hard_mask_all_positive_like=0
Tip Detection | tip=sim_pt | active=1 | node_precision=0.3301 | node_recall=0.3371 | node_f1=0.3335 | edge_precision=0.2419 | edge_recall=0.9926 | edge_f1=0.3891 | edge_auc=0.6300 | node_tp=270 | node_fp=548 | node_fn=531 | edge_tp=1209 | edge_fp=3788 | edge_fn=9
Edge Detection Detail | source=sim_pt | active=1 | n_edges=6388 | n_pos=1218 | n_neg=5170 | pos_rate=0.1907 | pred_pos=4997 | pred_pos_rate=0.7822 | tp=1209 | fp=3788 | fn=9 | tn=1382 | precision=0.2419 | recall=0.9926 | f1=0.3891 | auc=0.6300 | ap=0.2416 | best_f1=nan | best_threshold=nan | best_precision=nan | best_recall=nan | best_pred_pos_rate=nan | precision_at_k_pos=nan | recall_at_k_pos=nan | all_positive_f1=0.3203 | current_f1_minus_all_positive_f1=0.0688 | hard_mask_all_positive_like=0
Tip Detection | tip=degree_pt | active=0 | node_precision=0.0000 | node_recall=0.0000 | node_f1=0.0000 | edge_precision=0.0000 | edge_recall=0.0000 | edge_f1=0.0000 | edge_auc=0.5000 | node_tp=0 | node_fp=0 | node_fn=801 | edge_tp=0 | edge_fp=0 | edge_fn=1218
Edge Detection Detail | source=degree_pt | active=0 | n_edges=6388 | n_pos=1218 | n_neg=5170 | pos_rate=0.1907 | pred_pos=0 | pred_pos_rate=0.0000 | tp=0 | fp=0 | fn=1218 | tn=5170 | precision=0.0000 | recall=0.0000 | f1=0.0000 | auc=0.5000 | ap=0.1907 | best_f1=nan | best_threshold=nan | best_precision=nan | best_recall=nan | best_pred_pos_rate=nan | precision_at_k_pos=nan | recall_at_k_pos=nan | all_positive_f1=0.3203 | current_f1_minus_all_positive_f1=-0.3203 | hard_mask_all_positive_like=0
Tip Detection | tip=out_detect_pt | active=1 | node_precision=0.2962 | node_recall=1.0000 | node_f1=0.4571 | edge_precision=0.1907 | edge_recall=1.0000 | edge_f1=0.3203 | edge_auc=0.5000 | node_tp=801 | node_fp=1903 | node_fn=0 | edge_tp=1218 | edge_fp=5170 | edge_fn=0
Edge Detection Detail | source=out_detect_pt | active=1 | n_edges=6388 | n_pos=1218 | n_neg=5170 | pos_rate=0.1907 | pred_pos=6287 | pred_pos_rate=0.9842 | tp=1212 | fp=5075 | fn=6 | tn=95 | precision=0.1928 | recall=0.9951 | f1=0.3230 | auc=0.8410 | ap=0.5361 | best_f1=0.6397 | best_threshold=0.9572 | best_precision=0.5983 | best_recall=0.6872 | best_pred_pos_rate=0.2190 | precision_at_k_pos=0.5895 | recall_at_k_pos=0.5895 | all_positive_f1=0.3203 | current_f1_minus_all_positive_f1=0.0027 | hard_mask_all_positive_like=0
best_loss [tensor(0.1409, device='cuda:0', grad_fn=<AddBackward0>)]
{1: {1: 0.08679401874542236}, 2: {1: 0.10340531915426254}, 3: {1: 0.08014950156211853}, 4: {1: 0.10423588007688522}, 5: {1: 0.10797341912984848}}
{1: {1: 0.08679401874542236, 2: 0.10340531915426254, 3: 0.08014950156211853, 4: 0.10423588007688522, 5: 0.10797341912984848}}
########################################################################################
seed: 1 | split 1 : 0.08679401874542236
# Seed 1 Muti Split Final Acc: 0.0868±0.0000
seed: 2 | split 1 : 0.10340531915426254
# Seed 2 Muti Split Final Acc: 0.1034±0.0000
seed: 3 | split 1 : 0.08014950156211853
# Seed 3 Muti Split Final Acc: 0.0801±0.0000
seed: 4 | split 1 : 0.10423588007688522
# Seed 4 Muti Split Final Acc: 0.1042±0.0000
seed: 5 | split 1 : 0.10797341912984848
# Seed 5 Muti Split Final Acc: 0.1080±0.0000
########################################################################################
split: 1 | seed 1 : 0.08679401874542236
split: 1 | seed 2 : 0.10340531915426254
split: 1 | seed 3 : 0.08014950156211853
split: 1 | seed 4 : 0.10423588007688522
split: 1 | seed 5 : 0.10797341912984848
# Split 1 Muti Seed Acc without min value: 0.1006±0.0082
########################################################################################
