load LLC or attacked data with specified split
Successfully loaded the attack of dataname with few shot 5, split 1
Attack method : Meta_Self | Attack ptb : 0.1 | Dataset: Cora
======================
Number of graphs: 1
Number of features: 1433
Number of classes: 7

Data(x=[2708, 1433], edge_index=[2, 14378], y=[2708], train_mask=[2708], val_mask=[2708], test_mask=[2708])
===========================================================================================================
Number of nodes: 2708
Number of edges: 14378
Average node degree: 5.31
Has isolated nodes: False
Has self-loops: True
Is undirected: True
Pollution Diff | added_edges=610 | deleted_edges=53 | clean_edges=5278 | attack_edges=5835
GCN(
  (conv_layers): ModuleList(
    (0): GCNConv(1433, 256)
    (1): GCNConv(256, 256)
  )
)
Successfully loaded pre-trained weights!
use RobustPrompt Tranductive
defense pt dict :  {'sim_pt': 0.3, 'degree_pt': 1, 'out_detect_pt': 0.5, 'other_pt': 'all'}
use_attention :  False
cosine_constraint :  True
pt_threshold :  0.5
filter_module :  OriginalFilter
temperature :  1.0
weight_mse 0.1
weight_kl :  0.3
weight_constraint :  0.2
run RobustPrompt-T
Epoch 001 |  Time(s) 0.2502 | RobustPrompt-T Loss 1.9503  
Epoch 002 |  Time(s) 0.0133 | RobustPrompt-T Loss 1.9780  
Epoch 003 |  Time(s) 0.0126 | RobustPrompt-T Loss 1.9322  
Epoch 004 |  Time(s) 0.0127 | RobustPrompt-T Loss 1.9310  
Epoch 005 |  Time(s) 0.0128 | RobustPrompt-T Loss 1.9271  
Epoch 006 |  Time(s) 0.0132 | RobustPrompt-T Loss 1.9143  
Epoch 007 |  Time(s) 0.0132 | RobustPrompt-T Loss 1.9025  
Epoch 008 |  Time(s) 0.0133 | RobustPrompt-T Loss 1.8885  
Epoch 009 |  Time(s) 0.0131 | RobustPrompt-T Loss 1.8661  
Epoch 010 |  Time(s) 0.0131 | RobustPrompt-T Loss 1.8481  
Epoch 011 |  Time(s) 0.0130 | RobustPrompt-T Loss 1.8483  
Epoch 012 |  Time(s) 0.0130 | RobustPrompt-T Loss 1.8452  
Epoch 013 |  Time(s) 0.0135 | RobustPrompt-T Loss 1.8082  
Epoch 014 |  Time(s) 0.0131 | RobustPrompt-T Loss 1.8294  
Epoch 015 |  Time(s) 0.0132 | RobustPrompt-T Loss 1.7846  
Epoch 016 |  Time(s) 0.0132 | RobustPrompt-T Loss 1.7769  
Epoch 017 |  Time(s) 0.0131 | RobustPrompt-T Loss 1.7899  
Epoch 018 |  Time(s) 0.0131 | RobustPrompt-T Loss 1.7864  
Epoch 019 |  Time(s) 0.0132 | RobustPrompt-T Loss 1.7598  
Epoch 020 |  Time(s) 0.0131 | RobustPrompt-T Loss 1.7406  
Epoch 021 |  Time(s) 0.0128 | RobustPrompt-T Loss 1.7726  
Epoch 022 |  Time(s) 0.0133 | RobustPrompt-T Loss 1.7252  
Epoch 023 |  Time(s) 0.0132 | RobustPrompt-T Loss 1.7294  
Epoch 024 |  Time(s) 0.0132 | RobustPrompt-T Loss 1.7181  
Epoch 025 |  Time(s) 0.0132 | RobustPrompt-T Loss 1.7583  
Epoch 026 |  Time(s) 0.0132 | RobustPrompt-T Loss 1.7027  
Epoch 027 |  Time(s) 0.0133 | RobustPrompt-T Loss 1.6715  
Epoch 028 |  Time(s) 0.0132 | RobustPrompt-T Loss 1.6631  
Epoch 029 |  Time(s) 0.0129 | RobustPrompt-T Loss 1.6734  
Epoch 030 |  Time(s) 0.0134 | RobustPrompt-T Loss 1.7298  
Epoch 031 |  Time(s) 0.0132 | RobustPrompt-T Loss 1.6201  
Epoch 032 |  Time(s) 0.0133 | RobustPrompt-T Loss 1.6239  
Epoch 033 |  Time(s) 0.0132 | RobustPrompt-T Loss 1.6850  
Epoch 034 |  Time(s) 0.0133 | RobustPrompt-T Loss 1.5684  
Epoch 035 |  Time(s) 0.0133 | RobustPrompt-T Loss 1.6859  
Epoch 036 |  Time(s) 0.0131 | RobustPrompt-T Loss 1.5624  
Epoch 037 |  Time(s) 0.0132 | RobustPrompt-T Loss 1.5167  
Epoch 038 |  Time(s) 0.0131 | RobustPrompt-T Loss 1.5925  
Epoch 039 |  Time(s) 0.0131 | RobustPrompt-T Loss 1.4713  
Epoch 040 |  Time(s) 0.0131 | RobustPrompt-T Loss 1.4858  
Epoch 041 |  Time(s) 0.0134 | RobustPrompt-T Loss 1.4776  
Epoch 042 |  Time(s) 0.0132 | RobustPrompt-T Loss 1.4081  
Epoch 043 |  Time(s) 0.0133 | RobustPrompt-T Loss 1.3862  
Epoch 044 |  Time(s) 0.0133 | RobustPrompt-T Loss 1.3607  
Epoch 045 |  Time(s) 0.0132 | RobustPrompt-T Loss 1.3413  
Epoch 046 |  Time(s) 0.0134 | RobustPrompt-T Loss 1.3233  
Epoch 047 |  Time(s) 0.0133 | RobustPrompt-T Loss 1.2608  
Epoch 048 |  Time(s) 0.0131 | RobustPrompt-T Loss 1.2812  
Epoch 049 |  Time(s) 0.0132 | RobustPrompt-T Loss 1.2274  
Epoch 050 |  Time(s) 0.0132 | RobustPrompt-T Loss 1.2163  
Epoch 051 |  Time(s) 0.0128 | RobustPrompt-T Loss 1.2108  
Epoch 052 |  Time(s) 0.0130 | RobustPrompt-T Loss 1.1455  
Epoch 053 |  Time(s) 0.0130 | RobustPrompt-T Loss 1.1373  
Epoch 054 |  Time(s) 0.0129 | RobustPrompt-T Loss 1.1409  
Epoch 055 |  Time(s) 0.0129 | RobustPrompt-T Loss 1.0296  
Epoch 056 |  Time(s) 0.0130 | RobustPrompt-T Loss 1.0758  
Epoch 057 |  Time(s) 0.0132 | RobustPrompt-T Loss 1.0159  
Epoch 058 |  Time(s) 0.0129 | RobustPrompt-T Loss 0.9388  
Epoch 059 |  Time(s) 0.0129 | RobustPrompt-T Loss 0.9609  
Epoch 060 |  Time(s) 0.0128 | RobustPrompt-T Loss 0.9406  
Epoch 061 |  Time(s) 0.0133 | RobustPrompt-T Loss 0.8474  
Epoch 062 |  Time(s) 0.0133 | RobustPrompt-T Loss 0.8571  
Epoch 063 |  Time(s) 0.0134 | RobustPrompt-T Loss 0.8758  
Epoch 064 |  Time(s) 0.0132 | RobustPrompt-T Loss 0.9516  
Epoch 065 |  Time(s) 0.0131 | RobustPrompt-T Loss 0.7731  
Epoch 066 |  Time(s) 0.0135 | RobustPrompt-T Loss 1.2431  
Epoch 067 |  Time(s) 0.0134 | RobustPrompt-T Loss 1.2246  
Epoch 068 |  Time(s) 0.0133 | RobustPrompt-T Loss 0.8072  
Epoch 069 |  Time(s) 0.0133 | RobustPrompt-T Loss 1.0561  
Epoch 070 |  Time(s) 0.0133 | RobustPrompt-T Loss 0.9233  
Epoch 071 |  Time(s) 0.0138 | RobustPrompt-T Loss 0.6724  
Epoch 072 |  Time(s) 0.0137 | RobustPrompt-T Loss 0.7438  
Epoch 073 |  Time(s) 0.0135 | RobustPrompt-T Loss 0.6335  
Epoch 074 |  Time(s) 0.0134 | RobustPrompt-T Loss 0.6812  
Epoch 075 |  Time(s) 0.0133 | RobustPrompt-T Loss 0.5945  
Epoch 076 |  Time(s) 0.0137 | RobustPrompt-T Loss 0.6370  
Epoch 077 |  Time(s) 0.0134 | RobustPrompt-T Loss 0.5585  
Epoch 078 |  Time(s) 0.0134 | RobustPrompt-T Loss 0.6027  
Epoch 079 |  Time(s) 0.0134 | RobustPrompt-T Loss 0.5384  
Epoch 080 |  Time(s) 0.0134 | RobustPrompt-T Loss 0.5613  
Epoch 081 |  Time(s) 0.0133 | RobustPrompt-T Loss 0.5494  
Epoch 082 |  Time(s) 0.0133 | RobustPrompt-T Loss 0.5277  
Epoch 083 |  Time(s) 0.0136 | RobustPrompt-T Loss 0.5148  
Epoch 084 |  Time(s) 0.0133 | RobustPrompt-T Loss 0.4866  
Epoch 085 |  Time(s) 0.0134 | RobustPrompt-T Loss 0.4592  
Epoch 086 |  Time(s) 0.0132 | RobustPrompt-T Loss 0.5050  
Epoch 087 |  Time(s) 0.0134 | RobustPrompt-T Loss 0.4444  
Epoch 088 |  Time(s) 0.0139 | RobustPrompt-T Loss 0.4457  
Epoch 089 |  Time(s) 0.0139 | RobustPrompt-T Loss 0.4660  
Epoch 090 |  Time(s) 0.0135 | RobustPrompt-T Loss 0.4176  
Epoch 091 |  Time(s) 0.0134 | RobustPrompt-T Loss 0.4074  
Epoch 092 |  Time(s) 0.0134 | RobustPrompt-T Loss 0.4270  
Epoch 093 |  Time(s) 0.0132 | RobustPrompt-T Loss 0.3695  
Epoch 094 |  Time(s) 0.0133 | RobustPrompt-T Loss 0.3909  
Epoch 095 |  Time(s) 0.0140 | RobustPrompt-T Loss 0.4031  
Epoch 096 |  Time(s) 0.0136 | RobustPrompt-T Loss 0.3519  
Epoch 097 |  Time(s) 0.0136 | RobustPrompt-T Loss 0.3528  
Epoch 098 |  Time(s) 0.0135 | RobustPrompt-T Loss 0.3518  
Epoch 099 |  Time(s) 0.0135 | RobustPrompt-T Loss 0.3220  
Epoch 100 |  Time(s) 0.0139 | RobustPrompt-T Loss 0.3297  
Epoch 101 |  Time(s) 0.0137 | RobustPrompt-T Loss 0.3181  
Epoch 102 |  Time(s) 0.0142 | RobustPrompt-T Loss 0.3192  
Epoch 103 |  Time(s) 0.0135 | RobustPrompt-T Loss 0.2825  
Epoch 104 |  Time(s) 0.0133 | RobustPrompt-T Loss 0.2753  
Epoch 105 |  Time(s) 0.0135 | RobustPrompt-T Loss 0.2784  
Epoch 106 |  Time(s) 0.0135 | RobustPrompt-T Loss 0.2609  
Epoch 107 |  Time(s) 0.0135 | RobustPrompt-T Loss 0.2430  
Epoch 108 |  Time(s) 0.0134 | RobustPrompt-T Loss 0.2527  
Epoch 109 |  Time(s) 0.0137 | RobustPrompt-T Loss 0.2635  
Epoch 110 |  Time(s) 0.0133 | RobustPrompt-T Loss 0.2503  
Epoch 111 |  Time(s) 0.0132 | RobustPrompt-T Loss 0.2312  
Epoch 112 |  Time(s) 0.0128 | RobustPrompt-T Loss 0.2132  
Epoch 113 |  Time(s) 0.0131 | RobustPrompt-T Loss 0.2041  
Epoch 114 |  Time(s) 0.0138 | RobustPrompt-T Loss 0.1928  
Epoch 115 |  Time(s) 0.0137 | RobustPrompt-T Loss 0.1875  
Epoch 116 |  Time(s) 0.0135 | RobustPrompt-T Loss 0.1941  
Epoch 117 |  Time(s) 0.0137 | RobustPrompt-T Loss 0.1808  
Epoch 118 |  Time(s) 0.0134 | RobustPrompt-T Loss 0.1549  
Epoch 119 |  Time(s) 0.0136 | RobustPrompt-T Loss 0.1437  
Epoch 120 |  Time(s) 0.0131 | RobustPrompt-T Loss 0.1466  
Epoch 121 |  Time(s) 0.0130 | RobustPrompt-T Loss 0.1282  
Epoch 122 |  Time(s) 0.0128 | RobustPrompt-T Loss 0.1114  
Epoch 123 |  Time(s) 0.0129 | RobustPrompt-T Loss 0.1067  
Epoch 124 |  Time(s) 0.0130 | RobustPrompt-T Loss 0.1065  
Epoch 125 |  Time(s) 0.0133 | RobustPrompt-T Loss 0.0949  
Epoch 126 |  Time(s) 0.0134 | RobustPrompt-T Loss 0.0866  
Epoch 127 |  Time(s) 0.0131 | RobustPrompt-T Loss 0.0859  
Epoch 128 |  Time(s) 0.0132 | RobustPrompt-T Loss 0.0791  
Epoch 129 |  Time(s) 0.0132 | RobustPrompt-T Loss 0.0777  
Epoch 130 |  Time(s) 0.0132 | RobustPrompt-T Loss 0.0739  
Epoch 131 |  Time(s) 0.0132 | RobustPrompt-T Loss 0.0660  
Epoch 132 |  Time(s) 0.0133 | RobustPrompt-T Loss 0.0645  
Epoch 133 |  Time(s) 0.0133 | RobustPrompt-T Loss 0.0627  
Epoch 134 |  Time(s) 0.0133 | RobustPrompt-T Loss 0.0616  
Epoch 135 |  Time(s) 0.0132 | RobustPrompt-T Loss 0.0588  
Epoch 136 |  Time(s) 0.0133 | RobustPrompt-T Loss 0.0558  
Epoch 137 |  Time(s) 0.0134 | RobustPrompt-T Loss 0.0553  
Epoch 138 |  Time(s) 0.0135 | RobustPrompt-T Loss 0.0547  
Epoch 139 |  Time(s) 0.0134 | RobustPrompt-T Loss 0.0547  
Epoch 140 |  Time(s) 0.0133 | RobustPrompt-T Loss 0.0560  
Epoch 141 |  Time(s) 0.0132 | RobustPrompt-T Loss 0.0487  
Epoch 142 |  Time(s) 0.0135 | RobustPrompt-T Loss 0.0484  
Epoch 143 |  Time(s) 0.0133 | RobustPrompt-T Loss 0.0490  
Epoch 144 |  Time(s) 0.0133 | RobustPrompt-T Loss 0.0501  
Epoch 145 |  Time(s) 0.0134 | RobustPrompt-T Loss 0.0482  
Epoch 146 |  Time(s) 0.0133 | RobustPrompt-T Loss 0.0473  
Epoch 147 |  Time(s) 0.0135 | RobustPrompt-T Loss 0.0484  
Epoch 148 |  Time(s) 0.0135 | RobustPrompt-T Loss 0.0469  
Epoch 149 |  Time(s) 0.0131 | RobustPrompt-T Loss 0.0485  
Epoch 150 |  Time(s) 0.0132 | RobustPrompt-T Loss 0.0477  
Epoch 151 |  Time(s) 0.0136 | RobustPrompt-T Loss 0.0463  
Epoch 152 |  Time(s) 0.0138 | RobustPrompt-T Loss 0.0460  
Epoch 153 |  Time(s) 0.0134 | RobustPrompt-T Loss 0.0500  
Epoch 154 |  Time(s) 0.0133 | RobustPrompt-T Loss 0.0459  
Epoch 155 |  Time(s) 0.0131 | RobustPrompt-T Loss 0.0460  
Epoch 156 |  Time(s) 0.0130 | RobustPrompt-T Loss 0.0461  
Epoch 157 |  Time(s) 0.0134 | RobustPrompt-T Loss 0.0463  
Epoch 158 |  Time(s) 0.0134 | RobustPrompt-T Loss 0.0439  
Epoch 159 |  Time(s) 0.0133 | RobustPrompt-T Loss 0.0442  
Epoch 160 |  Time(s) 0.0134 | RobustPrompt-T Loss 0.0424  
Epoch 161 |  Time(s) 0.0131 | RobustPrompt-T Loss 0.0426  
Epoch 162 |  Time(s) 0.0131 | RobustPrompt-T Loss 0.0412  
Epoch 163 |  Time(s) 0.0132 | RobustPrompt-T Loss 0.0405  
Epoch 164 |  Time(s) 0.0131 | RobustPrompt-T Loss 0.0397  
Epoch 165 |  Time(s) 0.0132 | RobustPrompt-T Loss 0.0427  
Epoch 166 |  Time(s) 0.0132 | RobustPrompt-T Loss 0.0397  
Epoch 167 |  Time(s) 0.0132 | RobustPrompt-T Loss 0.0386  
Epoch 168 |  Time(s) 0.0135 | RobustPrompt-T Loss 0.0411  
Epoch 169 |  Time(s) 0.0134 | RobustPrompt-T Loss 0.0388  
Epoch 170 |  Time(s) 0.0131 | RobustPrompt-T Loss 0.0380  
Epoch 171 |  Time(s) 0.0132 | RobustPrompt-T Loss 0.0386  
Epoch 172 |  Time(s) 0.0132 | RobustPrompt-T Loss 0.0374  
Epoch 173 |  Time(s) 0.0132 | RobustPrompt-T Loss 0.0375  
Epoch 174 |  Time(s) 0.0131 | RobustPrompt-T Loss 0.0374  
Epoch 175 |  Time(s) 0.0133 | RobustPrompt-T Loss 0.0371  
Epoch 176 |  Time(s) 0.0132 | RobustPrompt-T Loss 0.0378  
Epoch 177 |  Time(s) 0.0135 | RobustPrompt-T Loss 0.0392  
Epoch 178 |  Time(s) 0.0133 | RobustPrompt-T Loss 0.0364  
Epoch 179 |  Time(s) 0.0132 | RobustPrompt-T Loss 0.0362  
Epoch 180 |  Time(s) 0.0132 | RobustPrompt-T Loss 0.0367  
Epoch 181 |  Time(s) 0.0131 | RobustPrompt-T Loss 0.0359  
Epoch 182 |  Time(s) 0.0135 | RobustPrompt-T Loss 0.0358  
Epoch 183 |  Time(s) 0.0135 | RobustPrompt-T Loss 0.0358  
Epoch 184 |  Time(s) 0.0132 | RobustPrompt-T Loss 0.0352  
Epoch 185 |  Time(s) 0.0132 | RobustPrompt-T Loss 0.0350  
Epoch 186 |  Time(s) 0.0132 | RobustPrompt-T Loss 0.0352  
Epoch 187 |  Time(s) 0.0132 | RobustPrompt-T Loss 0.0357  
Epoch 188 |  Time(s) 0.0132 | RobustPrompt-T Loss 0.0349  
Epoch 189 |  Time(s) 0.0132 | RobustPrompt-T Loss 0.0347  
Epoch 190 |  Time(s) 0.0133 | RobustPrompt-T Loss 0.0334  
Epoch 191 |  Time(s) 0.0133 | RobustPrompt-T Loss 0.0345  
Epoch 192 |  Time(s) 0.0132 | RobustPrompt-T Loss 0.0329  
Epoch 193 |  Time(s) 0.0131 | RobustPrompt-T Loss 0.0347  
Epoch 194 |  Time(s) 0.0132 | RobustPrompt-T Loss 0.0332  
Epoch 195 |  Time(s) 0.0131 | RobustPrompt-T Loss 0.0346  
Epoch 196 |  Time(s) 0.0127 | RobustPrompt-T Loss 0.0324  
Epoch 197 |  Time(s) 0.0134 | RobustPrompt-T Loss 0.0343  
Epoch 198 |  Time(s) 0.0133 | RobustPrompt-T Loss 0.0339  
Epoch 199 |  Time(s) 0.0136 | RobustPrompt-T Loss 0.0321  
Epoch 200 |  Time(s) 0.0139 | RobustPrompt-T Loss 0.0352  
Final True Accuracy: 0.1292 | Macro F1 Score: 0.1221
Edge Detection Detail | source=filter_module | active=0 | n_edges=5835 | n_pos=610 | n_neg=5225 | pos_rate=0.1045 | pred_pos=5738 | pred_pos_rate=0.9834 | tp=610 | fp=5128 | fn=0 | tn=97 | precision=0.1063 | recall=1.0000 | f1=0.1922 | auc=0.8623 | ap=0.3969 | best_f1=0.5558 | best_threshold=0.9600 | best_precision=0.4452 | best_recall=0.7393 | best_pred_pos_rate=0.1736 | precision_at_k_pos=0.4984 | recall_at_k_pos=0.4984 | all_positive_f1=0.1893 | current_f1_minus_all_positive_f1=0.0029 | hard_mask_all_positive_like=0 | mode=original
Edge Detection Detail | source=tau_tune | active=1 | n_edges=5835 | n_pos=610 | n_neg=5225 | pos_rate=0.1045 | pred_pos=139 | pred_pos_rate=0.0238 | tp=36 | fp=103 | fn=574 | tn=5122 | precision=0.2590 | recall=0.0590 | f1=0.0961 | auc=0.6488 | ap=0.1776 | best_f1=0.2473 | best_threshold=0.1708 | best_precision=0.2036 | best_recall=0.3148 | best_pred_pos_rate=0.1616 | precision_at_k_pos=0.2230 | recall_at_k_pos=0.2230 | all_positive_f1=0.1893 | current_f1_minus_all_positive_f1=-0.0932 | hard_mask_all_positive_like=0
Tip Detection | tip=sim_pt | active=1 | node_precision=0.2092 | node_recall=0.3386 | node_f1=0.2586 | edge_precision=0.1389 | edge_recall=0.9934 | edge_f1=0.2437 | edge_auc=0.6371 | node_tp=150 | node_fp=567 | node_fn=293 | edge_tp=606 | edge_fp=3758 | edge_fn=4
Edge Detection Detail | source=sim_pt | active=1 | n_edges=5835 | n_pos=610 | n_neg=5225 | pos_rate=0.1045 | pred_pos=4364 | pred_pos_rate=0.7479 | tp=606 | fp=3758 | fn=4 | tn=1467 | precision=0.1389 | recall=0.9934 | f1=0.2437 | auc=0.6371 | ap=0.1386 | best_f1=nan | best_threshold=nan | best_precision=nan | best_recall=nan | best_pred_pos_rate=nan | precision_at_k_pos=nan | recall_at_k_pos=nan | all_positive_f1=0.1893 | current_f1_minus_all_positive_f1=0.0544 | hard_mask_all_positive_like=0
Tip Detection | tip=degree_pt | active=1 | node_precision=0.0000 | node_recall=0.0000 | node_f1=0.0000 | edge_precision=0.0000 | edge_recall=0.0000 | edge_f1=0.0000 | edge_auc=0.5000 | node_tp=0 | node_fp=0 | node_fn=443 | edge_tp=0 | edge_fp=0 | edge_fn=610
Edge Detection Detail | source=degree_pt | active=1 | n_edges=5835 | n_pos=610 | n_neg=5225 | pos_rate=0.1045 | pred_pos=0 | pred_pos_rate=0.0000 | tp=0 | fp=0 | fn=610 | tn=5225 | precision=0.0000 | recall=0.0000 | f1=0.0000 | auc=0.5000 | ap=0.1045 | best_f1=nan | best_threshold=nan | best_precision=nan | best_recall=nan | best_pred_pos_rate=nan | precision_at_k_pos=nan | recall_at_k_pos=nan | all_positive_f1=0.1893 | current_f1_minus_all_positive_f1=-0.1893 | hard_mask_all_positive_like=0
Tip Detection | tip=out_detect_pt | active=1 | node_precision=0.1640 | node_recall=1.0000 | node_f1=0.2817 | edge_precision=0.1045 | edge_recall=1.0000 | edge_f1=0.1893 | edge_auc=0.5000 | node_tp=443 | node_fp=2259 | node_fn=0 | edge_tp=610 | edge_fp=5225 | edge_fn=0
Edge Detection Detail | source=out_detect_pt | active=1 | n_edges=5835 | n_pos=610 | n_neg=5225 | pos_rate=0.1045 | pred_pos=5739 | pred_pos_rate=0.9835 | tp=610 | fp=5129 | fn=0 | tn=96 | precision=0.1063 | recall=1.0000 | f1=0.1922 | auc=0.8623 | ap=0.3969 | best_f1=0.5558 | best_threshold=0.9600 | best_precision=0.4452 | best_recall=0.7393 | best_pred_pos_rate=0.1736 | precision_at_k_pos=0.4984 | recall_at_k_pos=0.4984 | all_positive_f1=0.1893 | current_f1_minus_all_positive_f1=0.0029 | hard_mask_all_positive_like=0
best_loss [tensor(0.0352, device='cuda:0', grad_fn=<AddBackward0>)]
load LLC or attacked data with specified split
Successfully loaded the attack of dataname with few shot 5, split 1
Attack method : Meta_Self | Attack ptb : 0.1 | Dataset: Cora
======================
Number of graphs: 1
Number of features: 1433
Number of classes: 7

Data(x=[2708, 1433], edge_index=[2, 14378], y=[2708], train_mask=[2708], val_mask=[2708], test_mask=[2708])
===========================================================================================================
Number of nodes: 2708
Number of edges: 14378
Average node degree: 5.31
Has isolated nodes: False
Has self-loops: True
Is undirected: True
Pollution Diff | added_edges=610 | deleted_edges=53 | clean_edges=5278 | attack_edges=5835
GCN(
  (conv_layers): ModuleList(
    (0): GCNConv(1433, 256)
    (1): GCNConv(256, 256)
  )
)
Successfully loaded pre-trained weights!
use RobustPrompt Tranductive
defense pt dict :  {'sim_pt': 0.3, 'degree_pt': 1, 'out_detect_pt': 0.5, 'other_pt': 'all'}
use_attention :  False
cosine_constraint :  True
pt_threshold :  0.5
filter_module :  OriginalFilter
temperature :  1.0
weight_mse 0.1
weight_kl :  0.3
weight_constraint :  0.2
run RobustPrompt-T
Epoch 001 |  Time(s) 0.0135 | RobustPrompt-T Loss 1.9481  
Epoch 002 |  Time(s) 0.0134 | RobustPrompt-T Loss 1.9540  
Epoch 003 |  Time(s) 0.0134 | RobustPrompt-T Loss 1.9259  
Epoch 004 |  Time(s) 0.0135 | RobustPrompt-T Loss 1.9283  
Epoch 005 |  Time(s) 0.0132 | RobustPrompt-T Loss 1.9297  
Epoch 006 |  Time(s) 0.0132 | RobustPrompt-T Loss 1.9095  
Epoch 007 |  Time(s) 0.0134 | RobustPrompt-T Loss 1.9104  
Epoch 008 |  Time(s) 0.0133 | RobustPrompt-T Loss 1.8901  
Epoch 009 |  Time(s) 0.0134 | RobustPrompt-T Loss 1.8890  
Epoch 010 |  Time(s) 0.0134 | RobustPrompt-T Loss 1.8653  
Epoch 011 |  Time(s) 0.0134 | RobustPrompt-T Loss 1.8577  
Epoch 012 |  Time(s) 0.0132 | RobustPrompt-T Loss 1.8265  
Epoch 013 |  Time(s) 0.0130 | RobustPrompt-T Loss 1.8240  
Epoch 014 |  Time(s) 0.0134 | RobustPrompt-T Loss 1.8261  
Epoch 015 |  Time(s) 0.0134 | RobustPrompt-T Loss 1.8064  
Epoch 016 |  Time(s) 0.0135 | RobustPrompt-T Loss 1.8063  
Epoch 017 |  Time(s) 0.0133 | RobustPrompt-T Loss 1.8023  
Epoch 018 |  Time(s) 0.0134 | RobustPrompt-T Loss 1.7968  
Epoch 019 |  Time(s) 0.0134 | RobustPrompt-T Loss 1.8018  
Epoch 020 |  Time(s) 0.0134 | RobustPrompt-T Loss 1.7867  
Epoch 021 |  Time(s) 0.0135 | RobustPrompt-T Loss 1.7551  
Epoch 022 |  Time(s) 0.0135 | RobustPrompt-T Loss 1.8134  
Epoch 023 |  Time(s) 0.0135 | RobustPrompt-T Loss 1.7707  
Epoch 024 |  Time(s) 0.0135 | RobustPrompt-T Loss 1.7362  
Epoch 025 |  Time(s) 0.0137 | RobustPrompt-T Loss 1.7688  
Epoch 026 |  Time(s) 0.0138 | RobustPrompt-T Loss 1.7194  
Epoch 027 |  Time(s) 0.0135 | RobustPrompt-T Loss 1.7272  
Epoch 028 |  Time(s) 0.0137 | RobustPrompt-T Loss 1.7494  
Epoch 029 |  Time(s) 0.0140 | RobustPrompt-T Loss 1.7383  
Epoch 030 |  Time(s) 0.0132 | RobustPrompt-T Loss 1.6859  
Epoch 031 |  Time(s) 0.0140 | RobustPrompt-T Loss 1.6535  
Epoch 032 |  Time(s) 0.0129 | RobustPrompt-T Loss 1.6654  
Epoch 033 |  Time(s) 0.0134 | RobustPrompt-T Loss 1.6750  
Epoch 034 |  Time(s) 0.0134 | RobustPrompt-T Loss 1.7039  
Epoch 035 |  Time(s) 0.0153 | RobustPrompt-T Loss 1.5782  
Epoch 036 |  Time(s) 0.0133 | RobustPrompt-T Loss 1.5601  
Epoch 037 |  Time(s) 0.0127 | RobustPrompt-T Loss 1.6385  
Epoch 038 |  Time(s) 0.0128 | RobustPrompt-T Loss 1.4472  
Epoch 039 |  Time(s) 0.0134 | RobustPrompt-T Loss 1.4601  
Epoch 040 |  Time(s) 0.0133 | RobustPrompt-T Loss 1.6494  
Epoch 041 |  Time(s) 0.0133 | RobustPrompt-T Loss 1.4572  
Epoch 042 |  Time(s) 0.0129 | RobustPrompt-T Loss 1.7303  
Epoch 043 |  Time(s) 0.0132 | RobustPrompt-T Loss 1.7835  
Epoch 044 |  Time(s) 0.0132 | RobustPrompt-T Loss 1.2569  
Epoch 045 |  Time(s) 0.0131 | RobustPrompt-T Loss 1.7734  
Epoch 046 |  Time(s) 0.0132 | RobustPrompt-T Loss 1.6689  
Epoch 047 |  Time(s) 0.0133 | RobustPrompt-T Loss 1.3543  
Epoch 048 |  Time(s) 0.0131 | RobustPrompt-T Loss 1.3948  
Epoch 049 |  Time(s) 0.0132 | RobustPrompt-T Loss 1.3624  
Epoch 050 |  Time(s) 0.0131 | RobustPrompt-T Loss 1.5228  
Epoch 051 |  Time(s) 0.0132 | RobustPrompt-T Loss 1.4327  
Epoch 052 |  Time(s) 0.0135 | RobustPrompt-T Loss 1.2411  
Epoch 053 |  Time(s) 0.0139 | RobustPrompt-T Loss 1.2694  
Epoch 054 |  Time(s) 0.0133 | RobustPrompt-T Loss 1.1475  
Epoch 055 |  Time(s) 0.0132 | RobustPrompt-T Loss 1.3185  
Epoch 056 |  Time(s) 0.0128 | RobustPrompt-T Loss 1.2981  
Epoch 057 |  Time(s) 0.0130 | RobustPrompt-T Loss 1.0484  
Epoch 058 |  Time(s) 0.0137 | RobustPrompt-T Loss 1.1873  
Epoch 059 |  Time(s) 0.0134 | RobustPrompt-T Loss 1.1027  
Epoch 060 |  Time(s) 0.0129 | RobustPrompt-T Loss 1.1266  
Epoch 061 |  Time(s) 0.0132 | RobustPrompt-T Loss 1.1555  
Epoch 062 |  Time(s) 0.0131 | RobustPrompt-T Loss 1.0155  
Epoch 063 |  Time(s) 0.0137 | RobustPrompt-T Loss 1.0591  
Epoch 064 |  Time(s) 0.0141 | RobustPrompt-T Loss 0.9891  
Epoch 065 |  Time(s) 0.0137 | RobustPrompt-T Loss 1.0311  
Epoch 066 |  Time(s) 0.0139 | RobustPrompt-T Loss 0.9680  
Epoch 067 |  Time(s) 0.0136 | RobustPrompt-T Loss 1.0050  
Epoch 068 |  Time(s) 0.0142 | RobustPrompt-T Loss 0.9747  
Epoch 069 |  Time(s) 0.0129 | RobustPrompt-T Loss 0.9035  
Epoch 070 |  Time(s) 0.0130 | RobustPrompt-T Loss 0.9139  
Epoch 071 |  Time(s) 0.0131 | RobustPrompt-T Loss 0.8720  
Epoch 072 |  Time(s) 0.0130 | RobustPrompt-T Loss 0.8347  
Epoch 073 |  Time(s) 0.0130 | RobustPrompt-T Loss 0.8464  
Epoch 074 |  Time(s) 0.0130 | RobustPrompt-T Loss 0.7860  
Epoch 075 |  Time(s) 0.0130 | RobustPrompt-T Loss 0.8373  
Epoch 076 |  Time(s) 0.0129 | RobustPrompt-T Loss 0.7774  
Epoch 077 |  Time(s) 0.0131 | RobustPrompt-T Loss 0.7954  
Epoch 078 |  Time(s) 0.0130 | RobustPrompt-T Loss 0.7081  
Epoch 079 |  Time(s) 0.0130 | RobustPrompt-T Loss 0.7875  
Epoch 080 |  Time(s) 0.0129 | RobustPrompt-T Loss 0.7452  
Epoch 081 |  Time(s) 0.0129 | RobustPrompt-T Loss 0.7140  
Epoch 082 |  Time(s) 0.0131 | RobustPrompt-T Loss 0.7041  
Epoch 083 |  Time(s) 0.0131 | RobustPrompt-T Loss 0.6926  
Epoch 084 |  Time(s) 0.0129 | RobustPrompt-T Loss 0.6563  
Epoch 085 |  Time(s) 0.0131 | RobustPrompt-T Loss 0.6670  
Epoch 086 |  Time(s) 0.0129 | RobustPrompt-T Loss 0.6008  
Epoch 087 |  Time(s) 0.0130 | RobustPrompt-T Loss 0.6555  
Epoch 088 |  Time(s) 0.0130 | RobustPrompt-T Loss 0.6264  
Epoch 089 |  Time(s) 0.0130 | RobustPrompt-T Loss 0.6173  
Epoch 090 |  Time(s) 0.0130 | RobustPrompt-T Loss 0.6061  
Epoch 091 |  Time(s) 0.0130 | RobustPrompt-T Loss 0.5901  
Epoch 092 |  Time(s) 0.0130 | RobustPrompt-T Loss 0.6327  
Epoch 093 |  Time(s) 0.0129 | RobustPrompt-T Loss 0.5013  
Epoch 094 |  Time(s) 0.0130 | RobustPrompt-T Loss 0.5030  
Epoch 095 |  Time(s) 0.0129 | RobustPrompt-T Loss 0.5130  
Epoch 096 |  Time(s) 0.0131 | RobustPrompt-T Loss 0.4832  
Epoch 097 |  Time(s) 0.0131 | RobustPrompt-T Loss 0.4682  
Epoch 098 |  Time(s) 0.0130 | RobustPrompt-T Loss 0.4256  
Epoch 099 |  Time(s) 0.0131 | RobustPrompt-T Loss 0.4691  
Epoch 100 |  Time(s) 0.0130 | RobustPrompt-T Loss 0.4069  
Epoch 101 |  Time(s) 0.0130 | RobustPrompt-T Loss 0.4495  
Epoch 102 |  Time(s) 0.0129 | RobustPrompt-T Loss 0.3792  
Epoch 103 |  Time(s) 0.0130 | RobustPrompt-T Loss 0.4368  
Epoch 104 |  Time(s) 0.0130 | RobustPrompt-T Loss 0.3725  
Epoch 105 |  Time(s) 0.0130 | RobustPrompt-T Loss 0.4112  
Epoch 106 |  Time(s) 0.0130 | RobustPrompt-T Loss 0.3648  
Epoch 107 |  Time(s) 0.0129 | RobustPrompt-T Loss 0.4423  
Epoch 108 |  Time(s) 0.0130 | RobustPrompt-T Loss 0.3982  
Epoch 109 |  Time(s) 0.0129 | RobustPrompt-T Loss 0.3563  
Epoch 110 |  Time(s) 0.0131 | RobustPrompt-T Loss 0.4323  
Epoch 111 |  Time(s) 0.0129 | RobustPrompt-T Loss 0.3722  
Epoch 112 |  Time(s) 0.0129 | RobustPrompt-T Loss 0.5287  
Epoch 113 |  Time(s) 0.0128 | RobustPrompt-T Loss 0.4900  
Epoch 114 |  Time(s) 0.0130 | RobustPrompt-T Loss 0.4382  
Epoch 115 |  Time(s) 0.0130 | RobustPrompt-T Loss 0.5338  
Epoch 116 |  Time(s) 0.0130 | RobustPrompt-T Loss 0.4743  
Epoch 117 |  Time(s) 0.0129 | RobustPrompt-T Loss 0.4362  
Epoch 118 |  Time(s) 0.0130 | RobustPrompt-T Loss 0.2956  
Epoch 119 |  Time(s) 0.0129 | RobustPrompt-T Loss 0.4348  
Epoch 120 |  Time(s) 0.0128 | RobustPrompt-T Loss 0.3582  
Epoch 121 |  Time(s) 0.0130 | RobustPrompt-T Loss 0.3824  
Epoch 122 |  Time(s) 0.0134 | RobustPrompt-T Loss 0.3192  
Epoch 123 |  Time(s) 0.0131 | RobustPrompt-T Loss 0.3261  
Epoch 124 |  Time(s) 0.0131 | RobustPrompt-T Loss 0.2934  
Epoch 125 |  Time(s) 0.0130 | RobustPrompt-T Loss 0.3592  
Epoch 126 |  Time(s) 0.0130 | RobustPrompt-T Loss 0.3209  
Epoch 127 |  Time(s) 0.0131 | RobustPrompt-T Loss 0.3081  
Epoch 128 |  Time(s) 0.0131 | RobustPrompt-T Loss 0.3537  
Epoch 129 |  Time(s) 0.0131 | RobustPrompt-T Loss 0.3317  
Epoch 130 |  Time(s) 0.0131 | RobustPrompt-T Loss 0.2963  
Epoch 131 |  Time(s) 0.0129 | RobustPrompt-T Loss 0.2556  
Epoch 132 |  Time(s) 0.0130 | RobustPrompt-T Loss 0.3322  
Epoch 133 |  Time(s) 0.0130 | RobustPrompt-T Loss 0.3353  
Epoch 134 |  Time(s) 0.0129 | RobustPrompt-T Loss 0.3286  
Epoch 135 |  Time(s) 0.0130 | RobustPrompt-T Loss 0.2324  
Epoch 136 |  Time(s) 0.0130 | RobustPrompt-T Loss 0.2860  
Epoch 137 |  Time(s) 0.0130 | RobustPrompt-T Loss 0.2632  
Epoch 138 |  Time(s) 0.0129 | RobustPrompt-T Loss 0.2904  
Epoch 139 |  Time(s) 0.0131 | RobustPrompt-T Loss 0.3660  
Epoch 140 |  Time(s) 0.0131 | RobustPrompt-T Loss 0.2202  
Epoch 141 |  Time(s) 0.0130 | RobustPrompt-T Loss 0.2706  
Epoch 142 |  Time(s) 0.0130 | RobustPrompt-T Loss 0.3320  
Epoch 143 |  Time(s) 0.0130 | RobustPrompt-T Loss 0.2495  
Epoch 144 |  Time(s) 0.0131 | RobustPrompt-T Loss 0.2796  
Epoch 145 |  Time(s) 0.0130 | RobustPrompt-T Loss 0.2231  
Epoch 146 |  Time(s) 0.0130 | RobustPrompt-T Loss 0.2384  
Epoch 147 |  Time(s) 0.0130 | RobustPrompt-T Loss 0.2841  
Epoch 148 |  Time(s) 0.0131 | RobustPrompt-T Loss 0.2586  
Epoch 149 |  Time(s) 0.0138 | RobustPrompt-T Loss 0.2133  
Epoch 150 |  Time(s) 0.0139 | RobustPrompt-T Loss 0.2440  
Epoch 151 |  Time(s) 0.0140 | RobustPrompt-T Loss 0.2481  
Epoch 152 |  Time(s) 0.0134 | RobustPrompt-T Loss 0.1774  
Epoch 153 |  Time(s) 0.0134 | RobustPrompt-T Loss 0.2405  
Epoch 154 |  Time(s) 0.0133 | RobustPrompt-T Loss 0.2232  
Epoch 155 |  Time(s) 0.0132 | RobustPrompt-T Loss 0.2105  
Epoch 156 |  Time(s) 0.0135 | RobustPrompt-T Loss 0.2617  
Epoch 157 |  Time(s) 0.0134 | RobustPrompt-T Loss 0.1898  
Epoch 158 |  Time(s) 0.0138 | RobustPrompt-T Loss 0.1896  
Epoch 159 |  Time(s) 0.0137 | RobustPrompt-T Loss 0.2022  
Epoch 160 |  Time(s) 0.0136 | RobustPrompt-T Loss 0.1333  
Epoch 161 |  Time(s) 0.0137 | RobustPrompt-T Loss 0.1869  
Epoch 162 |  Time(s) 0.0133 | RobustPrompt-T Loss 0.1506  
Epoch 163 |  Time(s) 0.0136 | RobustPrompt-T Loss 0.1424  
Epoch 164 |  Time(s) 0.0131 | RobustPrompt-T Loss 0.1283  
Epoch 165 |  Time(s) 0.0130 | RobustPrompt-T Loss 0.1298  
Epoch 166 |  Time(s) 0.0133 | RobustPrompt-T Loss 0.1235  
Epoch 167 |  Time(s) 0.0134 | RobustPrompt-T Loss 0.1083  
Epoch 168 |  Time(s) 0.0132 | RobustPrompt-T Loss 0.1184  
Epoch 169 |  Time(s) 0.0135 | RobustPrompt-T Loss 0.1125  
Epoch 170 |  Time(s) 0.0136 | RobustPrompt-T Loss 0.1088  
Epoch 171 |  Time(s) 0.0133 | RobustPrompt-T Loss 0.0863  
Epoch 172 |  Time(s) 0.0132 | RobustPrompt-T Loss 0.0997  
Epoch 173 |  Time(s) 0.0134 | RobustPrompt-T Loss 0.0836  
Epoch 174 |  Time(s) 0.0138 | RobustPrompt-T Loss 0.0902  
Epoch 175 |  Time(s) 0.0132 | RobustPrompt-T Loss 0.0824  
Epoch 176 |  Time(s) 0.0130 | RobustPrompt-T Loss 0.0771  
Epoch 177 |  Time(s) 0.0129 | RobustPrompt-T Loss 0.0884  
Epoch 178 |  Time(s) 0.0131 | RobustPrompt-T Loss 0.0686  
Epoch 179 |  Time(s) 0.0131 | RobustPrompt-T Loss 0.1038  
Epoch 180 |  Time(s) 0.0131 | RobustPrompt-T Loss 0.0790  
Epoch 181 |  Time(s) 0.0129 | RobustPrompt-T Loss 0.0789  
Epoch 182 |  Time(s) 0.0131 | RobustPrompt-T Loss 0.0717  
Epoch 183 |  Time(s) 0.0135 | RobustPrompt-T Loss 0.0707  
Epoch 184 |  Time(s) 0.0138 | RobustPrompt-T Loss 0.0803  
Epoch 185 |  Time(s) 0.0130 | RobustPrompt-T Loss 0.0613  
Epoch 186 |  Time(s) 0.0126 | RobustPrompt-T Loss 0.0666  
Epoch 187 |  Time(s) 0.0131 | RobustPrompt-T Loss 0.0629  
Epoch 188 |  Time(s) 0.0132 | RobustPrompt-T Loss 0.0705  
Epoch 189 |  Time(s) 0.0137 | RobustPrompt-T Loss 0.0626  
Epoch 190 |  Time(s) 0.0136 | RobustPrompt-T Loss 0.0568  
Epoch 191 |  Time(s) 0.0139 | RobustPrompt-T Loss 0.0654  
Epoch 192 |  Time(s) 0.0133 | RobustPrompt-T Loss 0.0558  
Epoch 193 |  Time(s) 0.0134 | RobustPrompt-T Loss 0.0577  
Epoch 194 |  Time(s) 0.0136 | RobustPrompt-T Loss 0.0602  
Epoch 195 |  Time(s) 0.0132 | RobustPrompt-T Loss 0.0622  
Epoch 196 |  Time(s) 0.0136 | RobustPrompt-T Loss 0.0569  
Epoch 197 |  Time(s) 0.0127 | RobustPrompt-T Loss 0.0560  
Epoch 198 |  Time(s) 0.0132 | RobustPrompt-T Loss 0.0579  
Epoch 199 |  Time(s) 0.0130 | RobustPrompt-T Loss 0.0615  
Epoch 200 |  Time(s) 0.0131 | RobustPrompt-T Loss 0.0585  
Final True Accuracy: 0.1420 | Macro F1 Score: 0.1235
Edge Detection Detail | source=filter_module | active=0 | n_edges=5835 | n_pos=610 | n_neg=5225 | pos_rate=0.1045 | pred_pos=5738 | pred_pos_rate=0.9834 | tp=610 | fp=5128 | fn=0 | tn=97 | precision=0.1063 | recall=1.0000 | f1=0.1922 | auc=0.8623 | ap=0.3969 | best_f1=0.5558 | best_threshold=0.9600 | best_precision=0.4452 | best_recall=0.7393 | best_pred_pos_rate=0.1736 | precision_at_k_pos=0.4984 | recall_at_k_pos=0.4984 | all_positive_f1=0.1893 | current_f1_minus_all_positive_f1=0.0029 | hard_mask_all_positive_like=0 | mode=original
Edge Detection Detail | source=tau_tune | active=1 | n_edges=5835 | n_pos=610 | n_neg=5225 | pos_rate=0.1045 | pred_pos=227 | pred_pos_rate=0.0389 | tp=54 | fp=173 | fn=556 | tn=5052 | precision=0.2379 | recall=0.0885 | f1=0.1290 | auc=0.6464 | ap=0.1760 | best_f1=0.2489 | best_threshold=0.0716 | best_precision=0.1558 | best_recall=0.6180 | best_pred_pos_rate=0.4146 | precision_at_k_pos=0.1869 | recall_at_k_pos=0.1869 | all_positive_f1=0.1893 | current_f1_minus_all_positive_f1=-0.0603 | hard_mask_all_positive_like=0
Tip Detection | tip=sim_pt | active=1 | node_precision=0.2092 | node_recall=0.3386 | node_f1=0.2586 | edge_precision=0.1389 | edge_recall=0.9934 | edge_f1=0.2437 | edge_auc=0.6371 | node_tp=150 | node_fp=567 | node_fn=293 | edge_tp=606 | edge_fp=3758 | edge_fn=4
Edge Detection Detail | source=sim_pt | active=1 | n_edges=5835 | n_pos=610 | n_neg=5225 | pos_rate=0.1045 | pred_pos=4364 | pred_pos_rate=0.7479 | tp=606 | fp=3758 | fn=4 | tn=1467 | precision=0.1389 | recall=0.9934 | f1=0.2437 | auc=0.6371 | ap=0.1386 | best_f1=nan | best_threshold=nan | best_precision=nan | best_recall=nan | best_pred_pos_rate=nan | precision_at_k_pos=nan | recall_at_k_pos=nan | all_positive_f1=0.1893 | current_f1_minus_all_positive_f1=0.0544 | hard_mask_all_positive_like=0
Tip Detection | tip=degree_pt | active=1 | node_precision=0.0000 | node_recall=0.0000 | node_f1=0.0000 | edge_precision=0.0000 | edge_recall=0.0000 | edge_f1=0.0000 | edge_auc=0.5000 | node_tp=0 | node_fp=0 | node_fn=443 | edge_tp=0 | edge_fp=0 | edge_fn=610
Edge Detection Detail | source=degree_pt | active=1 | n_edges=5835 | n_pos=610 | n_neg=5225 | pos_rate=0.1045 | pred_pos=0 | pred_pos_rate=0.0000 | tp=0 | fp=0 | fn=610 | tn=5225 | precision=0.0000 | recall=0.0000 | f1=0.0000 | auc=0.5000 | ap=0.1045 | best_f1=nan | best_threshold=nan | best_precision=nan | best_recall=nan | best_pred_pos_rate=nan | precision_at_k_pos=nan | recall_at_k_pos=nan | all_positive_f1=0.1893 | current_f1_minus_all_positive_f1=-0.1893 | hard_mask_all_positive_like=0
Tip Detection | tip=out_detect_pt | active=1 | node_precision=0.1640 | node_recall=1.0000 | node_f1=0.2817 | edge_precision=0.1045 | edge_recall=1.0000 | edge_f1=0.1893 | edge_auc=0.5000 | node_tp=443 | node_fp=2259 | node_fn=0 | edge_tp=610 | edge_fp=5225 | edge_fn=0
Edge Detection Detail | source=out_detect_pt | active=1 | n_edges=5835 | n_pos=610 | n_neg=5225 | pos_rate=0.1045 | pred_pos=5739 | pred_pos_rate=0.9835 | tp=610 | fp=5129 | fn=0 | tn=96 | precision=0.1063 | recall=1.0000 | f1=0.1922 | auc=0.8623 | ap=0.3969 | best_f1=0.5558 | best_threshold=0.9600 | best_precision=0.4452 | best_recall=0.7393 | best_pred_pos_rate=0.1736 | precision_at_k_pos=0.4984 | recall_at_k_pos=0.4984 | all_positive_f1=0.1893 | current_f1_minus_all_positive_f1=0.0029 | hard_mask_all_positive_like=0
best_loss [tensor(0.0585, device='cuda:0', grad_fn=<AddBackward0>)]
load LLC or attacked data with specified split
Successfully loaded the attack of dataname with few shot 5, split 1
Attack method : Meta_Self | Attack ptb : 0.1 | Dataset: Cora
======================
Number of graphs: 1
Number of features: 1433
Number of classes: 7

Data(x=[2708, 1433], edge_index=[2, 14378], y=[2708], train_mask=[2708], val_mask=[2708], test_mask=[2708])
===========================================================================================================
Number of nodes: 2708
Number of edges: 14378
Average node degree: 5.31
Has isolated nodes: False
Has self-loops: True
Is undirected: True
Pollution Diff | added_edges=610 | deleted_edges=53 | clean_edges=5278 | attack_edges=5835
GCN(
  (conv_layers): ModuleList(
    (0): GCNConv(1433, 256)
    (1): GCNConv(256, 256)
  )
)
Successfully loaded pre-trained weights!
use RobustPrompt Tranductive
defense pt dict :  {'sim_pt': 0.3, 'degree_pt': 1, 'out_detect_pt': 0.5, 'other_pt': 'all'}
use_attention :  False
cosine_constraint :  True
pt_threshold :  0.5
filter_module :  OriginalFilter
temperature :  1.0
weight_mse 0.1
weight_kl :  0.3
weight_constraint :  0.2
run RobustPrompt-T
Epoch 001 |  Time(s) 0.0140 | RobustPrompt-T Loss 1.9459  
Epoch 002 |  Time(s) 0.0139 | RobustPrompt-T Loss 1.9463  
Epoch 003 |  Time(s) 0.0135 | RobustPrompt-T Loss 1.9702  
Epoch 004 |  Time(s) 0.0138 | RobustPrompt-T Loss 1.9133  
Epoch 005 |  Time(s) 0.0137 | RobustPrompt-T Loss 1.9146  
Epoch 006 |  Time(s) 0.0133 | RobustPrompt-T Loss 1.9096  
Epoch 007 |  Time(s) 0.0132 | RobustPrompt-T Loss 1.9055  
Epoch 008 |  Time(s) 0.0133 | RobustPrompt-T Loss 1.8915  
Epoch 009 |  Time(s) 0.0133 | RobustPrompt-T Loss 1.8790  
Epoch 010 |  Time(s) 0.0127 | RobustPrompt-T Loss 1.8711  
Epoch 011 |  Time(s) 0.0127 | RobustPrompt-T Loss 1.8613  
Epoch 012 |  Time(s) 0.0129 | RobustPrompt-T Loss 1.8220  
Epoch 013 |  Time(s) 0.0127 | RobustPrompt-T Loss 1.7987  
Epoch 014 |  Time(s) 0.0135 | RobustPrompt-T Loss 1.7917  
Epoch 015 |  Time(s) 0.0138 | RobustPrompt-T Loss 1.7956  
Epoch 016 |  Time(s) 0.0137 | RobustPrompt-T Loss 1.8727  
Epoch 017 |  Time(s) 0.0134 | RobustPrompt-T Loss 1.8057  
Epoch 018 |  Time(s) 0.0135 | RobustPrompt-T Loss 1.7830  
Epoch 019 |  Time(s) 0.0139 | RobustPrompt-T Loss 1.8236  
Epoch 020 |  Time(s) 0.0131 | RobustPrompt-T Loss 1.7739  
Epoch 021 |  Time(s) 0.0142 | RobustPrompt-T Loss 1.7494  
Epoch 022 |  Time(s) 0.0132 | RobustPrompt-T Loss 1.7546  
Epoch 023 |  Time(s) 0.0131 | RobustPrompt-T Loss 1.7529  
Epoch 024 |  Time(s) 0.0129 | RobustPrompt-T Loss 1.7415  
Epoch 025 |  Time(s) 0.0133 | RobustPrompt-T Loss 1.7246  
Epoch 026 |  Time(s) 0.0136 | RobustPrompt-T Loss 1.6987  
Epoch 027 |  Time(s) 0.0134 | RobustPrompt-T Loss 1.6848  
Epoch 028 |  Time(s) 0.0136 | RobustPrompt-T Loss 1.6977  
Epoch 029 |  Time(s) 0.0134 | RobustPrompt-T Loss 1.6449  
Epoch 030 |  Time(s) 0.0138 | RobustPrompt-T Loss 1.7189  
Epoch 031 |  Time(s) 0.0129 | RobustPrompt-T Loss 1.7173  
Epoch 032 |  Time(s) 0.0131 | RobustPrompt-T Loss 1.5657  
Epoch 033 |  Time(s) 0.0127 | RobustPrompt-T Loss 1.7432  
Epoch 034 |  Time(s) 0.0132 | RobustPrompt-T Loss 1.5176  
Epoch 035 |  Time(s) 0.0136 | RobustPrompt-T Loss 1.5866  
Epoch 036 |  Time(s) 0.0138 | RobustPrompt-T Loss 1.5368  
Epoch 037 |  Time(s) 0.0133 | RobustPrompt-T Loss 1.5371  
Epoch 038 |  Time(s) 0.0126 | RobustPrompt-T Loss 1.5378  
Epoch 039 |  Time(s) 0.0128 | RobustPrompt-T Loss 1.4602  
Epoch 040 |  Time(s) 0.0127 | RobustPrompt-T Loss 1.5122  
Epoch 041 |  Time(s) 0.0132 | RobustPrompt-T Loss 1.3844  
Epoch 042 |  Time(s) 0.0132 | RobustPrompt-T Loss 1.4730  
Epoch 043 |  Time(s) 0.0127 | RobustPrompt-T Loss 1.3710  
Epoch 044 |  Time(s) 0.0129 | RobustPrompt-T Loss 1.5380  
Epoch 045 |  Time(s) 0.0129 | RobustPrompt-T Loss 1.4781  
Epoch 046 |  Time(s) 0.0128 | RobustPrompt-T Loss 1.3031  
Epoch 047 |  Time(s) 0.0128 | RobustPrompt-T Loss 1.3136  
Epoch 048 |  Time(s) 0.0132 | RobustPrompt-T Loss 1.2827  
Epoch 049 |  Time(s) 0.0134 | RobustPrompt-T Loss 1.2414  
Epoch 050 |  Time(s) 0.0136 | RobustPrompt-T Loss 1.2832  
Epoch 051 |  Time(s) 0.0133 | RobustPrompt-T Loss 1.2558  
Epoch 052 |  Time(s) 0.0135 | RobustPrompt-T Loss 1.2552  
Epoch 053 |  Time(s) 0.0134 | RobustPrompt-T Loss 1.2386  
Epoch 054 |  Time(s) 0.0136 | RobustPrompt-T Loss 1.1627  
Epoch 055 |  Time(s) 0.0135 | RobustPrompt-T Loss 1.2158  
Epoch 056 |  Time(s) 0.0136 | RobustPrompt-T Loss 1.0816  
Epoch 057 |  Time(s) 0.0135 | RobustPrompt-T Loss 1.1352  
Epoch 058 |  Time(s) 0.0136 | RobustPrompt-T Loss 1.0576  
Epoch 059 |  Time(s) 0.0134 | RobustPrompt-T Loss 1.1057  
Epoch 060 |  Time(s) 0.0136 | RobustPrompt-T Loss 1.0052  
Epoch 061 |  Time(s) 0.0134 | RobustPrompt-T Loss 0.9859  
Epoch 062 |  Time(s) 0.0136 | RobustPrompt-T Loss 1.0017  
Epoch 063 |  Time(s) 0.0134 | RobustPrompt-T Loss 0.9449  
Epoch 064 |  Time(s) 0.0136 | RobustPrompt-T Loss 0.9039  
Epoch 065 |  Time(s) 0.0135 | RobustPrompt-T Loss 0.9119  
Epoch 066 |  Time(s) 0.0136 | RobustPrompt-T Loss 0.8989  
Epoch 067 |  Time(s) 0.0134 | RobustPrompt-T Loss 0.9442  
Epoch 068 |  Time(s) 0.0137 | RobustPrompt-T Loss 0.8184  
Epoch 069 |  Time(s) 0.0135 | RobustPrompt-T Loss 0.7910  
Epoch 070 |  Time(s) 0.0136 | RobustPrompt-T Loss 0.9773  
Epoch 071 |  Time(s) 0.0134 | RobustPrompt-T Loss 0.8404  
Epoch 072 |  Time(s) 0.0137 | RobustPrompt-T Loss 1.0773  
Epoch 073 |  Time(s) 0.0135 | RobustPrompt-T Loss 1.0843  
Epoch 074 |  Time(s) 0.0138 | RobustPrompt-T Loss 0.7282  
Epoch 075 |  Time(s) 0.0136 | RobustPrompt-T Loss 0.7924  
Epoch 076 |  Time(s) 0.0136 | RobustPrompt-T Loss 0.7041  
Epoch 077 |  Time(s) 0.0136 | RobustPrompt-T Loss 0.7304  
Epoch 078 |  Time(s) 0.0134 | RobustPrompt-T Loss 0.7163  
Epoch 079 |  Time(s) 0.0137 | RobustPrompt-T Loss 0.6644  
Epoch 080 |  Time(s) 0.0138 | RobustPrompt-T Loss 0.7557  
Epoch 081 |  Time(s) 0.0135 | RobustPrompt-T Loss 0.6146  
Epoch 082 |  Time(s) 0.0138 | RobustPrompt-T Loss 0.8147  
Epoch 083 |  Time(s) 0.0137 | RobustPrompt-T Loss 0.7811  
Epoch 084 |  Time(s) 0.0136 | RobustPrompt-T Loss 0.5937  
Epoch 085 |  Time(s) 0.0136 | RobustPrompt-T Loss 0.6794  
Epoch 086 |  Time(s) 0.0138 | RobustPrompt-T Loss 0.6451  
Epoch 087 |  Time(s) 0.0140 | RobustPrompt-T Loss 0.5814  
Epoch 088 |  Time(s) 0.0136 | RobustPrompt-T Loss 0.6293  
Epoch 089 |  Time(s) 0.0135 | RobustPrompt-T Loss 0.6201  
Epoch 090 |  Time(s) 0.0139 | RobustPrompt-T Loss 0.5117  
Epoch 091 |  Time(s) 0.0139 | RobustPrompt-T Loss 0.5545  
Epoch 092 |  Time(s) 0.0136 | RobustPrompt-T Loss 0.6221  
Epoch 093 |  Time(s) 0.0137 | RobustPrompt-T Loss 0.4723  
Epoch 094 |  Time(s) 0.0138 | RobustPrompt-T Loss 0.9150  
Epoch 095 |  Time(s) 0.0135 | RobustPrompt-T Loss 0.9806  
Epoch 096 |  Time(s) 0.0137 | RobustPrompt-T Loss 0.7763  
Epoch 097 |  Time(s) 0.0138 | RobustPrompt-T Loss 0.6531  
Epoch 098 |  Time(s) 0.0136 | RobustPrompt-T Loss 0.8982  
Epoch 099 |  Time(s) 0.0137 | RobustPrompt-T Loss 0.8636  
Epoch 100 |  Time(s) 0.0138 | RobustPrompt-T Loss 0.6628  
Epoch 101 |  Time(s) 0.0136 | RobustPrompt-T Loss 0.7135  
Epoch 102 |  Time(s) 0.0137 | RobustPrompt-T Loss 0.9862  
Epoch 103 |  Time(s) 0.0138 | RobustPrompt-T Loss 0.5507  
Epoch 104 |  Time(s) 0.0139 | RobustPrompt-T Loss 0.6321  
Epoch 105 |  Time(s) 0.0135 | RobustPrompt-T Loss 0.9014  
Epoch 106 |  Time(s) 0.0137 | RobustPrompt-T Loss 0.5951  
Epoch 107 |  Time(s) 0.0138 | RobustPrompt-T Loss 0.4699  
Epoch 108 |  Time(s) 0.0134 | RobustPrompt-T Loss 0.5671  
Epoch 109 |  Time(s) 0.0138 | RobustPrompt-T Loss 0.5077  
Epoch 110 |  Time(s) 0.0139 | RobustPrompt-T Loss 0.4548  
Epoch 111 |  Time(s) 0.0139 | RobustPrompt-T Loss 0.4328  
Epoch 112 |  Time(s) 0.0136 | RobustPrompt-T Loss 0.4939  
Epoch 113 |  Time(s) 0.0137 | RobustPrompt-T Loss 0.4720  
Epoch 114 |  Time(s) 0.0138 | RobustPrompt-T Loss 0.3831  
Epoch 115 |  Time(s) 0.0135 | RobustPrompt-T Loss 0.3925  
Epoch 116 |  Time(s) 0.0135 | RobustPrompt-T Loss 0.3596  
Epoch 117 |  Time(s) 0.0133 | RobustPrompt-T Loss 0.3584  
Epoch 118 |  Time(s) 0.0128 | RobustPrompt-T Loss 0.3535  
Epoch 119 |  Time(s) 0.0126 | RobustPrompt-T Loss 0.3182  
Epoch 120 |  Time(s) 0.0127 | RobustPrompt-T Loss 0.3882  
Epoch 121 |  Time(s) 0.0129 | RobustPrompt-T Loss 0.3159  
Epoch 122 |  Time(s) 0.0130 | RobustPrompt-T Loss 0.4159  
Epoch 123 |  Time(s) 0.0130 | RobustPrompt-T Loss 0.4189  
Epoch 124 |  Time(s) 0.0131 | RobustPrompt-T Loss 0.2857  
Epoch 125 |  Time(s) 0.0132 | RobustPrompt-T Loss 0.4122  
Epoch 126 |  Time(s) 0.0136 | RobustPrompt-T Loss 0.5077  
Epoch 127 |  Time(s) 0.0133 | RobustPrompt-T Loss 0.2904  
Epoch 128 |  Time(s) 0.0135 | RobustPrompt-T Loss 0.4269  
Epoch 129 |  Time(s) 0.0133 | RobustPrompt-T Loss 0.4037  
Epoch 130 |  Time(s) 0.0131 | RobustPrompt-T Loss 0.2651  
Epoch 131 |  Time(s) 0.0131 | RobustPrompt-T Loss 0.2623  
Epoch 132 |  Time(s) 0.0132 | RobustPrompt-T Loss 0.2466  
Epoch 133 |  Time(s) 0.0133 | RobustPrompt-T Loss 0.2318  
Epoch 134 |  Time(s) 0.0132 | RobustPrompt-T Loss 0.2197  
Epoch 135 |  Time(s) 0.0132 | RobustPrompt-T Loss 0.2276  
Epoch 136 |  Time(s) 0.0132 | RobustPrompt-T Loss 0.1828  
Epoch 137 |  Time(s) 0.0130 | RobustPrompt-T Loss 0.2258  
Epoch 138 |  Time(s) 0.0136 | RobustPrompt-T Loss 0.1776  
Epoch 139 |  Time(s) 0.0134 | RobustPrompt-T Loss 0.2198  
Epoch 140 |  Time(s) 0.0131 | RobustPrompt-T Loss 0.1778  
Epoch 141 |  Time(s) 0.0136 | RobustPrompt-T Loss 0.1719  
Epoch 142 |  Time(s) 0.0136 | RobustPrompt-T Loss 0.1614  
Epoch 143 |  Time(s) 0.0129 | RobustPrompt-T Loss 0.1215  
Epoch 144 |  Time(s) 0.0130 | RobustPrompt-T Loss 0.2062  
Epoch 145 |  Time(s) 0.0130 | RobustPrompt-T Loss 0.1379  
Epoch 146 |  Time(s) 0.0130 | RobustPrompt-T Loss 0.2149  
Epoch 147 |  Time(s) 0.0130 | RobustPrompt-T Loss 0.1646  
Epoch 148 |  Time(s) 0.0131 | RobustPrompt-T Loss 0.1741  
Epoch 149 |  Time(s) 0.0130 | RobustPrompt-T Loss 0.1604  
Epoch 150 |  Time(s) 0.0130 | RobustPrompt-T Loss 0.2065  
Epoch 151 |  Time(s) 0.0130 | RobustPrompt-T Loss 0.1523  
Epoch 152 |  Time(s) 0.0130 | RobustPrompt-T Loss 0.1739  
Epoch 153 |  Time(s) 0.0130 | RobustPrompt-T Loss 0.2003  
Epoch 154 |  Time(s) 0.0130 | RobustPrompt-T Loss 0.0948  
Epoch 155 |  Time(s) 0.0130 | RobustPrompt-T Loss 0.1676  
Epoch 156 |  Time(s) 0.0130 | RobustPrompt-T Loss 0.0897  
Epoch 157 |  Time(s) 0.0131 | RobustPrompt-T Loss 0.1546  
Epoch 158 |  Time(s) 0.0129 | RobustPrompt-T Loss 0.0973  
Epoch 159 |  Time(s) 0.0130 | RobustPrompt-T Loss 0.2613  
Epoch 160 |  Time(s) 0.0130 | RobustPrompt-T Loss 0.3210  
Epoch 161 |  Time(s) 0.0135 | RobustPrompt-T Loss 0.0727  
Epoch 162 |  Time(s) 0.0131 | RobustPrompt-T Loss 0.1816  
Epoch 163 |  Time(s) 0.0133 | RobustPrompt-T Loss 0.1800  
Epoch 164 |  Time(s) 0.0132 | RobustPrompt-T Loss 0.0692  
Epoch 165 |  Time(s) 0.0135 | RobustPrompt-T Loss 0.2129  
Epoch 166 |  Time(s) 0.0140 | RobustPrompt-T Loss 0.1087  
Epoch 167 |  Time(s) 0.0132 | RobustPrompt-T Loss 0.1349  
Epoch 168 |  Time(s) 0.0132 | RobustPrompt-T Loss 0.1754  
Epoch 169 |  Time(s) 0.0132 | RobustPrompt-T Loss 0.0629  
Epoch 170 |  Time(s) 0.0134 | RobustPrompt-T Loss 0.1860  
Epoch 171 |  Time(s) 0.0134 | RobustPrompt-T Loss 0.1119  
Epoch 172 |  Time(s) 0.0137 | RobustPrompt-T Loss 0.0943  
Epoch 173 |  Time(s) 0.0134 | RobustPrompt-T Loss 0.1014  
Epoch 174 |  Time(s) 0.0132 | RobustPrompt-T Loss 0.0663  
Epoch 175 |  Time(s) 0.0135 | RobustPrompt-T Loss 0.1218  
Epoch 176 |  Time(s) 0.0134 | RobustPrompt-T Loss 0.0566  
Epoch 177 |  Time(s) 0.0132 | RobustPrompt-T Loss 0.0715  
Epoch 178 |  Time(s) 0.0130 | RobustPrompt-T Loss 0.0580  
Epoch 179 |  Time(s) 0.0135 | RobustPrompt-T Loss 0.0633  
Epoch 180 |  Time(s) 0.0133 | RobustPrompt-T Loss 0.0656  
Epoch 181 |  Time(s) 0.0135 | RobustPrompt-T Loss 0.0530  
Epoch 182 |  Time(s) 0.0134 | RobustPrompt-T Loss 0.0574  
Epoch 183 |  Time(s) 0.0132 | RobustPrompt-T Loss 0.0485  
Epoch 184 |  Time(s) 0.0129 | RobustPrompt-T Loss 0.0637  
Epoch 185 |  Time(s) 0.0138 | RobustPrompt-T Loss 0.0467  
Epoch 186 |  Time(s) 0.0138 | RobustPrompt-T Loss 0.0520  
Epoch 187 |  Time(s) 0.0133 | RobustPrompt-T Loss 0.0463  
Epoch 188 |  Time(s) 0.0132 | RobustPrompt-T Loss 0.0499  
Epoch 189 |  Time(s) 0.0134 | RobustPrompt-T Loss 0.0511  
Epoch 190 |  Time(s) 0.0138 | RobustPrompt-T Loss 0.0444  
Epoch 191 |  Time(s) 0.0133 | RobustPrompt-T Loss 0.0442  
Epoch 192 |  Time(s) 0.0125 | RobustPrompt-T Loss 0.0413  
Epoch 193 |  Time(s) 0.0134 | RobustPrompt-T Loss 0.0469  
Epoch 194 |  Time(s) 0.0127 | RobustPrompt-T Loss 0.0470  
Epoch 195 |  Time(s) 0.0130 | RobustPrompt-T Loss 0.0443  
Epoch 196 |  Time(s) 0.0135 | RobustPrompt-T Loss 0.0443  
Epoch 197 |  Time(s) 0.0133 | RobustPrompt-T Loss 0.0420  
Epoch 198 |  Time(s) 0.0132 | RobustPrompt-T Loss 0.0501  
Epoch 199 |  Time(s) 0.0130 | RobustPrompt-T Loss 0.0408  
Epoch 200 |  Time(s) 0.0134 | RobustPrompt-T Loss 0.0465  
Final True Accuracy: 0.1337 | Macro F1 Score: 0.1360
Edge Detection Detail | source=filter_module | active=0 | n_edges=5835 | n_pos=610 | n_neg=5225 | pos_rate=0.1045 | pred_pos=5738 | pred_pos_rate=0.9834 | tp=610 | fp=5128 | fn=0 | tn=97 | precision=0.1063 | recall=1.0000 | f1=0.1922 | auc=0.8623 | ap=0.3969 | best_f1=0.5558 | best_threshold=0.9600 | best_precision=0.4452 | best_recall=0.7393 | best_pred_pos_rate=0.1736 | precision_at_k_pos=0.4984 | recall_at_k_pos=0.4984 | all_positive_f1=0.1893 | current_f1_minus_all_positive_f1=0.0029 | hard_mask_all_positive_like=0 | mode=original
Edge Detection Detail | source=tau_tune | active=1 | n_edges=5835 | n_pos=610 | n_neg=5225 | pos_rate=0.1045 | pred_pos=192 | pred_pos_rate=0.0329 | tp=39 | fp=153 | fn=571 | tn=5072 | precision=0.2031 | recall=0.0639 | f1=0.0973 | auc=0.6416 | ap=0.1618 | best_f1=0.2437 | best_threshold=0.1395 | best_precision=0.1699 | best_recall=0.4311 | best_pred_pos_rate=0.2653 | precision_at_k_pos=0.1885 | recall_at_k_pos=0.1885 | all_positive_f1=0.1893 | current_f1_minus_all_positive_f1=-0.0920 | hard_mask_all_positive_like=0
Tip Detection | tip=sim_pt | active=1 | node_precision=0.2092 | node_recall=0.3386 | node_f1=0.2586 | edge_precision=0.1389 | edge_recall=0.9934 | edge_f1=0.2437 | edge_auc=0.6371 | node_tp=150 | node_fp=567 | node_fn=293 | edge_tp=606 | edge_fp=3758 | edge_fn=4
Edge Detection Detail | source=sim_pt | active=1 | n_edges=5835 | n_pos=610 | n_neg=5225 | pos_rate=0.1045 | pred_pos=4364 | pred_pos_rate=0.7479 | tp=606 | fp=3758 | fn=4 | tn=1467 | precision=0.1389 | recall=0.9934 | f1=0.2437 | auc=0.6371 | ap=0.1386 | best_f1=nan | best_threshold=nan | best_precision=nan | best_recall=nan | best_pred_pos_rate=nan | precision_at_k_pos=nan | recall_at_k_pos=nan | all_positive_f1=0.1893 | current_f1_minus_all_positive_f1=0.0544 | hard_mask_all_positive_like=0
Tip Detection | tip=degree_pt | active=1 | node_precision=0.0000 | node_recall=0.0000 | node_f1=0.0000 | edge_precision=0.0000 | edge_recall=0.0000 | edge_f1=0.0000 | edge_auc=0.5000 | node_tp=0 | node_fp=0 | node_fn=443 | edge_tp=0 | edge_fp=0 | edge_fn=610
Edge Detection Detail | source=degree_pt | active=1 | n_edges=5835 | n_pos=610 | n_neg=5225 | pos_rate=0.1045 | pred_pos=0 | pred_pos_rate=0.0000 | tp=0 | fp=0 | fn=610 | tn=5225 | precision=0.0000 | recall=0.0000 | f1=0.0000 | auc=0.5000 | ap=0.1045 | best_f1=nan | best_threshold=nan | best_precision=nan | best_recall=nan | best_pred_pos_rate=nan | precision_at_k_pos=nan | recall_at_k_pos=nan | all_positive_f1=0.1893 | current_f1_minus_all_positive_f1=-0.1893 | hard_mask_all_positive_like=0
Tip Detection | tip=out_detect_pt | active=1 | node_precision=0.1640 | node_recall=1.0000 | node_f1=0.2817 | edge_precision=0.1045 | edge_recall=1.0000 | edge_f1=0.1893 | edge_auc=0.5000 | node_tp=443 | node_fp=2259 | node_fn=0 | edge_tp=610 | edge_fp=5225 | edge_fn=0
Edge Detection Detail | source=out_detect_pt | active=1 | n_edges=5835 | n_pos=610 | n_neg=5225 | pos_rate=0.1045 | pred_pos=5739 | pred_pos_rate=0.9835 | tp=610 | fp=5129 | fn=0 | tn=96 | precision=0.1063 | recall=1.0000 | f1=0.1922 | auc=0.8623 | ap=0.3969 | best_f1=0.5558 | best_threshold=0.9600 | best_precision=0.4452 | best_recall=0.7393 | best_pred_pos_rate=0.1736 | precision_at_k_pos=0.4984 | recall_at_k_pos=0.4984 | all_positive_f1=0.1893 | current_f1_minus_all_positive_f1=0.0029 | hard_mask_all_positive_like=0
best_loss [tensor(0.0465, device='cuda:0', grad_fn=<AddBackward0>)]
load LLC or attacked data with specified split
Successfully loaded the attack of dataname with few shot 5, split 1
Attack method : Meta_Self | Attack ptb : 0.1 | Dataset: Cora
======================
Number of graphs: 1
Number of features: 1433
Number of classes: 7

Data(x=[2708, 1433], edge_index=[2, 14378], y=[2708], train_mask=[2708], val_mask=[2708], test_mask=[2708])
===========================================================================================================
Number of nodes: 2708
Number of edges: 14378
Average node degree: 5.31
Has isolated nodes: False
Has self-loops: True
Is undirected: True
Pollution Diff | added_edges=610 | deleted_edges=53 | clean_edges=5278 | attack_edges=5835
GCN(
  (conv_layers): ModuleList(
    (0): GCNConv(1433, 256)
    (1): GCNConv(256, 256)
  )
)
Successfully loaded pre-trained weights!
use RobustPrompt Tranductive
defense pt dict :  {'sim_pt': 0.3, 'degree_pt': 1, 'out_detect_pt': 0.5, 'other_pt': 'all'}
use_attention :  False
cosine_constraint :  True
pt_threshold :  0.5
filter_module :  OriginalFilter
temperature :  1.0
weight_mse 0.1
weight_kl :  0.3
weight_constraint :  0.2
run RobustPrompt-T
Epoch 001 |  Time(s) 0.0143 | RobustPrompt-T Loss 1.9443  
Epoch 002 |  Time(s) 0.0138 | RobustPrompt-T Loss 1.9361  
Epoch 003 |  Time(s) 0.0129 | RobustPrompt-T Loss 1.9260  
Epoch 004 |  Time(s) 0.0131 | RobustPrompt-T Loss 1.9028  
Epoch 005 |  Time(s) 0.0131 | RobustPrompt-T Loss 1.8741  
Epoch 006 |  Time(s) 0.0133 | RobustPrompt-T Loss 1.8716  
Epoch 007 |  Time(s) 0.0131 | RobustPrompt-T Loss 1.8621  
Epoch 008 |  Time(s) 0.0130 | RobustPrompt-T Loss 1.7932  
Epoch 009 |  Time(s) 0.0130 | RobustPrompt-T Loss 1.7767  
Epoch 010 |  Time(s) 0.0130 | RobustPrompt-T Loss 1.7867  
Epoch 011 |  Time(s) 0.0129 | RobustPrompt-T Loss 1.8329  
Epoch 012 |  Time(s) 0.0130 | RobustPrompt-T Loss 1.8071  
Epoch 013 |  Time(s) 0.0131 | RobustPrompt-T Loss 1.8455  
Epoch 014 |  Time(s) 0.0129 | RobustPrompt-T Loss 1.7462  
Epoch 015 |  Time(s) 0.0130 | RobustPrompt-T Loss 1.7764  
Epoch 016 |  Time(s) 0.0130 | RobustPrompt-T Loss 1.7468  
Epoch 017 |  Time(s) 0.0129 | RobustPrompt-T Loss 1.7559  
Epoch 018 |  Time(s) 0.0130 | RobustPrompt-T Loss 1.7256  
Epoch 019 |  Time(s) 0.0130 | RobustPrompt-T Loss 1.7279  
Epoch 020 |  Time(s) 0.0130 | RobustPrompt-T Loss 1.7452  
Epoch 021 |  Time(s) 0.0131 | RobustPrompt-T Loss 1.6948  
Epoch 022 |  Time(s) 0.0130 | RobustPrompt-T Loss 1.6793  
Epoch 023 |  Time(s) 0.0129 | RobustPrompt-T Loss 1.6858  
Epoch 024 |  Time(s) 0.0131 | RobustPrompt-T Loss 1.6733  
Epoch 025 |  Time(s) 0.0129 | RobustPrompt-T Loss 1.6591  
Epoch 026 |  Time(s) 0.0127 | RobustPrompt-T Loss 1.6121  
Epoch 027 |  Time(s) 0.0135 | RobustPrompt-T Loss 1.6188  
Epoch 028 |  Time(s) 0.0136 | RobustPrompt-T Loss 1.5937  
Epoch 029 |  Time(s) 0.0130 | RobustPrompt-T Loss 1.5773  
Epoch 030 |  Time(s) 0.0132 | RobustPrompt-T Loss 1.5429  
Epoch 031 |  Time(s) 0.0132 | RobustPrompt-T Loss 1.5195  
Epoch 032 |  Time(s) 0.0132 | RobustPrompt-T Loss 1.5487  
Epoch 033 |  Time(s) 0.0135 | RobustPrompt-T Loss 1.4744  
Epoch 034 |  Time(s) 0.0133 | RobustPrompt-T Loss 1.4430  
Epoch 035 |  Time(s) 0.0129 | RobustPrompt-T Loss 1.3770  
Epoch 036 |  Time(s) 0.0131 | RobustPrompt-T Loss 1.3700  
Epoch 037 |  Time(s) 0.0130 | RobustPrompt-T Loss 1.2848  
Epoch 038 |  Time(s) 0.0131 | RobustPrompt-T Loss 1.2668  
Epoch 039 |  Time(s) 0.0130 | RobustPrompt-T Loss 1.2621  
Epoch 040 |  Time(s) 0.0134 | RobustPrompt-T Loss 1.2196  
Epoch 041 |  Time(s) 0.0144 | RobustPrompt-T Loss 1.2555  
Epoch 042 |  Time(s) 0.0128 | RobustPrompt-T Loss 1.2230  
Epoch 043 |  Time(s) 0.0131 | RobustPrompt-T Loss 1.1178  
Epoch 044 |  Time(s) 0.0131 | RobustPrompt-T Loss 1.0815  
Epoch 045 |  Time(s) 0.0131 | RobustPrompt-T Loss 1.0492  
Epoch 046 |  Time(s) 0.0131 | RobustPrompt-T Loss 1.0325  
Epoch 047 |  Time(s) 0.0131 | RobustPrompt-T Loss 1.0138  
Epoch 048 |  Time(s) 0.0129 | RobustPrompt-T Loss 0.9874  
Epoch 049 |  Time(s) 0.0130 | RobustPrompt-T Loss 0.9682  
Epoch 050 |  Time(s) 0.0129 | RobustPrompt-T Loss 0.9414  
Epoch 051 |  Time(s) 0.0130 | RobustPrompt-T Loss 0.9395  
Epoch 052 |  Time(s) 0.0129 | RobustPrompt-T Loss 1.0045  
Epoch 053 |  Time(s) 0.0130 | RobustPrompt-T Loss 0.8887  
Epoch 054 |  Time(s) 0.0131 | RobustPrompt-T Loss 0.8529  
Epoch 055 |  Time(s) 0.0131 | RobustPrompt-T Loss 0.8327  
Epoch 056 |  Time(s) 0.0130 | RobustPrompt-T Loss 0.8361  
Epoch 057 |  Time(s) 0.0130 | RobustPrompt-T Loss 0.9903  
Epoch 058 |  Time(s) 0.0129 | RobustPrompt-T Loss 0.8268  
Epoch 059 |  Time(s) 0.0130 | RobustPrompt-T Loss 1.3547  
Epoch 060 |  Time(s) 0.0131 | RobustPrompt-T Loss 1.2769  
Epoch 061 |  Time(s) 0.0131 | RobustPrompt-T Loss 1.0104  
Epoch 062 |  Time(s) 0.0130 | RobustPrompt-T Loss 0.9870  
Epoch 063 |  Time(s) 0.0130 | RobustPrompt-T Loss 0.8959  
Epoch 064 |  Time(s) 0.0130 | RobustPrompt-T Loss 0.8760  
Epoch 065 |  Time(s) 0.0130 | RobustPrompt-T Loss 0.9109  
Epoch 066 |  Time(s) 0.0131 | RobustPrompt-T Loss 0.9468  
Epoch 067 |  Time(s) 0.0130 | RobustPrompt-T Loss 0.8089  
Epoch 068 |  Time(s) 0.0130 | RobustPrompt-T Loss 0.7397  
Epoch 069 |  Time(s) 0.0130 | RobustPrompt-T Loss 0.9741  
Epoch 070 |  Time(s) 0.0130 | RobustPrompt-T Loss 0.7847  
Epoch 071 |  Time(s) 0.0129 | RobustPrompt-T Loss 1.0146  
Epoch 072 |  Time(s) 0.0130 | RobustPrompt-T Loss 1.1103  
Epoch 073 |  Time(s) 0.0130 | RobustPrompt-T Loss 0.8501  
Epoch 074 |  Time(s) 0.0130 | RobustPrompt-T Loss 0.7661  
Epoch 075 |  Time(s) 0.0130 | RobustPrompt-T Loss 0.7590  
Epoch 076 |  Time(s) 0.0130 | RobustPrompt-T Loss 0.7026  
Epoch 077 |  Time(s) 0.0130 | RobustPrompt-T Loss 0.7766  
Epoch 078 |  Time(s) 0.0130 | RobustPrompt-T Loss 0.7564  
Epoch 079 |  Time(s) 0.0129 | RobustPrompt-T Loss 0.9703  
Epoch 080 |  Time(s) 0.0130 | RobustPrompt-T Loss 0.9264  
Epoch 081 |  Time(s) 0.0131 | RobustPrompt-T Loss 0.6555  
Epoch 082 |  Time(s) 0.0131 | RobustPrompt-T Loss 0.8294  
Epoch 083 |  Time(s) 0.0130 | RobustPrompt-T Loss 0.7988  
Epoch 084 |  Time(s) 0.0134 | RobustPrompt-T Loss 0.8168  
Epoch 085 |  Time(s) 0.0132 | RobustPrompt-T Loss 0.7645  
Epoch 086 |  Time(s) 0.0132 | RobustPrompt-T Loss 0.7021  
Epoch 087 |  Time(s) 0.0131 | RobustPrompt-T Loss 0.6297  
Epoch 088 |  Time(s) 0.0131 | RobustPrompt-T Loss 0.6777  
Epoch 089 |  Time(s) 0.0134 | RobustPrompt-T Loss 0.7110  
Epoch 090 |  Time(s) 0.0132 | RobustPrompt-T Loss 0.7478  
Epoch 091 |  Time(s) 0.0129 | RobustPrompt-T Loss 0.6408  
Epoch 092 |  Time(s) 0.0131 | RobustPrompt-T Loss 0.7594  
Epoch 093 |  Time(s) 0.0130 | RobustPrompt-T Loss 0.7816  
Epoch 094 |  Time(s) 0.0131 | RobustPrompt-T Loss 0.5877  
Epoch 095 |  Time(s) 0.0131 | RobustPrompt-T Loss 0.5494  
Epoch 096 |  Time(s) 0.0130 | RobustPrompt-T Loss 0.6152  
Epoch 097 |  Time(s) 0.0130 | RobustPrompt-T Loss 0.5666  
Epoch 098 |  Time(s) 0.0129 | RobustPrompt-T Loss 0.7486  
Epoch 099 |  Time(s) 0.0131 | RobustPrompt-T Loss 0.6641  
Epoch 100 |  Time(s) 0.0131 | RobustPrompt-T Loss 0.5168  
Epoch 101 |  Time(s) 0.0130 | RobustPrompt-T Loss 0.5492  
Epoch 102 |  Time(s) 0.0135 | RobustPrompt-T Loss 0.4798  
Epoch 103 |  Time(s) 0.0131 | RobustPrompt-T Loss 0.4645  
Epoch 104 |  Time(s) 0.0132 | RobustPrompt-T Loss 0.4874  
Epoch 105 |  Time(s) 0.0128 | RobustPrompt-T Loss 0.4433  
Epoch 106 |  Time(s) 0.0126 | RobustPrompt-T Loss 0.4402  
Epoch 107 |  Time(s) 0.0133 | RobustPrompt-T Loss 0.4790  
Epoch 108 |  Time(s) 0.0134 | RobustPrompt-T Loss 0.4387  
Epoch 109 |  Time(s) 0.0130 | RobustPrompt-T Loss 0.5794  
Epoch 110 |  Time(s) 0.0132 | RobustPrompt-T Loss 0.6905  
Epoch 111 |  Time(s) 0.0131 | RobustPrompt-T Loss 0.3725  
Epoch 112 |  Time(s) 0.0134 | RobustPrompt-T Loss 0.4668  
Epoch 113 |  Time(s) 0.0131 | RobustPrompt-T Loss 0.3723  
Epoch 114 |  Time(s) 0.0129 | RobustPrompt-T Loss 0.5402  
Epoch 115 |  Time(s) 0.0128 | RobustPrompt-T Loss 0.6066  
Epoch 116 |  Time(s) 0.0137 | RobustPrompt-T Loss 0.3943  
Epoch 117 |  Time(s) 0.0130 | RobustPrompt-T Loss 0.4617  
Epoch 118 |  Time(s) 0.0135 | RobustPrompt-T Loss 0.5583  
Epoch 119 |  Time(s) 0.0132 | RobustPrompt-T Loss 0.5104  
Epoch 120 |  Time(s) 0.0133 | RobustPrompt-T Loss 0.3842  
Epoch 121 |  Time(s) 0.0128 | RobustPrompt-T Loss 0.4025  
Epoch 122 |  Time(s) 0.0135 | RobustPrompt-T Loss 0.3192  
Epoch 123 |  Time(s) 0.0135 | RobustPrompt-T Loss 0.5444  
Epoch 124 |  Time(s) 0.0133 | RobustPrompt-T Loss 0.4172  
Epoch 125 |  Time(s) 0.0133 | RobustPrompt-T Loss 0.4219  
Epoch 126 |  Time(s) 0.0131 | RobustPrompt-T Loss 0.4154  
Epoch 127 |  Time(s) 0.0133 | RobustPrompt-T Loss 0.2690  
Epoch 128 |  Time(s) 0.0136 | RobustPrompt-T Loss 0.3693  
Epoch 129 |  Time(s) 0.0135 | RobustPrompt-T Loss 0.2759  
Epoch 130 |  Time(s) 0.0131 | RobustPrompt-T Loss 0.2970  
Epoch 131 |  Time(s) 0.0139 | RobustPrompt-T Loss 0.3722  
Epoch 132 |  Time(s) 0.0140 | RobustPrompt-T Loss 0.2660  
Epoch 133 |  Time(s) 0.0127 | RobustPrompt-T Loss 0.3841  
Epoch 134 |  Time(s) 0.0134 | RobustPrompt-T Loss 0.3455  
Epoch 135 |  Time(s) 0.0134 | RobustPrompt-T Loss 0.2868  
Epoch 136 |  Time(s) 0.0130 | RobustPrompt-T Loss 0.2924  
Epoch 137 |  Time(s) 0.0131 | RobustPrompt-T Loss 0.3017  
Epoch 138 |  Time(s) 0.0133 | RobustPrompt-T Loss 0.2634  
Epoch 139 |  Time(s) 0.0134 | RobustPrompt-T Loss 0.3452  
Epoch 140 |  Time(s) 0.0127 | RobustPrompt-T Loss 0.2915  
Epoch 141 |  Time(s) 0.0134 | RobustPrompt-T Loss 0.2882  
Epoch 142 |  Time(s) 0.0133 | RobustPrompt-T Loss 0.2653  
Epoch 143 |  Time(s) 0.0132 | RobustPrompt-T Loss 0.3362  
Epoch 144 |  Time(s) 0.0132 | RobustPrompt-T Loss 0.3182  
Epoch 145 |  Time(s) 0.0135 | RobustPrompt-T Loss 0.2617  
Epoch 146 |  Time(s) 0.0134 | RobustPrompt-T Loss 0.2506  
Epoch 147 |  Time(s) 0.0130 | RobustPrompt-T Loss 0.2495  
Epoch 148 |  Time(s) 0.0132 | RobustPrompt-T Loss 0.2252  
Epoch 149 |  Time(s) 0.0137 | RobustPrompt-T Loss 0.2282  
Epoch 150 |  Time(s) 0.0140 | RobustPrompt-T Loss 0.2138  
Epoch 151 |  Time(s) 0.0139 | RobustPrompt-T Loss 0.2614  
Epoch 152 |  Time(s) 0.0141 | RobustPrompt-T Loss 0.1925  
Epoch 153 |  Time(s) 0.0137 | RobustPrompt-T Loss 0.2726  
Epoch 154 |  Time(s) 0.0132 | RobustPrompt-T Loss 0.2519  
Epoch 155 |  Time(s) 0.0137 | RobustPrompt-T Loss 0.1745  
Epoch 156 |  Time(s) 0.0143 | RobustPrompt-T Loss 0.1798  
Epoch 157 |  Time(s) 0.0137 | RobustPrompt-T Loss 0.2229  
Epoch 158 |  Time(s) 0.0138 | RobustPrompt-T Loss 0.2004  
Epoch 159 |  Time(s) 0.0138 | RobustPrompt-T Loss 0.1865  
Epoch 160 |  Time(s) 0.0140 | RobustPrompt-T Loss 0.1715  
Epoch 161 |  Time(s) 0.0134 | RobustPrompt-T Loss 0.1938  
Epoch 162 |  Time(s) 0.0126 | RobustPrompt-T Loss 0.1581  
Epoch 163 |  Time(s) 0.0133 | RobustPrompt-T Loss 0.2112  
Epoch 164 |  Time(s) 0.0137 | RobustPrompt-T Loss 0.1691  
Epoch 165 |  Time(s) 0.0129 | RobustPrompt-T Loss 0.1494  
Epoch 166 |  Time(s) 0.0140 | RobustPrompt-T Loss 0.1475  
Epoch 167 |  Time(s) 0.0137 | RobustPrompt-T Loss 0.1910  
Epoch 168 |  Time(s) 0.0130 | RobustPrompt-T Loss 0.2052  
Epoch 169 |  Time(s) 0.0133 | RobustPrompt-T Loss 0.1337  
Epoch 170 |  Time(s) 0.0128 | RobustPrompt-T Loss 0.1347  
Epoch 171 |  Time(s) 0.0131 | RobustPrompt-T Loss 0.1281  
Epoch 172 |  Time(s) 0.0133 | RobustPrompt-T Loss 0.1144  
Epoch 173 |  Time(s) 0.0130 | RobustPrompt-T Loss 0.1164  
Epoch 174 |  Time(s) 0.0138 | RobustPrompt-T Loss 0.0998  
Epoch 175 |  Time(s) 0.0140 | RobustPrompt-T Loss 0.1126  
Epoch 176 |  Time(s) 0.0127 | RobustPrompt-T Loss 0.0940  
Epoch 177 |  Time(s) 0.0130 | RobustPrompt-T Loss 0.0924  
Epoch 178 |  Time(s) 0.0131 | RobustPrompt-T Loss 0.0842  
Epoch 179 |  Time(s) 0.0131 | RobustPrompt-T Loss 0.0840  
Epoch 180 |  Time(s) 0.0132 | RobustPrompt-T Loss 0.0776  
Epoch 181 |  Time(s) 0.0132 | RobustPrompt-T Loss 0.0801  
Epoch 182 |  Time(s) 0.0135 | RobustPrompt-T Loss 0.0763  
Epoch 183 |  Time(s) 0.0134 | RobustPrompt-T Loss 0.0742  
Epoch 184 |  Time(s) 0.0135 | RobustPrompt-T Loss 0.0742  
Epoch 185 |  Time(s) 0.0134 | RobustPrompt-T Loss 0.0682  
Epoch 186 |  Time(s) 0.0135 | RobustPrompt-T Loss 0.0696  
Epoch 187 |  Time(s) 0.0134 | RobustPrompt-T Loss 0.0696  
Epoch 188 |  Time(s) 0.0136 | RobustPrompt-T Loss 0.0633  
Epoch 189 |  Time(s) 0.0132 | RobustPrompt-T Loss 0.0771  
Epoch 190 |  Time(s) 0.0131 | RobustPrompt-T Loss 0.0845  
Epoch 191 |  Time(s) 0.0134 | RobustPrompt-T Loss 0.0630  
Epoch 192 |  Time(s) 0.0136 | RobustPrompt-T Loss 0.0618  
Epoch 193 |  Time(s) 0.0134 | RobustPrompt-T Loss 0.0628  
Epoch 194 |  Time(s) 0.0136 | RobustPrompt-T Loss 0.0605  
Epoch 195 |  Time(s) 0.0134 | RobustPrompt-T Loss 0.0605  
Epoch 196 |  Time(s) 0.0138 | RobustPrompt-T Loss 0.0615  
Epoch 197 |  Time(s) 0.0138 | RobustPrompt-T Loss 0.0590  
Epoch 198 |  Time(s) 0.0134 | RobustPrompt-T Loss 0.0563  
Epoch 199 |  Time(s) 0.0136 | RobustPrompt-T Loss 0.0612  
Epoch 200 |  Time(s) 0.0139 | RobustPrompt-T Loss 0.0556  
Final True Accuracy: 0.1516 | Macro F1 Score: 0.1406
Edge Detection Detail | source=filter_module | active=0 | n_edges=5835 | n_pos=610 | n_neg=5225 | pos_rate=0.1045 | pred_pos=5738 | pred_pos_rate=0.9834 | tp=610 | fp=5128 | fn=0 | tn=97 | precision=0.1063 | recall=1.0000 | f1=0.1922 | auc=0.8623 | ap=0.3969 | best_f1=0.5558 | best_threshold=0.9600 | best_precision=0.4452 | best_recall=0.7393 | best_pred_pos_rate=0.1736 | precision_at_k_pos=0.4984 | recall_at_k_pos=0.4984 | all_positive_f1=0.1893 | current_f1_minus_all_positive_f1=0.0029 | hard_mask_all_positive_like=0 | mode=original
Edge Detection Detail | source=tau_tune | active=1 | n_edges=5835 | n_pos=610 | n_neg=5225 | pos_rate=0.1045 | pred_pos=349 | pred_pos_rate=0.0598 | tp=64 | fp=285 | fn=546 | tn=4940 | precision=0.1834 | recall=0.1049 | f1=0.1335 | auc=0.6366 | ap=0.1599 | best_f1=0.2435 | best_threshold=0.0841 | best_precision=0.1523 | best_recall=0.6066 | best_pred_pos_rate=0.4163 | precision_at_k_pos=0.1689 | recall_at_k_pos=0.1689 | all_positive_f1=0.1893 | current_f1_minus_all_positive_f1=-0.0558 | hard_mask_all_positive_like=0
Tip Detection | tip=sim_pt | active=1 | node_precision=0.2092 | node_recall=0.3386 | node_f1=0.2586 | edge_precision=0.1389 | edge_recall=0.9934 | edge_f1=0.2437 | edge_auc=0.6371 | node_tp=150 | node_fp=567 | node_fn=293 | edge_tp=606 | edge_fp=3758 | edge_fn=4
Edge Detection Detail | source=sim_pt | active=1 | n_edges=5835 | n_pos=610 | n_neg=5225 | pos_rate=0.1045 | pred_pos=4364 | pred_pos_rate=0.7479 | tp=606 | fp=3758 | fn=4 | tn=1467 | precision=0.1389 | recall=0.9934 | f1=0.2437 | auc=0.6371 | ap=0.1386 | best_f1=nan | best_threshold=nan | best_precision=nan | best_recall=nan | best_pred_pos_rate=nan | precision_at_k_pos=nan | recall_at_k_pos=nan | all_positive_f1=0.1893 | current_f1_minus_all_positive_f1=0.0544 | hard_mask_all_positive_like=0
Tip Detection | tip=degree_pt | active=1 | node_precision=0.0000 | node_recall=0.0000 | node_f1=0.0000 | edge_precision=0.0000 | edge_recall=0.0000 | edge_f1=0.0000 | edge_auc=0.5000 | node_tp=0 | node_fp=0 | node_fn=443 | edge_tp=0 | edge_fp=0 | edge_fn=610
Edge Detection Detail | source=degree_pt | active=1 | n_edges=5835 | n_pos=610 | n_neg=5225 | pos_rate=0.1045 | pred_pos=0 | pred_pos_rate=0.0000 | tp=0 | fp=0 | fn=610 | tn=5225 | precision=0.0000 | recall=0.0000 | f1=0.0000 | auc=0.5000 | ap=0.1045 | best_f1=nan | best_threshold=nan | best_precision=nan | best_recall=nan | best_pred_pos_rate=nan | precision_at_k_pos=nan | recall_at_k_pos=nan | all_positive_f1=0.1893 | current_f1_minus_all_positive_f1=-0.1893 | hard_mask_all_positive_like=0
Tip Detection | tip=out_detect_pt | active=1 | node_precision=0.1640 | node_recall=1.0000 | node_f1=0.2817 | edge_precision=0.1045 | edge_recall=1.0000 | edge_f1=0.1893 | edge_auc=0.5000 | node_tp=443 | node_fp=2259 | node_fn=0 | edge_tp=610 | edge_fp=5225 | edge_fn=0
Edge Detection Detail | source=out_detect_pt | active=1 | n_edges=5835 | n_pos=610 | n_neg=5225 | pos_rate=0.1045 | pred_pos=5739 | pred_pos_rate=0.9835 | tp=610 | fp=5129 | fn=0 | tn=96 | precision=0.1063 | recall=1.0000 | f1=0.1922 | auc=0.8623 | ap=0.3969 | best_f1=0.5558 | best_threshold=0.9600 | best_precision=0.4452 | best_recall=0.7393 | best_pred_pos_rate=0.1736 | precision_at_k_pos=0.4984 | recall_at_k_pos=0.4984 | all_positive_f1=0.1893 | current_f1_minus_all_positive_f1=0.0029 | hard_mask_all_positive_like=0
best_loss [tensor(0.0556, device='cuda:0', grad_fn=<AddBackward0>)]
load LLC or attacked data with specified split
Successfully loaded the attack of dataname with few shot 5, split 1
Attack method : Meta_Self | Attack ptb : 0.1 | Dataset: Cora
======================
Number of graphs: 1
Number of features: 1433
Number of classes: 7

Data(x=[2708, 1433], edge_index=[2, 14378], y=[2708], train_mask=[2708], val_mask=[2708], test_mask=[2708])
===========================================================================================================
Number of nodes: 2708
Number of edges: 14378
Average node degree: 5.31
Has isolated nodes: False
Has self-loops: True
Is undirected: True
Pollution Diff | added_edges=610 | deleted_edges=53 | clean_edges=5278 | attack_edges=5835
GCN(
  (conv_layers): ModuleList(
    (0): GCNConv(1433, 256)
    (1): GCNConv(256, 256)
  )
)
Successfully loaded pre-trained weights!
use RobustPrompt Tranductive
defense pt dict :  {'sim_pt': 0.3, 'degree_pt': 1, 'out_detect_pt': 0.5, 'other_pt': 'all'}
use_attention :  False
cosine_constraint :  True
pt_threshold :  0.5
filter_module :  OriginalFilter
temperature :  1.0
weight_mse 0.1
weight_kl :  0.3
weight_constraint :  0.2
run RobustPrompt-T
Epoch 001 |  Time(s) 0.0136 | RobustPrompt-T Loss 1.9459  
Epoch 002 |  Time(s) 0.0135 | RobustPrompt-T Loss 1.9428  
Epoch 003 |  Time(s) 0.0135 | RobustPrompt-T Loss 1.9307  
Epoch 004 |  Time(s) 0.0135 | RobustPrompt-T Loss 1.9195  
Epoch 005 |  Time(s) 0.0134 | RobustPrompt-T Loss 1.9020  
Epoch 006 |  Time(s) 0.0134 | RobustPrompt-T Loss 1.8998  
Epoch 007 |  Time(s) 0.0135 | RobustPrompt-T Loss 1.8792  
Epoch 008 |  Time(s) 0.0136 | RobustPrompt-T Loss 1.8596  
Epoch 009 |  Time(s) 0.0134 | RobustPrompt-T Loss 1.8461  
Epoch 010 |  Time(s) 0.0135 | RobustPrompt-T Loss 1.8762  
Epoch 011 |  Time(s) 0.0135 | RobustPrompt-T Loss 1.8487  
Epoch 012 |  Time(s) 0.0135 | RobustPrompt-T Loss 1.8129  
Epoch 013 |  Time(s) 0.0136 | RobustPrompt-T Loss 1.8548  
Epoch 014 |  Time(s) 0.0134 | RobustPrompt-T Loss 1.8042  
Epoch 015 |  Time(s) 0.0137 | RobustPrompt-T Loss 1.8216  
Epoch 016 |  Time(s) 0.0136 | RobustPrompt-T Loss 1.7858  
Epoch 017 |  Time(s) 0.0134 | RobustPrompt-T Loss 1.7829  
Epoch 018 |  Time(s) 0.0135 | RobustPrompt-T Loss 1.7651  
Epoch 019 |  Time(s) 0.0135 | RobustPrompt-T Loss 1.7582  
Epoch 020 |  Time(s) 0.0131 | RobustPrompt-T Loss 1.7795  
Epoch 021 |  Time(s) 0.0133 | RobustPrompt-T Loss 1.7419  
Epoch 022 |  Time(s) 0.0132 | RobustPrompt-T Loss 1.7461  
Epoch 023 |  Time(s) 0.0132 | RobustPrompt-T Loss 1.7227  
Epoch 024 |  Time(s) 0.0133 | RobustPrompt-T Loss 1.7257  
Epoch 025 |  Time(s) 0.0134 | RobustPrompt-T Loss 1.7174  
Epoch 026 |  Time(s) 0.0131 | RobustPrompt-T Loss 1.6821  
Epoch 027 |  Time(s) 0.0135 | RobustPrompt-T Loss 1.6580  
Epoch 028 |  Time(s) 0.0133 | RobustPrompt-T Loss 1.6860  
Epoch 029 |  Time(s) 0.0132 | RobustPrompt-T Loss 1.7157  
Epoch 030 |  Time(s) 0.0134 | RobustPrompt-T Loss 1.6162  
Epoch 031 |  Time(s) 0.0135 | RobustPrompt-T Loss 1.5438  
Epoch 032 |  Time(s) 0.0137 | RobustPrompt-T Loss 1.5477  
Epoch 033 |  Time(s) 0.0135 | RobustPrompt-T Loss 1.5553  
Epoch 034 |  Time(s) 0.0136 | RobustPrompt-T Loss 1.6016  
Epoch 035 |  Time(s) 0.0138 | RobustPrompt-T Loss 1.5299  
Epoch 036 |  Time(s) 0.0133 | RobustPrompt-T Loss 1.4222  
Epoch 037 |  Time(s) 0.0133 | RobustPrompt-T Loss 1.4078  
Epoch 038 |  Time(s) 0.0135 | RobustPrompt-T Loss 1.5207  
Epoch 039 |  Time(s) 0.0137 | RobustPrompt-T Loss 1.3597  
Epoch 040 |  Time(s) 0.0133 | RobustPrompt-T Loss 1.5111  
Epoch 041 |  Time(s) 0.0140 | RobustPrompt-T Loss 1.5229  
Epoch 042 |  Time(s) 0.0135 | RobustPrompt-T Loss 1.3036  
Epoch 043 |  Time(s) 0.0134 | RobustPrompt-T Loss 1.3159  
Epoch 044 |  Time(s) 0.0134 | RobustPrompt-T Loss 1.2903  
Epoch 045 |  Time(s) 0.0137 | RobustPrompt-T Loss 1.1725  
Epoch 046 |  Time(s) 0.0133 | RobustPrompt-T Loss 1.2203  
Epoch 047 |  Time(s) 0.0132 | RobustPrompt-T Loss 1.2475  
Epoch 048 |  Time(s) 0.0134 | RobustPrompt-T Loss 1.1989  
Epoch 049 |  Time(s) 0.0135 | RobustPrompt-T Loss 1.0781  
Epoch 050 |  Time(s) 0.0135 | RobustPrompt-T Loss 1.0675  
Epoch 051 |  Time(s) 0.0135 | RobustPrompt-T Loss 1.0860  
Epoch 052 |  Time(s) 0.0135 | RobustPrompt-T Loss 1.0809  
Epoch 053 |  Time(s) 0.0134 | RobustPrompt-T Loss 0.9897  
Epoch 054 |  Time(s) 0.0136 | RobustPrompt-T Loss 0.9670  
Epoch 055 |  Time(s) 0.0136 | RobustPrompt-T Loss 0.9994  
Epoch 056 |  Time(s) 0.0138 | RobustPrompt-T Loss 0.9374  
Epoch 057 |  Time(s) 0.0137 | RobustPrompt-T Loss 0.9050  
Epoch 058 |  Time(s) 0.0134 | RobustPrompt-T Loss 0.8840  
Epoch 059 |  Time(s) 0.0132 | RobustPrompt-T Loss 0.8561  
Epoch 060 |  Time(s) 0.0135 | RobustPrompt-T Loss 0.8583  
Epoch 061 |  Time(s) 0.0133 | RobustPrompt-T Loss 0.9285  
Epoch 062 |  Time(s) 0.0135 | RobustPrompt-T Loss 0.8012  
Epoch 063 |  Time(s) 0.0134 | RobustPrompt-T Loss 0.8953  
Epoch 064 |  Time(s) 0.0136 | RobustPrompt-T Loss 0.7748  
Epoch 065 |  Time(s) 0.0133 | RobustPrompt-T Loss 0.9929  
Epoch 066 |  Time(s) 0.0136 | RobustPrompt-T Loss 0.8587  
Epoch 067 |  Time(s) 0.0135 | RobustPrompt-T Loss 0.8472  
Epoch 068 |  Time(s) 0.0136 | RobustPrompt-T Loss 0.8435  
Epoch 069 |  Time(s) 0.0136 | RobustPrompt-T Loss 0.7134  
Epoch 070 |  Time(s) 0.0138 | RobustPrompt-T Loss 0.6991  
Epoch 071 |  Time(s) 0.0137 | RobustPrompt-T Loss 0.7765  
Epoch 072 |  Time(s) 0.0136 | RobustPrompt-T Loss 0.6964  
Epoch 073 |  Time(s) 0.0135 | RobustPrompt-T Loss 0.9405  
Epoch 074 |  Time(s) 0.0134 | RobustPrompt-T Loss 0.9893  
Epoch 075 |  Time(s) 0.0132 | RobustPrompt-T Loss 0.6443  
Epoch 076 |  Time(s) 0.0136 | RobustPrompt-T Loss 0.9655  
Epoch 077 |  Time(s) 0.0139 | RobustPrompt-T Loss 1.0829  
Epoch 078 |  Time(s) 0.0132 | RobustPrompt-T Loss 0.6896  
Epoch 079 |  Time(s) 0.0133 | RobustPrompt-T Loss 1.0907  
Epoch 080 |  Time(s) 0.0135 | RobustPrompt-T Loss 1.6033  
Epoch 081 |  Time(s) 0.0134 | RobustPrompt-T Loss 1.0850  
Epoch 082 |  Time(s) 0.0131 | RobustPrompt-T Loss 0.6918  
Epoch 083 |  Time(s) 0.0135 | RobustPrompt-T Loss 1.0366  
Epoch 084 |  Time(s) 0.0134 | RobustPrompt-T Loss 1.1747  
Epoch 085 |  Time(s) 0.0135 | RobustPrompt-T Loss 0.8481  
Epoch 086 |  Time(s) 0.0133 | RobustPrompt-T Loss 1.0574  
Epoch 087 |  Time(s) 0.0133 | RobustPrompt-T Loss 1.3605  
Epoch 088 |  Time(s) 0.0135 | RobustPrompt-T Loss 1.1526  
Epoch 089 |  Time(s) 0.0140 | RobustPrompt-T Loss 1.1098  
Epoch 090 |  Time(s) 0.0132 | RobustPrompt-T Loss 0.9703  
Epoch 091 |  Time(s) 0.0133 | RobustPrompt-T Loss 0.6825  
Epoch 092 |  Time(s) 0.0135 | RobustPrompt-T Loss 0.9613  
Epoch 093 |  Time(s) 0.0134 | RobustPrompt-T Loss 1.1478  
Epoch 094 |  Time(s) 0.0132 | RobustPrompt-T Loss 0.8374  
----------------------------------------------------------------------------------------------------
Early stopping at 95 eopch!
Final True Accuracy: 0.1030 | Macro F1 Score: 0.0839
Edge Detection Detail | source=filter_module | active=0 | n_edges=5835 | n_pos=610 | n_neg=5225 | pos_rate=0.1045 | pred_pos=5738 | pred_pos_rate=0.9834 | tp=610 | fp=5128 | fn=0 | tn=97 | precision=0.1063 | recall=1.0000 | f1=0.1922 | auc=0.8623 | ap=0.3969 | best_f1=0.5558 | best_threshold=0.9600 | best_precision=0.4452 | best_recall=0.7393 | best_pred_pos_rate=0.1736 | precision_at_k_pos=0.4984 | recall_at_k_pos=0.4984 | all_positive_f1=0.1893 | current_f1_minus_all_positive_f1=0.0029 | hard_mask_all_positive_like=0 | mode=original
Edge Detection Detail | source=tau_tune | active=1 | n_edges=5835 | n_pos=610 | n_neg=5225 | pos_rate=0.1045 | pred_pos=224 | pred_pos_rate=0.0384 | tp=48 | fp=176 | fn=562 | tn=5049 | precision=0.2143 | recall=0.0787 | f1=0.1151 | auc=0.6222 | ap=0.1654 | best_f1=0.2336 | best_threshold=0.0947 | best_precision=0.1577 | best_recall=0.4508 | best_pred_pos_rate=0.2989 | precision_at_k_pos=0.1918 | recall_at_k_pos=0.1918 | all_positive_f1=0.1893 | current_f1_minus_all_positive_f1=-0.0742 | hard_mask_all_positive_like=0
Tip Detection | tip=sim_pt | active=1 | node_precision=0.2092 | node_recall=0.3386 | node_f1=0.2586 | edge_precision=0.1389 | edge_recall=0.9934 | edge_f1=0.2437 | edge_auc=0.6371 | node_tp=150 | node_fp=567 | node_fn=293 | edge_tp=606 | edge_fp=3758 | edge_fn=4
Edge Detection Detail | source=sim_pt | active=1 | n_edges=5835 | n_pos=610 | n_neg=5225 | pos_rate=0.1045 | pred_pos=4364 | pred_pos_rate=0.7479 | tp=606 | fp=3758 | fn=4 | tn=1467 | precision=0.1389 | recall=0.9934 | f1=0.2437 | auc=0.6371 | ap=0.1386 | best_f1=nan | best_threshold=nan | best_precision=nan | best_recall=nan | best_pred_pos_rate=nan | precision_at_k_pos=nan | recall_at_k_pos=nan | all_positive_f1=0.1893 | current_f1_minus_all_positive_f1=0.0544 | hard_mask_all_positive_like=0
Tip Detection | tip=degree_pt | active=1 | node_precision=0.0000 | node_recall=0.0000 | node_f1=0.0000 | edge_precision=0.0000 | edge_recall=0.0000 | edge_f1=0.0000 | edge_auc=0.5000 | node_tp=0 | node_fp=0 | node_fn=443 | edge_tp=0 | edge_fp=0 | edge_fn=610
Edge Detection Detail | source=degree_pt | active=1 | n_edges=5835 | n_pos=610 | n_neg=5225 | pos_rate=0.1045 | pred_pos=0 | pred_pos_rate=0.0000 | tp=0 | fp=0 | fn=610 | tn=5225 | precision=0.0000 | recall=0.0000 | f1=0.0000 | auc=0.5000 | ap=0.1045 | best_f1=nan | best_threshold=nan | best_precision=nan | best_recall=nan | best_pred_pos_rate=nan | precision_at_k_pos=nan | recall_at_k_pos=nan | all_positive_f1=0.1893 | current_f1_minus_all_positive_f1=-0.1893 | hard_mask_all_positive_like=0
Tip Detection | tip=out_detect_pt | active=1 | node_precision=0.1640 | node_recall=1.0000 | node_f1=0.2817 | edge_precision=0.1045 | edge_recall=1.0000 | edge_f1=0.1893 | edge_auc=0.5000 | node_tp=443 | node_fp=2259 | node_fn=0 | edge_tp=610 | edge_fp=5225 | edge_fn=0
Edge Detection Detail | source=out_detect_pt | active=1 | n_edges=5835 | n_pos=610 | n_neg=5225 | pos_rate=0.1045 | pred_pos=5739 | pred_pos_rate=0.9835 | tp=610 | fp=5129 | fn=0 | tn=96 | precision=0.1063 | recall=1.0000 | f1=0.1922 | auc=0.8623 | ap=0.3969 | best_f1=0.5558 | best_threshold=0.9600 | best_precision=0.4452 | best_recall=0.7393 | best_pred_pos_rate=0.1736 | precision_at_k_pos=0.4984 | recall_at_k_pos=0.4984 | all_positive_f1=0.1893 | current_f1_minus_all_positive_f1=0.0029 | hard_mask_all_positive_like=0
best_loss [tensor(0.8041, device='cuda:0', grad_fn=<AddBackward0>)]
{1: {1: 0.1291528195142746}, 2: {1: 0.14202657341957092}, 3: {1: 0.13372093439102173}, 4: {1: 0.15157806873321533}, 5: {1: 0.1029900312423706}}
{1: {1: 0.1291528195142746, 2: 0.14202657341957092, 3: 0.13372093439102173, 4: 0.15157806873321533, 5: 0.1029900312423706}}
########################################################################################
seed: 1 | split 1 : 0.1291528195142746
# Seed 1 Muti Split Final Acc: 0.1292±0.0000
seed: 2 | split 1 : 0.14202657341957092
# Seed 2 Muti Split Final Acc: 0.1420±0.0000
seed: 3 | split 1 : 0.13372093439102173
# Seed 3 Muti Split Final Acc: 0.1337±0.0000
seed: 4 | split 1 : 0.15157806873321533
# Seed 4 Muti Split Final Acc: 0.1516±0.0000
seed: 5 | split 1 : 0.1029900312423706
# Seed 5 Muti Split Final Acc: 0.1030±0.0000
########################################################################################
split: 1 | seed 1 : 0.1291528195142746
split: 1 | seed 2 : 0.14202657341957092
split: 1 | seed 3 : 0.13372093439102173
split: 1 | seed 4 : 0.15157806873321533
split: 1 | seed 5 : 0.1029900312423706
# Split 1 Muti Seed Acc without min value: 0.1391±0.0085
########################################################################################
