load LLC or attacked data with specified split
Successfully loaded the attack of dataname with few shot 5, split 1
Attack method : Meta_Self | Attack ptb : 0.1 | Dataset: Cora
======================
Number of graphs: 1
Number of features: 1433
Number of classes: 7

Data(x=[2708, 1433], edge_index=[2, 14378], y=[2708], train_mask=[2708], val_mask=[2708], test_mask=[2708])
===========================================================================================================
Number of nodes: 2708
Number of edges: 14378
Average node degree: 5.31
Has isolated nodes: False
Has self-loops: True
Is undirected: True
Pollution Diff | added_edges=610 | deleted_edges=53 | clean_edges=5278 | attack_edges=5835
GCN(
  (conv_layers): ModuleList(
    (0): GCNConv(1433, 256)
    (1): GCNConv(256, 256)
  )
)
Successfully loaded pre-trained weights!
use RobustPrompt Tranductive
defense pt dict :  {'sim_pt': 0.3, 'degree_pt': 1, 'out_detect_pt': -1.0, 'other_pt': 'all'}
use_attention :  False
cosine_constraint :  True
pt_threshold :  0.5
filter_module :  OriginalFilter
temperature :  1.0
weight_mse 0.1
weight_kl :  0.3
weight_constraint :  0.2
run RobustPrompt-T
Epoch 001 |  Time(s) 0.2475 | RobustPrompt-T Loss 1.9508  
Epoch 002 |  Time(s) 0.0129 | RobustPrompt-T Loss 1.9826  
Epoch 003 |  Time(s) 0.0122 | RobustPrompt-T Loss 1.9360  
Epoch 004 |  Time(s) 0.0122 | RobustPrompt-T Loss 1.9330  
Epoch 005 |  Time(s) 0.0114 | RobustPrompt-T Loss 1.9267  
Epoch 006 |  Time(s) 0.0119 | RobustPrompt-T Loss 1.9102  
Epoch 007 |  Time(s) 0.0119 | RobustPrompt-T Loss 1.8865  
Epoch 008 |  Time(s) 0.0119 | RobustPrompt-T Loss 1.8639  
Epoch 009 |  Time(s) 0.0129 | RobustPrompt-T Loss 1.8295  
Epoch 010 |  Time(s) 0.0130 | RobustPrompt-T Loss 1.8229  
Epoch 011 |  Time(s) 0.0126 | RobustPrompt-T Loss 1.8430  
Epoch 012 |  Time(s) 0.0123 | RobustPrompt-T Loss 1.8114  
Epoch 013 |  Time(s) 0.0130 | RobustPrompt-T Loss 1.8131  
Epoch 014 |  Time(s) 0.0129 | RobustPrompt-T Loss 1.7876  
Epoch 015 |  Time(s) 0.0128 | RobustPrompt-T Loss 1.7834  
Epoch 016 |  Time(s) 0.0128 | RobustPrompt-T Loss 1.7949  
Epoch 017 |  Time(s) 0.0127 | RobustPrompt-T Loss 1.7836  
Epoch 018 |  Time(s) 0.0128 | RobustPrompt-T Loss 1.7925  
Epoch 019 |  Time(s) 0.0129 | RobustPrompt-T Loss 1.7794  
Epoch 020 |  Time(s) 0.0129 | RobustPrompt-T Loss 1.7886  
Epoch 021 |  Time(s) 0.0128 | RobustPrompt-T Loss 1.7657  
Epoch 022 |  Time(s) 0.0128 | RobustPrompt-T Loss 1.7607  
Epoch 023 |  Time(s) 0.0128 | RobustPrompt-T Loss 1.7613  
Epoch 024 |  Time(s) 0.0128 | RobustPrompt-T Loss 1.7755  
Epoch 025 |  Time(s) 0.0126 | RobustPrompt-T Loss 1.7711  
Epoch 026 |  Time(s) 0.0127 | RobustPrompt-T Loss 1.7776  
Epoch 027 |  Time(s) 0.0127 | RobustPrompt-T Loss 1.7198  
Epoch 028 |  Time(s) 0.0130 | RobustPrompt-T Loss 1.7779  
Epoch 029 |  Time(s) 0.0128 | RobustPrompt-T Loss 1.7193  
Epoch 030 |  Time(s) 0.0128 | RobustPrompt-T Loss 1.7390  
Epoch 031 |  Time(s) 0.0129 | RobustPrompt-T Loss 1.6817  
Epoch 032 |  Time(s) 0.0128 | RobustPrompt-T Loss 1.7194  
Epoch 033 |  Time(s) 0.0129 | RobustPrompt-T Loss 1.6926  
Epoch 034 |  Time(s) 0.0128 | RobustPrompt-T Loss 1.6813  
Epoch 035 |  Time(s) 0.0129 | RobustPrompt-T Loss 1.6343  
Epoch 036 |  Time(s) 0.0128 | RobustPrompt-T Loss 1.6246  
Epoch 037 |  Time(s) 0.0128 | RobustPrompt-T Loss 1.6109  
Epoch 038 |  Time(s) 0.0128 | RobustPrompt-T Loss 1.5586  
Epoch 039 |  Time(s) 0.0130 | RobustPrompt-T Loss 1.6078  
Epoch 040 |  Time(s) 0.0129 | RobustPrompt-T Loss 1.5444  
Epoch 041 |  Time(s) 0.0128 | RobustPrompt-T Loss 1.4898  
Epoch 042 |  Time(s) 0.0129 | RobustPrompt-T Loss 1.5268  
Epoch 043 |  Time(s) 0.0129 | RobustPrompt-T Loss 1.4226  
Epoch 044 |  Time(s) 0.0129 | RobustPrompt-T Loss 1.4173  
Epoch 045 |  Time(s) 0.0129 | RobustPrompt-T Loss 1.3839  
Epoch 046 |  Time(s) 0.0128 | RobustPrompt-T Loss 1.3442  
Epoch 047 |  Time(s) 0.0129 | RobustPrompt-T Loss 1.3339  
Epoch 048 |  Time(s) 0.0129 | RobustPrompt-T Loss 1.2734  
Epoch 049 |  Time(s) 0.0128 | RobustPrompt-T Loss 1.2888  
Epoch 050 |  Time(s) 0.0127 | RobustPrompt-T Loss 1.2163  
Epoch 051 |  Time(s) 0.0126 | RobustPrompt-T Loss 1.2010  
Epoch 052 |  Time(s) 0.0127 | RobustPrompt-T Loss 1.1670  
Epoch 053 |  Time(s) 0.0127 | RobustPrompt-T Loss 1.1456  
Epoch 054 |  Time(s) 0.0127 | RobustPrompt-T Loss 1.0981  
Epoch 055 |  Time(s) 0.0126 | RobustPrompt-T Loss 1.0654  
Epoch 056 |  Time(s) 0.0128 | RobustPrompt-T Loss 1.1133  
Epoch 057 |  Time(s) 0.0127 | RobustPrompt-T Loss 1.0619  
Epoch 058 |  Time(s) 0.0126 | RobustPrompt-T Loss 0.9875  
Epoch 059 |  Time(s) 0.0126 | RobustPrompt-T Loss 1.0077  
Epoch 060 |  Time(s) 0.0126 | RobustPrompt-T Loss 0.9822  
Epoch 061 |  Time(s) 0.0129 | RobustPrompt-T Loss 0.8975  
Epoch 062 |  Time(s) 0.0126 | RobustPrompt-T Loss 0.9874  
Epoch 063 |  Time(s) 0.0127 | RobustPrompt-T Loss 0.9451  
Epoch 064 |  Time(s) 0.0128 | RobustPrompt-T Loss 0.8152  
Epoch 065 |  Time(s) 0.0127 | RobustPrompt-T Loss 0.9763  
Epoch 066 |  Time(s) 0.0127 | RobustPrompt-T Loss 0.7596  
Epoch 067 |  Time(s) 0.0128 | RobustPrompt-T Loss 0.9748  
Epoch 068 |  Time(s) 0.0127 | RobustPrompt-T Loss 0.7360  
Epoch 069 |  Time(s) 0.0127 | RobustPrompt-T Loss 0.8119  
Epoch 070 |  Time(s) 0.0128 | RobustPrompt-T Loss 0.6967  
Epoch 071 |  Time(s) 0.0127 | RobustPrompt-T Loss 0.7150  
Epoch 072 |  Time(s) 0.0127 | RobustPrompt-T Loss 0.7509  
Epoch 073 |  Time(s) 0.0128 | RobustPrompt-T Loss 0.6564  
Epoch 074 |  Time(s) 0.0128 | RobustPrompt-T Loss 0.7455  
Epoch 075 |  Time(s) 0.0126 | RobustPrompt-T Loss 0.6411  
Epoch 076 |  Time(s) 0.0128 | RobustPrompt-T Loss 0.6929  
Epoch 077 |  Time(s) 0.0127 | RobustPrompt-T Loss 0.6039  
Epoch 078 |  Time(s) 0.0127 | RobustPrompt-T Loss 0.6404  
Epoch 079 |  Time(s) 0.0126 | RobustPrompt-T Loss 0.5815  
Epoch 080 |  Time(s) 0.0128 | RobustPrompt-T Loss 0.5861  
Epoch 081 |  Time(s) 0.0126 | RobustPrompt-T Loss 0.5843  
Epoch 082 |  Time(s) 0.0126 | RobustPrompt-T Loss 0.5951  
Epoch 083 |  Time(s) 0.0128 | RobustPrompt-T Loss 0.5227  
Epoch 084 |  Time(s) 0.0127 | RobustPrompt-T Loss 0.5641  
Epoch 085 |  Time(s) 0.0128 | RobustPrompt-T Loss 0.5141  
Epoch 086 |  Time(s) 0.0127 | RobustPrompt-T Loss 0.5527  
Epoch 087 |  Time(s) 0.0127 | RobustPrompt-T Loss 0.4771  
Epoch 088 |  Time(s) 0.0126 | RobustPrompt-T Loss 0.5134  
Epoch 089 |  Time(s) 0.0128 | RobustPrompt-T Loss 0.4688  
Epoch 090 |  Time(s) 0.0127 | RobustPrompt-T Loss 0.4863  
Epoch 091 |  Time(s) 0.0127 | RobustPrompt-T Loss 0.4404  
Epoch 092 |  Time(s) 0.0127 | RobustPrompt-T Loss 0.4455  
Epoch 093 |  Time(s) 0.0126 | RobustPrompt-T Loss 0.4090  
Epoch 094 |  Time(s) 0.0126 | RobustPrompt-T Loss 0.4316  
Epoch 095 |  Time(s) 0.0126 | RobustPrompt-T Loss 0.4009  
Epoch 096 |  Time(s) 0.0128 | RobustPrompt-T Loss 0.3969  
Epoch 097 |  Time(s) 0.0127 | RobustPrompt-T Loss 0.4060  
Epoch 098 |  Time(s) 0.0127 | RobustPrompt-T Loss 0.3986  
Epoch 099 |  Time(s) 0.0128 | RobustPrompt-T Loss 0.3548  
Epoch 100 |  Time(s) 0.0128 | RobustPrompt-T Loss 0.3297  
Epoch 101 |  Time(s) 0.0127 | RobustPrompt-T Loss 0.3397  
Epoch 102 |  Time(s) 0.0127 | RobustPrompt-T Loss 0.3062  
Epoch 103 |  Time(s) 0.0127 | RobustPrompt-T Loss 0.3071  
Epoch 104 |  Time(s) 0.0127 | RobustPrompt-T Loss 0.3399  
Epoch 105 |  Time(s) 0.0129 | RobustPrompt-T Loss 0.2712  
Epoch 106 |  Time(s) 0.0128 | RobustPrompt-T Loss 0.2663  
Epoch 107 |  Time(s) 0.0127 | RobustPrompt-T Loss 0.2580  
Epoch 108 |  Time(s) 0.0128 | RobustPrompt-T Loss 0.2290  
Epoch 109 |  Time(s) 0.0126 | RobustPrompt-T Loss 0.2200  
Epoch 110 |  Time(s) 0.0127 | RobustPrompt-T Loss 0.1976  
Epoch 111 |  Time(s) 0.0127 | RobustPrompt-T Loss 0.1961  
Epoch 112 |  Time(s) 0.0128 | RobustPrompt-T Loss 0.1720  
Epoch 113 |  Time(s) 0.0127 | RobustPrompt-T Loss 0.1626  
Epoch 114 |  Time(s) 0.0127 | RobustPrompt-T Loss 0.1545  
Epoch 115 |  Time(s) 0.0128 | RobustPrompt-T Loss 0.1427  
Epoch 116 |  Time(s) 0.0126 | RobustPrompt-T Loss 0.1427  
Epoch 117 |  Time(s) 0.0127 | RobustPrompt-T Loss 0.1340  
Epoch 118 |  Time(s) 0.0127 | RobustPrompt-T Loss 0.1191  
Epoch 119 |  Time(s) 0.0128 | RobustPrompt-T Loss 0.1136  
Epoch 120 |  Time(s) 0.0126 | RobustPrompt-T Loss 0.1238  
Epoch 121 |  Time(s) 0.0128 | RobustPrompt-T Loss 0.1086  
Epoch 122 |  Time(s) 0.0127 | RobustPrompt-T Loss 0.0971  
Epoch 123 |  Time(s) 0.0126 | RobustPrompt-T Loss 0.1024  
Epoch 124 |  Time(s) 0.0128 | RobustPrompt-T Loss 0.1077  
Epoch 125 |  Time(s) 0.0127 | RobustPrompt-T Loss 0.0870  
Epoch 126 |  Time(s) 0.0127 | RobustPrompt-T Loss 0.0929  
Epoch 127 |  Time(s) 0.0128 | RobustPrompt-T Loss 0.0923  
Epoch 128 |  Time(s) 0.0127 | RobustPrompt-T Loss 0.0816  
Epoch 129 |  Time(s) 0.0129 | RobustPrompt-T Loss 0.0883  
Epoch 130 |  Time(s) 0.0126 | RobustPrompt-T Loss 0.0894  
Epoch 131 |  Time(s) 0.0127 | RobustPrompt-T Loss 0.0749  
Epoch 132 |  Time(s) 0.0127 | RobustPrompt-T Loss 0.0811  
Epoch 133 |  Time(s) 0.0127 | RobustPrompt-T Loss 0.0879  
Epoch 134 |  Time(s) 0.0128 | RobustPrompt-T Loss 0.0735  
Epoch 135 |  Time(s) 0.0127 | RobustPrompt-T Loss 0.0854  
Epoch 136 |  Time(s) 0.0127 | RobustPrompt-T Loss 0.0718  
Epoch 137 |  Time(s) 0.0126 | RobustPrompt-T Loss 0.0811  
Epoch 138 |  Time(s) 0.0126 | RobustPrompt-T Loss 0.0708  
Epoch 139 |  Time(s) 0.0127 | RobustPrompt-T Loss 0.0810  
Epoch 140 |  Time(s) 0.0130 | RobustPrompt-T Loss 0.0673  
Epoch 141 |  Time(s) 0.0128 | RobustPrompt-T Loss 0.0701  
Epoch 142 |  Time(s) 0.0128 | RobustPrompt-T Loss 0.0653  
Epoch 143 |  Time(s) 0.0127 | RobustPrompt-T Loss 0.0649  
Epoch 144 |  Time(s) 0.0127 | RobustPrompt-T Loss 0.0651  
Epoch 145 |  Time(s) 0.0127 | RobustPrompt-T Loss 0.0668  
Epoch 146 |  Time(s) 0.0128 | RobustPrompt-T Loss 0.0622  
Epoch 147 |  Time(s) 0.0129 | RobustPrompt-T Loss 0.0654  
Epoch 148 |  Time(s) 0.0126 | RobustPrompt-T Loss 0.0635  
Epoch 149 |  Time(s) 0.0128 | RobustPrompt-T Loss 0.0658  
Epoch 150 |  Time(s) 0.0128 | RobustPrompt-T Loss 0.0616  
Epoch 151 |  Time(s) 0.0126 | RobustPrompt-T Loss 0.0623  
Epoch 152 |  Time(s) 0.0128 | RobustPrompt-T Loss 0.0683  
Epoch 153 |  Time(s) 0.0127 | RobustPrompt-T Loss 0.0667  
Epoch 154 |  Time(s) 0.0127 | RobustPrompt-T Loss 0.0678  
Epoch 155 |  Time(s) 0.0127 | RobustPrompt-T Loss 0.0609  
Epoch 156 |  Time(s) 0.0128 | RobustPrompt-T Loss 0.0690  
Epoch 157 |  Time(s) 0.0126 | RobustPrompt-T Loss 0.0601  
Epoch 158 |  Time(s) 0.0127 | RobustPrompt-T Loss 0.0651  
Epoch 159 |  Time(s) 0.0123 | RobustPrompt-T Loss 0.0594  
Epoch 160 |  Time(s) 0.0126 | RobustPrompt-T Loss 0.0647  
Epoch 161 |  Time(s) 0.0126 | RobustPrompt-T Loss 0.0577  
Epoch 162 |  Time(s) 0.0127 | RobustPrompt-T Loss 0.0634  
Epoch 163 |  Time(s) 0.0127 | RobustPrompt-T Loss 0.0589  
Epoch 164 |  Time(s) 0.0128 | RobustPrompt-T Loss 0.0624  
Epoch 165 |  Time(s) 0.0128 | RobustPrompt-T Loss 0.0568  
Epoch 166 |  Time(s) 0.0127 | RobustPrompt-T Loss 0.0598  
Epoch 167 |  Time(s) 0.0127 | RobustPrompt-T Loss 0.0575  
Epoch 168 |  Time(s) 0.0128 | RobustPrompt-T Loss 0.0620  
Epoch 169 |  Time(s) 0.0127 | RobustPrompt-T Loss 0.0574  
Epoch 170 |  Time(s) 0.0128 | RobustPrompt-T Loss 0.0595  
Epoch 171 |  Time(s) 0.0128 | RobustPrompt-T Loss 0.0566  
Epoch 172 |  Time(s) 0.0127 | RobustPrompt-T Loss 0.0581  
Epoch 173 |  Time(s) 0.0127 | RobustPrompt-T Loss 0.0537  
Epoch 174 |  Time(s) 0.0126 | RobustPrompt-T Loss 0.0581  
Epoch 175 |  Time(s) 0.0127 | RobustPrompt-T Loss 0.0559  
Epoch 176 |  Time(s) 0.0128 | RobustPrompt-T Loss 0.0592  
Epoch 177 |  Time(s) 0.0128 | RobustPrompt-T Loss 0.0540  
Epoch 178 |  Time(s) 0.0127 | RobustPrompt-T Loss 0.0549  
Epoch 179 |  Time(s) 0.0127 | RobustPrompt-T Loss 0.0536  
Epoch 180 |  Time(s) 0.0126 | RobustPrompt-T Loss 0.0548  
Epoch 181 |  Time(s) 0.0127 | RobustPrompt-T Loss 0.0544  
Epoch 182 |  Time(s) 0.0126 | RobustPrompt-T Loss 0.0512  
Epoch 183 |  Time(s) 0.0127 | RobustPrompt-T Loss 0.0524  
Epoch 184 |  Time(s) 0.0127 | RobustPrompt-T Loss 0.0546  
Epoch 185 |  Time(s) 0.0127 | RobustPrompt-T Loss 0.0511  
Epoch 186 |  Time(s) 0.0127 | RobustPrompt-T Loss 0.0520  
Epoch 187 |  Time(s) 0.0121 | RobustPrompt-T Loss 0.0536  
Epoch 188 |  Time(s) 0.0128 | RobustPrompt-T Loss 0.0506  
Epoch 189 |  Time(s) 0.0126 | RobustPrompt-T Loss 0.0559  
Epoch 190 |  Time(s) 0.0127 | RobustPrompt-T Loss 0.0502  
Epoch 191 |  Time(s) 0.0127 | RobustPrompt-T Loss 0.0523  
Epoch 192 |  Time(s) 0.0128 | RobustPrompt-T Loss 0.0480  
Epoch 193 |  Time(s) 0.0126 | RobustPrompt-T Loss 0.0514  
Epoch 194 |  Time(s) 0.0126 | RobustPrompt-T Loss 0.0485  
Epoch 195 |  Time(s) 0.0127 | RobustPrompt-T Loss 0.0492  
Epoch 196 |  Time(s) 0.0127 | RobustPrompt-T Loss 0.0487  
Epoch 197 |  Time(s) 0.0126 | RobustPrompt-T Loss 0.0478  
Epoch 198 |  Time(s) 0.0127 | RobustPrompt-T Loss 0.0479  
Epoch 199 |  Time(s) 0.0129 | RobustPrompt-T Loss 0.0503  
Epoch 200 |  Time(s) 0.0127 | RobustPrompt-T Loss 0.0510  
Final True Accuracy: 0.1188 | Macro F1 Score: 0.1146
Edge Detection Detail | source=filter_module | active=0 | n_edges=5835 | n_pos=610 | n_neg=5225 | pos_rate=0.1045 | pred_pos=5738 | pred_pos_rate=0.9834 | tp=610 | fp=5128 | fn=0 | tn=97 | precision=0.1063 | recall=1.0000 | f1=0.1922 | auc=0.8623 | ap=0.3969 | best_f1=0.5558 | best_threshold=0.9600 | best_precision=0.4452 | best_recall=0.7393 | best_pred_pos_rate=0.1736 | precision_at_k_pos=0.4984 | recall_at_k_pos=0.4984 | all_positive_f1=0.1893 | current_f1_minus_all_positive_f1=0.0029 | hard_mask_all_positive_like=0 | mode=original
Edge Detection Detail | source=tau_tune | active=1 | n_edges=5835 | n_pos=610 | n_neg=5225 | pos_rate=0.1045 | pred_pos=234 | pred_pos_rate=0.0401 | tp=36 | fp=198 | fn=574 | tn=5027 | precision=0.1538 | recall=0.0590 | f1=0.0853 | auc=0.6331 | ap=0.1543 | best_f1=0.2463 | best_threshold=0.0840 | best_precision=0.1570 | best_recall=0.5705 | best_pred_pos_rate=0.3798 | precision_at_k_pos=0.1590 | recall_at_k_pos=0.1590 | all_positive_f1=0.1893 | current_f1_minus_all_positive_f1=-0.1040 | hard_mask_all_positive_like=0
Tip Detection | tip=sim_pt | active=1 | node_precision=0.2092 | node_recall=0.3386 | node_f1=0.2586 | edge_precision=0.1389 | edge_recall=0.9934 | edge_f1=0.2437 | edge_auc=0.6371 | node_tp=150 | node_fp=567 | node_fn=293 | edge_tp=606 | edge_fp=3758 | edge_fn=4
Edge Detection Detail | source=sim_pt | active=1 | n_edges=5835 | n_pos=610 | n_neg=5225 | pos_rate=0.1045 | pred_pos=4364 | pred_pos_rate=0.7479 | tp=606 | fp=3758 | fn=4 | tn=1467 | precision=0.1389 | recall=0.9934 | f1=0.2437 | auc=0.6371 | ap=0.1386 | best_f1=nan | best_threshold=nan | best_precision=nan | best_recall=nan | best_pred_pos_rate=nan | precision_at_k_pos=nan | recall_at_k_pos=nan | all_positive_f1=0.1893 | current_f1_minus_all_positive_f1=0.0544 | hard_mask_all_positive_like=0
Tip Detection | tip=degree_pt | active=1 | node_precision=0.0000 | node_recall=0.0000 | node_f1=0.0000 | edge_precision=0.0000 | edge_recall=0.0000 | edge_f1=0.0000 | edge_auc=0.5000 | node_tp=0 | node_fp=0 | node_fn=443 | edge_tp=0 | edge_fp=0 | edge_fn=610
Edge Detection Detail | source=degree_pt | active=1 | n_edges=5835 | n_pos=610 | n_neg=5225 | pos_rate=0.1045 | pred_pos=0 | pred_pos_rate=0.0000 | tp=0 | fp=0 | fn=610 | tn=5225 | precision=0.0000 | recall=0.0000 | f1=0.0000 | auc=0.5000 | ap=0.1045 | best_f1=nan | best_threshold=nan | best_precision=nan | best_recall=nan | best_pred_pos_rate=nan | precision_at_k_pos=nan | recall_at_k_pos=nan | all_positive_f1=0.1893 | current_f1_minus_all_positive_f1=-0.1893 | hard_mask_all_positive_like=0
Tip Detection | tip=out_detect_pt | active=0 | node_precision=0.0000 | node_recall=0.0000 | node_f1=0.0000 | edge_precision=0.0000 | edge_recall=0.0000 | edge_f1=0.0000 | edge_auc=0.5000 | node_tp=0 | node_fp=0 | node_fn=443 | edge_tp=0 | edge_fp=0 | edge_fn=610
Edge Detection Detail | source=out_detect_pt | active=0 | n_edges=5835 | n_pos=610 | n_neg=5225 | pos_rate=0.1045 | pred_pos=0 | pred_pos_rate=0.0000 | tp=0 | fp=0 | fn=610 | tn=5225 | precision=0.0000 | recall=0.0000 | f1=0.0000 | auc=0.8623 | ap=0.3969 | best_f1=0.5558 | best_threshold=0.9600 | best_precision=0.4452 | best_recall=0.7393 | best_pred_pos_rate=0.1736 | precision_at_k_pos=0.4984 | recall_at_k_pos=0.4984 | all_positive_f1=0.1893 | current_f1_minus_all_positive_f1=-0.1893 | hard_mask_all_positive_like=0
best_loss [tensor(0.0510, device='cuda:0', grad_fn=<AddBackward0>)]
load LLC or attacked data with specified split
Successfully loaded the attack of dataname with few shot 5, split 1
Attack method : Meta_Self | Attack ptb : 0.1 | Dataset: Cora
======================
Number of graphs: 1
Number of features: 1433
Number of classes: 7

Data(x=[2708, 1433], edge_index=[2, 14378], y=[2708], train_mask=[2708], val_mask=[2708], test_mask=[2708])
===========================================================================================================
Number of nodes: 2708
Number of edges: 14378
Average node degree: 5.31
Has isolated nodes: False
Has self-loops: True
Is undirected: True
Pollution Diff | added_edges=610 | deleted_edges=53 | clean_edges=5278 | attack_edges=5835
GCN(
  (conv_layers): ModuleList(
    (0): GCNConv(1433, 256)
    (1): GCNConv(256, 256)
  )
)
Successfully loaded pre-trained weights!
use RobustPrompt Tranductive
defense pt dict :  {'sim_pt': 0.3, 'degree_pt': 1, 'out_detect_pt': -1.0, 'other_pt': 'all'}
use_attention :  False
cosine_constraint :  True
pt_threshold :  0.5
filter_module :  OriginalFilter
temperature :  1.0
weight_mse 0.1
weight_kl :  0.3
weight_constraint :  0.2
run RobustPrompt-T
Epoch 001 |  Time(s) 0.0125 | RobustPrompt-T Loss 1.9494  
Epoch 002 |  Time(s) 0.0126 | RobustPrompt-T Loss 1.9463  
Epoch 003 |  Time(s) 0.0124 | RobustPrompt-T Loss 1.9174  
Epoch 004 |  Time(s) 0.0124 | RobustPrompt-T Loss 1.9080  
Epoch 005 |  Time(s) 0.0123 | RobustPrompt-T Loss 1.8891  
Epoch 006 |  Time(s) 0.0124 | RobustPrompt-T Loss 1.8343  
Epoch 007 |  Time(s) 0.0124 | RobustPrompt-T Loss 1.8225  
Epoch 008 |  Time(s) 0.0123 | RobustPrompt-T Loss 1.8623  
Epoch 009 |  Time(s) 0.0123 | RobustPrompt-T Loss 1.8625  
Epoch 010 |  Time(s) 0.0124 | RobustPrompt-T Loss 1.8145  
Epoch 011 |  Time(s) 0.0123 | RobustPrompt-T Loss 1.8547  
Epoch 012 |  Time(s) 0.0123 | RobustPrompt-T Loss 1.8103  
Epoch 013 |  Time(s) 0.0122 | RobustPrompt-T Loss 1.7918  
Epoch 014 |  Time(s) 0.0123 | RobustPrompt-T Loss 1.8013  
Epoch 015 |  Time(s) 0.0122 | RobustPrompt-T Loss 1.7881  
Epoch 016 |  Time(s) 0.0123 | RobustPrompt-T Loss 1.7927  
Epoch 017 |  Time(s) 0.0124 | RobustPrompt-T Loss 1.8058  
Epoch 018 |  Time(s) 0.0123 | RobustPrompt-T Loss 1.8012  
Epoch 019 |  Time(s) 0.0124 | RobustPrompt-T Loss 1.7971  
Epoch 020 |  Time(s) 0.0123 | RobustPrompt-T Loss 1.7843  
Epoch 021 |  Time(s) 0.0123 | RobustPrompt-T Loss 1.8054  
Epoch 022 |  Time(s) 0.0123 | RobustPrompt-T Loss 1.7612  
Epoch 023 |  Time(s) 0.0123 | RobustPrompt-T Loss 1.7291  
Epoch 024 |  Time(s) 0.0123 | RobustPrompt-T Loss 1.7671  
Epoch 025 |  Time(s) 0.0123 | RobustPrompt-T Loss 1.7435  
Epoch 026 |  Time(s) 0.0123 | RobustPrompt-T Loss 1.6716  
Epoch 027 |  Time(s) 0.0123 | RobustPrompt-T Loss 1.7031  
Epoch 028 |  Time(s) 0.0122 | RobustPrompt-T Loss 1.6688  
Epoch 029 |  Time(s) 0.0123 | RobustPrompt-T Loss 1.6003  
Epoch 030 |  Time(s) 0.0123 | RobustPrompt-T Loss 1.6549  
Epoch 031 |  Time(s) 0.0123 | RobustPrompt-T Loss 1.5565  
Epoch 032 |  Time(s) 0.0123 | RobustPrompt-T Loss 1.5204  
Epoch 033 |  Time(s) 0.0124 | RobustPrompt-T Loss 1.5690  
Epoch 034 |  Time(s) 0.0123 | RobustPrompt-T Loss 1.4450  
Epoch 035 |  Time(s) 0.0120 | RobustPrompt-T Loss 1.3698  
Epoch 036 |  Time(s) 0.0124 | RobustPrompt-T Loss 1.3920  
Epoch 037 |  Time(s) 0.0123 | RobustPrompt-T Loss 1.3244  
Epoch 038 |  Time(s) 0.0124 | RobustPrompt-T Loss 1.2119  
Epoch 039 |  Time(s) 0.0123 | RobustPrompt-T Loss 1.2175  
Epoch 040 |  Time(s) 0.0123 | RobustPrompt-T Loss 1.2221  
Epoch 041 |  Time(s) 0.0122 | RobustPrompt-T Loss 1.1079  
Epoch 042 |  Time(s) 0.0119 | RobustPrompt-T Loss 1.1159  
Epoch 043 |  Time(s) 0.0119 | RobustPrompt-T Loss 1.0848  
Epoch 044 |  Time(s) 0.0124 | RobustPrompt-T Loss 0.9979  
Epoch 045 |  Time(s) 0.0122 | RobustPrompt-T Loss 1.0622  
Epoch 046 |  Time(s) 0.0120 | RobustPrompt-T Loss 0.9453  
Epoch 047 |  Time(s) 0.0123 | RobustPrompt-T Loss 0.9097  
Epoch 048 |  Time(s) 0.0124 | RobustPrompt-T Loss 0.9516  
Epoch 049 |  Time(s) 0.0124 | RobustPrompt-T Loss 0.8714  
Epoch 050 |  Time(s) 0.0120 | RobustPrompt-T Loss 0.8497  
Epoch 051 |  Time(s) 0.0119 | RobustPrompt-T Loss 0.8461  
Epoch 052 |  Time(s) 0.0121 | RobustPrompt-T Loss 0.7979  
Epoch 053 |  Time(s) 0.0120 | RobustPrompt-T Loss 0.7564  
Epoch 054 |  Time(s) 0.0120 | RobustPrompt-T Loss 0.7693  
Epoch 055 |  Time(s) 0.0121 | RobustPrompt-T Loss 0.7600  
Epoch 056 |  Time(s) 0.0120 | RobustPrompt-T Loss 0.6868  
Epoch 057 |  Time(s) 0.0120 | RobustPrompt-T Loss 0.7051  
Epoch 058 |  Time(s) 0.0120 | RobustPrompt-T Loss 0.6978  
Epoch 059 |  Time(s) 0.0120 | RobustPrompt-T Loss 0.6348  
Epoch 060 |  Time(s) 0.0120 | RobustPrompt-T Loss 0.6308  
Epoch 061 |  Time(s) 0.0119 | RobustPrompt-T Loss 0.6291  
Epoch 062 |  Time(s) 0.0121 | RobustPrompt-T Loss 0.5960  
Epoch 063 |  Time(s) 0.0120 | RobustPrompt-T Loss 0.5600  
Epoch 064 |  Time(s) 0.0120 | RobustPrompt-T Loss 0.5715  
Epoch 065 |  Time(s) 0.0121 | RobustPrompt-T Loss 0.5677  
Epoch 066 |  Time(s) 0.0120 | RobustPrompt-T Loss 0.5426  
Epoch 067 |  Time(s) 0.0124 | RobustPrompt-T Loss 0.5106  
Epoch 068 |  Time(s) 0.0124 | RobustPrompt-T Loss 0.4886  
Epoch 069 |  Time(s) 0.0123 | RobustPrompt-T Loss 0.4988  
Epoch 070 |  Time(s) 0.0122 | RobustPrompt-T Loss 0.5015  
Epoch 071 |  Time(s) 0.0123 | RobustPrompt-T Loss 0.4730  
Epoch 072 |  Time(s) 0.0123 | RobustPrompt-T Loss 0.4918  
Epoch 073 |  Time(s) 0.0127 | RobustPrompt-T Loss 0.4498  
Epoch 074 |  Time(s) 0.0124 | RobustPrompt-T Loss 0.4180  
Epoch 075 |  Time(s) 0.0123 | RobustPrompt-T Loss 0.4058  
Epoch 076 |  Time(s) 0.0122 | RobustPrompt-T Loss 0.4289  
Epoch 077 |  Time(s) 0.0123 | RobustPrompt-T Loss 0.4574  
Epoch 078 |  Time(s) 0.0123 | RobustPrompt-T Loss 0.3751  
Epoch 079 |  Time(s) 0.0123 | RobustPrompt-T Loss 0.4822  
Epoch 080 |  Time(s) 0.0123 | RobustPrompt-T Loss 0.3876  
Epoch 081 |  Time(s) 0.0124 | RobustPrompt-T Loss 0.7475  
Epoch 082 |  Time(s) 0.0124 | RobustPrompt-T Loss 0.7883  
Epoch 083 |  Time(s) 0.0123 | RobustPrompt-T Loss 0.3570  
Epoch 084 |  Time(s) 0.0123 | RobustPrompt-T Loss 0.7758  
Epoch 085 |  Time(s) 0.0124 | RobustPrompt-T Loss 0.9255  
Epoch 086 |  Time(s) 0.0123 | RobustPrompt-T Loss 0.4901  
Epoch 087 |  Time(s) 0.0123 | RobustPrompt-T Loss 0.7231  
Epoch 088 |  Time(s) 0.0123 | RobustPrompt-T Loss 1.2643  
Epoch 089 |  Time(s) 0.0123 | RobustPrompt-T Loss 0.7402  
Epoch 090 |  Time(s) 0.0123 | RobustPrompt-T Loss 0.4566  
Epoch 091 |  Time(s) 0.0124 | RobustPrompt-T Loss 0.5141  
Epoch 092 |  Time(s) 0.0123 | RobustPrompt-T Loss 0.4174  
Epoch 093 |  Time(s) 0.0123 | RobustPrompt-T Loss 0.6111  
Epoch 094 |  Time(s) 0.0123 | RobustPrompt-T Loss 0.7016  
Epoch 095 |  Time(s) 0.0123 | RobustPrompt-T Loss 0.4186  
Epoch 096 |  Time(s) 0.0123 | RobustPrompt-T Loss 0.5893  
Epoch 097 |  Time(s) 0.0124 | RobustPrompt-T Loss 0.9496  
Epoch 098 |  Time(s) 0.0120 | RobustPrompt-T Loss 0.7760  
Epoch 099 |  Time(s) 0.0119 | RobustPrompt-T Loss 0.4322  
Epoch 100 |  Time(s) 0.0121 | RobustPrompt-T Loss 0.7413  
Epoch 101 |  Time(s) 0.0120 | RobustPrompt-T Loss 0.6622  
Epoch 102 |  Time(s) 0.0121 | RobustPrompt-T Loss 0.4280  
----------------------------------------------------------------------------------------------------
Early stopping at 103 eopch!
Final True Accuracy: 0.0897 | Macro F1 Score: 0.0887
Edge Detection Detail | source=filter_module | active=0 | n_edges=5835 | n_pos=610 | n_neg=5225 | pos_rate=0.1045 | pred_pos=5738 | pred_pos_rate=0.9834 | tp=610 | fp=5128 | fn=0 | tn=97 | precision=0.1063 | recall=1.0000 | f1=0.1922 | auc=0.8623 | ap=0.3969 | best_f1=0.5558 | best_threshold=0.9600 | best_precision=0.4452 | best_recall=0.7393 | best_pred_pos_rate=0.1736 | precision_at_k_pos=0.4984 | recall_at_k_pos=0.4984 | all_positive_f1=0.1893 | current_f1_minus_all_positive_f1=0.0029 | hard_mask_all_positive_like=0 | mode=original
Edge Detection Detail | source=tau_tune | active=1 | n_edges=5835 | n_pos=610 | n_neg=5225 | pos_rate=0.1045 | pred_pos=662 | pred_pos_rate=0.1135 | tp=94 | fp=568 | fn=516 | tn=4657 | precision=0.1420 | recall=0.1541 | f1=0.1478 | auc=0.6331 | ap=0.1499 | best_f1=0.2417 | best_threshold=0.1366 | best_precision=0.1551 | best_recall=0.5475 | best_pred_pos_rate=0.3692 | precision_at_k_pos=0.1410 | recall_at_k_pos=0.1410 | all_positive_f1=0.1893 | current_f1_minus_all_positive_f1=-0.0415 | hard_mask_all_positive_like=0
Tip Detection | tip=sim_pt | active=1 | node_precision=0.2092 | node_recall=0.3386 | node_f1=0.2586 | edge_precision=0.1389 | edge_recall=0.9934 | edge_f1=0.2437 | edge_auc=0.6371 | node_tp=150 | node_fp=567 | node_fn=293 | edge_tp=606 | edge_fp=3758 | edge_fn=4
Edge Detection Detail | source=sim_pt | active=1 | n_edges=5835 | n_pos=610 | n_neg=5225 | pos_rate=0.1045 | pred_pos=4364 | pred_pos_rate=0.7479 | tp=606 | fp=3758 | fn=4 | tn=1467 | precision=0.1389 | recall=0.9934 | f1=0.2437 | auc=0.6371 | ap=0.1386 | best_f1=nan | best_threshold=nan | best_precision=nan | best_recall=nan | best_pred_pos_rate=nan | precision_at_k_pos=nan | recall_at_k_pos=nan | all_positive_f1=0.1893 | current_f1_minus_all_positive_f1=0.0544 | hard_mask_all_positive_like=0
Tip Detection | tip=degree_pt | active=1 | node_precision=0.0000 | node_recall=0.0000 | node_f1=0.0000 | edge_precision=0.0000 | edge_recall=0.0000 | edge_f1=0.0000 | edge_auc=0.5000 | node_tp=0 | node_fp=0 | node_fn=443 | edge_tp=0 | edge_fp=0 | edge_fn=610
Edge Detection Detail | source=degree_pt | active=1 | n_edges=5835 | n_pos=610 | n_neg=5225 | pos_rate=0.1045 | pred_pos=0 | pred_pos_rate=0.0000 | tp=0 | fp=0 | fn=610 | tn=5225 | precision=0.0000 | recall=0.0000 | f1=0.0000 | auc=0.5000 | ap=0.1045 | best_f1=nan | best_threshold=nan | best_precision=nan | best_recall=nan | best_pred_pos_rate=nan | precision_at_k_pos=nan | recall_at_k_pos=nan | all_positive_f1=0.1893 | current_f1_minus_all_positive_f1=-0.1893 | hard_mask_all_positive_like=0
Tip Detection | tip=out_detect_pt | active=0 | node_precision=0.0000 | node_recall=0.0000 | node_f1=0.0000 | edge_precision=0.0000 | edge_recall=0.0000 | edge_f1=0.0000 | edge_auc=0.5000 | node_tp=0 | node_fp=0 | node_fn=443 | edge_tp=0 | edge_fp=0 | edge_fn=610
Edge Detection Detail | source=out_detect_pt | active=0 | n_edges=5835 | n_pos=610 | n_neg=5225 | pos_rate=0.1045 | pred_pos=0 | pred_pos_rate=0.0000 | tp=0 | fp=0 | fn=610 | tn=5225 | precision=0.0000 | recall=0.0000 | f1=0.0000 | auc=0.8623 | ap=0.3969 | best_f1=0.5558 | best_threshold=0.9600 | best_precision=0.4452 | best_recall=0.7393 | best_pred_pos_rate=0.1736 | precision_at_k_pos=0.4984 | recall_at_k_pos=0.4984 | all_positive_f1=0.1893 | current_f1_minus_all_positive_f1=-0.1893 | hard_mask_all_positive_like=0
best_loss [tensor(0.5196, device='cuda:0', grad_fn=<AddBackward0>)]
load LLC or attacked data with specified split
Successfully loaded the attack of dataname with few shot 5, split 1
Attack method : Meta_Self | Attack ptb : 0.1 | Dataset: Cora
======================
Number of graphs: 1
Number of features: 1433
Number of classes: 7

Data(x=[2708, 1433], edge_index=[2, 14378], y=[2708], train_mask=[2708], val_mask=[2708], test_mask=[2708])
===========================================================================================================
Number of nodes: 2708
Number of edges: 14378
Average node degree: 5.31
Has isolated nodes: False
Has self-loops: True
Is undirected: True
Pollution Diff | added_edges=610 | deleted_edges=53 | clean_edges=5278 | attack_edges=5835
GCN(
  (conv_layers): ModuleList(
    (0): GCNConv(1433, 256)
    (1): GCNConv(256, 256)
  )
)
Successfully loaded pre-trained weights!
use RobustPrompt Tranductive
defense pt dict :  {'sim_pt': 0.3, 'degree_pt': 1, 'out_detect_pt': -1.0, 'other_pt': 'all'}
use_attention :  False
cosine_constraint :  True
pt_threshold :  0.5
filter_module :  OriginalFilter
temperature :  1.0
weight_mse 0.1
weight_kl :  0.3
weight_constraint :  0.2
run RobustPrompt-T
Epoch 001 |  Time(s) 0.0125 | RobustPrompt-T Loss 1.9443  
Epoch 002 |  Time(s) 0.0119 | RobustPrompt-T Loss 1.9341  
Epoch 003 |  Time(s) 0.0118 | RobustPrompt-T Loss 1.9231  
Epoch 004 |  Time(s) 0.0117 | RobustPrompt-T Loss 1.9117  
Epoch 005 |  Time(s) 0.0118 | RobustPrompt-T Loss 1.8713  
Epoch 006 |  Time(s) 0.0118 | RobustPrompt-T Loss 1.8250  
Epoch 007 |  Time(s) 0.0118 | RobustPrompt-T Loss 1.8190  
Epoch 008 |  Time(s) 0.0117 | RobustPrompt-T Loss 1.8194  
Epoch 009 |  Time(s) 0.0116 | RobustPrompt-T Loss 1.8373  
Epoch 010 |  Time(s) 0.0119 | RobustPrompt-T Loss 1.8079  
Epoch 011 |  Time(s) 0.0116 | RobustPrompt-T Loss 1.7745  
Epoch 012 |  Time(s) 0.0118 | RobustPrompt-T Loss 1.7850  
Epoch 013 |  Time(s) 0.0118 | RobustPrompt-T Loss 1.7579  
Epoch 014 |  Time(s) 0.0117 | RobustPrompt-T Loss 1.7593  
Epoch 015 |  Time(s) 0.0116 | RobustPrompt-T Loss 1.7606  
Epoch 016 |  Time(s) 0.0118 | RobustPrompt-T Loss 1.8110  
Epoch 017 |  Time(s) 0.0118 | RobustPrompt-T Loss 1.8728  
Epoch 018 |  Time(s) 0.0117 | RobustPrompt-T Loss 1.7716  
Epoch 019 |  Time(s) 0.0117 | RobustPrompt-T Loss 1.8261  
Epoch 020 |  Time(s) 0.0117 | RobustPrompt-T Loss 1.6978  
Epoch 021 |  Time(s) 0.0117 | RobustPrompt-T Loss 1.7458  
Epoch 022 |  Time(s) 0.0118 | RobustPrompt-T Loss 1.7289  
Epoch 023 |  Time(s) 0.0120 | RobustPrompt-T Loss 1.6814  
Epoch 024 |  Time(s) 0.0117 | RobustPrompt-T Loss 1.7221  
Epoch 025 |  Time(s) 0.0119 | RobustPrompt-T Loss 1.6696  
Epoch 026 |  Time(s) 0.0118 | RobustPrompt-T Loss 1.6921  
Epoch 027 |  Time(s) 0.0117 | RobustPrompt-T Loss 1.6579  
Epoch 028 |  Time(s) 0.0117 | RobustPrompt-T Loss 1.6234  
Epoch 029 |  Time(s) 0.0117 | RobustPrompt-T Loss 1.6305  
Epoch 030 |  Time(s) 0.0117 | RobustPrompt-T Loss 1.5979  
Epoch 031 |  Time(s) 0.0117 | RobustPrompt-T Loss 1.5782  
Epoch 032 |  Time(s) 0.0118 | RobustPrompt-T Loss 1.5485  
Epoch 033 |  Time(s) 0.0118 | RobustPrompt-T Loss 1.5452  
Epoch 034 |  Time(s) 0.0117 | RobustPrompt-T Loss 1.4964  
Epoch 035 |  Time(s) 0.0116 | RobustPrompt-T Loss 1.4284  
Epoch 036 |  Time(s) 0.0116 | RobustPrompt-T Loss 1.4234  
Epoch 037 |  Time(s) 0.0118 | RobustPrompt-T Loss 1.3337  
Epoch 038 |  Time(s) 0.0116 | RobustPrompt-T Loss 1.3186  
Epoch 039 |  Time(s) 0.0116 | RobustPrompt-T Loss 1.2837  
Epoch 040 |  Time(s) 0.0118 | RobustPrompt-T Loss 1.2157  
Epoch 041 |  Time(s) 0.0116 | RobustPrompt-T Loss 1.1904  
Epoch 042 |  Time(s) 0.0116 | RobustPrompt-T Loss 1.1513  
Epoch 043 |  Time(s) 0.0118 | RobustPrompt-T Loss 1.0836  
Epoch 044 |  Time(s) 0.0117 | RobustPrompt-T Loss 1.0771  
Epoch 045 |  Time(s) 0.0118 | RobustPrompt-T Loss 1.0292  
Epoch 046 |  Time(s) 0.0124 | RobustPrompt-T Loss 1.0182  
Epoch 047 |  Time(s) 0.0124 | RobustPrompt-T Loss 1.0001  
Epoch 048 |  Time(s) 0.0123 | RobustPrompt-T Loss 0.9872  
Epoch 049 |  Time(s) 0.0125 | RobustPrompt-T Loss 0.9525  
Epoch 050 |  Time(s) 0.0125 | RobustPrompt-T Loss 0.8902  
Epoch 051 |  Time(s) 0.0122 | RobustPrompt-T Loss 0.8510  
Epoch 052 |  Time(s) 0.0121 | RobustPrompt-T Loss 0.8164  
Epoch 053 |  Time(s) 0.0121 | RobustPrompt-T Loss 0.7807  
Epoch 054 |  Time(s) 0.0122 | RobustPrompt-T Loss 0.7745  
Epoch 055 |  Time(s) 0.0122 | RobustPrompt-T Loss 0.7745  
Epoch 056 |  Time(s) 0.0123 | RobustPrompt-T Loss 0.7254  
Epoch 057 |  Time(s) 0.0123 | RobustPrompt-T Loss 0.6652  
Epoch 058 |  Time(s) 0.0122 | RobustPrompt-T Loss 0.6744  
Epoch 059 |  Time(s) 0.0120 | RobustPrompt-T Loss 0.6664  
Epoch 060 |  Time(s) 0.0121 | RobustPrompt-T Loss 0.6125  
Epoch 061 |  Time(s) 0.0121 | RobustPrompt-T Loss 0.5811  
Epoch 062 |  Time(s) 0.0121 | RobustPrompt-T Loss 0.6201  
Epoch 063 |  Time(s) 0.0121 | RobustPrompt-T Loss 0.5497  
Epoch 064 |  Time(s) 0.0120 | RobustPrompt-T Loss 0.5458  
Epoch 065 |  Time(s) 0.0119 | RobustPrompt-T Loss 0.5605  
Epoch 066 |  Time(s) 0.0121 | RobustPrompt-T Loss 0.5116  
Epoch 067 |  Time(s) 0.0119 | RobustPrompt-T Loss 0.4781  
Epoch 068 |  Time(s) 0.0118 | RobustPrompt-T Loss 0.4897  
Epoch 069 |  Time(s) 0.0118 | RobustPrompt-T Loss 0.4632  
Epoch 070 |  Time(s) 0.0115 | RobustPrompt-T Loss 0.4311  
Epoch 071 |  Time(s) 0.0117 | RobustPrompt-T Loss 0.4497  
Epoch 072 |  Time(s) 0.0118 | RobustPrompt-T Loss 0.4164  
Epoch 073 |  Time(s) 0.0117 | RobustPrompt-T Loss 0.3914  
Epoch 074 |  Time(s) 0.0118 | RobustPrompt-T Loss 0.4123  
Epoch 075 |  Time(s) 0.0118 | RobustPrompt-T Loss 0.3721  
Epoch 076 |  Time(s) 0.0117 | RobustPrompt-T Loss 0.3461  
Epoch 077 |  Time(s) 0.0116 | RobustPrompt-T Loss 0.3836  
Epoch 078 |  Time(s) 0.0117 | RobustPrompt-T Loss 0.3370  
Epoch 079 |  Time(s) 0.0118 | RobustPrompt-T Loss 0.3212  
Epoch 080 |  Time(s) 0.0117 | RobustPrompt-T Loss 0.3244  
Epoch 081 |  Time(s) 0.0117 | RobustPrompt-T Loss 0.2771  
Epoch 082 |  Time(s) 0.0117 | RobustPrompt-T Loss 0.2903  
Epoch 083 |  Time(s) 0.0118 | RobustPrompt-T Loss 0.2853  
Epoch 084 |  Time(s) 0.0117 | RobustPrompt-T Loss 0.2498  
Epoch 085 |  Time(s) 0.0117 | RobustPrompt-T Loss 0.2529  
Epoch 086 |  Time(s) 0.0118 | RobustPrompt-T Loss 0.2343  
Epoch 087 |  Time(s) 0.0117 | RobustPrompt-T Loss 0.2192  
Epoch 088 |  Time(s) 0.0118 | RobustPrompt-T Loss 0.2324  
Epoch 089 |  Time(s) 0.0118 | RobustPrompt-T Loss 0.1956  
Epoch 090 |  Time(s) 0.0118 | RobustPrompt-T Loss 0.2012  
Epoch 091 |  Time(s) 0.0118 | RobustPrompt-T Loss 0.1792  
Epoch 092 |  Time(s) 0.0117 | RobustPrompt-T Loss 0.1828  
Epoch 093 |  Time(s) 0.0118 | RobustPrompt-T Loss 0.1610  
Epoch 094 |  Time(s) 0.0120 | RobustPrompt-T Loss 0.1669  
Epoch 095 |  Time(s) 0.0117 | RobustPrompt-T Loss 0.1416  
Epoch 096 |  Time(s) 0.0116 | RobustPrompt-T Loss 0.1481  
Epoch 097 |  Time(s) 0.0120 | RobustPrompt-T Loss 0.1356  
Epoch 098 |  Time(s) 0.0121 | RobustPrompt-T Loss 0.1275  
Epoch 099 |  Time(s) 0.0118 | RobustPrompt-T Loss 0.1150  
Epoch 100 |  Time(s) 0.0121 | RobustPrompt-T Loss 0.1143  
Epoch 101 |  Time(s) 0.0120 | RobustPrompt-T Loss 0.1280  
Epoch 102 |  Time(s) 0.0119 | RobustPrompt-T Loss 0.1118  
Epoch 103 |  Time(s) 0.0118 | RobustPrompt-T Loss 0.1045  
Epoch 104 |  Time(s) 0.0120 | RobustPrompt-T Loss 0.0994  
Epoch 105 |  Time(s) 0.0120 | RobustPrompt-T Loss 0.0890  
Epoch 106 |  Time(s) 0.0120 | RobustPrompt-T Loss 0.0879  
Epoch 107 |  Time(s) 0.0119 | RobustPrompt-T Loss 0.0906  
Epoch 108 |  Time(s) 0.0120 | RobustPrompt-T Loss 0.0770  
Epoch 109 |  Time(s) 0.0120 | RobustPrompt-T Loss 0.0767  
Epoch 110 |  Time(s) 0.0118 | RobustPrompt-T Loss 0.0698  
Epoch 111 |  Time(s) 0.0120 | RobustPrompt-T Loss 0.0636  
Epoch 112 |  Time(s) 0.0120 | RobustPrompt-T Loss 0.0862  
Epoch 113 |  Time(s) 0.0121 | RobustPrompt-T Loss 0.0646  
Epoch 114 |  Time(s) 0.0121 | RobustPrompt-T Loss 0.0628  
Epoch 115 |  Time(s) 0.0119 | RobustPrompt-T Loss 0.0747  
Epoch 116 |  Time(s) 0.0120 | RobustPrompt-T Loss 0.0562  
Epoch 117 |  Time(s) 0.0120 | RobustPrompt-T Loss 0.0687  
Epoch 118 |  Time(s) 0.0119 | RobustPrompt-T Loss 0.0651  
Epoch 119 |  Time(s) 0.0119 | RobustPrompt-T Loss 0.0564  
Epoch 120 |  Time(s) 0.0120 | RobustPrompt-T Loss 0.0569  
Epoch 121 |  Time(s) 0.0121 | RobustPrompt-T Loss 0.0548  
Epoch 122 |  Time(s) 0.0120 | RobustPrompt-T Loss 0.0554  
Epoch 123 |  Time(s) 0.0120 | RobustPrompt-T Loss 0.0541  
Epoch 124 |  Time(s) 0.0120 | RobustPrompt-T Loss 0.0545  
Epoch 125 |  Time(s) 0.0123 | RobustPrompt-T Loss 0.0485  
Epoch 126 |  Time(s) 0.0120 | RobustPrompt-T Loss 0.0509  
Epoch 127 |  Time(s) 0.0118 | RobustPrompt-T Loss 0.0505  
Epoch 128 |  Time(s) 0.0120 | RobustPrompt-T Loss 0.0476  
Epoch 129 |  Time(s) 0.0119 | RobustPrompt-T Loss 0.0503  
Epoch 130 |  Time(s) 0.0122 | RobustPrompt-T Loss 0.0510  
Epoch 131 |  Time(s) 0.0126 | RobustPrompt-T Loss 0.0477  
Epoch 132 |  Time(s) 0.0121 | RobustPrompt-T Loss 0.0474  
Epoch 133 |  Time(s) 0.0120 | RobustPrompt-T Loss 0.0457  
Epoch 134 |  Time(s) 0.0119 | RobustPrompt-T Loss 0.0468  
Epoch 135 |  Time(s) 0.0121 | RobustPrompt-T Loss 0.0478  
Epoch 136 |  Time(s) 0.0120 | RobustPrompt-T Loss 0.0461  
Epoch 137 |  Time(s) 0.0120 | RobustPrompt-T Loss 0.0463  
Epoch 138 |  Time(s) 0.0121 | RobustPrompt-T Loss 0.0450  
Epoch 139 |  Time(s) 0.0119 | RobustPrompt-T Loss 0.0438  
Epoch 140 |  Time(s) 0.0119 | RobustPrompt-T Loss 0.0480  
Epoch 141 |  Time(s) 0.0120 | RobustPrompt-T Loss 0.0493  
Epoch 142 |  Time(s) 0.0121 | RobustPrompt-T Loss 0.0431  
Epoch 143 |  Time(s) 0.0121 | RobustPrompt-T Loss 0.0441  
Epoch 144 |  Time(s) 0.0121 | RobustPrompt-T Loss 0.0435  
Epoch 145 |  Time(s) 0.0120 | RobustPrompt-T Loss 0.0440  
Epoch 146 |  Time(s) 0.0120 | RobustPrompt-T Loss 0.0437  
Epoch 147 |  Time(s) 0.0122 | RobustPrompt-T Loss 0.0424  
Epoch 148 |  Time(s) 0.0119 | RobustPrompt-T Loss 0.0439  
Epoch 149 |  Time(s) 0.0120 | RobustPrompt-T Loss 0.0415  
Epoch 150 |  Time(s) 0.0120 | RobustPrompt-T Loss 0.0426  
Epoch 151 |  Time(s) 0.0121 | RobustPrompt-T Loss 0.0428  
Epoch 152 |  Time(s) 0.0120 | RobustPrompt-T Loss 0.0411  
Epoch 153 |  Time(s) 0.0120 | RobustPrompt-T Loss 0.0413  
Epoch 154 |  Time(s) 0.0120 | RobustPrompt-T Loss 0.0404  
Epoch 155 |  Time(s) 0.0119 | RobustPrompt-T Loss 0.0422  
Epoch 156 |  Time(s) 0.0120 | RobustPrompt-T Loss 0.0410  
Epoch 157 |  Time(s) 0.0120 | RobustPrompt-T Loss 0.0406  
Epoch 158 |  Time(s) 0.0121 | RobustPrompt-T Loss 0.0399  
Epoch 159 |  Time(s) 0.0121 | RobustPrompt-T Loss 0.0466  
Epoch 160 |  Time(s) 0.0120 | RobustPrompt-T Loss 0.0443  
Epoch 161 |  Time(s) 0.0120 | RobustPrompt-T Loss 0.0429  
Epoch 162 |  Time(s) 0.0119 | RobustPrompt-T Loss 0.0483  
Epoch 163 |  Time(s) 0.0120 | RobustPrompt-T Loss 0.0427  
Epoch 164 |  Time(s) 0.0120 | RobustPrompt-T Loss 0.0392  
Epoch 165 |  Time(s) 0.0120 | RobustPrompt-T Loss 0.0470  
Epoch 166 |  Time(s) 0.0119 | RobustPrompt-T Loss 0.0379  
Epoch 167 |  Time(s) 0.0119 | RobustPrompt-T Loss 0.0413  
Epoch 168 |  Time(s) 0.0121 | RobustPrompt-T Loss 0.0378  
Epoch 169 |  Time(s) 0.0120 | RobustPrompt-T Loss 0.0421  
Epoch 170 |  Time(s) 0.0120 | RobustPrompt-T Loss 0.0432  
Epoch 171 |  Time(s) 0.0120 | RobustPrompt-T Loss 0.0438  
Epoch 172 |  Time(s) 0.0119 | RobustPrompt-T Loss 0.0416  
Epoch 173 |  Time(s) 0.0121 | RobustPrompt-T Loss 0.0405  
Epoch 174 |  Time(s) 0.0119 | RobustPrompt-T Loss 0.0362  
Epoch 175 |  Time(s) 0.0121 | RobustPrompt-T Loss 0.0385  
Epoch 176 |  Time(s) 0.0120 | RobustPrompt-T Loss 0.0406  
Epoch 177 |  Time(s) 0.0121 | RobustPrompt-T Loss 0.0383  
Epoch 178 |  Time(s) 0.0120 | RobustPrompt-T Loss 0.0364  
Epoch 179 |  Time(s) 0.0120 | RobustPrompt-T Loss 0.0397  
Epoch 180 |  Time(s) 0.0120 | RobustPrompt-T Loss 0.0351  
Epoch 181 |  Time(s) 0.0119 | RobustPrompt-T Loss 0.0436  
Epoch 182 |  Time(s) 0.0120 | RobustPrompt-T Loss 0.0414  
Epoch 183 |  Time(s) 0.0120 | RobustPrompt-T Loss 0.0344  
Epoch 184 |  Time(s) 0.0120 | RobustPrompt-T Loss 0.0394  
Epoch 185 |  Time(s) 0.0120 | RobustPrompt-T Loss 0.0341  
Epoch 186 |  Time(s) 0.0120 | RobustPrompt-T Loss 0.0374  
Epoch 187 |  Time(s) 0.0119 | RobustPrompt-T Loss 0.0374  
Epoch 188 |  Time(s) 0.0120 | RobustPrompt-T Loss 0.0410  
Epoch 189 |  Time(s) 0.0121 | RobustPrompt-T Loss 0.0363  
Epoch 190 |  Time(s) 0.0122 | RobustPrompt-T Loss 0.0385  
Epoch 191 |  Time(s) 0.0119 | RobustPrompt-T Loss 0.0381  
Epoch 192 |  Time(s) 0.0120 | RobustPrompt-T Loss 0.0393  
Epoch 193 |  Time(s) 0.0119 | RobustPrompt-T Loss 0.0386  
Epoch 194 |  Time(s) 0.0120 | RobustPrompt-T Loss 0.0362  
Epoch 195 |  Time(s) 0.0120 | RobustPrompt-T Loss 0.0440  
Epoch 196 |  Time(s) 0.0120 | RobustPrompt-T Loss 0.0340  
Epoch 197 |  Time(s) 0.0120 | RobustPrompt-T Loss 0.0387  
Epoch 198 |  Time(s) 0.0119 | RobustPrompt-T Loss 0.0349  
Epoch 199 |  Time(s) 0.0120 | RobustPrompt-T Loss 0.0435  
Epoch 200 |  Time(s) 0.0120 | RobustPrompt-T Loss 0.0346  
Final True Accuracy: 0.1100 | Macro F1 Score: 0.0940
Edge Detection Detail | source=filter_module | active=0 | n_edges=5835 | n_pos=610 | n_neg=5225 | pos_rate=0.1045 | pred_pos=5738 | pred_pos_rate=0.9834 | tp=610 | fp=5128 | fn=0 | tn=97 | precision=0.1063 | recall=1.0000 | f1=0.1922 | auc=0.8623 | ap=0.3969 | best_f1=0.5558 | best_threshold=0.9600 | best_precision=0.4452 | best_recall=0.7393 | best_pred_pos_rate=0.1736 | precision_at_k_pos=0.4984 | recall_at_k_pos=0.4984 | all_positive_f1=0.1893 | current_f1_minus_all_positive_f1=0.0029 | hard_mask_all_positive_like=0 | mode=original
Edge Detection Detail | source=tau_tune | active=1 | n_edges=5835 | n_pos=610 | n_neg=5225 | pos_rate=0.1045 | pred_pos=389 | pred_pos_rate=0.0667 | tp=64 | fp=325 | fn=546 | tn=4900 | precision=0.1645 | recall=0.1049 | f1=0.1281 | auc=0.6397 | ap=0.1514 | best_f1=0.2456 | best_threshold=0.1026 | best_precision=0.1560 | best_recall=0.5770 | best_pred_pos_rate=0.3868 | precision_at_k_pos=0.1557 | recall_at_k_pos=0.1557 | all_positive_f1=0.1893 | current_f1_minus_all_positive_f1=-0.0612 | hard_mask_all_positive_like=0
Tip Detection | tip=sim_pt | active=1 | node_precision=0.2092 | node_recall=0.3386 | node_f1=0.2586 | edge_precision=0.1389 | edge_recall=0.9934 | edge_f1=0.2437 | edge_auc=0.6371 | node_tp=150 | node_fp=567 | node_fn=293 | edge_tp=606 | edge_fp=3758 | edge_fn=4
Edge Detection Detail | source=sim_pt | active=1 | n_edges=5835 | n_pos=610 | n_neg=5225 | pos_rate=0.1045 | pred_pos=4364 | pred_pos_rate=0.7479 | tp=606 | fp=3758 | fn=4 | tn=1467 | precision=0.1389 | recall=0.9934 | f1=0.2437 | auc=0.6371 | ap=0.1386 | best_f1=nan | best_threshold=nan | best_precision=nan | best_recall=nan | best_pred_pos_rate=nan | precision_at_k_pos=nan | recall_at_k_pos=nan | all_positive_f1=0.1893 | current_f1_minus_all_positive_f1=0.0544 | hard_mask_all_positive_like=0
Tip Detection | tip=degree_pt | active=1 | node_precision=0.0000 | node_recall=0.0000 | node_f1=0.0000 | edge_precision=0.0000 | edge_recall=0.0000 | edge_f1=0.0000 | edge_auc=0.5000 | node_tp=0 | node_fp=0 | node_fn=443 | edge_tp=0 | edge_fp=0 | edge_fn=610
Edge Detection Detail | source=degree_pt | active=1 | n_edges=5835 | n_pos=610 | n_neg=5225 | pos_rate=0.1045 | pred_pos=0 | pred_pos_rate=0.0000 | tp=0 | fp=0 | fn=610 | tn=5225 | precision=0.0000 | recall=0.0000 | f1=0.0000 | auc=0.5000 | ap=0.1045 | best_f1=nan | best_threshold=nan | best_precision=nan | best_recall=nan | best_pred_pos_rate=nan | precision_at_k_pos=nan | recall_at_k_pos=nan | all_positive_f1=0.1893 | current_f1_minus_all_positive_f1=-0.1893 | hard_mask_all_positive_like=0
Tip Detection | tip=out_detect_pt | active=0 | node_precision=0.0000 | node_recall=0.0000 | node_f1=0.0000 | edge_precision=0.0000 | edge_recall=0.0000 | edge_f1=0.0000 | edge_auc=0.5000 | node_tp=0 | node_fp=0 | node_fn=443 | edge_tp=0 | edge_fp=0 | edge_fn=610
Edge Detection Detail | source=out_detect_pt | active=0 | n_edges=5835 | n_pos=610 | n_neg=5225 | pos_rate=0.1045 | pred_pos=0 | pred_pos_rate=0.0000 | tp=0 | fp=0 | fn=610 | tn=5225 | precision=0.0000 | recall=0.0000 | f1=0.0000 | auc=0.8623 | ap=0.3969 | best_f1=0.5558 | best_threshold=0.9600 | best_precision=0.4452 | best_recall=0.7393 | best_pred_pos_rate=0.1736 | precision_at_k_pos=0.4984 | recall_at_k_pos=0.4984 | all_positive_f1=0.1893 | current_f1_minus_all_positive_f1=-0.1893 | hard_mask_all_positive_like=0
best_loss [tensor(0.0346, device='cuda:0', grad_fn=<AddBackward0>)]
load LLC or attacked data with specified split
Successfully loaded the attack of dataname with few shot 5, split 1
Attack method : Meta_Self | Attack ptb : 0.1 | Dataset: Cora
======================
Number of graphs: 1
Number of features: 1433
Number of classes: 7

Data(x=[2708, 1433], edge_index=[2, 14378], y=[2708], train_mask=[2708], val_mask=[2708], test_mask=[2708])
===========================================================================================================
Number of nodes: 2708
Number of edges: 14378
Average node degree: 5.31
Has isolated nodes: False
Has self-loops: True
Is undirected: True
Pollution Diff | added_edges=610 | deleted_edges=53 | clean_edges=5278 | attack_edges=5835
GCN(
  (conv_layers): ModuleList(
    (0): GCNConv(1433, 256)
    (1): GCNConv(256, 256)
  )
)
Successfully loaded pre-trained weights!
use RobustPrompt Tranductive
defense pt dict :  {'sim_pt': 0.3, 'degree_pt': 1, 'out_detect_pt': -1.0, 'other_pt': 'all'}
use_attention :  False
cosine_constraint :  True
pt_threshold :  0.5
filter_module :  OriginalFilter
temperature :  1.0
weight_mse 0.1
weight_kl :  0.3
weight_constraint :  0.2
run RobustPrompt-T
Epoch 001 |  Time(s) 0.0129 | RobustPrompt-T Loss 1.9448  
Epoch 002 |  Time(s) 0.0126 | RobustPrompt-T Loss 1.9343  
Epoch 003 |  Time(s) 0.0125 | RobustPrompt-T Loss 1.9090  
Epoch 004 |  Time(s) 0.0124 | RobustPrompt-T Loss 1.8390  
Epoch 005 |  Time(s) 0.0121 | RobustPrompt-T Loss 1.8375  
Epoch 006 |  Time(s) 0.0123 | RobustPrompt-T Loss 1.8149  
Epoch 007 |  Time(s) 0.0124 | RobustPrompt-T Loss 1.8645  
Epoch 008 |  Time(s) 0.0120 | RobustPrompt-T Loss 1.8060  
Epoch 009 |  Time(s) 0.0123 | RobustPrompt-T Loss 1.8167  
Epoch 010 |  Time(s) 0.0129 | RobustPrompt-T Loss 1.7838  
Epoch 011 |  Time(s) 0.0124 | RobustPrompt-T Loss 1.7824  
Epoch 012 |  Time(s) 0.0126 | RobustPrompt-T Loss 1.7778  
Epoch 013 |  Time(s) 0.0122 | RobustPrompt-T Loss 1.7718  
Epoch 014 |  Time(s) 0.0121 | RobustPrompt-T Loss 1.8070  
Epoch 015 |  Time(s) 0.0121 | RobustPrompt-T Loss 1.8026  
Epoch 016 |  Time(s) 0.0119 | RobustPrompt-T Loss 1.7610  
Epoch 017 |  Time(s) 0.0119 | RobustPrompt-T Loss 1.7160  
Epoch 018 |  Time(s) 0.0127 | RobustPrompt-T Loss 1.7578  
Epoch 019 |  Time(s) 0.0124 | RobustPrompt-T Loss 1.7283  
Epoch 020 |  Time(s) 0.0128 | RobustPrompt-T Loss 1.7043  
Epoch 021 |  Time(s) 0.0127 | RobustPrompt-T Loss 1.7580  
Epoch 022 |  Time(s) 0.0120 | RobustPrompt-T Loss 1.7470  
Epoch 023 |  Time(s) 0.0125 | RobustPrompt-T Loss 1.6700  
Epoch 024 |  Time(s) 0.0118 | RobustPrompt-T Loss 1.7462  
Epoch 025 |  Time(s) 0.0125 | RobustPrompt-T Loss 1.6352  
Epoch 026 |  Time(s) 0.0122 | RobustPrompt-T Loss 1.6885  
Epoch 027 |  Time(s) 0.0123 | RobustPrompt-T Loss 1.6173  
Epoch 028 |  Time(s) 0.0120 | RobustPrompt-T Loss 1.6631  
Epoch 029 |  Time(s) 0.0120 | RobustPrompt-T Loss 1.6272  
Epoch 030 |  Time(s) 0.0120 | RobustPrompt-T Loss 1.5756  
Epoch 031 |  Time(s) 0.0118 | RobustPrompt-T Loss 1.5889  
Epoch 032 |  Time(s) 0.0121 | RobustPrompt-T Loss 1.4916  
Epoch 033 |  Time(s) 0.0119 | RobustPrompt-T Loss 1.5186  
Epoch 034 |  Time(s) 0.0122 | RobustPrompt-T Loss 1.4028  
Epoch 035 |  Time(s) 0.0120 | RobustPrompt-T Loss 1.4408  
Epoch 036 |  Time(s) 0.0121 | RobustPrompt-T Loss 1.4049  
Epoch 037 |  Time(s) 0.0120 | RobustPrompt-T Loss 1.3326  
Epoch 038 |  Time(s) 0.0121 | RobustPrompt-T Loss 1.3618  
Epoch 039 |  Time(s) 0.0124 | RobustPrompt-T Loss 1.2401  
Epoch 040 |  Time(s) 0.0122 | RobustPrompt-T Loss 1.2082  
Epoch 041 |  Time(s) 0.0122 | RobustPrompt-T Loss 1.1701  
Epoch 042 |  Time(s) 0.0121 | RobustPrompt-T Loss 1.1080  
Epoch 043 |  Time(s) 0.0121 | RobustPrompt-T Loss 1.1170  
Epoch 044 |  Time(s) 0.0119 | RobustPrompt-T Loss 1.0718  
Epoch 045 |  Time(s) 0.0124 | RobustPrompt-T Loss 1.0005  
Epoch 046 |  Time(s) 0.0122 | RobustPrompt-T Loss 0.9768  
Epoch 047 |  Time(s) 0.0124 | RobustPrompt-T Loss 0.9248  
Epoch 048 |  Time(s) 0.0127 | RobustPrompt-T Loss 0.9116  
Epoch 049 |  Time(s) 0.0124 | RobustPrompt-T Loss 0.8682  
Epoch 050 |  Time(s) 0.0125 | RobustPrompt-T Loss 0.8275  
Epoch 051 |  Time(s) 0.0123 | RobustPrompt-T Loss 0.8388  
Epoch 052 |  Time(s) 0.0121 | RobustPrompt-T Loss 0.8251  
Epoch 053 |  Time(s) 0.0126 | RobustPrompt-T Loss 0.7750  
Epoch 054 |  Time(s) 0.0128 | RobustPrompt-T Loss 0.6899  
Epoch 055 |  Time(s) 0.0125 | RobustPrompt-T Loss 0.7144  
Epoch 056 |  Time(s) 0.0127 | RobustPrompt-T Loss 0.7037  
Epoch 057 |  Time(s) 0.0123 | RobustPrompt-T Loss 0.6478  
Epoch 058 |  Time(s) 0.0127 | RobustPrompt-T Loss 0.6122  
Epoch 059 |  Time(s) 0.0128 | RobustPrompt-T Loss 0.6151  
Epoch 060 |  Time(s) 0.0126 | RobustPrompt-T Loss 0.5805  
Epoch 061 |  Time(s) 0.0128 | RobustPrompt-T Loss 0.5213  
Epoch 062 |  Time(s) 0.0129 | RobustPrompt-T Loss 0.5488  
Epoch 063 |  Time(s) 0.0129 | RobustPrompt-T Loss 0.5242  
Epoch 064 |  Time(s) 0.0129 | RobustPrompt-T Loss 0.5027  
Epoch 065 |  Time(s) 0.0129 | RobustPrompt-T Loss 0.4720  
Epoch 066 |  Time(s) 0.0123 | RobustPrompt-T Loss 0.4591  
Epoch 067 |  Time(s) 0.0127 | RobustPrompt-T Loss 0.4593  
Epoch 068 |  Time(s) 0.0125 | RobustPrompt-T Loss 0.4301  
Epoch 069 |  Time(s) 0.0122 | RobustPrompt-T Loss 0.4136  
Epoch 070 |  Time(s) 0.0123 | RobustPrompt-T Loss 0.4287  
Epoch 071 |  Time(s) 0.0124 | RobustPrompt-T Loss 0.3561  
Epoch 072 |  Time(s) 0.0127 | RobustPrompt-T Loss 0.3422  
Epoch 073 |  Time(s) 0.0121 | RobustPrompt-T Loss 0.3518  
Epoch 074 |  Time(s) 0.0123 | RobustPrompt-T Loss 0.3240  
Epoch 075 |  Time(s) 0.0126 | RobustPrompt-T Loss 0.3316  
Epoch 076 |  Time(s) 0.0124 | RobustPrompt-T Loss 0.2512  
Epoch 077 |  Time(s) 0.0127 | RobustPrompt-T Loss 0.2822  
Epoch 078 |  Time(s) 0.0123 | RobustPrompt-T Loss 0.3340  
Epoch 079 |  Time(s) 0.0126 | RobustPrompt-T Loss 0.2612  
Epoch 080 |  Time(s) 0.0124 | RobustPrompt-T Loss 0.2591  
Epoch 081 |  Time(s) 0.0127 | RobustPrompt-T Loss 0.3129  
Epoch 082 |  Time(s) 0.0124 | RobustPrompt-T Loss 0.2409  
Epoch 083 |  Time(s) 0.0126 | RobustPrompt-T Loss 0.2915  
Epoch 084 |  Time(s) 0.0124 | RobustPrompt-T Loss 0.2377  
Epoch 085 |  Time(s) 0.0126 | RobustPrompt-T Loss 0.3325  
Epoch 086 |  Time(s) 0.0128 | RobustPrompt-T Loss 0.3942  
Epoch 087 |  Time(s) 0.0125 | RobustPrompt-T Loss 0.2346  
Epoch 088 |  Time(s) 0.0127 | RobustPrompt-T Loss 0.3007  
Epoch 089 |  Time(s) 0.0128 | RobustPrompt-T Loss 0.3279  
Epoch 090 |  Time(s) 0.0125 | RobustPrompt-T Loss 0.1637  
Epoch 091 |  Time(s) 0.0126 | RobustPrompt-T Loss 0.2789  
Epoch 092 |  Time(s) 0.0124 | RobustPrompt-T Loss 0.2256  
Epoch 093 |  Time(s) 0.0126 | RobustPrompt-T Loss 0.1774  
Epoch 094 |  Time(s) 0.0132 | RobustPrompt-T Loss 0.2167  
Epoch 095 |  Time(s) 0.0131 | RobustPrompt-T Loss 0.1277  
Epoch 096 |  Time(s) 0.0123 | RobustPrompt-T Loss 0.1909  
Epoch 097 |  Time(s) 0.0124 | RobustPrompt-T Loss 0.1416  
Epoch 098 |  Time(s) 0.0120 | RobustPrompt-T Loss 0.2419  
Epoch 099 |  Time(s) 0.0126 | RobustPrompt-T Loss 0.1606  
Epoch 100 |  Time(s) 0.0120 | RobustPrompt-T Loss 0.1584  
Epoch 101 |  Time(s) 0.0119 | RobustPrompt-T Loss 0.1696  
Epoch 102 |  Time(s) 0.0118 | RobustPrompt-T Loss 0.1291  
Epoch 103 |  Time(s) 0.0128 | RobustPrompt-T Loss 0.1395  
Epoch 104 |  Time(s) 0.0125 | RobustPrompt-T Loss 0.1406  
Epoch 105 |  Time(s) 0.0130 | RobustPrompt-T Loss 0.0893  
Epoch 106 |  Time(s) 0.0130 | RobustPrompt-T Loss 0.1287  
Epoch 107 |  Time(s) 0.0130 | RobustPrompt-T Loss 0.0816  
Epoch 108 |  Time(s) 0.0128 | RobustPrompt-T Loss 0.0905  
Epoch 109 |  Time(s) 0.0129 | RobustPrompt-T Loss 0.0961  
Epoch 110 |  Time(s) 0.0129 | RobustPrompt-T Loss 0.0952  
Epoch 111 |  Time(s) 0.0128 | RobustPrompt-T Loss 0.0759  
Epoch 112 |  Time(s) 0.0130 | RobustPrompt-T Loss 0.0732  
Epoch 113 |  Time(s) 0.0131 | RobustPrompt-T Loss 0.0584  
Epoch 114 |  Time(s) 0.0129 | RobustPrompt-T Loss 0.0816  
Epoch 115 |  Time(s) 0.0126 | RobustPrompt-T Loss 0.0666  
Epoch 116 |  Time(s) 0.0128 | RobustPrompt-T Loss 0.0624  
Epoch 117 |  Time(s) 0.0129 | RobustPrompt-T Loss 0.0735  
Epoch 118 |  Time(s) 0.0129 | RobustPrompt-T Loss 0.0619  
Epoch 119 |  Time(s) 0.0130 | RobustPrompt-T Loss 0.0661  
Epoch 120 |  Time(s) 0.0130 | RobustPrompt-T Loss 0.0702  
Epoch 121 |  Time(s) 0.0128 | RobustPrompt-T Loss 0.0581  
Epoch 122 |  Time(s) 0.0124 | RobustPrompt-T Loss 0.0678  
Epoch 123 |  Time(s) 0.0128 | RobustPrompt-T Loss 0.0610  
Epoch 124 |  Time(s) 0.0125 | RobustPrompt-T Loss 0.0596  
Epoch 125 |  Time(s) 0.0129 | RobustPrompt-T Loss 0.0723  
Epoch 126 |  Time(s) 0.0127 | RobustPrompt-T Loss 0.0621  
Epoch 127 |  Time(s) 0.0122 | RobustPrompt-T Loss 0.0647  
Epoch 128 |  Time(s) 0.0124 | RobustPrompt-T Loss 0.0658  
Epoch 129 |  Time(s) 0.0120 | RobustPrompt-T Loss 0.0653  
Epoch 130 |  Time(s) 0.0122 | RobustPrompt-T Loss 0.0604  
Epoch 131 |  Time(s) 0.0124 | RobustPrompt-T Loss 0.0522  
Epoch 132 |  Time(s) 0.0124 | RobustPrompt-T Loss 0.0773  
Epoch 133 |  Time(s) 0.0128 | RobustPrompt-T Loss 0.0609  
Epoch 134 |  Time(s) 0.0129 | RobustPrompt-T Loss 0.0532  
Epoch 135 |  Time(s) 0.0115 | RobustPrompt-T Loss 0.0732  
Epoch 136 |  Time(s) 0.0126 | RobustPrompt-T Loss 0.0553  
Epoch 137 |  Time(s) 0.0116 | RobustPrompt-T Loss 0.0596  
Epoch 138 |  Time(s) 0.0118 | RobustPrompt-T Loss 0.0492  
Epoch 139 |  Time(s) 0.0122 | RobustPrompt-T Loss 0.0560  
Epoch 140 |  Time(s) 0.0120 | RobustPrompt-T Loss 0.0521  
Epoch 141 |  Time(s) 0.0120 | RobustPrompt-T Loss 0.0491  
Epoch 142 |  Time(s) 0.0119 | RobustPrompt-T Loss 0.0458  
Epoch 143 |  Time(s) 0.0119 | RobustPrompt-T Loss 0.0478  
Epoch 144 |  Time(s) 0.0125 | RobustPrompt-T Loss 0.0570  
Epoch 145 |  Time(s) 0.0119 | RobustPrompt-T Loss 0.0473  
Epoch 146 |  Time(s) 0.0122 | RobustPrompt-T Loss 0.0480  
Epoch 147 |  Time(s) 0.0123 | RobustPrompt-T Loss 0.0453  
Epoch 148 |  Time(s) 0.0124 | RobustPrompt-T Loss 0.0467  
Epoch 149 |  Time(s) 0.0124 | RobustPrompt-T Loss 0.0425  
Epoch 150 |  Time(s) 0.0124 | RobustPrompt-T Loss 0.0440  
Epoch 151 |  Time(s) 0.0124 | RobustPrompt-T Loss 0.0436  
Epoch 152 |  Time(s) 0.0124 | RobustPrompt-T Loss 0.0446  
Epoch 153 |  Time(s) 0.0119 | RobustPrompt-T Loss 0.0476  
Epoch 154 |  Time(s) 0.0123 | RobustPrompt-T Loss 0.0506  
Epoch 155 |  Time(s) 0.0123 | RobustPrompt-T Loss 0.0587  
Epoch 156 |  Time(s) 0.0123 | RobustPrompt-T Loss 0.0464  
Epoch 157 |  Time(s) 0.0122 | RobustPrompt-T Loss 0.0443  
Epoch 158 |  Time(s) 0.0125 | RobustPrompt-T Loss 0.0526  
Epoch 159 |  Time(s) 0.0122 | RobustPrompt-T Loss 0.0472  
Epoch 160 |  Time(s) 0.0122 | RobustPrompt-T Loss 0.0459  
Epoch 161 |  Time(s) 0.0122 | RobustPrompt-T Loss 0.0476  
Epoch 162 |  Time(s) 0.0120 | RobustPrompt-T Loss 0.0405  
Epoch 163 |  Time(s) 0.0119 | RobustPrompt-T Loss 0.0418  
Epoch 164 |  Time(s) 0.0125 | RobustPrompt-T Loss 0.0398  
Epoch 165 |  Time(s) 0.0124 | RobustPrompt-T Loss 0.0546  
Epoch 166 |  Time(s) 0.0121 | RobustPrompt-T Loss 0.0438  
Epoch 167 |  Time(s) 0.0123 | RobustPrompt-T Loss 0.0396  
Epoch 168 |  Time(s) 0.0123 | RobustPrompt-T Loss 0.0563  
Epoch 169 |  Time(s) 0.0122 | RobustPrompt-T Loss 0.0445  
Epoch 170 |  Time(s) 0.0123 | RobustPrompt-T Loss 0.0396  
Epoch 171 |  Time(s) 0.0122 | RobustPrompt-T Loss 0.0626  
Epoch 172 |  Time(s) 0.0121 | RobustPrompt-T Loss 0.0429  
Epoch 173 |  Time(s) 0.0121 | RobustPrompt-T Loss 0.0431  
Epoch 174 |  Time(s) 0.0121 | RobustPrompt-T Loss 0.0450  
Epoch 175 |  Time(s) 0.0124 | RobustPrompt-T Loss 0.0436  
Epoch 176 |  Time(s) 0.0126 | RobustPrompt-T Loss 0.0428  
Epoch 177 |  Time(s) 0.0124 | RobustPrompt-T Loss 0.0388  
Epoch 178 |  Time(s) 0.0122 | RobustPrompt-T Loss 0.0390  
Epoch 179 |  Time(s) 0.0123 | RobustPrompt-T Loss 0.0381  
Epoch 180 |  Time(s) 0.0124 | RobustPrompt-T Loss 0.0384  
Epoch 181 |  Time(s) 0.0122 | RobustPrompt-T Loss 0.0389  
Epoch 182 |  Time(s) 0.0123 | RobustPrompt-T Loss 0.0388  
Epoch 183 |  Time(s) 0.0123 | RobustPrompt-T Loss 0.0397  
Epoch 184 |  Time(s) 0.0123 | RobustPrompt-T Loss 0.0403  
Epoch 185 |  Time(s) 0.0123 | RobustPrompt-T Loss 0.0376  
Epoch 186 |  Time(s) 0.0123 | RobustPrompt-T Loss 0.0360  
Epoch 187 |  Time(s) 0.0123 | RobustPrompt-T Loss 0.0350  
Epoch 188 |  Time(s) 0.0123 | RobustPrompt-T Loss 0.0359  
Epoch 189 |  Time(s) 0.0119 | RobustPrompt-T Loss 0.0353  
Epoch 190 |  Time(s) 0.0123 | RobustPrompt-T Loss 0.0367  
Epoch 191 |  Time(s) 0.0124 | RobustPrompt-T Loss 0.0367  
Epoch 192 |  Time(s) 0.0123 | RobustPrompt-T Loss 0.0366  
Epoch 193 |  Time(s) 0.0123 | RobustPrompt-T Loss 0.0410  
Epoch 194 |  Time(s) 0.0124 | RobustPrompt-T Loss 0.0384  
Epoch 195 |  Time(s) 0.0120 | RobustPrompt-T Loss 0.0433  
Epoch 196 |  Time(s) 0.0126 | RobustPrompt-T Loss 0.0427  
Epoch 197 |  Time(s) 0.0126 | RobustPrompt-T Loss 0.0367  
Epoch 198 |  Time(s) 0.0123 | RobustPrompt-T Loss 0.0403  
Epoch 199 |  Time(s) 0.0119 | RobustPrompt-T Loss 0.0370  
Epoch 200 |  Time(s) 0.0120 | RobustPrompt-T Loss 0.0423  
Final True Accuracy: 0.1200 | Macro F1 Score: 0.1164
Edge Detection Detail | source=filter_module | active=0 | n_edges=5835 | n_pos=610 | n_neg=5225 | pos_rate=0.1045 | pred_pos=5738 | pred_pos_rate=0.9834 | tp=610 | fp=5128 | fn=0 | tn=97 | precision=0.1063 | recall=1.0000 | f1=0.1922 | auc=0.8623 | ap=0.3969 | best_f1=0.5558 | best_threshold=0.9600 | best_precision=0.4452 | best_recall=0.7393 | best_pred_pos_rate=0.1736 | precision_at_k_pos=0.4984 | recall_at_k_pos=0.4984 | all_positive_f1=0.1893 | current_f1_minus_all_positive_f1=0.0029 | hard_mask_all_positive_like=0 | mode=original
Edge Detection Detail | source=tau_tune | active=1 | n_edges=5835 | n_pos=610 | n_neg=5225 | pos_rate=0.1045 | pred_pos=477 | pred_pos_rate=0.0817 | tp=72 | fp=405 | fn=538 | tn=4820 | precision=0.1509 | recall=0.1180 | f1=0.1325 | auc=0.6400 | ap=0.1568 | best_f1=0.2453 | best_threshold=0.0894 | best_precision=0.1522 | best_recall=0.6311 | best_pred_pos_rate=0.4334 | precision_at_k_pos=0.1574 | recall_at_k_pos=0.1574 | all_positive_f1=0.1893 | current_f1_minus_all_positive_f1=-0.0568 | hard_mask_all_positive_like=0
Tip Detection | tip=sim_pt | active=1 | node_precision=0.2092 | node_recall=0.3386 | node_f1=0.2586 | edge_precision=0.1389 | edge_recall=0.9934 | edge_f1=0.2437 | edge_auc=0.6371 | node_tp=150 | node_fp=567 | node_fn=293 | edge_tp=606 | edge_fp=3758 | edge_fn=4
Edge Detection Detail | source=sim_pt | active=1 | n_edges=5835 | n_pos=610 | n_neg=5225 | pos_rate=0.1045 | pred_pos=4364 | pred_pos_rate=0.7479 | tp=606 | fp=3758 | fn=4 | tn=1467 | precision=0.1389 | recall=0.9934 | f1=0.2437 | auc=0.6371 | ap=0.1386 | best_f1=nan | best_threshold=nan | best_precision=nan | best_recall=nan | best_pred_pos_rate=nan | precision_at_k_pos=nan | recall_at_k_pos=nan | all_positive_f1=0.1893 | current_f1_minus_all_positive_f1=0.0544 | hard_mask_all_positive_like=0
Tip Detection | tip=degree_pt | active=1 | node_precision=0.0000 | node_recall=0.0000 | node_f1=0.0000 | edge_precision=0.0000 | edge_recall=0.0000 | edge_f1=0.0000 | edge_auc=0.5000 | node_tp=0 | node_fp=0 | node_fn=443 | edge_tp=0 | edge_fp=0 | edge_fn=610
Edge Detection Detail | source=degree_pt | active=1 | n_edges=5835 | n_pos=610 | n_neg=5225 | pos_rate=0.1045 | pred_pos=0 | pred_pos_rate=0.0000 | tp=0 | fp=0 | fn=610 | tn=5225 | precision=0.0000 | recall=0.0000 | f1=0.0000 | auc=0.5000 | ap=0.1045 | best_f1=nan | best_threshold=nan | best_precision=nan | best_recall=nan | best_pred_pos_rate=nan | precision_at_k_pos=nan | recall_at_k_pos=nan | all_positive_f1=0.1893 | current_f1_minus_all_positive_f1=-0.1893 | hard_mask_all_positive_like=0
Tip Detection | tip=out_detect_pt | active=0 | node_precision=0.0000 | node_recall=0.0000 | node_f1=0.0000 | edge_precision=0.0000 | edge_recall=0.0000 | edge_f1=0.0000 | edge_auc=0.5000 | node_tp=0 | node_fp=0 | node_fn=443 | edge_tp=0 | edge_fp=0 | edge_fn=610
Edge Detection Detail | source=out_detect_pt | active=0 | n_edges=5835 | n_pos=610 | n_neg=5225 | pos_rate=0.1045 | pred_pos=0 | pred_pos_rate=0.0000 | tp=0 | fp=0 | fn=610 | tn=5225 | precision=0.0000 | recall=0.0000 | f1=0.0000 | auc=0.8623 | ap=0.3969 | best_f1=0.5558 | best_threshold=0.9600 | best_precision=0.4452 | best_recall=0.7393 | best_pred_pos_rate=0.1736 | precision_at_k_pos=0.4984 | recall_at_k_pos=0.4984 | all_positive_f1=0.1893 | current_f1_minus_all_positive_f1=-0.1893 | hard_mask_all_positive_like=0
best_loss [tensor(0.0423, device='cuda:0', grad_fn=<AddBackward0>)]
load LLC or attacked data with specified split
Successfully loaded the attack of dataname with few shot 5, split 1
Attack method : Meta_Self | Attack ptb : 0.1 | Dataset: Cora
======================
Number of graphs: 1
Number of features: 1433
Number of classes: 7

Data(x=[2708, 1433], edge_index=[2, 14378], y=[2708], train_mask=[2708], val_mask=[2708], test_mask=[2708])
===========================================================================================================
Number of nodes: 2708
Number of edges: 14378
Average node degree: 5.31
Has isolated nodes: False
Has self-loops: True
Is undirected: True
Pollution Diff | added_edges=610 | deleted_edges=53 | clean_edges=5278 | attack_edges=5835
GCN(
  (conv_layers): ModuleList(
    (0): GCNConv(1433, 256)
    (1): GCNConv(256, 256)
  )
)
Successfully loaded pre-trained weights!
use RobustPrompt Tranductive
defense pt dict :  {'sim_pt': 0.3, 'degree_pt': 1, 'out_detect_pt': -1.0, 'other_pt': 'all'}
use_attention :  False
cosine_constraint :  True
pt_threshold :  0.5
filter_module :  OriginalFilter
temperature :  1.0
weight_mse 0.1
weight_kl :  0.3
weight_constraint :  0.2
run RobustPrompt-T
Epoch 001 |  Time(s) 0.0123 | RobustPrompt-T Loss 1.9465  
Epoch 002 |  Time(s) 0.0125 | RobustPrompt-T Loss 1.9397  
Epoch 003 |  Time(s) 0.0125 | RobustPrompt-T Loss 1.9209  
Epoch 004 |  Time(s) 0.0126 | RobustPrompt-T Loss 1.9076  
Epoch 005 |  Time(s) 0.0119 | RobustPrompt-T Loss 1.8714  
Epoch 006 |  Time(s) 0.0124 | RobustPrompt-T Loss 1.8386  
Epoch 007 |  Time(s) 0.0126 | RobustPrompt-T Loss 1.8335  
Epoch 008 |  Time(s) 0.0123 | RobustPrompt-T Loss 1.8799  
Epoch 009 |  Time(s) 0.0123 | RobustPrompt-T Loss 1.8140  
Epoch 010 |  Time(s) 0.0124 | RobustPrompt-T Loss 1.8240  
Epoch 011 |  Time(s) 0.0124 | RobustPrompt-T Loss 1.8194  
Epoch 012 |  Time(s) 0.0121 | RobustPrompt-T Loss 1.8199  
Epoch 013 |  Time(s) 0.0125 | RobustPrompt-T Loss 1.8046  
Epoch 014 |  Time(s) 0.0125 | RobustPrompt-T Loss 1.8242  
Epoch 015 |  Time(s) 0.0121 | RobustPrompt-T Loss 1.8029  
Epoch 016 |  Time(s) 0.0120 | RobustPrompt-T Loss 1.8067  
Epoch 017 |  Time(s) 0.0124 | RobustPrompt-T Loss 1.7699  
Epoch 018 |  Time(s) 0.0121 | RobustPrompt-T Loss 1.7991  
Epoch 019 |  Time(s) 0.0119 | RobustPrompt-T Loss 1.7559  
Epoch 020 |  Time(s) 0.0121 | RobustPrompt-T Loss 1.7768  
Epoch 021 |  Time(s) 0.0121 | RobustPrompt-T Loss 1.7487  
Epoch 022 |  Time(s) 0.0123 | RobustPrompt-T Loss 1.7321  
Epoch 023 |  Time(s) 0.0126 | RobustPrompt-T Loss 1.7508  
Epoch 024 |  Time(s) 0.0124 | RobustPrompt-T Loss 1.7512  
Epoch 025 |  Time(s) 0.0123 | RobustPrompt-T Loss 1.6850  
Epoch 026 |  Time(s) 0.0120 | RobustPrompt-T Loss 1.6963  
Epoch 027 |  Time(s) 0.0123 | RobustPrompt-T Loss 1.7206  
Epoch 028 |  Time(s) 0.0124 | RobustPrompt-T Loss 1.6354  
Epoch 029 |  Time(s) 0.0123 | RobustPrompt-T Loss 1.6838  
Epoch 030 |  Time(s) 0.0124 | RobustPrompt-T Loss 1.6916  
Epoch 031 |  Time(s) 0.0124 | RobustPrompt-T Loss 1.6223  
Epoch 032 |  Time(s) 0.0123 | RobustPrompt-T Loss 1.6570  
Epoch 033 |  Time(s) 0.0124 | RobustPrompt-T Loss 1.5381  
Epoch 034 |  Time(s) 0.0125 | RobustPrompt-T Loss 1.5734  
Epoch 035 |  Time(s) 0.0125 | RobustPrompt-T Loss 1.4654  
Epoch 036 |  Time(s) 0.0123 | RobustPrompt-T Loss 1.4944  
Epoch 037 |  Time(s) 0.0124 | RobustPrompt-T Loss 1.4465  
Epoch 038 |  Time(s) 0.0125 | RobustPrompt-T Loss 1.3977  
Epoch 039 |  Time(s) 0.0124 | RobustPrompt-T Loss 1.4571  
Epoch 040 |  Time(s) 0.0124 | RobustPrompt-T Loss 1.3142  
Epoch 041 |  Time(s) 0.0125 | RobustPrompt-T Loss 1.2854  
Epoch 042 |  Time(s) 0.0125 | RobustPrompt-T Loss 1.2745  
Epoch 043 |  Time(s) 0.0124 | RobustPrompt-T Loss 1.2270  
Epoch 044 |  Time(s) 0.0124 | RobustPrompt-T Loss 1.2572  
Epoch 045 |  Time(s) 0.0124 | RobustPrompt-T Loss 1.1574  
Epoch 046 |  Time(s) 0.0125 | RobustPrompt-T Loss 1.1510  
Epoch 047 |  Time(s) 0.0123 | RobustPrompt-T Loss 1.1142  
Epoch 048 |  Time(s) 0.0124 | RobustPrompt-T Loss 1.0890  
Epoch 049 |  Time(s) 0.0124 | RobustPrompt-T Loss 1.0964  
Epoch 050 |  Time(s) 0.0124 | RobustPrompt-T Loss 1.0372  
Epoch 051 |  Time(s) 0.0121 | RobustPrompt-T Loss 1.0009  
Epoch 052 |  Time(s) 0.0121 | RobustPrompt-T Loss 0.9860  
Epoch 053 |  Time(s) 0.0123 | RobustPrompt-T Loss 0.9616  
Epoch 054 |  Time(s) 0.0121 | RobustPrompt-T Loss 0.9259  
Epoch 055 |  Time(s) 0.0123 | RobustPrompt-T Loss 0.9213  
Epoch 056 |  Time(s) 0.0126 | RobustPrompt-T Loss 0.8916  
Epoch 057 |  Time(s) 0.0124 | RobustPrompt-T Loss 0.8632  
Epoch 058 |  Time(s) 0.0124 | RobustPrompt-T Loss 0.8637  
Epoch 059 |  Time(s) 0.0125 | RobustPrompt-T Loss 0.8331  
Epoch 060 |  Time(s) 0.0125 | RobustPrompt-T Loss 0.8511  
Epoch 061 |  Time(s) 0.0125 | RobustPrompt-T Loss 0.8156  
Epoch 062 |  Time(s) 0.0125 | RobustPrompt-T Loss 0.7644  
Epoch 063 |  Time(s) 0.0125 | RobustPrompt-T Loss 0.7459  
Epoch 064 |  Time(s) 0.0125 | RobustPrompt-T Loss 0.7860  
Epoch 065 |  Time(s) 0.0124 | RobustPrompt-T Loss 0.6914  
Epoch 066 |  Time(s) 0.0126 | RobustPrompt-T Loss 0.6700  
Epoch 067 |  Time(s) 0.0128 | RobustPrompt-T Loss 0.7603  
Epoch 068 |  Time(s) 0.0122 | RobustPrompt-T Loss 0.6724  
Epoch 069 |  Time(s) 0.0122 | RobustPrompt-T Loss 0.6881  
Epoch 070 |  Time(s) 0.0122 | RobustPrompt-T Loss 0.5924  
Epoch 071 |  Time(s) 0.0121 | RobustPrompt-T Loss 0.6197  
Epoch 072 |  Time(s) 0.0124 | RobustPrompt-T Loss 0.5561  
Epoch 073 |  Time(s) 0.0120 | RobustPrompt-T Loss 0.5786  
Epoch 074 |  Time(s) 0.0119 | RobustPrompt-T Loss 0.5484  
Epoch 075 |  Time(s) 0.0120 | RobustPrompt-T Loss 0.5247  
Epoch 076 |  Time(s) 0.0120 | RobustPrompt-T Loss 0.5356  
Epoch 077 |  Time(s) 0.0120 | RobustPrompt-T Loss 0.4800  
Epoch 078 |  Time(s) 0.0119 | RobustPrompt-T Loss 0.5106  
Epoch 079 |  Time(s) 0.0120 | RobustPrompt-T Loss 0.7662  
Epoch 080 |  Time(s) 0.0120 | RobustPrompt-T Loss 0.4969  
Epoch 081 |  Time(s) 0.0121 | RobustPrompt-T Loss 0.7713  
Epoch 082 |  Time(s) 0.0119 | RobustPrompt-T Loss 0.6791  
Epoch 083 |  Time(s) 0.0120 | RobustPrompt-T Loss 1.0982  
Epoch 084 |  Time(s) 0.0119 | RobustPrompt-T Loss 1.3029  
Epoch 085 |  Time(s) 0.0120 | RobustPrompt-T Loss 0.7597  
Epoch 086 |  Time(s) 0.0121 | RobustPrompt-T Loss 1.0330  
Epoch 087 |  Time(s) 0.0120 | RobustPrompt-T Loss 1.4328  
Epoch 088 |  Time(s) 0.0120 | RobustPrompt-T Loss 0.8034  
Epoch 089 |  Time(s) 0.0121 | RobustPrompt-T Loss 1.2369  
Epoch 090 |  Time(s) 0.0121 | RobustPrompt-T Loss 1.6813  
Epoch 091 |  Time(s) 0.0123 | RobustPrompt-T Loss 1.2469  
Epoch 092 |  Time(s) 0.0118 | RobustPrompt-T Loss 0.9577  
Epoch 093 |  Time(s) 0.0129 | RobustPrompt-T Loss 0.9650  
Epoch 094 |  Time(s) 0.0129 | RobustPrompt-T Loss 0.8426  
Epoch 095 |  Time(s) 0.0128 | RobustPrompt-T Loss 0.9551  
Epoch 096 |  Time(s) 0.0124 | RobustPrompt-T Loss 0.9264  
----------------------------------------------------------------------------------------------------
Early stopping at 97 eopch!
Final True Accuracy: 0.1013 | Macro F1 Score: 0.0773
Edge Detection Detail | source=filter_module | active=0 | n_edges=5835 | n_pos=610 | n_neg=5225 | pos_rate=0.1045 | pred_pos=5738 | pred_pos_rate=0.9834 | tp=610 | fp=5128 | fn=0 | tn=97 | precision=0.1063 | recall=1.0000 | f1=0.1922 | auc=0.8623 | ap=0.3969 | best_f1=0.5558 | best_threshold=0.9600 | best_precision=0.4452 | best_recall=0.7393 | best_pred_pos_rate=0.1736 | precision_at_k_pos=0.4984 | recall_at_k_pos=0.4984 | all_positive_f1=0.1893 | current_f1_minus_all_positive_f1=0.0029 | hard_mask_all_positive_like=0 | mode=original
Edge Detection Detail | source=tau_tune | active=1 | n_edges=5835 | n_pos=610 | n_neg=5225 | pos_rate=0.1045 | pred_pos=495 | pred_pos_rate=0.0848 | tp=74 | fp=421 | fn=536 | tn=4804 | precision=0.1495 | recall=0.1213 | f1=0.1339 | auc=0.6411 | ap=0.1534 | best_f1=0.2607 | best_threshold=0.1735 | best_precision=0.1828 | best_recall=0.4541 | best_pred_pos_rate=0.2596 | precision_at_k_pos=0.1607 | recall_at_k_pos=0.1607 | all_positive_f1=0.1893 | current_f1_minus_all_positive_f1=-0.0554 | hard_mask_all_positive_like=0
Tip Detection | tip=sim_pt | active=1 | node_precision=0.2092 | node_recall=0.3386 | node_f1=0.2586 | edge_precision=0.1389 | edge_recall=0.9934 | edge_f1=0.2437 | edge_auc=0.6371 | node_tp=150 | node_fp=567 | node_fn=293 | edge_tp=606 | edge_fp=3758 | edge_fn=4
Edge Detection Detail | source=sim_pt | active=1 | n_edges=5835 | n_pos=610 | n_neg=5225 | pos_rate=0.1045 | pred_pos=4364 | pred_pos_rate=0.7479 | tp=606 | fp=3758 | fn=4 | tn=1467 | precision=0.1389 | recall=0.9934 | f1=0.2437 | auc=0.6371 | ap=0.1386 | best_f1=nan | best_threshold=nan | best_precision=nan | best_recall=nan | best_pred_pos_rate=nan | precision_at_k_pos=nan | recall_at_k_pos=nan | all_positive_f1=0.1893 | current_f1_minus_all_positive_f1=0.0544 | hard_mask_all_positive_like=0
Tip Detection | tip=degree_pt | active=1 | node_precision=0.0000 | node_recall=0.0000 | node_f1=0.0000 | edge_precision=0.0000 | edge_recall=0.0000 | edge_f1=0.0000 | edge_auc=0.5000 | node_tp=0 | node_fp=0 | node_fn=443 | edge_tp=0 | edge_fp=0 | edge_fn=610
Edge Detection Detail | source=degree_pt | active=1 | n_edges=5835 | n_pos=610 | n_neg=5225 | pos_rate=0.1045 | pred_pos=0 | pred_pos_rate=0.0000 | tp=0 | fp=0 | fn=610 | tn=5225 | precision=0.0000 | recall=0.0000 | f1=0.0000 | auc=0.5000 | ap=0.1045 | best_f1=nan | best_threshold=nan | best_precision=nan | best_recall=nan | best_pred_pos_rate=nan | precision_at_k_pos=nan | recall_at_k_pos=nan | all_positive_f1=0.1893 | current_f1_minus_all_positive_f1=-0.1893 | hard_mask_all_positive_like=0
Tip Detection | tip=out_detect_pt | active=0 | node_precision=0.0000 | node_recall=0.0000 | node_f1=0.0000 | edge_precision=0.0000 | edge_recall=0.0000 | edge_f1=0.0000 | edge_auc=0.5000 | node_tp=0 | node_fp=0 | node_fn=443 | edge_tp=0 | edge_fp=0 | edge_fn=610
Edge Detection Detail | source=out_detect_pt | active=0 | n_edges=5835 | n_pos=610 | n_neg=5225 | pos_rate=0.1045 | pred_pos=0 | pred_pos_rate=0.0000 | tp=0 | fp=0 | fn=610 | tn=5225 | precision=0.0000 | recall=0.0000 | f1=0.0000 | auc=0.8623 | ap=0.3969 | best_f1=0.5558 | best_threshold=0.9600 | best_precision=0.4452 | best_recall=0.7393 | best_pred_pos_rate=0.1736 | precision_at_k_pos=0.4984 | recall_at_k_pos=0.4984 | all_positive_f1=0.1893 | current_f1_minus_all_positive_f1=-0.1893 | hard_mask_all_positive_like=0
best_loss [tensor(0.5081, device='cuda:0', grad_fn=<AddBackward0>)]
{1: {1: 0.11877076327800751}, 2: {1: 0.08970099687576294}, 3: {1: 0.11004983633756638}, 4: {1: 0.12001661211252213}, 5: {1: 0.10132890194654465}}
{1: {1: 0.11877076327800751, 2: 0.08970099687576294, 3: 0.11004983633756638, 4: 0.12001661211252213, 5: 0.10132890194654465}}
########################################################################################
seed: 1 | split 1 : 0.11877076327800751
# Seed 1 Muti Split Final Acc: 0.1188±0.0000
seed: 2 | split 1 : 0.08970099687576294
# Seed 2 Muti Split Final Acc: 0.0897±0.0000
seed: 3 | split 1 : 0.11004983633756638
# Seed 3 Muti Split Final Acc: 0.1100±0.0000
seed: 4 | split 1 : 0.12001661211252213
# Seed 4 Muti Split Final Acc: 0.1200±0.0000
seed: 5 | split 1 : 0.10132890194654465
# Seed 5 Muti Split Final Acc: 0.1013±0.0000
########################################################################################
split: 1 | seed 1 : 0.11877076327800751
split: 1 | seed 2 : 0.08970099687576294
split: 1 | seed 3 : 0.11004983633756638
split: 1 | seed 4 : 0.12001661211252213
split: 1 | seed 5 : 0.10132890194654465
# Split 1 Muti Seed Acc without min value: 0.1125±0.0075
########################################################################################
