load LLC or attacked data with specified split
Successfully loaded the attack of dataname with few shot 5, split 1
Attack method : Meta_Self | Attack ptb : 0.2 | Dataset: Cora
======================
Number of graphs: 1
Number of features: 1433
Number of classes: 7

Data(x=[2708, 1433], edge_index=[2, 15484], y=[2708], train_mask=[2708], val_mask=[2708], test_mask=[2708])
===========================================================================================================
Number of nodes: 2708
Number of edges: 15484
Average node degree: 5.72
Has isolated nodes: False
Has self-loops: True
Is undirected: True
Pollution Diff | added_edges=1218 | deleted_edges=108 | clean_edges=5278 | attack_edges=6388
GCN(
  (conv_layers): ModuleList(
    (0): GCNConv(1433, 256)
    (1): GCNConv(256, 256)
  )
)
Successfully loaded pre-trained weights!
use RobustPrompt Tranductive
defense pt dict :  {'sim_pt': 0.3, 'degree_pt': 1, 'out_detect_pt': -1.0, 'other_pt': 'all'}
use_attention :  False
cosine_constraint :  True
pt_threshold :  0.5
filter_module :  OriginalFilter
temperature :  1.0
weight_mse 0.1
weight_kl :  0.3
weight_constraint :  0.2
run RobustPrompt-T
Epoch 001 |  Time(s) 0.2514 | RobustPrompt-T Loss 1.9498  
Epoch 002 |  Time(s) 0.0134 | RobustPrompt-T Loss 2.0005  
Epoch 003 |  Time(s) 0.0122 | RobustPrompt-T Loss 1.9293  
Epoch 004 |  Time(s) 0.0121 | RobustPrompt-T Loss 1.9341  
Epoch 005 |  Time(s) 0.0121 | RobustPrompt-T Loss 1.9306  
Epoch 006 |  Time(s) 0.0127 | RobustPrompt-T Loss 1.9013  
Epoch 007 |  Time(s) 0.0129 | RobustPrompt-T Loss 1.8715  
Epoch 008 |  Time(s) 0.0128 | RobustPrompt-T Loss 1.8373  
Epoch 009 |  Time(s) 0.0126 | RobustPrompt-T Loss 1.7866  
Epoch 010 |  Time(s) 0.0125 | RobustPrompt-T Loss 1.7672  
Epoch 011 |  Time(s) 0.0127 | RobustPrompt-T Loss 1.7549  
Epoch 012 |  Time(s) 0.0126 | RobustPrompt-T Loss 1.7361  
Epoch 013 |  Time(s) 0.0127 | RobustPrompt-T Loss 1.7381  
Epoch 014 |  Time(s) 0.0129 | RobustPrompt-T Loss 1.7394  
Epoch 015 |  Time(s) 0.0126 | RobustPrompt-T Loss 1.7186  
Epoch 016 |  Time(s) 0.0127 | RobustPrompt-T Loss 1.6881  
Epoch 017 |  Time(s) 0.0129 | RobustPrompt-T Loss 1.7063  
Epoch 018 |  Time(s) 0.0128 | RobustPrompt-T Loss 1.6888  
Epoch 019 |  Time(s) 0.0134 | RobustPrompt-T Loss 1.6906  
Epoch 020 |  Time(s) 0.0121 | RobustPrompt-T Loss 1.6796  
Epoch 021 |  Time(s) 0.0129 | RobustPrompt-T Loss 1.6842  
Epoch 022 |  Time(s) 0.0128 | RobustPrompt-T Loss 1.6665  
Epoch 023 |  Time(s) 0.0127 | RobustPrompt-T Loss 1.6524  
Epoch 024 |  Time(s) 0.0125 | RobustPrompt-T Loss 1.6624  
Epoch 025 |  Time(s) 0.0119 | RobustPrompt-T Loss 1.6634  
Epoch 026 |  Time(s) 0.0123 | RobustPrompt-T Loss 1.6423  
Epoch 027 |  Time(s) 0.0119 | RobustPrompt-T Loss 1.6278  
Epoch 028 |  Time(s) 0.0118 | RobustPrompt-T Loss 1.6281  
Epoch 029 |  Time(s) 0.0118 | RobustPrompt-T Loss 1.5922  
Epoch 030 |  Time(s) 0.0118 | RobustPrompt-T Loss 1.5771  
Epoch 031 |  Time(s) 0.0124 | RobustPrompt-T Loss 1.5627  
Epoch 032 |  Time(s) 0.0126 | RobustPrompt-T Loss 1.5976  
Epoch 033 |  Time(s) 0.0124 | RobustPrompt-T Loss 1.7336  
Epoch 034 |  Time(s) 0.0127 | RobustPrompt-T Loss 1.5402  
Epoch 035 |  Time(s) 0.0124 | RobustPrompt-T Loss 1.7396  
Epoch 036 |  Time(s) 0.0127 | RobustPrompt-T Loss 1.4928  
Epoch 037 |  Time(s) 0.0123 | RobustPrompt-T Loss 1.5930  
Epoch 038 |  Time(s) 0.0128 | RobustPrompt-T Loss 1.4593  
Epoch 039 |  Time(s) 0.0123 | RobustPrompt-T Loss 1.5466  
Epoch 040 |  Time(s) 0.0126 | RobustPrompt-T Loss 1.4679  
Epoch 041 |  Time(s) 0.0130 | RobustPrompt-T Loss 1.4319  
Epoch 042 |  Time(s) 0.0124 | RobustPrompt-T Loss 1.4180  
Epoch 043 |  Time(s) 0.0122 | RobustPrompt-T Loss 1.3494  
Epoch 044 |  Time(s) 0.0126 | RobustPrompt-T Loss 1.3777  
Epoch 045 |  Time(s) 0.0129 | RobustPrompt-T Loss 1.3115  
Epoch 046 |  Time(s) 0.0125 | RobustPrompt-T Loss 1.3281  
Epoch 047 |  Time(s) 0.0127 | RobustPrompt-T Loss 1.2515  
Epoch 048 |  Time(s) 0.0124 | RobustPrompt-T Loss 1.2284  
Epoch 049 |  Time(s) 0.0127 | RobustPrompt-T Loss 1.2035  
Epoch 050 |  Time(s) 0.0127 | RobustPrompt-T Loss 1.1507  
Epoch 051 |  Time(s) 0.0126 | RobustPrompt-T Loss 1.1418  
Epoch 052 |  Time(s) 0.0127 | RobustPrompt-T Loss 1.0891  
Epoch 053 |  Time(s) 0.0128 | RobustPrompt-T Loss 1.0785  
Epoch 054 |  Time(s) 0.0125 | RobustPrompt-T Loss 1.0247  
Epoch 055 |  Time(s) 0.0126 | RobustPrompt-T Loss 1.0036  
Epoch 056 |  Time(s) 0.0125 | RobustPrompt-T Loss 0.9744  
Epoch 057 |  Time(s) 0.0127 | RobustPrompt-T Loss 0.9215  
Epoch 058 |  Time(s) 0.0127 | RobustPrompt-T Loss 0.9085  
Epoch 059 |  Time(s) 0.0126 | RobustPrompt-T Loss 0.8746  
Epoch 060 |  Time(s) 0.0126 | RobustPrompt-T Loss 0.8421  
Epoch 061 |  Time(s) 0.0124 | RobustPrompt-T Loss 0.8276  
Epoch 062 |  Time(s) 0.0125 | RobustPrompt-T Loss 0.8027  
Epoch 063 |  Time(s) 0.0129 | RobustPrompt-T Loss 0.7575  
Epoch 064 |  Time(s) 0.0125 | RobustPrompt-T Loss 0.7584  
Epoch 065 |  Time(s) 0.0128 | RobustPrompt-T Loss 0.7311  
Epoch 066 |  Time(s) 0.0124 | RobustPrompt-T Loss 0.7070  
Epoch 067 |  Time(s) 0.0127 | RobustPrompt-T Loss 0.6905  
Epoch 068 |  Time(s) 0.0128 | RobustPrompt-T Loss 0.6557  
Epoch 069 |  Time(s) 0.0121 | RobustPrompt-T Loss 0.6607  
Epoch 070 |  Time(s) 0.0129 | RobustPrompt-T Loss 0.6432  
Epoch 071 |  Time(s) 0.0129 | RobustPrompt-T Loss 0.6481  
Epoch 072 |  Time(s) 0.0126 | RobustPrompt-T Loss 0.5946  
Epoch 073 |  Time(s) 0.0127 | RobustPrompt-T Loss 0.5840  
Epoch 074 |  Time(s) 0.0127 | RobustPrompt-T Loss 0.5567  
Epoch 075 |  Time(s) 0.0124 | RobustPrompt-T Loss 0.5421  
Epoch 076 |  Time(s) 0.0128 | RobustPrompt-T Loss 0.5239  
Epoch 077 |  Time(s) 0.0124 | RobustPrompt-T Loss 0.4982  
Epoch 078 |  Time(s) 0.0127 | RobustPrompt-T Loss 0.5323  
Epoch 079 |  Time(s) 0.0124 | RobustPrompt-T Loss 0.5510  
Epoch 080 |  Time(s) 0.0126 | RobustPrompt-T Loss 0.5246  
Epoch 081 |  Time(s) 0.0123 | RobustPrompt-T Loss 0.4744  
Epoch 082 |  Time(s) 0.0126 | RobustPrompt-T Loss 0.4432  
Epoch 083 |  Time(s) 0.0124 | RobustPrompt-T Loss 0.4024  
Epoch 084 |  Time(s) 0.0128 | RobustPrompt-T Loss 0.3938  
Epoch 085 |  Time(s) 0.0129 | RobustPrompt-T Loss 0.4409  
Epoch 086 |  Time(s) 0.0125 | RobustPrompt-T Loss 0.4261  
Epoch 087 |  Time(s) 0.0127 | RobustPrompt-T Loss 0.3680  
Epoch 088 |  Time(s) 0.0128 | RobustPrompt-T Loss 0.6202  
Epoch 089 |  Time(s) 0.0123 | RobustPrompt-T Loss 0.3259  
Epoch 090 |  Time(s) 0.0128 | RobustPrompt-T Loss 0.6951  
Epoch 091 |  Time(s) 0.0123 | RobustPrompt-T Loss 0.7428  
Epoch 092 |  Time(s) 0.0122 | RobustPrompt-T Loss 0.2884  
Epoch 093 |  Time(s) 0.0127 | RobustPrompt-T Loss 1.2880  
Epoch 094 |  Time(s) 0.0129 | RobustPrompt-T Loss 1.9664  
Epoch 095 |  Time(s) 0.0124 | RobustPrompt-T Loss 1.1228  
Epoch 096 |  Time(s) 0.0126 | RobustPrompt-T Loss 0.3271  
Epoch 097 |  Time(s) 0.0124 | RobustPrompt-T Loss 0.9880  
Epoch 098 |  Time(s) 0.0127 | RobustPrompt-T Loss 1.3127  
Epoch 099 |  Time(s) 0.0127 | RobustPrompt-T Loss 0.5847  
Epoch 100 |  Time(s) 0.0124 | RobustPrompt-T Loss 0.5919  
Epoch 101 |  Time(s) 0.0126 | RobustPrompt-T Loss 0.9055  
Epoch 102 |  Time(s) 0.0125 | RobustPrompt-T Loss 0.8826  
Epoch 103 |  Time(s) 0.0127 | RobustPrompt-T Loss 0.3865  
Epoch 104 |  Time(s) 0.0128 | RobustPrompt-T Loss 0.5317  
Epoch 105 |  Time(s) 0.0134 | RobustPrompt-T Loss 1.0427  
Epoch 106 |  Time(s) 0.0128 | RobustPrompt-T Loss 0.6708  
Epoch 107 |  Time(s) 0.0128 | RobustPrompt-T Loss 0.3520  
Epoch 108 |  Time(s) 0.0125 | RobustPrompt-T Loss 0.5653  
Epoch 109 |  Time(s) 0.0126 | RobustPrompt-T Loss 0.6126  
Epoch 110 |  Time(s) 0.0129 | RobustPrompt-T Loss 0.3387  
Epoch 111 |  Time(s) 0.0125 | RobustPrompt-T Loss 0.4296  
----------------------------------------------------------------------------------------------------
Early stopping at 112 eopch!
Final True Accuracy: 0.0876 | Macro F1 Score: 0.0591
Edge Detection Detail | source=filter_module | active=0 | n_edges=6388 | n_pos=1218 | n_neg=5170 | pos_rate=0.1907 | pred_pos=6286 | pred_pos_rate=0.9840 | tp=1212 | fp=5074 | fn=6 | tn=96 | precision=0.1928 | recall=0.9951 | f1=0.3230 | auc=0.8410 | ap=0.5361 | best_f1=0.6397 | best_threshold=0.9572 | best_precision=0.5983 | best_recall=0.6872 | best_pred_pos_rate=0.2190 | precision_at_k_pos=0.5895 | recall_at_k_pos=0.5895 | all_positive_f1=0.3203 | current_f1_minus_all_positive_f1=0.0028 | hard_mask_all_positive_like=0 | mode=original
Edge Detection Detail | source=tau_tune | active=1 | n_edges=6388 | n_pos=1218 | n_neg=5170 | pos_rate=0.1907 | pred_pos=119 | pred_pos_rate=0.0186 | tp=58 | fp=61 | fn=1160 | tn=5109 | precision=0.4874 | recall=0.0476 | f1=0.0868 | auc=0.6571 | ap=0.3128 | best_f1=0.3799 | best_threshold=0.0359 | best_precision=0.2545 | best_recall=0.7488 | best_pred_pos_rate=0.5609 | precision_at_k_pos=0.3054 | recall_at_k_pos=0.3054 | all_positive_f1=0.3203 | current_f1_minus_all_positive_f1=-0.2335 | hard_mask_all_positive_like=0
Tip Detection | tip=sim_pt | active=1 | node_precision=0.3301 | node_recall=0.3371 | node_f1=0.3335 | edge_precision=0.2419 | edge_recall=0.9926 | edge_f1=0.3891 | edge_auc=0.6300 | node_tp=270 | node_fp=548 | node_fn=531 | edge_tp=1209 | edge_fp=3788 | edge_fn=9
Edge Detection Detail | source=sim_pt | active=1 | n_edges=6388 | n_pos=1218 | n_neg=5170 | pos_rate=0.1907 | pred_pos=4997 | pred_pos_rate=0.7822 | tp=1209 | fp=3788 | fn=9 | tn=1382 | precision=0.2419 | recall=0.9926 | f1=0.3891 | auc=0.6300 | ap=0.2416 | best_f1=nan | best_threshold=nan | best_precision=nan | best_recall=nan | best_pred_pos_rate=nan | precision_at_k_pos=nan | recall_at_k_pos=nan | all_positive_f1=0.3203 | current_f1_minus_all_positive_f1=0.0688 | hard_mask_all_positive_like=0
Tip Detection | tip=degree_pt | active=1 | node_precision=0.0000 | node_recall=0.0000 | node_f1=0.0000 | edge_precision=0.0000 | edge_recall=0.0000 | edge_f1=0.0000 | edge_auc=0.5000 | node_tp=0 | node_fp=0 | node_fn=801 | edge_tp=0 | edge_fp=0 | edge_fn=1218
Edge Detection Detail | source=degree_pt | active=1 | n_edges=6388 | n_pos=1218 | n_neg=5170 | pos_rate=0.1907 | pred_pos=0 | pred_pos_rate=0.0000 | tp=0 | fp=0 | fn=1218 | tn=5170 | precision=0.0000 | recall=0.0000 | f1=0.0000 | auc=0.5000 | ap=0.1907 | best_f1=nan | best_threshold=nan | best_precision=nan | best_recall=nan | best_pred_pos_rate=nan | precision_at_k_pos=nan | recall_at_k_pos=nan | all_positive_f1=0.3203 | current_f1_minus_all_positive_f1=-0.3203 | hard_mask_all_positive_like=0
Tip Detection | tip=out_detect_pt | active=0 | node_precision=0.0000 | node_recall=0.0000 | node_f1=0.0000 | edge_precision=0.0000 | edge_recall=0.0000 | edge_f1=0.0000 | edge_auc=0.5000 | node_tp=0 | node_fp=0 | node_fn=801 | edge_tp=0 | edge_fp=0 | edge_fn=1218
Edge Detection Detail | source=out_detect_pt | active=0 | n_edges=6388 | n_pos=1218 | n_neg=5170 | pos_rate=0.1907 | pred_pos=0 | pred_pos_rate=0.0000 | tp=0 | fp=0 | fn=1218 | tn=5170 | precision=0.0000 | recall=0.0000 | f1=0.0000 | auc=0.8410 | ap=0.5361 | best_f1=0.6397 | best_threshold=0.9572 | best_precision=0.5983 | best_recall=0.6872 | best_pred_pos_rate=0.2190 | precision_at_k_pos=0.5895 | recall_at_k_pos=0.5895 | all_positive_f1=0.3203 | current_f1_minus_all_positive_f1=-0.3203 | hard_mask_all_positive_like=0
best_loss [tensor(0.3948, device='cuda:0', grad_fn=<AddBackward0>)]
load LLC or attacked data with specified split
Successfully loaded the attack of dataname with few shot 5, split 1
Attack method : Meta_Self | Attack ptb : 0.2 | Dataset: Cora
======================
Number of graphs: 1
Number of features: 1433
Number of classes: 7

Data(x=[2708, 1433], edge_index=[2, 15484], y=[2708], train_mask=[2708], val_mask=[2708], test_mask=[2708])
===========================================================================================================
Number of nodes: 2708
Number of edges: 15484
Average node degree: 5.72
Has isolated nodes: False
Has self-loops: True
Is undirected: True
Pollution Diff | added_edges=1218 | deleted_edges=108 | clean_edges=5278 | attack_edges=6388
GCN(
  (conv_layers): ModuleList(
    (0): GCNConv(1433, 256)
    (1): GCNConv(256, 256)
  )
)
Successfully loaded pre-trained weights!
use RobustPrompt Tranductive
defense pt dict :  {'sim_pt': 0.3, 'degree_pt': 1, 'out_detect_pt': -1.0, 'other_pt': 'all'}
use_attention :  False
cosine_constraint :  True
pt_threshold :  0.5
filter_module :  OriginalFilter
temperature :  1.0
weight_mse 0.1
weight_kl :  0.3
weight_constraint :  0.2
run RobustPrompt-T
Epoch 001 |  Time(s) 0.0127 | RobustPrompt-T Loss 1.9481  
Epoch 002 |  Time(s) 0.0127 | RobustPrompt-T Loss 1.9433  
Epoch 003 |  Time(s) 0.0128 | RobustPrompt-T Loss 1.9511  
Epoch 004 |  Time(s) 0.0125 | RobustPrompt-T Loss 1.8929  
Epoch 005 |  Time(s) 0.0128 | RobustPrompt-T Loss 1.8769  
Epoch 006 |  Time(s) 0.0128 | RobustPrompt-T Loss 1.8399  
Epoch 007 |  Time(s) 0.0128 | RobustPrompt-T Loss 1.8047  
Epoch 008 |  Time(s) 0.0125 | RobustPrompt-T Loss 1.8184  
Epoch 009 |  Time(s) 0.0127 | RobustPrompt-T Loss 1.7946  
Epoch 010 |  Time(s) 0.0128 | RobustPrompt-T Loss 1.7527  
Epoch 011 |  Time(s) 0.0129 | RobustPrompt-T Loss 1.7664  
Epoch 012 |  Time(s) 0.0126 | RobustPrompt-T Loss 1.7625  
Epoch 013 |  Time(s) 0.0127 | RobustPrompt-T Loss 1.7492  
Epoch 014 |  Time(s) 0.0128 | RobustPrompt-T Loss 1.7384  
Epoch 015 |  Time(s) 0.0124 | RobustPrompt-T Loss 1.7294  
Epoch 016 |  Time(s) 0.0121 | RobustPrompt-T Loss 1.7495  
Epoch 017 |  Time(s) 0.0127 | RobustPrompt-T Loss 1.7070  
Epoch 018 |  Time(s) 0.0128 | RobustPrompt-T Loss 1.7122  
Epoch 019 |  Time(s) 0.0125 | RobustPrompt-T Loss 1.7008  
Epoch 020 |  Time(s) 0.0126 | RobustPrompt-T Loss 1.7045  
Epoch 021 |  Time(s) 0.0128 | RobustPrompt-T Loss 1.7186  
Epoch 022 |  Time(s) 0.0126 | RobustPrompt-T Loss 1.6699  
Epoch 023 |  Time(s) 0.0128 | RobustPrompt-T Loss 1.6763  
Epoch 024 |  Time(s) 0.0128 | RobustPrompt-T Loss 1.6485  
Epoch 025 |  Time(s) 0.0129 | RobustPrompt-T Loss 1.7448  
Epoch 026 |  Time(s) 0.0126 | RobustPrompt-T Loss 1.6484  
Epoch 027 |  Time(s) 0.0130 | RobustPrompt-T Loss 1.7689  
Epoch 028 |  Time(s) 0.0129 | RobustPrompt-T Loss 1.6318  
Epoch 029 |  Time(s) 0.0129 | RobustPrompt-T Loss 1.7029  
Epoch 030 |  Time(s) 0.0129 | RobustPrompt-T Loss 1.6058  
Epoch 031 |  Time(s) 0.0129 | RobustPrompt-T Loss 1.6754  
Epoch 032 |  Time(s) 0.0130 | RobustPrompt-T Loss 1.5884  
Epoch 033 |  Time(s) 0.0125 | RobustPrompt-T Loss 1.6264  
Epoch 034 |  Time(s) 0.0127 | RobustPrompt-T Loss 1.6075  
Epoch 035 |  Time(s) 0.0130 | RobustPrompt-T Loss 1.5491  
Epoch 036 |  Time(s) 0.0130 | RobustPrompt-T Loss 1.5525  
Epoch 037 |  Time(s) 0.0125 | RobustPrompt-T Loss 1.5627  
Epoch 038 |  Time(s) 0.0128 | RobustPrompt-T Loss 1.5374  
Epoch 039 |  Time(s) 0.0129 | RobustPrompt-T Loss 1.4600  
Epoch 040 |  Time(s) 0.0128 | RobustPrompt-T Loss 1.4550  
Epoch 041 |  Time(s) 0.0126 | RobustPrompt-T Loss 1.4574  
Epoch 042 |  Time(s) 0.0122 | RobustPrompt-T Loss 1.4205  
Epoch 043 |  Time(s) 0.0127 | RobustPrompt-T Loss 1.3718  
Epoch 044 |  Time(s) 0.0126 | RobustPrompt-T Loss 1.3358  
Epoch 045 |  Time(s) 0.0123 | RobustPrompt-T Loss 1.2703  
Epoch 046 |  Time(s) 0.0125 | RobustPrompt-T Loss 1.2633  
Epoch 047 |  Time(s) 0.0124 | RobustPrompt-T Loss 1.2112  
Epoch 048 |  Time(s) 0.0121 | RobustPrompt-T Loss 1.1698  
Epoch 049 |  Time(s) 0.0125 | RobustPrompt-T Loss 1.1225  
Epoch 050 |  Time(s) 0.0124 | RobustPrompt-T Loss 1.1136  
Epoch 051 |  Time(s) 0.0123 | RobustPrompt-T Loss 1.0535  
Epoch 052 |  Time(s) 0.0124 | RobustPrompt-T Loss 1.0391  
Epoch 053 |  Time(s) 0.0125 | RobustPrompt-T Loss 1.0108  
Epoch 054 |  Time(s) 0.0125 | RobustPrompt-T Loss 0.9731  
Epoch 055 |  Time(s) 0.0125 | RobustPrompt-T Loss 0.9566  
Epoch 056 |  Time(s) 0.0123 | RobustPrompt-T Loss 0.8990  
Epoch 057 |  Time(s) 0.0123 | RobustPrompt-T Loss 0.8855  
Epoch 058 |  Time(s) 0.0123 | RobustPrompt-T Loss 0.8420  
Epoch 059 |  Time(s) 0.0125 | RobustPrompt-T Loss 0.8152  
Epoch 060 |  Time(s) 0.0123 | RobustPrompt-T Loss 0.7973  
Epoch 061 |  Time(s) 0.0123 | RobustPrompt-T Loss 0.7638  
Epoch 062 |  Time(s) 0.0123 | RobustPrompt-T Loss 0.7355  
Epoch 063 |  Time(s) 0.0125 | RobustPrompt-T Loss 0.7164  
Epoch 064 |  Time(s) 0.0123 | RobustPrompt-T Loss 0.8769  
Epoch 065 |  Time(s) 0.0125 | RobustPrompt-T Loss 0.6530  
Epoch 066 |  Time(s) 0.0122 | RobustPrompt-T Loss 1.0925  
Epoch 067 |  Time(s) 0.0124 | RobustPrompt-T Loss 0.7901  
Epoch 068 |  Time(s) 0.0125 | RobustPrompt-T Loss 0.9464  
Epoch 069 |  Time(s) 0.0123 | RobustPrompt-T Loss 1.0415  
Epoch 070 |  Time(s) 0.0122 | RobustPrompt-T Loss 0.5811  
Epoch 071 |  Time(s) 0.0123 | RobustPrompt-T Loss 1.1017  
Epoch 072 |  Time(s) 0.0124 | RobustPrompt-T Loss 1.1279  
Epoch 073 |  Time(s) 0.0124 | RobustPrompt-T Loss 0.6713  
Epoch 074 |  Time(s) 0.0125 | RobustPrompt-T Loss 0.8994  
Epoch 075 |  Time(s) 0.0123 | RobustPrompt-T Loss 0.9638  
Epoch 076 |  Time(s) 0.0124 | RobustPrompt-T Loss 0.6634  
Epoch 077 |  Time(s) 0.0123 | RobustPrompt-T Loss 0.7938  
Epoch 078 |  Time(s) 0.0123 | RobustPrompt-T Loss 0.8302  
Epoch 079 |  Time(s) 0.0124 | RobustPrompt-T Loss 0.5363  
Epoch 080 |  Time(s) 0.0124 | RobustPrompt-T Loss 0.6244  
Epoch 081 |  Time(s) 0.0124 | RobustPrompt-T Loss 0.5777  
Epoch 082 |  Time(s) 0.0122 | RobustPrompt-T Loss 0.5445  
Epoch 083 |  Time(s) 0.0125 | RobustPrompt-T Loss 0.5663  
Epoch 084 |  Time(s) 0.0125 | RobustPrompt-T Loss 0.5257  
Epoch 085 |  Time(s) 0.0128 | RobustPrompt-T Loss 0.4780  
Epoch 086 |  Time(s) 0.0128 | RobustPrompt-T Loss 0.4664  
Epoch 087 |  Time(s) 0.0129 | RobustPrompt-T Loss 0.4884  
Epoch 088 |  Time(s) 0.0125 | RobustPrompt-T Loss 0.4397  
Epoch 089 |  Time(s) 0.0124 | RobustPrompt-T Loss 0.4158  
Epoch 090 |  Time(s) 0.0125 | RobustPrompt-T Loss 0.4391  
Epoch 091 |  Time(s) 0.0125 | RobustPrompt-T Loss 0.4018  
Epoch 092 |  Time(s) 0.0125 | RobustPrompt-T Loss 0.4097  
Epoch 093 |  Time(s) 0.0125 | RobustPrompt-T Loss 0.4051  
Epoch 094 |  Time(s) 0.0124 | RobustPrompt-T Loss 0.3791  
Epoch 095 |  Time(s) 0.0119 | RobustPrompt-T Loss 0.3570  
Epoch 096 |  Time(s) 0.0125 | RobustPrompt-T Loss 0.3758  
Epoch 097 |  Time(s) 0.0125 | RobustPrompt-T Loss 0.3580  
Epoch 098 |  Time(s) 0.0125 | RobustPrompt-T Loss 0.3278  
Epoch 099 |  Time(s) 0.0126 | RobustPrompt-T Loss 0.3484  
Epoch 100 |  Time(s) 0.0125 | RobustPrompt-T Loss 0.3235  
Epoch 101 |  Time(s) 0.0128 | RobustPrompt-T Loss 0.2926  
Epoch 102 |  Time(s) 0.0124 | RobustPrompt-T Loss 0.3036  
Epoch 103 |  Time(s) 0.0123 | RobustPrompt-T Loss 0.2817  
Epoch 104 |  Time(s) 0.0121 | RobustPrompt-T Loss 0.2732  
Epoch 105 |  Time(s) 0.0123 | RobustPrompt-T Loss 0.2584  
Epoch 106 |  Time(s) 0.0122 | RobustPrompt-T Loss 0.2489  
Epoch 107 |  Time(s) 0.0123 | RobustPrompt-T Loss 0.2408  
Epoch 108 |  Time(s) 0.0125 | RobustPrompt-T Loss 0.2425  
Epoch 109 |  Time(s) 0.0125 | RobustPrompt-T Loss 0.2242  
Epoch 110 |  Time(s) 0.0119 | RobustPrompt-T Loss 0.2102  
Epoch 111 |  Time(s) 0.0125 | RobustPrompt-T Loss 0.2139  
Epoch 112 |  Time(s) 0.0127 | RobustPrompt-T Loss 0.2017  
Epoch 113 |  Time(s) 0.0125 | RobustPrompt-T Loss 0.1908  
Epoch 114 |  Time(s) 0.0124 | RobustPrompt-T Loss 0.1819  
Epoch 115 |  Time(s) 0.0125 | RobustPrompt-T Loss 0.1771  
Epoch 116 |  Time(s) 0.0124 | RobustPrompt-T Loss 0.1721  
Epoch 117 |  Time(s) 0.0124 | RobustPrompt-T Loss 0.1599  
Epoch 118 |  Time(s) 0.0123 | RobustPrompt-T Loss 0.1539  
Epoch 119 |  Time(s) 0.0120 | RobustPrompt-T Loss 0.1468  
Epoch 120 |  Time(s) 0.0124 | RobustPrompt-T Loss 0.1441  
Epoch 121 |  Time(s) 0.0123 | RobustPrompt-T Loss 0.1391  
Epoch 122 |  Time(s) 0.0125 | RobustPrompt-T Loss 0.1283  
Epoch 123 |  Time(s) 0.0125 | RobustPrompt-T Loss 0.1237  
Epoch 124 |  Time(s) 0.0121 | RobustPrompt-T Loss 0.1223  
Epoch 125 |  Time(s) 0.0125 | RobustPrompt-T Loss 0.1090  
Epoch 126 |  Time(s) 0.0124 | RobustPrompt-T Loss 0.1084  
Epoch 127 |  Time(s) 0.0127 | RobustPrompt-T Loss 0.1109  
Epoch 128 |  Time(s) 0.0128 | RobustPrompt-T Loss 0.0966  
Epoch 129 |  Time(s) 0.0125 | RobustPrompt-T Loss 0.0967  
Epoch 130 |  Time(s) 0.0127 | RobustPrompt-T Loss 0.0922  
Epoch 131 |  Time(s) 0.0122 | RobustPrompt-T Loss 0.0891  
Epoch 132 |  Time(s) 0.0123 | RobustPrompt-T Loss 0.0894  
Epoch 133 |  Time(s) 0.0125 | RobustPrompt-T Loss 0.0898  
Epoch 134 |  Time(s) 0.0127 | RobustPrompt-T Loss 0.0825  
Epoch 135 |  Time(s) 0.0126 | RobustPrompt-T Loss 0.0826  
Epoch 136 |  Time(s) 0.0123 | RobustPrompt-T Loss 0.0832  
Epoch 137 |  Time(s) 0.0125 | RobustPrompt-T Loss 0.0795  
Epoch 138 |  Time(s) 0.0125 | RobustPrompt-T Loss 0.0781  
Epoch 139 |  Time(s) 0.0124 | RobustPrompt-T Loss 0.0791  
Epoch 140 |  Time(s) 0.0122 | RobustPrompt-T Loss 0.0763  
Epoch 141 |  Time(s) 0.0122 | RobustPrompt-T Loss 0.0726  
Epoch 142 |  Time(s) 0.0124 | RobustPrompt-T Loss 0.0692  
Epoch 143 |  Time(s) 0.0125 | RobustPrompt-T Loss 0.0708  
Epoch 144 |  Time(s) 0.0125 | RobustPrompt-T Loss 0.0697  
Epoch 145 |  Time(s) 0.0121 | RobustPrompt-T Loss 0.0659  
Epoch 146 |  Time(s) 0.0124 | RobustPrompt-T Loss 0.0659  
Epoch 147 |  Time(s) 0.0128 | RobustPrompt-T Loss 0.0641  
Epoch 148 |  Time(s) 0.0124 | RobustPrompt-T Loss 0.0661  
Epoch 149 |  Time(s) 0.0124 | RobustPrompt-T Loss 0.0653  
Epoch 150 |  Time(s) 0.0123 | RobustPrompt-T Loss 0.0626  
Epoch 151 |  Time(s) 0.0129 | RobustPrompt-T Loss 0.0624  
Epoch 152 |  Time(s) 0.0128 | RobustPrompt-T Loss 0.0641  
Epoch 153 |  Time(s) 0.0122 | RobustPrompt-T Loss 0.0638  
Epoch 154 |  Time(s) 0.0128 | RobustPrompt-T Loss 0.0600  
Epoch 155 |  Time(s) 0.0130 | RobustPrompt-T Loss 0.0586  
Epoch 156 |  Time(s) 0.0129 | RobustPrompt-T Loss 0.0609  
Epoch 157 |  Time(s) 0.0123 | RobustPrompt-T Loss 0.0565  
Epoch 158 |  Time(s) 0.0128 | RobustPrompt-T Loss 0.0559  
Epoch 159 |  Time(s) 0.0129 | RobustPrompt-T Loss 0.0590  
Epoch 160 |  Time(s) 0.0125 | RobustPrompt-T Loss 0.0585  
Epoch 161 |  Time(s) 0.0125 | RobustPrompt-T Loss 0.0554  
Epoch 162 |  Time(s) 0.0123 | RobustPrompt-T Loss 0.0570  
Epoch 163 |  Time(s) 0.0122 | RobustPrompt-T Loss 0.0573  
Epoch 164 |  Time(s) 0.0127 | RobustPrompt-T Loss 0.0532  
Epoch 165 |  Time(s) 0.0125 | RobustPrompt-T Loss 0.0521  
Epoch 166 |  Time(s) 0.0125 | RobustPrompt-T Loss 0.0547  
Epoch 167 |  Time(s) 0.0122 | RobustPrompt-T Loss 0.0543  
Epoch 168 |  Time(s) 0.0124 | RobustPrompt-T Loss 0.0511  
Epoch 169 |  Time(s) 0.0121 | RobustPrompt-T Loss 0.0532  
Epoch 170 |  Time(s) 0.0119 | RobustPrompt-T Loss 0.0528  
Epoch 171 |  Time(s) 0.0126 | RobustPrompt-T Loss 0.0492  
Epoch 172 |  Time(s) 0.0125 | RobustPrompt-T Loss 0.0488  
Epoch 173 |  Time(s) 0.0125 | RobustPrompt-T Loss 0.0522  
Epoch 174 |  Time(s) 0.0119 | RobustPrompt-T Loss 0.0509  
Epoch 175 |  Time(s) 0.0121 | RobustPrompt-T Loss 0.0481  
Epoch 176 |  Time(s) 0.0125 | RobustPrompt-T Loss 0.0474  
Epoch 177 |  Time(s) 0.0125 | RobustPrompt-T Loss 0.0501  
Epoch 178 |  Time(s) 0.0124 | RobustPrompt-T Loss 0.0506  
Epoch 179 |  Time(s) 0.0126 | RobustPrompt-T Loss 0.0482  
Epoch 180 |  Time(s) 0.0122 | RobustPrompt-T Loss 0.0494  
Epoch 181 |  Time(s) 0.0124 | RobustPrompt-T Loss 0.0489  
Epoch 182 |  Time(s) 0.0126 | RobustPrompt-T Loss 0.0460  
Epoch 183 |  Time(s) 0.0123 | RobustPrompt-T Loss 0.0474  
Epoch 184 |  Time(s) 0.0119 | RobustPrompt-T Loss 0.0475  
Epoch 185 |  Time(s) 0.0125 | RobustPrompt-T Loss 0.0461  
Epoch 186 |  Time(s) 0.0124 | RobustPrompt-T Loss 0.0466  
Epoch 187 |  Time(s) 0.0124 | RobustPrompt-T Loss 0.0461  
Epoch 188 |  Time(s) 0.0120 | RobustPrompt-T Loss 0.0460  
Epoch 189 |  Time(s) 0.0124 | RobustPrompt-T Loss 0.0465  
Epoch 190 |  Time(s) 0.0125 | RobustPrompt-T Loss 0.0440  
Epoch 191 |  Time(s) 0.0124 | RobustPrompt-T Loss 0.0447  
Epoch 192 |  Time(s) 0.0123 | RobustPrompt-T Loss 0.0473  
Epoch 193 |  Time(s) 0.0123 | RobustPrompt-T Loss 0.0448  
Epoch 194 |  Time(s) 0.0126 | RobustPrompt-T Loss 0.0448  
Epoch 195 |  Time(s) 0.0123 | RobustPrompt-T Loss 0.0440  
Epoch 196 |  Time(s) 0.0123 | RobustPrompt-T Loss 0.0439  
Epoch 197 |  Time(s) 0.0128 | RobustPrompt-T Loss 0.0449  
Epoch 198 |  Time(s) 0.0124 | RobustPrompt-T Loss 0.0429  
Epoch 199 |  Time(s) 0.0126 | RobustPrompt-T Loss 0.0422  
Epoch 200 |  Time(s) 0.0123 | RobustPrompt-T Loss 0.0430  
Final True Accuracy: 0.1242 | Macro F1 Score: 0.0868
Edge Detection Detail | source=filter_module | active=0 | n_edges=6388 | n_pos=1218 | n_neg=5170 | pos_rate=0.1907 | pred_pos=6286 | pred_pos_rate=0.9840 | tp=1212 | fp=5074 | fn=6 | tn=96 | precision=0.1928 | recall=0.9951 | f1=0.3230 | auc=0.8410 | ap=0.5361 | best_f1=0.6397 | best_threshold=0.9572 | best_precision=0.5983 | best_recall=0.6872 | best_pred_pos_rate=0.2190 | precision_at_k_pos=0.5895 | recall_at_k_pos=0.5895 | all_positive_f1=0.3203 | current_f1_minus_all_positive_f1=0.0028 | hard_mask_all_positive_like=0 | mode=original
Edge Detection Detail | source=tau_tune | active=1 | n_edges=6388 | n_pos=1218 | n_neg=5170 | pos_rate=0.1907 | pred_pos=52 | pred_pos_rate=0.0081 | tp=31 | fp=21 | fn=1187 | tn=5149 | precision=0.5962 | recall=0.0255 | f1=0.0488 | auc=0.6351 | ap=0.3038 | best_f1=0.3644 | best_threshold=0.0538 | best_precision=0.2668 | best_recall=0.5747 | best_pred_pos_rate=0.4108 | precision_at_k_pos=0.3218 | recall_at_k_pos=0.3218 | all_positive_f1=0.3203 | current_f1_minus_all_positive_f1=-0.2715 | hard_mask_all_positive_like=0
Tip Detection | tip=sim_pt | active=1 | node_precision=0.3301 | node_recall=0.3371 | node_f1=0.3335 | edge_precision=0.2419 | edge_recall=0.9926 | edge_f1=0.3891 | edge_auc=0.6300 | node_tp=270 | node_fp=548 | node_fn=531 | edge_tp=1209 | edge_fp=3788 | edge_fn=9
Edge Detection Detail | source=sim_pt | active=1 | n_edges=6388 | n_pos=1218 | n_neg=5170 | pos_rate=0.1907 | pred_pos=4997 | pred_pos_rate=0.7822 | tp=1209 | fp=3788 | fn=9 | tn=1382 | precision=0.2419 | recall=0.9926 | f1=0.3891 | auc=0.6300 | ap=0.2416 | best_f1=nan | best_threshold=nan | best_precision=nan | best_recall=nan | best_pred_pos_rate=nan | precision_at_k_pos=nan | recall_at_k_pos=nan | all_positive_f1=0.3203 | current_f1_minus_all_positive_f1=0.0688 | hard_mask_all_positive_like=0
Tip Detection | tip=degree_pt | active=1 | node_precision=0.0000 | node_recall=0.0000 | node_f1=0.0000 | edge_precision=0.0000 | edge_recall=0.0000 | edge_f1=0.0000 | edge_auc=0.5000 | node_tp=0 | node_fp=0 | node_fn=801 | edge_tp=0 | edge_fp=0 | edge_fn=1218
Edge Detection Detail | source=degree_pt | active=1 | n_edges=6388 | n_pos=1218 | n_neg=5170 | pos_rate=0.1907 | pred_pos=0 | pred_pos_rate=0.0000 | tp=0 | fp=0 | fn=1218 | tn=5170 | precision=0.0000 | recall=0.0000 | f1=0.0000 | auc=0.5000 | ap=0.1907 | best_f1=nan | best_threshold=nan | best_precision=nan | best_recall=nan | best_pred_pos_rate=nan | precision_at_k_pos=nan | recall_at_k_pos=nan | all_positive_f1=0.3203 | current_f1_minus_all_positive_f1=-0.3203 | hard_mask_all_positive_like=0
Tip Detection | tip=out_detect_pt | active=0 | node_precision=0.0000 | node_recall=0.0000 | node_f1=0.0000 | edge_precision=0.0000 | edge_recall=0.0000 | edge_f1=0.0000 | edge_auc=0.5000 | node_tp=0 | node_fp=0 | node_fn=801 | edge_tp=0 | edge_fp=0 | edge_fn=1218
Edge Detection Detail | source=out_detect_pt | active=0 | n_edges=6388 | n_pos=1218 | n_neg=5170 | pos_rate=0.1907 | pred_pos=0 | pred_pos_rate=0.0000 | tp=0 | fp=0 | fn=1218 | tn=5170 | precision=0.0000 | recall=0.0000 | f1=0.0000 | auc=0.8410 | ap=0.5361 | best_f1=0.6397 | best_threshold=0.9572 | best_precision=0.5983 | best_recall=0.6872 | best_pred_pos_rate=0.2190 | precision_at_k_pos=0.5895 | recall_at_k_pos=0.5895 | all_positive_f1=0.3203 | current_f1_minus_all_positive_f1=-0.3203 | hard_mask_all_positive_like=0
best_loss [tensor(0.0430, device='cuda:0', grad_fn=<AddBackward0>)]
load LLC or attacked data with specified split
Successfully loaded the attack of dataname with few shot 5, split 1
Attack method : Meta_Self | Attack ptb : 0.2 | Dataset: Cora
======================
Number of graphs: 1
Number of features: 1433
Number of classes: 7

Data(x=[2708, 1433], edge_index=[2, 15484], y=[2708], train_mask=[2708], val_mask=[2708], test_mask=[2708])
===========================================================================================================
Number of nodes: 2708
Number of edges: 15484
Average node degree: 5.72
Has isolated nodes: False
Has self-loops: True
Is undirected: True
Pollution Diff | added_edges=1218 | deleted_edges=108 | clean_edges=5278 | attack_edges=6388
GCN(
  (conv_layers): ModuleList(
    (0): GCNConv(1433, 256)
    (1): GCNConv(256, 256)
  )
)
Successfully loaded pre-trained weights!
use RobustPrompt Tranductive
defense pt dict :  {'sim_pt': 0.3, 'degree_pt': 1, 'out_detect_pt': -1.0, 'other_pt': 'all'}
use_attention :  False
cosine_constraint :  True
pt_threshold :  0.5
filter_module :  OriginalFilter
temperature :  1.0
weight_mse 0.1
weight_kl :  0.3
weight_constraint :  0.2
run RobustPrompt-T
Epoch 001 |  Time(s) 0.0124 | RobustPrompt-T Loss 1.9446  
Epoch 002 |  Time(s) 0.0124 | RobustPrompt-T Loss 1.9320  
Epoch 003 |  Time(s) 0.0123 | RobustPrompt-T Loss 1.8843  
Epoch 004 |  Time(s) 0.0122 | RobustPrompt-T Loss 1.8936  
Epoch 005 |  Time(s) 0.0122 | RobustPrompt-T Loss 1.8972  
Epoch 006 |  Time(s) 0.0124 | RobustPrompt-T Loss 1.7896  
Epoch 007 |  Time(s) 0.0124 | RobustPrompt-T Loss 1.7646  
Epoch 008 |  Time(s) 0.0122 | RobustPrompt-T Loss 1.7371  
Epoch 009 |  Time(s) 0.0120 | RobustPrompt-T Loss 1.7721  
Epoch 010 |  Time(s) 0.0125 | RobustPrompt-T Loss 1.7321  
Epoch 011 |  Time(s) 0.0124 | RobustPrompt-T Loss 1.7030  
Epoch 012 |  Time(s) 0.0122 | RobustPrompt-T Loss 1.7230  
Epoch 013 |  Time(s) 0.0121 | RobustPrompt-T Loss 1.6887  
Epoch 014 |  Time(s) 0.0120 | RobustPrompt-T Loss 1.7121  
Epoch 015 |  Time(s) 0.0116 | RobustPrompt-T Loss 1.7009  
Epoch 016 |  Time(s) 0.0119 | RobustPrompt-T Loss 1.6734  
Epoch 017 |  Time(s) 0.0120 | RobustPrompt-T Loss 1.6589  
Epoch 018 |  Time(s) 0.0117 | RobustPrompt-T Loss 1.6567  
Epoch 019 |  Time(s) 0.0121 | RobustPrompt-T Loss 1.6563  
Epoch 020 |  Time(s) 0.0120 | RobustPrompt-T Loss 1.6442  
Epoch 021 |  Time(s) 0.0124 | RobustPrompt-T Loss 1.6288  
Epoch 022 |  Time(s) 0.0123 | RobustPrompt-T Loss 1.6267  
Epoch 023 |  Time(s) 0.0119 | RobustPrompt-T Loss 1.6877  
Epoch 024 |  Time(s) 0.0122 | RobustPrompt-T Loss 1.6029  
Epoch 025 |  Time(s) 0.0124 | RobustPrompt-T Loss 1.5799  
Epoch 026 |  Time(s) 0.0124 | RobustPrompt-T Loss 1.6265  
Epoch 027 |  Time(s) 0.0123 | RobustPrompt-T Loss 1.5529  
Epoch 028 |  Time(s) 0.0123 | RobustPrompt-T Loss 1.6261  
Epoch 029 |  Time(s) 0.0125 | RobustPrompt-T Loss 1.7158  
Epoch 030 |  Time(s) 0.0127 | RobustPrompt-T Loss 1.6163  
Epoch 031 |  Time(s) 0.0125 | RobustPrompt-T Loss 1.5615  
Epoch 032 |  Time(s) 0.0121 | RobustPrompt-T Loss 1.5657  
Epoch 033 |  Time(s) 0.0122 | RobustPrompt-T Loss 1.4493  
Epoch 034 |  Time(s) 0.0118 | RobustPrompt-T Loss 1.5020  
Epoch 035 |  Time(s) 0.0124 | RobustPrompt-T Loss 1.4608  
Epoch 036 |  Time(s) 0.0118 | RobustPrompt-T Loss 1.4572  
Epoch 037 |  Time(s) 0.0119 | RobustPrompt-T Loss 1.3444  
Epoch 038 |  Time(s) 0.0123 | RobustPrompt-T Loss 1.3012  
Epoch 039 |  Time(s) 0.0120 | RobustPrompt-T Loss 1.3119  
Epoch 040 |  Time(s) 0.0125 | RobustPrompt-T Loss 1.2493  
Epoch 041 |  Time(s) 0.0125 | RobustPrompt-T Loss 1.2402  
Epoch 042 |  Time(s) 0.0123 | RobustPrompt-T Loss 1.1810  
Epoch 043 |  Time(s) 0.0123 | RobustPrompt-T Loss 1.1150  
Epoch 044 |  Time(s) 0.0121 | RobustPrompt-T Loss 1.0742  
Epoch 045 |  Time(s) 0.0121 | RobustPrompt-T Loss 1.0250  
Epoch 046 |  Time(s) 0.0124 | RobustPrompt-T Loss 1.0197  
Epoch 047 |  Time(s) 0.0121 | RobustPrompt-T Loss 0.9747  
Epoch 048 |  Time(s) 0.0122 | RobustPrompt-T Loss 0.9354  
Epoch 049 |  Time(s) 0.0123 | RobustPrompt-T Loss 0.9183  
Epoch 050 |  Time(s) 0.0123 | RobustPrompt-T Loss 0.8707  
Epoch 051 |  Time(s) 0.0120 | RobustPrompt-T Loss 0.8612  
Epoch 052 |  Time(s) 0.0125 | RobustPrompt-T Loss 0.8258  
Epoch 053 |  Time(s) 0.0124 | RobustPrompt-T Loss 0.8002  
Epoch 054 |  Time(s) 0.0124 | RobustPrompt-T Loss 0.7821  
Epoch 055 |  Time(s) 0.0123 | RobustPrompt-T Loss 0.7896  
Epoch 056 |  Time(s) 0.0121 | RobustPrompt-T Loss 0.7803  
Epoch 057 |  Time(s) 0.0120 | RobustPrompt-T Loss 0.7479  
Epoch 058 |  Time(s) 0.0122 | RobustPrompt-T Loss 0.7303  
Epoch 059 |  Time(s) 0.0123 | RobustPrompt-T Loss 0.6939  
Epoch 060 |  Time(s) 0.0117 | RobustPrompt-T Loss 0.6655  
Epoch 061 |  Time(s) 0.0119 | RobustPrompt-T Loss 0.6794  
Epoch 062 |  Time(s) 0.0122 | RobustPrompt-T Loss 0.6767  
Epoch 063 |  Time(s) 0.0121 | RobustPrompt-T Loss 0.6114  
Epoch 064 |  Time(s) 0.0124 | RobustPrompt-T Loss 0.5733  
Epoch 065 |  Time(s) 0.0122 | RobustPrompt-T Loss 0.6022  
Epoch 066 |  Time(s) 0.0118 | RobustPrompt-T Loss 0.5708  
Epoch 067 |  Time(s) 0.0121 | RobustPrompt-T Loss 0.5234  
Epoch 068 |  Time(s) 0.0128 | RobustPrompt-T Loss 0.5022  
Epoch 069 |  Time(s) 0.0126 | RobustPrompt-T Loss 0.4935  
Epoch 070 |  Time(s) 0.0124 | RobustPrompt-T Loss 0.4878  
Epoch 071 |  Time(s) 0.0121 | RobustPrompt-T Loss 0.4588  
Epoch 072 |  Time(s) 0.0139 | RobustPrompt-T Loss 0.4568  
Epoch 073 |  Time(s) 0.0121 | RobustPrompt-T Loss 0.4426  
Epoch 074 |  Time(s) 0.0120 | RobustPrompt-T Loss 0.3934  
Epoch 075 |  Time(s) 0.0118 | RobustPrompt-T Loss 0.3804  
Epoch 076 |  Time(s) 0.0123 | RobustPrompt-T Loss 0.3821  
Epoch 077 |  Time(s) 0.0122 | RobustPrompt-T Loss 0.3687  
Epoch 078 |  Time(s) 0.0122 | RobustPrompt-T Loss 0.3476  
Epoch 079 |  Time(s) 0.0123 | RobustPrompt-T Loss 0.3328  
Epoch 080 |  Time(s) 0.0119 | RobustPrompt-T Loss 0.3045  
Epoch 081 |  Time(s) 0.0123 | RobustPrompt-T Loss 0.3276  
Epoch 082 |  Time(s) 0.0124 | RobustPrompt-T Loss 0.3409  
Epoch 083 |  Time(s) 0.0123 | RobustPrompt-T Loss 0.3200  
Epoch 084 |  Time(s) 0.0121 | RobustPrompt-T Loss 0.2741  
Epoch 085 |  Time(s) 0.0123 | RobustPrompt-T Loss 0.2670  
Epoch 086 |  Time(s) 0.0121 | RobustPrompt-T Loss 0.2818  
Epoch 087 |  Time(s) 0.0119 | RobustPrompt-T Loss 0.2780  
Epoch 088 |  Time(s) 0.0118 | RobustPrompt-T Loss 0.2496  
Epoch 089 |  Time(s) 0.0129 | RobustPrompt-T Loss 0.2328  
Epoch 090 |  Time(s) 0.0129 | RobustPrompt-T Loss 0.2467  
Epoch 091 |  Time(s) 0.0123 | RobustPrompt-T Loss 0.2206  
Epoch 092 |  Time(s) 0.0126 | RobustPrompt-T Loss 0.2207  
Epoch 093 |  Time(s) 0.0124 | RobustPrompt-T Loss 0.2228  
Epoch 094 |  Time(s) 0.0126 | RobustPrompt-T Loss 0.1978  
Epoch 095 |  Time(s) 0.0124 | RobustPrompt-T Loss 0.2223  
Epoch 096 |  Time(s) 0.0127 | RobustPrompt-T Loss 0.2001  
Epoch 097 |  Time(s) 0.0129 | RobustPrompt-T Loss 0.1926  
Epoch 098 |  Time(s) 0.0129 | RobustPrompt-T Loss 0.1928  
Epoch 099 |  Time(s) 0.0125 | RobustPrompt-T Loss 0.1601  
Epoch 100 |  Time(s) 0.0128 | RobustPrompt-T Loss 0.1976  
Epoch 101 |  Time(s) 0.0128 | RobustPrompt-T Loss 0.1557  
Epoch 102 |  Time(s) 0.0129 | RobustPrompt-T Loss 0.1837  
Epoch 103 |  Time(s) 0.0124 | RobustPrompt-T Loss 0.1592  
Epoch 104 |  Time(s) 0.0127 | RobustPrompt-T Loss 0.1446  
Epoch 105 |  Time(s) 0.0124 | RobustPrompt-T Loss 0.1587  
Epoch 106 |  Time(s) 0.0128 | RobustPrompt-T Loss 0.1142  
Epoch 107 |  Time(s) 0.0128 | RobustPrompt-T Loss 0.1330  
Epoch 108 |  Time(s) 0.0129 | RobustPrompt-T Loss 0.1085  
Epoch 109 |  Time(s) 0.0124 | RobustPrompt-T Loss 0.1105  
Epoch 110 |  Time(s) 0.0128 | RobustPrompt-T Loss 0.1109  
Epoch 111 |  Time(s) 0.0129 | RobustPrompt-T Loss 0.0999  
Epoch 112 |  Time(s) 0.0129 | RobustPrompt-T Loss 0.0960  
Epoch 113 |  Time(s) 0.0125 | RobustPrompt-T Loss 0.0942  
Epoch 114 |  Time(s) 0.0125 | RobustPrompt-T Loss 0.0915  
Epoch 115 |  Time(s) 0.0123 | RobustPrompt-T Loss 0.0904  
Epoch 116 |  Time(s) 0.0128 | RobustPrompt-T Loss 0.0820  
Epoch 117 |  Time(s) 0.0125 | RobustPrompt-T Loss 0.0802  
Epoch 118 |  Time(s) 0.0128 | RobustPrompt-T Loss 0.0821  
Epoch 119 |  Time(s) 0.0128 | RobustPrompt-T Loss 0.0780  
Epoch 120 |  Time(s) 0.0124 | RobustPrompt-T Loss 0.0759  
Epoch 121 |  Time(s) 0.0126 | RobustPrompt-T Loss 0.0728  
Epoch 122 |  Time(s) 0.0130 | RobustPrompt-T Loss 0.0743  
Epoch 123 |  Time(s) 0.0127 | RobustPrompt-T Loss 0.0746  
Epoch 124 |  Time(s) 0.0126 | RobustPrompt-T Loss 0.0692  
Epoch 125 |  Time(s) 0.0121 | RobustPrompt-T Loss 0.0668  
Epoch 126 |  Time(s) 0.0122 | RobustPrompt-T Loss 0.0688  
Epoch 127 |  Time(s) 0.0124 | RobustPrompt-T Loss 0.0659  
Epoch 128 |  Time(s) 0.0121 | RobustPrompt-T Loss 0.0644  
Epoch 129 |  Time(s) 0.0134 | RobustPrompt-T Loss 0.0605  
Epoch 130 |  Time(s) 0.0119 | RobustPrompt-T Loss 0.0644  
Epoch 131 |  Time(s) 0.0126 | RobustPrompt-T Loss 0.0607  
Epoch 132 |  Time(s) 0.0124 | RobustPrompt-T Loss 0.0595  
Epoch 133 |  Time(s) 0.0125 | RobustPrompt-T Loss 0.0578  
Epoch 134 |  Time(s) 0.0122 | RobustPrompt-T Loss 0.0602  
Epoch 135 |  Time(s) 0.0134 | RobustPrompt-T Loss 0.0562  
Epoch 136 |  Time(s) 0.0124 | RobustPrompt-T Loss 0.0557  
Epoch 137 |  Time(s) 0.0125 | RobustPrompt-T Loss 0.0551  
Epoch 138 |  Time(s) 0.0120 | RobustPrompt-T Loss 0.0557  
Epoch 139 |  Time(s) 0.0126 | RobustPrompt-T Loss 0.0539  
Epoch 140 |  Time(s) 0.0123 | RobustPrompt-T Loss 0.0530  
Epoch 141 |  Time(s) 0.0131 | RobustPrompt-T Loss 0.0517  
Epoch 142 |  Time(s) 0.0124 | RobustPrompt-T Loss 0.0529  
Epoch 143 |  Time(s) 0.0126 | RobustPrompt-T Loss 0.0509  
Epoch 144 |  Time(s) 0.0125 | RobustPrompt-T Loss 0.0505  
Epoch 145 |  Time(s) 0.0121 | RobustPrompt-T Loss 0.0513  
Epoch 146 |  Time(s) 0.0128 | RobustPrompt-T Loss 0.0496  
Epoch 147 |  Time(s) 0.0130 | RobustPrompt-T Loss 0.0493  
Epoch 148 |  Time(s) 0.0131 | RobustPrompt-T Loss 0.0483  
Epoch 149 |  Time(s) 0.0124 | RobustPrompt-T Loss 0.0491  
Epoch 150 |  Time(s) 0.0127 | RobustPrompt-T Loss 0.0476  
Epoch 151 |  Time(s) 0.0130 | RobustPrompt-T Loss 0.0470  
Epoch 152 |  Time(s) 0.0129 | RobustPrompt-T Loss 0.0469  
Epoch 153 |  Time(s) 0.0125 | RobustPrompt-T Loss 0.0465  
Epoch 154 |  Time(s) 0.0128 | RobustPrompt-T Loss 0.0460  
Epoch 155 |  Time(s) 0.0128 | RobustPrompt-T Loss 0.0454  
Epoch 156 |  Time(s) 0.0122 | RobustPrompt-T Loss 0.0447  
Epoch 157 |  Time(s) 0.0141 | RobustPrompt-T Loss 0.0442  
Epoch 158 |  Time(s) 0.0130 | RobustPrompt-T Loss 0.0444  
Epoch 159 |  Time(s) 0.0131 | RobustPrompt-T Loss 0.0438  
Epoch 160 |  Time(s) 0.0138 | RobustPrompt-T Loss 0.0429  
Epoch 161 |  Time(s) 0.0131 | RobustPrompt-T Loss 0.0431  
Epoch 162 |  Time(s) 0.0131 | RobustPrompt-T Loss 0.0427  
Epoch 163 |  Time(s) 0.0130 | RobustPrompt-T Loss 0.0425  
Epoch 164 |  Time(s) 0.0128 | RobustPrompt-T Loss 0.0414  
Epoch 165 |  Time(s) 0.0128 | RobustPrompt-T Loss 0.0412  
Epoch 166 |  Time(s) 0.0123 | RobustPrompt-T Loss 0.0406  
Epoch 167 |  Time(s) 0.0125 | RobustPrompt-T Loss 0.0405  
Epoch 168 |  Time(s) 0.0131 | RobustPrompt-T Loss 0.0408  
Epoch 169 |  Time(s) 0.0129 | RobustPrompt-T Loss 0.0393  
Epoch 170 |  Time(s) 0.0130 | RobustPrompt-T Loss 0.0388  
Epoch 171 |  Time(s) 0.0130 | RobustPrompt-T Loss 0.0388  
Epoch 172 |  Time(s) 0.0130 | RobustPrompt-T Loss 0.0388  
Epoch 173 |  Time(s) 0.0130 | RobustPrompt-T Loss 0.0382  
Epoch 174 |  Time(s) 0.0130 | RobustPrompt-T Loss 0.0385  
Epoch 175 |  Time(s) 0.0130 | RobustPrompt-T Loss 0.0374  
Epoch 176 |  Time(s) 0.0131 | RobustPrompt-T Loss 0.0370  
Epoch 177 |  Time(s) 0.0131 | RobustPrompt-T Loss 0.0369  
Epoch 178 |  Time(s) 0.0129 | RobustPrompt-T Loss 0.0374  
Epoch 179 |  Time(s) 0.0130 | RobustPrompt-T Loss 0.0373  
Epoch 180 |  Time(s) 0.0129 | RobustPrompt-T Loss 0.0366  
Epoch 181 |  Time(s) 0.0130 | RobustPrompt-T Loss 0.0365  
Epoch 182 |  Time(s) 0.0130 | RobustPrompt-T Loss 0.0362  
Epoch 183 |  Time(s) 0.0131 | RobustPrompt-T Loss 0.0356  
Epoch 184 |  Time(s) 0.0129 | RobustPrompt-T Loss 0.0354  
Epoch 185 |  Time(s) 0.0126 | RobustPrompt-T Loss 0.0345  
Epoch 186 |  Time(s) 0.0128 | RobustPrompt-T Loss 0.0372  
Epoch 187 |  Time(s) 0.0130 | RobustPrompt-T Loss 0.0358  
Epoch 188 |  Time(s) 0.0128 | RobustPrompt-T Loss 0.0412  
Epoch 189 |  Time(s) 0.0129 | RobustPrompt-T Loss 0.0429  
Epoch 190 |  Time(s) 0.0127 | RobustPrompt-T Loss 0.0537  
Epoch 191 |  Time(s) 0.0125 | RobustPrompt-T Loss 0.0987  
Epoch 192 |  Time(s) 0.0127 | RobustPrompt-T Loss 0.0706  
Epoch 193 |  Time(s) 0.0126 | RobustPrompt-T Loss 0.0511  
Epoch 194 |  Time(s) 0.0126 | RobustPrompt-T Loss 0.0375  
Epoch 195 |  Time(s) 0.0130 | RobustPrompt-T Loss 0.0358  
Epoch 196 |  Time(s) 0.0130 | RobustPrompt-T Loss 0.0397  
Epoch 197 |  Time(s) 0.0130 | RobustPrompt-T Loss 0.0316  
Epoch 198 |  Time(s) 0.0130 | RobustPrompt-T Loss 0.0358  
Epoch 199 |  Time(s) 0.0131 | RobustPrompt-T Loss 0.0336  
Epoch 200 |  Time(s) 0.0130 | RobustPrompt-T Loss 0.0296  
Final True Accuracy: 0.0934 | Macro F1 Score: 0.0668
Edge Detection Detail | source=filter_module | active=0 | n_edges=6388 | n_pos=1218 | n_neg=5170 | pos_rate=0.1907 | pred_pos=6286 | pred_pos_rate=0.9840 | tp=1212 | fp=5074 | fn=6 | tn=96 | precision=0.1928 | recall=0.9951 | f1=0.3230 | auc=0.8410 | ap=0.5361 | best_f1=0.6397 | best_threshold=0.9572 | best_precision=0.5983 | best_recall=0.6872 | best_pred_pos_rate=0.2190 | precision_at_k_pos=0.5895 | recall_at_k_pos=0.5895 | all_positive_f1=0.3203 | current_f1_minus_all_positive_f1=0.0028 | hard_mask_all_positive_like=0 | mode=original
Edge Detection Detail | source=tau_tune | active=1 | n_edges=6388 | n_pos=1218 | n_neg=5170 | pos_rate=0.1907 | pred_pos=97 | pred_pos_rate=0.0152 | tp=58 | fp=39 | fn=1160 | tn=5131 | precision=0.5979 | recall=0.0476 | f1=0.0882 | auc=0.6420 | ap=0.3201 | best_f1=0.3651 | best_threshold=0.0355 | best_precision=0.2451 | best_recall=0.7151 | best_pred_pos_rate=0.5562 | precision_at_k_pos=0.3235 | recall_at_k_pos=0.3235 | all_positive_f1=0.3203 | current_f1_minus_all_positive_f1=-0.2321 | hard_mask_all_positive_like=0
Tip Detection | tip=sim_pt | active=1 | node_precision=0.3301 | node_recall=0.3371 | node_f1=0.3335 | edge_precision=0.2419 | edge_recall=0.9926 | edge_f1=0.3891 | edge_auc=0.6300 | node_tp=270 | node_fp=548 | node_fn=531 | edge_tp=1209 | edge_fp=3788 | edge_fn=9
Edge Detection Detail | source=sim_pt | active=1 | n_edges=6388 | n_pos=1218 | n_neg=5170 | pos_rate=0.1907 | pred_pos=4997 | pred_pos_rate=0.7822 | tp=1209 | fp=3788 | fn=9 | tn=1382 | precision=0.2419 | recall=0.9926 | f1=0.3891 | auc=0.6300 | ap=0.2416 | best_f1=nan | best_threshold=nan | best_precision=nan | best_recall=nan | best_pred_pos_rate=nan | precision_at_k_pos=nan | recall_at_k_pos=nan | all_positive_f1=0.3203 | current_f1_minus_all_positive_f1=0.0688 | hard_mask_all_positive_like=0
Tip Detection | tip=degree_pt | active=1 | node_precision=0.0000 | node_recall=0.0000 | node_f1=0.0000 | edge_precision=0.0000 | edge_recall=0.0000 | edge_f1=0.0000 | edge_auc=0.5000 | node_tp=0 | node_fp=0 | node_fn=801 | edge_tp=0 | edge_fp=0 | edge_fn=1218
Edge Detection Detail | source=degree_pt | active=1 | n_edges=6388 | n_pos=1218 | n_neg=5170 | pos_rate=0.1907 | pred_pos=0 | pred_pos_rate=0.0000 | tp=0 | fp=0 | fn=1218 | tn=5170 | precision=0.0000 | recall=0.0000 | f1=0.0000 | auc=0.5000 | ap=0.1907 | best_f1=nan | best_threshold=nan | best_precision=nan | best_recall=nan | best_pred_pos_rate=nan | precision_at_k_pos=nan | recall_at_k_pos=nan | all_positive_f1=0.3203 | current_f1_minus_all_positive_f1=-0.3203 | hard_mask_all_positive_like=0
Tip Detection | tip=out_detect_pt | active=0 | node_precision=0.0000 | node_recall=0.0000 | node_f1=0.0000 | edge_precision=0.0000 | edge_recall=0.0000 | edge_f1=0.0000 | edge_auc=0.5000 | node_tp=0 | node_fp=0 | node_fn=801 | edge_tp=0 | edge_fp=0 | edge_fn=1218
Edge Detection Detail | source=out_detect_pt | active=0 | n_edges=6388 | n_pos=1218 | n_neg=5170 | pos_rate=0.1907 | pred_pos=0 | pred_pos_rate=0.0000 | tp=0 | fp=0 | fn=1218 | tn=5170 | precision=0.0000 | recall=0.0000 | f1=0.0000 | auc=0.8410 | ap=0.5361 | best_f1=0.6397 | best_threshold=0.9572 | best_precision=0.5983 | best_recall=0.6872 | best_pred_pos_rate=0.2190 | precision_at_k_pos=0.5895 | recall_at_k_pos=0.5895 | all_positive_f1=0.3203 | current_f1_minus_all_positive_f1=-0.3203 | hard_mask_all_positive_like=0
best_loss [tensor(0.0296, device='cuda:0', grad_fn=<AddBackward0>)]
load LLC or attacked data with specified split
Successfully loaded the attack of dataname with few shot 5, split 1
Attack method : Meta_Self | Attack ptb : 0.2 | Dataset: Cora
======================
Number of graphs: 1
Number of features: 1433
Number of classes: 7

Data(x=[2708, 1433], edge_index=[2, 15484], y=[2708], train_mask=[2708], val_mask=[2708], test_mask=[2708])
===========================================================================================================
Number of nodes: 2708
Number of edges: 15484
Average node degree: 5.72
Has isolated nodes: False
Has self-loops: True
Is undirected: True
Pollution Diff | added_edges=1218 | deleted_edges=108 | clean_edges=5278 | attack_edges=6388
GCN(
  (conv_layers): ModuleList(
    (0): GCNConv(1433, 256)
    (1): GCNConv(256, 256)
  )
)
Successfully loaded pre-trained weights!
use RobustPrompt Tranductive
defense pt dict :  {'sim_pt': 0.3, 'degree_pt': 1, 'out_detect_pt': -1.0, 'other_pt': 'all'}
use_attention :  False
cosine_constraint :  True
pt_threshold :  0.5
filter_module :  OriginalFilter
temperature :  1.0
weight_mse 0.1
weight_kl :  0.3
weight_constraint :  0.2
run RobustPrompt-T
Epoch 001 |  Time(s) 0.0130 | RobustPrompt-T Loss 1.9456  
Epoch 002 |  Time(s) 0.0131 | RobustPrompt-T Loss 1.9125  
Epoch 003 |  Time(s) 0.0132 | RobustPrompt-T Loss 1.8505  
Epoch 004 |  Time(s) 0.0132 | RobustPrompt-T Loss 1.8065  
Epoch 005 |  Time(s) 0.0127 | RobustPrompt-T Loss 1.7534  
Epoch 006 |  Time(s) 0.0128 | RobustPrompt-T Loss 1.9251  
Epoch 007 |  Time(s) 0.0129 | RobustPrompt-T Loss 1.7714  
Epoch 008 |  Time(s) 0.0130 | RobustPrompt-T Loss 1.7493  
Epoch 009 |  Time(s) 0.0129 | RobustPrompt-T Loss 1.7470  
Epoch 010 |  Time(s) 0.0127 | RobustPrompt-T Loss 1.7330  
Epoch 011 |  Time(s) 0.0127 | RobustPrompt-T Loss 1.7338  
Epoch 012 |  Time(s) 0.0130 | RobustPrompt-T Loss 1.7332  
Epoch 013 |  Time(s) 0.0127 | RobustPrompt-T Loss 1.7200  
Epoch 014 |  Time(s) 0.0132 | RobustPrompt-T Loss 1.7392  
Epoch 015 |  Time(s) 0.0130 | RobustPrompt-T Loss 1.7136  
Epoch 016 |  Time(s) 0.0130 | RobustPrompt-T Loss 1.6995  
Epoch 017 |  Time(s) 0.0130 | RobustPrompt-T Loss 1.6739  
Epoch 018 |  Time(s) 0.0132 | RobustPrompt-T Loss 1.6468  
Epoch 019 |  Time(s) 0.0129 | RobustPrompt-T Loss 1.6390  
Epoch 020 |  Time(s) 0.0129 | RobustPrompt-T Loss 1.6559  
Epoch 021 |  Time(s) 0.0129 | RobustPrompt-T Loss 1.5464  
Epoch 022 |  Time(s) 0.0131 | RobustPrompt-T Loss 1.5990  
Epoch 023 |  Time(s) 0.0130 | RobustPrompt-T Loss 1.6457  
Epoch 024 |  Time(s) 0.0130 | RobustPrompt-T Loss 1.5317  
Epoch 025 |  Time(s) 0.0129 | RobustPrompt-T Loss 1.5481  
Epoch 026 |  Time(s) 0.0125 | RobustPrompt-T Loss 1.6087  
Epoch 027 |  Time(s) 0.0130 | RobustPrompt-T Loss 1.4752  
Epoch 028 |  Time(s) 0.0128 | RobustPrompt-T Loss 1.4953  
Epoch 029 |  Time(s) 0.0130 | RobustPrompt-T Loss 1.5964  
Epoch 030 |  Time(s) 0.0129 | RobustPrompt-T Loss 1.4397  
Epoch 031 |  Time(s) 0.0124 | RobustPrompt-T Loss 1.4430  
Epoch 032 |  Time(s) 0.0123 | RobustPrompt-T Loss 1.5269  
Epoch 033 |  Time(s) 0.0132 | RobustPrompt-T Loss 1.3743  
Epoch 034 |  Time(s) 0.0130 | RobustPrompt-T Loss 1.7061  
Epoch 035 |  Time(s) 0.0129 | RobustPrompt-T Loss 1.7014  
Epoch 036 |  Time(s) 0.0126 | RobustPrompt-T Loss 1.3919  
Epoch 037 |  Time(s) 0.0127 | RobustPrompt-T Loss 1.4439  
Epoch 038 |  Time(s) 0.0122 | RobustPrompt-T Loss 1.2599  
Epoch 039 |  Time(s) 0.0128 | RobustPrompt-T Loss 1.4708  
Epoch 040 |  Time(s) 0.0127 | RobustPrompt-T Loss 1.3784  
Epoch 041 |  Time(s) 0.0125 | RobustPrompt-T Loss 1.3302  
Epoch 042 |  Time(s) 0.0121 | RobustPrompt-T Loss 1.2688  
Epoch 043 |  Time(s) 0.0128 | RobustPrompt-T Loss 1.2487  
Epoch 044 |  Time(s) 0.0128 | RobustPrompt-T Loss 1.3117  
Epoch 045 |  Time(s) 0.0129 | RobustPrompt-T Loss 1.1376  
Epoch 046 |  Time(s) 0.0125 | RobustPrompt-T Loss 1.2239  
Epoch 047 |  Time(s) 0.0126 | RobustPrompt-T Loss 1.1606  
Epoch 048 |  Time(s) 0.0130 | RobustPrompt-T Loss 1.1778  
Epoch 049 |  Time(s) 0.0130 | RobustPrompt-T Loss 1.0823  
Epoch 050 |  Time(s) 0.0131 | RobustPrompt-T Loss 1.0771  
Epoch 051 |  Time(s) 0.0129 | RobustPrompt-T Loss 1.0525  
Epoch 052 |  Time(s) 0.0129 | RobustPrompt-T Loss 1.0256  
Epoch 053 |  Time(s) 0.0129 | RobustPrompt-T Loss 1.0010  
Epoch 054 |  Time(s) 0.0130 | RobustPrompt-T Loss 1.0151  
Epoch 055 |  Time(s) 0.0130 | RobustPrompt-T Loss 0.9561  
Epoch 056 |  Time(s) 0.0126 | RobustPrompt-T Loss 0.9683  
Epoch 057 |  Time(s) 0.0128 | RobustPrompt-T Loss 0.8823  
Epoch 058 |  Time(s) 0.0128 | RobustPrompt-T Loss 0.9069  
Epoch 059 |  Time(s) 0.0129 | RobustPrompt-T Loss 0.8422  
Epoch 060 |  Time(s) 0.0123 | RobustPrompt-T Loss 0.8447  
Epoch 061 |  Time(s) 0.0126 | RobustPrompt-T Loss 0.8283  
Epoch 062 |  Time(s) 0.0126 | RobustPrompt-T Loss 0.7907  
Epoch 063 |  Time(s) 0.0125 | RobustPrompt-T Loss 0.7771  
Epoch 064 |  Time(s) 0.0124 | RobustPrompt-T Loss 0.7508  
Epoch 065 |  Time(s) 0.0124 | RobustPrompt-T Loss 0.7193  
Epoch 066 |  Time(s) 0.0123 | RobustPrompt-T Loss 0.7267  
Epoch 067 |  Time(s) 0.0124 | RobustPrompt-T Loss 0.7154  
Epoch 068 |  Time(s) 0.0124 | RobustPrompt-T Loss 0.6729  
Epoch 069 |  Time(s) 0.0132 | RobustPrompt-T Loss 0.6490  
Epoch 070 |  Time(s) 0.0119 | RobustPrompt-T Loss 0.6570  
Epoch 071 |  Time(s) 0.0127 | RobustPrompt-T Loss 0.6104  
Epoch 072 |  Time(s) 0.0125 | RobustPrompt-T Loss 0.6118  
Epoch 073 |  Time(s) 0.0120 | RobustPrompt-T Loss 0.6072  
Epoch 074 |  Time(s) 0.0123 | RobustPrompt-T Loss 0.5658  
Epoch 075 |  Time(s) 0.0121 | RobustPrompt-T Loss 0.5579  
Epoch 076 |  Time(s) 0.0122 | RobustPrompt-T Loss 0.5558  
Epoch 077 |  Time(s) 0.0126 | RobustPrompt-T Loss 0.5349  
Epoch 078 |  Time(s) 0.0126 | RobustPrompt-T Loss 0.5407  
Epoch 079 |  Time(s) 0.0125 | RobustPrompt-T Loss 0.5205  
Epoch 080 |  Time(s) 0.0126 | RobustPrompt-T Loss 0.4984  
Epoch 081 |  Time(s) 0.0125 | RobustPrompt-T Loss 0.4923  
Epoch 082 |  Time(s) 0.0127 | RobustPrompt-T Loss 0.4648  
Epoch 083 |  Time(s) 0.0126 | RobustPrompt-T Loss 0.4794  
Epoch 084 |  Time(s) 0.0124 | RobustPrompt-T Loss 0.4616  
Epoch 085 |  Time(s) 0.0125 | RobustPrompt-T Loss 0.4506  
Epoch 086 |  Time(s) 0.0125 | RobustPrompt-T Loss 0.4482  
Epoch 087 |  Time(s) 0.0125 | RobustPrompt-T Loss 0.4264  
Epoch 088 |  Time(s) 0.0126 | RobustPrompt-T Loss 0.4355  
Epoch 089 |  Time(s) 0.0126 | RobustPrompt-T Loss 0.4113  
Epoch 090 |  Time(s) 0.0125 | RobustPrompt-T Loss 0.4015  
Epoch 091 |  Time(s) 0.0123 | RobustPrompt-T Loss 0.4015  
Epoch 092 |  Time(s) 0.0124 | RobustPrompt-T Loss 0.3641  
Epoch 093 |  Time(s) 0.0124 | RobustPrompt-T Loss 0.3592  
Epoch 094 |  Time(s) 0.0124 | RobustPrompt-T Loss 0.3725  
Epoch 095 |  Time(s) 0.0127 | RobustPrompt-T Loss 0.3555  
Epoch 096 |  Time(s) 0.0127 | RobustPrompt-T Loss 0.3317  
Epoch 097 |  Time(s) 0.0125 | RobustPrompt-T Loss 0.3244  
Epoch 098 |  Time(s) 0.0125 | RobustPrompt-T Loss 0.3242  
Epoch 099 |  Time(s) 0.0123 | RobustPrompt-T Loss 0.3111  
Epoch 100 |  Time(s) 0.0123 | RobustPrompt-T Loss 0.2916  
Epoch 101 |  Time(s) 0.0122 | RobustPrompt-T Loss 0.2929  
Epoch 102 |  Time(s) 0.0123 | RobustPrompt-T Loss 0.2698  
Epoch 103 |  Time(s) 0.0125 | RobustPrompt-T Loss 0.2606  
Epoch 104 |  Time(s) 0.0123 | RobustPrompt-T Loss 0.2480  
Epoch 105 |  Time(s) 0.0124 | RobustPrompt-T Loss 0.2400  
Epoch 106 |  Time(s) 0.0122 | RobustPrompt-T Loss 0.2294  
Epoch 107 |  Time(s) 0.0124 | RobustPrompt-T Loss 0.2228  
Epoch 108 |  Time(s) 0.0123 | RobustPrompt-T Loss 0.2124  
Epoch 109 |  Time(s) 0.0124 | RobustPrompt-T Loss 0.2145  
Epoch 110 |  Time(s) 0.0125 | RobustPrompt-T Loss 0.2062  
Epoch 111 |  Time(s) 0.0124 | RobustPrompt-T Loss 0.2137  
Epoch 112 |  Time(s) 0.0126 | RobustPrompt-T Loss 0.1989  
Epoch 113 |  Time(s) 0.0126 | RobustPrompt-T Loss 0.1674  
Epoch 114 |  Time(s) 0.0127 | RobustPrompt-T Loss 0.1675  
Epoch 115 |  Time(s) 0.0125 | RobustPrompt-T Loss 0.1718  
Epoch 116 |  Time(s) 0.0128 | RobustPrompt-T Loss 0.1402  
Epoch 117 |  Time(s) 0.0125 | RobustPrompt-T Loss 0.1508  
Epoch 118 |  Time(s) 0.0126 | RobustPrompt-T Loss 0.1313  
Epoch 119 |  Time(s) 0.0124 | RobustPrompt-T Loss 0.1313  
Epoch 120 |  Time(s) 0.0126 | RobustPrompt-T Loss 0.1249  
Epoch 121 |  Time(s) 0.0125 | RobustPrompt-T Loss 0.1177  
Epoch 122 |  Time(s) 0.0126 | RobustPrompt-T Loss 0.1155  
Epoch 123 |  Time(s) 0.0126 | RobustPrompt-T Loss 0.1068  
Epoch 124 |  Time(s) 0.0126 | RobustPrompt-T Loss 0.1061  
Epoch 125 |  Time(s) 0.0125 | RobustPrompt-T Loss 0.1040  
Epoch 126 |  Time(s) 0.0124 | RobustPrompt-T Loss 0.0993  
Epoch 127 |  Time(s) 0.0125 | RobustPrompt-T Loss 0.0950  
Epoch 128 |  Time(s) 0.0125 | RobustPrompt-T Loss 0.0893  
Epoch 129 |  Time(s) 0.0123 | RobustPrompt-T Loss 0.0918  
Epoch 130 |  Time(s) 0.0124 | RobustPrompt-T Loss 0.0869  
Epoch 131 |  Time(s) 0.0124 | RobustPrompt-T Loss 0.0948  
Epoch 132 |  Time(s) 0.0124 | RobustPrompt-T Loss 0.0944  
Epoch 133 |  Time(s) 0.0124 | RobustPrompt-T Loss 0.0843  
Epoch 134 |  Time(s) 0.0123 | RobustPrompt-T Loss 0.0820  
Epoch 135 |  Time(s) 0.0121 | RobustPrompt-T Loss 0.0877  
Epoch 136 |  Time(s) 0.0131 | RobustPrompt-T Loss 0.0843  
Epoch 137 |  Time(s) 0.0126 | RobustPrompt-T Loss 0.0834  
Epoch 138 |  Time(s) 0.0127 | RobustPrompt-T Loss 0.0815  
Epoch 139 |  Time(s) 0.0129 | RobustPrompt-T Loss 0.0795  
Epoch 140 |  Time(s) 0.0128 | RobustPrompt-T Loss 0.0771  
Epoch 141 |  Time(s) 0.0125 | RobustPrompt-T Loss 0.0765  
Epoch 142 |  Time(s) 0.0127 | RobustPrompt-T Loss 0.0746  
Epoch 143 |  Time(s) 0.0123 | RobustPrompt-T Loss 0.0737  
Epoch 144 |  Time(s) 0.0130 | RobustPrompt-T Loss 0.0737  
Epoch 145 |  Time(s) 0.0129 | RobustPrompt-T Loss 0.0718  
Epoch 146 |  Time(s) 0.0130 | RobustPrompt-T Loss 0.0701  
Epoch 147 |  Time(s) 0.0130 | RobustPrompt-T Loss 0.0701  
Epoch 148 |  Time(s) 0.0129 | RobustPrompt-T Loss 0.0679  
Epoch 149 |  Time(s) 0.0129 | RobustPrompt-T Loss 0.0683  
Epoch 150 |  Time(s) 0.0130 | RobustPrompt-T Loss 0.0664  
Epoch 151 |  Time(s) 0.0129 | RobustPrompt-T Loss 0.0663  
Epoch 152 |  Time(s) 0.0131 | RobustPrompt-T Loss 0.0652  
Epoch 153 |  Time(s) 0.0131 | RobustPrompt-T Loss 0.0640  
Epoch 154 |  Time(s) 0.0129 | RobustPrompt-T Loss 0.0639  
Epoch 155 |  Time(s) 0.0130 | RobustPrompt-T Loss 0.0627  
Epoch 156 |  Time(s) 0.0129 | RobustPrompt-T Loss 0.0646  
Epoch 157 |  Time(s) 0.0130 | RobustPrompt-T Loss 0.0620  
Epoch 158 |  Time(s) 0.0125 | RobustPrompt-T Loss 0.0614  
Epoch 159 |  Time(s) 0.0127 | RobustPrompt-T Loss 0.0607  
Epoch 160 |  Time(s) 0.0123 | RobustPrompt-T Loss 0.0606  
Epoch 161 |  Time(s) 0.0129 | RobustPrompt-T Loss 0.0602  
Epoch 162 |  Time(s) 0.0128 | RobustPrompt-T Loss 0.0589  
Epoch 163 |  Time(s) 0.0129 | RobustPrompt-T Loss 0.0579  
Epoch 164 |  Time(s) 0.0129 | RobustPrompt-T Loss 0.0580  
Epoch 165 |  Time(s) 0.0126 | RobustPrompt-T Loss 0.0568  
Epoch 166 |  Time(s) 0.0128 | RobustPrompt-T Loss 0.0562  
Epoch 167 |  Time(s) 0.0129 | RobustPrompt-T Loss 0.0564  
Epoch 168 |  Time(s) 0.0130 | RobustPrompt-T Loss 0.0566  
Epoch 169 |  Time(s) 0.0130 | RobustPrompt-T Loss 0.0551  
Epoch 170 |  Time(s) 0.0129 | RobustPrompt-T Loss 0.0545  
Epoch 171 |  Time(s) 0.0129 | RobustPrompt-T Loss 0.0552  
Epoch 172 |  Time(s) 0.0131 | RobustPrompt-T Loss 0.0558  
Epoch 173 |  Time(s) 0.0131 | RobustPrompt-T Loss 0.0545  
Epoch 174 |  Time(s) 0.0130 | RobustPrompt-T Loss 0.0544  
Epoch 175 |  Time(s) 0.0130 | RobustPrompt-T Loss 0.0542  
Epoch 176 |  Time(s) 0.0123 | RobustPrompt-T Loss 0.0526  
Epoch 177 |  Time(s) 0.0122 | RobustPrompt-T Loss 0.0558  
Epoch 178 |  Time(s) 0.0127 | RobustPrompt-T Loss 0.0554  
Epoch 179 |  Time(s) 0.0127 | RobustPrompt-T Loss 0.0528  
Epoch 180 |  Time(s) 0.0124 | RobustPrompt-T Loss 0.0526  
Epoch 181 |  Time(s) 0.0128 | RobustPrompt-T Loss 0.0536  
Epoch 182 |  Time(s) 0.0125 | RobustPrompt-T Loss 0.0502  
Epoch 183 |  Time(s) 0.0126 | RobustPrompt-T Loss 0.0503  
Epoch 184 |  Time(s) 0.0128 | RobustPrompt-T Loss 0.0509  
Epoch 185 |  Time(s) 0.0125 | RobustPrompt-T Loss 0.0494  
Epoch 186 |  Time(s) 0.0127 | RobustPrompt-T Loss 0.0488  
Epoch 187 |  Time(s) 0.0130 | RobustPrompt-T Loss 0.0490  
Epoch 188 |  Time(s) 0.0129 | RobustPrompt-T Loss 0.0485  
Epoch 189 |  Time(s) 0.0128 | RobustPrompt-T Loss 0.0481  
Epoch 190 |  Time(s) 0.0131 | RobustPrompt-T Loss 0.0474  
Epoch 191 |  Time(s) 0.0125 | RobustPrompt-T Loss 0.0472  
Epoch 192 |  Time(s) 0.0126 | RobustPrompt-T Loss 0.0469  
Epoch 193 |  Time(s) 0.0125 | RobustPrompt-T Loss 0.0467  
Epoch 194 |  Time(s) 0.0127 | RobustPrompt-T Loss 0.0459  
Epoch 195 |  Time(s) 0.0126 | RobustPrompt-T Loss 0.0452  
Epoch 196 |  Time(s) 0.0124 | RobustPrompt-T Loss 0.0462  
Epoch 197 |  Time(s) 0.0123 | RobustPrompt-T Loss 0.0441  
Epoch 198 |  Time(s) 0.0127 | RobustPrompt-T Loss 0.0445  
Epoch 199 |  Time(s) 0.0127 | RobustPrompt-T Loss 0.0446  
Epoch 200 |  Time(s) 0.0123 | RobustPrompt-T Loss 0.0446  
Final True Accuracy: 0.1329 | Macro F1 Score: 0.0992
Edge Detection Detail | source=filter_module | active=0 | n_edges=6388 | n_pos=1218 | n_neg=5170 | pos_rate=0.1907 | pred_pos=6286 | pred_pos_rate=0.9840 | tp=1212 | fp=5074 | fn=6 | tn=96 | precision=0.1928 | recall=0.9951 | f1=0.3230 | auc=0.8410 | ap=0.5361 | best_f1=0.6397 | best_threshold=0.9572 | best_precision=0.5983 | best_recall=0.6872 | best_pred_pos_rate=0.2190 | precision_at_k_pos=0.5895 | recall_at_k_pos=0.5895 | all_positive_f1=0.3203 | current_f1_minus_all_positive_f1=0.0028 | hard_mask_all_positive_like=0 | mode=original
Edge Detection Detail | source=tau_tune | active=1 | n_edges=6388 | n_pos=1218 | n_neg=5170 | pos_rate=0.1907 | pred_pos=191 | pred_pos_rate=0.0299 | tp=83 | fp=108 | fn=1135 | tn=5062 | precision=0.4346 | recall=0.0681 | f1=0.1178 | auc=0.6236 | ap=0.2876 | best_f1=0.3567 | best_threshold=0.0373 | best_precision=0.2385 | best_recall=0.7069 | best_pred_pos_rate=0.5651 | precision_at_k_pos=0.3087 | recall_at_k_pos=0.3087 | all_positive_f1=0.3203 | current_f1_minus_all_positive_f1=-0.2025 | hard_mask_all_positive_like=0
Tip Detection | tip=sim_pt | active=1 | node_precision=0.3301 | node_recall=0.3371 | node_f1=0.3335 | edge_precision=0.2419 | edge_recall=0.9926 | edge_f1=0.3891 | edge_auc=0.6300 | node_tp=270 | node_fp=548 | node_fn=531 | edge_tp=1209 | edge_fp=3788 | edge_fn=9
Edge Detection Detail | source=sim_pt | active=1 | n_edges=6388 | n_pos=1218 | n_neg=5170 | pos_rate=0.1907 | pred_pos=4997 | pred_pos_rate=0.7822 | tp=1209 | fp=3788 | fn=9 | tn=1382 | precision=0.2419 | recall=0.9926 | f1=0.3891 | auc=0.6300 | ap=0.2416 | best_f1=nan | best_threshold=nan | best_precision=nan | best_recall=nan | best_pred_pos_rate=nan | precision_at_k_pos=nan | recall_at_k_pos=nan | all_positive_f1=0.3203 | current_f1_minus_all_positive_f1=0.0688 | hard_mask_all_positive_like=0
Tip Detection | tip=degree_pt | active=1 | node_precision=0.0000 | node_recall=0.0000 | node_f1=0.0000 | edge_precision=0.0000 | edge_recall=0.0000 | edge_f1=0.0000 | edge_auc=0.5000 | node_tp=0 | node_fp=0 | node_fn=801 | edge_tp=0 | edge_fp=0 | edge_fn=1218
Edge Detection Detail | source=degree_pt | active=1 | n_edges=6388 | n_pos=1218 | n_neg=5170 | pos_rate=0.1907 | pred_pos=0 | pred_pos_rate=0.0000 | tp=0 | fp=0 | fn=1218 | tn=5170 | precision=0.0000 | recall=0.0000 | f1=0.0000 | auc=0.5000 | ap=0.1907 | best_f1=nan | best_threshold=nan | best_precision=nan | best_recall=nan | best_pred_pos_rate=nan | precision_at_k_pos=nan | recall_at_k_pos=nan | all_positive_f1=0.3203 | current_f1_minus_all_positive_f1=-0.3203 | hard_mask_all_positive_like=0
Tip Detection | tip=out_detect_pt | active=0 | node_precision=0.0000 | node_recall=0.0000 | node_f1=0.0000 | edge_precision=0.0000 | edge_recall=0.0000 | edge_f1=0.0000 | edge_auc=0.5000 | node_tp=0 | node_fp=0 | node_fn=801 | edge_tp=0 | edge_fp=0 | edge_fn=1218
Edge Detection Detail | source=out_detect_pt | active=0 | n_edges=6388 | n_pos=1218 | n_neg=5170 | pos_rate=0.1907 | pred_pos=0 | pred_pos_rate=0.0000 | tp=0 | fp=0 | fn=1218 | tn=5170 | precision=0.0000 | recall=0.0000 | f1=0.0000 | auc=0.8410 | ap=0.5361 | best_f1=0.6397 | best_threshold=0.9572 | best_precision=0.5983 | best_recall=0.6872 | best_pred_pos_rate=0.2190 | precision_at_k_pos=0.5895 | recall_at_k_pos=0.5895 | all_positive_f1=0.3203 | current_f1_minus_all_positive_f1=-0.3203 | hard_mask_all_positive_like=0
best_loss [tensor(0.0446, device='cuda:0', grad_fn=<AddBackward0>)]
load LLC or attacked data with specified split
Successfully loaded the attack of dataname with few shot 5, split 1
Attack method : Meta_Self | Attack ptb : 0.2 | Dataset: Cora
======================
Number of graphs: 1
Number of features: 1433
Number of classes: 7

Data(x=[2708, 1433], edge_index=[2, 15484], y=[2708], train_mask=[2708], val_mask=[2708], test_mask=[2708])
===========================================================================================================
Number of nodes: 2708
Number of edges: 15484
Average node degree: 5.72
Has isolated nodes: False
Has self-loops: True
Is undirected: True
Pollution Diff | added_edges=1218 | deleted_edges=108 | clean_edges=5278 | attack_edges=6388
GCN(
  (conv_layers): ModuleList(
    (0): GCNConv(1433, 256)
    (1): GCNConv(256, 256)
  )
)
Successfully loaded pre-trained weights!
use RobustPrompt Tranductive
defense pt dict :  {'sim_pt': 0.3, 'degree_pt': 1, 'out_detect_pt': -1.0, 'other_pt': 'all'}
use_attention :  False
cosine_constraint :  True
pt_threshold :  0.5
filter_module :  OriginalFilter
temperature :  1.0
weight_mse 0.1
weight_kl :  0.3
weight_constraint :  0.2
run RobustPrompt-T
Epoch 001 |  Time(s) 0.0126 | RobustPrompt-T Loss 1.9469  
Epoch 002 |  Time(s) 0.0128 | RobustPrompt-T Loss 1.9543  
Epoch 003 |  Time(s) 0.0124 | RobustPrompt-T Loss 1.9268  
Epoch 004 |  Time(s) 0.0127 | RobustPrompt-T Loss 1.9195  
Epoch 005 |  Time(s) 0.0124 | RobustPrompt-T Loss 1.8989  
Epoch 006 |  Time(s) 0.0126 | RobustPrompt-T Loss 1.8839  
Epoch 007 |  Time(s) 0.0123 | RobustPrompt-T Loss 1.8493  
Epoch 008 |  Time(s) 0.0126 | RobustPrompt-T Loss 1.7938  
Epoch 009 |  Time(s) 0.0126 | RobustPrompt-T Loss 1.7764  
Epoch 010 |  Time(s) 0.0126 | RobustPrompt-T Loss 1.7885  
Epoch 011 |  Time(s) 0.0124 | RobustPrompt-T Loss 1.7936  
Epoch 012 |  Time(s) 0.0126 | RobustPrompt-T Loss 1.7362  
Epoch 013 |  Time(s) 0.0123 | RobustPrompt-T Loss 1.7483  
Epoch 014 |  Time(s) 0.0123 | RobustPrompt-T Loss 1.7074  
Epoch 015 |  Time(s) 0.0122 | RobustPrompt-T Loss 1.7358  
Epoch 016 |  Time(s) 0.0122 | RobustPrompt-T Loss 1.6811  
Epoch 017 |  Time(s) 0.0123 | RobustPrompt-T Loss 1.6986  
Epoch 018 |  Time(s) 0.0122 | RobustPrompt-T Loss 1.6624  
Epoch 019 |  Time(s) 0.0125 | RobustPrompt-T Loss 1.6806  
Epoch 020 |  Time(s) 0.0124 | RobustPrompt-T Loss 1.6583  
Epoch 021 |  Time(s) 0.0126 | RobustPrompt-T Loss 1.6785  
Epoch 022 |  Time(s) 0.0123 | RobustPrompt-T Loss 1.6676  
Epoch 023 |  Time(s) 0.0127 | RobustPrompt-T Loss 1.6494  
Epoch 024 |  Time(s) 0.0124 | RobustPrompt-T Loss 1.6248  
Epoch 025 |  Time(s) 0.0126 | RobustPrompt-T Loss 1.6073  
Epoch 026 |  Time(s) 0.0123 | RobustPrompt-T Loss 1.6548  
Epoch 027 |  Time(s) 0.0127 | RobustPrompt-T Loss 1.5877  
Epoch 028 |  Time(s) 0.0124 | RobustPrompt-T Loss 1.5802  
Epoch 029 |  Time(s) 0.0125 | RobustPrompt-T Loss 1.5825  
Epoch 030 |  Time(s) 0.0125 | RobustPrompt-T Loss 1.5551  
Epoch 031 |  Time(s) 0.0126 | RobustPrompt-T Loss 1.5597  
Epoch 032 |  Time(s) 0.0124 | RobustPrompt-T Loss 1.4909  
Epoch 033 |  Time(s) 0.0126 | RobustPrompt-T Loss 1.4951  
Epoch 034 |  Time(s) 0.0124 | RobustPrompt-T Loss 1.5875  
Epoch 035 |  Time(s) 0.0127 | RobustPrompt-T Loss 1.4912  
Epoch 036 |  Time(s) 0.0123 | RobustPrompt-T Loss 1.4327  
Epoch 037 |  Time(s) 0.0126 | RobustPrompt-T Loss 1.4633  
Epoch 038 |  Time(s) 0.0124 | RobustPrompt-T Loss 1.4242  
Epoch 039 |  Time(s) 0.0126 | RobustPrompt-T Loss 1.2783  
Epoch 040 |  Time(s) 0.0122 | RobustPrompt-T Loss 1.3825  
Epoch 041 |  Time(s) 0.0126 | RobustPrompt-T Loss 1.2403  
Epoch 042 |  Time(s) 0.0125 | RobustPrompt-T Loss 1.2453  
Epoch 043 |  Time(s) 0.0127 | RobustPrompt-T Loss 1.2878  
Epoch 044 |  Time(s) 0.0123 | RobustPrompt-T Loss 1.1361  
Epoch 045 |  Time(s) 0.0127 | RobustPrompt-T Loss 1.1745  
Epoch 046 |  Time(s) 0.0123 | RobustPrompt-T Loss 1.1188  
Epoch 047 |  Time(s) 0.0126 | RobustPrompt-T Loss 1.0572  
Epoch 048 |  Time(s) 0.0123 | RobustPrompt-T Loss 1.0710  
Epoch 049 |  Time(s) 0.0126 | RobustPrompt-T Loss 1.0084  
Epoch 050 |  Time(s) 0.0123 | RobustPrompt-T Loss 0.9947  
Epoch 051 |  Time(s) 0.0126 | RobustPrompt-T Loss 0.9992  
Epoch 052 |  Time(s) 0.0122 | RobustPrompt-T Loss 0.9324  
Epoch 053 |  Time(s) 0.0121 | RobustPrompt-T Loss 0.9432  
Epoch 054 |  Time(s) 0.0120 | RobustPrompt-T Loss 0.8809  
Epoch 055 |  Time(s) 0.0123 | RobustPrompt-T Loss 0.8876  
Epoch 056 |  Time(s) 0.0128 | RobustPrompt-T Loss 0.8477  
Epoch 057 |  Time(s) 0.0130 | RobustPrompt-T Loss 0.8151  
Epoch 058 |  Time(s) 0.0127 | RobustPrompt-T Loss 0.8113  
Epoch 059 |  Time(s) 0.0129 | RobustPrompt-T Loss 0.8282  
Epoch 060 |  Time(s) 0.0125 | RobustPrompt-T Loss 0.8076  
Epoch 061 |  Time(s) 0.0130 | RobustPrompt-T Loss 0.7785  
Epoch 062 |  Time(s) 0.0129 | RobustPrompt-T Loss 0.7164  
Epoch 063 |  Time(s) 0.0130 | RobustPrompt-T Loss 0.6877  
Epoch 064 |  Time(s) 0.0129 | RobustPrompt-T Loss 0.7957  
Epoch 065 |  Time(s) 0.0131 | RobustPrompt-T Loss 0.7048  
Epoch 066 |  Time(s) 0.0131 | RobustPrompt-T Loss 0.6155  
Epoch 067 |  Time(s) 0.0128 | RobustPrompt-T Loss 0.7277  
Epoch 068 |  Time(s) 0.0131 | RobustPrompt-T Loss 0.6542  
Epoch 069 |  Time(s) 0.0130 | RobustPrompt-T Loss 0.5891  
Epoch 070 |  Time(s) 0.0131 | RobustPrompt-T Loss 0.7230  
Epoch 071 |  Time(s) 0.0129 | RobustPrompt-T Loss 0.5211  
Epoch 072 |  Time(s) 0.0130 | RobustPrompt-T Loss 0.5741  
Epoch 073 |  Time(s) 0.0130 | RobustPrompt-T Loss 0.6226  
Epoch 074 |  Time(s) 0.0129 | RobustPrompt-T Loss 0.5061  
Epoch 075 |  Time(s) 0.0130 | RobustPrompt-T Loss 0.4946  
Epoch 076 |  Time(s) 0.0131 | RobustPrompt-T Loss 0.5164  
Epoch 077 |  Time(s) 0.0130 | RobustPrompt-T Loss 0.4506  
Epoch 078 |  Time(s) 0.0130 | RobustPrompt-T Loss 0.4900  
Epoch 079 |  Time(s) 0.0130 | RobustPrompt-T Loss 0.7166  
Epoch 080 |  Time(s) 0.0130 | RobustPrompt-T Loss 0.4376  
Epoch 081 |  Time(s) 0.0129 | RobustPrompt-T Loss 0.6105  
Epoch 082 |  Time(s) 0.0131 | RobustPrompt-T Loss 0.4937  
Epoch 083 |  Time(s) 0.0130 | RobustPrompt-T Loss 0.5574  
Epoch 084 |  Time(s) 0.0131 | RobustPrompt-T Loss 0.6120  
Epoch 085 |  Time(s) 0.0130 | RobustPrompt-T Loss 0.4134  
Epoch 086 |  Time(s) 0.0130 | RobustPrompt-T Loss 0.5776  
Epoch 087 |  Time(s) 0.0130 | RobustPrompt-T Loss 0.4889  
Epoch 088 |  Time(s) 0.0131 | RobustPrompt-T Loss 0.4442  
Epoch 089 |  Time(s) 0.0130 | RobustPrompt-T Loss 0.3989  
Epoch 090 |  Time(s) 0.0130 | RobustPrompt-T Loss 0.4155  
Epoch 091 |  Time(s) 0.0129 | RobustPrompt-T Loss 0.4243  
Epoch 092 |  Time(s) 0.0130 | RobustPrompt-T Loss 0.4182  
Epoch 093 |  Time(s) 0.0130 | RobustPrompt-T Loss 0.4865  
Epoch 094 |  Time(s) 0.0128 | RobustPrompt-T Loss 0.3833  
Epoch 095 |  Time(s) 0.0131 | RobustPrompt-T Loss 0.3783  
Epoch 096 |  Time(s) 0.0131 | RobustPrompt-T Loss 0.3284  
Epoch 097 |  Time(s) 0.0130 | RobustPrompt-T Loss 0.3831  
Epoch 098 |  Time(s) 0.0130 | RobustPrompt-T Loss 0.3047  
Epoch 099 |  Time(s) 0.0130 | RobustPrompt-T Loss 0.3291  
Epoch 100 |  Time(s) 0.0130 | RobustPrompt-T Loss 0.2900  
Epoch 101 |  Time(s) 0.0129 | RobustPrompt-T Loss 0.3521  
Epoch 102 |  Time(s) 0.0130 | RobustPrompt-T Loss 0.2858  
Epoch 103 |  Time(s) 0.0130 | RobustPrompt-T Loss 0.2754  
Epoch 104 |  Time(s) 0.0130 | RobustPrompt-T Loss 0.2572  
Epoch 105 |  Time(s) 0.0130 | RobustPrompt-T Loss 0.2718  
Epoch 106 |  Time(s) 0.0130 | RobustPrompt-T Loss 0.2241  
Epoch 107 |  Time(s) 0.0131 | RobustPrompt-T Loss 0.2706  
Epoch 108 |  Time(s) 0.0130 | RobustPrompt-T Loss 0.2279  
Epoch 109 |  Time(s) 0.0130 | RobustPrompt-T Loss 0.2411  
Epoch 110 |  Time(s) 0.0130 | RobustPrompt-T Loss 0.2219  
Epoch 111 |  Time(s) 0.0130 | RobustPrompt-T Loss 0.2119  
Epoch 112 |  Time(s) 0.0130 | RobustPrompt-T Loss 0.2005  
Epoch 113 |  Time(s) 0.0130 | RobustPrompt-T Loss 0.1908  
Epoch 114 |  Time(s) 0.0131 | RobustPrompt-T Loss 0.1781  
Epoch 115 |  Time(s) 0.0130 | RobustPrompt-T Loss 0.1956  
Epoch 116 |  Time(s) 0.0129 | RobustPrompt-T Loss 0.1902  
Epoch 117 |  Time(s) 0.0130 | RobustPrompt-T Loss 0.1703  
Epoch 118 |  Time(s) 0.0129 | RobustPrompt-T Loss 0.1687  
Epoch 119 |  Time(s) 0.0131 | RobustPrompt-T Loss 0.1611  
Epoch 120 |  Time(s) 0.0130 | RobustPrompt-T Loss 0.1418  
Epoch 121 |  Time(s) 0.0130 | RobustPrompt-T Loss 0.1493  
Epoch 122 |  Time(s) 0.0125 | RobustPrompt-T Loss 0.1295  
Epoch 123 |  Time(s) 0.0128 | RobustPrompt-T Loss 0.1392  
Epoch 124 |  Time(s) 0.0129 | RobustPrompt-T Loss 0.1281  
Epoch 125 |  Time(s) 0.0129 | RobustPrompt-T Loss 0.1176  
Epoch 126 |  Time(s) 0.0124 | RobustPrompt-T Loss 0.1361  
Epoch 127 |  Time(s) 0.0128 | RobustPrompt-T Loss 0.1124  
Epoch 128 |  Time(s) 0.0129 | RobustPrompt-T Loss 0.1126  
Epoch 129 |  Time(s) 0.0129 | RobustPrompt-T Loss 0.1060  
Epoch 130 |  Time(s) 0.0130 | RobustPrompt-T Loss 0.0919  
Epoch 131 |  Time(s) 0.0126 | RobustPrompt-T Loss 0.1085  
Epoch 132 |  Time(s) 0.0128 | RobustPrompt-T Loss 0.0865  
Epoch 133 |  Time(s) 0.0130 | RobustPrompt-T Loss 0.0896  
Epoch 134 |  Time(s) 0.0126 | RobustPrompt-T Loss 0.0845  
Epoch 135 |  Time(s) 0.0124 | RobustPrompt-T Loss 0.1052  
Epoch 136 |  Time(s) 0.0129 | RobustPrompt-T Loss 0.0915  
Epoch 137 |  Time(s) 0.0124 | RobustPrompt-T Loss 0.0793  
Epoch 138 |  Time(s) 0.0129 | RobustPrompt-T Loss 0.0960  
Epoch 139 |  Time(s) 0.0129 | RobustPrompt-T Loss 0.0798  
Epoch 140 |  Time(s) 0.0128 | RobustPrompt-T Loss 0.0876  
Epoch 141 |  Time(s) 0.0130 | RobustPrompt-T Loss 0.0830  
Epoch 142 |  Time(s) 0.0129 | RobustPrompt-T Loss 0.0787  
Epoch 143 |  Time(s) 0.0126 | RobustPrompt-T Loss 0.0733  
Epoch 144 |  Time(s) 0.0128 | RobustPrompt-T Loss 0.0762  
Epoch 145 |  Time(s) 0.0128 | RobustPrompt-T Loss 0.0714  
Epoch 146 |  Time(s) 0.0129 | RobustPrompt-T Loss 0.0694  
Epoch 147 |  Time(s) 0.0129 | RobustPrompt-T Loss 0.0755  
Epoch 148 |  Time(s) 0.0125 | RobustPrompt-T Loss 0.0646  
Epoch 149 |  Time(s) 0.0128 | RobustPrompt-T Loss 0.0869  
Epoch 150 |  Time(s) 0.0129 | RobustPrompt-T Loss 0.0630  
Epoch 151 |  Time(s) 0.0129 | RobustPrompt-T Loss 0.0653  
Epoch 152 |  Time(s) 0.0126 | RobustPrompt-T Loss 0.0692  
Epoch 153 |  Time(s) 0.0128 | RobustPrompt-T Loss 0.0743  
Epoch 154 |  Time(s) 0.0128 | RobustPrompt-T Loss 0.0739  
Epoch 155 |  Time(s) 0.0129 | RobustPrompt-T Loss 0.0705  
Epoch 156 |  Time(s) 0.0130 | RobustPrompt-T Loss 0.0683  
Epoch 157 |  Time(s) 0.0130 | RobustPrompt-T Loss 0.0642  
Epoch 158 |  Time(s) 0.0130 | RobustPrompt-T Loss 0.0629  
Epoch 159 |  Time(s) 0.0129 | RobustPrompt-T Loss 0.0638  
Epoch 160 |  Time(s) 0.0125 | RobustPrompt-T Loss 0.0583  
Epoch 161 |  Time(s) 0.0128 | RobustPrompt-T Loss 0.0560  
Epoch 162 |  Time(s) 0.0129 | RobustPrompt-T Loss 0.0649  
Epoch 163 |  Time(s) 0.0129 | RobustPrompt-T Loss 0.0589  
Epoch 164 |  Time(s) 0.0125 | RobustPrompt-T Loss 0.0483  
Epoch 165 |  Time(s) 0.0128 | RobustPrompt-T Loss 0.0540  
Epoch 166 |  Time(s) 0.0129 | RobustPrompt-T Loss 0.0497  
Epoch 167 |  Time(s) 0.0129 | RobustPrompt-T Loss 0.0546  
Epoch 168 |  Time(s) 0.0129 | RobustPrompt-T Loss 0.0484  
Epoch 169 |  Time(s) 0.0126 | RobustPrompt-T Loss 0.0492  
Epoch 170 |  Time(s) 0.0128 | RobustPrompt-T Loss 0.0480  
Epoch 171 |  Time(s) 0.0131 | RobustPrompt-T Loss 0.0479  
Epoch 172 |  Time(s) 0.0128 | RobustPrompt-T Loss 0.0490  
Epoch 173 |  Time(s) 0.0129 | RobustPrompt-T Loss 0.0486  
Epoch 174 |  Time(s) 0.0129 | RobustPrompt-T Loss 0.0479  
Epoch 175 |  Time(s) 0.0131 | RobustPrompt-T Loss 0.0481  
Epoch 176 |  Time(s) 0.0130 | RobustPrompt-T Loss 0.0465  
Epoch 177 |  Time(s) 0.0125 | RobustPrompt-T Loss 0.0529  
Epoch 178 |  Time(s) 0.0127 | RobustPrompt-T Loss 0.0460  
Epoch 179 |  Time(s) 0.0128 | RobustPrompt-T Loss 0.0463  
Epoch 180 |  Time(s) 0.0131 | RobustPrompt-T Loss 0.0456  
Epoch 181 |  Time(s) 0.0129 | RobustPrompt-T Loss 0.0495  
Epoch 182 |  Time(s) 0.0125 | RobustPrompt-T Loss 0.0474  
Epoch 183 |  Time(s) 0.0128 | RobustPrompt-T Loss 0.0450  
Epoch 184 |  Time(s) 0.0129 | RobustPrompt-T Loss 0.0464  
Epoch 185 |  Time(s) 0.0128 | RobustPrompt-T Loss 0.0466  
Epoch 186 |  Time(s) 0.0127 | RobustPrompt-T Loss 0.0470  
Epoch 187 |  Time(s) 0.0127 | RobustPrompt-T Loss 0.0464  
Epoch 188 |  Time(s) 0.0129 | RobustPrompt-T Loss 0.0463  
Epoch 189 |  Time(s) 0.0129 | RobustPrompt-T Loss 0.0450  
Epoch 190 |  Time(s) 0.0130 | RobustPrompt-T Loss 0.0448  
Epoch 191 |  Time(s) 0.0129 | RobustPrompt-T Loss 0.0442  
Epoch 192 |  Time(s) 0.0126 | RobustPrompt-T Loss 0.0436  
Epoch 193 |  Time(s) 0.0128 | RobustPrompt-T Loss 0.0432  
Epoch 194 |  Time(s) 0.0129 | RobustPrompt-T Loss 0.0432  
Epoch 195 |  Time(s) 0.0129 | RobustPrompt-T Loss 0.0433  
Epoch 196 |  Time(s) 0.0130 | RobustPrompt-T Loss 0.0426  
Epoch 197 |  Time(s) 0.0129 | RobustPrompt-T Loss 0.0423  
Epoch 198 |  Time(s) 0.0124 | RobustPrompt-T Loss 0.0429  
Epoch 199 |  Time(s) 0.0129 | RobustPrompt-T Loss 0.0413  
Epoch 200 |  Time(s) 0.0128 | RobustPrompt-T Loss 0.0412  
Final True Accuracy: 0.1026 | Macro F1 Score: 0.0802
Edge Detection Detail | source=filter_module | active=0 | n_edges=6388 | n_pos=1218 | n_neg=5170 | pos_rate=0.1907 | pred_pos=6286 | pred_pos_rate=0.9840 | tp=1212 | fp=5074 | fn=6 | tn=96 | precision=0.1928 | recall=0.9951 | f1=0.3230 | auc=0.8410 | ap=0.5361 | best_f1=0.6397 | best_threshold=0.9572 | best_precision=0.5983 | best_recall=0.6872 | best_pred_pos_rate=0.2190 | precision_at_k_pos=0.5895 | recall_at_k_pos=0.5895 | all_positive_f1=0.3203 | current_f1_minus_all_positive_f1=0.0028 | hard_mask_all_positive_like=0 | mode=original
Edge Detection Detail | source=tau_tune | active=1 | n_edges=6388 | n_pos=1218 | n_neg=5170 | pos_rate=0.1907 | pred_pos=548 | pred_pos_rate=0.0858 | tp=169 | fp=379 | fn=1049 | tn=4791 | precision=0.3084 | recall=0.1388 | f1=0.1914 | auc=0.6457 | ap=0.2888 | best_f1=0.3760 | best_threshold=0.0890 | best_precision=0.2624 | best_recall=0.6626 | best_pred_pos_rate=0.4814 | precision_at_k_pos=0.2964 | recall_at_k_pos=0.2964 | all_positive_f1=0.3203 | current_f1_minus_all_positive_f1=-0.1289 | hard_mask_all_positive_like=0
Tip Detection | tip=sim_pt | active=1 | node_precision=0.3301 | node_recall=0.3371 | node_f1=0.3335 | edge_precision=0.2419 | edge_recall=0.9926 | edge_f1=0.3891 | edge_auc=0.6300 | node_tp=270 | node_fp=548 | node_fn=531 | edge_tp=1209 | edge_fp=3788 | edge_fn=9
Edge Detection Detail | source=sim_pt | active=1 | n_edges=6388 | n_pos=1218 | n_neg=5170 | pos_rate=0.1907 | pred_pos=4997 | pred_pos_rate=0.7822 | tp=1209 | fp=3788 | fn=9 | tn=1382 | precision=0.2419 | recall=0.9926 | f1=0.3891 | auc=0.6300 | ap=0.2416 | best_f1=nan | best_threshold=nan | best_precision=nan | best_recall=nan | best_pred_pos_rate=nan | precision_at_k_pos=nan | recall_at_k_pos=nan | all_positive_f1=0.3203 | current_f1_minus_all_positive_f1=0.0688 | hard_mask_all_positive_like=0
Tip Detection | tip=degree_pt | active=1 | node_precision=0.0000 | node_recall=0.0000 | node_f1=0.0000 | edge_precision=0.0000 | edge_recall=0.0000 | edge_f1=0.0000 | edge_auc=0.5000 | node_tp=0 | node_fp=0 | node_fn=801 | edge_tp=0 | edge_fp=0 | edge_fn=1218
Edge Detection Detail | source=degree_pt | active=1 | n_edges=6388 | n_pos=1218 | n_neg=5170 | pos_rate=0.1907 | pred_pos=0 | pred_pos_rate=0.0000 | tp=0 | fp=0 | fn=1218 | tn=5170 | precision=0.0000 | recall=0.0000 | f1=0.0000 | auc=0.5000 | ap=0.1907 | best_f1=nan | best_threshold=nan | best_precision=nan | best_recall=nan | best_pred_pos_rate=nan | precision_at_k_pos=nan | recall_at_k_pos=nan | all_positive_f1=0.3203 | current_f1_minus_all_positive_f1=-0.3203 | hard_mask_all_positive_like=0
Tip Detection | tip=out_detect_pt | active=0 | node_precision=0.0000 | node_recall=0.0000 | node_f1=0.0000 | edge_precision=0.0000 | edge_recall=0.0000 | edge_f1=0.0000 | edge_auc=0.5000 | node_tp=0 | node_fp=0 | node_fn=801 | edge_tp=0 | edge_fp=0 | edge_fn=1218
Edge Detection Detail | source=out_detect_pt | active=0 | n_edges=6388 | n_pos=1218 | n_neg=5170 | pos_rate=0.1907 | pred_pos=0 | pred_pos_rate=0.0000 | tp=0 | fp=0 | fn=1218 | tn=5170 | precision=0.0000 | recall=0.0000 | f1=0.0000 | auc=0.8410 | ap=0.5361 | best_f1=0.6397 | best_threshold=0.9572 | best_precision=0.5983 | best_recall=0.6872 | best_pred_pos_rate=0.2190 | precision_at_k_pos=0.5895 | recall_at_k_pos=0.5895 | all_positive_f1=0.3203 | current_f1_minus_all_positive_f1=-0.3203 | hard_mask_all_positive_like=0
best_loss [tensor(0.0412, device='cuda:0', grad_fn=<AddBackward0>)]
{1: {1: 0.08762458711862564}, 2: {1: 0.12416943162679672}, 3: {1: 0.0934385359287262}, 4: {1: 0.13289035856723785}, 5: {1: 0.10257475078105927}}
{1: {1: 0.08762458711862564, 2: 0.12416943162679672, 3: 0.0934385359287262, 4: 0.13289035856723785, 5: 0.10257475078105927}}
########################################################################################
seed: 1 | split 1 : 0.08762458711862564
# Seed 1 Muti Split Final Acc: 0.0876±0.0000
seed: 2 | split 1 : 0.12416943162679672
# Seed 2 Muti Split Final Acc: 0.1242±0.0000
seed: 3 | split 1 : 0.0934385359287262
# Seed 3 Muti Split Final Acc: 0.0934±0.0000
seed: 4 | split 1 : 0.13289035856723785
# Seed 4 Muti Split Final Acc: 0.1329±0.0000
seed: 5 | split 1 : 0.10257475078105927
# Seed 5 Muti Split Final Acc: 0.1026±0.0000
########################################################################################
split: 1 | seed 1 : 0.08762458711862564
split: 1 | seed 2 : 0.12416943162679672
split: 1 | seed 3 : 0.0934385359287262
split: 1 | seed 4 : 0.13289035856723785
split: 1 | seed 5 : 0.10257475078105927
# Split 1 Muti Seed Acc without min value: 0.1133±0.0159
########################################################################################
