load LLC or attacked data with specified split
Successfully loaded the attack of dataname with few shot 5, split 1
Attack method : Meta_Self | Attack ptb : 0.1 | Dataset: Cora
======================
Number of graphs: 1
Number of features: 1433
Number of classes: 7

Data(x=[2708, 1433], edge_index=[2, 14378], y=[2708], train_mask=[2708], val_mask=[2708], test_mask=[2708])
===========================================================================================================
Number of nodes: 2708
Number of edges: 14378
Average node degree: 5.31
Has isolated nodes: False
Has self-loops: True
Is undirected: True
Pollution Diff | added_edges=610 | deleted_edges=53 | clean_edges=5278 | attack_edges=5835
GCN(
  (conv_layers): ModuleList(
    (0): GCNConv(1433, 256)
    (1): GCNConv(256, 256)
  )
)
Successfully loaded pre-trained weights!
use RobustPrompt Tranductive
defense pt dict :  {'sim_pt': -1.0, 'degree_pt': 1, 'out_detect_pt': 0.5, 'other_pt': 'all'}
use_attention :  False
cosine_constraint :  True
pt_threshold :  0.5
filter_module :  OriginalFilter
temperature :  1.0
weight_mse 0.1
weight_kl :  0.3
weight_constraint :  0.2
run RobustPrompt-T
Epoch 001 |  Time(s) 0.2421 | RobustPrompt-T Loss 1.9502  
Epoch 002 |  Time(s) 0.0132 | RobustPrompt-T Loss 1.9891  
Epoch 003 |  Time(s) 0.0124 | RobustPrompt-T Loss 1.9330  
Epoch 004 |  Time(s) 0.0127 | RobustPrompt-T Loss 1.9354  
Epoch 005 |  Time(s) 0.0130 | RobustPrompt-T Loss 1.9372  
Epoch 006 |  Time(s) 0.0131 | RobustPrompt-T Loss 1.9318  
Epoch 007 |  Time(s) 0.0130 | RobustPrompt-T Loss 1.9262  
Epoch 008 |  Time(s) 0.0130 | RobustPrompt-T Loss 1.9270  
Epoch 009 |  Time(s) 0.0130 | RobustPrompt-T Loss 1.9217  
Epoch 010 |  Time(s) 0.0130 | RobustPrompt-T Loss 1.9125  
Epoch 011 |  Time(s) 0.0129 | RobustPrompt-T Loss 1.9059  
Epoch 012 |  Time(s) 0.0131 | RobustPrompt-T Loss 1.9027  
Epoch 013 |  Time(s) 0.0130 | RobustPrompt-T Loss 1.8975  
Epoch 014 |  Time(s) 0.0131 | RobustPrompt-T Loss 1.8970  
Epoch 015 |  Time(s) 0.0128 | RobustPrompt-T Loss 1.8884  
Epoch 016 |  Time(s) 0.0130 | RobustPrompt-T Loss 1.8731  
Epoch 017 |  Time(s) 0.0131 | RobustPrompt-T Loss 1.8678  
Epoch 018 |  Time(s) 0.0130 | RobustPrompt-T Loss 1.8635  
Epoch 019 |  Time(s) 0.0130 | RobustPrompt-T Loss 1.8468  
Epoch 020 |  Time(s) 0.0126 | RobustPrompt-T Loss 1.8402  
Epoch 021 |  Time(s) 0.0125 | RobustPrompt-T Loss 1.8977  
Epoch 022 |  Time(s) 0.0123 | RobustPrompt-T Loss 1.9201  
Epoch 023 |  Time(s) 0.0118 | RobustPrompt-T Loss 1.9362  
Epoch 024 |  Time(s) 0.0125 | RobustPrompt-T Loss 1.8269  
Epoch 025 |  Time(s) 0.0132 | RobustPrompt-T Loss 1.8977  
Epoch 026 |  Time(s) 0.0127 | RobustPrompt-T Loss 1.9185  
Epoch 027 |  Time(s) 0.0132 | RobustPrompt-T Loss 1.7912  
Epoch 028 |  Time(s) 0.0125 | RobustPrompt-T Loss 1.8530  
Epoch 029 |  Time(s) 0.0127 | RobustPrompt-T Loss 1.8560  
Epoch 030 |  Time(s) 0.0125 | RobustPrompt-T Loss 1.7668  
Epoch 031 |  Time(s) 0.0126 | RobustPrompt-T Loss 1.7753  
Epoch 032 |  Time(s) 0.0123 | RobustPrompt-T Loss 1.7762  
Epoch 033 |  Time(s) 0.0122 | RobustPrompt-T Loss 1.7755  
Epoch 034 |  Time(s) 0.0124 | RobustPrompt-T Loss 1.7081  
Epoch 035 |  Time(s) 0.0124 | RobustPrompt-T Loss 1.7215  
Epoch 036 |  Time(s) 0.0123 | RobustPrompt-T Loss 1.6877  
Epoch 037 |  Time(s) 0.0124 | RobustPrompt-T Loss 1.6960  
Epoch 038 |  Time(s) 0.0123 | RobustPrompt-T Loss 1.6390  
Epoch 039 |  Time(s) 0.0124 | RobustPrompt-T Loss 1.6226  
Epoch 040 |  Time(s) 0.0125 | RobustPrompt-T Loss 1.5958  
Epoch 041 |  Time(s) 0.0122 | RobustPrompt-T Loss 1.5559  
Epoch 042 |  Time(s) 0.0118 | RobustPrompt-T Loss 1.5389  
Epoch 043 |  Time(s) 0.0127 | RobustPrompt-T Loss 1.4953  
Epoch 044 |  Time(s) 0.0123 | RobustPrompt-T Loss 1.4719  
Epoch 045 |  Time(s) 0.0129 | RobustPrompt-T Loss 1.4507  
Epoch 046 |  Time(s) 0.0131 | RobustPrompt-T Loss 1.4036  
Epoch 047 |  Time(s) 0.0131 | RobustPrompt-T Loss 1.3777  
Epoch 048 |  Time(s) 0.0130 | RobustPrompt-T Loss 1.3556  
Epoch 049 |  Time(s) 0.0126 | RobustPrompt-T Loss 1.3142  
Epoch 050 |  Time(s) 0.0122 | RobustPrompt-T Loss 1.2876  
Epoch 051 |  Time(s) 0.0130 | RobustPrompt-T Loss 1.2511  
Epoch 052 |  Time(s) 0.0129 | RobustPrompt-T Loss 1.2233  
Epoch 053 |  Time(s) 0.0124 | RobustPrompt-T Loss 1.1888  
Epoch 054 |  Time(s) 0.0125 | RobustPrompt-T Loss 1.1537  
Epoch 055 |  Time(s) 0.0126 | RobustPrompt-T Loss 1.1237  
Epoch 056 |  Time(s) 0.0129 | RobustPrompt-T Loss 1.0970  
Epoch 057 |  Time(s) 0.0132 | RobustPrompt-T Loss 1.0679  
Epoch 058 |  Time(s) 0.0126 | RobustPrompt-T Loss 1.0389  
Epoch 059 |  Time(s) 0.0128 | RobustPrompt-T Loss 0.9672  
Epoch 060 |  Time(s) 0.0128 | RobustPrompt-T Loss 0.9352  
Epoch 061 |  Time(s) 0.0130 | RobustPrompt-T Loss 0.9015  
Epoch 062 |  Time(s) 0.0131 | RobustPrompt-T Loss 0.8732  
Epoch 063 |  Time(s) 0.0125 | RobustPrompt-T Loss 0.8519  
Epoch 064 |  Time(s) 0.0127 | RobustPrompt-T Loss 0.7978  
Epoch 065 |  Time(s) 0.0129 | RobustPrompt-T Loss 0.7518  
Epoch 066 |  Time(s) 0.0130 | RobustPrompt-T Loss 0.7139  
Epoch 067 |  Time(s) 0.0130 | RobustPrompt-T Loss 0.6795  
Epoch 068 |  Time(s) 0.0131 | RobustPrompt-T Loss 0.6519  
Epoch 069 |  Time(s) 0.0126 | RobustPrompt-T Loss 0.6307  
Epoch 070 |  Time(s) 0.0129 | RobustPrompt-T Loss 0.6223  
Epoch 071 |  Time(s) 0.0126 | RobustPrompt-T Loss 0.5498  
Epoch 072 |  Time(s) 0.0129 | RobustPrompt-T Loss 0.5311  
Epoch 073 |  Time(s) 0.0128 | RobustPrompt-T Loss 0.5311  
Epoch 074 |  Time(s) 0.0131 | RobustPrompt-T Loss 0.4865  
Epoch 075 |  Time(s) 0.0131 | RobustPrompt-T Loss 0.4562  
Epoch 076 |  Time(s) 0.0130 | RobustPrompt-T Loss 0.4506  
Epoch 077 |  Time(s) 0.0132 | RobustPrompt-T Loss 0.4199  
Epoch 078 |  Time(s) 0.0129 | RobustPrompt-T Loss 0.3995  
Epoch 079 |  Time(s) 0.0130 | RobustPrompt-T Loss 0.3887  
Epoch 080 |  Time(s) 0.0129 | RobustPrompt-T Loss 0.3673  
Epoch 081 |  Time(s) 0.0132 | RobustPrompt-T Loss 0.3640  
Epoch 082 |  Time(s) 0.0131 | RobustPrompt-T Loss 0.3474  
Epoch 083 |  Time(s) 0.0130 | RobustPrompt-T Loss 0.3277  
Epoch 084 |  Time(s) 0.0128 | RobustPrompt-T Loss 0.3227  
Epoch 085 |  Time(s) 0.0129 | RobustPrompt-T Loss 0.3051  
Epoch 086 |  Time(s) 0.0131 | RobustPrompt-T Loss 0.2894  
Epoch 087 |  Time(s) 0.0127 | RobustPrompt-T Loss 0.2807  
Epoch 088 |  Time(s) 0.0126 | RobustPrompt-T Loss 0.2612  
Epoch 089 |  Time(s) 0.0122 | RobustPrompt-T Loss 0.2535  
Epoch 090 |  Time(s) 0.0121 | RobustPrompt-T Loss 0.2353  
Epoch 091 |  Time(s) 0.0125 | RobustPrompt-T Loss 0.2231  
Epoch 092 |  Time(s) 0.0128 | RobustPrompt-T Loss 0.2072  
Epoch 093 |  Time(s) 0.0128 | RobustPrompt-T Loss 0.1911  
Epoch 094 |  Time(s) 0.0124 | RobustPrompt-T Loss 0.1805  
Epoch 095 |  Time(s) 0.0120 | RobustPrompt-T Loss 0.1936  
Epoch 096 |  Time(s) 0.0122 | RobustPrompt-T Loss 0.2517  
Epoch 097 |  Time(s) 0.0130 | RobustPrompt-T Loss 0.1837  
Epoch 098 |  Time(s) 0.0129 | RobustPrompt-T Loss 0.3828  
Epoch 099 |  Time(s) 0.0129 | RobustPrompt-T Loss 0.4251  
Epoch 100 |  Time(s) 0.0123 | RobustPrompt-T Loss 0.1389  
Epoch 101 |  Time(s) 0.0128 | RobustPrompt-T Loss 0.4787  
Epoch 102 |  Time(s) 0.0129 | RobustPrompt-T Loss 0.7762  
Epoch 103 |  Time(s) 0.0125 | RobustPrompt-T Loss 0.3838  
Epoch 104 |  Time(s) 0.0126 | RobustPrompt-T Loss 0.1471  
Epoch 105 |  Time(s) 0.0125 | RobustPrompt-T Loss 0.3783  
Epoch 106 |  Time(s) 0.0127 | RobustPrompt-T Loss 0.4253  
Epoch 107 |  Time(s) 0.0128 | RobustPrompt-T Loss 0.1788  
Epoch 108 |  Time(s) 0.0124 | RobustPrompt-T Loss 0.1622  
Epoch 109 |  Time(s) 0.0128 | RobustPrompt-T Loss 0.2101  
Epoch 110 |  Time(s) 0.0123 | RobustPrompt-T Loss 0.2193  
Epoch 111 |  Time(s) 0.0125 | RobustPrompt-T Loss 0.1588  
Epoch 112 |  Time(s) 0.0125 | RobustPrompt-T Loss 0.3278  
Epoch 113 |  Time(s) 0.0128 | RobustPrompt-T Loss 0.3720  
Epoch 114 |  Time(s) 0.0128 | RobustPrompt-T Loss 0.1262  
Epoch 115 |  Time(s) 0.0125 | RobustPrompt-T Loss 0.1922  
Epoch 116 |  Time(s) 0.0126 | RobustPrompt-T Loss 0.1259  
Epoch 117 |  Time(s) 0.0128 | RobustPrompt-T Loss 0.2300  
Epoch 118 |  Time(s) 0.0126 | RobustPrompt-T Loss 0.2042  
Epoch 119 |  Time(s) 0.0127 | RobustPrompt-T Loss 0.1261  
Epoch 120 |  Time(s) 0.0128 | RobustPrompt-T Loss 0.1518  
Epoch 121 |  Time(s) 0.0126 | RobustPrompt-T Loss 0.1162  
Epoch 122 |  Time(s) 0.0125 | RobustPrompt-T Loss 0.1572  
Epoch 123 |  Time(s) 0.0124 | RobustPrompt-T Loss 0.1281  
Epoch 124 |  Time(s) 0.0127 | RobustPrompt-T Loss 0.1637  
Epoch 125 |  Time(s) 0.0128 | RobustPrompt-T Loss 0.1726  
Epoch 126 |  Time(s) 0.0125 | RobustPrompt-T Loss 0.0931  
Epoch 127 |  Time(s) 0.0127 | RobustPrompt-T Loss 0.1382  
Epoch 128 |  Time(s) 0.0128 | RobustPrompt-T Loss 0.1123  
Epoch 129 |  Time(s) 0.0125 | RobustPrompt-T Loss 0.0984  
Epoch 130 |  Time(s) 0.0126 | RobustPrompt-T Loss 0.0946  
Epoch 131 |  Time(s) 0.0128 | RobustPrompt-T Loss 0.0819  
Epoch 132 |  Time(s) 0.0126 | RobustPrompt-T Loss 0.0949  
Epoch 133 |  Time(s) 0.0128 | RobustPrompt-T Loss 0.0703  
Epoch 134 |  Time(s) 0.0128 | RobustPrompt-T Loss 0.0928  
Epoch 135 |  Time(s) 0.0124 | RobustPrompt-T Loss 0.0599  
Epoch 136 |  Time(s) 0.0127 | RobustPrompt-T Loss 0.0740  
Epoch 137 |  Time(s) 0.0128 | RobustPrompt-T Loss 0.0580  
Epoch 138 |  Time(s) 0.0129 | RobustPrompt-T Loss 0.0568  
Epoch 139 |  Time(s) 0.0125 | RobustPrompt-T Loss 0.0627  
Epoch 140 |  Time(s) 0.0126 | RobustPrompt-T Loss 0.0511  
Epoch 141 |  Time(s) 0.0129 | RobustPrompt-T Loss 0.0579  
Epoch 142 |  Time(s) 0.0125 | RobustPrompt-T Loss 0.0539  
Epoch 143 |  Time(s) 0.0127 | RobustPrompt-T Loss 0.0547  
Epoch 144 |  Time(s) 0.0128 | RobustPrompt-T Loss 0.0472  
Epoch 145 |  Time(s) 0.0127 | RobustPrompt-T Loss 0.0466  
Epoch 146 |  Time(s) 0.0127 | RobustPrompt-T Loss 0.0512  
Epoch 147 |  Time(s) 0.0127 | RobustPrompt-T Loss 0.0425  
Epoch 148 |  Time(s) 0.0125 | RobustPrompt-T Loss 0.0437  
Epoch 149 |  Time(s) 0.0127 | RobustPrompt-T Loss 0.0424  
Epoch 150 |  Time(s) 0.0127 | RobustPrompt-T Loss 0.0401  
Epoch 151 |  Time(s) 0.0126 | RobustPrompt-T Loss 0.0418  
Epoch 152 |  Time(s) 0.0127 | RobustPrompt-T Loss 0.0375  
Epoch 153 |  Time(s) 0.0128 | RobustPrompt-T Loss 0.0392  
Epoch 154 |  Time(s) 0.0125 | RobustPrompt-T Loss 0.0375  
Epoch 155 |  Time(s) 0.0128 | RobustPrompt-T Loss 0.0368  
Epoch 156 |  Time(s) 0.0128 | RobustPrompt-T Loss 0.0375  
Epoch 157 |  Time(s) 0.0125 | RobustPrompt-T Loss 0.0341  
Epoch 158 |  Time(s) 0.0127 | RobustPrompt-T Loss 0.0448  
Epoch 159 |  Time(s) 0.0124 | RobustPrompt-T Loss 0.0477  
Epoch 160 |  Time(s) 0.0127 | RobustPrompt-T Loss 0.0427  
Epoch 161 |  Time(s) 0.0128 | RobustPrompt-T Loss 0.0375  
Epoch 162 |  Time(s) 0.0124 | RobustPrompt-T Loss 0.0415  
Epoch 163 |  Time(s) 0.0128 | RobustPrompt-T Loss 0.0343  
Epoch 164 |  Time(s) 0.0128 | RobustPrompt-T Loss 0.0364  
Epoch 165 |  Time(s) 0.0129 | RobustPrompt-T Loss 0.0425  
Epoch 166 |  Time(s) 0.0124 | RobustPrompt-T Loss 0.0311  
Epoch 167 |  Time(s) 0.0125 | RobustPrompt-T Loss 0.0337  
Epoch 168 |  Time(s) 0.0127 | RobustPrompt-T Loss 0.0332  
Epoch 169 |  Time(s) 0.0126 | RobustPrompt-T Loss 0.0335  
Epoch 170 |  Time(s) 0.0128 | RobustPrompt-T Loss 0.0312  
Epoch 171 |  Time(s) 0.0130 | RobustPrompt-T Loss 0.0302  
Epoch 172 |  Time(s) 0.0130 | RobustPrompt-T Loss 0.0413  
Epoch 173 |  Time(s) 0.0126 | RobustPrompt-T Loss 0.0500  
Epoch 174 |  Time(s) 0.0126 | RobustPrompt-T Loss 0.0421  
Epoch 175 |  Time(s) 0.0125 | RobustPrompt-T Loss 0.0332  
Epoch 176 |  Time(s) 0.0129 | RobustPrompt-T Loss 0.0376  
Epoch 177 |  Time(s) 0.0129 | RobustPrompt-T Loss 0.0301  
Epoch 178 |  Time(s) 0.0128 | RobustPrompt-T Loss 0.0584  
Epoch 179 |  Time(s) 0.0129 | RobustPrompt-T Loss 0.0822  
Epoch 180 |  Time(s) 0.0125 | RobustPrompt-T Loss 0.0523  
Epoch 181 |  Time(s) 0.0129 | RobustPrompt-T Loss 0.2354  
Epoch 182 |  Time(s) 0.0128 | RobustPrompt-T Loss 0.2705  
Epoch 183 |  Time(s) 0.0128 | RobustPrompt-T Loss 0.0357  
Epoch 184 |  Time(s) 0.0124 | RobustPrompt-T Loss 0.1053  
Epoch 185 |  Time(s) 0.0128 | RobustPrompt-T Loss 0.0533  
Epoch 186 |  Time(s) 0.0129 | RobustPrompt-T Loss 0.1752  
Epoch 187 |  Time(s) 0.0128 | RobustPrompt-T Loss 0.1687  
Epoch 188 |  Time(s) 0.0126 | RobustPrompt-T Loss 0.0834  
Epoch 189 |  Time(s) 0.0128 | RobustPrompt-T Loss 0.1151  
Epoch 190 |  Time(s) 0.0130 | RobustPrompt-T Loss 0.0929  
Epoch 191 |  Time(s) 0.0129 | RobustPrompt-T Loss 0.1152  
Epoch 192 |  Time(s) 0.0129 | RobustPrompt-T Loss 0.0992  
Epoch 193 |  Time(s) 0.0125 | RobustPrompt-T Loss 0.1025  
Epoch 194 |  Time(s) 0.0127 | RobustPrompt-T Loss 0.0534  
Epoch 195 |  Time(s) 0.0128 | RobustPrompt-T Loss 0.1806  
Epoch 196 |  Time(s) 0.0131 | RobustPrompt-T Loss 0.0879  
----------------------------------------------------------------------------------------------------
Early stopping at 197 eopch!
Final True Accuracy: 0.1873 | Macro F1 Score: 0.1580
Edge Detection Detail | source=filter_module | active=0 | n_edges=5835 | n_pos=610 | n_neg=5225 | pos_rate=0.1045 | pred_pos=5738 | pred_pos_rate=0.9834 | tp=610 | fp=5128 | fn=0 | tn=97 | precision=0.1063 | recall=1.0000 | f1=0.1922 | auc=0.8623 | ap=0.3969 | best_f1=0.5558 | best_threshold=0.9600 | best_precision=0.4452 | best_recall=0.7393 | best_pred_pos_rate=0.1736 | precision_at_k_pos=0.4984 | recall_at_k_pos=0.4984 | all_positive_f1=0.1893 | current_f1_minus_all_positive_f1=0.0029 | hard_mask_all_positive_like=0 | mode=original
Edge Detection Detail | source=tau_tune | active=1 | n_edges=5835 | n_pos=610 | n_neg=5225 | pos_rate=0.1045 | pred_pos=41 | pred_pos_rate=0.0070 | tp=25 | fp=16 | fn=585 | tn=5209 | precision=0.6098 | recall=0.0410 | f1=0.0768 | auc=0.7003 | ap=0.2551 | best_f1=0.2936 | best_threshold=0.0903 | best_precision=0.2691 | best_recall=0.3230 | best_pred_pos_rate=0.1254 | precision_at_k_pos=0.2803 | recall_at_k_pos=0.2803 | all_positive_f1=0.1893 | current_f1_minus_all_positive_f1=-0.1125 | hard_mask_all_positive_like=0
Tip Detection | tip=sim_pt | active=0 | node_precision=0.0000 | node_recall=0.0000 | node_f1=0.0000 | edge_precision=0.0000 | edge_recall=0.0000 | edge_f1=0.0000 | edge_auc=0.5000 | node_tp=0 | node_fp=0 | node_fn=443 | edge_tp=0 | edge_fp=0 | edge_fn=610
Edge Detection Detail | source=sim_pt | active=0 | n_edges=5835 | n_pos=610 | n_neg=5225 | pos_rate=0.1045 | pred_pos=0 | pred_pos_rate=0.0000 | tp=0 | fp=0 | fn=610 | tn=5225 | precision=0.0000 | recall=0.0000 | f1=0.0000 | auc=0.5000 | ap=0.1045 | best_f1=nan | best_threshold=nan | best_precision=nan | best_recall=nan | best_pred_pos_rate=nan | precision_at_k_pos=nan | recall_at_k_pos=nan | all_positive_f1=0.1893 | current_f1_minus_all_positive_f1=-0.1893 | hard_mask_all_positive_like=0
Tip Detection | tip=degree_pt | active=1 | node_precision=0.0000 | node_recall=0.0000 | node_f1=0.0000 | edge_precision=0.0000 | edge_recall=0.0000 | edge_f1=0.0000 | edge_auc=0.5000 | node_tp=0 | node_fp=0 | node_fn=443 | edge_tp=0 | edge_fp=0 | edge_fn=610
Edge Detection Detail | source=degree_pt | active=1 | n_edges=5835 | n_pos=610 | n_neg=5225 | pos_rate=0.1045 | pred_pos=0 | pred_pos_rate=0.0000 | tp=0 | fp=0 | fn=610 | tn=5225 | precision=0.0000 | recall=0.0000 | f1=0.0000 | auc=0.5000 | ap=0.1045 | best_f1=nan | best_threshold=nan | best_precision=nan | best_recall=nan | best_pred_pos_rate=nan | precision_at_k_pos=nan | recall_at_k_pos=nan | all_positive_f1=0.1893 | current_f1_minus_all_positive_f1=-0.1893 | hard_mask_all_positive_like=0
Tip Detection | tip=out_detect_pt | active=1 | node_precision=0.1640 | node_recall=1.0000 | node_f1=0.2817 | edge_precision=0.1045 | edge_recall=1.0000 | edge_f1=0.1893 | edge_auc=0.5000 | node_tp=443 | node_fp=2259 | node_fn=0 | edge_tp=610 | edge_fp=5225 | edge_fn=0
Edge Detection Detail | source=out_detect_pt | active=1 | n_edges=5835 | n_pos=610 | n_neg=5225 | pos_rate=0.1045 | pred_pos=5739 | pred_pos_rate=0.9835 | tp=610 | fp=5129 | fn=0 | tn=96 | precision=0.1063 | recall=1.0000 | f1=0.1922 | auc=0.8623 | ap=0.3969 | best_f1=0.5558 | best_threshold=0.9600 | best_precision=0.4452 | best_recall=0.7393 | best_pred_pos_rate=0.1736 | precision_at_k_pos=0.4984 | recall_at_k_pos=0.4984 | all_positive_f1=0.1893 | current_f1_minus_all_positive_f1=0.0029 | hard_mask_all_positive_like=0
best_loss [tensor(0.0600, device='cuda:0', grad_fn=<AddBackward0>)]
load LLC or attacked data with specified split
Successfully loaded the attack of dataname with few shot 5, split 1
Attack method : Meta_Self | Attack ptb : 0.1 | Dataset: Cora
======================
Number of graphs: 1
Number of features: 1433
Number of classes: 7

Data(x=[2708, 1433], edge_index=[2, 14378], y=[2708], train_mask=[2708], val_mask=[2708], test_mask=[2708])
===========================================================================================================
Number of nodes: 2708
Number of edges: 14378
Average node degree: 5.31
Has isolated nodes: False
Has self-loops: True
Is undirected: True
Pollution Diff | added_edges=610 | deleted_edges=53 | clean_edges=5278 | attack_edges=5835
GCN(
  (conv_layers): ModuleList(
    (0): GCNConv(1433, 256)
    (1): GCNConv(256, 256)
  )
)
Successfully loaded pre-trained weights!
use RobustPrompt Tranductive
defense pt dict :  {'sim_pt': -1.0, 'degree_pt': 1, 'out_detect_pt': 0.5, 'other_pt': 'all'}
use_attention :  False
cosine_constraint :  True
pt_threshold :  0.5
filter_module :  OriginalFilter
temperature :  1.0
weight_mse 0.1
weight_kl :  0.3
weight_constraint :  0.2
run RobustPrompt-T
Epoch 001 |  Time(s) 0.0129 | RobustPrompt-T Loss 1.9480  
Epoch 002 |  Time(s) 0.0128 | RobustPrompt-T Loss 1.9597  
Epoch 003 |  Time(s) 0.0130 | RobustPrompt-T Loss 1.9299  
Epoch 004 |  Time(s) 0.0130 | RobustPrompt-T Loss 1.9274  
Epoch 005 |  Time(s) 0.0128 | RobustPrompt-T Loss 1.9314  
Epoch 006 |  Time(s) 0.0131 | RobustPrompt-T Loss 1.9174  
Epoch 007 |  Time(s) 0.0130 | RobustPrompt-T Loss 1.9220  
Epoch 008 |  Time(s) 0.0129 | RobustPrompt-T Loss 1.9094  
Epoch 009 |  Time(s) 0.0130 | RobustPrompt-T Loss 1.9105  
Epoch 010 |  Time(s) 0.0130 | RobustPrompt-T Loss 1.9017  
Epoch 011 |  Time(s) 0.0128 | RobustPrompt-T Loss 1.8953  
Epoch 012 |  Time(s) 0.0127 | RobustPrompt-T Loss 1.9041  
Epoch 013 |  Time(s) 0.0126 | RobustPrompt-T Loss 1.8903  
Epoch 014 |  Time(s) 0.0126 | RobustPrompt-T Loss 1.8722  
Epoch 015 |  Time(s) 0.0126 | RobustPrompt-T Loss 1.8674  
Epoch 016 |  Time(s) 0.0129 | RobustPrompt-T Loss 1.9292  
Epoch 017 |  Time(s) 0.0130 | RobustPrompt-T Loss 1.9090  
Epoch 018 |  Time(s) 0.0130 | RobustPrompt-T Loss 1.8363  
Epoch 019 |  Time(s) 0.0130 | RobustPrompt-T Loss 1.8971  
Epoch 020 |  Time(s) 0.0131 | RobustPrompt-T Loss 1.8245  
Epoch 021 |  Time(s) 0.0129 | RobustPrompt-T Loss 1.8741  
Epoch 022 |  Time(s) 0.0131 | RobustPrompt-T Loss 1.8045  
Epoch 023 |  Time(s) 0.0129 | RobustPrompt-T Loss 1.8556  
Epoch 024 |  Time(s) 0.0130 | RobustPrompt-T Loss 1.7813  
Epoch 025 |  Time(s) 0.0130 | RobustPrompt-T Loss 1.8086  
Epoch 026 |  Time(s) 0.0130 | RobustPrompt-T Loss 1.7684  
Epoch 027 |  Time(s) 0.0130 | RobustPrompt-T Loss 1.7380  
Epoch 028 |  Time(s) 0.0130 | RobustPrompt-T Loss 1.7515  
Epoch 029 |  Time(s) 0.0130 | RobustPrompt-T Loss 1.6767  
Epoch 030 |  Time(s) 0.0130 | RobustPrompt-T Loss 1.6735  
Epoch 031 |  Time(s) 0.0129 | RobustPrompt-T Loss 1.7159  
Epoch 032 |  Time(s) 0.0131 | RobustPrompt-T Loss 1.5737  
Epoch 033 |  Time(s) 0.0130 | RobustPrompt-T Loss 1.8248  
Epoch 034 |  Time(s) 0.0130 | RobustPrompt-T Loss 1.6582  
Epoch 035 |  Time(s) 0.0130 | RobustPrompt-T Loss 1.6489  
Epoch 036 |  Time(s) 0.0129 | RobustPrompt-T Loss 1.6595  
Epoch 037 |  Time(s) 0.0131 | RobustPrompt-T Loss 1.4901  
Epoch 038 |  Time(s) 0.0129 | RobustPrompt-T Loss 1.5241  
Epoch 039 |  Time(s) 0.0130 | RobustPrompt-T Loss 1.5834  
Epoch 040 |  Time(s) 0.0126 | RobustPrompt-T Loss 1.3902  
Epoch 041 |  Time(s) 0.0128 | RobustPrompt-T Loss 1.5802  
Epoch 042 |  Time(s) 0.0129 | RobustPrompt-T Loss 1.6707  
Epoch 043 |  Time(s) 0.0129 | RobustPrompt-T Loss 1.4667  
Epoch 044 |  Time(s) 0.0130 | RobustPrompt-T Loss 1.2756  
Epoch 045 |  Time(s) 0.0129 | RobustPrompt-T Loss 1.3183  
Epoch 046 |  Time(s) 0.0131 | RobustPrompt-T Loss 1.3541  
Epoch 047 |  Time(s) 0.0124 | RobustPrompt-T Loss 1.4752  
Epoch 048 |  Time(s) 0.0126 | RobustPrompt-T Loss 1.3110  
Epoch 049 |  Time(s) 0.0131 | RobustPrompt-T Loss 1.2294  
Epoch 050 |  Time(s) 0.0129 | RobustPrompt-T Loss 1.2012  
Epoch 051 |  Time(s) 0.0128 | RobustPrompt-T Loss 1.1395  
Epoch 052 |  Time(s) 0.0130 | RobustPrompt-T Loss 1.1352  
Epoch 053 |  Time(s) 0.0130 | RobustPrompt-T Loss 1.2105  
Epoch 054 |  Time(s) 0.0130 | RobustPrompt-T Loss 1.1729  
Epoch 055 |  Time(s) 0.0130 | RobustPrompt-T Loss 1.1039  
Epoch 056 |  Time(s) 0.0130 | RobustPrompt-T Loss 1.0727  
Epoch 057 |  Time(s) 0.0131 | RobustPrompt-T Loss 1.0780  
Epoch 058 |  Time(s) 0.0130 | RobustPrompt-T Loss 1.0455  
Epoch 059 |  Time(s) 0.0130 | RobustPrompt-T Loss 1.0566  
Epoch 060 |  Time(s) 0.0131 | RobustPrompt-T Loss 1.0345  
Epoch 061 |  Time(s) 0.0130 | RobustPrompt-T Loss 0.9936  
Epoch 062 |  Time(s) 0.0129 | RobustPrompt-T Loss 0.9667  
Epoch 063 |  Time(s) 0.0130 | RobustPrompt-T Loss 0.9900  
Epoch 064 |  Time(s) 0.0130 | RobustPrompt-T Loss 0.9606  
Epoch 065 |  Time(s) 0.0131 | RobustPrompt-T Loss 0.9235  
Epoch 066 |  Time(s) 0.0130 | RobustPrompt-T Loss 0.8993  
Epoch 067 |  Time(s) 0.0130 | RobustPrompt-T Loss 0.9234  
Epoch 068 |  Time(s) 0.0130 | RobustPrompt-T Loss 0.9001  
Epoch 069 |  Time(s) 0.0130 | RobustPrompt-T Loss 0.8800  
Epoch 070 |  Time(s) 0.0130 | RobustPrompt-T Loss 0.8492  
Epoch 071 |  Time(s) 0.0130 | RobustPrompt-T Loss 0.8640  
Epoch 072 |  Time(s) 0.0131 | RobustPrompt-T Loss 0.8426  
Epoch 073 |  Time(s) 0.0130 | RobustPrompt-T Loss 0.8239  
Epoch 074 |  Time(s) 0.0130 | RobustPrompt-T Loss 0.8010  
Epoch 075 |  Time(s) 0.0129 | RobustPrompt-T Loss 0.8217  
Epoch 076 |  Time(s) 0.0131 | RobustPrompt-T Loss 0.8022  
Epoch 077 |  Time(s) 0.0131 | RobustPrompt-T Loss 0.7695  
Epoch 078 |  Time(s) 0.0129 | RobustPrompt-T Loss 0.7454  
Epoch 079 |  Time(s) 0.0130 | RobustPrompt-T Loss 0.7818  
Epoch 080 |  Time(s) 0.0130 | RobustPrompt-T Loss 0.7616  
Epoch 081 |  Time(s) 0.0130 | RobustPrompt-T Loss 0.7319  
Epoch 082 |  Time(s) 0.0131 | RobustPrompt-T Loss 0.7099  
Epoch 083 |  Time(s) 0.0130 | RobustPrompt-T Loss 0.7467  
Epoch 084 |  Time(s) 0.0130 | RobustPrompt-T Loss 0.7292  
Epoch 085 |  Time(s) 0.0131 | RobustPrompt-T Loss 0.6821  
Epoch 086 |  Time(s) 0.0129 | RobustPrompt-T Loss 0.6693  
Epoch 087 |  Time(s) 0.0130 | RobustPrompt-T Loss 0.7078  
Epoch 088 |  Time(s) 0.0128 | RobustPrompt-T Loss 0.6880  
Epoch 089 |  Time(s) 0.0127 | RobustPrompt-T Loss 0.6437  
Epoch 090 |  Time(s) 0.0127 | RobustPrompt-T Loss 0.6296  
Epoch 091 |  Time(s) 0.0126 | RobustPrompt-T Loss 0.6698  
Epoch 092 |  Time(s) 0.0131 | RobustPrompt-T Loss 0.6517  
Epoch 093 |  Time(s) 0.0132 | RobustPrompt-T Loss 0.6182  
Epoch 094 |  Time(s) 0.0130 | RobustPrompt-T Loss 0.5966  
Epoch 095 |  Time(s) 0.0129 | RobustPrompt-T Loss 0.6385  
Epoch 096 |  Time(s) 0.0130 | RobustPrompt-T Loss 0.6189  
Epoch 097 |  Time(s) 0.0130 | RobustPrompt-T Loss 0.5873  
Epoch 098 |  Time(s) 0.0131 | RobustPrompt-T Loss 0.5670  
Epoch 099 |  Time(s) 0.0129 | RobustPrompt-T Loss 0.6113  
Epoch 100 |  Time(s) 0.0129 | RobustPrompt-T Loss 0.5855  
Epoch 101 |  Time(s) 0.0132 | RobustPrompt-T Loss 0.5677  
Epoch 102 |  Time(s) 0.0130 | RobustPrompt-T Loss 0.5458  
Epoch 103 |  Time(s) 0.0130 | RobustPrompt-T Loss 0.5867  
Epoch 104 |  Time(s) 0.0130 | RobustPrompt-T Loss 0.5644  
Epoch 105 |  Time(s) 0.0130 | RobustPrompt-T Loss 0.5417  
Epoch 106 |  Time(s) 0.0130 | RobustPrompt-T Loss 0.5223  
Epoch 107 |  Time(s) 0.0130 | RobustPrompt-T Loss 0.5626  
Epoch 108 |  Time(s) 0.0134 | RobustPrompt-T Loss 0.5409  
Epoch 109 |  Time(s) 0.0128 | RobustPrompt-T Loss 0.5155  
Epoch 110 |  Time(s) 0.0129 | RobustPrompt-T Loss 0.4992  
Epoch 111 |  Time(s) 0.0127 | RobustPrompt-T Loss 0.5372  
Epoch 112 |  Time(s) 0.0124 | RobustPrompt-T Loss 0.5198  
Epoch 113 |  Time(s) 0.0125 | RobustPrompt-T Loss 0.4941  
Epoch 114 |  Time(s) 0.0130 | RobustPrompt-T Loss 0.4769  
Epoch 115 |  Time(s) 0.0127 | RobustPrompt-T Loss 0.5174  
Epoch 116 |  Time(s) 0.0128 | RobustPrompt-T Loss 0.5007  
Epoch 117 |  Time(s) 0.0127 | RobustPrompt-T Loss 0.4710  
Epoch 118 |  Time(s) 0.0128 | RobustPrompt-T Loss 0.4565  
Epoch 119 |  Time(s) 0.0124 | RobustPrompt-T Loss 0.4997  
Epoch 120 |  Time(s) 0.0126 | RobustPrompt-T Loss 0.4819  
Epoch 121 |  Time(s) 0.0124 | RobustPrompt-T Loss 0.4503  
Epoch 122 |  Time(s) 0.0132 | RobustPrompt-T Loss 0.4357  
Epoch 123 |  Time(s) 0.0122 | RobustPrompt-T Loss 0.4859  
Epoch 124 |  Time(s) 0.0126 | RobustPrompt-T Loss 0.4616  
Epoch 125 |  Time(s) 0.0126 | RobustPrompt-T Loss 0.4382  
Epoch 126 |  Time(s) 0.0135 | RobustPrompt-T Loss 0.4235  
Epoch 127 |  Time(s) 0.0123 | RobustPrompt-T Loss 0.4610  
Epoch 128 |  Time(s) 0.0127 | RobustPrompt-T Loss 0.4408  
Epoch 129 |  Time(s) 0.0127 | RobustPrompt-T Loss 0.4180  
Epoch 130 |  Time(s) 0.0124 | RobustPrompt-T Loss 0.4052  
Epoch 131 |  Time(s) 0.0123 | RobustPrompt-T Loss 0.4398  
Epoch 132 |  Time(s) 0.0122 | RobustPrompt-T Loss 0.4182  
Epoch 133 |  Time(s) 0.0126 | RobustPrompt-T Loss 0.4111  
Epoch 134 |  Time(s) 0.0118 | RobustPrompt-T Loss 0.3970  
Epoch 135 |  Time(s) 0.0121 | RobustPrompt-T Loss 0.4172  
Epoch 136 |  Time(s) 0.0125 | RobustPrompt-T Loss 0.3966  
Epoch 137 |  Time(s) 0.0126 | RobustPrompt-T Loss 0.3923  
Epoch 138 |  Time(s) 0.0126 | RobustPrompt-T Loss 0.3782  
Epoch 139 |  Time(s) 0.0125 | RobustPrompt-T Loss 0.3991  
Epoch 140 |  Time(s) 0.0126 | RobustPrompt-T Loss 0.3791  
Epoch 141 |  Time(s) 0.0128 | RobustPrompt-T Loss 0.3871  
Epoch 142 |  Time(s) 0.0131 | RobustPrompt-T Loss 0.3625  
Epoch 143 |  Time(s) 0.0129 | RobustPrompt-T Loss 0.3800  
Epoch 144 |  Time(s) 0.0130 | RobustPrompt-T Loss 0.3651  
Epoch 145 |  Time(s) 0.0129 | RobustPrompt-T Loss 0.3657  
Epoch 146 |  Time(s) 0.0130 | RobustPrompt-T Loss 0.3519  
Epoch 147 |  Time(s) 0.0130 | RobustPrompt-T Loss 0.3652  
Epoch 148 |  Time(s) 0.0130 | RobustPrompt-T Loss 0.3568  
Epoch 149 |  Time(s) 0.0131 | RobustPrompt-T Loss 0.3385  
Epoch 150 |  Time(s) 0.0130 | RobustPrompt-T Loss 0.3295  
Epoch 151 |  Time(s) 0.0130 | RobustPrompt-T Loss 0.3555  
Epoch 152 |  Time(s) 0.0130 | RobustPrompt-T Loss 0.3457  
Epoch 153 |  Time(s) 0.0130 | RobustPrompt-T Loss 0.3176  
Epoch 154 |  Time(s) 0.0131 | RobustPrompt-T Loss 0.3083  
Epoch 155 |  Time(s) 0.0129 | RobustPrompt-T Loss 0.3453  
Epoch 156 |  Time(s) 0.0130 | RobustPrompt-T Loss 0.3320  
Epoch 157 |  Time(s) 0.0130 | RobustPrompt-T Loss 0.2993  
Epoch 158 |  Time(s) 0.0130 | RobustPrompt-T Loss 0.2899  
Epoch 159 |  Time(s) 0.0129 | RobustPrompt-T Loss 0.3313  
Epoch 160 |  Time(s) 0.0130 | RobustPrompt-T Loss 0.3145  
Epoch 161 |  Time(s) 0.0131 | RobustPrompt-T Loss 0.2905  
Epoch 162 |  Time(s) 0.0129 | RobustPrompt-T Loss 0.2753  
Epoch 163 |  Time(s) 0.0131 | RobustPrompt-T Loss 0.3144  
Epoch 164 |  Time(s) 0.0129 | RobustPrompt-T Loss 0.2949  
Epoch 165 |  Time(s) 0.0130 | RobustPrompt-T Loss 0.2734  
Epoch 166 |  Time(s) 0.0129 | RobustPrompt-T Loss 0.2604  
Epoch 167 |  Time(s) 0.0127 | RobustPrompt-T Loss 0.2904  
Epoch 168 |  Time(s) 0.0126 | RobustPrompt-T Loss 0.2805  
Epoch 169 |  Time(s) 0.0127 | RobustPrompt-T Loss 0.2494  
Epoch 170 |  Time(s) 0.0127 | RobustPrompt-T Loss 0.2415  
Epoch 171 |  Time(s) 0.0131 | RobustPrompt-T Loss 0.2739  
Epoch 172 |  Time(s) 0.0131 | RobustPrompt-T Loss 0.2599  
Epoch 173 |  Time(s) 0.0130 | RobustPrompt-T Loss 0.2293  
Epoch 174 |  Time(s) 0.0130 | RobustPrompt-T Loss 0.2156  
Epoch 175 |  Time(s) 0.0129 | RobustPrompt-T Loss 0.2497  
Epoch 176 |  Time(s) 0.0131 | RobustPrompt-T Loss 0.2413  
Epoch 177 |  Time(s) 0.0131 | RobustPrompt-T Loss 0.2038  
Epoch 178 |  Time(s) 0.0130 | RobustPrompt-T Loss 0.2002  
Epoch 179 |  Time(s) 0.0130 | RobustPrompt-T Loss 0.2554  
Epoch 180 |  Time(s) 0.0130 | RobustPrompt-T Loss 0.2222  
Epoch 181 |  Time(s) 0.0130 | RobustPrompt-T Loss 0.1819  
Epoch 182 |  Time(s) 0.0130 | RobustPrompt-T Loss 0.1748  
Epoch 183 |  Time(s) 0.0130 | RobustPrompt-T Loss 0.2207  
Epoch 184 |  Time(s) 0.0130 | RobustPrompt-T Loss 0.2142  
Epoch 185 |  Time(s) 0.0130 | RobustPrompt-T Loss 0.1647  
Epoch 186 |  Time(s) 0.0129 | RobustPrompt-T Loss 0.2311  
Epoch 187 |  Time(s) 0.0130 | RobustPrompt-T Loss 0.1573  
Epoch 188 |  Time(s) 0.0130 | RobustPrompt-T Loss 0.1744  
Epoch 189 |  Time(s) 0.0130 | RobustPrompt-T Loss 0.1441  
Epoch 190 |  Time(s) 0.0130 | RobustPrompt-T Loss 0.1293  
Epoch 191 |  Time(s) 0.0130 | RobustPrompt-T Loss 0.1506  
Epoch 192 |  Time(s) 0.0130 | RobustPrompt-T Loss 0.1518  
Epoch 193 |  Time(s) 0.0131 | RobustPrompt-T Loss 0.1605  
Epoch 194 |  Time(s) 0.0130 | RobustPrompt-T Loss 0.1404  
Epoch 195 |  Time(s) 0.0130 | RobustPrompt-T Loss 0.2741  
Epoch 196 |  Time(s) 0.0130 | RobustPrompt-T Loss 0.3012  
Epoch 197 |  Time(s) 0.0130 | RobustPrompt-T Loss 0.1006  
Epoch 198 |  Time(s) 0.0129 | RobustPrompt-T Loss 0.1793  
Epoch 199 |  Time(s) 0.0130 | RobustPrompt-T Loss 0.1259  
Epoch 200 |  Time(s) 0.0132 | RobustPrompt-T Loss 0.3036  
Final True Accuracy: 0.1262 | Macro F1 Score: 0.1190
Edge Detection Detail | source=filter_module | active=0 | n_edges=5835 | n_pos=610 | n_neg=5225 | pos_rate=0.1045 | pred_pos=5738 | pred_pos_rate=0.9834 | tp=610 | fp=5128 | fn=0 | tn=97 | precision=0.1063 | recall=1.0000 | f1=0.1922 | auc=0.8623 | ap=0.3969 | best_f1=0.5558 | best_threshold=0.9600 | best_precision=0.4452 | best_recall=0.7393 | best_pred_pos_rate=0.1736 | precision_at_k_pos=0.4984 | recall_at_k_pos=0.4984 | all_positive_f1=0.1893 | current_f1_minus_all_positive_f1=0.0029 | hard_mask_all_positive_like=0 | mode=original
Edge Detection Detail | source=tau_tune | active=1 | n_edges=5835 | n_pos=610 | n_neg=5225 | pos_rate=0.1045 | pred_pos=44 | pred_pos_rate=0.0075 | tp=22 | fp=22 | fn=588 | tn=5203 | precision=0.5000 | recall=0.0361 | f1=0.0673 | auc=0.6625 | ap=0.2224 | best_f1=0.2715 | best_threshold=0.0970 | best_precision=0.2742 | best_recall=0.2689 | best_pred_pos_rate=0.1025 | precision_at_k_pos=0.2689 | recall_at_k_pos=0.2689 | all_positive_f1=0.1893 | current_f1_minus_all_positive_f1=-0.1220 | hard_mask_all_positive_like=0
Tip Detection | tip=sim_pt | active=0 | node_precision=0.0000 | node_recall=0.0000 | node_f1=0.0000 | edge_precision=0.0000 | edge_recall=0.0000 | edge_f1=0.0000 | edge_auc=0.5000 | node_tp=0 | node_fp=0 | node_fn=443 | edge_tp=0 | edge_fp=0 | edge_fn=610
Edge Detection Detail | source=sim_pt | active=0 | n_edges=5835 | n_pos=610 | n_neg=5225 | pos_rate=0.1045 | pred_pos=0 | pred_pos_rate=0.0000 | tp=0 | fp=0 | fn=610 | tn=5225 | precision=0.0000 | recall=0.0000 | f1=0.0000 | auc=0.5000 | ap=0.1045 | best_f1=nan | best_threshold=nan | best_precision=nan | best_recall=nan | best_pred_pos_rate=nan | precision_at_k_pos=nan | recall_at_k_pos=nan | all_positive_f1=0.1893 | current_f1_minus_all_positive_f1=-0.1893 | hard_mask_all_positive_like=0
Tip Detection | tip=degree_pt | active=1 | node_precision=0.0000 | node_recall=0.0000 | node_f1=0.0000 | edge_precision=0.0000 | edge_recall=0.0000 | edge_f1=0.0000 | edge_auc=0.5000 | node_tp=0 | node_fp=0 | node_fn=443 | edge_tp=0 | edge_fp=0 | edge_fn=610
Edge Detection Detail | source=degree_pt | active=1 | n_edges=5835 | n_pos=610 | n_neg=5225 | pos_rate=0.1045 | pred_pos=0 | pred_pos_rate=0.0000 | tp=0 | fp=0 | fn=610 | tn=5225 | precision=0.0000 | recall=0.0000 | f1=0.0000 | auc=0.5000 | ap=0.1045 | best_f1=nan | best_threshold=nan | best_precision=nan | best_recall=nan | best_pred_pos_rate=nan | precision_at_k_pos=nan | recall_at_k_pos=nan | all_positive_f1=0.1893 | current_f1_minus_all_positive_f1=-0.1893 | hard_mask_all_positive_like=0
Tip Detection | tip=out_detect_pt | active=1 | node_precision=0.1640 | node_recall=1.0000 | node_f1=0.2817 | edge_precision=0.1045 | edge_recall=1.0000 | edge_f1=0.1893 | edge_auc=0.5000 | node_tp=443 | node_fp=2259 | node_fn=0 | edge_tp=610 | edge_fp=5225 | edge_fn=0
Edge Detection Detail | source=out_detect_pt | active=1 | n_edges=5835 | n_pos=610 | n_neg=5225 | pos_rate=0.1045 | pred_pos=5739 | pred_pos_rate=0.9835 | tp=610 | fp=5129 | fn=0 | tn=96 | precision=0.1063 | recall=1.0000 | f1=0.1922 | auc=0.8623 | ap=0.3969 | best_f1=0.5558 | best_threshold=0.9600 | best_precision=0.4452 | best_recall=0.7393 | best_pred_pos_rate=0.1736 | precision_at_k_pos=0.4984 | recall_at_k_pos=0.4984 | all_positive_f1=0.1893 | current_f1_minus_all_positive_f1=0.0029 | hard_mask_all_positive_like=0
best_loss [tensor(0.3036, device='cuda:0', grad_fn=<AddBackward0>)]
load LLC or attacked data with specified split
Successfully loaded the attack of dataname with few shot 5, split 1
Attack method : Meta_Self | Attack ptb : 0.1 | Dataset: Cora
======================
Number of graphs: 1
Number of features: 1433
Number of classes: 7

Data(x=[2708, 1433], edge_index=[2, 14378], y=[2708], train_mask=[2708], val_mask=[2708], test_mask=[2708])
===========================================================================================================
Number of nodes: 2708
Number of edges: 14378
Average node degree: 5.31
Has isolated nodes: False
Has self-loops: True
Is undirected: True
Pollution Diff | added_edges=610 | deleted_edges=53 | clean_edges=5278 | attack_edges=5835
GCN(
  (conv_layers): ModuleList(
    (0): GCNConv(1433, 256)
    (1): GCNConv(256, 256)
  )
)
Successfully loaded pre-trained weights!
use RobustPrompt Tranductive
defense pt dict :  {'sim_pt': -1.0, 'degree_pt': 1, 'out_detect_pt': 0.5, 'other_pt': 'all'}
use_attention :  False
cosine_constraint :  True
pt_threshold :  0.5
filter_module :  OriginalFilter
temperature :  1.0
weight_mse 0.1
weight_kl :  0.3
weight_constraint :  0.2
run RobustPrompt-T
Epoch 001 |  Time(s) 0.0129 | RobustPrompt-T Loss 1.9461  
Epoch 002 |  Time(s) 0.0129 | RobustPrompt-T Loss 1.9603  
Epoch 003 |  Time(s) 0.0127 | RobustPrompt-T Loss 1.9632  
Epoch 004 |  Time(s) 0.0127 | RobustPrompt-T Loss 1.9236  
Epoch 005 |  Time(s) 0.0124 | RobustPrompt-T Loss 1.9216  
Epoch 006 |  Time(s) 0.0127 | RobustPrompt-T Loss 1.9236  
Epoch 007 |  Time(s) 0.0123 | RobustPrompt-T Loss 1.9223  
Epoch 008 |  Time(s) 0.0128 | RobustPrompt-T Loss 1.9146  
Epoch 009 |  Time(s) 0.0128 | RobustPrompt-T Loss 1.9041  
Epoch 010 |  Time(s) 0.0126 | RobustPrompt-T Loss 1.9049  
Epoch 011 |  Time(s) 0.0128 | RobustPrompt-T Loss 1.9285  
Epoch 012 |  Time(s) 0.0129 | RobustPrompt-T Loss 1.9006  
Epoch 013 |  Time(s) 0.0128 | RobustPrompt-T Loss 1.8870  
Epoch 014 |  Time(s) 0.0126 | RobustPrompt-T Loss 1.9062  
Epoch 015 |  Time(s) 0.0125 | RobustPrompt-T Loss 1.8738  
Epoch 016 |  Time(s) 0.0126 | RobustPrompt-T Loss 1.8920  
Epoch 017 |  Time(s) 0.0127 | RobustPrompt-T Loss 1.8651  
Epoch 018 |  Time(s) 0.0125 | RobustPrompt-T Loss 1.8602  
Epoch 019 |  Time(s) 0.0128 | RobustPrompt-T Loss 1.8613  
Epoch 020 |  Time(s) 0.0128 | RobustPrompt-T Loss 1.8274  
Epoch 021 |  Time(s) 0.0127 | RobustPrompt-T Loss 1.8268  
Epoch 022 |  Time(s) 0.0126 | RobustPrompt-T Loss 1.8551  
Epoch 023 |  Time(s) 0.0126 | RobustPrompt-T Loss 1.8108  
Epoch 024 |  Time(s) 0.0127 | RobustPrompt-T Loss 1.7753  
Epoch 025 |  Time(s) 0.0125 | RobustPrompt-T Loss 1.7429  
Epoch 026 |  Time(s) 0.0128 | RobustPrompt-T Loss 1.7493  
Epoch 027 |  Time(s) 0.0127 | RobustPrompt-T Loss 1.7691  
Epoch 028 |  Time(s) 0.0127 | RobustPrompt-T Loss 1.6767  
Epoch 029 |  Time(s) 0.0131 | RobustPrompt-T Loss 1.6278  
Epoch 030 |  Time(s) 0.0126 | RobustPrompt-T Loss 1.6368  
Epoch 031 |  Time(s) 0.0129 | RobustPrompt-T Loss 1.7570  
Epoch 032 |  Time(s) 0.0127 | RobustPrompt-T Loss 1.5917  
Epoch 033 |  Time(s) 0.0128 | RobustPrompt-T Loss 1.8117  
Epoch 034 |  Time(s) 0.0128 | RobustPrompt-T Loss 1.7950  
Epoch 035 |  Time(s) 0.0127 | RobustPrompt-T Loss 1.6270  
Epoch 036 |  Time(s) 0.0127 | RobustPrompt-T Loss 1.5442  
Epoch 037 |  Time(s) 0.0128 | RobustPrompt-T Loss 1.6186  
Epoch 038 |  Time(s) 0.0127 | RobustPrompt-T Loss 1.6024  
Epoch 039 |  Time(s) 0.0128 | RobustPrompt-T Loss 1.4795  
Epoch 040 |  Time(s) 0.0128 | RobustPrompt-T Loss 1.4360  
Epoch 041 |  Time(s) 0.0128 | RobustPrompt-T Loss 1.5737  
Epoch 042 |  Time(s) 0.0132 | RobustPrompt-T Loss 1.5570  
Epoch 043 |  Time(s) 0.0132 | RobustPrompt-T Loss 1.3869  
Epoch 044 |  Time(s) 0.0131 | RobustPrompt-T Loss 1.4457  
Epoch 045 |  Time(s) 0.0131 | RobustPrompt-T Loss 1.3530  
Epoch 046 |  Time(s) 0.0131 | RobustPrompt-T Loss 1.3989  
Epoch 047 |  Time(s) 0.0130 | RobustPrompt-T Loss 1.3314  
Epoch 048 |  Time(s) 0.0131 | RobustPrompt-T Loss 1.3227  
Epoch 049 |  Time(s) 0.0130 | RobustPrompt-T Loss 1.3216  
Epoch 050 |  Time(s) 0.0130 | RobustPrompt-T Loss 1.2682  
Epoch 051 |  Time(s) 0.0129 | RobustPrompt-T Loss 1.2613  
Epoch 052 |  Time(s) 0.0130 | RobustPrompt-T Loss 1.2756  
Epoch 053 |  Time(s) 0.0130 | RobustPrompt-T Loss 1.2077  
Epoch 054 |  Time(s) 0.0131 | RobustPrompt-T Loss 1.2385  
Epoch 055 |  Time(s) 0.0128 | RobustPrompt-T Loss 1.1565  
Epoch 056 |  Time(s) 0.0149 | RobustPrompt-T Loss 1.1402  
Epoch 057 |  Time(s) 0.0131 | RobustPrompt-T Loss 1.1410  
Epoch 058 |  Time(s) 0.0127 | RobustPrompt-T Loss 1.1301  
Epoch 059 |  Time(s) 0.0129 | RobustPrompt-T Loss 1.0980  
Epoch 060 |  Time(s) 0.0132 | RobustPrompt-T Loss 1.0580  
Epoch 061 |  Time(s) 0.0130 | RobustPrompt-T Loss 1.0804  
Epoch 062 |  Time(s) 0.0131 | RobustPrompt-T Loss 0.9978  
Epoch 063 |  Time(s) 0.0130 | RobustPrompt-T Loss 1.0015  
Epoch 064 |  Time(s) 0.0131 | RobustPrompt-T Loss 0.9733  
Epoch 065 |  Time(s) 0.0129 | RobustPrompt-T Loss 0.9733  
Epoch 066 |  Time(s) 0.0130 | RobustPrompt-T Loss 0.9024  
Epoch 067 |  Time(s) 0.0129 | RobustPrompt-T Loss 0.9082  
Epoch 068 |  Time(s) 0.0125 | RobustPrompt-T Loss 0.9874  
Epoch 069 |  Time(s) 0.0134 | RobustPrompt-T Loss 0.8773  
Epoch 070 |  Time(s) 0.0130 | RobustPrompt-T Loss 1.0589  
Epoch 071 |  Time(s) 0.0130 | RobustPrompt-T Loss 1.0899  
Epoch 072 |  Time(s) 0.0129 | RobustPrompt-T Loss 0.8875  
Epoch 073 |  Time(s) 0.0125 | RobustPrompt-T Loss 0.8525  
Epoch 074 |  Time(s) 0.0128 | RobustPrompt-T Loss 0.8618  
Epoch 075 |  Time(s) 0.0129 | RobustPrompt-T Loss 0.8044  
Epoch 076 |  Time(s) 0.0129 | RobustPrompt-T Loss 0.8384  
Epoch 077 |  Time(s) 0.0129 | RobustPrompt-T Loss 0.7854  
Epoch 078 |  Time(s) 0.0130 | RobustPrompt-T Loss 0.7518  
Epoch 079 |  Time(s) 0.0129 | RobustPrompt-T Loss 0.7657  
Epoch 080 |  Time(s) 0.0130 | RobustPrompt-T Loss 0.7118  
Epoch 081 |  Time(s) 0.0130 | RobustPrompt-T Loss 0.8504  
Epoch 082 |  Time(s) 0.0130 | RobustPrompt-T Loss 0.7550  
Epoch 083 |  Time(s) 0.0130 | RobustPrompt-T Loss 0.9453  
Epoch 084 |  Time(s) 0.0130 | RobustPrompt-T Loss 1.0256  
Epoch 085 |  Time(s) 0.0130 | RobustPrompt-T Loss 0.7618  
Epoch 086 |  Time(s) 0.0131 | RobustPrompt-T Loss 0.7722  
Epoch 087 |  Time(s) 0.0129 | RobustPrompt-T Loss 0.7609  
Epoch 088 |  Time(s) 0.0130 | RobustPrompt-T Loss 0.9882  
Epoch 089 |  Time(s) 0.0125 | RobustPrompt-T Loss 1.0388  
Epoch 090 |  Time(s) 0.0122 | RobustPrompt-T Loss 0.6584  
Epoch 091 |  Time(s) 0.0127 | RobustPrompt-T Loss 1.0347  
Epoch 092 |  Time(s) 0.0125 | RobustPrompt-T Loss 1.3469  
Epoch 093 |  Time(s) 0.0124 | RobustPrompt-T Loss 1.0019  
Epoch 094 |  Time(s) 0.0120 | RobustPrompt-T Loss 1.0583  
Epoch 095 |  Time(s) 0.0128 | RobustPrompt-T Loss 1.1264  
Epoch 096 |  Time(s) 0.0130 | RobustPrompt-T Loss 0.6895  
Epoch 097 |  Time(s) 0.0130 | RobustPrompt-T Loss 0.9624  
Epoch 098 |  Time(s) 0.0130 | RobustPrompt-T Loss 1.2668  
Epoch 099 |  Time(s) 0.0130 | RobustPrompt-T Loss 0.9983  
Epoch 100 |  Time(s) 0.0130 | RobustPrompt-T Loss 1.2044  
Epoch 101 |  Time(s) 0.0130 | RobustPrompt-T Loss 1.3399  
Epoch 102 |  Time(s) 0.0130 | RobustPrompt-T Loss 0.9945  
Epoch 103 |  Time(s) 0.0130 | RobustPrompt-T Loss 0.8497  
Epoch 104 |  Time(s) 0.0130 | RobustPrompt-T Loss 0.9204  
Epoch 105 |  Time(s) 0.0130 | RobustPrompt-T Loss 0.9073  
Epoch 106 |  Time(s) 0.0124 | RobustPrompt-T Loss 0.8452  
Epoch 107 |  Time(s) 0.0126 | RobustPrompt-T Loss 1.0300  
Epoch 108 |  Time(s) 0.0131 | RobustPrompt-T Loss 0.8799  
Epoch 109 |  Time(s) 0.0130 | RobustPrompt-T Loss 0.7289  
----------------------------------------------------------------------------------------------------
Early stopping at 110 eopch!
Final True Accuracy: 0.1599 | Macro F1 Score: 0.1426
Edge Detection Detail | source=filter_module | active=0 | n_edges=5835 | n_pos=610 | n_neg=5225 | pos_rate=0.1045 | pred_pos=5738 | pred_pos_rate=0.9834 | tp=610 | fp=5128 | fn=0 | tn=97 | precision=0.1063 | recall=1.0000 | f1=0.1922 | auc=0.8623 | ap=0.3969 | best_f1=0.5558 | best_threshold=0.9600 | best_precision=0.4452 | best_recall=0.7393 | best_pred_pos_rate=0.1736 | precision_at_k_pos=0.4984 | recall_at_k_pos=0.4984 | all_positive_f1=0.1893 | current_f1_minus_all_positive_f1=0.0029 | hard_mask_all_positive_like=0 | mode=original
Edge Detection Detail | source=tau_tune | active=1 | n_edges=5835 | n_pos=610 | n_neg=5225 | pos_rate=0.1045 | pred_pos=55 | pred_pos_rate=0.0094 | tp=27 | fp=28 | fn=583 | tn=5197 | precision=0.4909 | recall=0.0443 | f1=0.0812 | auc=0.6535 | ap=0.2027 | best_f1=0.2467 | best_threshold=0.0769 | best_precision=0.2008 | best_recall=0.3197 | best_pred_pos_rate=0.1664 | precision_at_k_pos=0.2213 | recall_at_k_pos=0.2213 | all_positive_f1=0.1893 | current_f1_minus_all_positive_f1=-0.1081 | hard_mask_all_positive_like=0
Tip Detection | tip=sim_pt | active=0 | node_precision=0.0000 | node_recall=0.0000 | node_f1=0.0000 | edge_precision=0.0000 | edge_recall=0.0000 | edge_f1=0.0000 | edge_auc=0.5000 | node_tp=0 | node_fp=0 | node_fn=443 | edge_tp=0 | edge_fp=0 | edge_fn=610
Edge Detection Detail | source=sim_pt | active=0 | n_edges=5835 | n_pos=610 | n_neg=5225 | pos_rate=0.1045 | pred_pos=0 | pred_pos_rate=0.0000 | tp=0 | fp=0 | fn=610 | tn=5225 | precision=0.0000 | recall=0.0000 | f1=0.0000 | auc=0.5000 | ap=0.1045 | best_f1=nan | best_threshold=nan | best_precision=nan | best_recall=nan | best_pred_pos_rate=nan | precision_at_k_pos=nan | recall_at_k_pos=nan | all_positive_f1=0.1893 | current_f1_minus_all_positive_f1=-0.1893 | hard_mask_all_positive_like=0
Tip Detection | tip=degree_pt | active=1 | node_precision=0.0000 | node_recall=0.0000 | node_f1=0.0000 | edge_precision=0.0000 | edge_recall=0.0000 | edge_f1=0.0000 | edge_auc=0.5000 | node_tp=0 | node_fp=0 | node_fn=443 | edge_tp=0 | edge_fp=0 | edge_fn=610
Edge Detection Detail | source=degree_pt | active=1 | n_edges=5835 | n_pos=610 | n_neg=5225 | pos_rate=0.1045 | pred_pos=0 | pred_pos_rate=0.0000 | tp=0 | fp=0 | fn=610 | tn=5225 | precision=0.0000 | recall=0.0000 | f1=0.0000 | auc=0.5000 | ap=0.1045 | best_f1=nan | best_threshold=nan | best_precision=nan | best_recall=nan | best_pred_pos_rate=nan | precision_at_k_pos=nan | recall_at_k_pos=nan | all_positive_f1=0.1893 | current_f1_minus_all_positive_f1=-0.1893 | hard_mask_all_positive_like=0
Tip Detection | tip=out_detect_pt | active=1 | node_precision=0.1640 | node_recall=1.0000 | node_f1=0.2817 | edge_precision=0.1045 | edge_recall=1.0000 | edge_f1=0.1893 | edge_auc=0.5000 | node_tp=443 | node_fp=2259 | node_fn=0 | edge_tp=610 | edge_fp=5225 | edge_fn=0
Edge Detection Detail | source=out_detect_pt | active=1 | n_edges=5835 | n_pos=610 | n_neg=5225 | pos_rate=0.1045 | pred_pos=5739 | pred_pos_rate=0.9835 | tp=610 | fp=5129 | fn=0 | tn=96 | precision=0.1063 | recall=1.0000 | f1=0.1922 | auc=0.8623 | ap=0.3969 | best_f1=0.5558 | best_threshold=0.9600 | best_precision=0.4452 | best_recall=0.7393 | best_pred_pos_rate=0.1736 | precision_at_k_pos=0.4984 | recall_at_k_pos=0.4984 | all_positive_f1=0.1893 | current_f1_minus_all_positive_f1=0.0029 | hard_mask_all_positive_like=0
best_loss [tensor(0.8502, device='cuda:0', grad_fn=<AddBackward0>)]
load LLC or attacked data with specified split
Successfully loaded the attack of dataname with few shot 5, split 1
Attack method : Meta_Self | Attack ptb : 0.1 | Dataset: Cora
======================
Number of graphs: 1
Number of features: 1433
Number of classes: 7

Data(x=[2708, 1433], edge_index=[2, 14378], y=[2708], train_mask=[2708], val_mask=[2708], test_mask=[2708])
===========================================================================================================
Number of nodes: 2708
Number of edges: 14378
Average node degree: 5.31
Has isolated nodes: False
Has self-loops: True
Is undirected: True
Pollution Diff | added_edges=610 | deleted_edges=53 | clean_edges=5278 | attack_edges=5835
GCN(
  (conv_layers): ModuleList(
    (0): GCNConv(1433, 256)
    (1): GCNConv(256, 256)
  )
)
Successfully loaded pre-trained weights!
use RobustPrompt Tranductive
defense pt dict :  {'sim_pt': -1.0, 'degree_pt': 1, 'out_detect_pt': 0.5, 'other_pt': 'all'}
use_attention :  False
cosine_constraint :  True
pt_threshold :  0.5
filter_module :  OriginalFilter
temperature :  1.0
weight_mse 0.1
weight_kl :  0.3
weight_constraint :  0.2
run RobustPrompt-T
Epoch 001 |  Time(s) 0.0135 | RobustPrompt-T Loss 1.9444  
Epoch 002 |  Time(s) 0.0129 | RobustPrompt-T Loss 1.9477  
Epoch 003 |  Time(s) 0.0131 | RobustPrompt-T Loss 1.9228  
Epoch 004 |  Time(s) 0.0130 | RobustPrompt-T Loss 1.9129  
Epoch 005 |  Time(s) 0.0130 | RobustPrompt-T Loss 1.9304  
Epoch 006 |  Time(s) 0.0130 | RobustPrompt-T Loss 1.8941  
Epoch 007 |  Time(s) 0.0124 | RobustPrompt-T Loss 1.9008  
Epoch 008 |  Time(s) 0.0129 | RobustPrompt-T Loss 1.8685  
Epoch 009 |  Time(s) 0.0128 | RobustPrompt-T Loss 1.9112  
Epoch 010 |  Time(s) 0.0129 | RobustPrompt-T Loss 2.0046  
Epoch 011 |  Time(s) 0.0123 | RobustPrompt-T Loss 1.8694  
Epoch 012 |  Time(s) 0.0128 | RobustPrompt-T Loss 1.9396  
Epoch 013 |  Time(s) 0.0130 | RobustPrompt-T Loss 1.8418  
Epoch 014 |  Time(s) 0.0129 | RobustPrompt-T Loss 1.9724  
Epoch 015 |  Time(s) 0.0127 | RobustPrompt-T Loss 1.8537  
Epoch 016 |  Time(s) 0.0129 | RobustPrompt-T Loss 1.8976  
Epoch 017 |  Time(s) 0.0123 | RobustPrompt-T Loss 1.9121  
Epoch 018 |  Time(s) 0.0121 | RobustPrompt-T Loss 1.8245  
Epoch 019 |  Time(s) 0.0128 | RobustPrompt-T Loss 1.8754  
Epoch 020 |  Time(s) 0.0124 | RobustPrompt-T Loss 1.8654  
Epoch 021 |  Time(s) 0.0128 | RobustPrompt-T Loss 1.8193  
Epoch 022 |  Time(s) 0.0130 | RobustPrompt-T Loss 1.8494  
Epoch 023 |  Time(s) 0.0129 | RobustPrompt-T Loss 1.8294  
Epoch 024 |  Time(s) 0.0131 | RobustPrompt-T Loss 1.8013  
Epoch 025 |  Time(s) 0.0129 | RobustPrompt-T Loss 1.8265  
Epoch 026 |  Time(s) 0.0130 | RobustPrompt-T Loss 1.7847  
Epoch 027 |  Time(s) 0.0130 | RobustPrompt-T Loss 1.7657  
Epoch 028 |  Time(s) 0.0131 | RobustPrompt-T Loss 1.7672  
Epoch 029 |  Time(s) 0.0130 | RobustPrompt-T Loss 1.7173  
Epoch 030 |  Time(s) 0.0128 | RobustPrompt-T Loss 1.7268  
Epoch 031 |  Time(s) 0.0130 | RobustPrompt-T Loss 1.6669  
Epoch 032 |  Time(s) 0.0130 | RobustPrompt-T Loss 1.6876  
Epoch 033 |  Time(s) 0.0130 | RobustPrompt-T Loss 1.6615  
Epoch 034 |  Time(s) 0.0125 | RobustPrompt-T Loss 1.7263  
Epoch 035 |  Time(s) 0.0126 | RobustPrompt-T Loss 1.5643  
Epoch 036 |  Time(s) 0.0122 | RobustPrompt-T Loss 1.7476  
Epoch 037 |  Time(s) 0.0123 | RobustPrompt-T Loss 1.7951  
Epoch 038 |  Time(s) 0.0128 | RobustPrompt-T Loss 1.5652  
Epoch 039 |  Time(s) 0.0128 | RobustPrompt-T Loss 1.5299  
Epoch 040 |  Time(s) 0.0125 | RobustPrompt-T Loss 1.6156  
Epoch 041 |  Time(s) 0.0127 | RobustPrompt-T Loss 1.5436  
Epoch 042 |  Time(s) 0.0128 | RobustPrompt-T Loss 1.3078  
Epoch 043 |  Time(s) 0.0121 | RobustPrompt-T Loss 1.3607  
Epoch 044 |  Time(s) 0.0129 | RobustPrompt-T Loss 1.3489  
Epoch 045 |  Time(s) 0.0121 | RobustPrompt-T Loss 1.2172  
Epoch 046 |  Time(s) 0.0124 | RobustPrompt-T Loss 1.4075  
Epoch 047 |  Time(s) 0.0125 | RobustPrompt-T Loss 1.1861  
Epoch 048 |  Time(s) 0.0123 | RobustPrompt-T Loss 1.5486  
Epoch 049 |  Time(s) 0.0121 | RobustPrompt-T Loss 1.6895  
Epoch 050 |  Time(s) 0.0120 | RobustPrompt-T Loss 1.1852  
Epoch 051 |  Time(s) 0.0120 | RobustPrompt-T Loss 1.6422  
Epoch 052 |  Time(s) 0.0120 | RobustPrompt-T Loss 2.0567  
Epoch 053 |  Time(s) 0.0118 | RobustPrompt-T Loss 1.5258  
Epoch 054 |  Time(s) 0.0120 | RobustPrompt-T Loss 1.1464  
Epoch 055 |  Time(s) 0.0121 | RobustPrompt-T Loss 1.2334  
Epoch 056 |  Time(s) 0.0119 | RobustPrompt-T Loss 1.2352  
Epoch 057 |  Time(s) 0.0120 | RobustPrompt-T Loss 1.1361  
Epoch 058 |  Time(s) 0.0121 | RobustPrompt-T Loss 1.1230  
Epoch 059 |  Time(s) 0.0119 | RobustPrompt-T Loss 1.1322  
Epoch 060 |  Time(s) 0.0119 | RobustPrompt-T Loss 1.0315  
Epoch 061 |  Time(s) 0.0125 | RobustPrompt-T Loss 1.0616  
Epoch 062 |  Time(s) 0.0121 | RobustPrompt-T Loss 1.0239  
Epoch 063 |  Time(s) 0.0121 | RobustPrompt-T Loss 0.9812  
Epoch 064 |  Time(s) 0.0122 | RobustPrompt-T Loss 1.0384  
Epoch 065 |  Time(s) 0.0129 | RobustPrompt-T Loss 0.9982  
Epoch 066 |  Time(s) 0.0124 | RobustPrompt-T Loss 0.9444  
Epoch 067 |  Time(s) 0.0126 | RobustPrompt-T Loss 0.9148  
Epoch 068 |  Time(s) 0.0128 | RobustPrompt-T Loss 0.9843  
Epoch 069 |  Time(s) 0.0122 | RobustPrompt-T Loss 0.9369  
Epoch 070 |  Time(s) 0.0123 | RobustPrompt-T Loss 0.8617  
Epoch 071 |  Time(s) 0.0126 | RobustPrompt-T Loss 0.8529  
Epoch 072 |  Time(s) 0.0123 | RobustPrompt-T Loss 0.9283  
Epoch 073 |  Time(s) 0.0128 | RobustPrompt-T Loss 0.8612  
Epoch 074 |  Time(s) 0.0123 | RobustPrompt-T Loss 0.8035  
Epoch 075 |  Time(s) 0.0125 | RobustPrompt-T Loss 0.7782  
Epoch 076 |  Time(s) 0.0125 | RobustPrompt-T Loss 0.8365  
Epoch 077 |  Time(s) 0.0127 | RobustPrompt-T Loss 0.7962  
Epoch 078 |  Time(s) 0.0128 | RobustPrompt-T Loss 0.7497  
Epoch 079 |  Time(s) 0.0130 | RobustPrompt-T Loss 0.7380  
Epoch 080 |  Time(s) 0.0124 | RobustPrompt-T Loss 0.7406  
Epoch 081 |  Time(s) 0.0128 | RobustPrompt-T Loss 0.7213  
Epoch 082 |  Time(s) 0.0128 | RobustPrompt-T Loss 0.6983  
Epoch 083 |  Time(s) 0.0125 | RobustPrompt-T Loss 0.6848  
Epoch 084 |  Time(s) 0.0128 | RobustPrompt-T Loss 0.6974  
Epoch 085 |  Time(s) 0.0128 | RobustPrompt-T Loss 0.6641  
Epoch 086 |  Time(s) 0.0124 | RobustPrompt-T Loss 0.6486  
Epoch 087 |  Time(s) 0.0126 | RobustPrompt-T Loss 0.6201  
Epoch 088 |  Time(s) 0.0129 | RobustPrompt-T Loss 0.6622  
Epoch 089 |  Time(s) 0.0129 | RobustPrompt-T Loss 0.6321  
Epoch 090 |  Time(s) 0.0124 | RobustPrompt-T Loss 0.5755  
Epoch 091 |  Time(s) 0.0127 | RobustPrompt-T Loss 0.5577  
Epoch 092 |  Time(s) 0.0129 | RobustPrompt-T Loss 0.6195  
Epoch 093 |  Time(s) 0.0122 | RobustPrompt-T Loss 0.5914  
Epoch 094 |  Time(s) 0.0122 | RobustPrompt-T Loss 0.5342  
Epoch 095 |  Time(s) 0.0128 | RobustPrompt-T Loss 0.5278  
Epoch 096 |  Time(s) 0.0129 | RobustPrompt-T Loss 0.5444  
Epoch 097 |  Time(s) 0.0128 | RobustPrompt-T Loss 0.5300  
Epoch 098 |  Time(s) 0.0122 | RobustPrompt-T Loss 0.5037  
Epoch 099 |  Time(s) 0.0121 | RobustPrompt-T Loss 0.5042  
Epoch 100 |  Time(s) 0.0122 | RobustPrompt-T Loss 0.4639  
Epoch 101 |  Time(s) 0.0124 | RobustPrompt-T Loss 0.4899  
Epoch 102 |  Time(s) 0.0125 | RobustPrompt-T Loss 0.4375  
Epoch 103 |  Time(s) 0.0120 | RobustPrompt-T Loss 0.4492  
Epoch 104 |  Time(s) 0.0121 | RobustPrompt-T Loss 0.3843  
Epoch 105 |  Time(s) 0.0124 | RobustPrompt-T Loss 0.4146  
Epoch 106 |  Time(s) 0.0121 | RobustPrompt-T Loss 0.3847  
Epoch 107 |  Time(s) 0.0121 | RobustPrompt-T Loss 0.3810  
Epoch 108 |  Time(s) 0.0122 | RobustPrompt-T Loss 0.3723  
Epoch 109 |  Time(s) 0.0120 | RobustPrompt-T Loss 0.3354  
Epoch 110 |  Time(s) 0.0128 | RobustPrompt-T Loss 0.3673  
Epoch 111 |  Time(s) 0.0124 | RobustPrompt-T Loss 0.3157  
Epoch 112 |  Time(s) 0.0127 | RobustPrompt-T Loss 0.3384  
Epoch 113 |  Time(s) 0.0129 | RobustPrompt-T Loss 0.2826  
Epoch 114 |  Time(s) 0.0125 | RobustPrompt-T Loss 0.3180  
Epoch 115 |  Time(s) 0.0127 | RobustPrompt-T Loss 0.2784  
Epoch 116 |  Time(s) 0.0123 | RobustPrompt-T Loss 0.2770  
Epoch 117 |  Time(s) 0.0121 | RobustPrompt-T Loss 0.2374  
Epoch 118 |  Time(s) 0.0127 | RobustPrompt-T Loss 0.2848  
Epoch 119 |  Time(s) 0.0129 | RobustPrompt-T Loss 0.2462  
Epoch 120 |  Time(s) 0.0126 | RobustPrompt-T Loss 0.2390  
Epoch 121 |  Time(s) 0.0126 | RobustPrompt-T Loss 0.2071  
Epoch 122 |  Time(s) 0.0128 | RobustPrompt-T Loss 0.2284  
Epoch 123 |  Time(s) 0.0125 | RobustPrompt-T Loss 0.2051  
Epoch 124 |  Time(s) 0.0127 | RobustPrompt-T Loss 0.2151  
Epoch 125 |  Time(s) 0.0129 | RobustPrompt-T Loss 0.1790  
Epoch 126 |  Time(s) 0.0123 | RobustPrompt-T Loss 0.2442  
Epoch 127 |  Time(s) 0.0127 | RobustPrompt-T Loss 0.1654  
Epoch 128 |  Time(s) 0.0126 | RobustPrompt-T Loss 0.2008  
Epoch 129 |  Time(s) 0.0126 | RobustPrompt-T Loss 0.1540  
Epoch 130 |  Time(s) 0.0127 | RobustPrompt-T Loss 0.1964  
Epoch 131 |  Time(s) 0.0125 | RobustPrompt-T Loss 0.1495  
Epoch 132 |  Time(s) 0.0126 | RobustPrompt-T Loss 0.2187  
Epoch 133 |  Time(s) 0.0122 | RobustPrompt-T Loss 0.1668  
Epoch 134 |  Time(s) 0.0129 | RobustPrompt-T Loss 0.1624  
Epoch 135 |  Time(s) 0.0128 | RobustPrompt-T Loss 0.1994  
Epoch 136 |  Time(s) 0.0151 | RobustPrompt-T Loss 0.1329  
Epoch 137 |  Time(s) 0.0130 | RobustPrompt-T Loss 0.1880  
Epoch 138 |  Time(s) 0.0131 | RobustPrompt-T Loss 0.1151  
Epoch 139 |  Time(s) 0.0130 | RobustPrompt-T Loss 0.1740  
Epoch 140 |  Time(s) 0.0131 | RobustPrompt-T Loss 0.1123  
Epoch 141 |  Time(s) 0.0161 | RobustPrompt-T Loss 0.1522  
Epoch 142 |  Time(s) 0.0131 | RobustPrompt-T Loss 0.1653  
Epoch 143 |  Time(s) 0.0130 | RobustPrompt-T Loss 0.1227  
Epoch 144 |  Time(s) 0.0129 | RobustPrompt-T Loss 0.1394  
Epoch 145 |  Time(s) 0.0131 | RobustPrompt-T Loss 0.1184  
Epoch 146 |  Time(s) 0.0140 | RobustPrompt-T Loss 0.1275  
Epoch 147 |  Time(s) 0.0144 | RobustPrompt-T Loss 0.1152  
Epoch 148 |  Time(s) 0.0130 | RobustPrompt-T Loss 0.1423  
Epoch 149 |  Time(s) 0.0131 | RobustPrompt-T Loss 0.0849  
Epoch 150 |  Time(s) 0.0126 | RobustPrompt-T Loss 0.0951  
Epoch 151 |  Time(s) 0.0124 | RobustPrompt-T Loss 0.0933  
Epoch 152 |  Time(s) 0.0127 | RobustPrompt-T Loss 0.0824  
Epoch 153 |  Time(s) 0.0134 | RobustPrompt-T Loss 0.0764  
Epoch 154 |  Time(s) 0.0125 | RobustPrompt-T Loss 0.0849  
Epoch 155 |  Time(s) 0.0124 | RobustPrompt-T Loss 0.0784  
Epoch 156 |  Time(s) 0.0127 | RobustPrompt-T Loss 0.0715  
Epoch 157 |  Time(s) 0.0127 | RobustPrompt-T Loss 0.0748  
Epoch 158 |  Time(s) 0.0130 | RobustPrompt-T Loss 0.0740  
Epoch 159 |  Time(s) 0.0122 | RobustPrompt-T Loss 0.0711  
Epoch 160 |  Time(s) 0.0130 | RobustPrompt-T Loss 0.0666  
Epoch 161 |  Time(s) 0.0129 | RobustPrompt-T Loss 0.0763  
Epoch 162 |  Time(s) 0.0129 | RobustPrompt-T Loss 0.0616  
Epoch 163 |  Time(s) 0.0130 | RobustPrompt-T Loss 0.0718  
Epoch 164 |  Time(s) 0.0130 | RobustPrompt-T Loss 0.0630  
Epoch 165 |  Time(s) 0.0130 | RobustPrompt-T Loss 0.0578  
Epoch 166 |  Time(s) 0.0130 | RobustPrompt-T Loss 0.0730  
Epoch 167 |  Time(s) 0.0130 | RobustPrompt-T Loss 0.0577  
Epoch 168 |  Time(s) 0.0130 | RobustPrompt-T Loss 0.0587  
Epoch 169 |  Time(s) 0.0132 | RobustPrompt-T Loss 0.0595  
Epoch 170 |  Time(s) 0.0129 | RobustPrompt-T Loss 0.0542  
Epoch 171 |  Time(s) 0.0128 | RobustPrompt-T Loss 0.0568  
Epoch 172 |  Time(s) 0.0126 | RobustPrompt-T Loss 0.0521  
Epoch 173 |  Time(s) 0.0129 | RobustPrompt-T Loss 0.0569  
Epoch 174 |  Time(s) 0.0129 | RobustPrompt-T Loss 0.0498  
Epoch 175 |  Time(s) 0.0123 | RobustPrompt-T Loss 0.0511  
Epoch 176 |  Time(s) 0.0123 | RobustPrompt-T Loss 0.0502  
Epoch 177 |  Time(s) 0.0121 | RobustPrompt-T Loss 0.0499  
Epoch 178 |  Time(s) 0.0142 | RobustPrompt-T Loss 0.0494  
Epoch 179 |  Time(s) 0.0124 | RobustPrompt-T Loss 0.0488  
Epoch 180 |  Time(s) 0.0144 | RobustPrompt-T Loss 0.0480  
Epoch 181 |  Time(s) 0.0132 | RobustPrompt-T Loss 0.0489  
Epoch 182 |  Time(s) 0.0132 | RobustPrompt-T Loss 0.0467  
Epoch 183 |  Time(s) 0.0131 | RobustPrompt-T Loss 0.0471  
Epoch 184 |  Time(s) 0.0131 | RobustPrompt-T Loss 0.0461  
Epoch 185 |  Time(s) 0.0130 | RobustPrompt-T Loss 0.0489  
Epoch 186 |  Time(s) 0.0130 | RobustPrompt-T Loss 0.0453  
Epoch 187 |  Time(s) 0.0127 | RobustPrompt-T Loss 0.0460  
Epoch 188 |  Time(s) 0.0129 | RobustPrompt-T Loss 0.0462  
Epoch 189 |  Time(s) 0.0127 | RobustPrompt-T Loss 0.0451  
Epoch 190 |  Time(s) 0.0130 | RobustPrompt-T Loss 0.0457  
Epoch 191 |  Time(s) 0.0131 | RobustPrompt-T Loss 0.0441  
Epoch 192 |  Time(s) 0.0130 | RobustPrompt-T Loss 0.0443  
Epoch 193 |  Time(s) 0.0131 | RobustPrompt-T Loss 0.0442  
Epoch 194 |  Time(s) 0.0128 | RobustPrompt-T Loss 0.0442  
Epoch 195 |  Time(s) 0.0127 | RobustPrompt-T Loss 0.0463  
Epoch 196 |  Time(s) 0.0126 | RobustPrompt-T Loss 0.0444  
Epoch 197 |  Time(s) 0.0129 | RobustPrompt-T Loss 0.0419  
Epoch 198 |  Time(s) 0.0129 | RobustPrompt-T Loss 0.0425  
Epoch 199 |  Time(s) 0.0130 | RobustPrompt-T Loss 0.0406  
Epoch 200 |  Time(s) 0.0129 | RobustPrompt-T Loss 0.0426  
Final True Accuracy: 0.1948 | Macro F1 Score: 0.1694
Edge Detection Detail | source=filter_module | active=0 | n_edges=5835 | n_pos=610 | n_neg=5225 | pos_rate=0.1045 | pred_pos=5738 | pred_pos_rate=0.9834 | tp=610 | fp=5128 | fn=0 | tn=97 | precision=0.1063 | recall=1.0000 | f1=0.1922 | auc=0.8623 | ap=0.3969 | best_f1=0.5558 | best_threshold=0.9600 | best_precision=0.4452 | best_recall=0.7393 | best_pred_pos_rate=0.1736 | precision_at_k_pos=0.4984 | recall_at_k_pos=0.4984 | all_positive_f1=0.1893 | current_f1_minus_all_positive_f1=0.0029 | hard_mask_all_positive_like=0 | mode=original
Edge Detection Detail | source=tau_tune | active=1 | n_edges=5835 | n_pos=610 | n_neg=5225 | pos_rate=0.1045 | pred_pos=54 | pred_pos_rate=0.0093 | tp=25 | fp=29 | fn=585 | tn=5196 | precision=0.4630 | recall=0.0410 | f1=0.0753 | auc=0.7047 | ap=0.2513 | best_f1=0.3084 | best_threshold=0.0443 | best_precision=0.2330 | best_recall=0.4557 | best_pred_pos_rate=0.2045 | precision_at_k_pos=0.2902 | recall_at_k_pos=0.2902 | all_positive_f1=0.1893 | current_f1_minus_all_positive_f1=-0.1140 | hard_mask_all_positive_like=0
Tip Detection | tip=sim_pt | active=0 | node_precision=0.0000 | node_recall=0.0000 | node_f1=0.0000 | edge_precision=0.0000 | edge_recall=0.0000 | edge_f1=0.0000 | edge_auc=0.5000 | node_tp=0 | node_fp=0 | node_fn=443 | edge_tp=0 | edge_fp=0 | edge_fn=610
Edge Detection Detail | source=sim_pt | active=0 | n_edges=5835 | n_pos=610 | n_neg=5225 | pos_rate=0.1045 | pred_pos=0 | pred_pos_rate=0.0000 | tp=0 | fp=0 | fn=610 | tn=5225 | precision=0.0000 | recall=0.0000 | f1=0.0000 | auc=0.5000 | ap=0.1045 | best_f1=nan | best_threshold=nan | best_precision=nan | best_recall=nan | best_pred_pos_rate=nan | precision_at_k_pos=nan | recall_at_k_pos=nan | all_positive_f1=0.1893 | current_f1_minus_all_positive_f1=-0.1893 | hard_mask_all_positive_like=0
Tip Detection | tip=degree_pt | active=1 | node_precision=0.0000 | node_recall=0.0000 | node_f1=0.0000 | edge_precision=0.0000 | edge_recall=0.0000 | edge_f1=0.0000 | edge_auc=0.5000 | node_tp=0 | node_fp=0 | node_fn=443 | edge_tp=0 | edge_fp=0 | edge_fn=610
Edge Detection Detail | source=degree_pt | active=1 | n_edges=5835 | n_pos=610 | n_neg=5225 | pos_rate=0.1045 | pred_pos=0 | pred_pos_rate=0.0000 | tp=0 | fp=0 | fn=610 | tn=5225 | precision=0.0000 | recall=0.0000 | f1=0.0000 | auc=0.5000 | ap=0.1045 | best_f1=nan | best_threshold=nan | best_precision=nan | best_recall=nan | best_pred_pos_rate=nan | precision_at_k_pos=nan | recall_at_k_pos=nan | all_positive_f1=0.1893 | current_f1_minus_all_positive_f1=-0.1893 | hard_mask_all_positive_like=0
Tip Detection | tip=out_detect_pt | active=1 | node_precision=0.1640 | node_recall=1.0000 | node_f1=0.2817 | edge_precision=0.1045 | edge_recall=1.0000 | edge_f1=0.1893 | edge_auc=0.5000 | node_tp=443 | node_fp=2259 | node_fn=0 | edge_tp=610 | edge_fp=5225 | edge_fn=0
Edge Detection Detail | source=out_detect_pt | active=1 | n_edges=5835 | n_pos=610 | n_neg=5225 | pos_rate=0.1045 | pred_pos=5739 | pred_pos_rate=0.9835 | tp=610 | fp=5129 | fn=0 | tn=96 | precision=0.1063 | recall=1.0000 | f1=0.1922 | auc=0.8623 | ap=0.3969 | best_f1=0.5558 | best_threshold=0.9600 | best_precision=0.4452 | best_recall=0.7393 | best_pred_pos_rate=0.1736 | precision_at_k_pos=0.4984 | recall_at_k_pos=0.4984 | all_positive_f1=0.1893 | current_f1_minus_all_positive_f1=0.0029 | hard_mask_all_positive_like=0
best_loss [tensor(0.0426, device='cuda:0', grad_fn=<AddBackward0>)]
load LLC or attacked data with specified split
Successfully loaded the attack of dataname with few shot 5, split 1
Attack method : Meta_Self | Attack ptb : 0.1 | Dataset: Cora
======================
Number of graphs: 1
Number of features: 1433
Number of classes: 7

Data(x=[2708, 1433], edge_index=[2, 14378], y=[2708], train_mask=[2708], val_mask=[2708], test_mask=[2708])
===========================================================================================================
Number of nodes: 2708
Number of edges: 14378
Average node degree: 5.31
Has isolated nodes: False
Has self-loops: True
Is undirected: True
Pollution Diff | added_edges=610 | deleted_edges=53 | clean_edges=5278 | attack_edges=5835
GCN(
  (conv_layers): ModuleList(
    (0): GCNConv(1433, 256)
    (1): GCNConv(256, 256)
  )
)
Successfully loaded pre-trained weights!
use RobustPrompt Tranductive
defense pt dict :  {'sim_pt': -1.0, 'degree_pt': 1, 'out_detect_pt': 0.5, 'other_pt': 'all'}
use_attention :  False
cosine_constraint :  True
pt_threshold :  0.5
filter_module :  OriginalFilter
temperature :  1.0
weight_mse 0.1
weight_kl :  0.3
weight_constraint :  0.2
run RobustPrompt-T
Epoch 001 |  Time(s) 0.0135 | RobustPrompt-T Loss 1.9461  
Epoch 002 |  Time(s) 0.0129 | RobustPrompt-T Loss 1.9425  
Epoch 003 |  Time(s) 0.0125 | RobustPrompt-T Loss 1.9385  
Epoch 004 |  Time(s) 0.0124 | RobustPrompt-T Loss 1.9430  
Epoch 005 |  Time(s) 0.0127 | RobustPrompt-T Loss 1.9136  
Epoch 006 |  Time(s) 0.0125 | RobustPrompt-T Loss 1.9291  
Epoch 007 |  Time(s) 0.0125 | RobustPrompt-T Loss 1.9127  
Epoch 008 |  Time(s) 0.0124 | RobustPrompt-T Loss 1.9224  
Epoch 009 |  Time(s) 0.0126 | RobustPrompt-T Loss 1.9058  
Epoch 010 |  Time(s) 0.0124 | RobustPrompt-T Loss 1.9177  
Epoch 011 |  Time(s) 0.0127 | RobustPrompt-T Loss 1.8903  
Epoch 012 |  Time(s) 0.0123 | RobustPrompt-T Loss 1.9086  
Epoch 013 |  Time(s) 0.0127 | RobustPrompt-T Loss 1.8811  
Epoch 014 |  Time(s) 0.0123 | RobustPrompt-T Loss 1.8835  
Epoch 015 |  Time(s) 0.0123 | RobustPrompt-T Loss 1.8973  
Epoch 016 |  Time(s) 0.0126 | RobustPrompt-T Loss 1.8508  
Epoch 017 |  Time(s) 0.0121 | RobustPrompt-T Loss 1.9050  
Epoch 018 |  Time(s) 0.0122 | RobustPrompt-T Loss 1.9067  
Epoch 019 |  Time(s) 0.0121 | RobustPrompt-T Loss 1.8649  
Epoch 020 |  Time(s) 0.0124 | RobustPrompt-T Loss 1.8871  
Epoch 021 |  Time(s) 0.0123 | RobustPrompt-T Loss 1.8178  
Epoch 022 |  Time(s) 0.0123 | RobustPrompt-T Loss 1.8551  
Epoch 023 |  Time(s) 0.0126 | RobustPrompt-T Loss 1.8174  
Epoch 024 |  Time(s) 0.0123 | RobustPrompt-T Loss 1.8219  
Epoch 025 |  Time(s) 0.0126 | RobustPrompt-T Loss 1.7781  
Epoch 026 |  Time(s) 0.0122 | RobustPrompt-T Loss 1.7926  
Epoch 027 |  Time(s) 0.0122 | RobustPrompt-T Loss 1.7403  
Epoch 028 |  Time(s) 0.0125 | RobustPrompt-T Loss 1.7899  
Epoch 029 |  Time(s) 0.0122 | RobustPrompt-T Loss 1.6798  
Epoch 030 |  Time(s) 0.0123 | RobustPrompt-T Loss 1.7019  
Epoch 031 |  Time(s) 0.0125 | RobustPrompt-T Loss 1.6686  
Epoch 032 |  Time(s) 0.0123 | RobustPrompt-T Loss 1.5872  
Epoch 033 |  Time(s) 0.0123 | RobustPrompt-T Loss 1.5606  
Epoch 034 |  Time(s) 0.0121 | RobustPrompt-T Loss 1.5609  
Epoch 035 |  Time(s) 0.0125 | RobustPrompt-T Loss 1.4682  
Epoch 036 |  Time(s) 0.0122 | RobustPrompt-T Loss 1.5039  
Epoch 037 |  Time(s) 0.0123 | RobustPrompt-T Loss 1.4102  
Epoch 038 |  Time(s) 0.0125 | RobustPrompt-T Loss 1.3311  
Epoch 039 |  Time(s) 0.0123 | RobustPrompt-T Loss 1.4196  
Epoch 040 |  Time(s) 0.0122 | RobustPrompt-T Loss 1.2594  
Epoch 041 |  Time(s) 0.0124 | RobustPrompt-T Loss 1.2741  
Epoch 042 |  Time(s) 0.0123 | RobustPrompt-T Loss 1.2183  
Epoch 043 |  Time(s) 0.0122 | RobustPrompt-T Loss 1.3574  
Epoch 044 |  Time(s) 0.0126 | RobustPrompt-T Loss 1.1792  
Epoch 045 |  Time(s) 0.0122 | RobustPrompt-T Loss 1.4909  
Epoch 046 |  Time(s) 0.0123 | RobustPrompt-T Loss 1.5644  
Epoch 047 |  Time(s) 0.0125 | RobustPrompt-T Loss 1.0967  
Epoch 048 |  Time(s) 0.0123 | RobustPrompt-T Loss 1.2315  
Epoch 049 |  Time(s) 0.0123 | RobustPrompt-T Loss 1.3137  
Epoch 050 |  Time(s) 0.0125 | RobustPrompt-T Loss 1.2297  
Epoch 051 |  Time(s) 0.0123 | RobustPrompt-T Loss 1.0129  
Epoch 052 |  Time(s) 0.0122 | RobustPrompt-T Loss 1.4316  
Epoch 053 |  Time(s) 0.0121 | RobustPrompt-T Loss 1.4966  
Epoch 054 |  Time(s) 0.0127 | RobustPrompt-T Loss 1.0432  
Epoch 055 |  Time(s) 0.0127 | RobustPrompt-T Loss 1.6112  
Epoch 056 |  Time(s) 0.0125 | RobustPrompt-T Loss 1.8745  
Epoch 057 |  Time(s) 0.0126 | RobustPrompt-T Loss 1.4595  
Epoch 058 |  Time(s) 0.0126 | RobustPrompt-T Loss 1.5806  
Epoch 059 |  Time(s) 0.0125 | RobustPrompt-T Loss 1.7485  
Epoch 060 |  Time(s) 0.0123 | RobustPrompt-T Loss 1.3795  
Epoch 061 |  Time(s) 0.0125 | RobustPrompt-T Loss 1.0716  
Epoch 062 |  Time(s) 0.0126 | RobustPrompt-T Loss 1.1686  
Epoch 063 |  Time(s) 0.0121 | RobustPrompt-T Loss 1.0422  
Epoch 064 |  Time(s) 0.0125 | RobustPrompt-T Loss 1.2149  
Epoch 065 |  Time(s) 0.0123 | RobustPrompt-T Loss 1.3013  
Epoch 066 |  Time(s) 0.0121 | RobustPrompt-T Loss 1.0428  
Epoch 067 |  Time(s) 0.0121 | RobustPrompt-T Loss 1.4068  
Epoch 068 |  Time(s) 0.0120 | RobustPrompt-T Loss 1.7610  
Epoch 069 |  Time(s) 0.0126 | RobustPrompt-T Loss 1.3400  
Epoch 070 |  Time(s) 0.0124 | RobustPrompt-T Loss 0.9854  
Epoch 071 |  Time(s) 0.0121 | RobustPrompt-T Loss 1.0320  
Epoch 072 |  Time(s) 0.0124 | RobustPrompt-T Loss 0.9300  
Epoch 073 |  Time(s) 0.0122 | RobustPrompt-T Loss 1.0871  
Epoch 074 |  Time(s) 0.0121 | RobustPrompt-T Loss 1.1299  
Epoch 075 |  Time(s) 0.0122 | RobustPrompt-T Loss 0.9266  
Epoch 076 |  Time(s) 0.0121 | RobustPrompt-T Loss 1.1475  
Epoch 077 |  Time(s) 0.0125 | RobustPrompt-T Loss 1.2313  
Epoch 078 |  Time(s) 0.0122 | RobustPrompt-T Loss 0.9600  
Epoch 079 |  Time(s) 0.0119 | RobustPrompt-T Loss 1.0478  
Epoch 080 |  Time(s) 0.0120 | RobustPrompt-T Loss 1.2157  
Epoch 081 |  Time(s) 0.0121 | RobustPrompt-T Loss 0.9723  
Epoch 082 |  Time(s) 0.0130 | RobustPrompt-T Loss 0.9001  
Epoch 083 |  Time(s) 0.0131 | RobustPrompt-T Loss 0.9898  
Epoch 084 |  Time(s) 0.0124 | RobustPrompt-T Loss 0.8338  
Epoch 085 |  Time(s) 0.0125 | RobustPrompt-T Loss 1.0651  
Epoch 086 |  Time(s) 0.0125 | RobustPrompt-T Loss 1.2910  
Epoch 087 |  Time(s) 0.0129 | RobustPrompt-T Loss 0.9937  
Epoch 088 |  Time(s) 0.0126 | RobustPrompt-T Loss 0.8553  
Epoch 089 |  Time(s) 0.0130 | RobustPrompt-T Loss 0.9577  
Epoch 090 |  Time(s) 0.0125 | RobustPrompt-T Loss 0.8306  
Epoch 091 |  Time(s) 0.0127 | RobustPrompt-T Loss 0.9409  
Epoch 092 |  Time(s) 0.0127 | RobustPrompt-T Loss 1.0536  
Epoch 093 |  Time(s) 0.0125 | RobustPrompt-T Loss 0.8338  
Epoch 094 |  Time(s) 0.0126 | RobustPrompt-T Loss 0.8766  
Epoch 095 |  Time(s) 0.0130 | RobustPrompt-T Loss 1.0140  
Epoch 096 |  Time(s) 0.0126 | RobustPrompt-T Loss 0.8443  
Epoch 097 |  Time(s) 0.0126 | RobustPrompt-T Loss 0.8273  
Epoch 098 |  Time(s) 0.0128 | RobustPrompt-T Loss 0.9199  
Epoch 099 |  Time(s) 0.0129 | RobustPrompt-T Loss 0.7771  
Epoch 100 |  Time(s) 0.0131 | RobustPrompt-T Loss 0.9145  
Epoch 101 |  Time(s) 0.0125 | RobustPrompt-T Loss 1.0449  
Epoch 102 |  Time(s) 0.0127 | RobustPrompt-T Loss 0.8397  
Epoch 103 |  Time(s) 0.0130 | RobustPrompt-T Loss 0.7955  
Epoch 104 |  Time(s) 0.0128 | RobustPrompt-T Loss 0.8801  
Epoch 105 |  Time(s) 0.0126 | RobustPrompt-T Loss 0.7459  
Epoch 106 |  Time(s) 0.0126 | RobustPrompt-T Loss 0.8620  
Epoch 107 |  Time(s) 0.0129 | RobustPrompt-T Loss 0.9702  
Epoch 108 |  Time(s) 0.0128 | RobustPrompt-T Loss 0.7711  
Epoch 109 |  Time(s) 0.0123 | RobustPrompt-T Loss 0.7898  
Epoch 110 |  Time(s) 0.0129 | RobustPrompt-T Loss 0.9176  
Epoch 111 |  Time(s) 0.0129 | RobustPrompt-T Loss 0.7284  
Epoch 112 |  Time(s) 0.0129 | RobustPrompt-T Loss 0.7888  
Epoch 113 |  Time(s) 0.0125 | RobustPrompt-T Loss 0.9026  
Epoch 114 |  Time(s) 0.0125 | RobustPrompt-T Loss 0.7337  
Epoch 115 |  Time(s) 0.0124 | RobustPrompt-T Loss 0.7545  
Epoch 116 |  Time(s) 0.0129 | RobustPrompt-T Loss 0.8907  
Epoch 117 |  Time(s) 0.0129 | RobustPrompt-T Loss 0.7101  
Epoch 118 |  Time(s) 0.0129 | RobustPrompt-T Loss 0.7592  
Epoch 119 |  Time(s) 0.0125 | RobustPrompt-T Loss 0.8706  
Epoch 120 |  Time(s) 0.0125 | RobustPrompt-T Loss 0.7101  
Epoch 121 |  Time(s) 0.0130 | RobustPrompt-T Loss 0.7347  
Epoch 122 |  Time(s) 0.0130 | RobustPrompt-T Loss 0.8479  
Epoch 123 |  Time(s) 0.0130 | RobustPrompt-T Loss 0.6764  
Epoch 124 |  Time(s) 0.0130 | RobustPrompt-T Loss 0.7446  
Epoch 125 |  Time(s) 0.0129 | RobustPrompt-T Loss 0.8635  
Epoch 126 |  Time(s) 0.0129 | RobustPrompt-T Loss 0.6963  
Epoch 127 |  Time(s) 0.0131 | RobustPrompt-T Loss 0.6903  
Epoch 128 |  Time(s) 0.0124 | RobustPrompt-T Loss 0.8069  
Epoch 129 |  Time(s) 0.0128 | RobustPrompt-T Loss 0.6408  
Epoch 130 |  Time(s) 0.0122 | RobustPrompt-T Loss 0.7362  
Epoch 131 |  Time(s) 0.0116 | RobustPrompt-T Loss 0.8551  
Epoch 132 |  Time(s) 0.0121 | RobustPrompt-T Loss 0.6837  
Epoch 133 |  Time(s) 0.0123 | RobustPrompt-T Loss 0.6596  
Epoch 134 |  Time(s) 0.0126 | RobustPrompt-T Loss 0.7577  
Epoch 135 |  Time(s) 0.0125 | RobustPrompt-T Loss 0.6136  
Epoch 136 |  Time(s) 0.0124 | RobustPrompt-T Loss 0.7123  
Epoch 137 |  Time(s) 0.0123 | RobustPrompt-T Loss 0.8336  
Epoch 138 |  Time(s) 0.0125 | RobustPrompt-T Loss 0.6620  
Epoch 139 |  Time(s) 0.0125 | RobustPrompt-T Loss 0.6294  
Epoch 140 |  Time(s) 0.0124 | RobustPrompt-T Loss 0.7346  
Epoch 141 |  Time(s) 0.0125 | RobustPrompt-T Loss 0.5920  
Epoch 142 |  Time(s) 0.0127 | RobustPrompt-T Loss 0.6888  
Epoch 143 |  Time(s) 0.0121 | RobustPrompt-T Loss 0.8024  
Epoch 144 |  Time(s) 0.0123 | RobustPrompt-T Loss 0.6374  
Epoch 145 |  Time(s) 0.0121 | RobustPrompt-T Loss 0.6109  
Epoch 146 |  Time(s) 0.0122 | RobustPrompt-T Loss 0.7146  
Epoch 147 |  Time(s) 0.0123 | RobustPrompt-T Loss 0.5659  
Epoch 148 |  Time(s) 0.0123 | RobustPrompt-T Loss 0.6648  
Epoch 149 |  Time(s) 0.0121 | RobustPrompt-T Loss 0.7761  
Epoch 150 |  Time(s) 0.0122 | RobustPrompt-T Loss 0.6142  
Epoch 151 |  Time(s) 0.0122 | RobustPrompt-T Loss 0.5894  
Epoch 152 |  Time(s) 0.0122 | RobustPrompt-T Loss 0.6852  
Epoch 153 |  Time(s) 0.0122 | RobustPrompt-T Loss 0.5505  
Epoch 154 |  Time(s) 0.0123 | RobustPrompt-T Loss 0.6439  
Epoch 155 |  Time(s) 0.0123 | RobustPrompt-T Loss 0.7481  
Epoch 156 |  Time(s) 0.0121 | RobustPrompt-T Loss 0.5890  
Epoch 157 |  Time(s) 0.0126 | RobustPrompt-T Loss 0.5656  
Epoch 158 |  Time(s) 0.0122 | RobustPrompt-T Loss 0.6681  
Epoch 159 |  Time(s) 0.0124 | RobustPrompt-T Loss 0.5319  
Epoch 160 |  Time(s) 0.0122 | RobustPrompt-T Loss 0.6124  
Epoch 161 |  Time(s) 0.0122 | RobustPrompt-T Loss 0.7077  
Epoch 162 |  Time(s) 0.0122 | RobustPrompt-T Loss 0.5691  
Epoch 163 |  Time(s) 0.0122 | RobustPrompt-T Loss 0.5536  
Epoch 164 |  Time(s) 0.0123 | RobustPrompt-T Loss 0.6818  
Epoch 165 |  Time(s) 0.0123 | RobustPrompt-T Loss 0.5198  
Epoch 166 |  Time(s) 0.0122 | RobustPrompt-T Loss 0.5922  
Epoch 167 |  Time(s) 0.0122 | RobustPrompt-T Loss 0.6819  
Epoch 168 |  Time(s) 0.0122 | RobustPrompt-T Loss 0.5629  
Epoch 169 |  Time(s) 0.0123 | RobustPrompt-T Loss 0.5419  
Epoch 170 |  Time(s) 0.0127 | RobustPrompt-T Loss 0.7031  
Epoch 171 |  Time(s) 0.0123 | RobustPrompt-T Loss 0.5314  
Epoch 172 |  Time(s) 0.0123 | RobustPrompt-T Loss 0.5493  
Epoch 173 |  Time(s) 0.0124 | RobustPrompt-T Loss 0.6725  
Epoch 174 |  Time(s) 0.0124 | RobustPrompt-T Loss 0.5823  
Epoch 175 |  Time(s) 0.0123 | RobustPrompt-T Loss 0.5342  
Epoch 176 |  Time(s) 0.0124 | RobustPrompt-T Loss 0.6891  
Epoch 177 |  Time(s) 0.0122 | RobustPrompt-T Loss 0.6222  
Epoch 178 |  Time(s) 0.0123 | RobustPrompt-T Loss 0.5053  
Epoch 179 |  Time(s) 0.0124 | RobustPrompt-T Loss 0.6772  
Epoch 180 |  Time(s) 0.0125 | RobustPrompt-T Loss 0.6654  
Epoch 181 |  Time(s) 0.0127 | RobustPrompt-T Loss 0.4636  
Epoch 182 |  Time(s) 0.0121 | RobustPrompt-T Loss 0.6798  
Epoch 183 |  Time(s) 0.0123 | RobustPrompt-T Loss 0.5310  
Epoch 184 |  Time(s) 0.0122 | RobustPrompt-T Loss 0.5854  
Epoch 185 |  Time(s) 0.0123 | RobustPrompt-T Loss 0.8580  
Epoch 186 |  Time(s) 0.0123 | RobustPrompt-T Loss 0.5697  
Epoch 187 |  Time(s) 0.0122 | RobustPrompt-T Loss 0.4542  
Epoch 188 |  Time(s) 0.0123 | RobustPrompt-T Loss 0.6224  
Epoch 189 |  Time(s) 0.0123 | RobustPrompt-T Loss 0.7955  
Epoch 190 |  Time(s) 0.0122 | RobustPrompt-T Loss 0.5728  
Epoch 191 |  Time(s) 0.0124 | RobustPrompt-T Loss 0.4992  
Epoch 192 |  Time(s) 0.0123 | RobustPrompt-T Loss 0.6128  
Epoch 193 |  Time(s) 0.0123 | RobustPrompt-T Loss 0.6346  
Epoch 194 |  Time(s) 0.0124 | RobustPrompt-T Loss 0.4331  
Epoch 195 |  Time(s) 0.0123 | RobustPrompt-T Loss 0.6121  
Epoch 196 |  Time(s) 0.0123 | RobustPrompt-T Loss 0.5803  
Epoch 197 |  Time(s) 0.0123 | RobustPrompt-T Loss 0.5717  
Epoch 198 |  Time(s) 0.0122 | RobustPrompt-T Loss 0.6500  
Epoch 199 |  Time(s) 0.0122 | RobustPrompt-T Loss 0.4713  
Epoch 200 |  Time(s) 0.0122 | RobustPrompt-T Loss 0.6474  
Final True Accuracy: 0.1221 | Macro F1 Score: 0.0798
Edge Detection Detail | source=filter_module | active=0 | n_edges=5835 | n_pos=610 | n_neg=5225 | pos_rate=0.1045 | pred_pos=5738 | pred_pos_rate=0.9834 | tp=610 | fp=5128 | fn=0 | tn=97 | precision=0.1063 | recall=1.0000 | f1=0.1922 | auc=0.8623 | ap=0.3969 | best_f1=0.5558 | best_threshold=0.9600 | best_precision=0.4452 | best_recall=0.7393 | best_pred_pos_rate=0.1736 | precision_at_k_pos=0.4984 | recall_at_k_pos=0.4984 | all_positive_f1=0.1893 | current_f1_minus_all_positive_f1=0.0029 | hard_mask_all_positive_like=0 | mode=original
Edge Detection Detail | source=tau_tune | active=1 | n_edges=5835 | n_pos=610 | n_neg=5225 | pos_rate=0.1045 | pred_pos=31 | pred_pos_rate=0.0053 | tp=15 | fp=16 | fn=595 | tn=5209 | precision=0.4839 | recall=0.0246 | f1=0.0468 | auc=0.6691 | ap=0.2240 | best_f1=0.2705 | best_threshold=0.0341 | best_precision=0.2011 | best_recall=0.4131 | best_pred_pos_rate=0.2147 | precision_at_k_pos=0.2525 | recall_at_k_pos=0.2525 | all_positive_f1=0.1893 | current_f1_minus_all_positive_f1=-0.1425 | hard_mask_all_positive_like=0
Tip Detection | tip=sim_pt | active=0 | node_precision=0.0000 | node_recall=0.0000 | node_f1=0.0000 | edge_precision=0.0000 | edge_recall=0.0000 | edge_f1=0.0000 | edge_auc=0.5000 | node_tp=0 | node_fp=0 | node_fn=443 | edge_tp=0 | edge_fp=0 | edge_fn=610
Edge Detection Detail | source=sim_pt | active=0 | n_edges=5835 | n_pos=610 | n_neg=5225 | pos_rate=0.1045 | pred_pos=0 | pred_pos_rate=0.0000 | tp=0 | fp=0 | fn=610 | tn=5225 | precision=0.0000 | recall=0.0000 | f1=0.0000 | auc=0.5000 | ap=0.1045 | best_f1=nan | best_threshold=nan | best_precision=nan | best_recall=nan | best_pred_pos_rate=nan | precision_at_k_pos=nan | recall_at_k_pos=nan | all_positive_f1=0.1893 | current_f1_minus_all_positive_f1=-0.1893 | hard_mask_all_positive_like=0
Tip Detection | tip=degree_pt | active=1 | node_precision=0.0000 | node_recall=0.0000 | node_f1=0.0000 | edge_precision=0.0000 | edge_recall=0.0000 | edge_f1=0.0000 | edge_auc=0.5000 | node_tp=0 | node_fp=0 | node_fn=443 | edge_tp=0 | edge_fp=0 | edge_fn=610
Edge Detection Detail | source=degree_pt | active=1 | n_edges=5835 | n_pos=610 | n_neg=5225 | pos_rate=0.1045 | pred_pos=0 | pred_pos_rate=0.0000 | tp=0 | fp=0 | fn=610 | tn=5225 | precision=0.0000 | recall=0.0000 | f1=0.0000 | auc=0.5000 | ap=0.1045 | best_f1=nan | best_threshold=nan | best_precision=nan | best_recall=nan | best_pred_pos_rate=nan | precision_at_k_pos=nan | recall_at_k_pos=nan | all_positive_f1=0.1893 | current_f1_minus_all_positive_f1=-0.1893 | hard_mask_all_positive_like=0
Tip Detection | tip=out_detect_pt | active=1 | node_precision=0.1640 | node_recall=1.0000 | node_f1=0.2817 | edge_precision=0.1045 | edge_recall=1.0000 | edge_f1=0.1893 | edge_auc=0.5000 | node_tp=443 | node_fp=2259 | node_fn=0 | edge_tp=610 | edge_fp=5225 | edge_fn=0
Edge Detection Detail | source=out_detect_pt | active=1 | n_edges=5835 | n_pos=610 | n_neg=5225 | pos_rate=0.1045 | pred_pos=5739 | pred_pos_rate=0.9835 | tp=610 | fp=5129 | fn=0 | tn=96 | precision=0.1063 | recall=1.0000 | f1=0.1922 | auc=0.8623 | ap=0.3969 | best_f1=0.5558 | best_threshold=0.9600 | best_precision=0.4452 | best_recall=0.7393 | best_pred_pos_rate=0.1736 | precision_at_k_pos=0.4984 | recall_at_k_pos=0.4984 | all_positive_f1=0.1893 | current_f1_minus_all_positive_f1=0.0029 | hard_mask_all_positive_like=0
best_loss [tensor(0.6474, device='cuda:0', grad_fn=<AddBackward0>)]
{1: {1: 0.18729235231876373}, 2: {1: 0.12624584138393402}, 3: {1: 0.15988372266292572}, 4: {1: 0.19476744532585144}, 5: {1: 0.12209302186965942}}
{1: {1: 0.18729235231876373, 2: 0.12624584138393402, 3: 0.15988372266292572, 4: 0.19476744532585144, 5: 0.12209302186965942}}
########################################################################################
seed: 1 | split 1 : 0.18729235231876373
# Seed 1 Muti Split Final Acc: 0.1873±0.0000
seed: 2 | split 1 : 0.12624584138393402
# Seed 2 Muti Split Final Acc: 0.1262±0.0000
seed: 3 | split 1 : 0.15988372266292572
# Seed 3 Muti Split Final Acc: 0.1599±0.0000
seed: 4 | split 1 : 0.19476744532585144
# Seed 4 Muti Split Final Acc: 0.1948±0.0000
seed: 5 | split 1 : 0.12209302186965942
# Seed 5 Muti Split Final Acc: 0.1221±0.0000
########################################################################################
split: 1 | seed 1 : 0.18729235231876373
split: 1 | seed 2 : 0.12624584138393402
split: 1 | seed 3 : 0.15988372266292572
split: 1 | seed 4 : 0.19476744532585144
split: 1 | seed 5 : 0.12209302186965942
# Split 1 Muti Seed Acc without min value: 0.1670±0.0269
########################################################################################
