load LLC or attacked data with specified split
Successfully loaded the attack of dataname with few shot 5, split 1
Attack method : Meta_Self | Attack ptb : 0.25 | Dataset: Cora
======================
Number of graphs: 1
Number of features: 1433
Number of classes: 7

Data(x=[2708, 1433], edge_index=[2, 15976], y=[2708], train_mask=[2708], val_mask=[2708], test_mask=[2708])
===========================================================================================================
Number of nodes: 2708
Number of edges: 15976
Average node degree: 5.90
Has isolated nodes: False
Has self-loops: True
Is undirected: True
GCN(
  (conv_layers): ModuleList(
    (0): GCNConv(1433, 256)
    (1): GCNConv(256, 256)
  )
)
Successfully loaded pre-trained weights!
use RobustPrompt Tranductive
defense pt dict :  {'sim_pt': 0.3, 'degree_pt': 1, 'out_detect_pt': -1.0, 'other_pt': 'all'}
use_attention :  False
cosine_constraint :  True
pt_threshold :  0.5
filter_module :  OriginalFilter
temperature :  1.0
weight_mse 0.1
weight_kl :  0.3
weight_constraint :  0.2
run RobustPrompt-T
Epoch 001 |  Time(s) 0.2580 | RobustPrompt-T Loss 1.9489  
Epoch 002 |  Time(s) 0.0131 | RobustPrompt-T Loss 1.9452  
Epoch 003 |  Time(s) 0.0127 | RobustPrompt-T Loss 1.9172  
Epoch 004 |  Time(s) 0.0124 | RobustPrompt-T Loss 1.8999  
Epoch 005 |  Time(s) 0.0124 | RobustPrompt-T Loss 1.8794  
Epoch 006 |  Time(s) 0.0131 | RobustPrompt-T Loss 1.8428  
Epoch 007 |  Time(s) 0.0128 | RobustPrompt-T Loss 1.7936  
Epoch 008 |  Time(s) 0.0125 | RobustPrompt-T Loss 1.7194  
Epoch 009 |  Time(s) 0.0127 | RobustPrompt-T Loss 1.6976  
Epoch 010 |  Time(s) 0.0128 | RobustPrompt-T Loss 1.6587  
Epoch 011 |  Time(s) 0.0126 | RobustPrompt-T Loss 1.5902  
Epoch 012 |  Time(s) 0.0127 | RobustPrompt-T Loss 1.6026  
Epoch 013 |  Time(s) 0.0128 | RobustPrompt-T Loss 1.5779  
Epoch 014 |  Time(s) 0.0128 | RobustPrompt-T Loss 1.5525  
Epoch 015 |  Time(s) 0.0126 | RobustPrompt-T Loss 1.5102  
Epoch 016 |  Time(s) 0.0131 | RobustPrompt-T Loss 1.5214  
Epoch 017 |  Time(s) 0.0130 | RobustPrompt-T Loss 1.4903  
Epoch 018 |  Time(s) 0.0128 | RobustPrompt-T Loss 1.4973  
Epoch 019 |  Time(s) 0.0128 | RobustPrompt-T Loss 1.4678  
Epoch 020 |  Time(s) 0.0130 | RobustPrompt-T Loss 1.4731  
Epoch 021 |  Time(s) 0.0132 | RobustPrompt-T Loss 1.4719  
Epoch 022 |  Time(s) 0.0132 | RobustPrompt-T Loss 1.4386  
Epoch 023 |  Time(s) 0.0129 | RobustPrompt-T Loss 1.4005  
Epoch 024 |  Time(s) 0.0129 | RobustPrompt-T Loss 1.3798  
Epoch 025 |  Time(s) 0.0127 | RobustPrompt-T Loss 1.4652  
Epoch 026 |  Time(s) 0.0117 | RobustPrompt-T Loss 1.4906  
Epoch 027 |  Time(s) 0.0127 | RobustPrompt-T Loss 1.3115  
Epoch 028 |  Time(s) 0.0129 | RobustPrompt-T Loss 1.3220  
Epoch 029 |  Time(s) 0.0119 | RobustPrompt-T Loss 1.4557  
Epoch 030 |  Time(s) 0.0121 | RobustPrompt-T Loss 1.3846  
Epoch 031 |  Time(s) 0.0132 | RobustPrompt-T Loss 1.3967  
Epoch 032 |  Time(s) 0.0132 | RobustPrompt-T Loss 1.4484  
Epoch 033 |  Time(s) 0.0129 | RobustPrompt-T Loss 1.4632  
Epoch 034 |  Time(s) 0.0132 | RobustPrompt-T Loss 1.4039  
Epoch 035 |  Time(s) 0.0129 | RobustPrompt-T Loss 1.2177  
Epoch 036 |  Time(s) 0.0133 | RobustPrompt-T Loss 1.2560  
Epoch 037 |  Time(s) 0.0133 | RobustPrompt-T Loss 1.1766  
Epoch 038 |  Time(s) 0.0133 | RobustPrompt-T Loss 1.2349  
Epoch 039 |  Time(s) 0.0132 | RobustPrompt-T Loss 1.1239  
Epoch 040 |  Time(s) 0.0128 | RobustPrompt-T Loss 1.1481  
Epoch 041 |  Time(s) 0.0118 | RobustPrompt-T Loss 1.1460  
Epoch 042 |  Time(s) 0.0127 | RobustPrompt-T Loss 1.1967  
Epoch 043 |  Time(s) 0.0129 | RobustPrompt-T Loss 1.1748  
Epoch 044 |  Time(s) 0.0124 | RobustPrompt-T Loss 1.0920  
Epoch 045 |  Time(s) 0.0128 | RobustPrompt-T Loss 1.1031  
Epoch 046 |  Time(s) 0.0130 | RobustPrompt-T Loss 1.0289  
Epoch 047 |  Time(s) 0.0130 | RobustPrompt-T Loss 1.0480  
Epoch 048 |  Time(s) 0.0135 | RobustPrompt-T Loss 1.0127  
Epoch 049 |  Time(s) 0.0123 | RobustPrompt-T Loss 1.0081  
Epoch 050 |  Time(s) 0.0122 | RobustPrompt-T Loss 0.9756  
Epoch 051 |  Time(s) 0.0126 | RobustPrompt-T Loss 0.9266  
Epoch 052 |  Time(s) 0.0125 | RobustPrompt-T Loss 0.9062  
Epoch 053 |  Time(s) 0.0121 | RobustPrompt-T Loss 0.8885  
Epoch 054 |  Time(s) 0.0126 | RobustPrompt-T Loss 0.8831  
Epoch 055 |  Time(s) 0.0127 | RobustPrompt-T Loss 0.8674  
Epoch 056 |  Time(s) 0.0130 | RobustPrompt-T Loss 0.7917  
Epoch 057 |  Time(s) 0.0126 | RobustPrompt-T Loss 0.8256  
Epoch 058 |  Time(s) 0.0129 | RobustPrompt-T Loss 0.7800  
Epoch 059 |  Time(s) 0.0129 | RobustPrompt-T Loss 0.7717  
Epoch 060 |  Time(s) 0.0131 | RobustPrompt-T Loss 0.7100  
Epoch 061 |  Time(s) 0.0131 | RobustPrompt-T Loss 0.6953  
Epoch 062 |  Time(s) 0.0132 | RobustPrompt-T Loss 0.6811  
Epoch 063 |  Time(s) 0.0129 | RobustPrompt-T Loss 0.6604  
Epoch 064 |  Time(s) 0.0130 | RobustPrompt-T Loss 0.6286  
Epoch 065 |  Time(s) 0.0137 | RobustPrompt-T Loss 0.6002  
Epoch 066 |  Time(s) 0.0134 | RobustPrompt-T Loss 0.5688  
Epoch 067 |  Time(s) 0.0131 | RobustPrompt-T Loss 0.5897  
Epoch 068 |  Time(s) 0.0129 | RobustPrompt-T Loss 0.5806  
Epoch 069 |  Time(s) 0.0130 | RobustPrompt-T Loss 0.5445  
Epoch 070 |  Time(s) 0.0130 | RobustPrompt-T Loss 0.5250  
Epoch 071 |  Time(s) 0.0131 | RobustPrompt-T Loss 0.4683  
Epoch 072 |  Time(s) 0.0131 | RobustPrompt-T Loss 0.4406  
Epoch 073 |  Time(s) 0.0129 | RobustPrompt-T Loss 0.4366  
Epoch 074 |  Time(s) 0.0129 | RobustPrompt-T Loss 0.4017  
Epoch 075 |  Time(s) 0.0131 | RobustPrompt-T Loss 0.4161  
Epoch 076 |  Time(s) 0.0131 | RobustPrompt-T Loss 0.3750  
Epoch 077 |  Time(s) 0.0139 | RobustPrompt-T Loss 0.3465  
Epoch 078 |  Time(s) 0.0135 | RobustPrompt-T Loss 0.3389  
Epoch 079 |  Time(s) 0.0134 | RobustPrompt-T Loss 0.3262  
Epoch 080 |  Time(s) 0.0125 | RobustPrompt-T Loss 0.3180  
Epoch 081 |  Time(s) 0.0119 | RobustPrompt-T Loss 0.2858  
Epoch 082 |  Time(s) 0.0129 | RobustPrompt-T Loss 0.2622  
Epoch 083 |  Time(s) 0.0128 | RobustPrompt-T Loss 0.2644  
Epoch 084 |  Time(s) 0.0134 | RobustPrompt-T Loss 0.2496  
Epoch 085 |  Time(s) 0.0129 | RobustPrompt-T Loss 0.2495  
Epoch 086 |  Time(s) 0.0131 | RobustPrompt-T Loss 0.2083  
Epoch 087 |  Time(s) 0.0127 | RobustPrompt-T Loss 0.2057  
Epoch 088 |  Time(s) 0.0131 | RobustPrompt-T Loss 0.2000  
Epoch 089 |  Time(s) 0.0124 | RobustPrompt-T Loss 0.1823  
Epoch 090 |  Time(s) 0.0132 | RobustPrompt-T Loss 0.1673  
Epoch 091 |  Time(s) 0.0121 | RobustPrompt-T Loss 0.1574  
Epoch 092 |  Time(s) 0.0121 | RobustPrompt-T Loss 0.1511  
Epoch 093 |  Time(s) 0.0120 | RobustPrompt-T Loss 0.1660  
Epoch 094 |  Time(s) 0.0126 | RobustPrompt-T Loss 0.1496  
Epoch 095 |  Time(s) 0.0127 | RobustPrompt-T Loss 0.1236  
Epoch 096 |  Time(s) 0.0127 | RobustPrompt-T Loss 0.1127  
Epoch 097 |  Time(s) 0.0130 | RobustPrompt-T Loss 0.1160  
Epoch 098 |  Time(s) 0.0126 | RobustPrompt-T Loss 0.1082  
Epoch 099 |  Time(s) 0.0136 | RobustPrompt-T Loss 0.0974  
Epoch 100 |  Time(s) 0.0125 | RobustPrompt-T Loss 0.0981  
Epoch 101 |  Time(s) 0.0145 | RobustPrompt-T Loss 0.1042  
Epoch 102 |  Time(s) 0.0131 | RobustPrompt-T Loss 0.0887  
Epoch 103 |  Time(s) 0.0129 | RobustPrompt-T Loss 0.0848  
Epoch 104 |  Time(s) 0.0139 | RobustPrompt-T Loss 0.0899  
Epoch 105 |  Time(s) 0.0134 | RobustPrompt-T Loss 0.0845  
Epoch 106 |  Time(s) 0.0135 | RobustPrompt-T Loss 0.0792  
Epoch 107 |  Time(s) 0.0123 | RobustPrompt-T Loss 0.0817  
Epoch 108 |  Time(s) 0.0130 | RobustPrompt-T Loss 0.0814  
Epoch 109 |  Time(s) 0.0126 | RobustPrompt-T Loss 0.0770  
Epoch 110 |  Time(s) 0.0123 | RobustPrompt-T Loss 0.0718  
Epoch 111 |  Time(s) 0.0127 | RobustPrompt-T Loss 0.0715  
Epoch 112 |  Time(s) 0.0121 | RobustPrompt-T Loss 0.0789  
Epoch 113 |  Time(s) 0.0133 | RobustPrompt-T Loss 0.0672  
Epoch 114 |  Time(s) 0.0129 | RobustPrompt-T Loss 0.0657  
Epoch 115 |  Time(s) 0.0130 | RobustPrompt-T Loss 0.0659  
Epoch 116 |  Time(s) 0.0118 | RobustPrompt-T Loss 0.0667  
Epoch 117 |  Time(s) 0.0122 | RobustPrompt-T Loss 0.0665  
Epoch 118 |  Time(s) 0.0119 | RobustPrompt-T Loss 0.0644  
Epoch 119 |  Time(s) 0.0128 | RobustPrompt-T Loss 0.0629  
Epoch 120 |  Time(s) 0.0131 | RobustPrompt-T Loss 0.0613  
Epoch 121 |  Time(s) 0.0130 | RobustPrompt-T Loss 0.0674  
Epoch 122 |  Time(s) 0.0130 | RobustPrompt-T Loss 0.0626  
Epoch 123 |  Time(s) 0.0140 | RobustPrompt-T Loss 0.0626  
Epoch 124 |  Time(s) 0.0128 | RobustPrompt-T Loss 0.0651  
Epoch 125 |  Time(s) 0.0125 | RobustPrompt-T Loss 0.0601  
Epoch 126 |  Time(s) 0.0129 | RobustPrompt-T Loss 0.0607  
Epoch 127 |  Time(s) 0.0128 | RobustPrompt-T Loss 0.0611  
Epoch 128 |  Time(s) 0.0128 | RobustPrompt-T Loss 0.0592  
Epoch 129 |  Time(s) 0.0124 | RobustPrompt-T Loss 0.0603  
Epoch 130 |  Time(s) 0.0127 | RobustPrompt-T Loss 0.0601  
Epoch 131 |  Time(s) 0.0124 | RobustPrompt-T Loss 0.0613  
Epoch 132 |  Time(s) 0.0126 | RobustPrompt-T Loss 0.0597  
Epoch 133 |  Time(s) 0.0124 | RobustPrompt-T Loss 0.0638  
Epoch 134 |  Time(s) 0.0127 | RobustPrompt-T Loss 0.0658  
Epoch 135 |  Time(s) 0.0129 | RobustPrompt-T Loss 0.0714  
Epoch 136 |  Time(s) 0.0124 | RobustPrompt-T Loss 0.0787  
Epoch 137 |  Time(s) 0.0127 | RobustPrompt-T Loss 0.1037  
Epoch 138 |  Time(s) 0.0129 | RobustPrompt-T Loss 0.0949  
Epoch 139 |  Time(s) 0.0130 | RobustPrompt-T Loss 0.0667  
Epoch 140 |  Time(s) 0.0129 | RobustPrompt-T Loss 0.0564  
Epoch 141 |  Time(s) 0.0129 | RobustPrompt-T Loss 0.0623  
Epoch 142 |  Time(s) 0.0126 | RobustPrompt-T Loss 0.0592  
Epoch 143 |  Time(s) 0.0128 | RobustPrompt-T Loss 0.0500  
Epoch 144 |  Time(s) 0.0128 | RobustPrompt-T Loss 0.0536  
Epoch 145 |  Time(s) 0.0130 | RobustPrompt-T Loss 0.0555  
Epoch 146 |  Time(s) 0.0131 | RobustPrompt-T Loss 0.0488  
Epoch 147 |  Time(s) 0.0130 | RobustPrompt-T Loss 0.0498  
Epoch 148 |  Time(s) 0.0130 | RobustPrompt-T Loss 0.0553  
Epoch 149 |  Time(s) 0.0131 | RobustPrompt-T Loss 0.0483  
Epoch 150 |  Time(s) 0.0130 | RobustPrompt-T Loss 0.0469  
Epoch 151 |  Time(s) 0.0130 | RobustPrompt-T Loss 0.0509  
Epoch 152 |  Time(s) 0.0130 | RobustPrompt-T Loss 0.0509  
Epoch 153 |  Time(s) 0.0133 | RobustPrompt-T Loss 0.0466  
Epoch 154 |  Time(s) 0.0136 | RobustPrompt-T Loss 0.0501  
Epoch 155 |  Time(s) 0.0134 | RobustPrompt-T Loss 0.0540  
Epoch 156 |  Time(s) 0.0132 | RobustPrompt-T Loss 0.0472  
Epoch 157 |  Time(s) 0.0136 | RobustPrompt-T Loss 0.0510  
Epoch 158 |  Time(s) 0.0133 | RobustPrompt-T Loss 0.0648  
Epoch 159 |  Time(s) 0.0137 | RobustPrompt-T Loss 0.0580  
Epoch 160 |  Time(s) 0.0133 | RobustPrompt-T Loss 0.0467  
Epoch 161 |  Time(s) 0.0131 | RobustPrompt-T Loss 0.0465  
Epoch 162 |  Time(s) 0.0128 | RobustPrompt-T Loss 0.0505  
Epoch 163 |  Time(s) 0.0130 | RobustPrompt-T Loss 0.0508  
Epoch 164 |  Time(s) 0.0130 | RobustPrompt-T Loss 0.0448  
Epoch 165 |  Time(s) 0.0130 | RobustPrompt-T Loss 0.0463  
Epoch 166 |  Time(s) 0.0131 | RobustPrompt-T Loss 0.0468  
Epoch 167 |  Time(s) 0.0130 | RobustPrompt-T Loss 0.0425  
Epoch 168 |  Time(s) 0.0131 | RobustPrompt-T Loss 0.0443  
Epoch 169 |  Time(s) 0.0131 | RobustPrompt-T Loss 0.0482  
Epoch 170 |  Time(s) 0.0130 | RobustPrompt-T Loss 0.0450  
Epoch 171 |  Time(s) 0.0127 | RobustPrompt-T Loss 0.0440  
Epoch 172 |  Time(s) 0.0130 | RobustPrompt-T Loss 0.0478  
Epoch 173 |  Time(s) 0.0131 | RobustPrompt-T Loss 0.0422  
Epoch 174 |  Time(s) 0.0132 | RobustPrompt-T Loss 0.0434  
Epoch 175 |  Time(s) 0.0134 | RobustPrompt-T Loss 0.0505  
Epoch 176 |  Time(s) 0.0132 | RobustPrompt-T Loss 0.0429  
Epoch 177 |  Time(s) 0.0131 | RobustPrompt-T Loss 0.0408  
Epoch 178 |  Time(s) 0.0131 | RobustPrompt-T Loss 0.0454  
Epoch 179 |  Time(s) 0.0132 | RobustPrompt-T Loss 0.0393  
Epoch 180 |  Time(s) 0.0130 | RobustPrompt-T Loss 0.0428  
Epoch 181 |  Time(s) 0.0130 | RobustPrompt-T Loss 0.0436  
Epoch 182 |  Time(s) 0.0130 | RobustPrompt-T Loss 0.0406  
Epoch 183 |  Time(s) 0.0131 | RobustPrompt-T Loss 0.0425  
Epoch 184 |  Time(s) 0.0137 | RobustPrompt-T Loss 0.0408  
Epoch 185 |  Time(s) 0.0137 | RobustPrompt-T Loss 0.0412  
Epoch 186 |  Time(s) 0.0129 | RobustPrompt-T Loss 0.0446  
Epoch 187 |  Time(s) 0.0133 | RobustPrompt-T Loss 0.0408  
Epoch 188 |  Time(s) 0.0132 | RobustPrompt-T Loss 0.0410  
Epoch 189 |  Time(s) 0.0133 | RobustPrompt-T Loss 0.0417  
Epoch 190 |  Time(s) 0.0130 | RobustPrompt-T Loss 0.0398  
Epoch 191 |  Time(s) 0.0129 | RobustPrompt-T Loss 0.0427  
Epoch 192 |  Time(s) 0.0130 | RobustPrompt-T Loss 0.0397  
Epoch 193 |  Time(s) 0.0131 | RobustPrompt-T Loss 0.0398  
Epoch 194 |  Time(s) 0.0131 | RobustPrompt-T Loss 0.0419  
Epoch 195 |  Time(s) 0.0134 | RobustPrompt-T Loss 0.0410  
Epoch 196 |  Time(s) 0.0131 | RobustPrompt-T Loss 0.0423  
Epoch 197 |  Time(s) 0.0132 | RobustPrompt-T Loss 0.0511  
Epoch 198 |  Time(s) 0.0133 | RobustPrompt-T Loss 0.0635  
----------------------------------------------------------------------------------------------------
Early stopping at 199 eopch!
Final True Accuracy: 0.0880 | Macro F1 Score: 0.0622
best_loss [tensor(0.1091, device='cuda:0', grad_fn=<AddBackward0>)]
load LLC or attacked data with specified split
Successfully loaded the attack of dataname with few shot 5, split 1
Attack method : Meta_Self | Attack ptb : 0.25 | Dataset: Cora
======================
Number of graphs: 1
Number of features: 1433
Number of classes: 7

Data(x=[2708, 1433], edge_index=[2, 15976], y=[2708], train_mask=[2708], val_mask=[2708], test_mask=[2708])
===========================================================================================================
Number of nodes: 2708
Number of edges: 15976
Average node degree: 5.90
Has isolated nodes: False
Has self-loops: True
Is undirected: True
GCN(
  (conv_layers): ModuleList(
    (0): GCNConv(1433, 256)
    (1): GCNConv(256, 256)
  )
)
Successfully loaded pre-trained weights!
use RobustPrompt Tranductive
defense pt dict :  {'sim_pt': 0.3, 'degree_pt': 1, 'out_detect_pt': -1.0, 'other_pt': 'all'}
use_attention :  False
cosine_constraint :  True
pt_threshold :  0.5
filter_module :  OriginalFilter
temperature :  1.0
weight_mse 0.1
weight_kl :  0.3
weight_constraint :  0.2
run RobustPrompt-T
Epoch 001 |  Time(s) 0.0128 | RobustPrompt-T Loss 1.9468  
Epoch 002 |  Time(s) 0.0121 | RobustPrompt-T Loss 1.9162  
Epoch 003 |  Time(s) 0.0127 | RobustPrompt-T Loss 1.9253  
Epoch 004 |  Time(s) 0.0130 | RobustPrompt-T Loss 1.9091  
Epoch 005 |  Time(s) 0.0131 | RobustPrompt-T Loss 1.8887  
Epoch 006 |  Time(s) 0.0128 | RobustPrompt-T Loss 1.8693  
Epoch 007 |  Time(s) 0.0124 | RobustPrompt-T Loss 1.8596  
Epoch 008 |  Time(s) 0.0129 | RobustPrompt-T Loss 1.8192  
Epoch 009 |  Time(s) 0.0130 | RobustPrompt-T Loss 1.7605  
Epoch 010 |  Time(s) 0.0130 | RobustPrompt-T Loss 1.7287  
Epoch 011 |  Time(s) 0.0129 | RobustPrompt-T Loss 1.6761  
Epoch 012 |  Time(s) 0.0131 | RobustPrompt-T Loss 1.6332  
Epoch 013 |  Time(s) 0.0137 | RobustPrompt-T Loss 1.5954  
Epoch 014 |  Time(s) 0.0134 | RobustPrompt-T Loss 1.5487  
Epoch 015 |  Time(s) 0.0136 | RobustPrompt-T Loss 1.5192  
Epoch 016 |  Time(s) 0.0133 | RobustPrompt-T Loss 1.5052  
Epoch 017 |  Time(s) 0.0133 | RobustPrompt-T Loss 1.5079  
Epoch 018 |  Time(s) 0.0130 | RobustPrompt-T Loss 1.4613  
Epoch 019 |  Time(s) 0.0131 | RobustPrompt-T Loss 1.4631  
Epoch 020 |  Time(s) 0.0135 | RobustPrompt-T Loss 1.4592  
Epoch 021 |  Time(s) 0.0133 | RobustPrompt-T Loss 1.4520  
Epoch 022 |  Time(s) 0.0131 | RobustPrompt-T Loss 1.4073  
Epoch 023 |  Time(s) 0.0130 | RobustPrompt-T Loss 1.4282  
Epoch 024 |  Time(s) 0.0130 | RobustPrompt-T Loss 1.4103  
Epoch 025 |  Time(s) 0.0135 | RobustPrompt-T Loss 1.3958  
Epoch 026 |  Time(s) 0.0133 | RobustPrompt-T Loss 1.3830  
Epoch 027 |  Time(s) 0.0132 | RobustPrompt-T Loss 1.3480  
Epoch 028 |  Time(s) 0.0135 | RobustPrompt-T Loss 1.3220  
Epoch 029 |  Time(s) 0.0135 | RobustPrompt-T Loss 1.3202  
Epoch 030 |  Time(s) 0.0136 | RobustPrompt-T Loss 1.3906  
Epoch 031 |  Time(s) 0.0133 | RobustPrompt-T Loss 1.4448  
Epoch 032 |  Time(s) 0.0138 | RobustPrompt-T Loss 1.2545  
Epoch 033 |  Time(s) 0.0133 | RobustPrompt-T Loss 1.3594  
Epoch 034 |  Time(s) 0.0136 | RobustPrompt-T Loss 1.2771  
Epoch 035 |  Time(s) 0.0133 | RobustPrompt-T Loss 1.2016  
Epoch 036 |  Time(s) 0.0137 | RobustPrompt-T Loss 1.2629  
Epoch 037 |  Time(s) 0.0134 | RobustPrompt-T Loss 1.1679  
Epoch 038 |  Time(s) 0.0137 | RobustPrompt-T Loss 1.2516  
Epoch 039 |  Time(s) 0.0135 | RobustPrompt-T Loss 1.1395  
Epoch 040 |  Time(s) 0.0136 | RobustPrompt-T Loss 1.1106  
Epoch 041 |  Time(s) 0.0133 | RobustPrompt-T Loss 1.0811  
Epoch 042 |  Time(s) 0.0136 | RobustPrompt-T Loss 1.0306  
Epoch 043 |  Time(s) 0.0133 | RobustPrompt-T Loss 1.0198  
Epoch 044 |  Time(s) 0.0136 | RobustPrompt-T Loss 1.0207  
Epoch 045 |  Time(s) 0.0133 | RobustPrompt-T Loss 0.9615  
Epoch 046 |  Time(s) 0.0132 | RobustPrompt-T Loss 0.9281  
Epoch 047 |  Time(s) 0.0136 | RobustPrompt-T Loss 0.9387  
Epoch 048 |  Time(s) 0.0133 | RobustPrompt-T Loss 0.8974  
Epoch 049 |  Time(s) 0.0136 | RobustPrompt-T Loss 0.8824  
Epoch 050 |  Time(s) 0.0133 | RobustPrompt-T Loss 0.8361  
Epoch 051 |  Time(s) 0.0132 | RobustPrompt-T Loss 0.7765  
Epoch 052 |  Time(s) 0.0135 | RobustPrompt-T Loss 0.7968  
Epoch 053 |  Time(s) 0.0134 | RobustPrompt-T Loss 0.7511  
Epoch 054 |  Time(s) 0.0131 | RobustPrompt-T Loss 0.7374  
Epoch 055 |  Time(s) 0.0136 | RobustPrompt-T Loss 0.6973  
Epoch 056 |  Time(s) 0.0133 | RobustPrompt-T Loss 0.6820  
Epoch 057 |  Time(s) 0.0137 | RobustPrompt-T Loss 0.6865  
Epoch 058 |  Time(s) 0.0135 | RobustPrompt-T Loss 0.6576  
Epoch 059 |  Time(s) 0.0135 | RobustPrompt-T Loss 0.6385  
Epoch 060 |  Time(s) 0.0134 | RobustPrompt-T Loss 0.6026  
Epoch 061 |  Time(s) 0.0137 | RobustPrompt-T Loss 0.5657  
Epoch 062 |  Time(s) 0.0134 | RobustPrompt-T Loss 0.5681  
Epoch 063 |  Time(s) 0.0137 | RobustPrompt-T Loss 0.5531  
Epoch 064 |  Time(s) 0.0132 | RobustPrompt-T Loss 0.5218  
Epoch 065 |  Time(s) 0.0132 | RobustPrompt-T Loss 0.5306  
Epoch 066 |  Time(s) 0.0136 | RobustPrompt-T Loss 0.4998  
Epoch 067 |  Time(s) 0.0138 | RobustPrompt-T Loss 0.4909  
Epoch 068 |  Time(s) 0.0133 | RobustPrompt-T Loss 0.4845  
Epoch 069 |  Time(s) 0.0132 | RobustPrompt-T Loss 0.4439  
Epoch 070 |  Time(s) 0.0134 | RobustPrompt-T Loss 0.4297  
Epoch 071 |  Time(s) 0.0135 | RobustPrompt-T Loss 0.4482  
Epoch 072 |  Time(s) 0.0137 | RobustPrompt-T Loss 0.4239  
Epoch 073 |  Time(s) 0.0134 | RobustPrompt-T Loss 0.4236  
Epoch 074 |  Time(s) 0.0137 | RobustPrompt-T Loss 0.4076  
Epoch 075 |  Time(s) 0.0133 | RobustPrompt-T Loss 0.3809  
Epoch 076 |  Time(s) 0.0135 | RobustPrompt-T Loss 0.4045  
Epoch 077 |  Time(s) 0.0132 | RobustPrompt-T Loss 0.3555  
Epoch 078 |  Time(s) 0.0133 | RobustPrompt-T Loss 0.3390  
Epoch 079 |  Time(s) 0.0135 | RobustPrompt-T Loss 0.3665  
Epoch 080 |  Time(s) 0.0140 | RobustPrompt-T Loss 0.3281  
Epoch 081 |  Time(s) 0.0134 | RobustPrompt-T Loss 0.3285  
Epoch 082 |  Time(s) 0.0136 | RobustPrompt-T Loss 0.2990  
Epoch 083 |  Time(s) 0.0133 | RobustPrompt-T Loss 0.2990  
Epoch 084 |  Time(s) 0.0137 | RobustPrompt-T Loss 0.2898  
Epoch 085 |  Time(s) 0.0135 | RobustPrompt-T Loss 0.2739  
Epoch 086 |  Time(s) 0.0136 | RobustPrompt-T Loss 0.2714  
Epoch 087 |  Time(s) 0.0133 | RobustPrompt-T Loss 0.2654  
Epoch 088 |  Time(s) 0.0137 | RobustPrompt-T Loss 0.2553  
Epoch 089 |  Time(s) 0.0138 | RobustPrompt-T Loss 0.2524  
Epoch 090 |  Time(s) 0.0140 | RobustPrompt-T Loss 0.2545  
Epoch 091 |  Time(s) 0.0134 | RobustPrompt-T Loss 0.2348  
Epoch 092 |  Time(s) 0.0137 | RobustPrompt-T Loss 0.2212  
Epoch 093 |  Time(s) 0.0138 | RobustPrompt-T Loss 0.2294  
Epoch 094 |  Time(s) 0.0135 | RobustPrompt-T Loss 0.2185  
Epoch 095 |  Time(s) 0.0138 | RobustPrompt-T Loss 0.2185  
Epoch 096 |  Time(s) 0.0138 | RobustPrompt-T Loss 0.1970  
Epoch 097 |  Time(s) 0.0135 | RobustPrompt-T Loss 0.1858  
Epoch 098 |  Time(s) 0.0138 | RobustPrompt-T Loss 0.1806  
Epoch 099 |  Time(s) 0.0139 | RobustPrompt-T Loss 0.1774  
Epoch 100 |  Time(s) 0.0133 | RobustPrompt-T Loss 0.1884  
Epoch 101 |  Time(s) 0.0131 | RobustPrompt-T Loss 0.1774  
Epoch 102 |  Time(s) 0.0134 | RobustPrompt-T Loss 0.1746  
Epoch 103 |  Time(s) 0.0136 | RobustPrompt-T Loss 0.1689  
Epoch 104 |  Time(s) 0.0137 | RobustPrompt-T Loss 0.1659  
Epoch 105 |  Time(s) 0.0138 | RobustPrompt-T Loss 0.1702  
Epoch 106 |  Time(s) 0.0136 | RobustPrompt-T Loss 0.1609  
Epoch 107 |  Time(s) 0.0135 | RobustPrompt-T Loss 0.1601  
Epoch 108 |  Time(s) 0.0139 | RobustPrompt-T Loss 0.1640  
Epoch 109 |  Time(s) 0.0135 | RobustPrompt-T Loss 0.1624  
Epoch 110 |  Time(s) 0.0137 | RobustPrompt-T Loss 0.1472  
Epoch 111 |  Time(s) 0.0139 | RobustPrompt-T Loss 0.1186  
Epoch 112 |  Time(s) 0.0139 | RobustPrompt-T Loss 0.1190  
Epoch 113 |  Time(s) 0.0135 | RobustPrompt-T Loss 0.1128  
Epoch 114 |  Time(s) 0.0130 | RobustPrompt-T Loss 0.1093  
Epoch 115 |  Time(s) 0.0137 | RobustPrompt-T Loss 0.1156  
Epoch 116 |  Time(s) 0.0140 | RobustPrompt-T Loss 0.1031  
Epoch 117 |  Time(s) 0.0139 | RobustPrompt-T Loss 0.0937  
Epoch 118 |  Time(s) 0.0139 | RobustPrompt-T Loss 0.0988  
Epoch 119 |  Time(s) 0.0135 | RobustPrompt-T Loss 0.1043  
Epoch 120 |  Time(s) 0.0137 | RobustPrompt-T Loss 0.0968  
Epoch 121 |  Time(s) 0.0139 | RobustPrompt-T Loss 0.1008  
Epoch 122 |  Time(s) 0.0140 | RobustPrompt-T Loss 0.0888  
Epoch 123 |  Time(s) 0.0139 | RobustPrompt-T Loss 0.0824  
Epoch 124 |  Time(s) 0.0135 | RobustPrompt-T Loss 0.0791  
Epoch 125 |  Time(s) 0.0137 | RobustPrompt-T Loss 0.0788  
Epoch 126 |  Time(s) 0.0139 | RobustPrompt-T Loss 0.0776  
Epoch 127 |  Time(s) 0.0134 | RobustPrompt-T Loss 0.0940  
Epoch 128 |  Time(s) 0.0137 | RobustPrompt-T Loss 0.0883  
Epoch 129 |  Time(s) 0.0134 | RobustPrompt-T Loss 0.1073  
Epoch 130 |  Time(s) 0.0137 | RobustPrompt-T Loss 0.2025  
Epoch 131 |  Time(s) 0.0138 | RobustPrompt-T Loss 0.1010  
Epoch 132 |  Time(s) 0.0134 | RobustPrompt-T Loss 0.0851  
Epoch 133 |  Time(s) 0.0137 | RobustPrompt-T Loss 0.0878  
Epoch 134 |  Time(s) 0.0133 | RobustPrompt-T Loss 0.1157  
Epoch 135 |  Time(s) 0.0139 | RobustPrompt-T Loss 0.1597  
Epoch 136 |  Time(s) 0.0138 | RobustPrompt-T Loss 0.0626  
Epoch 137 |  Time(s) 0.0133 | RobustPrompt-T Loss 0.1663  
Epoch 138 |  Time(s) 0.0137 | RobustPrompt-T Loss 0.2001  
Epoch 139 |  Time(s) 0.0134 | RobustPrompt-T Loss 0.0865  
Epoch 140 |  Time(s) 0.0138 | RobustPrompt-T Loss 0.1223  
Epoch 141 |  Time(s) 0.0138 | RobustPrompt-T Loss 0.1488  
Epoch 142 |  Time(s) 0.0133 | RobustPrompt-T Loss 0.0717  
Epoch 143 |  Time(s) 0.0137 | RobustPrompt-T Loss 0.0825  
Epoch 144 |  Time(s) 0.0140 | RobustPrompt-T Loss 0.1160  
Epoch 145 |  Time(s) 0.0135 | RobustPrompt-T Loss 0.0689  
Epoch 146 |  Time(s) 0.0137 | RobustPrompt-T Loss 0.0793  
Epoch 147 |  Time(s) 0.0130 | RobustPrompt-T Loss 0.1630  
Epoch 148 |  Time(s) 0.0141 | RobustPrompt-T Loss 0.0573  
Epoch 149 |  Time(s) 0.0138 | RobustPrompt-T Loss 0.1290  
Epoch 150 |  Time(s) 0.0135 | RobustPrompt-T Loss 0.0654  
Epoch 151 |  Time(s) 0.0136 | RobustPrompt-T Loss 0.1038  
Epoch 152 |  Time(s) 0.0133 | RobustPrompt-T Loss 0.1132  
Epoch 153 |  Time(s) 0.0134 | RobustPrompt-T Loss 0.0624  
Epoch 154 |  Time(s) 0.0134 | RobustPrompt-T Loss 0.0779  
Epoch 155 |  Time(s) 0.0127 | RobustPrompt-T Loss 0.0546  
Epoch 156 |  Time(s) 0.0130 | RobustPrompt-T Loss 0.0646  
Epoch 157 |  Time(s) 0.0133 | RobustPrompt-T Loss 0.0677  
Epoch 158 |  Time(s) 0.0134 | RobustPrompt-T Loss 0.0445  
Epoch 159 |  Time(s) 0.0128 | RobustPrompt-T Loss 0.0572  
Epoch 160 |  Time(s) 0.0129 | RobustPrompt-T Loss 0.0480  
Epoch 161 |  Time(s) 0.0137 | RobustPrompt-T Loss 0.0569  
Epoch 162 |  Time(s) 0.0134 | RobustPrompt-T Loss 0.0419  
Epoch 163 |  Time(s) 0.0129 | RobustPrompt-T Loss 0.0475  
Epoch 164 |  Time(s) 0.0127 | RobustPrompt-T Loss 0.0417  
Epoch 165 |  Time(s) 0.0130 | RobustPrompt-T Loss 0.0460  
Epoch 166 |  Time(s) 0.0133 | RobustPrompt-T Loss 0.0577  
Epoch 167 |  Time(s) 0.0130 | RobustPrompt-T Loss 0.0391  
Epoch 168 |  Time(s) 0.0127 | RobustPrompt-T Loss 0.0465  
Epoch 169 |  Time(s) 0.0135 | RobustPrompt-T Loss 0.0361  
Epoch 170 |  Time(s) 0.0136 | RobustPrompt-T Loss 0.0514  
Epoch 171 |  Time(s) 0.0131 | RobustPrompt-T Loss 0.0405  
Epoch 172 |  Time(s) 0.0130 | RobustPrompt-T Loss 0.0417  
Epoch 173 |  Time(s) 0.0132 | RobustPrompt-T Loss 0.0447  
Epoch 174 |  Time(s) 0.0128 | RobustPrompt-T Loss 0.0405  
Epoch 175 |  Time(s) 0.0133 | RobustPrompt-T Loss 0.0421  
Epoch 176 |  Time(s) 0.0130 | RobustPrompt-T Loss 0.0405  
Epoch 177 |  Time(s) 0.0130 | RobustPrompt-T Loss 0.0499  
Epoch 178 |  Time(s) 0.0130 | RobustPrompt-T Loss 0.0433  
Epoch 179 |  Time(s) 0.0127 | RobustPrompt-T Loss 0.0367  
Epoch 180 |  Time(s) 0.0131 | RobustPrompt-T Loss 0.0430  
Epoch 181 |  Time(s) 0.0132 | RobustPrompt-T Loss 0.0386  
Epoch 182 |  Time(s) 0.0129 | RobustPrompt-T Loss 0.0479  
Epoch 183 |  Time(s) 0.0130 | RobustPrompt-T Loss 0.0477  
Epoch 184 |  Time(s) 0.0130 | RobustPrompt-T Loss 0.0387  
Epoch 185 |  Time(s) 0.0130 | RobustPrompt-T Loss 0.0370  
Epoch 186 |  Time(s) 0.0130 | RobustPrompt-T Loss 0.0420  
Epoch 187 |  Time(s) 0.0129 | RobustPrompt-T Loss 0.0415  
Epoch 188 |  Time(s) 0.0130 | RobustPrompt-T Loss 0.0381  
----------------------------------------------------------------------------------------------------
Early stopping at 189 eopch!
Final True Accuracy: 0.1067 | Macro F1 Score: 0.0753
best_loss [tensor(0.0399, device='cuda:0', grad_fn=<AddBackward0>)]
load LLC or attacked data with specified split
Successfully loaded the attack of dataname with few shot 5, split 1
Attack method : Meta_Self | Attack ptb : 0.25 | Dataset: Cora
======================
Number of graphs: 1
Number of features: 1433
Number of classes: 7

Data(x=[2708, 1433], edge_index=[2, 15976], y=[2708], train_mask=[2708], val_mask=[2708], test_mask=[2708])
===========================================================================================================
Number of nodes: 2708
Number of edges: 15976
Average node degree: 5.90
Has isolated nodes: False
Has self-loops: True
Is undirected: True
GCN(
  (conv_layers): ModuleList(
    (0): GCNConv(1433, 256)
    (1): GCNConv(256, 256)
  )
)
Successfully loaded pre-trained weights!
use RobustPrompt Tranductive
defense pt dict :  {'sim_pt': 0.3, 'degree_pt': 1, 'out_detect_pt': -1.0, 'other_pt': 'all'}
use_attention :  False
cosine_constraint :  True
pt_threshold :  0.5
filter_module :  OriginalFilter
temperature :  1.0
weight_mse 0.1
weight_kl :  0.3
weight_constraint :  0.2
run RobustPrompt-T
Epoch 001 |  Time(s) 0.0137 | RobustPrompt-T Loss 1.9423  
Epoch 002 |  Time(s) 0.0131 | RobustPrompt-T Loss 1.9110  
Epoch 003 |  Time(s) 0.0131 | RobustPrompt-T Loss 1.9204  
Epoch 004 |  Time(s) 0.0130 | RobustPrompt-T Loss 1.9934  
Epoch 005 |  Time(s) 0.0131 | RobustPrompt-T Loss 1.8655  
Epoch 006 |  Time(s) 0.0130 | RobustPrompt-T Loss 1.8762  
Epoch 007 |  Time(s) 0.0131 | RobustPrompt-T Loss 1.8654  
Epoch 008 |  Time(s) 0.0130 | RobustPrompt-T Loss 1.8503  
Epoch 009 |  Time(s) 0.0129 | RobustPrompt-T Loss 1.8321  
Epoch 010 |  Time(s) 0.0129 | RobustPrompt-T Loss 1.7665  
Epoch 011 |  Time(s) 0.0128 | RobustPrompt-T Loss 1.7439  
Epoch 012 |  Time(s) 0.0129 | RobustPrompt-T Loss 1.7161  
Epoch 013 |  Time(s) 0.0133 | RobustPrompt-T Loss 1.6740  
Epoch 014 |  Time(s) 0.0131 | RobustPrompt-T Loss 1.6480  
Epoch 015 |  Time(s) 0.0131 | RobustPrompt-T Loss 1.6407  
Epoch 016 |  Time(s) 0.0130 | RobustPrompt-T Loss 1.5817  
Epoch 017 |  Time(s) 0.0130 | RobustPrompt-T Loss 1.6350  
Epoch 018 |  Time(s) 0.0130 | RobustPrompt-T Loss 1.6056  
Epoch 019 |  Time(s) 0.0130 | RobustPrompt-T Loss 1.5554  
Epoch 020 |  Time(s) 0.0130 | RobustPrompt-T Loss 1.5722  
Epoch 021 |  Time(s) 0.0129 | RobustPrompt-T Loss 1.5872  
Epoch 022 |  Time(s) 0.0130 | RobustPrompt-T Loss 1.5669  
Epoch 023 |  Time(s) 0.0127 | RobustPrompt-T Loss 1.5528  
Epoch 024 |  Time(s) 0.0133 | RobustPrompt-T Loss 1.5381  
Epoch 025 |  Time(s) 0.0131 | RobustPrompt-T Loss 1.5429  
Epoch 026 |  Time(s) 0.0135 | RobustPrompt-T Loss 1.5530  
Epoch 027 |  Time(s) 0.0133 | RobustPrompt-T Loss 1.5362  
Epoch 028 |  Time(s) 0.0131 | RobustPrompt-T Loss 1.5149  
Epoch 029 |  Time(s) 0.0130 | RobustPrompt-T Loss 1.5009  
Epoch 030 |  Time(s) 0.0131 | RobustPrompt-T Loss 1.5025  
Epoch 031 |  Time(s) 0.0130 | RobustPrompt-T Loss 1.4937  
Epoch 032 |  Time(s) 0.0130 | RobustPrompt-T Loss 1.5698  
Epoch 033 |  Time(s) 0.0136 | RobustPrompt-T Loss 1.5415  
Epoch 034 |  Time(s) 0.0132 | RobustPrompt-T Loss 1.4233  
Epoch 035 |  Time(s) 0.0138 | RobustPrompt-T Loss 1.4596  
Epoch 036 |  Time(s) 0.0134 | RobustPrompt-T Loss 1.4479  
Epoch 037 |  Time(s) 0.0130 | RobustPrompt-T Loss 1.3792  
Epoch 038 |  Time(s) 0.0135 | RobustPrompt-T Loss 1.4160  
Epoch 039 |  Time(s) 0.0133 | RobustPrompt-T Loss 1.4296  
Epoch 040 |  Time(s) 0.0133 | RobustPrompt-T Loss 1.3158  
Epoch 041 |  Time(s) 0.0135 | RobustPrompt-T Loss 1.3022  
Epoch 042 |  Time(s) 0.0133 | RobustPrompt-T Loss 1.2823  
Epoch 043 |  Time(s) 0.0137 | RobustPrompt-T Loss 1.2461  
Epoch 044 |  Time(s) 0.0134 | RobustPrompt-T Loss 1.1848  
Epoch 045 |  Time(s) 0.0136 | RobustPrompt-T Loss 1.2409  
Epoch 046 |  Time(s) 0.0134 | RobustPrompt-T Loss 1.2557  
Epoch 047 |  Time(s) 0.0137 | RobustPrompt-T Loss 1.1468  
Epoch 048 |  Time(s) 0.0134 | RobustPrompt-T Loss 1.1088  
Epoch 049 |  Time(s) 0.0131 | RobustPrompt-T Loss 1.1119  
Epoch 050 |  Time(s) 0.0127 | RobustPrompt-T Loss 1.0618  
Epoch 051 |  Time(s) 0.0122 | RobustPrompt-T Loss 1.0023  
Epoch 052 |  Time(s) 0.0129 | RobustPrompt-T Loss 1.0136  
Epoch 053 |  Time(s) 0.0130 | RobustPrompt-T Loss 0.9885  
Epoch 054 |  Time(s) 0.0127 | RobustPrompt-T Loss 1.0036  
Epoch 055 |  Time(s) 0.0123 | RobustPrompt-T Loss 0.9533  
Epoch 056 |  Time(s) 0.0123 | RobustPrompt-T Loss 0.9358  
Epoch 057 |  Time(s) 0.0124 | RobustPrompt-T Loss 0.9243  
Epoch 058 |  Time(s) 0.0127 | RobustPrompt-T Loss 0.8752  
Epoch 059 |  Time(s) 0.0129 | RobustPrompt-T Loss 0.8737  
Epoch 060 |  Time(s) 0.0126 | RobustPrompt-T Loss 0.8467  
Epoch 061 |  Time(s) 0.0127 | RobustPrompt-T Loss 0.8243  
Epoch 062 |  Time(s) 0.0129 | RobustPrompt-T Loss 0.8244  
Epoch 063 |  Time(s) 0.0129 | RobustPrompt-T Loss 0.7685  
Epoch 064 |  Time(s) 0.0131 | RobustPrompt-T Loss 0.7555  
Epoch 065 |  Time(s) 0.0130 | RobustPrompt-T Loss 0.7664  
Epoch 066 |  Time(s) 0.0129 | RobustPrompt-T Loss 0.6924  
Epoch 067 |  Time(s) 0.0131 | RobustPrompt-T Loss 0.6814  
Epoch 068 |  Time(s) 0.0130 | RobustPrompt-T Loss 0.6784  
Epoch 069 |  Time(s) 0.0127 | RobustPrompt-T Loss 0.6248  
Epoch 070 |  Time(s) 0.0119 | RobustPrompt-T Loss 0.6051  
Epoch 071 |  Time(s) 0.0126 | RobustPrompt-T Loss 0.6117  
Epoch 072 |  Time(s) 0.0129 | RobustPrompt-T Loss 0.5614  
Epoch 073 |  Time(s) 0.0134 | RobustPrompt-T Loss 0.5464  
Epoch 074 |  Time(s) 0.0121 | RobustPrompt-T Loss 0.5076  
Epoch 075 |  Time(s) 0.0125 | RobustPrompt-T Loss 0.4865  
Epoch 076 |  Time(s) 0.0123 | RobustPrompt-T Loss 0.4842  
Epoch 077 |  Time(s) 0.0119 | RobustPrompt-T Loss 0.4858  
Epoch 078 |  Time(s) 0.0121 | RobustPrompt-T Loss 0.4828  
Epoch 079 |  Time(s) 0.0122 | RobustPrompt-T Loss 0.4491  
Epoch 080 |  Time(s) 0.0126 | RobustPrompt-T Loss 0.4038  
Epoch 081 |  Time(s) 0.0127 | RobustPrompt-T Loss 0.3774  
Epoch 082 |  Time(s) 0.0127 | RobustPrompt-T Loss 0.3732  
Epoch 083 |  Time(s) 0.0128 | RobustPrompt-T Loss 0.3768  
Epoch 084 |  Time(s) 0.0127 | RobustPrompt-T Loss 0.3679  
Epoch 085 |  Time(s) 0.0126 | RobustPrompt-T Loss 0.3308  
Epoch 086 |  Time(s) 0.0128 | RobustPrompt-T Loss 0.2984  
Epoch 087 |  Time(s) 0.0128 | RobustPrompt-T Loss 0.3066  
Epoch 088 |  Time(s) 0.0129 | RobustPrompt-T Loss 0.3082  
Epoch 089 |  Time(s) 0.0127 | RobustPrompt-T Loss 0.2700  
Epoch 090 |  Time(s) 0.0129 | RobustPrompt-T Loss 0.2406  
Epoch 091 |  Time(s) 0.0128 | RobustPrompt-T Loss 0.2490  
Epoch 092 |  Time(s) 0.0129 | RobustPrompt-T Loss 0.2255  
Epoch 093 |  Time(s) 0.0129 | RobustPrompt-T Loss 0.2081  
Epoch 094 |  Time(s) 0.0129 | RobustPrompt-T Loss 0.2088  
Epoch 095 |  Time(s) 0.0129 | RobustPrompt-T Loss 0.1866  
Epoch 096 |  Time(s) 0.0129 | RobustPrompt-T Loss 0.1889  
Epoch 097 |  Time(s) 0.0130 | RobustPrompt-T Loss 0.1735  
Epoch 098 |  Time(s) 0.0129 | RobustPrompt-T Loss 0.1586  
Epoch 099 |  Time(s) 0.0129 | RobustPrompt-T Loss 0.1538  
Epoch 100 |  Time(s) 0.0129 | RobustPrompt-T Loss 0.1522  
Epoch 101 |  Time(s) 0.0128 | RobustPrompt-T Loss 0.1399  
Epoch 102 |  Time(s) 0.0129 | RobustPrompt-T Loss 0.1428  
Epoch 103 |  Time(s) 0.0130 | RobustPrompt-T Loss 0.1187  
Epoch 104 |  Time(s) 0.0129 | RobustPrompt-T Loss 0.1293  
Epoch 105 |  Time(s) 0.0129 | RobustPrompt-T Loss 0.1060  
Epoch 106 |  Time(s) 0.0128 | RobustPrompt-T Loss 0.1095  
Epoch 107 |  Time(s) 0.0131 | RobustPrompt-T Loss 0.1062  
Epoch 108 |  Time(s) 0.0131 | RobustPrompt-T Loss 0.0940  
Epoch 109 |  Time(s) 0.0132 | RobustPrompt-T Loss 0.1126  
Epoch 110 |  Time(s) 0.0130 | RobustPrompt-T Loss 0.0973  
Epoch 111 |  Time(s) 0.0124 | RobustPrompt-T Loss 0.0810  
Epoch 112 |  Time(s) 0.0118 | RobustPrompt-T Loss 0.0872  
Epoch 113 |  Time(s) 0.0117 | RobustPrompt-T Loss 0.0906  
Epoch 114 |  Time(s) 0.0119 | RobustPrompt-T Loss 0.0986  
Epoch 115 |  Time(s) 0.0128 | RobustPrompt-T Loss 0.0744  
Epoch 116 |  Time(s) 0.0127 | RobustPrompt-T Loss 0.0927  
Epoch 117 |  Time(s) 0.0125 | RobustPrompt-T Loss 0.1118  
Epoch 118 |  Time(s) 0.0127 | RobustPrompt-T Loss 0.0806  
Epoch 119 |  Time(s) 0.0129 | RobustPrompt-T Loss 0.1138  
Epoch 120 |  Time(s) 0.0125 | RobustPrompt-T Loss 0.0972  
Epoch 121 |  Time(s) 0.0128 | RobustPrompt-T Loss 0.1095  
Epoch 122 |  Time(s) 0.0128 | RobustPrompt-T Loss 0.1598  
Epoch 123 |  Time(s) 0.0124 | RobustPrompt-T Loss 0.0736  
Epoch 124 |  Time(s) 0.0128 | RobustPrompt-T Loss 0.1444  
Epoch 125 |  Time(s) 0.0129 | RobustPrompt-T Loss 0.1655  
Epoch 126 |  Time(s) 0.0131 | RobustPrompt-T Loss 0.0971  
Epoch 127 |  Time(s) 0.0128 | RobustPrompt-T Loss 0.1918  
Epoch 128 |  Time(s) 0.0129 | RobustPrompt-T Loss 0.1566  
Epoch 129 |  Time(s) 0.0132 | RobustPrompt-T Loss 0.0839  
Epoch 130 |  Time(s) 0.0132 | RobustPrompt-T Loss 0.0895  
Epoch 131 |  Time(s) 0.0128 | RobustPrompt-T Loss 0.1450  
Epoch 132 |  Time(s) 0.0124 | RobustPrompt-T Loss 0.1111  
Epoch 133 |  Time(s) 0.0128 | RobustPrompt-T Loss 0.1585  
Epoch 134 |  Time(s) 0.0130 | RobustPrompt-T Loss 0.1098  
Epoch 135 |  Time(s) 0.0132 | RobustPrompt-T Loss 0.1418  
Epoch 136 |  Time(s) 0.0130 | RobustPrompt-T Loss 0.0905  
Epoch 137 |  Time(s) 0.0128 | RobustPrompt-T Loss 0.2165  
Epoch 138 |  Time(s) 0.0121 | RobustPrompt-T Loss 0.3067  
Epoch 139 |  Time(s) 0.0128 | RobustPrompt-T Loss 0.1312  
Epoch 140 |  Time(s) 0.0131 | RobustPrompt-T Loss 0.1917  
Epoch 141 |  Time(s) 0.0129 | RobustPrompt-T Loss 0.1045  
Epoch 142 |  Time(s) 0.0124 | RobustPrompt-T Loss 0.2637  
----------------------------------------------------------------------------------------------------
Early stopping at 143 eopch!
Final True Accuracy: 0.1059 | Macro F1 Score: 0.0774
best_loss [tensor(0.1412, device='cuda:0', grad_fn=<AddBackward0>)]
load LLC or attacked data with specified split
Successfully loaded the attack of dataname with few shot 5, split 1
Attack method : Meta_Self | Attack ptb : 0.25 | Dataset: Cora
======================
Number of graphs: 1
Number of features: 1433
Number of classes: 7

Data(x=[2708, 1433], edge_index=[2, 15976], y=[2708], train_mask=[2708], val_mask=[2708], test_mask=[2708])
===========================================================================================================
Number of nodes: 2708
Number of edges: 15976
Average node degree: 5.90
Has isolated nodes: False
Has self-loops: True
Is undirected: True
GCN(
  (conv_layers): ModuleList(
    (0): GCNConv(1433, 256)
    (1): GCNConv(256, 256)
  )
)
Successfully loaded pre-trained weights!
use RobustPrompt Tranductive
defense pt dict :  {'sim_pt': 0.3, 'degree_pt': 1, 'out_detect_pt': -1.0, 'other_pt': 'all'}
use_attention :  False
cosine_constraint :  True
pt_threshold :  0.5
filter_module :  OriginalFilter
temperature :  1.0
weight_mse 0.1
weight_kl :  0.3
weight_constraint :  0.2
run RobustPrompt-T
Epoch 001 |  Time(s) 0.0139 | RobustPrompt-T Loss 1.9480  
Epoch 002 |  Time(s) 0.0132 | RobustPrompt-T Loss 1.9264  
Epoch 003 |  Time(s) 0.0128 | RobustPrompt-T Loss 1.9016  
Epoch 004 |  Time(s) 0.0132 | RobustPrompt-T Loss 1.9013  
Epoch 005 |  Time(s) 0.0132 | RobustPrompt-T Loss 1.8701  
Epoch 006 |  Time(s) 0.0127 | RobustPrompt-T Loss 1.8265  
Epoch 007 |  Time(s) 0.0127 | RobustPrompt-T Loss 1.7831  
Epoch 008 |  Time(s) 0.0124 | RobustPrompt-T Loss 1.7177  
Epoch 009 |  Time(s) 0.0131 | RobustPrompt-T Loss 1.7214  
Epoch 010 |  Time(s) 0.0133 | RobustPrompt-T Loss 1.6441  
Epoch 011 |  Time(s) 0.0132 | RobustPrompt-T Loss 1.6299  
Epoch 012 |  Time(s) 0.0130 | RobustPrompt-T Loss 1.6013  
Epoch 013 |  Time(s) 0.0129 | RobustPrompt-T Loss 1.5615  
Epoch 014 |  Time(s) 0.0127 | RobustPrompt-T Loss 1.5843  
Epoch 015 |  Time(s) 0.0133 | RobustPrompt-T Loss 1.5554  
Epoch 016 |  Time(s) 0.0131 | RobustPrompt-T Loss 1.4940  
Epoch 017 |  Time(s) 0.0126 | RobustPrompt-T Loss 1.5042  
Epoch 018 |  Time(s) 0.0125 | RobustPrompt-T Loss 1.4689  
Epoch 019 |  Time(s) 0.0129 | RobustPrompt-T Loss 1.4833  
Epoch 020 |  Time(s) 0.0130 | RobustPrompt-T Loss 1.5842  
Epoch 021 |  Time(s) 0.0127 | RobustPrompt-T Loss 1.5428  
Epoch 022 |  Time(s) 0.0128 | RobustPrompt-T Loss 1.4362  
Epoch 023 |  Time(s) 0.0125 | RobustPrompt-T Loss 1.4719  
Epoch 024 |  Time(s) 0.0125 | RobustPrompt-T Loss 1.4335  
Epoch 025 |  Time(s) 0.0127 | RobustPrompt-T Loss 1.4561  
Epoch 026 |  Time(s) 0.0128 | RobustPrompt-T Loss 1.4951  
Epoch 027 |  Time(s) 0.0128 | RobustPrompt-T Loss 1.4368  
Epoch 028 |  Time(s) 0.0129 | RobustPrompt-T Loss 1.4543  
Epoch 029 |  Time(s) 0.0125 | RobustPrompt-T Loss 1.3438  
Epoch 030 |  Time(s) 0.0133 | RobustPrompt-T Loss 1.4044  
Epoch 031 |  Time(s) 0.0130 | RobustPrompt-T Loss 1.3414  
Epoch 032 |  Time(s) 0.0126 | RobustPrompt-T Loss 1.3489  
Epoch 033 |  Time(s) 0.0127 | RobustPrompt-T Loss 1.3489  
Epoch 034 |  Time(s) 0.0126 | RobustPrompt-T Loss 1.3084  
Epoch 035 |  Time(s) 0.0127 | RobustPrompt-T Loss 1.3130  
Epoch 036 |  Time(s) 0.0129 | RobustPrompt-T Loss 1.2401  
Epoch 037 |  Time(s) 0.0126 | RobustPrompt-T Loss 1.2293  
Epoch 038 |  Time(s) 0.0131 | RobustPrompt-T Loss 1.2219  
Epoch 039 |  Time(s) 0.0132 | RobustPrompt-T Loss 1.1843  
Epoch 040 |  Time(s) 0.0132 | RobustPrompt-T Loss 1.1867  
Epoch 041 |  Time(s) 0.0129 | RobustPrompt-T Loss 1.1185  
Epoch 042 |  Time(s) 0.0132 | RobustPrompt-T Loss 1.1014  
Epoch 043 |  Time(s) 0.0133 | RobustPrompt-T Loss 1.0859  
Epoch 044 |  Time(s) 0.0128 | RobustPrompt-T Loss 1.0505  
Epoch 045 |  Time(s) 0.0130 | RobustPrompt-T Loss 1.0247  
Epoch 046 |  Time(s) 0.0131 | RobustPrompt-T Loss 1.0134  
Epoch 047 |  Time(s) 0.0135 | RobustPrompt-T Loss 0.9495  
Epoch 048 |  Time(s) 0.0130 | RobustPrompt-T Loss 0.9014  
Epoch 049 |  Time(s) 0.0127 | RobustPrompt-T Loss 0.8738  
Epoch 050 |  Time(s) 0.0130 | RobustPrompt-T Loss 0.8543  
Epoch 051 |  Time(s) 0.0130 | RobustPrompt-T Loss 0.8118  
Epoch 052 |  Time(s) 0.0128 | RobustPrompt-T Loss 0.7799  
Epoch 053 |  Time(s) 0.0131 | RobustPrompt-T Loss 0.7582  
Epoch 054 |  Time(s) 0.0132 | RobustPrompt-T Loss 0.7788  
Epoch 055 |  Time(s) 0.0128 | RobustPrompt-T Loss 0.7518  
Epoch 056 |  Time(s) 0.0130 | RobustPrompt-T Loss 0.7376  
Epoch 057 |  Time(s) 0.0128 | RobustPrompt-T Loss 0.7016  
Epoch 058 |  Time(s) 0.0128 | RobustPrompt-T Loss 0.6496  
Epoch 059 |  Time(s) 0.0128 | RobustPrompt-T Loss 0.6152  
Epoch 060 |  Time(s) 0.0130 | RobustPrompt-T Loss 0.6144  
Epoch 061 |  Time(s) 0.0128 | RobustPrompt-T Loss 0.6199  
Epoch 062 |  Time(s) 0.0128 | RobustPrompt-T Loss 0.5823  
Epoch 063 |  Time(s) 0.0128 | RobustPrompt-T Loss 0.5391  
Epoch 064 |  Time(s) 0.0126 | RobustPrompt-T Loss 0.5125  
Epoch 065 |  Time(s) 0.0128 | RobustPrompt-T Loss 0.4998  
Epoch 066 |  Time(s) 0.0129 | RobustPrompt-T Loss 0.4958  
Epoch 067 |  Time(s) 0.0129 | RobustPrompt-T Loss 0.4704  
Epoch 068 |  Time(s) 0.0127 | RobustPrompt-T Loss 0.4465  
Epoch 069 |  Time(s) 0.0132 | RobustPrompt-T Loss 0.4311  
Epoch 070 |  Time(s) 0.0127 | RobustPrompt-T Loss 0.4301  
Epoch 071 |  Time(s) 0.0129 | RobustPrompt-T Loss 0.4102  
Epoch 072 |  Time(s) 0.0134 | RobustPrompt-T Loss 0.3922  
Epoch 073 |  Time(s) 0.0127 | RobustPrompt-T Loss 0.3599  
Epoch 074 |  Time(s) 0.0134 | RobustPrompt-T Loss 0.3483  
Epoch 075 |  Time(s) 0.0138 | RobustPrompt-T Loss 0.3566  
Epoch 076 |  Time(s) 0.0130 | RobustPrompt-T Loss 0.3325  
Epoch 077 |  Time(s) 0.0131 | RobustPrompt-T Loss 0.3218  
Epoch 078 |  Time(s) 0.0131 | RobustPrompt-T Loss 0.3086  
Epoch 079 |  Time(s) 0.0130 | RobustPrompt-T Loss 0.2969  
Epoch 080 |  Time(s) 0.0130 | RobustPrompt-T Loss 0.2853  
Epoch 081 |  Time(s) 0.0130 | RobustPrompt-T Loss 0.2716  
Epoch 082 |  Time(s) 0.0129 | RobustPrompt-T Loss 0.2566  
Epoch 083 |  Time(s) 0.0129 | RobustPrompt-T Loss 0.2557  
Epoch 084 |  Time(s) 0.0132 | RobustPrompt-T Loss 0.2357  
Epoch 085 |  Time(s) 0.0129 | RobustPrompt-T Loss 0.2271  
Epoch 086 |  Time(s) 0.0130 | RobustPrompt-T Loss 0.2199  
Epoch 087 |  Time(s) 0.0130 | RobustPrompt-T Loss 0.2113  
Epoch 088 |  Time(s) 0.0134 | RobustPrompt-T Loss 0.2034  
Epoch 089 |  Time(s) 0.0132 | RobustPrompt-T Loss 0.1970  
Epoch 090 |  Time(s) 0.0130 | RobustPrompt-T Loss 0.1855  
Epoch 091 |  Time(s) 0.0132 | RobustPrompt-T Loss 0.1789  
Epoch 092 |  Time(s) 0.0129 | RobustPrompt-T Loss 0.1777  
Epoch 093 |  Time(s) 0.0131 | RobustPrompt-T Loss 0.1653  
Epoch 094 |  Time(s) 0.0129 | RobustPrompt-T Loss 0.1592  
Epoch 095 |  Time(s) 0.0132 | RobustPrompt-T Loss 0.1559  
Epoch 096 |  Time(s) 0.0131 | RobustPrompt-T Loss 0.1372  
Epoch 097 |  Time(s) 0.0130 | RobustPrompt-T Loss 0.1373  
Epoch 098 |  Time(s) 0.0131 | RobustPrompt-T Loss 0.1432  
Epoch 099 |  Time(s) 0.0129 | RobustPrompt-T Loss 0.1471  
Epoch 100 |  Time(s) 0.0132 | RobustPrompt-T Loss 0.1662  
Epoch 101 |  Time(s) 0.0133 | RobustPrompt-T Loss 0.2231  
Epoch 102 |  Time(s) 0.0131 | RobustPrompt-T Loss 0.1632  
Epoch 103 |  Time(s) 0.0130 | RobustPrompt-T Loss 0.1500  
Epoch 104 |  Time(s) 0.0132 | RobustPrompt-T Loss 0.1668  
Epoch 105 |  Time(s) 0.0132 | RobustPrompt-T Loss 0.1488  
Epoch 106 |  Time(s) 0.0133 | RobustPrompt-T Loss 0.1336  
Epoch 107 |  Time(s) 0.0132 | RobustPrompt-T Loss 0.0977  
Epoch 108 |  Time(s) 0.0132 | RobustPrompt-T Loss 0.0963  
Epoch 109 |  Time(s) 0.0131 | RobustPrompt-T Loss 0.1009  
Epoch 110 |  Time(s) 0.0129 | RobustPrompt-T Loss 0.0870  
Epoch 111 |  Time(s) 0.0131 | RobustPrompt-T Loss 0.0870  
Epoch 112 |  Time(s) 0.0130 | RobustPrompt-T Loss 0.0826  
Epoch 113 |  Time(s) 0.0132 | RobustPrompt-T Loss 0.0822  
Epoch 114 |  Time(s) 0.0132 | RobustPrompt-T Loss 0.0740  
Epoch 115 |  Time(s) 0.0135 | RobustPrompt-T Loss 0.0709  
Epoch 116 |  Time(s) 0.0139 | RobustPrompt-T Loss 0.0713  
Epoch 117 |  Time(s) 0.0136 | RobustPrompt-T Loss 0.0710  
Epoch 118 |  Time(s) 0.0137 | RobustPrompt-T Loss 0.0679  
Epoch 119 |  Time(s) 0.0132 | RobustPrompt-T Loss 0.0641  
Epoch 120 |  Time(s) 0.0130 | RobustPrompt-T Loss 0.0696  
Epoch 121 |  Time(s) 0.0136 | RobustPrompt-T Loss 0.0634  
Epoch 122 |  Time(s) 0.0133 | RobustPrompt-T Loss 0.0599  
Epoch 123 |  Time(s) 0.0132 | RobustPrompt-T Loss 0.0595  
Epoch 124 |  Time(s) 0.0131 | RobustPrompt-T Loss 0.0600  
Epoch 125 |  Time(s) 0.0131 | RobustPrompt-T Loss 0.0553  
Epoch 126 |  Time(s) 0.0131 | RobustPrompt-T Loss 0.0544  
Epoch 127 |  Time(s) 0.0131 | RobustPrompt-T Loss 0.0556  
Epoch 128 |  Time(s) 0.0129 | RobustPrompt-T Loss 0.0538  
Epoch 129 |  Time(s) 0.0129 | RobustPrompt-T Loss 0.0554  
Epoch 130 |  Time(s) 0.0132 | RobustPrompt-T Loss 0.0536  
Epoch 131 |  Time(s) 0.0129 | RobustPrompt-T Loss 0.0555  
Epoch 132 |  Time(s) 0.0130 | RobustPrompt-T Loss 0.0526  
Epoch 133 |  Time(s) 0.0128 | RobustPrompt-T Loss 0.0536  
Epoch 134 |  Time(s) 0.0133 | RobustPrompt-T Loss 0.0556  
Epoch 135 |  Time(s) 0.0132 | RobustPrompt-T Loss 0.0509  
Epoch 136 |  Time(s) 0.0131 | RobustPrompt-T Loss 0.0548  
Epoch 137 |  Time(s) 0.0128 | RobustPrompt-T Loss 0.0498  
Epoch 138 |  Time(s) 0.0130 | RobustPrompt-T Loss 0.0552  
Epoch 139 |  Time(s) 0.0130 | RobustPrompt-T Loss 0.0515  
Epoch 140 |  Time(s) 0.0130 | RobustPrompt-T Loss 0.0534  
Epoch 141 |  Time(s) 0.0130 | RobustPrompt-T Loss 0.0565  
Epoch 142 |  Time(s) 0.0130 | RobustPrompt-T Loss 0.0483  
Epoch 143 |  Time(s) 0.0130 | RobustPrompt-T Loss 0.0535  
Epoch 144 |  Time(s) 0.0129 | RobustPrompt-T Loss 0.0487  
Epoch 145 |  Time(s) 0.0130 | RobustPrompt-T Loss 0.0474  
Epoch 146 |  Time(s) 0.0128 | RobustPrompt-T Loss 0.0480  
Epoch 147 |  Time(s) 0.0128 | RobustPrompt-T Loss 0.0447  
Epoch 148 |  Time(s) 0.0130 | RobustPrompt-T Loss 0.0470  
Epoch 149 |  Time(s) 0.0134 | RobustPrompt-T Loss 0.0498  
Epoch 150 |  Time(s) 0.0127 | RobustPrompt-T Loss 0.0478  
Epoch 151 |  Time(s) 0.0127 | RobustPrompt-T Loss 0.0465  
Epoch 152 |  Time(s) 0.0135 | RobustPrompt-T Loss 0.0465  
Epoch 153 |  Time(s) 0.0127 | RobustPrompt-T Loss 0.0442  
Epoch 154 |  Time(s) 0.0129 | RobustPrompt-T Loss 0.0439  
Epoch 155 |  Time(s) 0.0129 | RobustPrompt-T Loss 0.0444  
Epoch 156 |  Time(s) 0.0128 | RobustPrompt-T Loss 0.0454  
Epoch 157 |  Time(s) 0.0128 | RobustPrompt-T Loss 0.0459  
Epoch 158 |  Time(s) 0.0134 | RobustPrompt-T Loss 0.0446  
Epoch 159 |  Time(s) 0.0133 | RobustPrompt-T Loss 0.0466  
Epoch 160 |  Time(s) 0.0128 | RobustPrompt-T Loss 0.0446  
Epoch 161 |  Time(s) 0.0134 | RobustPrompt-T Loss 0.0442  
Epoch 162 |  Time(s) 0.0126 | RobustPrompt-T Loss 0.0439  
Epoch 163 |  Time(s) 0.0133 | RobustPrompt-T Loss 0.0482  
Epoch 164 |  Time(s) 0.0129 | RobustPrompt-T Loss 0.0447  
Epoch 165 |  Time(s) 0.0135 | RobustPrompt-T Loss 0.0460  
Epoch 166 |  Time(s) 0.0137 | RobustPrompt-T Loss 0.0497  
Epoch 167 |  Time(s) 0.0134 | RobustPrompt-T Loss 0.0563  
Epoch 168 |  Time(s) 0.0131 | RobustPrompt-T Loss 0.1325  
Epoch 169 |  Time(s) 0.0132 | RobustPrompt-T Loss 0.2282  
Epoch 170 |  Time(s) 0.0129 | RobustPrompt-T Loss 0.0512  
Epoch 171 |  Time(s) 0.0137 | RobustPrompt-T Loss 0.2226  
Epoch 172 |  Time(s) 0.0131 | RobustPrompt-T Loss 0.0902  
Epoch 173 |  Time(s) 0.0130 | RobustPrompt-T Loss 0.0476  
----------------------------------------------------------------------------------------------------
Early stopping at 174 eopch!
Final True Accuracy: 0.1055 | Macro F1 Score: 0.0688
best_loss [tensor(0.0475, device='cuda:0', grad_fn=<AddBackward0>)]
load LLC or attacked data with specified split
Successfully loaded the attack of dataname with few shot 5, split 1
Attack method : Meta_Self | Attack ptb : 0.25 | Dataset: Cora
======================
Number of graphs: 1
Number of features: 1433
Number of classes: 7

Data(x=[2708, 1433], edge_index=[2, 15976], y=[2708], train_mask=[2708], val_mask=[2708], test_mask=[2708])
===========================================================================================================
Number of nodes: 2708
Number of edges: 15976
Average node degree: 5.90
Has isolated nodes: False
Has self-loops: True
Is undirected: True
GCN(
  (conv_layers): ModuleList(
    (0): GCNConv(1433, 256)
    (1): GCNConv(256, 256)
  )
)
Successfully loaded pre-trained weights!
use RobustPrompt Tranductive
defense pt dict :  {'sim_pt': 0.3, 'degree_pt': 1, 'out_detect_pt': -1.0, 'other_pt': 'all'}
use_attention :  False
cosine_constraint :  True
pt_threshold :  0.5
filter_module :  OriginalFilter
temperature :  1.0
weight_mse 0.1
weight_kl :  0.3
weight_constraint :  0.2
run RobustPrompt-T
Epoch 001 |  Time(s) 0.0131 | RobustPrompt-T Loss 1.9516  
Epoch 002 |  Time(s) 0.0132 | RobustPrompt-T Loss 1.9251  
Epoch 003 |  Time(s) 0.0132 | RobustPrompt-T Loss 1.9108  
Epoch 004 |  Time(s) 0.0126 | RobustPrompt-T Loss 1.8990  
Epoch 005 |  Time(s) 0.0127 | RobustPrompt-T Loss 1.8630  
Epoch 006 |  Time(s) 0.0126 | RobustPrompt-T Loss 1.8172  
Epoch 007 |  Time(s) 0.0127 | RobustPrompt-T Loss 1.7228  
Epoch 008 |  Time(s) 0.0127 | RobustPrompt-T Loss 1.7373  
Epoch 009 |  Time(s) 0.0133 | RobustPrompt-T Loss 1.6992  
Epoch 010 |  Time(s) 0.0129 | RobustPrompt-T Loss 1.6306  
Epoch 011 |  Time(s) 0.0129 | RobustPrompt-T Loss 1.6804  
Epoch 012 |  Time(s) 0.0126 | RobustPrompt-T Loss 1.6066  
Epoch 013 |  Time(s) 0.0136 | RobustPrompt-T Loss 1.6112  
Epoch 014 |  Time(s) 0.0131 | RobustPrompt-T Loss 1.5953  
Epoch 015 |  Time(s) 0.0130 | RobustPrompt-T Loss 1.5828  
Epoch 016 |  Time(s) 0.0134 | RobustPrompt-T Loss 1.5506  
Epoch 017 |  Time(s) 0.0132 | RobustPrompt-T Loss 1.5540  
Epoch 018 |  Time(s) 0.0132 | RobustPrompt-T Loss 1.5434  
Epoch 019 |  Time(s) 0.0136 | RobustPrompt-T Loss 1.5112  
Epoch 020 |  Time(s) 0.0132 | RobustPrompt-T Loss 1.5220  
Epoch 021 |  Time(s) 0.0132 | RobustPrompt-T Loss 1.5607  
Epoch 022 |  Time(s) 0.0135 | RobustPrompt-T Loss 1.5216  
Epoch 023 |  Time(s) 0.0132 | RobustPrompt-T Loss 1.4880  
Epoch 024 |  Time(s) 0.0131 | RobustPrompt-T Loss 1.4777  
Epoch 025 |  Time(s) 0.0133 | RobustPrompt-T Loss 1.4768  
Epoch 026 |  Time(s) 0.0134 | RobustPrompt-T Loss 1.4518  
Epoch 027 |  Time(s) 0.0131 | RobustPrompt-T Loss 1.4486  
Epoch 028 |  Time(s) 0.0131 | RobustPrompt-T Loss 1.4805  
Epoch 029 |  Time(s) 0.0129 | RobustPrompt-T Loss 1.4093  
Epoch 030 |  Time(s) 0.0134 | RobustPrompt-T Loss 1.3889  
Epoch 031 |  Time(s) 0.0136 | RobustPrompt-T Loss 1.3763  
Epoch 032 |  Time(s) 0.0133 | RobustPrompt-T Loss 1.3188  
Epoch 033 |  Time(s) 0.0132 | RobustPrompt-T Loss 1.3462  
Epoch 034 |  Time(s) 0.0132 | RobustPrompt-T Loss 1.3429  
Epoch 035 |  Time(s) 0.0131 | RobustPrompt-T Loss 1.2444  
Epoch 036 |  Time(s) 0.0134 | RobustPrompt-T Loss 1.3011  
Epoch 037 |  Time(s) 0.0133 | RobustPrompt-T Loss 1.2275  
Epoch 038 |  Time(s) 0.0131 | RobustPrompt-T Loss 1.1755  
Epoch 039 |  Time(s) 0.0133 | RobustPrompt-T Loss 1.1674  
Epoch 040 |  Time(s) 0.0132 | RobustPrompt-T Loss 1.1494  
Epoch 041 |  Time(s) 0.0133 | RobustPrompt-T Loss 1.0987  
Epoch 042 |  Time(s) 0.0133 | RobustPrompt-T Loss 1.1093  
Epoch 043 |  Time(s) 0.0132 | RobustPrompt-T Loss 1.0573  
Epoch 044 |  Time(s) 0.0133 | RobustPrompt-T Loss 1.0433  
Epoch 045 |  Time(s) 0.0130 | RobustPrompt-T Loss 1.0259  
Epoch 046 |  Time(s) 0.0134 | RobustPrompt-T Loss 0.9863  
Epoch 047 |  Time(s) 0.0134 | RobustPrompt-T Loss 0.9946  
Epoch 048 |  Time(s) 0.0133 | RobustPrompt-T Loss 0.9602  
Epoch 049 |  Time(s) 0.0131 | RobustPrompt-T Loss 0.9413  
Epoch 050 |  Time(s) 0.0134 | RobustPrompt-T Loss 0.9178  
Epoch 051 |  Time(s) 0.0130 | RobustPrompt-T Loss 0.8867  
Epoch 052 |  Time(s) 0.0133 | RobustPrompt-T Loss 0.9077  
Epoch 053 |  Time(s) 0.0130 | RobustPrompt-T Loss 0.8571  
Epoch 054 |  Time(s) 0.0129 | RobustPrompt-T Loss 0.8267  
Epoch 055 |  Time(s) 0.0133 | RobustPrompt-T Loss 0.8435  
Epoch 056 |  Time(s) 0.0124 | RobustPrompt-T Loss 0.7827  
Epoch 057 |  Time(s) 0.0126 | RobustPrompt-T Loss 0.7559  
Epoch 058 |  Time(s) 0.0131 | RobustPrompt-T Loss 0.7670  
Epoch 059 |  Time(s) 0.0128 | RobustPrompt-T Loss 0.7190  
Epoch 060 |  Time(s) 0.0131 | RobustPrompt-T Loss 0.7066  
Epoch 061 |  Time(s) 0.0132 | RobustPrompt-T Loss 0.6820  
Epoch 062 |  Time(s) 0.0129 | RobustPrompt-T Loss 0.6589  
Epoch 063 |  Time(s) 0.0129 | RobustPrompt-T Loss 0.6512  
Epoch 064 |  Time(s) 0.0131 | RobustPrompt-T Loss 0.6146  
Epoch 065 |  Time(s) 0.0130 | RobustPrompt-T Loss 0.6016  
Epoch 066 |  Time(s) 0.0130 | RobustPrompt-T Loss 0.5898  
Epoch 067 |  Time(s) 0.0130 | RobustPrompt-T Loss 0.5819  
Epoch 068 |  Time(s) 0.0132 | RobustPrompt-T Loss 0.5648  
Epoch 069 |  Time(s) 0.0130 | RobustPrompt-T Loss 0.5642  
Epoch 070 |  Time(s) 0.0129 | RobustPrompt-T Loss 0.5305  
Epoch 071 |  Time(s) 0.0131 | RobustPrompt-T Loss 0.5244  
Epoch 072 |  Time(s) 0.0129 | RobustPrompt-T Loss 0.5114  
Epoch 073 |  Time(s) 0.0131 | RobustPrompt-T Loss 0.4961  
Epoch 074 |  Time(s) 0.0129 | RobustPrompt-T Loss 0.4874  
Epoch 075 |  Time(s) 0.0131 | RobustPrompt-T Loss 0.4828  
Epoch 076 |  Time(s) 0.0130 | RobustPrompt-T Loss 0.4785  
Epoch 077 |  Time(s) 0.0130 | RobustPrompt-T Loss 0.4653  
Epoch 078 |  Time(s) 0.0130 | RobustPrompt-T Loss 0.4602  
Epoch 079 |  Time(s) 0.0130 | RobustPrompt-T Loss 0.4509  
Epoch 080 |  Time(s) 0.0130 | RobustPrompt-T Loss 0.4388  
Epoch 081 |  Time(s) 0.0130 | RobustPrompt-T Loss 0.4328  
Epoch 082 |  Time(s) 0.0126 | RobustPrompt-T Loss 0.4275  
Epoch 083 |  Time(s) 0.0122 | RobustPrompt-T Loss 0.4191  
Epoch 084 |  Time(s) 0.0127 | RobustPrompt-T Loss 0.4107  
Epoch 085 |  Time(s) 0.0121 | RobustPrompt-T Loss 0.4007  
Epoch 086 |  Time(s) 0.0128 | RobustPrompt-T Loss 0.3933  
Epoch 087 |  Time(s) 0.0129 | RobustPrompt-T Loss 0.3914  
Epoch 088 |  Time(s) 0.0125 | RobustPrompt-T Loss 0.4011  
Epoch 089 |  Time(s) 0.0127 | RobustPrompt-T Loss 0.4032  
Epoch 090 |  Time(s) 0.0127 | RobustPrompt-T Loss 0.4928  
Epoch 091 |  Time(s) 0.0123 | RobustPrompt-T Loss 0.3748  
Epoch 092 |  Time(s) 0.0128 | RobustPrompt-T Loss 0.5172  
Epoch 093 |  Time(s) 0.0126 | RobustPrompt-T Loss 0.3740  
Epoch 094 |  Time(s) 0.0126 | RobustPrompt-T Loss 0.6045  
Epoch 095 |  Time(s) 0.0126 | RobustPrompt-T Loss 0.3892  
Epoch 096 |  Time(s) 0.0125 | RobustPrompt-T Loss 0.8804  
Epoch 097 |  Time(s) 0.0123 | RobustPrompt-T Loss 1.0419  
Epoch 098 |  Time(s) 0.0132 | RobustPrompt-T Loss 0.4551  
Epoch 099 |  Time(s) 0.0130 | RobustPrompt-T Loss 1.2662  
Epoch 100 |  Time(s) 0.0130 | RobustPrompt-T Loss 2.1817  
Epoch 101 |  Time(s) 0.0128 | RobustPrompt-T Loss 1.6995  
Epoch 102 |  Time(s) 0.0132 | RobustPrompt-T Loss 0.8439  
Epoch 103 |  Time(s) 0.0123 | RobustPrompt-T Loss 0.5266  
Epoch 104 |  Time(s) 0.0127 | RobustPrompt-T Loss 0.7061  
Epoch 105 |  Time(s) 0.0124 | RobustPrompt-T Loss 0.8111  
Epoch 106 |  Time(s) 0.0127 | RobustPrompt-T Loss 0.6906  
Epoch 107 |  Time(s) 0.0127 | RobustPrompt-T Loss 0.5019  
Epoch 108 |  Time(s) 0.0125 | RobustPrompt-T Loss 0.4590  
Epoch 109 |  Time(s) 0.0130 | RobustPrompt-T Loss 0.4686  
Epoch 110 |  Time(s) 0.0129 | RobustPrompt-T Loss 0.5467  
Epoch 111 |  Time(s) 0.0130 | RobustPrompt-T Loss 0.4110  
Epoch 112 |  Time(s) 0.0129 | RobustPrompt-T Loss 0.4152  
----------------------------------------------------------------------------------------------------
Early stopping at 113 eopch!
Final True Accuracy: 0.1001 | Macro F1 Score: 0.0694
best_loss [tensor(0.4205, device='cuda:0', grad_fn=<AddBackward0>)]
{1: {1: 0.08803986757993698}, 2: {1: 0.10672757774591446}, 3: {1: 0.10589700937271118}, 4: {1: 0.10548172891139984}, 5: {1: 0.10008305311203003}}
{1: {1: 0.08803986757993698, 2: 0.10672757774591446, 3: 0.10589700937271118, 4: 0.10548172891139984, 5: 0.10008305311203003}}
########################################################################################
seed: 1 | split 1 : 0.08803986757993698
# Seed 1 Muti Split Final Acc: 0.0880±0.0000
seed: 2 | split 1 : 0.10672757774591446
# Seed 2 Muti Split Final Acc: 0.1067±0.0000
seed: 3 | split 1 : 0.10589700937271118
# Seed 3 Muti Split Final Acc: 0.1059±0.0000
seed: 4 | split 1 : 0.10548172891139984
# Seed 4 Muti Split Final Acc: 0.1055±0.0000
seed: 5 | split 1 : 0.10008305311203003
# Seed 5 Muti Split Final Acc: 0.1001±0.0000
########################################################################################
split: 1 | seed 1 : 0.08803986757993698
split: 1 | seed 2 : 0.10672757774591446
split: 1 | seed 3 : 0.10589700937271118
split: 1 | seed 4 : 0.10548172891139984
split: 1 | seed 5 : 0.10008305311203003
# Split 1 Muti Seed Acc without min value: 0.1045±0.0026
########################################################################################
