load LLC or attacked data with specified split
Successfully loaded the attack of dataname with few shot 5, split 1
Attack method : Meta_Self | Attack ptb : 0.2 | Dataset: Cora
======================
Number of graphs: 1
Number of features: 1433
Number of classes: 7

Data(x=[2708, 1433], edge_index=[2, 15484], y=[2708], train_mask=[2708], val_mask=[2708], test_mask=[2708])
===========================================================================================================
Number of nodes: 2708
Number of edges: 15484
Average node degree: 5.72
Has isolated nodes: False
Has self-loops: True
Is undirected: True
GCN(
  (conv_layers): ModuleList(
    (0): GCNConv(1433, 256)
    (1): GCNConv(256, 256)
  )
)
Successfully loaded pre-trained weights!
use RobustPrompt Tranductive
defense pt dict :  {'sim_pt': 0.3, 'degree_pt': 1, 'out_detect_pt': 0.5, 'other_pt': 'all'}
use_attention :  False
cosine_constraint :  True
pt_threshold :  0.5
filter_module :  OriginalFilter
temperature :  1.0
weight_mse 0.1
weight_kl :  0.3
weight_constraint :  0.2
run RobustPrompt-T
Epoch 001 |  Time(s) 0.2660 | RobustPrompt-T Loss 1.9493  
Epoch 002 |  Time(s) 0.0142 | RobustPrompt-T Loss 1.9461  
Epoch 003 |  Time(s) 0.0138 | RobustPrompt-T Loss 1.9174  
Epoch 004 |  Time(s) 0.0135 | RobustPrompt-T Loss 1.9150  
Epoch 005 |  Time(s) 0.0128 | RobustPrompt-T Loss 1.9004  
Epoch 006 |  Time(s) 0.0133 | RobustPrompt-T Loss 1.8892  
Epoch 007 |  Time(s) 0.0129 | RobustPrompt-T Loss 1.8869  
Epoch 008 |  Time(s) 0.0128 | RobustPrompt-T Loss 1.8651  
Epoch 009 |  Time(s) 0.0132 | RobustPrompt-T Loss 1.8434  
Epoch 010 |  Time(s) 0.0135 | RobustPrompt-T Loss 1.8342  
Epoch 011 |  Time(s) 0.0136 | RobustPrompt-T Loss 1.8007  
Epoch 012 |  Time(s) 0.0132 | RobustPrompt-T Loss 1.7605  
Epoch 013 |  Time(s) 0.0130 | RobustPrompt-T Loss 1.7753  
Epoch 014 |  Time(s) 0.0129 | RobustPrompt-T Loss 1.7050  
Epoch 015 |  Time(s) 0.0138 | RobustPrompt-T Loss 1.6872  
Epoch 016 |  Time(s) 0.0131 | RobustPrompt-T Loss 1.6776  
Epoch 017 |  Time(s) 0.0134 | RobustPrompt-T Loss 1.8037  
Epoch 018 |  Time(s) 0.0136 | RobustPrompt-T Loss 1.6765  
Epoch 019 |  Time(s) 0.0134 | RobustPrompt-T Loss 1.7522  
Epoch 020 |  Time(s) 0.0137 | RobustPrompt-T Loss 1.6289  
Epoch 021 |  Time(s) 0.0138 | RobustPrompt-T Loss 1.6524  
Epoch 022 |  Time(s) 0.0135 | RobustPrompt-T Loss 1.7543  
Epoch 023 |  Time(s) 0.0139 | RobustPrompt-T Loss 1.6429  
Epoch 024 |  Time(s) 0.0135 | RobustPrompt-T Loss 1.5862  
Epoch 025 |  Time(s) 0.0136 | RobustPrompt-T Loss 1.6344  
Epoch 026 |  Time(s) 0.0138 | RobustPrompt-T Loss 1.5857  
Epoch 027 |  Time(s) 0.0139 | RobustPrompt-T Loss 1.5273  
Epoch 028 |  Time(s) 0.0139 | RobustPrompt-T Loss 1.6251  
Epoch 029 |  Time(s) 0.0135 | RobustPrompt-T Loss 1.6154  
Epoch 030 |  Time(s) 0.0138 | RobustPrompt-T Loss 1.6350  
Epoch 031 |  Time(s) 0.0138 | RobustPrompt-T Loss 1.4652  
Epoch 032 |  Time(s) 0.0140 | RobustPrompt-T Loss 1.4657  
Epoch 033 |  Time(s) 0.0139 | RobustPrompt-T Loss 1.4895  
Epoch 034 |  Time(s) 0.0144 | RobustPrompt-T Loss 1.4402  
Epoch 035 |  Time(s) 0.0137 | RobustPrompt-T Loss 1.3790  
Epoch 036 |  Time(s) 0.0133 | RobustPrompt-T Loss 1.3726  
Epoch 037 |  Time(s) 0.0138 | RobustPrompt-T Loss 1.3794  
Epoch 038 |  Time(s) 0.0138 | RobustPrompt-T Loss 1.4149  
Epoch 039 |  Time(s) 0.0140 | RobustPrompt-T Loss 1.3463  
Epoch 040 |  Time(s) 0.0136 | RobustPrompt-T Loss 1.3067  
Epoch 041 |  Time(s) 0.0138 | RobustPrompt-T Loss 1.3056  
Epoch 042 |  Time(s) 0.0138 | RobustPrompt-T Loss 1.2367  
Epoch 043 |  Time(s) 0.0141 | RobustPrompt-T Loss 1.3037  
Epoch 044 |  Time(s) 0.0139 | RobustPrompt-T Loss 1.1690  
Epoch 045 |  Time(s) 0.0139 | RobustPrompt-T Loss 1.2201  
Epoch 046 |  Time(s) 0.0141 | RobustPrompt-T Loss 1.1373  
Epoch 047 |  Time(s) 0.0141 | RobustPrompt-T Loss 1.1874  
Epoch 048 |  Time(s) 0.0140 | RobustPrompt-T Loss 1.1563  
Epoch 049 |  Time(s) 0.0140 | RobustPrompt-T Loss 1.1353  
Epoch 050 |  Time(s) 0.0141 | RobustPrompt-T Loss 1.0670  
Epoch 051 |  Time(s) 0.0139 | RobustPrompt-T Loss 1.0541  
Epoch 052 |  Time(s) 0.0140 | RobustPrompt-T Loss 1.0562  
Epoch 053 |  Time(s) 0.0142 | RobustPrompt-T Loss 1.0080  
Epoch 054 |  Time(s) 0.0139 | RobustPrompt-T Loss 1.0234  
Epoch 055 |  Time(s) 0.0140 | RobustPrompt-T Loss 0.9806  
Epoch 056 |  Time(s) 0.0140 | RobustPrompt-T Loss 1.0096  
Epoch 057 |  Time(s) 0.0136 | RobustPrompt-T Loss 0.9618  
Epoch 058 |  Time(s) 0.0138 | RobustPrompt-T Loss 0.9208  
Epoch 059 |  Time(s) 0.0138 | RobustPrompt-T Loss 0.9331  
Epoch 060 |  Time(s) 0.0139 | RobustPrompt-T Loss 0.9114  
Epoch 061 |  Time(s) 0.0140 | RobustPrompt-T Loss 0.8809  
Epoch 062 |  Time(s) 0.0140 | RobustPrompt-T Loss 0.9030  
Epoch 063 |  Time(s) 0.0140 | RobustPrompt-T Loss 0.8458  
Epoch 064 |  Time(s) 0.0140 | RobustPrompt-T Loss 0.8297  
Epoch 065 |  Time(s) 0.0140 | RobustPrompt-T Loss 0.8270  
Epoch 066 |  Time(s) 0.0139 | RobustPrompt-T Loss 0.8152  
Epoch 067 |  Time(s) 0.0140 | RobustPrompt-T Loss 0.7847  
Epoch 068 |  Time(s) 0.0136 | RobustPrompt-T Loss 0.7509  
Epoch 069 |  Time(s) 0.0137 | RobustPrompt-T Loss 0.7428  
Epoch 070 |  Time(s) 0.0138 | RobustPrompt-T Loss 0.7379  
Epoch 071 |  Time(s) 0.0134 | RobustPrompt-T Loss 0.7409  
Epoch 072 |  Time(s) 0.0138 | RobustPrompt-T Loss 0.6958  
Epoch 073 |  Time(s) 0.0139 | RobustPrompt-T Loss 0.6775  
Epoch 074 |  Time(s) 0.0138 | RobustPrompt-T Loss 0.6806  
Epoch 075 |  Time(s) 0.0140 | RobustPrompt-T Loss 0.7044  
Epoch 076 |  Time(s) 0.0136 | RobustPrompt-T Loss 0.6411  
Epoch 077 |  Time(s) 0.0137 | RobustPrompt-T Loss 0.6276  
Epoch 078 |  Time(s) 0.0139 | RobustPrompt-T Loss 0.6386  
Epoch 079 |  Time(s) 0.0139 | RobustPrompt-T Loss 0.6479  
Epoch 080 |  Time(s) 0.0137 | RobustPrompt-T Loss 0.5920  
Epoch 081 |  Time(s) 0.0134 | RobustPrompt-T Loss 0.6810  
Epoch 082 |  Time(s) 0.0132 | RobustPrompt-T Loss 0.5769  
Epoch 083 |  Time(s) 0.0137 | RobustPrompt-T Loss 0.7022  
Epoch 084 |  Time(s) 0.0135 | RobustPrompt-T Loss 0.6030  
Epoch 085 |  Time(s) 0.0135 | RobustPrompt-T Loss 0.7335  
Epoch 086 |  Time(s) 0.0133 | RobustPrompt-T Loss 0.6760  
Epoch 087 |  Time(s) 0.0136 | RobustPrompt-T Loss 0.5907  
Epoch 088 |  Time(s) 0.0136 | RobustPrompt-T Loss 0.5371  
Epoch 089 |  Time(s) 0.0138 | RobustPrompt-T Loss 0.6195  
Epoch 090 |  Time(s) 0.0138 | RobustPrompt-T Loss 0.5267  
Epoch 091 |  Time(s) 0.0140 | RobustPrompt-T Loss 0.5805  
Epoch 092 |  Time(s) 0.0139 | RobustPrompt-T Loss 0.5003  
Epoch 093 |  Time(s) 0.0139 | RobustPrompt-T Loss 0.5710  
Epoch 094 |  Time(s) 0.0136 | RobustPrompt-T Loss 0.5005  
Epoch 095 |  Time(s) 0.0139 | RobustPrompt-T Loss 0.4992  
Epoch 096 |  Time(s) 0.0132 | RobustPrompt-T Loss 0.5526  
Epoch 097 |  Time(s) 0.0136 | RobustPrompt-T Loss 0.4729  
Epoch 098 |  Time(s) 0.0139 | RobustPrompt-T Loss 0.5082  
Epoch 099 |  Time(s) 0.0141 | RobustPrompt-T Loss 0.5000  
Epoch 100 |  Time(s) 0.0140 | RobustPrompt-T Loss 0.4509  
Epoch 101 |  Time(s) 0.0135 | RobustPrompt-T Loss 0.4795  
Epoch 102 |  Time(s) 0.0136 | RobustPrompt-T Loss 0.5223  
Epoch 103 |  Time(s) 0.0140 | RobustPrompt-T Loss 0.4492  
Epoch 104 |  Time(s) 0.0139 | RobustPrompt-T Loss 0.6370  
Epoch 105 |  Time(s) 0.0140 | RobustPrompt-T Loss 0.6292  
Epoch 106 |  Time(s) 0.0140 | RobustPrompt-T Loss 0.4371  
Epoch 107 |  Time(s) 0.0141 | RobustPrompt-T Loss 0.4658  
Epoch 108 |  Time(s) 0.0140 | RobustPrompt-T Loss 0.4615  
Epoch 109 |  Time(s) 0.0139 | RobustPrompt-T Loss 0.4540  
Epoch 110 |  Time(s) 0.0140 | RobustPrompt-T Loss 0.5584  
Epoch 111 |  Time(s) 0.0141 | RobustPrompt-T Loss 0.5783  
Epoch 112 |  Time(s) 0.0142 | RobustPrompt-T Loss 0.4238  
Epoch 113 |  Time(s) 0.0140 | RobustPrompt-T Loss 0.4860  
Epoch 114 |  Time(s) 0.0138 | RobustPrompt-T Loss 0.4393  
Epoch 115 |  Time(s) 0.0139 | RobustPrompt-T Loss 0.4934  
Epoch 116 |  Time(s) 0.0141 | RobustPrompt-T Loss 0.4868  
Epoch 117 |  Time(s) 0.0135 | RobustPrompt-T Loss 0.4503  
Epoch 118 |  Time(s) 0.0139 | RobustPrompt-T Loss 0.5037  
Epoch 119 |  Time(s) 0.0135 | RobustPrompt-T Loss 0.4129  
Epoch 120 |  Time(s) 0.0135 | RobustPrompt-T Loss 0.4766  
Epoch 121 |  Time(s) 0.0137 | RobustPrompt-T Loss 0.3791  
Epoch 122 |  Time(s) 0.0137 | RobustPrompt-T Loss 0.5327  
Epoch 123 |  Time(s) 0.0141 | RobustPrompt-T Loss 0.5840  
Epoch 124 |  Time(s) 0.0133 | RobustPrompt-T Loss 0.4008  
Epoch 125 |  Time(s) 0.0138 | RobustPrompt-T Loss 0.4440  
Epoch 126 |  Time(s) 0.0134 | RobustPrompt-T Loss 0.4387  
Epoch 127 |  Time(s) 0.0135 | RobustPrompt-T Loss 0.3456  
Epoch 128 |  Time(s) 0.0141 | RobustPrompt-T Loss 0.4264  
Epoch 129 |  Time(s) 0.0140 | RobustPrompt-T Loss 0.3592  
Epoch 130 |  Time(s) 0.0141 | RobustPrompt-T Loss 0.3754  
Epoch 131 |  Time(s) 0.0141 | RobustPrompt-T Loss 0.3700  
Epoch 132 |  Time(s) 0.0139 | RobustPrompt-T Loss 0.3339  
Epoch 133 |  Time(s) 0.0139 | RobustPrompt-T Loss 0.4024  
Epoch 134 |  Time(s) 0.0140 | RobustPrompt-T Loss 0.3266  
Epoch 135 |  Time(s) 0.0139 | RobustPrompt-T Loss 0.3513  
Epoch 136 |  Time(s) 0.0136 | RobustPrompt-T Loss 0.3453  
Epoch 137 |  Time(s) 0.0135 | RobustPrompt-T Loss 0.3247  
Epoch 138 |  Time(s) 0.0140 | RobustPrompt-T Loss 0.3706  
Epoch 139 |  Time(s) 0.0141 | RobustPrompt-T Loss 0.3074  
Epoch 140 |  Time(s) 0.0139 | RobustPrompt-T Loss 0.3308  
Epoch 141 |  Time(s) 0.0134 | RobustPrompt-T Loss 0.3145  
Epoch 142 |  Time(s) 0.0140 | RobustPrompt-T Loss 0.2902  
Epoch 143 |  Time(s) 0.0139 | RobustPrompt-T Loss 0.3504  
Epoch 144 |  Time(s) 0.0139 | RobustPrompt-T Loss 0.2818  
Epoch 145 |  Time(s) 0.0138 | RobustPrompt-T Loss 0.2962  
Epoch 146 |  Time(s) 0.0134 | RobustPrompt-T Loss 0.2932  
Epoch 147 |  Time(s) 0.0140 | RobustPrompt-T Loss 0.2736  
Epoch 148 |  Time(s) 0.0140 | RobustPrompt-T Loss 0.3112  
Epoch 149 |  Time(s) 0.0139 | RobustPrompt-T Loss 0.2458  
Epoch 150 |  Time(s) 0.0133 | RobustPrompt-T Loss 0.2672  
Epoch 151 |  Time(s) 0.0139 | RobustPrompt-T Loss 0.2441  
Epoch 152 |  Time(s) 0.0139 | RobustPrompt-T Loss 0.2472  
Epoch 153 |  Time(s) 0.0142 | RobustPrompt-T Loss 0.2367  
Epoch 154 |  Time(s) 0.0137 | RobustPrompt-T Loss 0.2304  
Epoch 155 |  Time(s) 0.0134 | RobustPrompt-T Loss 0.2333  
Epoch 156 |  Time(s) 0.0132 | RobustPrompt-T Loss 0.2190  
Epoch 157 |  Time(s) 0.0137 | RobustPrompt-T Loss 0.2263  
Epoch 158 |  Time(s) 0.0137 | RobustPrompt-T Loss 0.2032  
Epoch 159 |  Time(s) 0.0134 | RobustPrompt-T Loss 0.2103  
Epoch 160 |  Time(s) 0.0136 | RobustPrompt-T Loss 0.1926  
Epoch 161 |  Time(s) 0.0139 | RobustPrompt-T Loss 0.1902  
Epoch 162 |  Time(s) 0.0140 | RobustPrompt-T Loss 0.1846  
Epoch 163 |  Time(s) 0.0141 | RobustPrompt-T Loss 0.1819  
Epoch 164 |  Time(s) 0.0139 | RobustPrompt-T Loss 0.1830  
Epoch 165 |  Time(s) 0.0136 | RobustPrompt-T Loss 0.1784  
Epoch 166 |  Time(s) 0.0137 | RobustPrompt-T Loss 0.1705  
Epoch 167 |  Time(s) 0.0140 | RobustPrompt-T Loss 0.1633  
Epoch 168 |  Time(s) 0.0139 | RobustPrompt-T Loss 0.1671  
Epoch 169 |  Time(s) 0.0139 | RobustPrompt-T Loss 0.1542  
Epoch 170 |  Time(s) 0.0140 | RobustPrompt-T Loss 0.1543  
Epoch 171 |  Time(s) 0.0142 | RobustPrompt-T Loss 0.1479  
Epoch 172 |  Time(s) 0.0140 | RobustPrompt-T Loss 0.1489  
Epoch 173 |  Time(s) 0.0138 | RobustPrompt-T Loss 0.1408  
Epoch 174 |  Time(s) 0.0141 | RobustPrompt-T Loss 0.1390  
Epoch 175 |  Time(s) 0.0140 | RobustPrompt-T Loss 0.1342  
Epoch 176 |  Time(s) 0.0139 | RobustPrompt-T Loss 0.1330  
Epoch 177 |  Time(s) 0.0135 | RobustPrompt-T Loss 0.1282  
Epoch 178 |  Time(s) 0.0140 | RobustPrompt-T Loss 0.1274  
Epoch 179 |  Time(s) 0.0140 | RobustPrompt-T Loss 0.1262  
Epoch 180 |  Time(s) 0.0141 | RobustPrompt-T Loss 0.1243  
Epoch 181 |  Time(s) 0.0138 | RobustPrompt-T Loss 0.1250  
Epoch 182 |  Time(s) 0.0133 | RobustPrompt-T Loss 0.1194  
Epoch 183 |  Time(s) 0.0139 | RobustPrompt-T Loss 0.1170  
Epoch 184 |  Time(s) 0.0141 | RobustPrompt-T Loss 0.1106  
Epoch 185 |  Time(s) 0.0139 | RobustPrompt-T Loss 0.1111  
Epoch 186 |  Time(s) 0.0138 | RobustPrompt-T Loss 0.1104  
Epoch 187 |  Time(s) 0.0141 | RobustPrompt-T Loss 0.1086  
Epoch 188 |  Time(s) 0.0141 | RobustPrompt-T Loss 0.1049  
Epoch 189 |  Time(s) 0.0139 | RobustPrompt-T Loss 0.1035  
Epoch 190 |  Time(s) 0.0132 | RobustPrompt-T Loss 0.1034  
Epoch 191 |  Time(s) 0.0139 | RobustPrompt-T Loss 0.1022  
Epoch 192 |  Time(s) 0.0141 | RobustPrompt-T Loss 0.0981  
Epoch 193 |  Time(s) 0.0140 | RobustPrompt-T Loss 0.0969  
Epoch 194 |  Time(s) 0.0137 | RobustPrompt-T Loss 0.0974  
Epoch 195 |  Time(s) 0.0139 | RobustPrompt-T Loss 0.0956  
Epoch 196 |  Time(s) 0.0142 | RobustPrompt-T Loss 0.0925  
Epoch 197 |  Time(s) 0.0140 | RobustPrompt-T Loss 0.0914  
Epoch 198 |  Time(s) 0.0132 | RobustPrompt-T Loss 0.0908  
Epoch 199 |  Time(s) 0.0139 | RobustPrompt-T Loss 0.0907  
Epoch 200 |  Time(s) 0.0137 | RobustPrompt-T Loss 0.0878  
Final True Accuracy: 0.1217 | Macro F1 Score: 0.0808
best_loss [tensor(0.0878, device='cuda:0', grad_fn=<AddBackward0>)]
load LLC or attacked data with specified split
Successfully loaded the attack of dataname with few shot 5, split 1
Attack method : Meta_Self | Attack ptb : 0.2 | Dataset: Cora
======================
Number of graphs: 1
Number of features: 1433
Number of classes: 7

Data(x=[2708, 1433], edge_index=[2, 15484], y=[2708], train_mask=[2708], val_mask=[2708], test_mask=[2708])
===========================================================================================================
Number of nodes: 2708
Number of edges: 15484
Average node degree: 5.72
Has isolated nodes: False
Has self-loops: True
Is undirected: True
GCN(
  (conv_layers): ModuleList(
    (0): GCNConv(1433, 256)
    (1): GCNConv(256, 256)
  )
)
Successfully loaded pre-trained weights!
use RobustPrompt Tranductive
defense pt dict :  {'sim_pt': 0.3, 'degree_pt': 1, 'out_detect_pt': 0.5, 'other_pt': 'all'}
use_attention :  False
cosine_constraint :  True
pt_threshold :  0.5
filter_module :  OriginalFilter
temperature :  1.0
weight_mse 0.1
weight_kl :  0.3
weight_constraint :  0.2
run RobustPrompt-T
Epoch 001 |  Time(s) 0.0134 | RobustPrompt-T Loss 1.9480  
Epoch 002 |  Time(s) 0.0130 | RobustPrompt-T Loss 1.9139  
Epoch 003 |  Time(s) 0.0135 | RobustPrompt-T Loss 1.9437  
Epoch 004 |  Time(s) 0.0134 | RobustPrompt-T Loss 1.9076  
Epoch 005 |  Time(s) 0.0137 | RobustPrompt-T Loss 1.9047  
Epoch 006 |  Time(s) 0.0137 | RobustPrompt-T Loss 1.9064  
Epoch 007 |  Time(s) 0.0134 | RobustPrompt-T Loss 1.8898  
Epoch 008 |  Time(s) 0.0139 | RobustPrompt-T Loss 1.8782  
Epoch 009 |  Time(s) 0.0139 | RobustPrompt-T Loss 1.8606  
Epoch 010 |  Time(s) 0.0134 | RobustPrompt-T Loss 1.8482  
Epoch 011 |  Time(s) 0.0130 | RobustPrompt-T Loss 1.8504  
Epoch 012 |  Time(s) 0.0140 | RobustPrompt-T Loss 1.8107  
Epoch 013 |  Time(s) 0.0138 | RobustPrompt-T Loss 1.7899  
Epoch 014 |  Time(s) 0.0138 | RobustPrompt-T Loss 1.7998  
Epoch 015 |  Time(s) 0.0133 | RobustPrompt-T Loss 1.7409  
Epoch 016 |  Time(s) 0.0140 | RobustPrompt-T Loss 1.7092  
Epoch 017 |  Time(s) 0.0137 | RobustPrompt-T Loss 1.6876  
Epoch 018 |  Time(s) 0.0134 | RobustPrompt-T Loss 1.6623  
Epoch 019 |  Time(s) 0.0137 | RobustPrompt-T Loss 1.6424  
Epoch 020 |  Time(s) 0.0139 | RobustPrompt-T Loss 1.5858  
Epoch 021 |  Time(s) 0.0143 | RobustPrompt-T Loss 1.5693  
Epoch 022 |  Time(s) 0.0128 | RobustPrompt-T Loss 1.5580  
Epoch 023 |  Time(s) 0.0131 | RobustPrompt-T Loss 1.5412  
Epoch 024 |  Time(s) 0.0130 | RobustPrompt-T Loss 1.5758  
Epoch 025 |  Time(s) 0.0130 | RobustPrompt-T Loss 1.4833  
Epoch 026 |  Time(s) 0.0131 | RobustPrompt-T Loss 1.4590  
Epoch 027 |  Time(s) 0.0133 | RobustPrompt-T Loss 1.5126  
Epoch 028 |  Time(s) 0.0134 | RobustPrompt-T Loss 1.4307  
Epoch 029 |  Time(s) 0.0134 | RobustPrompt-T Loss 1.3910  
Epoch 030 |  Time(s) 0.0139 | RobustPrompt-T Loss 1.3699  
Epoch 031 |  Time(s) 0.0137 | RobustPrompt-T Loss 1.3591  
Epoch 032 |  Time(s) 0.0139 | RobustPrompt-T Loss 1.3809  
Epoch 033 |  Time(s) 0.0135 | RobustPrompt-T Loss 1.3212  
Epoch 034 |  Time(s) 0.0135 | RobustPrompt-T Loss 1.2671  
Epoch 035 |  Time(s) 0.0134 | RobustPrompt-T Loss 1.3000  
Epoch 036 |  Time(s) 0.0137 | RobustPrompt-T Loss 1.2213  
Epoch 037 |  Time(s) 0.0139 | RobustPrompt-T Loss 1.1973  
Epoch 038 |  Time(s) 0.0140 | RobustPrompt-T Loss 1.1923  
Epoch 039 |  Time(s) 0.0140 | RobustPrompt-T Loss 1.1280  
Epoch 040 |  Time(s) 0.0140 | RobustPrompt-T Loss 1.1026  
Epoch 041 |  Time(s) 0.0135 | RobustPrompt-T Loss 1.0993  
Epoch 042 |  Time(s) 0.0138 | RobustPrompt-T Loss 1.0643  
Epoch 043 |  Time(s) 0.0138 | RobustPrompt-T Loss 1.0303  
Epoch 044 |  Time(s) 0.0132 | RobustPrompt-T Loss 1.0093  
Epoch 045 |  Time(s) 0.0137 | RobustPrompt-T Loss 1.0241  
Epoch 046 |  Time(s) 0.0139 | RobustPrompt-T Loss 0.9895  
Epoch 047 |  Time(s) 0.0141 | RobustPrompt-T Loss 0.9464  
Epoch 048 |  Time(s) 0.0140 | RobustPrompt-T Loss 0.9095  
Epoch 049 |  Time(s) 0.0135 | RobustPrompt-T Loss 0.9062  
Epoch 050 |  Time(s) 0.0139 | RobustPrompt-T Loss 0.9165  
Epoch 051 |  Time(s) 0.0137 | RobustPrompt-T Loss 1.0588  
Epoch 052 |  Time(s) 0.0138 | RobustPrompt-T Loss 0.8397  
Epoch 053 |  Time(s) 0.0140 | RobustPrompt-T Loss 1.0370  
Epoch 054 |  Time(s) 0.0140 | RobustPrompt-T Loss 0.8392  
Epoch 055 |  Time(s) 0.0135 | RobustPrompt-T Loss 1.0830  
Epoch 056 |  Time(s) 0.0135 | RobustPrompt-T Loss 0.9945  
Epoch 057 |  Time(s) 0.0134 | RobustPrompt-T Loss 1.0825  
Epoch 058 |  Time(s) 0.0137 | RobustPrompt-T Loss 1.3091  
Epoch 059 |  Time(s) 0.0141 | RobustPrompt-T Loss 0.8979  
Epoch 060 |  Time(s) 0.0140 | RobustPrompt-T Loss 1.2065  
Epoch 061 |  Time(s) 0.0139 | RobustPrompt-T Loss 1.5979  
Epoch 062 |  Time(s) 0.0134 | RobustPrompt-T Loss 1.3049  
Epoch 063 |  Time(s) 0.0136 | RobustPrompt-T Loss 1.2387  
Epoch 064 |  Time(s) 0.0135 | RobustPrompt-T Loss 1.3417  
Epoch 065 |  Time(s) 0.0136 | RobustPrompt-T Loss 1.0005  
Epoch 066 |  Time(s) 0.0134 | RobustPrompt-T Loss 1.0814  
Epoch 067 |  Time(s) 0.0136 | RobustPrompt-T Loss 1.1857  
Epoch 068 |  Time(s) 0.0140 | RobustPrompt-T Loss 1.0011  
Epoch 069 |  Time(s) 0.0134 | RobustPrompt-T Loss 0.9689  
Epoch 070 |  Time(s) 0.0137 | RobustPrompt-T Loss 0.9822  
Epoch 071 |  Time(s) 0.0140 | RobustPrompt-T Loss 0.8590  
Epoch 072 |  Time(s) 0.0139 | RobustPrompt-T Loss 1.0538  
Epoch 073 |  Time(s) 0.0139 | RobustPrompt-T Loss 0.9760  
----------------------------------------------------------------------------------------------------
Early stopping at 74 eopch!
Final True Accuracy: 0.1312 | Macro F1 Score: 0.0829
best_loss [tensor(0.8521, device='cuda:0', grad_fn=<AddBackward0>)]
load LLC or attacked data with specified split
Successfully loaded the attack of dataname with few shot 5, split 1
Attack method : Meta_Self | Attack ptb : 0.2 | Dataset: Cora
======================
Number of graphs: 1
Number of features: 1433
Number of classes: 7

Data(x=[2708, 1433], edge_index=[2, 15484], y=[2708], train_mask=[2708], val_mask=[2708], test_mask=[2708])
===========================================================================================================
Number of nodes: 2708
Number of edges: 15484
Average node degree: 5.72
Has isolated nodes: False
Has self-loops: True
Is undirected: True
GCN(
  (conv_layers): ModuleList(
    (0): GCNConv(1433, 256)
    (1): GCNConv(256, 256)
  )
)
Successfully loaded pre-trained weights!
use RobustPrompt Tranductive
defense pt dict :  {'sim_pt': 0.3, 'degree_pt': 1, 'out_detect_pt': 0.5, 'other_pt': 'all'}
use_attention :  False
cosine_constraint :  True
pt_threshold :  0.5
filter_module :  OriginalFilter
temperature :  1.0
weight_mse 0.1
weight_kl :  0.3
weight_constraint :  0.2
run RobustPrompt-T
Epoch 001 |  Time(s) 0.0140 | RobustPrompt-T Loss 1.9432  
Epoch 002 |  Time(s) 0.0138 | RobustPrompt-T Loss 1.9336  
Epoch 003 |  Time(s) 0.0139 | RobustPrompt-T Loss 1.9446  
Epoch 004 |  Time(s) 0.0140 | RobustPrompt-T Loss 1.9073  
Epoch 005 |  Time(s) 0.0138 | RobustPrompt-T Loss 1.9176  
Epoch 006 |  Time(s) 0.0135 | RobustPrompt-T Loss 1.8921  
Epoch 007 |  Time(s) 0.0138 | RobustPrompt-T Loss 1.8926  
Epoch 008 |  Time(s) 0.0138 | RobustPrompt-T Loss 1.8903  
Epoch 009 |  Time(s) 0.0134 | RobustPrompt-T Loss 1.8713  
Epoch 010 |  Time(s) 0.0138 | RobustPrompt-T Loss 1.8458  
Epoch 011 |  Time(s) 0.0132 | RobustPrompt-T Loss 1.8346  
Epoch 012 |  Time(s) 0.0135 | RobustPrompt-T Loss 1.8071  
Epoch 013 |  Time(s) 0.0136 | RobustPrompt-T Loss 1.7590  
Epoch 014 |  Time(s) 0.0135 | RobustPrompt-T Loss 1.7549  
Epoch 015 |  Time(s) 0.0140 | RobustPrompt-T Loss 1.7160  
Epoch 016 |  Time(s) 0.0135 | RobustPrompt-T Loss 1.6846  
Epoch 017 |  Time(s) 0.0138 | RobustPrompt-T Loss 1.7296  
Epoch 018 |  Time(s) 0.0132 | RobustPrompt-T Loss 1.6822  
Epoch 019 |  Time(s) 0.0137 | RobustPrompt-T Loss 1.6591  
Epoch 020 |  Time(s) 0.0136 | RobustPrompt-T Loss 1.6327  
Epoch 021 |  Time(s) 0.0135 | RobustPrompt-T Loss 1.7009  
Epoch 022 |  Time(s) 0.0139 | RobustPrompt-T Loss 1.5849  
Epoch 023 |  Time(s) 0.0137 | RobustPrompt-T Loss 1.6360  
Epoch 024 |  Time(s) 0.0141 | RobustPrompt-T Loss 1.5894  
Epoch 025 |  Time(s) 0.0140 | RobustPrompt-T Loss 1.6876  
Epoch 026 |  Time(s) 0.0142 | RobustPrompt-T Loss 1.5528  
Epoch 027 |  Time(s) 0.0141 | RobustPrompt-T Loss 1.5231  
Epoch 028 |  Time(s) 0.0138 | RobustPrompt-T Loss 1.5544  
Epoch 029 |  Time(s) 0.0140 | RobustPrompt-T Loss 1.4986  
Epoch 030 |  Time(s) 0.0140 | RobustPrompt-T Loss 1.6532  
Epoch 031 |  Time(s) 0.0140 | RobustPrompt-T Loss 1.4827  
Epoch 032 |  Time(s) 0.0139 | RobustPrompt-T Loss 1.4278  
Epoch 033 |  Time(s) 0.0142 | RobustPrompt-T Loss 1.4179  
Epoch 034 |  Time(s) 0.0140 | RobustPrompt-T Loss 1.4121  
Epoch 035 |  Time(s) 0.0142 | RobustPrompt-T Loss 1.4766  
Epoch 036 |  Time(s) 0.0141 | RobustPrompt-T Loss 1.4865  
Epoch 037 |  Time(s) 0.0141 | RobustPrompt-T Loss 1.3275  
Epoch 038 |  Time(s) 0.0139 | RobustPrompt-T Loss 1.2916  
Epoch 039 |  Time(s) 0.0139 | RobustPrompt-T Loss 1.2634  
Epoch 040 |  Time(s) 0.0137 | RobustPrompt-T Loss 1.2920  
Epoch 041 |  Time(s) 0.0134 | RobustPrompt-T Loss 1.2863  
Epoch 042 |  Time(s) 0.0137 | RobustPrompt-T Loss 1.2539  
Epoch 043 |  Time(s) 0.0140 | RobustPrompt-T Loss 1.2031  
Epoch 044 |  Time(s) 0.0133 | RobustPrompt-T Loss 1.1881  
Epoch 045 |  Time(s) 0.0138 | RobustPrompt-T Loss 1.1672  
Epoch 046 |  Time(s) 0.0139 | RobustPrompt-T Loss 1.1542  
Epoch 047 |  Time(s) 0.0141 | RobustPrompt-T Loss 1.1559  
Epoch 048 |  Time(s) 0.0139 | RobustPrompt-T Loss 1.1218  
Epoch 049 |  Time(s) 0.0133 | RobustPrompt-T Loss 1.1218  
Epoch 050 |  Time(s) 0.0139 | RobustPrompt-T Loss 1.0910  
Epoch 051 |  Time(s) 0.0136 | RobustPrompt-T Loss 1.0762  
Epoch 052 |  Time(s) 0.0137 | RobustPrompt-T Loss 1.0528  
Epoch 053 |  Time(s) 0.0139 | RobustPrompt-T Loss 1.0455  
Epoch 054 |  Time(s) 0.0140 | RobustPrompt-T Loss 1.0076  
Epoch 055 |  Time(s) 0.0137 | RobustPrompt-T Loss 1.0005  
Epoch 056 |  Time(s) 0.0133 | RobustPrompt-T Loss 0.9719  
Epoch 057 |  Time(s) 0.0140 | RobustPrompt-T Loss 0.9629  
Epoch 058 |  Time(s) 0.0140 | RobustPrompt-T Loss 0.9464  
Epoch 059 |  Time(s) 0.0141 | RobustPrompt-T Loss 0.9288  
Epoch 060 |  Time(s) 0.0138 | RobustPrompt-T Loss 0.9095  
Epoch 061 |  Time(s) 0.0137 | RobustPrompt-T Loss 0.9222  
Epoch 062 |  Time(s) 0.0135 | RobustPrompt-T Loss 0.9247  
Epoch 063 |  Time(s) 0.0137 | RobustPrompt-T Loss 0.8358  
Epoch 064 |  Time(s) 0.0139 | RobustPrompt-T Loss 0.8484  
Epoch 065 |  Time(s) 0.0141 | RobustPrompt-T Loss 0.8945  
Epoch 066 |  Time(s) 0.0141 | RobustPrompt-T Loss 0.7956  
Epoch 067 |  Time(s) 0.0133 | RobustPrompt-T Loss 0.8845  
Epoch 068 |  Time(s) 0.0138 | RobustPrompt-T Loss 0.7799  
Epoch 069 |  Time(s) 0.0141 | RobustPrompt-T Loss 0.9178  
Epoch 070 |  Time(s) 0.0141 | RobustPrompt-T Loss 0.9089  
Epoch 071 |  Time(s) 0.0139 | RobustPrompt-T Loss 0.7674  
Epoch 072 |  Time(s) 0.0138 | RobustPrompt-T Loss 0.8378  
Epoch 073 |  Time(s) 0.0140 | RobustPrompt-T Loss 0.7216  
Epoch 074 |  Time(s) 0.0142 | RobustPrompt-T Loss 0.9191  
Epoch 075 |  Time(s) 0.0139 | RobustPrompt-T Loss 0.7226  
Epoch 076 |  Time(s) 0.0140 | RobustPrompt-T Loss 0.8917  
Epoch 077 |  Time(s) 0.0138 | RobustPrompt-T Loss 0.8787  
Epoch 078 |  Time(s) 0.0141 | RobustPrompt-T Loss 0.7829  
Epoch 079 |  Time(s) 0.0140 | RobustPrompt-T Loss 0.7213  
Epoch 080 |  Time(s) 0.0139 | RobustPrompt-T Loss 0.9141  
Epoch 081 |  Time(s) 0.0134 | RobustPrompt-T Loss 1.1065  
Epoch 082 |  Time(s) 0.0137 | RobustPrompt-T Loss 0.7966  
Epoch 083 |  Time(s) 0.0141 | RobustPrompt-T Loss 0.8719  
Epoch 084 |  Time(s) 0.0141 | RobustPrompt-T Loss 1.2027  
Epoch 085 |  Time(s) 0.0140 | RobustPrompt-T Loss 0.9380  
Epoch 086 |  Time(s) 0.0140 | RobustPrompt-T Loss 0.7432  
Epoch 087 |  Time(s) 0.0139 | RobustPrompt-T Loss 0.7507  
Epoch 088 |  Time(s) 0.0135 | RobustPrompt-T Loss 0.6965  
Epoch 089 |  Time(s) 0.0138 | RobustPrompt-T Loss 0.8331  
Epoch 090 |  Time(s) 0.0140 | RobustPrompt-T Loss 0.8921  
Epoch 091 |  Time(s) 0.0140 | RobustPrompt-T Loss 0.7065  
Epoch 092 |  Time(s) 0.0138 | RobustPrompt-T Loss 0.8498  
Epoch 093 |  Time(s) 0.0139 | RobustPrompt-T Loss 0.9335  
Epoch 094 |  Time(s) 0.0140 | RobustPrompt-T Loss 0.7242  
Epoch 095 |  Time(s) 0.0141 | RobustPrompt-T Loss 0.8837  
Epoch 096 |  Time(s) 0.0142 | RobustPrompt-T Loss 1.1068  
Epoch 097 |  Time(s) 0.0142 | RobustPrompt-T Loss 0.8242  
Epoch 098 |  Time(s) 0.0140 | RobustPrompt-T Loss 0.5816  
Epoch 099 |  Time(s) 0.0137 | RobustPrompt-T Loss 0.7712  
Epoch 100 |  Time(s) 0.0138 | RobustPrompt-T Loss 0.7395  
Epoch 101 |  Time(s) 0.0142 | RobustPrompt-T Loss 0.5663  
Epoch 102 |  Time(s) 0.0139 | RobustPrompt-T Loss 0.6661  
Epoch 103 |  Time(s) 0.0141 | RobustPrompt-T Loss 0.6281  
Epoch 104 |  Time(s) 0.0140 | RobustPrompt-T Loss 0.6267  
Epoch 105 |  Time(s) 0.0140 | RobustPrompt-T Loss 0.6238  
Epoch 106 |  Time(s) 0.0139 | RobustPrompt-T Loss 0.5545  
Epoch 107 |  Time(s) 0.0142 | RobustPrompt-T Loss 0.5855  
Epoch 108 |  Time(s) 0.0140 | RobustPrompt-T Loss 0.5440  
Epoch 109 |  Time(s) 0.0138 | RobustPrompt-T Loss 0.5889  
Epoch 110 |  Time(s) 0.0143 | RobustPrompt-T Loss 0.5418  
Epoch 111 |  Time(s) 0.0137 | RobustPrompt-T Loss 0.5761  
Epoch 112 |  Time(s) 0.0134 | RobustPrompt-T Loss 0.5415  
Epoch 113 |  Time(s) 0.0136 | RobustPrompt-T Loss 0.5561  
Epoch 114 |  Time(s) 0.0139 | RobustPrompt-T Loss 0.5656  
Epoch 115 |  Time(s) 0.0141 | RobustPrompt-T Loss 0.5051  
Epoch 116 |  Time(s) 0.0140 | RobustPrompt-T Loss 0.5073  
Epoch 117 |  Time(s) 0.0141 | RobustPrompt-T Loss 0.5225  
Epoch 118 |  Time(s) 0.0143 | RobustPrompt-T Loss 0.4903  
Epoch 119 |  Time(s) 0.0140 | RobustPrompt-T Loss 0.5273  
Epoch 120 |  Time(s) 0.0138 | RobustPrompt-T Loss 0.4924  
Epoch 121 |  Time(s) 0.0141 | RobustPrompt-T Loss 0.5226  
Epoch 122 |  Time(s) 0.0137 | RobustPrompt-T Loss 0.5248  
Epoch 123 |  Time(s) 0.0140 | RobustPrompt-T Loss 0.4554  
Epoch 124 |  Time(s) 0.0142 | RobustPrompt-T Loss 0.4665  
Epoch 125 |  Time(s) 0.0134 | RobustPrompt-T Loss 0.4695  
Epoch 126 |  Time(s) 0.0141 | RobustPrompt-T Loss 0.4439  
Epoch 127 |  Time(s) 0.0136 | RobustPrompt-T Loss 0.4584  
Epoch 128 |  Time(s) 0.0133 | RobustPrompt-T Loss 0.4265  
Epoch 129 |  Time(s) 0.0136 | RobustPrompt-T Loss 0.4842  
Epoch 130 |  Time(s) 0.0140 | RobustPrompt-T Loss 0.4453  
Epoch 131 |  Time(s) 0.0141 | RobustPrompt-T Loss 0.4730  
Epoch 132 |  Time(s) 0.0139 | RobustPrompt-T Loss 0.4833  
Epoch 133 |  Time(s) 0.0140 | RobustPrompt-T Loss 0.4034  
Epoch 134 |  Time(s) 0.0134 | RobustPrompt-T Loss 0.4557  
Epoch 135 |  Time(s) 0.0139 | RobustPrompt-T Loss 0.3970  
Epoch 136 |  Time(s) 0.0138 | RobustPrompt-T Loss 0.4460  
Epoch 137 |  Time(s) 0.0136 | RobustPrompt-T Loss 0.4021  
Epoch 138 |  Time(s) 0.0136 | RobustPrompt-T Loss 0.4849  
Epoch 139 |  Time(s) 0.0135 | RobustPrompt-T Loss 0.5138  
Epoch 140 |  Time(s) 0.0141 | RobustPrompt-T Loss 0.3815  
Epoch 141 |  Time(s) 0.0143 | RobustPrompt-T Loss 0.5014  
Epoch 142 |  Time(s) 0.0140 | RobustPrompt-T Loss 0.5223  
Epoch 143 |  Time(s) 0.0140 | RobustPrompt-T Loss 0.3658  
Epoch 144 |  Time(s) 0.0133 | RobustPrompt-T Loss 0.5501  
Epoch 145 |  Time(s) 0.0139 | RobustPrompt-T Loss 0.6603  
Epoch 146 |  Time(s) 0.0140 | RobustPrompt-T Loss 0.4496  
Epoch 147 |  Time(s) 0.0139 | RobustPrompt-T Loss 0.4079  
Epoch 148 |  Time(s) 0.0140 | RobustPrompt-T Loss 0.5040  
Epoch 149 |  Time(s) 0.0138 | RobustPrompt-T Loss 0.3873  
Epoch 150 |  Time(s) 0.0133 | RobustPrompt-T Loss 0.4473  
Epoch 151 |  Time(s) 0.0135 | RobustPrompt-T Loss 0.5235  
Epoch 152 |  Time(s) 0.0135 | RobustPrompt-T Loss 0.3892  
Epoch 153 |  Time(s) 0.0136 | RobustPrompt-T Loss 0.4402  
Epoch 154 |  Time(s) 0.0135 | RobustPrompt-T Loss 0.5537  
Epoch 155 |  Time(s) 0.0139 | RobustPrompt-T Loss 0.4234  
Epoch 156 |  Time(s) 0.0139 | RobustPrompt-T Loss 0.4176  
Epoch 157 |  Time(s) 0.0139 | RobustPrompt-T Loss 0.5201  
Epoch 158 |  Time(s) 0.0133 | RobustPrompt-T Loss 0.3954  
Epoch 159 |  Time(s) 0.0138 | RobustPrompt-T Loss 0.4128  
Epoch 160 |  Time(s) 0.0137 | RobustPrompt-T Loss 0.5295  
Epoch 161 |  Time(s) 0.0140 | RobustPrompt-T Loss 0.4133  
Epoch 162 |  Time(s) 0.0143 | RobustPrompt-T Loss 0.4269  
----------------------------------------------------------------------------------------------------
Early stopping at 163 eopch!
Final True Accuracy: 0.0718 | Macro F1 Score: 0.0513
best_loss [tensor(0.5706, device='cuda:0', grad_fn=<AddBackward0>)]
load LLC or attacked data with specified split
Successfully loaded the attack of dataname with few shot 5, split 1
Attack method : Meta_Self | Attack ptb : 0.2 | Dataset: Cora
======================
Number of graphs: 1
Number of features: 1433
Number of classes: 7

Data(x=[2708, 1433], edge_index=[2, 15484], y=[2708], train_mask=[2708], val_mask=[2708], test_mask=[2708])
===========================================================================================================
Number of nodes: 2708
Number of edges: 15484
Average node degree: 5.72
Has isolated nodes: False
Has self-loops: True
Is undirected: True
GCN(
  (conv_layers): ModuleList(
    (0): GCNConv(1433, 256)
    (1): GCNConv(256, 256)
  )
)
Successfully loaded pre-trained weights!
use RobustPrompt Tranductive
defense pt dict :  {'sim_pt': 0.3, 'degree_pt': 1, 'out_detect_pt': 0.5, 'other_pt': 'all'}
use_attention :  False
cosine_constraint :  True
pt_threshold :  0.5
filter_module :  OriginalFilter
temperature :  1.0
weight_mse 0.1
weight_kl :  0.3
weight_constraint :  0.2
run RobustPrompt-T
Epoch 001 |  Time(s) 0.0150 | RobustPrompt-T Loss 1.9476  
Epoch 002 |  Time(s) 0.0143 | RobustPrompt-T Loss 1.9333  
Epoch 003 |  Time(s) 0.0137 | RobustPrompt-T Loss 1.9145  
Epoch 004 |  Time(s) 0.0140 | RobustPrompt-T Loss 1.9067  
Epoch 005 |  Time(s) 0.0140 | RobustPrompt-T Loss 1.8970  
Epoch 006 |  Time(s) 0.0141 | RobustPrompt-T Loss 1.8742  
Epoch 007 |  Time(s) 0.0140 | RobustPrompt-T Loss 1.8627  
Epoch 008 |  Time(s) 0.0141 | RobustPrompt-T Loss 1.8484  
Epoch 009 |  Time(s) 0.0141 | RobustPrompt-T Loss 1.8255  
Epoch 010 |  Time(s) 0.0146 | RobustPrompt-T Loss 1.7937  
Epoch 011 |  Time(s) 0.0142 | RobustPrompt-T Loss 1.7505  
Epoch 012 |  Time(s) 0.0140 | RobustPrompt-T Loss 1.7216  
Epoch 013 |  Time(s) 0.0142 | RobustPrompt-T Loss 1.6804  
Epoch 014 |  Time(s) 0.0140 | RobustPrompt-T Loss 1.7024  
Epoch 015 |  Time(s) 0.0140 | RobustPrompt-T Loss 1.6548  
Epoch 016 |  Time(s) 0.0140 | RobustPrompt-T Loss 1.6120  
Epoch 017 |  Time(s) 0.0140 | RobustPrompt-T Loss 1.6180  
Epoch 018 |  Time(s) 0.0140 | RobustPrompt-T Loss 1.6158  
Epoch 019 |  Time(s) 0.0143 | RobustPrompt-T Loss 1.5670  
Epoch 020 |  Time(s) 0.0139 | RobustPrompt-T Loss 1.5748  
Epoch 021 |  Time(s) 0.0139 | RobustPrompt-T Loss 1.5795  
Epoch 022 |  Time(s) 0.0147 | RobustPrompt-T Loss 1.5459  
Epoch 023 |  Time(s) 0.0145 | RobustPrompt-T Loss 1.5337  
Epoch 024 |  Time(s) 0.0146 | RobustPrompt-T Loss 1.5361  
Epoch 025 |  Time(s) 0.0141 | RobustPrompt-T Loss 1.5404  
Epoch 026 |  Time(s) 0.0148 | RobustPrompt-T Loss 1.5635  
Epoch 027 |  Time(s) 0.0141 | RobustPrompt-T Loss 1.4490  
Epoch 028 |  Time(s) 0.0143 | RobustPrompt-T Loss 1.4266  
Epoch 029 |  Time(s) 0.0141 | RobustPrompt-T Loss 1.5203  
Epoch 030 |  Time(s) 0.0144 | RobustPrompt-T Loss 1.4987  
Epoch 031 |  Time(s) 0.0144 | RobustPrompt-T Loss 1.3871  
Epoch 032 |  Time(s) 0.0142 | RobustPrompt-T Loss 1.4641  
Epoch 033 |  Time(s) 0.0146 | RobustPrompt-T Loss 1.3775  
Epoch 034 |  Time(s) 0.0149 | RobustPrompt-T Loss 1.4320  
Epoch 035 |  Time(s) 0.0146 | RobustPrompt-T Loss 1.3583  
Epoch 036 |  Time(s) 0.0147 | RobustPrompt-T Loss 1.4573  
Epoch 037 |  Time(s) 0.0147 | RobustPrompt-T Loss 1.3161  
Epoch 038 |  Time(s) 0.0145 | RobustPrompt-T Loss 1.4101  
Epoch 039 |  Time(s) 0.0146 | RobustPrompt-T Loss 1.4439  
Epoch 040 |  Time(s) 0.0145 | RobustPrompt-T Loss 1.2213  
Epoch 041 |  Time(s) 0.0147 | RobustPrompt-T Loss 1.2892  
Epoch 042 |  Time(s) 0.0150 | RobustPrompt-T Loss 1.2944  
Epoch 043 |  Time(s) 0.0147 | RobustPrompt-T Loss 1.2250  
Epoch 044 |  Time(s) 0.0150 | RobustPrompt-T Loss 1.3040  
Epoch 045 |  Time(s) 0.0144 | RobustPrompt-T Loss 1.1504  
Epoch 046 |  Time(s) 0.0147 | RobustPrompt-T Loss 1.1644  
Epoch 047 |  Time(s) 0.0150 | RobustPrompt-T Loss 1.1519  
Epoch 048 |  Time(s) 0.0150 | RobustPrompt-T Loss 1.0715  
Epoch 049 |  Time(s) 0.0144 | RobustPrompt-T Loss 1.0956  
Epoch 050 |  Time(s) 0.0148 | RobustPrompt-T Loss 1.0958  
Epoch 051 |  Time(s) 0.0147 | RobustPrompt-T Loss 1.0352  
Epoch 052 |  Time(s) 0.0144 | RobustPrompt-T Loss 1.0267  
Epoch 053 |  Time(s) 0.0147 | RobustPrompt-T Loss 1.0126  
Epoch 054 |  Time(s) 0.0141 | RobustPrompt-T Loss 0.9765  
Epoch 055 |  Time(s) 0.0142 | RobustPrompt-T Loss 0.9662  
Epoch 056 |  Time(s) 0.0147 | RobustPrompt-T Loss 0.9779  
Epoch 057 |  Time(s) 0.0150 | RobustPrompt-T Loss 0.9386  
Epoch 058 |  Time(s) 0.0150 | RobustPrompt-T Loss 0.9275  
Epoch 059 |  Time(s) 0.0144 | RobustPrompt-T Loss 0.9146  
Epoch 060 |  Time(s) 0.0144 | RobustPrompt-T Loss 0.8770  
Epoch 061 |  Time(s) 0.0146 | RobustPrompt-T Loss 0.8597  
Epoch 062 |  Time(s) 0.0149 | RobustPrompt-T Loss 0.8704  
Epoch 063 |  Time(s) 0.0150 | RobustPrompt-T Loss 0.8580  
Epoch 064 |  Time(s) 0.0149 | RobustPrompt-T Loss 0.8057  
Epoch 065 |  Time(s) 0.0142 | RobustPrompt-T Loss 0.7952  
Epoch 066 |  Time(s) 0.0155 | RobustPrompt-T Loss 0.7887  
Epoch 067 |  Time(s) 0.0146 | RobustPrompt-T Loss 0.7740  
Epoch 068 |  Time(s) 0.0146 | RobustPrompt-T Loss 0.7476  
Epoch 069 |  Time(s) 0.0148 | RobustPrompt-T Loss 0.7961  
Epoch 070 |  Time(s) 0.0152 | RobustPrompt-T Loss 0.7328  
Epoch 071 |  Time(s) 0.0144 | RobustPrompt-T Loss 0.6878  
Epoch 072 |  Time(s) 0.0149 | RobustPrompt-T Loss 0.6852  
Epoch 073 |  Time(s) 0.0150 | RobustPrompt-T Loss 0.6651  
Epoch 074 |  Time(s) 0.0151 | RobustPrompt-T Loss 0.6850  
Epoch 075 |  Time(s) 0.0148 | RobustPrompt-T Loss 0.6656  
Epoch 076 |  Time(s) 0.0149 | RobustPrompt-T Loss 0.6264  
Epoch 077 |  Time(s) 0.0143 | RobustPrompt-T Loss 0.6088  
Epoch 078 |  Time(s) 0.0142 | RobustPrompt-T Loss 0.5916  
Epoch 079 |  Time(s) 0.0148 | RobustPrompt-T Loss 0.5850  
Epoch 080 |  Time(s) 0.0140 | RobustPrompt-T Loss 0.5908  
Epoch 081 |  Time(s) 0.0147 | RobustPrompt-T Loss 0.5929  
Epoch 082 |  Time(s) 0.0142 | RobustPrompt-T Loss 0.5548  
Epoch 083 |  Time(s) 0.0150 | RobustPrompt-T Loss 0.5339  
Epoch 084 |  Time(s) 0.0144 | RobustPrompt-T Loss 0.5268  
Epoch 085 |  Time(s) 0.0146 | RobustPrompt-T Loss 0.5275  
Epoch 086 |  Time(s) 0.0143 | RobustPrompt-T Loss 0.5457  
Epoch 087 |  Time(s) 0.0146 | RobustPrompt-T Loss 0.5448  
Epoch 088 |  Time(s) 0.0152 | RobustPrompt-T Loss 0.4871  
Epoch 089 |  Time(s) 0.0148 | RobustPrompt-T Loss 0.4974  
Epoch 090 |  Time(s) 0.0141 | RobustPrompt-T Loss 0.5396  
Epoch 091 |  Time(s) 0.0150 | RobustPrompt-T Loss 0.4805  
Epoch 092 |  Time(s) 0.0141 | RobustPrompt-T Loss 0.7110  
Epoch 093 |  Time(s) 0.0142 | RobustPrompt-T Loss 0.7726  
Epoch 094 |  Time(s) 0.0148 | RobustPrompt-T Loss 0.4547  
Epoch 095 |  Time(s) 0.0149 | RobustPrompt-T Loss 0.8725  
Epoch 096 |  Time(s) 0.0151 | RobustPrompt-T Loss 1.1697  
Epoch 097 |  Time(s) 0.0144 | RobustPrompt-T Loss 0.7466  
Epoch 098 |  Time(s) 0.0147 | RobustPrompt-T Loss 0.5751  
Epoch 099 |  Time(s) 0.0142 | RobustPrompt-T Loss 0.5599  
Epoch 100 |  Time(s) 0.0147 | RobustPrompt-T Loss 0.5523  
Epoch 101 |  Time(s) 0.0144 | RobustPrompt-T Loss 0.5589  
Epoch 102 |  Time(s) 0.0140 | RobustPrompt-T Loss 0.4582  
Epoch 103 |  Time(s) 0.0149 | RobustPrompt-T Loss 0.5989  
Epoch 104 |  Time(s) 0.0149 | RobustPrompt-T Loss 0.5205  
Epoch 105 |  Time(s) 0.0147 | RobustPrompt-T Loss 0.4615  
Epoch 106 |  Time(s) 0.0141 | RobustPrompt-T Loss 0.4628  
Epoch 107 |  Time(s) 0.0145 | RobustPrompt-T Loss 0.4571  
Epoch 108 |  Time(s) 0.0146 | RobustPrompt-T Loss 0.4800  
Epoch 109 |  Time(s) 0.0143 | RobustPrompt-T Loss 0.4575  
Epoch 110 |  Time(s) 0.0146 | RobustPrompt-T Loss 0.4555  
Epoch 111 |  Time(s) 0.0145 | RobustPrompt-T Loss 0.4317  
Epoch 112 |  Time(s) 0.0140 | RobustPrompt-T Loss 0.4216  
Epoch 113 |  Time(s) 0.0139 | RobustPrompt-T Loss 0.4207  
Epoch 114 |  Time(s) 0.0150 | RobustPrompt-T Loss 0.3976  
Epoch 115 |  Time(s) 0.0149 | RobustPrompt-T Loss 0.4071  
Epoch 116 |  Time(s) 0.0140 | RobustPrompt-T Loss 0.3968  
Epoch 117 |  Time(s) 0.0148 | RobustPrompt-T Loss 0.3727  
Epoch 118 |  Time(s) 0.0148 | RobustPrompt-T Loss 0.3717  
Epoch 119 |  Time(s) 0.0150 | RobustPrompt-T Loss 0.3843  
Epoch 120 |  Time(s) 0.0146 | RobustPrompt-T Loss 0.3496  
Epoch 121 |  Time(s) 0.0145 | RobustPrompt-T Loss 0.3791  
Epoch 122 |  Time(s) 0.0140 | RobustPrompt-T Loss 0.3685  
Epoch 123 |  Time(s) 0.0143 | RobustPrompt-T Loss 0.3445  
Epoch 124 |  Time(s) 0.0147 | RobustPrompt-T Loss 0.3419  
Epoch 125 |  Time(s) 0.0149 | RobustPrompt-T Loss 0.3254  
Epoch 126 |  Time(s) 0.0151 | RobustPrompt-T Loss 0.3205  
Epoch 127 |  Time(s) 0.0150 | RobustPrompt-T Loss 0.3043  
Epoch 128 |  Time(s) 0.0142 | RobustPrompt-T Loss 0.3213  
Epoch 129 |  Time(s) 0.0141 | RobustPrompt-T Loss 0.2890  
Epoch 130 |  Time(s) 0.0146 | RobustPrompt-T Loss 0.2890  
Epoch 131 |  Time(s) 0.0145 | RobustPrompt-T Loss 0.2596  
Epoch 132 |  Time(s) 0.0139 | RobustPrompt-T Loss 0.2836  
Epoch 133 |  Time(s) 0.0149 | RobustPrompt-T Loss 0.2586  
Epoch 134 |  Time(s) 0.0150 | RobustPrompt-T Loss 0.2545  
Epoch 135 |  Time(s) 0.0145 | RobustPrompt-T Loss 0.2435  
Epoch 136 |  Time(s) 0.0143 | RobustPrompt-T Loss 0.2399  
Epoch 137 |  Time(s) 0.0146 | RobustPrompt-T Loss 0.2396  
Epoch 138 |  Time(s) 0.0142 | RobustPrompt-T Loss 0.2359  
Epoch 139 |  Time(s) 0.0143 | RobustPrompt-T Loss 0.2239  
Epoch 140 |  Time(s) 0.0149 | RobustPrompt-T Loss 0.2203  
Epoch 141 |  Time(s) 0.0144 | RobustPrompt-T Loss 0.2143  
Epoch 142 |  Time(s) 0.0140 | RobustPrompt-T Loss 0.2147  
Epoch 143 |  Time(s) 0.0141 | RobustPrompt-T Loss 0.2110  
Epoch 144 |  Time(s) 0.0148 | RobustPrompt-T Loss 0.2012  
Epoch 145 |  Time(s) 0.0140 | RobustPrompt-T Loss 0.2027  
Epoch 146 |  Time(s) 0.0148 | RobustPrompt-T Loss 0.1988  
Epoch 147 |  Time(s) 0.0150 | RobustPrompt-T Loss 0.1931  
Epoch 148 |  Time(s) 0.0150 | RobustPrompt-T Loss 0.1908  
Epoch 149 |  Time(s) 0.0140 | RobustPrompt-T Loss 0.1852  
Epoch 150 |  Time(s) 0.0149 | RobustPrompt-T Loss 0.1870  
Epoch 151 |  Time(s) 0.0144 | RobustPrompt-T Loss 0.1832  
Epoch 152 |  Time(s) 0.0146 | RobustPrompt-T Loss 0.1761  
Epoch 153 |  Time(s) 0.0150 | RobustPrompt-T Loss 0.1767  
Epoch 154 |  Time(s) 0.0144 | RobustPrompt-T Loss 0.1720  
Epoch 155 |  Time(s) 0.0148 | RobustPrompt-T Loss 0.1675  
Epoch 156 |  Time(s) 0.0150 | RobustPrompt-T Loss 0.1676  
Epoch 157 |  Time(s) 0.0149 | RobustPrompt-T Loss 0.1630  
Epoch 158 |  Time(s) 0.0143 | RobustPrompt-T Loss 0.1599  
Epoch 159 |  Time(s) 0.0148 | RobustPrompt-T Loss 0.1582  
Epoch 160 |  Time(s) 0.0149 | RobustPrompt-T Loss 0.1585  
Epoch 161 |  Time(s) 0.0150 | RobustPrompt-T Loss 0.1506  
Epoch 162 |  Time(s) 0.0139 | RobustPrompt-T Loss 0.1516  
Epoch 163 |  Time(s) 0.0146 | RobustPrompt-T Loss 0.1469  
Epoch 164 |  Time(s) 0.0140 | RobustPrompt-T Loss 0.1434  
Epoch 165 |  Time(s) 0.0144 | RobustPrompt-T Loss 0.1418  
Epoch 166 |  Time(s) 0.0143 | RobustPrompt-T Loss 0.1388  
Epoch 167 |  Time(s) 0.0142 | RobustPrompt-T Loss 0.1375  
Epoch 168 |  Time(s) 0.0135 | RobustPrompt-T Loss 0.1373  
Epoch 169 |  Time(s) 0.0141 | RobustPrompt-T Loss 0.1319  
Epoch 170 |  Time(s) 0.0144 | RobustPrompt-T Loss 0.1301  
Epoch 171 |  Time(s) 0.0146 | RobustPrompt-T Loss 0.1277  
Epoch 172 |  Time(s) 0.0142 | RobustPrompt-T Loss 0.1288  
Epoch 173 |  Time(s) 0.0147 | RobustPrompt-T Loss 0.1240  
Epoch 174 |  Time(s) 0.0144 | RobustPrompt-T Loss 0.1216  
Epoch 175 |  Time(s) 0.0141 | RobustPrompt-T Loss 0.1229  
Epoch 176 |  Time(s) 0.0136 | RobustPrompt-T Loss 0.1184  
Epoch 177 |  Time(s) 0.0140 | RobustPrompt-T Loss 0.1162  
Epoch 178 |  Time(s) 0.0139 | RobustPrompt-T Loss 0.1183  
Epoch 179 |  Time(s) 0.0142 | RobustPrompt-T Loss 0.1139  
Epoch 180 |  Time(s) 0.0143 | RobustPrompt-T Loss 0.1111  
Epoch 181 |  Time(s) 0.0145 | RobustPrompt-T Loss 0.1133  
Epoch 182 |  Time(s) 0.0143 | RobustPrompt-T Loss 0.1093  
Epoch 183 |  Time(s) 0.0140 | RobustPrompt-T Loss 0.1065  
Epoch 184 |  Time(s) 0.0138 | RobustPrompt-T Loss 0.1083  
Epoch 185 |  Time(s) 0.0139 | RobustPrompt-T Loss 0.1044  
Epoch 186 |  Time(s) 0.0126 | RobustPrompt-T Loss 0.1024  
Epoch 187 |  Time(s) 0.0133 | RobustPrompt-T Loss 0.1013  
Epoch 188 |  Time(s) 0.0140 | RobustPrompt-T Loss 0.0999  
Epoch 189 |  Time(s) 0.0133 | RobustPrompt-T Loss 0.0977  
Epoch 190 |  Time(s) 0.0138 | RobustPrompt-T Loss 0.0959  
Epoch 191 |  Time(s) 0.0136 | RobustPrompt-T Loss 0.0961  
Epoch 192 |  Time(s) 0.0135 | RobustPrompt-T Loss 0.0948  
Epoch 193 |  Time(s) 0.0133 | RobustPrompt-T Loss 0.0947  
Epoch 194 |  Time(s) 0.0132 | RobustPrompt-T Loss 0.0932  
Epoch 195 |  Time(s) 0.0132 | RobustPrompt-T Loss 0.0918  
Epoch 196 |  Time(s) 0.0139 | RobustPrompt-T Loss 0.0916  
Epoch 197 |  Time(s) 0.0127 | RobustPrompt-T Loss 0.0905  
Epoch 198 |  Time(s) 0.0136 | RobustPrompt-T Loss 0.0891  
Epoch 199 |  Time(s) 0.0135 | RobustPrompt-T Loss 0.0886  
Epoch 200 |  Time(s) 0.0137 | RobustPrompt-T Loss 0.0874  
Final True Accuracy: 0.0963 | Macro F1 Score: 0.0725
best_loss [tensor(0.0874, device='cuda:0', grad_fn=<AddBackward0>)]
load LLC or attacked data with specified split
Successfully loaded the attack of dataname with few shot 5, split 1
Attack method : Meta_Self | Attack ptb : 0.2 | Dataset: Cora
======================
Number of graphs: 1
Number of features: 1433
Number of classes: 7

Data(x=[2708, 1433], edge_index=[2, 15484], y=[2708], train_mask=[2708], val_mask=[2708], test_mask=[2708])
===========================================================================================================
Number of nodes: 2708
Number of edges: 15484
Average node degree: 5.72
Has isolated nodes: False
Has self-loops: True
Is undirected: True
GCN(
  (conv_layers): ModuleList(
    (0): GCNConv(1433, 256)
    (1): GCNConv(256, 256)
  )
)
Successfully loaded pre-trained weights!
use RobustPrompt Tranductive
defense pt dict :  {'sim_pt': 0.3, 'degree_pt': 1, 'out_detect_pt': 0.5, 'other_pt': 'all'}
use_attention :  False
cosine_constraint :  True
pt_threshold :  0.5
filter_module :  OriginalFilter
temperature :  1.0
weight_mse 0.1
weight_kl :  0.3
weight_constraint :  0.2
run RobustPrompt-T
Epoch 001 |  Time(s) 0.0139 | RobustPrompt-T Loss 1.9501  
Epoch 002 |  Time(s) 0.0132 | RobustPrompt-T Loss 1.9225  
Epoch 003 |  Time(s) 0.0138 | RobustPrompt-T Loss 1.9329  
Epoch 004 |  Time(s) 0.0132 | RobustPrompt-T Loss 1.9144  
Epoch 005 |  Time(s) 0.0129 | RobustPrompt-T Loss 1.9011  
Epoch 006 |  Time(s) 0.0124 | RobustPrompt-T Loss 1.8900  
Epoch 007 |  Time(s) 0.0135 | RobustPrompt-T Loss 1.8772  
Epoch 008 |  Time(s) 0.0128 | RobustPrompt-T Loss 1.8368  
Epoch 009 |  Time(s) 0.0139 | RobustPrompt-T Loss 1.7853  
Epoch 010 |  Time(s) 0.0138 | RobustPrompt-T Loss 1.7728  
Epoch 011 |  Time(s) 0.0139 | RobustPrompt-T Loss 1.7299  
Epoch 012 |  Time(s) 0.0135 | RobustPrompt-T Loss 1.7096  
Epoch 013 |  Time(s) 0.0137 | RobustPrompt-T Loss 1.7026  
Epoch 014 |  Time(s) 0.0140 | RobustPrompt-T Loss 1.6915  
Epoch 015 |  Time(s) 0.0134 | RobustPrompt-T Loss 1.6977  
Epoch 016 |  Time(s) 0.0139 | RobustPrompt-T Loss 1.6850  
Epoch 017 |  Time(s) 0.0139 | RobustPrompt-T Loss 1.6712  
Epoch 018 |  Time(s) 0.0137 | RobustPrompt-T Loss 1.6609  
Epoch 019 |  Time(s) 0.0139 | RobustPrompt-T Loss 1.6400  
Epoch 020 |  Time(s) 0.0139 | RobustPrompt-T Loss 1.6389  
Epoch 021 |  Time(s) 0.0140 | RobustPrompt-T Loss 1.6236  
Epoch 022 |  Time(s) 0.0140 | RobustPrompt-T Loss 1.5999  
Epoch 023 |  Time(s) 0.0136 | RobustPrompt-T Loss 1.5952  
Epoch 024 |  Time(s) 0.0137 | RobustPrompt-T Loss 1.5807  
Epoch 025 |  Time(s) 0.0139 | RobustPrompt-T Loss 1.5785  
Epoch 026 |  Time(s) 0.0140 | RobustPrompt-T Loss 1.5660  
Epoch 027 |  Time(s) 0.0140 | RobustPrompt-T Loss 1.5397  
Epoch 028 |  Time(s) 0.0139 | RobustPrompt-T Loss 1.5817  
Epoch 029 |  Time(s) 0.0140 | RobustPrompt-T Loss 1.5388  
Epoch 030 |  Time(s) 0.0140 | RobustPrompt-T Loss 1.4892  
Epoch 031 |  Time(s) 0.0140 | RobustPrompt-T Loss 1.5195  
Epoch 032 |  Time(s) 0.0141 | RobustPrompt-T Loss 1.4435  
Epoch 033 |  Time(s) 0.0140 | RobustPrompt-T Loss 1.4687  
Epoch 034 |  Time(s) 0.0141 | RobustPrompt-T Loss 1.3825  
Epoch 035 |  Time(s) 0.0139 | RobustPrompt-T Loss 1.3906  
Epoch 036 |  Time(s) 0.0140 | RobustPrompt-T Loss 1.3313  
Epoch 037 |  Time(s) 0.0139 | RobustPrompt-T Loss 1.3628  
Epoch 038 |  Time(s) 0.0139 | RobustPrompt-T Loss 1.3013  
Epoch 039 |  Time(s) 0.0131 | RobustPrompt-T Loss 1.3028  
Epoch 040 |  Time(s) 0.0126 | RobustPrompt-T Loss 1.2852  
Epoch 041 |  Time(s) 0.0136 | RobustPrompt-T Loss 1.2456  
Epoch 042 |  Time(s) 0.0134 | RobustPrompt-T Loss 1.2071  
Epoch 043 |  Time(s) 0.0138 | RobustPrompt-T Loss 1.1919  
Epoch 044 |  Time(s) 0.0135 | RobustPrompt-T Loss 1.1603  
Epoch 045 |  Time(s) 0.0136 | RobustPrompt-T Loss 1.1593  
Epoch 046 |  Time(s) 0.0135 | RobustPrompt-T Loss 1.1405  
Epoch 047 |  Time(s) 0.0144 | RobustPrompt-T Loss 1.1010  
Epoch 048 |  Time(s) 0.0132 | RobustPrompt-T Loss 1.1098  
Epoch 049 |  Time(s) 0.0137 | RobustPrompt-T Loss 1.0700  
Epoch 050 |  Time(s) 0.0135 | RobustPrompt-T Loss 1.0553  
Epoch 051 |  Time(s) 0.0158 | RobustPrompt-T Loss 1.0528  
Epoch 052 |  Time(s) 0.0130 | RobustPrompt-T Loss 1.0177  
Epoch 053 |  Time(s) 0.0129 | RobustPrompt-T Loss 0.9967  
Epoch 054 |  Time(s) 0.0133 | RobustPrompt-T Loss 0.9822  
Epoch 055 |  Time(s) 0.0135 | RobustPrompt-T Loss 0.9863  
Epoch 056 |  Time(s) 0.0134 | RobustPrompt-T Loss 0.9947  
Epoch 057 |  Time(s) 0.0140 | RobustPrompt-T Loss 1.0355  
Epoch 058 |  Time(s) 0.0138 | RobustPrompt-T Loss 0.9179  
Epoch 059 |  Time(s) 0.0131 | RobustPrompt-T Loss 0.9244  
Epoch 060 |  Time(s) 0.0136 | RobustPrompt-T Loss 1.0463  
Epoch 061 |  Time(s) 0.0131 | RobustPrompt-T Loss 0.9207  
Epoch 062 |  Time(s) 0.0137 | RobustPrompt-T Loss 1.2786  
Epoch 063 |  Time(s) 0.0135 | RobustPrompt-T Loss 1.3034  
Epoch 064 |  Time(s) 0.0135 | RobustPrompt-T Loss 0.9324  
Epoch 065 |  Time(s) 0.0141 | RobustPrompt-T Loss 1.1190  
Epoch 066 |  Time(s) 0.0135 | RobustPrompt-T Loss 1.0987  
Epoch 067 |  Time(s) 0.0144 | RobustPrompt-T Loss 0.8843  
Epoch 068 |  Time(s) 0.0132 | RobustPrompt-T Loss 1.0306  
Epoch 069 |  Time(s) 0.0134 | RobustPrompt-T Loss 1.0309  
Epoch 070 |  Time(s) 0.0136 | RobustPrompt-T Loss 0.9555  
Epoch 071 |  Time(s) 0.0134 | RobustPrompt-T Loss 0.8424  
Epoch 072 |  Time(s) 0.0136 | RobustPrompt-T Loss 0.9338  
Epoch 073 |  Time(s) 0.0135 | RobustPrompt-T Loss 0.9838  
Epoch 074 |  Time(s) 0.0137 | RobustPrompt-T Loss 0.9232  
Epoch 075 |  Time(s) 0.0134 | RobustPrompt-T Loss 0.8167  
Epoch 076 |  Time(s) 0.0136 | RobustPrompt-T Loss 0.8139  
Epoch 077 |  Time(s) 0.0133 | RobustPrompt-T Loss 0.9069  
Epoch 078 |  Time(s) 0.0129 | RobustPrompt-T Loss 0.8456  
Epoch 079 |  Time(s) 0.0132 | RobustPrompt-T Loss 0.7603  
Epoch 080 |  Time(s) 0.0135 | RobustPrompt-T Loss 0.7580  
Epoch 081 |  Time(s) 0.0138 | RobustPrompt-T Loss 0.8009  
Epoch 082 |  Time(s) 0.0134 | RobustPrompt-T Loss 0.8051  
Epoch 083 |  Time(s) 0.0137 | RobustPrompt-T Loss 0.7508  
Epoch 084 |  Time(s) 0.0148 | RobustPrompt-T Loss 0.6959  
Epoch 085 |  Time(s) 0.0132 | RobustPrompt-T Loss 0.6931  
Epoch 086 |  Time(s) 0.0128 | RobustPrompt-T Loss 0.7292  
Epoch 087 |  Time(s) 0.0131 | RobustPrompt-T Loss 0.7164  
Epoch 088 |  Time(s) 0.0142 | RobustPrompt-T Loss 0.6697  
Epoch 089 |  Time(s) 0.0136 | RobustPrompt-T Loss 0.6245  
Epoch 090 |  Time(s) 0.0133 | RobustPrompt-T Loss 0.6432  
Epoch 091 |  Time(s) 0.0132 | RobustPrompt-T Loss 0.6526  
Epoch 092 |  Time(s) 0.0136 | RobustPrompt-T Loss 0.6269  
Epoch 093 |  Time(s) 0.0132 | RobustPrompt-T Loss 0.5860  
Epoch 094 |  Time(s) 0.0134 | RobustPrompt-T Loss 0.5821  
Epoch 095 |  Time(s) 0.0136 | RobustPrompt-T Loss 0.6095  
Epoch 096 |  Time(s) 0.0134 | RobustPrompt-T Loss 0.6140  
Epoch 097 |  Time(s) 0.0137 | RobustPrompt-T Loss 0.5628  
Epoch 098 |  Time(s) 0.0138 | RobustPrompt-T Loss 0.5496  
Epoch 099 |  Time(s) 0.0135 | RobustPrompt-T Loss 0.5625  
Epoch 100 |  Time(s) 0.0136 | RobustPrompt-T Loss 0.5658  
Epoch 101 |  Time(s) 0.0134 | RobustPrompt-T Loss 0.5342  
Epoch 102 |  Time(s) 0.0136 | RobustPrompt-T Loss 0.5020  
Epoch 103 |  Time(s) 0.0139 | RobustPrompt-T Loss 0.5407  
Epoch 104 |  Time(s) 0.0134 | RobustPrompt-T Loss 0.5424  
Epoch 105 |  Time(s) 0.0138 | RobustPrompt-T Loss 0.5082  
Epoch 106 |  Time(s) 0.0134 | RobustPrompt-T Loss 0.4724  
Epoch 107 |  Time(s) 0.0136 | RobustPrompt-T Loss 0.5007  
Epoch 108 |  Time(s) 0.0134 | RobustPrompt-T Loss 0.4758  
Epoch 109 |  Time(s) 0.0135 | RobustPrompt-T Loss 0.4557  
Epoch 110 |  Time(s) 0.0135 | RobustPrompt-T Loss 0.4579  
Epoch 111 |  Time(s) 0.0135 | RobustPrompt-T Loss 0.4535  
Epoch 112 |  Time(s) 0.0135 | RobustPrompt-T Loss 0.4444  
Epoch 113 |  Time(s) 0.0137 | RobustPrompt-T Loss 0.4261  
Epoch 114 |  Time(s) 0.0133 | RobustPrompt-T Loss 0.4128  
Epoch 115 |  Time(s) 0.0135 | RobustPrompt-T Loss 0.4121  
Epoch 116 |  Time(s) 0.0135 | RobustPrompt-T Loss 0.4094  
Epoch 117 |  Time(s) 0.0132 | RobustPrompt-T Loss 0.3940  
Epoch 118 |  Time(s) 0.0135 | RobustPrompt-T Loss 0.3844  
Epoch 119 |  Time(s) 0.0132 | RobustPrompt-T Loss 0.3796  
Epoch 120 |  Time(s) 0.0135 | RobustPrompt-T Loss 0.3705  
Epoch 121 |  Time(s) 0.0133 | RobustPrompt-T Loss 0.3620  
Epoch 122 |  Time(s) 0.0137 | RobustPrompt-T Loss 0.3552  
Epoch 123 |  Time(s) 0.0138 | RobustPrompt-T Loss 0.3530  
Epoch 124 |  Time(s) 0.0146 | RobustPrompt-T Loss 0.3484  
Epoch 125 |  Time(s) 0.0140 | RobustPrompt-T Loss 0.3389  
Epoch 126 |  Time(s) 0.0144 | RobustPrompt-T Loss 0.3261  
Epoch 127 |  Time(s) 0.0147 | RobustPrompt-T Loss 0.3238  
Epoch 128 |  Time(s) 0.0139 | RobustPrompt-T Loss 0.3250  
Epoch 129 |  Time(s) 0.0136 | RobustPrompt-T Loss 0.3141  
Epoch 130 |  Time(s) 0.0133 | RobustPrompt-T Loss 0.3023  
Epoch 131 |  Time(s) 0.0134 | RobustPrompt-T Loss 0.2949  
Epoch 132 |  Time(s) 0.0137 | RobustPrompt-T Loss 0.2889  
Epoch 133 |  Time(s) 0.0138 | RobustPrompt-T Loss 0.2816  
Epoch 134 |  Time(s) 0.0133 | RobustPrompt-T Loss 0.2762  
Epoch 135 |  Time(s) 0.0136 | RobustPrompt-T Loss 0.2749  
Epoch 136 |  Time(s) 0.0135 | RobustPrompt-T Loss 0.2582  
Epoch 137 |  Time(s) 0.0132 | RobustPrompt-T Loss 0.2505  
Epoch 138 |  Time(s) 0.0137 | RobustPrompt-T Loss 0.2447  
Epoch 139 |  Time(s) 0.0133 | RobustPrompt-T Loss 0.2373  
Epoch 140 |  Time(s) 0.0134 | RobustPrompt-T Loss 0.2289  
Epoch 141 |  Time(s) 0.0132 | RobustPrompt-T Loss 0.2218  
Epoch 142 |  Time(s) 0.0133 | RobustPrompt-T Loss 0.2149  
Epoch 143 |  Time(s) 0.0134 | RobustPrompt-T Loss 0.2098  
Epoch 144 |  Time(s) 0.0146 | RobustPrompt-T Loss 0.1959  
Epoch 145 |  Time(s) 0.0128 | RobustPrompt-T Loss 0.1889  
Epoch 146 |  Time(s) 0.0131 | RobustPrompt-T Loss 0.1827  
Epoch 147 |  Time(s) 0.0131 | RobustPrompt-T Loss 0.1770  
Epoch 148 |  Time(s) 0.0131 | RobustPrompt-T Loss 0.1709  
Epoch 149 |  Time(s) 0.0134 | RobustPrompt-T Loss 0.1674  
Epoch 150 |  Time(s) 0.0131 | RobustPrompt-T Loss 0.1608  
Epoch 151 |  Time(s) 0.0131 | RobustPrompt-T Loss 0.1571  
Epoch 152 |  Time(s) 0.0130 | RobustPrompt-T Loss 0.1501  
Epoch 153 |  Time(s) 0.0133 | RobustPrompt-T Loss 0.1453  
Epoch 154 |  Time(s) 0.0128 | RobustPrompt-T Loss 0.1517  
Epoch 155 |  Time(s) 0.0133 | RobustPrompt-T Loss 0.1395  
Epoch 156 |  Time(s) 0.0134 | RobustPrompt-T Loss 0.1505  
Epoch 157 |  Time(s) 0.0133 | RobustPrompt-T Loss 0.1370  
Epoch 158 |  Time(s) 0.0132 | RobustPrompt-T Loss 0.1381  
Epoch 159 |  Time(s) 0.0132 | RobustPrompt-T Loss 0.1224  
Epoch 160 |  Time(s) 0.0136 | RobustPrompt-T Loss 0.1183  
Epoch 161 |  Time(s) 0.0133 | RobustPrompt-T Loss 0.1247  
Epoch 162 |  Time(s) 0.0136 | RobustPrompt-T Loss 0.1170  
Epoch 163 |  Time(s) 0.0134 | RobustPrompt-T Loss 0.1208  
Epoch 164 |  Time(s) 0.0129 | RobustPrompt-T Loss 0.1076  
Epoch 165 |  Time(s) 0.0128 | RobustPrompt-T Loss 0.1033  
Epoch 166 |  Time(s) 0.0129 | RobustPrompt-T Loss 0.1070  
Epoch 167 |  Time(s) 0.0131 | RobustPrompt-T Loss 0.1031  
Epoch 168 |  Time(s) 0.0134 | RobustPrompt-T Loss 0.1026  
Epoch 169 |  Time(s) 0.0135 | RobustPrompt-T Loss 0.0942  
Epoch 170 |  Time(s) 0.0133 | RobustPrompt-T Loss 0.0936  
Epoch 171 |  Time(s) 0.0131 | RobustPrompt-T Loss 0.0968  
Epoch 172 |  Time(s) 0.0131 | RobustPrompt-T Loss 0.0911  
Epoch 173 |  Time(s) 0.0135 | RobustPrompt-T Loss 0.0917  
Epoch 174 |  Time(s) 0.0134 | RobustPrompt-T Loss 0.0899  
Epoch 175 |  Time(s) 0.0131 | RobustPrompt-T Loss 0.0859  
Epoch 176 |  Time(s) 0.0135 | RobustPrompt-T Loss 0.0886  
Epoch 177 |  Time(s) 0.0134 | RobustPrompt-T Loss 0.0837  
Epoch 178 |  Time(s) 0.0136 | RobustPrompt-T Loss 0.0848  
Epoch 179 |  Time(s) 0.0135 | RobustPrompt-T Loss 0.0829  
Epoch 180 |  Time(s) 0.0135 | RobustPrompt-T Loss 0.0803  
Epoch 181 |  Time(s) 0.0134 | RobustPrompt-T Loss 0.0820  
Epoch 182 |  Time(s) 0.0132 | RobustPrompt-T Loss 0.0780  
Epoch 183 |  Time(s) 0.0134 | RobustPrompt-T Loss 0.0787  
Epoch 184 |  Time(s) 0.0133 | RobustPrompt-T Loss 0.0766  
Epoch 185 |  Time(s) 0.0132 | RobustPrompt-T Loss 0.0740  
Epoch 186 |  Time(s) 0.0135 | RobustPrompt-T Loss 0.0768  
Epoch 187 |  Time(s) 0.0134 | RobustPrompt-T Loss 0.0735  
Epoch 188 |  Time(s) 0.0133 | RobustPrompt-T Loss 0.0739  
Epoch 189 |  Time(s) 0.0134 | RobustPrompt-T Loss 0.0720  
Epoch 190 |  Time(s) 0.0134 | RobustPrompt-T Loss 0.0702  
Epoch 191 |  Time(s) 0.0135 | RobustPrompt-T Loss 0.0728  
Epoch 192 |  Time(s) 0.0133 | RobustPrompt-T Loss 0.0694  
Epoch 193 |  Time(s) 0.0133 | RobustPrompt-T Loss 0.0700  
Epoch 194 |  Time(s) 0.0135 | RobustPrompt-T Loss 0.0681  
Epoch 195 |  Time(s) 0.0135 | RobustPrompt-T Loss 0.0657  
Epoch 196 |  Time(s) 0.0135 | RobustPrompt-T Loss 0.0694  
Epoch 197 |  Time(s) 0.0133 | RobustPrompt-T Loss 0.0666  
Epoch 198 |  Time(s) 0.0133 | RobustPrompt-T Loss 0.0665  
Epoch 199 |  Time(s) 0.0136 | RobustPrompt-T Loss 0.0646  
Epoch 200 |  Time(s) 0.0134 | RobustPrompt-T Loss 0.0635  
Final True Accuracy: 0.1200 | Macro F1 Score: 0.0856
best_loss [tensor(0.0635, device='cuda:0', grad_fn=<AddBackward0>)]
{1: {1: 0.12167774140834808}, 2: {1: 0.1312292367219925}, 3: {1: 0.07184385508298874}, 4: {1: 0.09634551405906677}, 5: {1: 0.12001661211252213}}
{1: {1: 0.12167774140834808, 2: 0.1312292367219925, 3: 0.07184385508298874, 4: 0.09634551405906677, 5: 0.12001661211252213}}
########################################################################################
seed: 1 | split 1 : 0.12167774140834808
# Seed 1 Muti Split Final Acc: 0.1217±0.0000
seed: 2 | split 1 : 0.1312292367219925
# Seed 2 Muti Split Final Acc: 0.1312±0.0000
seed: 3 | split 1 : 0.07184385508298874
# Seed 3 Muti Split Final Acc: 0.0718±0.0000
seed: 4 | split 1 : 0.09634551405906677
# Seed 4 Muti Split Final Acc: 0.0963±0.0000
seed: 5 | split 1 : 0.12001661211252213
# Seed 5 Muti Split Final Acc: 0.1200±0.0000
########################################################################################
split: 1 | seed 1 : 0.12167774140834808
split: 1 | seed 2 : 0.1312292367219925
split: 1 | seed 3 : 0.07184385508298874
split: 1 | seed 4 : 0.09634551405906677
split: 1 | seed 5 : 0.12001661211252213
# Split 1 Muti Seed Acc without min value: 0.1173±0.0128
########################################################################################
