load LLC or attacked data with specified split
Successfully loaded the attack of dataname with few shot 5, split 1
Attack method : Meta_Self | Attack ptb : 0.05 | Dataset: Cora
======================
Number of graphs: 1
Number of features: 1433
Number of classes: 7

Data(x=[2708, 1433], edge_index=[2, 13850], y=[2708], train_mask=[2708], val_mask=[2708], test_mask=[2708])
===========================================================================================================
Number of nodes: 2708
Number of edges: 13850
Average node degree: 5.11
Has isolated nodes: False
Has self-loops: True
Is undirected: True
GCN(
  (conv_layers): ModuleList(
    (0): GCNConv(1433, 256)
    (1): GCNConv(256, 256)
  )
)
Successfully loaded pre-trained weights!
use RobustPrompt Tranductive
defense pt dict :  {'sim_pt': 0.3, 'degree_pt': 1, 'out_detect_pt': 0.5, 'other_pt': 'all'}
use_attention :  False
cosine_constraint :  True
pt_threshold :  0.5
filter_module :  OriginalFilter
temperature :  1.0
weight_mse 0.1
weight_kl :  0.3
weight_constraint :  0.2
run RobustPrompt-T
Epoch 001 |  Time(s) 0.2669 | RobustPrompt-T Loss 1.9487  
Epoch 002 |  Time(s) 0.0137 | RobustPrompt-T Loss 1.9395  
Epoch 003 |  Time(s) 0.0129 | RobustPrompt-T Loss 1.9323  
Epoch 004 |  Time(s) 0.0128 | RobustPrompt-T Loss 1.9245  
Epoch 005 |  Time(s) 0.0130 | RobustPrompt-T Loss 1.9180  
Epoch 006 |  Time(s) 0.0129 | RobustPrompt-T Loss 1.9042  
Epoch 007 |  Time(s) 0.0125 | RobustPrompt-T Loss 1.8973  
Epoch 008 |  Time(s) 0.0134 | RobustPrompt-T Loss 1.8933  
Epoch 009 |  Time(s) 0.0138 | RobustPrompt-T Loss 1.8556  
Epoch 010 |  Time(s) 0.0139 | RobustPrompt-T Loss 1.8437  
Epoch 011 |  Time(s) 0.0135 | RobustPrompt-T Loss 1.8030  
Epoch 012 |  Time(s) 0.0137 | RobustPrompt-T Loss 1.8286  
Epoch 013 |  Time(s) 0.0138 | RobustPrompt-T Loss 1.8109  
Epoch 014 |  Time(s) 0.0140 | RobustPrompt-T Loss 1.8707  
Epoch 015 |  Time(s) 0.0141 | RobustPrompt-T Loss 1.7798  
Epoch 016 |  Time(s) 0.0136 | RobustPrompt-T Loss 1.7827  
Epoch 017 |  Time(s) 0.0135 | RobustPrompt-T Loss 1.7917  
Epoch 018 |  Time(s) 0.0139 | RobustPrompt-T Loss 1.8032  
Epoch 019 |  Time(s) 0.0140 | RobustPrompt-T Loss 1.7426  
Epoch 020 |  Time(s) 0.0140 | RobustPrompt-T Loss 1.7699  
Epoch 021 |  Time(s) 0.0140 | RobustPrompt-T Loss 1.7183  
Epoch 022 |  Time(s) 0.0141 | RobustPrompt-T Loss 1.8338  
Epoch 023 |  Time(s) 0.0141 | RobustPrompt-T Loss 1.7631  
Epoch 024 |  Time(s) 0.0138 | RobustPrompt-T Loss 1.7364  
Epoch 025 |  Time(s) 0.0142 | RobustPrompt-T Loss 1.7495  
Epoch 026 |  Time(s) 0.0142 | RobustPrompt-T Loss 1.7651  
Epoch 027 |  Time(s) 0.0141 | RobustPrompt-T Loss 1.7038  
Epoch 028 |  Time(s) 0.0146 | RobustPrompt-T Loss 1.6733  
Epoch 029 |  Time(s) 0.0143 | RobustPrompt-T Loss 1.7036  
Epoch 030 |  Time(s) 0.0139 | RobustPrompt-T Loss 1.6410  
Epoch 031 |  Time(s) 0.0147 | RobustPrompt-T Loss 1.6475  
Epoch 032 |  Time(s) 0.0143 | RobustPrompt-T Loss 1.6770  
Epoch 033 |  Time(s) 0.0148 | RobustPrompt-T Loss 1.6220  
Epoch 034 |  Time(s) 0.0143 | RobustPrompt-T Loss 1.5343  
Epoch 035 |  Time(s) 0.0141 | RobustPrompt-T Loss 1.5360  
Epoch 036 |  Time(s) 0.0147 | RobustPrompt-T Loss 1.5136  
Epoch 037 |  Time(s) 0.0143 | RobustPrompt-T Loss 1.4993  
Epoch 038 |  Time(s) 0.0147 | RobustPrompt-T Loss 1.4779  
Epoch 039 |  Time(s) 0.0145 | RobustPrompt-T Loss 1.4376  
Epoch 040 |  Time(s) 0.0145 | RobustPrompt-T Loss 1.4344  
Epoch 041 |  Time(s) 0.0143 | RobustPrompt-T Loss 1.4137  
Epoch 042 |  Time(s) 0.0143 | RobustPrompt-T Loss 1.3368  
Epoch 043 |  Time(s) 0.0145 | RobustPrompt-T Loss 1.3157  
Epoch 044 |  Time(s) 0.0142 | RobustPrompt-T Loss 1.3078  
Epoch 045 |  Time(s) 0.0142 | RobustPrompt-T Loss 1.2449  
Epoch 046 |  Time(s) 0.0146 | RobustPrompt-T Loss 1.2256  
Epoch 047 |  Time(s) 0.0143 | RobustPrompt-T Loss 1.2292  
Epoch 048 |  Time(s) 0.0147 | RobustPrompt-T Loss 1.2186  
Epoch 049 |  Time(s) 0.0144 | RobustPrompt-T Loss 1.2323  
Epoch 050 |  Time(s) 0.0141 | RobustPrompt-T Loss 1.1150  
Epoch 051 |  Time(s) 0.0144 | RobustPrompt-T Loss 1.0867  
Epoch 052 |  Time(s) 0.0145 | RobustPrompt-T Loss 1.1272  
Epoch 053 |  Time(s) 0.0145 | RobustPrompt-T Loss 1.1944  
Epoch 054 |  Time(s) 0.0140 | RobustPrompt-T Loss 1.0512  
Epoch 055 |  Time(s) 0.0141 | RobustPrompt-T Loss 1.3485  
Epoch 056 |  Time(s) 0.0144 | RobustPrompt-T Loss 1.1922  
Epoch 057 |  Time(s) 0.0146 | RobustPrompt-T Loss 1.1261  
Epoch 058 |  Time(s) 0.0144 | RobustPrompt-T Loss 1.1387  
Epoch 059 |  Time(s) 0.0140 | RobustPrompt-T Loss 1.0045  
Epoch 060 |  Time(s) 0.0141 | RobustPrompt-T Loss 1.1017  
Epoch 061 |  Time(s) 0.0145 | RobustPrompt-T Loss 1.0505  
Epoch 062 |  Time(s) 0.0144 | RobustPrompt-T Loss 0.9794  
Epoch 063 |  Time(s) 0.0141 | RobustPrompt-T Loss 0.9950  
Epoch 064 |  Time(s) 0.0145 | RobustPrompt-T Loss 0.9137  
Epoch 065 |  Time(s) 0.0144 | RobustPrompt-T Loss 0.9297  
Epoch 066 |  Time(s) 0.0146 | RobustPrompt-T Loss 0.8747  
Epoch 067 |  Time(s) 0.0142 | RobustPrompt-T Loss 0.8420  
Epoch 068 |  Time(s) 0.0142 | RobustPrompt-T Loss 0.8201  
Epoch 069 |  Time(s) 0.0144 | RobustPrompt-T Loss 0.8489  
Epoch 070 |  Time(s) 0.0145 | RobustPrompt-T Loss 0.7603  
Epoch 071 |  Time(s) 0.0146 | RobustPrompt-T Loss 0.7525  
Epoch 072 |  Time(s) 0.0133 | RobustPrompt-T Loss 0.7252  
Epoch 073 |  Time(s) 0.0131 | RobustPrompt-T Loss 0.6841  
Epoch 074 |  Time(s) 0.0132 | RobustPrompt-T Loss 0.6795  
Epoch 075 |  Time(s) 0.0137 | RobustPrompt-T Loss 0.6613  
Epoch 076 |  Time(s) 0.0139 | RobustPrompt-T Loss 0.6194  
Epoch 077 |  Time(s) 0.0140 | RobustPrompt-T Loss 0.6033  
Epoch 078 |  Time(s) 0.0139 | RobustPrompt-T Loss 0.5692  
Epoch 079 |  Time(s) 0.0139 | RobustPrompt-T Loss 0.5646  
Epoch 080 |  Time(s) 0.0141 | RobustPrompt-T Loss 0.5475  
Epoch 081 |  Time(s) 0.0140 | RobustPrompt-T Loss 0.5174  
Epoch 082 |  Time(s) 0.0140 | RobustPrompt-T Loss 0.4960  
Epoch 083 |  Time(s) 0.0138 | RobustPrompt-T Loss 0.4866  
Epoch 084 |  Time(s) 0.0141 | RobustPrompt-T Loss 0.4744  
Epoch 085 |  Time(s) 0.0141 | RobustPrompt-T Loss 0.4622  
Epoch 086 |  Time(s) 0.0139 | RobustPrompt-T Loss 0.4519  
Epoch 087 |  Time(s) 0.0142 | RobustPrompt-T Loss 0.4334  
Epoch 088 |  Time(s) 0.0138 | RobustPrompt-T Loss 0.4212  
Epoch 089 |  Time(s) 0.0137 | RobustPrompt-T Loss 0.4104  
Epoch 090 |  Time(s) 0.0136 | RobustPrompt-T Loss 0.4193  
Epoch 091 |  Time(s) 0.0140 | RobustPrompt-T Loss 0.3987  
Epoch 092 |  Time(s) 0.0138 | RobustPrompt-T Loss 0.3896  
Epoch 093 |  Time(s) 0.0139 | RobustPrompt-T Loss 0.3669  
Epoch 094 |  Time(s) 0.0140 | RobustPrompt-T Loss 0.3559  
Epoch 095 |  Time(s) 0.0140 | RobustPrompt-T Loss 0.3677  
Epoch 096 |  Time(s) 0.0140 | RobustPrompt-T Loss 0.3772  
Epoch 097 |  Time(s) 0.0140 | RobustPrompt-T Loss 0.3615  
Epoch 098 |  Time(s) 0.0140 | RobustPrompt-T Loss 0.3469  
Epoch 099 |  Time(s) 0.0140 | RobustPrompt-T Loss 0.3128  
Epoch 100 |  Time(s) 0.0141 | RobustPrompt-T Loss 0.3082  
Epoch 101 |  Time(s) 0.0141 | RobustPrompt-T Loss 0.3457  
Epoch 102 |  Time(s) 0.0139 | RobustPrompt-T Loss 0.3338  
Epoch 103 |  Time(s) 0.0139 | RobustPrompt-T Loss 0.3069  
Epoch 104 |  Time(s) 0.0140 | RobustPrompt-T Loss 0.3012  
Epoch 105 |  Time(s) 0.0141 | RobustPrompt-T Loss 0.2936  
Epoch 106 |  Time(s) 0.0140 | RobustPrompt-T Loss 0.2797  
Epoch 107 |  Time(s) 0.0140 | RobustPrompt-T Loss 0.2756  
Epoch 108 |  Time(s) 0.0139 | RobustPrompt-T Loss 0.2550  
Epoch 109 |  Time(s) 0.0135 | RobustPrompt-T Loss 0.2434  
Epoch 110 |  Time(s) 0.0138 | RobustPrompt-T Loss 0.2400  
Epoch 111 |  Time(s) 0.0141 | RobustPrompt-T Loss 0.2250  
Epoch 112 |  Time(s) 0.0139 | RobustPrompt-T Loss 0.2155  
Epoch 113 |  Time(s) 0.0139 | RobustPrompt-T Loss 0.2126  
Epoch 114 |  Time(s) 0.0138 | RobustPrompt-T Loss 0.1944  
Epoch 115 |  Time(s) 0.0140 | RobustPrompt-T Loss 0.1852  
Epoch 116 |  Time(s) 0.0139 | RobustPrompt-T Loss 0.1880  
Epoch 117 |  Time(s) 0.0140 | RobustPrompt-T Loss 0.1699  
Epoch 118 |  Time(s) 0.0141 | RobustPrompt-T Loss 0.1547  
Epoch 119 |  Time(s) 0.0139 | RobustPrompt-T Loss 0.1492  
Epoch 120 |  Time(s) 0.0139 | RobustPrompt-T Loss 0.1401  
Epoch 121 |  Time(s) 0.0141 | RobustPrompt-T Loss 0.1320  
Epoch 122 |  Time(s) 0.0139 | RobustPrompt-T Loss 0.1298  
Epoch 123 |  Time(s) 0.0140 | RobustPrompt-T Loss 0.1216  
Epoch 124 |  Time(s) 0.0140 | RobustPrompt-T Loss 0.1240  
Epoch 125 |  Time(s) 0.0140 | RobustPrompt-T Loss 0.1100  
Epoch 126 |  Time(s) 0.0140 | RobustPrompt-T Loss 0.1076  
Epoch 127 |  Time(s) 0.0140 | RobustPrompt-T Loss 0.1059  
Epoch 128 |  Time(s) 0.0140 | RobustPrompt-T Loss 0.1001  
Epoch 129 |  Time(s) 0.0140 | RobustPrompt-T Loss 0.0948  
Epoch 130 |  Time(s) 0.0140 | RobustPrompt-T Loss 0.0909  
Epoch 131 |  Time(s) 0.0141 | RobustPrompt-T Loss 0.0858  
Epoch 132 |  Time(s) 0.0139 | RobustPrompt-T Loss 0.0954  
Epoch 133 |  Time(s) 0.0142 | RobustPrompt-T Loss 0.0965  
Epoch 134 |  Time(s) 0.0140 | RobustPrompt-T Loss 0.0827  
Epoch 135 |  Time(s) 0.0140 | RobustPrompt-T Loss 0.1024  
Epoch 136 |  Time(s) 0.0140 | RobustPrompt-T Loss 0.1145  
Epoch 137 |  Time(s) 0.0139 | RobustPrompt-T Loss 0.0774  
Epoch 138 |  Time(s) 0.0140 | RobustPrompt-T Loss 0.1131  
Epoch 139 |  Time(s) 0.0140 | RobustPrompt-T Loss 0.1241  
Epoch 140 |  Time(s) 0.0141 | RobustPrompt-T Loss 0.0861  
Epoch 141 |  Time(s) 0.0139 | RobustPrompt-T Loss 0.1115  
Epoch 142 |  Time(s) 0.0140 | RobustPrompt-T Loss 0.0680  
Epoch 143 |  Time(s) 0.0140 | RobustPrompt-T Loss 0.0769  
Epoch 144 |  Time(s) 0.0140 | RobustPrompt-T Loss 0.0762  
Epoch 145 |  Time(s) 0.0141 | RobustPrompt-T Loss 0.0649  
Epoch 146 |  Time(s) 0.0141 | RobustPrompt-T Loss 0.0731  
Epoch 147 |  Time(s) 0.0140 | RobustPrompt-T Loss 0.0632  
Epoch 148 |  Time(s) 0.0140 | RobustPrompt-T Loss 0.0717  
Epoch 149 |  Time(s) 0.0139 | RobustPrompt-T Loss 0.0637  
Epoch 150 |  Time(s) 0.0140 | RobustPrompt-T Loss 0.0661  
Epoch 151 |  Time(s) 0.0140 | RobustPrompt-T Loss 0.0617  
Epoch 152 |  Time(s) 0.0143 | RobustPrompt-T Loss 0.0592  
Epoch 153 |  Time(s) 0.0139 | RobustPrompt-T Loss 0.0617  
Epoch 154 |  Time(s) 0.0140 | RobustPrompt-T Loss 0.0605  
Epoch 155 |  Time(s) 0.0141 | RobustPrompt-T Loss 0.0628  
Epoch 156 |  Time(s) 0.0140 | RobustPrompt-T Loss 0.0581  
Epoch 157 |  Time(s) 0.0139 | RobustPrompt-T Loss 0.0576  
Epoch 158 |  Time(s) 0.0140 | RobustPrompt-T Loss 0.0572  
Epoch 159 |  Time(s) 0.0139 | RobustPrompt-T Loss 0.0578  
Epoch 160 |  Time(s) 0.0140 | RobustPrompt-T Loss 0.0598  
Epoch 161 |  Time(s) 0.0140 | RobustPrompt-T Loss 0.0588  
Epoch 162 |  Time(s) 0.0140 | RobustPrompt-T Loss 0.0560  
Epoch 163 |  Time(s) 0.0140 | RobustPrompt-T Loss 0.0527  
Epoch 164 |  Time(s) 0.0140 | RobustPrompt-T Loss 0.0560  
Epoch 165 |  Time(s) 0.0139 | RobustPrompt-T Loss 0.0539  
Epoch 166 |  Time(s) 0.0136 | RobustPrompt-T Loss 0.0554  
Epoch 167 |  Time(s) 0.0139 | RobustPrompt-T Loss 0.0540  
Epoch 168 |  Time(s) 0.0139 | RobustPrompt-T Loss 0.0544  
Epoch 169 |  Time(s) 0.0138 | RobustPrompt-T Loss 0.0512  
Epoch 170 |  Time(s) 0.0139 | RobustPrompt-T Loss 0.0529  
Epoch 171 |  Time(s) 0.0140 | RobustPrompt-T Loss 0.0526  
Epoch 172 |  Time(s) 0.0140 | RobustPrompt-T Loss 0.0533  
Epoch 173 |  Time(s) 0.0140 | RobustPrompt-T Loss 0.0524  
Epoch 174 |  Time(s) 0.0136 | RobustPrompt-T Loss 0.0510  
Epoch 175 |  Time(s) 0.0138 | RobustPrompt-T Loss 0.0552  
Epoch 176 |  Time(s) 0.0139 | RobustPrompt-T Loss 0.0516  
Epoch 177 |  Time(s) 0.0139 | RobustPrompt-T Loss 0.0504  
Epoch 178 |  Time(s) 0.0139 | RobustPrompt-T Loss 0.0496  
Epoch 179 |  Time(s) 0.0140 | RobustPrompt-T Loss 0.0513  
Epoch 180 |  Time(s) 0.0139 | RobustPrompt-T Loss 0.0504  
Epoch 181 |  Time(s) 0.0140 | RobustPrompt-T Loss 0.0475  
Epoch 182 |  Time(s) 0.0140 | RobustPrompt-T Loss 0.0542  
Epoch 183 |  Time(s) 0.0140 | RobustPrompt-T Loss 0.0474  
Epoch 184 |  Time(s) 0.0140 | RobustPrompt-T Loss 0.0481  
Epoch 185 |  Time(s) 0.0140 | RobustPrompt-T Loss 0.0493  
Epoch 186 |  Time(s) 0.0140 | RobustPrompt-T Loss 0.0468  
Epoch 187 |  Time(s) 0.0140 | RobustPrompt-T Loss 0.0481  
Epoch 188 |  Time(s) 0.0141 | RobustPrompt-T Loss 0.0482  
Epoch 189 |  Time(s) 0.0140 | RobustPrompt-T Loss 0.0473  
Epoch 190 |  Time(s) 0.0139 | RobustPrompt-T Loss 0.0467  
Epoch 191 |  Time(s) 0.0140 | RobustPrompt-T Loss 0.0527  
Epoch 192 |  Time(s) 0.0143 | RobustPrompt-T Loss 0.0484  
Epoch 193 |  Time(s) 0.0140 | RobustPrompt-T Loss 0.0479  
Epoch 194 |  Time(s) 0.0140 | RobustPrompt-T Loss 0.0466  
Epoch 195 |  Time(s) 0.0140 | RobustPrompt-T Loss 0.0477  
Epoch 196 |  Time(s) 0.0140 | RobustPrompt-T Loss 0.0470  
Epoch 197 |  Time(s) 0.0140 | RobustPrompt-T Loss 0.0458  
Epoch 198 |  Time(s) 0.0140 | RobustPrompt-T Loss 0.0469  
Epoch 199 |  Time(s) 0.0140 | RobustPrompt-T Loss 0.0465  
Epoch 200 |  Time(s) 0.0140 | RobustPrompt-T Loss 0.0458  
Final True Accuracy: 0.2317 | Macro F1 Score: 0.2483
best_loss [tensor(0.0458, device='cuda:0', grad_fn=<AddBackward0>)]
load LLC or attacked data with specified split
Successfully loaded the attack of dataname with few shot 5, split 1
Attack method : Meta_Self | Attack ptb : 0.05 | Dataset: Cora
======================
Number of graphs: 1
Number of features: 1433
Number of classes: 7

Data(x=[2708, 1433], edge_index=[2, 13850], y=[2708], train_mask=[2708], val_mask=[2708], test_mask=[2708])
===========================================================================================================
Number of nodes: 2708
Number of edges: 13850
Average node degree: 5.11
Has isolated nodes: False
Has self-loops: True
Is undirected: True
GCN(
  (conv_layers): ModuleList(
    (0): GCNConv(1433, 256)
    (1): GCNConv(256, 256)
  )
)
Successfully loaded pre-trained weights!
use RobustPrompt Tranductive
defense pt dict :  {'sim_pt': 0.3, 'degree_pt': 1, 'out_detect_pt': 0.5, 'other_pt': 'all'}
use_attention :  False
cosine_constraint :  True
pt_threshold :  0.5
filter_module :  OriginalFilter
temperature :  1.0
weight_mse 0.1
weight_kl :  0.3
weight_constraint :  0.2
run RobustPrompt-T
Epoch 001 |  Time(s) 0.0137 | RobustPrompt-T Loss 1.9482  
Epoch 002 |  Time(s) 0.0132 | RobustPrompt-T Loss 1.9381  
Epoch 003 |  Time(s) 0.0137 | RobustPrompt-T Loss 1.9270  
Epoch 004 |  Time(s) 0.0140 | RobustPrompt-T Loss 1.9196  
Epoch 005 |  Time(s) 0.0134 | RobustPrompt-T Loss 1.9253  
Epoch 006 |  Time(s) 0.0136 | RobustPrompt-T Loss 1.9124  
Epoch 007 |  Time(s) 0.0140 | RobustPrompt-T Loss 1.9034  
Epoch 008 |  Time(s) 0.0135 | RobustPrompt-T Loss 1.8873  
Epoch 009 |  Time(s) 0.0136 | RobustPrompt-T Loss 1.8764  
Epoch 010 |  Time(s) 0.0134 | RobustPrompt-T Loss 1.8614  
Epoch 011 |  Time(s) 0.0138 | RobustPrompt-T Loss 1.8415  
Epoch 012 |  Time(s) 0.0139 | RobustPrompt-T Loss 1.8269  
Epoch 013 |  Time(s) 0.0138 | RobustPrompt-T Loss 1.8007  
Epoch 014 |  Time(s) 0.0135 | RobustPrompt-T Loss 1.8449  
Epoch 015 |  Time(s) 0.0137 | RobustPrompt-T Loss 1.7933  
Epoch 016 |  Time(s) 0.0139 | RobustPrompt-T Loss 1.8172  
Epoch 017 |  Time(s) 0.0139 | RobustPrompt-T Loss 1.8279  
Epoch 018 |  Time(s) 0.0135 | RobustPrompt-T Loss 1.8295  
Epoch 019 |  Time(s) 0.0137 | RobustPrompt-T Loss 1.7614  
Epoch 020 |  Time(s) 0.0140 | RobustPrompt-T Loss 1.7668  
Epoch 021 |  Time(s) 0.0135 | RobustPrompt-T Loss 1.7684  
Epoch 022 |  Time(s) 0.0130 | RobustPrompt-T Loss 1.7147  
Epoch 023 |  Time(s) 0.0135 | RobustPrompt-T Loss 1.7551  
Epoch 024 |  Time(s) 0.0141 | RobustPrompt-T Loss 1.7706  
Epoch 025 |  Time(s) 0.0138 | RobustPrompt-T Loss 1.7260  
Epoch 026 |  Time(s) 0.0140 | RobustPrompt-T Loss 1.6840  
Epoch 027 |  Time(s) 0.0140 | RobustPrompt-T Loss 1.7079  
Epoch 028 |  Time(s) 0.0136 | RobustPrompt-T Loss 1.6995  
Epoch 029 |  Time(s) 0.0137 | RobustPrompt-T Loss 1.6823  
Epoch 030 |  Time(s) 0.0138 | RobustPrompt-T Loss 1.6462  
Epoch 031 |  Time(s) 0.0140 | RobustPrompt-T Loss 1.6302  
Epoch 032 |  Time(s) 0.0135 | RobustPrompt-T Loss 1.6232  
Epoch 033 |  Time(s) 0.0138 | RobustPrompt-T Loss 1.5749  
Epoch 034 |  Time(s) 0.0138 | RobustPrompt-T Loss 1.6033  
Epoch 035 |  Time(s) 0.0135 | RobustPrompt-T Loss 1.5211  
Epoch 036 |  Time(s) 0.0136 | RobustPrompt-T Loss 1.4934  
Epoch 037 |  Time(s) 0.0132 | RobustPrompt-T Loss 1.4874  
Epoch 038 |  Time(s) 0.0141 | RobustPrompt-T Loss 1.4303  
Epoch 039 |  Time(s) 0.0138 | RobustPrompt-T Loss 1.3972  
Epoch 040 |  Time(s) 0.0138 | RobustPrompt-T Loss 1.3856  
Epoch 041 |  Time(s) 0.0140 | RobustPrompt-T Loss 1.3633  
Epoch 042 |  Time(s) 0.0141 | RobustPrompt-T Loss 1.3317  
Epoch 043 |  Time(s) 0.0135 | RobustPrompt-T Loss 1.2762  
Epoch 044 |  Time(s) 0.0136 | RobustPrompt-T Loss 1.2821  
Epoch 045 |  Time(s) 0.0139 | RobustPrompt-T Loss 1.2689  
Epoch 046 |  Time(s) 0.0135 | RobustPrompt-T Loss 1.3273  
Epoch 047 |  Time(s) 0.0138 | RobustPrompt-T Loss 1.2123  
Epoch 048 |  Time(s) 0.0138 | RobustPrompt-T Loss 1.1681  
Epoch 049 |  Time(s) 0.0135 | RobustPrompt-T Loss 1.1189  
Epoch 050 |  Time(s) 0.0134 | RobustPrompt-T Loss 1.1389  
Epoch 051 |  Time(s) 0.0136 | RobustPrompt-T Loss 1.2164  
Epoch 052 |  Time(s) 0.0139 | RobustPrompt-T Loss 1.0973  
Epoch 053 |  Time(s) 0.0138 | RobustPrompt-T Loss 1.1273  
Epoch 054 |  Time(s) 0.0139 | RobustPrompt-T Loss 1.0601  
Epoch 055 |  Time(s) 0.0136 | RobustPrompt-T Loss 1.0424  
Epoch 056 |  Time(s) 0.0137 | RobustPrompt-T Loss 0.9828  
Epoch 057 |  Time(s) 0.0138 | RobustPrompt-T Loss 1.0370  
Epoch 058 |  Time(s) 0.0140 | RobustPrompt-T Loss 1.0319  
Epoch 059 |  Time(s) 0.0135 | RobustPrompt-T Loss 1.0040  
Epoch 060 |  Time(s) 0.0136 | RobustPrompt-T Loss 0.9161  
Epoch 061 |  Time(s) 0.0139 | RobustPrompt-T Loss 1.0859  
Epoch 062 |  Time(s) 0.0139 | RobustPrompt-T Loss 0.8732  
Epoch 063 |  Time(s) 0.0135 | RobustPrompt-T Loss 0.9221  
Epoch 064 |  Time(s) 0.0137 | RobustPrompt-T Loss 0.8661  
Epoch 065 |  Time(s) 0.0131 | RobustPrompt-T Loss 0.8882  
Epoch 066 |  Time(s) 0.0139 | RobustPrompt-T Loss 0.8236  
Epoch 067 |  Time(s) 0.0139 | RobustPrompt-T Loss 0.8395  
Epoch 068 |  Time(s) 0.0139 | RobustPrompt-T Loss 0.8011  
Epoch 069 |  Time(s) 0.0141 | RobustPrompt-T Loss 0.7655  
Epoch 070 |  Time(s) 0.0139 | RobustPrompt-T Loss 0.7829  
Epoch 071 |  Time(s) 0.0140 | RobustPrompt-T Loss 0.7338  
Epoch 072 |  Time(s) 0.0136 | RobustPrompt-T Loss 0.7053  
Epoch 073 |  Time(s) 0.0136 | RobustPrompt-T Loss 0.7280  
Epoch 074 |  Time(s) 0.0135 | RobustPrompt-T Loss 0.7167  
Epoch 075 |  Time(s) 0.0137 | RobustPrompt-T Loss 0.7198  
Epoch 076 |  Time(s) 0.0140 | RobustPrompt-T Loss 0.6109  
Epoch 077 |  Time(s) 0.0138 | RobustPrompt-T Loss 0.6829  
Epoch 078 |  Time(s) 0.0136 | RobustPrompt-T Loss 0.7091  
Epoch 079 |  Time(s) 0.0137 | RobustPrompt-T Loss 0.6419  
Epoch 080 |  Time(s) 0.0138 | RobustPrompt-T Loss 0.7683  
Epoch 081 |  Time(s) 0.0135 | RobustPrompt-T Loss 0.7561  
Epoch 082 |  Time(s) 0.0135 | RobustPrompt-T Loss 0.6649  
Epoch 083 |  Time(s) 0.0139 | RobustPrompt-T Loss 0.6577  
Epoch 084 |  Time(s) 0.0141 | RobustPrompt-T Loss 0.5418  
Epoch 085 |  Time(s) 0.0140 | RobustPrompt-T Loss 0.5199  
Epoch 086 |  Time(s) 0.0140 | RobustPrompt-T Loss 0.5735  
Epoch 087 |  Time(s) 0.0135 | RobustPrompt-T Loss 0.4812  
Epoch 088 |  Time(s) 0.0138 | RobustPrompt-T Loss 0.4600  
Epoch 089 |  Time(s) 0.0139 | RobustPrompt-T Loss 0.4630  
Epoch 090 |  Time(s) 0.0140 | RobustPrompt-T Loss 0.4647  
Epoch 091 |  Time(s) 0.0140 | RobustPrompt-T Loss 0.4355  
Epoch 092 |  Time(s) 0.0140 | RobustPrompt-T Loss 0.4057  
Epoch 093 |  Time(s) 0.0141 | RobustPrompt-T Loss 0.4129  
Epoch 094 |  Time(s) 0.0138 | RobustPrompt-T Loss 0.3878  
Epoch 095 |  Time(s) 0.0140 | RobustPrompt-T Loss 0.3826  
Epoch 096 |  Time(s) 0.0138 | RobustPrompt-T Loss 0.3914  
Epoch 097 |  Time(s) 0.0136 | RobustPrompt-T Loss 0.3520  
Epoch 098 |  Time(s) 0.0138 | RobustPrompt-T Loss 0.3198  
Epoch 099 |  Time(s) 0.0138 | RobustPrompt-T Loss 0.3666  
Epoch 100 |  Time(s) 0.0139 | RobustPrompt-T Loss 0.3269  
Epoch 101 |  Time(s) 0.0140 | RobustPrompt-T Loss 0.3224  
Epoch 102 |  Time(s) 0.0136 | RobustPrompt-T Loss 0.3948  
Epoch 103 |  Time(s) 0.0137 | RobustPrompt-T Loss 0.2892  
Epoch 104 |  Time(s) 0.0138 | RobustPrompt-T Loss 0.4569  
Epoch 105 |  Time(s) 0.0139 | RobustPrompt-T Loss 0.2813  
Epoch 106 |  Time(s) 0.0140 | RobustPrompt-T Loss 0.4565  
Epoch 107 |  Time(s) 0.0136 | RobustPrompt-T Loss 0.3382  
Epoch 108 |  Time(s) 0.0137 | RobustPrompt-T Loss 0.4656  
Epoch 109 |  Time(s) 0.0139 | RobustPrompt-T Loss 0.5558  
Epoch 110 |  Time(s) 0.0135 | RobustPrompt-T Loss 0.2560  
Epoch 111 |  Time(s) 0.0137 | RobustPrompt-T Loss 0.4411  
Epoch 112 |  Time(s) 0.0139 | RobustPrompt-T Loss 0.2985  
Epoch 113 |  Time(s) 0.0140 | RobustPrompt-T Loss 0.3029  
Epoch 114 |  Time(s) 0.0139 | RobustPrompt-T Loss 0.3076  
Epoch 115 |  Time(s) 0.0141 | RobustPrompt-T Loss 0.2395  
Epoch 116 |  Time(s) 0.0139 | RobustPrompt-T Loss 0.3110  
Epoch 117 |  Time(s) 0.0142 | RobustPrompt-T Loss 0.2388  
Epoch 118 |  Time(s) 0.0139 | RobustPrompt-T Loss 0.2440  
Epoch 119 |  Time(s) 0.0140 | RobustPrompt-T Loss 0.2154  
Epoch 120 |  Time(s) 0.0139 | RobustPrompt-T Loss 0.2319  
Epoch 121 |  Time(s) 0.0135 | RobustPrompt-T Loss 0.2483  
Epoch 122 |  Time(s) 0.0140 | RobustPrompt-T Loss 0.1877  
Epoch 123 |  Time(s) 0.0139 | RobustPrompt-T Loss 0.2562  
Epoch 124 |  Time(s) 0.0139 | RobustPrompt-T Loss 0.1799  
Epoch 125 |  Time(s) 0.0141 | RobustPrompt-T Loss 0.2684  
Epoch 126 |  Time(s) 0.0140 | RobustPrompt-T Loss 0.1837  
Epoch 127 |  Time(s) 0.0138 | RobustPrompt-T Loss 0.1588  
Epoch 128 |  Time(s) 0.0140 | RobustPrompt-T Loss 0.1775  
Epoch 129 |  Time(s) 0.0135 | RobustPrompt-T Loss 0.1450  
Epoch 130 |  Time(s) 0.0144 | RobustPrompt-T Loss 0.2241  
Epoch 131 |  Time(s) 0.0141 | RobustPrompt-T Loss 0.1412  
Epoch 132 |  Time(s) 0.0141 | RobustPrompt-T Loss 0.1445  
Epoch 133 |  Time(s) 0.0140 | RobustPrompt-T Loss 0.1370  
Epoch 134 |  Time(s) 0.0142 | RobustPrompt-T Loss 0.1291  
Epoch 135 |  Time(s) 0.0139 | RobustPrompt-T Loss 0.1518  
Epoch 136 |  Time(s) 0.0140 | RobustPrompt-T Loss 0.1225  
Epoch 137 |  Time(s) 0.0142 | RobustPrompt-T Loss 0.1259  
Epoch 138 |  Time(s) 0.0140 | RobustPrompt-T Loss 0.1223  
Epoch 139 |  Time(s) 0.0139 | RobustPrompt-T Loss 0.1128  
Epoch 140 |  Time(s) 0.0138 | RobustPrompt-T Loss 0.1235  
Epoch 141 |  Time(s) 0.0139 | RobustPrompt-T Loss 0.1003  
Epoch 142 |  Time(s) 0.0141 | RobustPrompt-T Loss 0.1041  
Epoch 143 |  Time(s) 0.0141 | RobustPrompt-T Loss 0.1035  
Epoch 144 |  Time(s) 0.0140 | RobustPrompt-T Loss 0.0899  
Epoch 145 |  Time(s) 0.0140 | RobustPrompt-T Loss 0.1121  
Epoch 146 |  Time(s) 0.0140 | RobustPrompt-T Loss 0.0919  
Epoch 147 |  Time(s) 0.0139 | RobustPrompt-T Loss 0.0961  
Epoch 148 |  Time(s) 0.0140 | RobustPrompt-T Loss 0.0858  
Epoch 149 |  Time(s) 0.0141 | RobustPrompt-T Loss 0.0944  
Epoch 150 |  Time(s) 0.0140 | RobustPrompt-T Loss 0.0797  
Epoch 151 |  Time(s) 0.0141 | RobustPrompt-T Loss 0.0847  
Epoch 152 |  Time(s) 0.0140 | RobustPrompt-T Loss 0.0800  
Epoch 153 |  Time(s) 0.0140 | RobustPrompt-T Loss 0.0796  
Epoch 154 |  Time(s) 0.0147 | RobustPrompt-T Loss 0.0783  
Epoch 155 |  Time(s) 0.0142 | RobustPrompt-T Loss 0.0910  
Epoch 156 |  Time(s) 0.0142 | RobustPrompt-T Loss 0.0973  
Epoch 157 |  Time(s) 0.0141 | RobustPrompt-T Loss 0.0956  
Epoch 158 |  Time(s) 0.0141 | RobustPrompt-T Loss 0.0923  
Epoch 159 |  Time(s) 0.0141 | RobustPrompt-T Loss 0.1077  
Epoch 160 |  Time(s) 0.0140 | RobustPrompt-T Loss 0.1237  
Epoch 161 |  Time(s) 0.0145 | RobustPrompt-T Loss 0.1357  
Epoch 162 |  Time(s) 0.0143 | RobustPrompt-T Loss 0.0859  
Epoch 163 |  Time(s) 0.0141 | RobustPrompt-T Loss 0.1286  
Epoch 164 |  Time(s) 0.0141 | RobustPrompt-T Loss 0.1736  
Epoch 165 |  Time(s) 0.0140 | RobustPrompt-T Loss 0.1354  
Epoch 166 |  Time(s) 0.0135 | RobustPrompt-T Loss 0.1476  
Epoch 167 |  Time(s) 0.0138 | RobustPrompt-T Loss 0.0865  
Epoch 168 |  Time(s) 0.0138 | RobustPrompt-T Loss 0.2119  
Epoch 169 |  Time(s) 0.0142 | RobustPrompt-T Loss 0.0834  
Epoch 170 |  Time(s) 0.0138 | RobustPrompt-T Loss 0.1029  
Epoch 171 |  Time(s) 0.0136 | RobustPrompt-T Loss 0.0836  
Epoch 172 |  Time(s) 0.0138 | RobustPrompt-T Loss 0.1070  
Epoch 173 |  Time(s) 0.0138 | RobustPrompt-T Loss 0.0697  
Epoch 174 |  Time(s) 0.0138 | RobustPrompt-T Loss 0.0924  
Epoch 175 |  Time(s) 0.0138 | RobustPrompt-T Loss 0.0833  
Epoch 176 |  Time(s) 0.0137 | RobustPrompt-T Loss 0.0944  
Epoch 177 |  Time(s) 0.0138 | RobustPrompt-T Loss 0.0662  
Epoch 178 |  Time(s) 0.0137 | RobustPrompt-T Loss 0.0869  
Epoch 179 |  Time(s) 0.0139 | RobustPrompt-T Loss 0.0611  
Epoch 180 |  Time(s) 0.0138 | RobustPrompt-T Loss 0.0788  
Epoch 181 |  Time(s) 0.0138 | RobustPrompt-T Loss 0.0648  
Epoch 182 |  Time(s) 0.0137 | RobustPrompt-T Loss 0.0584  
Epoch 183 |  Time(s) 0.0138 | RobustPrompt-T Loss 0.0670  
Epoch 184 |  Time(s) 0.0137 | RobustPrompt-T Loss 0.0545  
Epoch 185 |  Time(s) 0.0138 | RobustPrompt-T Loss 0.0628  
Epoch 186 |  Time(s) 0.0137 | RobustPrompt-T Loss 0.0601  
Epoch 187 |  Time(s) 0.0137 | RobustPrompt-T Loss 0.0582  
Epoch 188 |  Time(s) 0.0138 | RobustPrompt-T Loss 0.0669  
Epoch 189 |  Time(s) 0.0138 | RobustPrompt-T Loss 0.0593  
Epoch 190 |  Time(s) 0.0138 | RobustPrompt-T Loss 0.0587  
Epoch 191 |  Time(s) 0.0138 | RobustPrompt-T Loss 0.0664  
Epoch 192 |  Time(s) 0.0137 | RobustPrompt-T Loss 0.0587  
Epoch 193 |  Time(s) 0.0138 | RobustPrompt-T Loss 0.0702  
Epoch 194 |  Time(s) 0.0138 | RobustPrompt-T Loss 0.0572  
Epoch 195 |  Time(s) 0.0138 | RobustPrompt-T Loss 0.1928  
Epoch 196 |  Time(s) 0.0137 | RobustPrompt-T Loss 0.1077  
Epoch 197 |  Time(s) 0.0138 | RobustPrompt-T Loss 0.0686  
Epoch 198 |  Time(s) 0.0139 | RobustPrompt-T Loss 0.0768  
Epoch 199 |  Time(s) 0.0137 | RobustPrompt-T Loss 0.0704  
Epoch 200 |  Time(s) 0.0136 | RobustPrompt-T Loss 0.0586  
Final True Accuracy: 0.2342 | Macro F1 Score: 0.2580
best_loss [tensor(0.0586, device='cuda:0', grad_fn=<AddBackward0>)]
load LLC or attacked data with specified split
Successfully loaded the attack of dataname with few shot 5, split 1
Attack method : Meta_Self | Attack ptb : 0.05 | Dataset: Cora
======================
Number of graphs: 1
Number of features: 1433
Number of classes: 7

Data(x=[2708, 1433], edge_index=[2, 13850], y=[2708], train_mask=[2708], val_mask=[2708], test_mask=[2708])
===========================================================================================================
Number of nodes: 2708
Number of edges: 13850
Average node degree: 5.11
Has isolated nodes: False
Has self-loops: True
Is undirected: True
GCN(
  (conv_layers): ModuleList(
    (0): GCNConv(1433, 256)
    (1): GCNConv(256, 256)
  )
)
Successfully loaded pre-trained weights!
use RobustPrompt Tranductive
defense pt dict :  {'sim_pt': 0.3, 'degree_pt': 1, 'out_detect_pt': 0.5, 'other_pt': 'all'}
use_attention :  False
cosine_constraint :  True
pt_threshold :  0.5
filter_module :  OriginalFilter
temperature :  1.0
weight_mse 0.1
weight_kl :  0.3
weight_constraint :  0.2
run RobustPrompt-T
Epoch 001 |  Time(s) 0.0142 | RobustPrompt-T Loss 1.9452  
Epoch 002 |  Time(s) 0.0137 | RobustPrompt-T Loss 1.9461  
Epoch 003 |  Time(s) 0.0137 | RobustPrompt-T Loss 1.9350  
Epoch 004 |  Time(s) 0.0139 | RobustPrompt-T Loss 1.9238  
Epoch 005 |  Time(s) 0.0138 | RobustPrompt-T Loss 1.9229  
Epoch 006 |  Time(s) 0.0137 | RobustPrompt-T Loss 1.9204  
Epoch 007 |  Time(s) 0.0138 | RobustPrompt-T Loss 1.9187  
Epoch 008 |  Time(s) 0.0138 | RobustPrompt-T Loss 1.8962  
Epoch 009 |  Time(s) 0.0138 | RobustPrompt-T Loss 1.8948  
Epoch 010 |  Time(s) 0.0137 | RobustPrompt-T Loss 1.8939  
Epoch 011 |  Time(s) 0.0137 | RobustPrompt-T Loss 1.8744  
Epoch 012 |  Time(s) 0.0138 | RobustPrompt-T Loss 1.8616  
Epoch 013 |  Time(s) 0.0137 | RobustPrompt-T Loss 1.8456  
Epoch 014 |  Time(s) 0.0137 | RobustPrompt-T Loss 1.8389  
Epoch 015 |  Time(s) 0.0139 | RobustPrompt-T Loss 1.8348  
Epoch 016 |  Time(s) 0.0139 | RobustPrompt-T Loss 1.8027  
Epoch 017 |  Time(s) 0.0134 | RobustPrompt-T Loss 1.7793  
Epoch 018 |  Time(s) 0.0129 | RobustPrompt-T Loss 1.8254  
Epoch 019 |  Time(s) 0.0129 | RobustPrompt-T Loss 1.7880  
Epoch 020 |  Time(s) 0.0130 | RobustPrompt-T Loss 1.7437  
Epoch 021 |  Time(s) 0.0135 | RobustPrompt-T Loss 1.7711  
Epoch 022 |  Time(s) 0.0138 | RobustPrompt-T Loss 1.7582  
Epoch 023 |  Time(s) 0.0137 | RobustPrompt-T Loss 1.7453  
Epoch 024 |  Time(s) 0.0135 | RobustPrompt-T Loss 1.6587  
Epoch 025 |  Time(s) 0.0132 | RobustPrompt-T Loss 1.7159  
Epoch 026 |  Time(s) 0.0135 | RobustPrompt-T Loss 1.7240  
Epoch 027 |  Time(s) 0.0142 | RobustPrompt-T Loss 1.6402  
Epoch 028 |  Time(s) 0.0139 | RobustPrompt-T Loss 1.7267  
Epoch 029 |  Time(s) 0.0140 | RobustPrompt-T Loss 1.6052  
Epoch 030 |  Time(s) 0.0138 | RobustPrompt-T Loss 1.6060  
Epoch 031 |  Time(s) 0.0139 | RobustPrompt-T Loss 1.5643  
Epoch 032 |  Time(s) 0.0140 | RobustPrompt-T Loss 1.5502  
Epoch 033 |  Time(s) 0.0140 | RobustPrompt-T Loss 1.4998  
Epoch 034 |  Time(s) 0.0142 | RobustPrompt-T Loss 1.4912  
Epoch 035 |  Time(s) 0.0141 | RobustPrompt-T Loss 1.4646  
Epoch 036 |  Time(s) 0.0141 | RobustPrompt-T Loss 1.4581  
Epoch 037 |  Time(s) 0.0139 | RobustPrompt-T Loss 1.4307  
Epoch 038 |  Time(s) 0.0140 | RobustPrompt-T Loss 1.4205  
Epoch 039 |  Time(s) 0.0139 | RobustPrompt-T Loss 1.4051  
Epoch 040 |  Time(s) 0.0141 | RobustPrompt-T Loss 1.3813  
Epoch 041 |  Time(s) 0.0140 | RobustPrompt-T Loss 1.3682  
Epoch 042 |  Time(s) 0.0140 | RobustPrompt-T Loss 1.3424  
Epoch 043 |  Time(s) 0.0140 | RobustPrompt-T Loss 1.3347  
Epoch 044 |  Time(s) 0.0139 | RobustPrompt-T Loss 1.3002  
Epoch 045 |  Time(s) 0.0140 | RobustPrompt-T Loss 1.2819  
Epoch 046 |  Time(s) 0.0140 | RobustPrompt-T Loss 1.2604  
Epoch 047 |  Time(s) 0.0140 | RobustPrompt-T Loss 1.2579  
Epoch 048 |  Time(s) 0.0140 | RobustPrompt-T Loss 1.2549  
Epoch 049 |  Time(s) 0.0141 | RobustPrompt-T Loss 1.2031  
Epoch 050 |  Time(s) 0.0139 | RobustPrompt-T Loss 1.1731  
Epoch 051 |  Time(s) 0.0140 | RobustPrompt-T Loss 1.1737  
Epoch 052 |  Time(s) 0.0141 | RobustPrompt-T Loss 1.1735  
Epoch 053 |  Time(s) 0.0140 | RobustPrompt-T Loss 1.1700  
Epoch 054 |  Time(s) 0.0140 | RobustPrompt-T Loss 1.1164  
Epoch 055 |  Time(s) 0.0139 | RobustPrompt-T Loss 1.0721  
Epoch 056 |  Time(s) 0.0139 | RobustPrompt-T Loss 1.1223  
Epoch 057 |  Time(s) 0.0141 | RobustPrompt-T Loss 1.1196  
Epoch 058 |  Time(s) 0.0140 | RobustPrompt-T Loss 1.0105  
Epoch 059 |  Time(s) 0.0139 | RobustPrompt-T Loss 1.1249  
Epoch 060 |  Time(s) 0.0141 | RobustPrompt-T Loss 1.0028  
Epoch 061 |  Time(s) 0.0140 | RobustPrompt-T Loss 1.0047  
Epoch 062 |  Time(s) 0.0139 | RobustPrompt-T Loss 1.0486  
Epoch 063 |  Time(s) 0.0141 | RobustPrompt-T Loss 0.9743  
Epoch 064 |  Time(s) 0.0141 | RobustPrompt-T Loss 1.0322  
Epoch 065 |  Time(s) 0.0139 | RobustPrompt-T Loss 0.9502  
Epoch 066 |  Time(s) 0.0140 | RobustPrompt-T Loss 1.1296  
Epoch 067 |  Time(s) 0.0141 | RobustPrompt-T Loss 0.9890  
Epoch 068 |  Time(s) 0.0140 | RobustPrompt-T Loss 1.0108  
Epoch 069 |  Time(s) 0.0140 | RobustPrompt-T Loss 1.0219  
Epoch 070 |  Time(s) 0.0141 | RobustPrompt-T Loss 0.9365  
Epoch 071 |  Time(s) 0.0140 | RobustPrompt-T Loss 0.8644  
Epoch 072 |  Time(s) 0.0140 | RobustPrompt-T Loss 0.8915  
Epoch 073 |  Time(s) 0.0141 | RobustPrompt-T Loss 0.8201  
Epoch 074 |  Time(s) 0.0140 | RobustPrompt-T Loss 0.8410  
Epoch 075 |  Time(s) 0.0140 | RobustPrompt-T Loss 0.8103  
Epoch 076 |  Time(s) 0.0136 | RobustPrompt-T Loss 0.8064  
Epoch 077 |  Time(s) 0.0134 | RobustPrompt-T Loss 0.7755  
Epoch 078 |  Time(s) 0.0132 | RobustPrompt-T Loss 0.7405  
Epoch 079 |  Time(s) 0.0129 | RobustPrompt-T Loss 0.7326  
Epoch 080 |  Time(s) 0.0139 | RobustPrompt-T Loss 0.6997  
Epoch 081 |  Time(s) 0.0142 | RobustPrompt-T Loss 0.6944  
Epoch 082 |  Time(s) 0.0140 | RobustPrompt-T Loss 0.6763  
Epoch 083 |  Time(s) 0.0141 | RobustPrompt-T Loss 0.6610  
Epoch 084 |  Time(s) 0.0138 | RobustPrompt-T Loss 0.6460  
Epoch 085 |  Time(s) 0.0141 | RobustPrompt-T Loss 0.6194  
Epoch 086 |  Time(s) 0.0146 | RobustPrompt-T Loss 0.6089  
Epoch 087 |  Time(s) 0.0142 | RobustPrompt-T Loss 0.5973  
Epoch 088 |  Time(s) 0.0140 | RobustPrompt-T Loss 0.5731  
Epoch 089 |  Time(s) 0.0140 | RobustPrompt-T Loss 0.5535  
Epoch 090 |  Time(s) 0.0142 | RobustPrompt-T Loss 0.5360  
Epoch 091 |  Time(s) 0.0146 | RobustPrompt-T Loss 0.5239  
Epoch 092 |  Time(s) 0.0142 | RobustPrompt-T Loss 0.5028  
Epoch 093 |  Time(s) 0.0141 | RobustPrompt-T Loss 0.4801  
Epoch 094 |  Time(s) 0.0139 | RobustPrompt-T Loss 0.4634  
Epoch 095 |  Time(s) 0.0143 | RobustPrompt-T Loss 0.4437  
Epoch 096 |  Time(s) 0.0144 | RobustPrompt-T Loss 0.4344  
Epoch 097 |  Time(s) 0.0144 | RobustPrompt-T Loss 0.4229  
Epoch 098 |  Time(s) 0.0139 | RobustPrompt-T Loss 0.4176  
Epoch 099 |  Time(s) 0.0140 | RobustPrompt-T Loss 0.4026  
Epoch 100 |  Time(s) 0.0139 | RobustPrompt-T Loss 0.3833  
Epoch 101 |  Time(s) 0.0138 | RobustPrompt-T Loss 0.3540  
Epoch 102 |  Time(s) 0.0138 | RobustPrompt-T Loss 0.3280  
Epoch 103 |  Time(s) 0.0141 | RobustPrompt-T Loss 0.3248  
Epoch 104 |  Time(s) 0.0140 | RobustPrompt-T Loss 0.3150  
Epoch 105 |  Time(s) 0.0138 | RobustPrompt-T Loss 0.2929  
Epoch 106 |  Time(s) 0.0141 | RobustPrompt-T Loss 0.2887  
Epoch 107 |  Time(s) 0.0141 | RobustPrompt-T Loss 0.2848  
Epoch 108 |  Time(s) 0.0139 | RobustPrompt-T Loss 0.2714  
Epoch 109 |  Time(s) 0.0139 | RobustPrompt-T Loss 0.2575  
Epoch 110 |  Time(s) 0.0139 | RobustPrompt-T Loss 0.2499  
Epoch 111 |  Time(s) 0.0140 | RobustPrompt-T Loss 0.2364  
Epoch 112 |  Time(s) 0.0139 | RobustPrompt-T Loss 0.2277  
Epoch 113 |  Time(s) 0.0136 | RobustPrompt-T Loss 0.2242  
Epoch 114 |  Time(s) 0.0141 | RobustPrompt-T Loss 0.2133  
Epoch 115 |  Time(s) 0.0141 | RobustPrompt-T Loss 0.2073  
Epoch 116 |  Time(s) 0.0140 | RobustPrompt-T Loss 0.1978  
Epoch 117 |  Time(s) 0.0140 | RobustPrompt-T Loss 0.1877  
Epoch 118 |  Time(s) 0.0139 | RobustPrompt-T Loss 0.1837  
Epoch 119 |  Time(s) 0.0139 | RobustPrompt-T Loss 0.1763  
Epoch 120 |  Time(s) 0.0140 | RobustPrompt-T Loss 0.1677  
Epoch 121 |  Time(s) 0.0139 | RobustPrompt-T Loss 0.1628  
Epoch 122 |  Time(s) 0.0140 | RobustPrompt-T Loss 0.1551  
Epoch 123 |  Time(s) 0.0141 | RobustPrompt-T Loss 0.1466  
Epoch 124 |  Time(s) 0.0140 | RobustPrompt-T Loss 0.1419  
Epoch 125 |  Time(s) 0.0139 | RobustPrompt-T Loss 0.1329  
Epoch 126 |  Time(s) 0.0142 | RobustPrompt-T Loss 0.1260  
Epoch 127 |  Time(s) 0.0141 | RobustPrompt-T Loss 0.1206  
Epoch 128 |  Time(s) 0.0140 | RobustPrompt-T Loss 0.1141  
Epoch 129 |  Time(s) 0.0139 | RobustPrompt-T Loss 0.1086  
Epoch 130 |  Time(s) 0.0140 | RobustPrompt-T Loss 0.1022  
Epoch 131 |  Time(s) 0.0143 | RobustPrompt-T Loss 0.0945  
Epoch 132 |  Time(s) 0.0140 | RobustPrompt-T Loss 0.0914  
Epoch 133 |  Time(s) 0.0140 | RobustPrompt-T Loss 0.0833  
Epoch 134 |  Time(s) 0.0141 | RobustPrompt-T Loss 0.0801  
Epoch 135 |  Time(s) 0.0141 | RobustPrompt-T Loss 0.0800  
Epoch 136 |  Time(s) 0.0141 | RobustPrompt-T Loss 0.0740  
Epoch 137 |  Time(s) 0.0140 | RobustPrompt-T Loss 0.0703  
Epoch 138 |  Time(s) 0.0141 | RobustPrompt-T Loss 0.0687  
Epoch 139 |  Time(s) 0.0140 | RobustPrompt-T Loss 0.0650  
Epoch 140 |  Time(s) 0.0141 | RobustPrompt-T Loss 0.0621  
Epoch 141 |  Time(s) 0.0140 | RobustPrompt-T Loss 0.0601  
Epoch 142 |  Time(s) 0.0141 | RobustPrompt-T Loss 0.0596  
Epoch 143 |  Time(s) 0.0138 | RobustPrompt-T Loss 0.0589  
Epoch 144 |  Time(s) 0.0140 | RobustPrompt-T Loss 0.0571  
Epoch 145 |  Time(s) 0.0140 | RobustPrompt-T Loss 0.0564  
Epoch 146 |  Time(s) 0.0141 | RobustPrompt-T Loss 0.0549  
Epoch 147 |  Time(s) 0.0139 | RobustPrompt-T Loss 0.0519  
Epoch 148 |  Time(s) 0.0141 | RobustPrompt-T Loss 0.0502  
Epoch 149 |  Time(s) 0.0140 | RobustPrompt-T Loss 0.0514  
Epoch 150 |  Time(s) 0.0141 | RobustPrompt-T Loss 0.0491  
Epoch 151 |  Time(s) 0.0141 | RobustPrompt-T Loss 0.0482  
Epoch 152 |  Time(s) 0.0140 | RobustPrompt-T Loss 0.0498  
Epoch 153 |  Time(s) 0.0140 | RobustPrompt-T Loss 0.0469  
Epoch 154 |  Time(s) 0.0141 | RobustPrompt-T Loss 0.0472  
Epoch 155 |  Time(s) 0.0141 | RobustPrompt-T Loss 0.0490  
Epoch 156 |  Time(s) 0.0139 | RobustPrompt-T Loss 0.0460  
Epoch 157 |  Time(s) 0.0141 | RobustPrompt-T Loss 0.0475  
Epoch 158 |  Time(s) 0.0139 | RobustPrompt-T Loss 0.0462  
Epoch 159 |  Time(s) 0.0139 | RobustPrompt-T Loss 0.0483  
Epoch 160 |  Time(s) 0.0139 | RobustPrompt-T Loss 0.0472  
Epoch 161 |  Time(s) 0.0139 | RobustPrompt-T Loss 0.0468  
Epoch 162 |  Time(s) 0.0140 | RobustPrompt-T Loss 0.0462  
Epoch 163 |  Time(s) 0.0139 | RobustPrompt-T Loss 0.0444  
Epoch 164 |  Time(s) 0.0140 | RobustPrompt-T Loss 0.0440  
Epoch 165 |  Time(s) 0.0139 | RobustPrompt-T Loss 0.0436  
Epoch 166 |  Time(s) 0.0142 | RobustPrompt-T Loss 0.0433  
Epoch 167 |  Time(s) 0.0138 | RobustPrompt-T Loss 0.0449  
Epoch 168 |  Time(s) 0.0139 | RobustPrompt-T Loss 0.0429  
Epoch 169 |  Time(s) 0.0139 | RobustPrompt-T Loss 0.0428  
Epoch 170 |  Time(s) 0.0141 | RobustPrompt-T Loss 0.0418  
Epoch 171 |  Time(s) 0.0141 | RobustPrompt-T Loss 0.0425  
Epoch 172 |  Time(s) 0.0139 | RobustPrompt-T Loss 0.0419  
Epoch 173 |  Time(s) 0.0141 | RobustPrompt-T Loss 0.0440  
Epoch 174 |  Time(s) 0.0142 | RobustPrompt-T Loss 0.0429  
Epoch 175 |  Time(s) 0.0140 | RobustPrompt-T Loss 0.0427  
Epoch 176 |  Time(s) 0.0141 | RobustPrompt-T Loss 0.0407  
Epoch 177 |  Time(s) 0.0139 | RobustPrompt-T Loss 0.0412  
Epoch 178 |  Time(s) 0.0141 | RobustPrompt-T Loss 0.0429  
Epoch 179 |  Time(s) 0.0141 | RobustPrompt-T Loss 0.0414  
Epoch 180 |  Time(s) 0.0140 | RobustPrompt-T Loss 0.0434  
Epoch 181 |  Time(s) 0.0140 | RobustPrompt-T Loss 0.0428  
Epoch 182 |  Time(s) 0.0139 | RobustPrompt-T Loss 0.0416  
Epoch 183 |  Time(s) 0.0140 | RobustPrompt-T Loss 0.0391  
Epoch 184 |  Time(s) 0.0140 | RobustPrompt-T Loss 0.0384  
Epoch 185 |  Time(s) 0.0140 | RobustPrompt-T Loss 0.0387  
Epoch 186 |  Time(s) 0.0140 | RobustPrompt-T Loss 0.0388  
Epoch 187 |  Time(s) 0.0138 | RobustPrompt-T Loss 0.0396  
Epoch 188 |  Time(s) 0.0142 | RobustPrompt-T Loss 0.0396  
Epoch 189 |  Time(s) 0.0140 | RobustPrompt-T Loss 0.0391  
Epoch 190 |  Time(s) 0.0142 | RobustPrompt-T Loss 0.0409  
Epoch 191 |  Time(s) 0.0140 | RobustPrompt-T Loss 0.0400  
Epoch 192 |  Time(s) 0.0138 | RobustPrompt-T Loss 0.0431  
Epoch 193 |  Time(s) 0.0141 | RobustPrompt-T Loss 0.0398  
Epoch 194 |  Time(s) 0.0139 | RobustPrompt-T Loss 0.0424  
Epoch 195 |  Time(s) 0.0142 | RobustPrompt-T Loss 0.0374  
Epoch 196 |  Time(s) 0.0141 | RobustPrompt-T Loss 0.0373  
Epoch 197 |  Time(s) 0.0141 | RobustPrompt-T Loss 0.0408  
Epoch 198 |  Time(s) 0.0146 | RobustPrompt-T Loss 0.0373  
Epoch 199 |  Time(s) 0.0141 | RobustPrompt-T Loss 0.0389  
Epoch 200 |  Time(s) 0.0142 | RobustPrompt-T Loss 0.0389  
Final True Accuracy: 0.2608 | Macro F1 Score: 0.2503
best_loss [tensor(0.0389, device='cuda:0', grad_fn=<AddBackward0>)]
load LLC or attacked data with specified split
Successfully loaded the attack of dataname with few shot 5, split 1
Attack method : Meta_Self | Attack ptb : 0.05 | Dataset: Cora
======================
Number of graphs: 1
Number of features: 1433
Number of classes: 7

Data(x=[2708, 1433], edge_index=[2, 13850], y=[2708], train_mask=[2708], val_mask=[2708], test_mask=[2708])
===========================================================================================================
Number of nodes: 2708
Number of edges: 13850
Average node degree: 5.11
Has isolated nodes: False
Has self-loops: True
Is undirected: True
GCN(
  (conv_layers): ModuleList(
    (0): GCNConv(1433, 256)
    (1): GCNConv(256, 256)
  )
)
Successfully loaded pre-trained weights!
use RobustPrompt Tranductive
defense pt dict :  {'sim_pt': 0.3, 'degree_pt': 1, 'out_detect_pt': 0.5, 'other_pt': 'all'}
use_attention :  False
cosine_constraint :  True
pt_threshold :  0.5
filter_module :  OriginalFilter
temperature :  1.0
weight_mse 0.1
weight_kl :  0.3
weight_constraint :  0.2
run RobustPrompt-T
Epoch 001 |  Time(s) 0.0149 | RobustPrompt-T Loss 1.9447  
Epoch 002 |  Time(s) 0.0146 | RobustPrompt-T Loss 1.9386  
Epoch 003 |  Time(s) 0.0144 | RobustPrompt-T Loss 1.9301  
Epoch 004 |  Time(s) 0.0146 | RobustPrompt-T Loss 1.9172  
Epoch 005 |  Time(s) 0.0145 | RobustPrompt-T Loss 1.8967  
Epoch 006 |  Time(s) 0.0146 | RobustPrompt-T Loss 1.8967  
Epoch 007 |  Time(s) 0.0144 | RobustPrompt-T Loss 1.9186  
Epoch 008 |  Time(s) 0.0146 | RobustPrompt-T Loss 1.8822  
Epoch 009 |  Time(s) 0.0142 | RobustPrompt-T Loss 1.8393  
Epoch 010 |  Time(s) 0.0143 | RobustPrompt-T Loss 1.8462  
Epoch 011 |  Time(s) 0.0146 | RobustPrompt-T Loss 1.8032  
Epoch 012 |  Time(s) 0.0144 | RobustPrompt-T Loss 1.8217  
Epoch 013 |  Time(s) 0.0141 | RobustPrompt-T Loss 1.7960  
Epoch 014 |  Time(s) 0.0145 | RobustPrompt-T Loss 1.8607  
Epoch 015 |  Time(s) 0.0142 | RobustPrompt-T Loss 1.7749  
Epoch 016 |  Time(s) 0.0143 | RobustPrompt-T Loss 1.7589  
Epoch 017 |  Time(s) 0.0144 | RobustPrompt-T Loss 1.7619  
Epoch 018 |  Time(s) 0.0144 | RobustPrompt-T Loss 1.7730  
Epoch 019 |  Time(s) 0.0146 | RobustPrompt-T Loss 1.7348  
Epoch 020 |  Time(s) 0.0143 | RobustPrompt-T Loss 1.7177  
Epoch 021 |  Time(s) 0.0142 | RobustPrompt-T Loss 1.7417  
Epoch 022 |  Time(s) 0.0145 | RobustPrompt-T Loss 1.7637  
Epoch 023 |  Time(s) 0.0144 | RobustPrompt-T Loss 1.7569  
Epoch 024 |  Time(s) 0.0140 | RobustPrompt-T Loss 1.6802  
Epoch 025 |  Time(s) 0.0145 | RobustPrompt-T Loss 1.7136  
Epoch 026 |  Time(s) 0.0143 | RobustPrompt-T Loss 1.7148  
Epoch 027 |  Time(s) 0.0142 | RobustPrompt-T Loss 1.6321  
Epoch 028 |  Time(s) 0.0141 | RobustPrompt-T Loss 1.7063  
Epoch 029 |  Time(s) 0.0140 | RobustPrompt-T Loss 1.6209  
Epoch 030 |  Time(s) 0.0144 | RobustPrompt-T Loss 1.5954  
Epoch 031 |  Time(s) 0.0144 | RobustPrompt-T Loss 1.6107  
Epoch 032 |  Time(s) 0.0142 | RobustPrompt-T Loss 1.5501  
Epoch 033 |  Time(s) 0.0140 | RobustPrompt-T Loss 1.5256  
Epoch 034 |  Time(s) 0.0145 | RobustPrompt-T Loss 1.5142  
Epoch 035 |  Time(s) 0.0145 | RobustPrompt-T Loss 1.4934  
Epoch 036 |  Time(s) 0.0146 | RobustPrompt-T Loss 1.4775  
Epoch 037 |  Time(s) 0.0142 | RobustPrompt-T Loss 1.4605  
Epoch 038 |  Time(s) 0.0142 | RobustPrompt-T Loss 1.4498  
Epoch 039 |  Time(s) 0.0140 | RobustPrompt-T Loss 1.4119  
Epoch 040 |  Time(s) 0.0144 | RobustPrompt-T Loss 1.3956  
Epoch 041 |  Time(s) 0.0144 | RobustPrompt-T Loss 1.3679  
Epoch 042 |  Time(s) 0.0146 | RobustPrompt-T Loss 1.3667  
Epoch 043 |  Time(s) 0.0145 | RobustPrompt-T Loss 1.3823  
Epoch 044 |  Time(s) 0.0141 | RobustPrompt-T Loss 1.2989  
Epoch 045 |  Time(s) 0.0145 | RobustPrompt-T Loss 1.2890  
Epoch 046 |  Time(s) 0.0146 | RobustPrompt-T Loss 1.2786  
Epoch 047 |  Time(s) 0.0144 | RobustPrompt-T Loss 1.2391  
Epoch 048 |  Time(s) 0.0141 | RobustPrompt-T Loss 1.2985  
Epoch 049 |  Time(s) 0.0144 | RobustPrompt-T Loss 1.2845  
Epoch 050 |  Time(s) 0.0145 | RobustPrompt-T Loss 1.3686  
Epoch 051 |  Time(s) 0.0144 | RobustPrompt-T Loss 1.1619  
Epoch 052 |  Time(s) 0.0145 | RobustPrompt-T Loss 1.1961  
Epoch 053 |  Time(s) 0.0144 | RobustPrompt-T Loss 1.1834  
Epoch 054 |  Time(s) 0.0143 | RobustPrompt-T Loss 1.1552  
Epoch 055 |  Time(s) 0.0145 | RobustPrompt-T Loss 1.0859  
Epoch 056 |  Time(s) 0.0144 | RobustPrompt-T Loss 1.0807  
Epoch 057 |  Time(s) 0.0145 | RobustPrompt-T Loss 1.0951  
Epoch 058 |  Time(s) 0.0144 | RobustPrompt-T Loss 1.0269  
Epoch 059 |  Time(s) 0.0147 | RobustPrompt-T Loss 1.0170  
Epoch 060 |  Time(s) 0.0144 | RobustPrompt-T Loss 1.0413  
Epoch 061 |  Time(s) 0.0146 | RobustPrompt-T Loss 0.9575  
Epoch 062 |  Time(s) 0.0144 | RobustPrompt-T Loss 1.1869  
Epoch 063 |  Time(s) 0.0146 | RobustPrompt-T Loss 1.1266  
Epoch 064 |  Time(s) 0.0146 | RobustPrompt-T Loss 0.9469  
Epoch 065 |  Time(s) 0.0145 | RobustPrompt-T Loss 1.0025  
Epoch 066 |  Time(s) 0.0144 | RobustPrompt-T Loss 0.9339  
Epoch 067 |  Time(s) 0.0146 | RobustPrompt-T Loss 1.0289  
Epoch 068 |  Time(s) 0.0144 | RobustPrompt-T Loss 0.9262  
Epoch 069 |  Time(s) 0.0145 | RobustPrompt-T Loss 0.9422  
Epoch 070 |  Time(s) 0.0143 | RobustPrompt-T Loss 0.8661  
Epoch 071 |  Time(s) 0.0146 | RobustPrompt-T Loss 0.8854  
Epoch 072 |  Time(s) 0.0145 | RobustPrompt-T Loss 0.8040  
Epoch 073 |  Time(s) 0.0145 | RobustPrompt-T Loss 0.8102  
Epoch 074 |  Time(s) 0.0145 | RobustPrompt-T Loss 0.7897  
Epoch 075 |  Time(s) 0.0147 | RobustPrompt-T Loss 0.7448  
Epoch 076 |  Time(s) 0.0145 | RobustPrompt-T Loss 0.7122  
Epoch 077 |  Time(s) 0.0146 | RobustPrompt-T Loss 0.7189  
Epoch 078 |  Time(s) 0.0143 | RobustPrompt-T Loss 0.7168  
Epoch 079 |  Time(s) 0.0146 | RobustPrompt-T Loss 0.7076  
Epoch 080 |  Time(s) 0.0143 | RobustPrompt-T Loss 0.6992  
Epoch 081 |  Time(s) 0.0148 | RobustPrompt-T Loss 0.6628  
Epoch 082 |  Time(s) 0.0142 | RobustPrompt-T Loss 0.6416  
Epoch 083 |  Time(s) 0.0146 | RobustPrompt-T Loss 0.6295  
Epoch 084 |  Time(s) 0.0141 | RobustPrompt-T Loss 0.6271  
Epoch 085 |  Time(s) 0.0142 | RobustPrompt-T Loss 0.5708  
Epoch 086 |  Time(s) 0.0148 | RobustPrompt-T Loss 0.6220  
Epoch 087 |  Time(s) 0.0143 | RobustPrompt-T Loss 0.5446  
Epoch 088 |  Time(s) 0.0142 | RobustPrompt-T Loss 0.5579  
Epoch 089 |  Time(s) 0.0145 | RobustPrompt-T Loss 0.4866  
Epoch 090 |  Time(s) 0.0143 | RobustPrompt-T Loss 0.5059  
Epoch 091 |  Time(s) 0.0141 | RobustPrompt-T Loss 0.4750  
Epoch 092 |  Time(s) 0.0145 | RobustPrompt-T Loss 0.5024  
Epoch 093 |  Time(s) 0.0144 | RobustPrompt-T Loss 0.4227  
Epoch 094 |  Time(s) 0.0142 | RobustPrompt-T Loss 0.5572  
Epoch 095 |  Time(s) 0.0146 | RobustPrompt-T Loss 0.4819  
Epoch 096 |  Time(s) 0.0142 | RobustPrompt-T Loss 0.3858  
Epoch 097 |  Time(s) 0.0141 | RobustPrompt-T Loss 0.4601  
Epoch 098 |  Time(s) 0.0146 | RobustPrompt-T Loss 0.3826  
Epoch 099 |  Time(s) 0.0145 | RobustPrompt-T Loss 0.5414  
Epoch 100 |  Time(s) 0.0146 | RobustPrompt-T Loss 0.5215  
Epoch 101 |  Time(s) 0.0148 | RobustPrompt-T Loss 0.3291  
Epoch 102 |  Time(s) 0.0141 | RobustPrompt-T Loss 0.4953  
Epoch 103 |  Time(s) 0.0150 | RobustPrompt-T Loss 0.3430  
Epoch 104 |  Time(s) 0.0150 | RobustPrompt-T Loss 0.3957  
Epoch 105 |  Time(s) 0.0145 | RobustPrompt-T Loss 0.4235  
Epoch 106 |  Time(s) 0.0149 | RobustPrompt-T Loss 0.2857  
Epoch 107 |  Time(s) 0.0141 | RobustPrompt-T Loss 0.3517  
Epoch 108 |  Time(s) 0.0149 | RobustPrompt-T Loss 0.3359  
Epoch 109 |  Time(s) 0.0147 | RobustPrompt-T Loss 0.2408  
Epoch 110 |  Time(s) 0.0149 | RobustPrompt-T Loss 0.2432  
Epoch 111 |  Time(s) 0.0144 | RobustPrompt-T Loss 0.2173  
Epoch 112 |  Time(s) 0.0148 | RobustPrompt-T Loss 0.2283  
Epoch 113 |  Time(s) 0.0148 | RobustPrompt-T Loss 0.1856  
Epoch 114 |  Time(s) 0.0145 | RobustPrompt-T Loss 0.1760  
Epoch 115 |  Time(s) 0.0148 | RobustPrompt-T Loss 0.1978  
Epoch 116 |  Time(s) 0.0148 | RobustPrompt-T Loss 0.1753  
Epoch 117 |  Time(s) 0.0149 | RobustPrompt-T Loss 0.1782  
Epoch 118 |  Time(s) 0.0145 | RobustPrompt-T Loss 0.1371  
Epoch 119 |  Time(s) 0.0147 | RobustPrompt-T Loss 0.1301  
Epoch 120 |  Time(s) 0.0148 | RobustPrompt-T Loss 0.1372  
Epoch 121 |  Time(s) 0.0146 | RobustPrompt-T Loss 0.1216  
Epoch 122 |  Time(s) 0.0148 | RobustPrompt-T Loss 0.1131  
Epoch 123 |  Time(s) 0.0147 | RobustPrompt-T Loss 0.1090  
Epoch 124 |  Time(s) 0.0148 | RobustPrompt-T Loss 0.1107  
Epoch 125 |  Time(s) 0.0146 | RobustPrompt-T Loss 0.1005  
Epoch 126 |  Time(s) 0.0147 | RobustPrompt-T Loss 0.1076  
Epoch 127 |  Time(s) 0.0149 | RobustPrompt-T Loss 0.0932  
Epoch 128 |  Time(s) 0.0145 | RobustPrompt-T Loss 0.0796  
Epoch 129 |  Time(s) 0.0148 | RobustPrompt-T Loss 0.0792  
Epoch 130 |  Time(s) 0.0148 | RobustPrompt-T Loss 0.0803  
Epoch 131 |  Time(s) 0.0149 | RobustPrompt-T Loss 0.0779  
Epoch 132 |  Time(s) 0.0149 | RobustPrompt-T Loss 0.0830  
Epoch 133 |  Time(s) 0.0145 | RobustPrompt-T Loss 0.0788  
Epoch 134 |  Time(s) 0.0148 | RobustPrompt-T Loss 0.0798  
Epoch 135 |  Time(s) 0.0148 | RobustPrompt-T Loss 0.0763  
Epoch 136 |  Time(s) 0.0150 | RobustPrompt-T Loss 0.0762  
Epoch 137 |  Time(s) 0.0146 | RobustPrompt-T Loss 0.0698  
Epoch 138 |  Time(s) 0.0146 | RobustPrompt-T Loss 0.0687  
Epoch 139 |  Time(s) 0.0149 | RobustPrompt-T Loss 0.0683  
Epoch 140 |  Time(s) 0.0146 | RobustPrompt-T Loss 0.0677  
Epoch 141 |  Time(s) 0.0146 | RobustPrompt-T Loss 0.0658  
Epoch 142 |  Time(s) 0.0148 | RobustPrompt-T Loss 0.0655  
Epoch 143 |  Time(s) 0.0145 | RobustPrompt-T Loss 0.0676  
Epoch 144 |  Time(s) 0.0147 | RobustPrompt-T Loss 0.0656  
Epoch 145 |  Time(s) 0.0148 | RobustPrompt-T Loss 0.0654  
Epoch 146 |  Time(s) 0.0145 | RobustPrompt-T Loss 0.0644  
Epoch 147 |  Time(s) 0.0146 | RobustPrompt-T Loss 0.0645  
Epoch 148 |  Time(s) 0.0149 | RobustPrompt-T Loss 0.0633  
Epoch 149 |  Time(s) 0.0145 | RobustPrompt-T Loss 0.0619  
Epoch 150 |  Time(s) 0.0147 | RobustPrompt-T Loss 0.0625  
Epoch 151 |  Time(s) 0.0149 | RobustPrompt-T Loss 0.0590  
Epoch 152 |  Time(s) 0.0144 | RobustPrompt-T Loss 0.0575  
Epoch 153 |  Time(s) 0.0145 | RobustPrompt-T Loss 0.0591  
Epoch 154 |  Time(s) 0.0144 | RobustPrompt-T Loss 0.0579  
Epoch 155 |  Time(s) 0.0149 | RobustPrompt-T Loss 0.0592  
Epoch 156 |  Time(s) 0.0148 | RobustPrompt-T Loss 0.0617  
Epoch 157 |  Time(s) 0.0144 | RobustPrompt-T Loss 0.0607  
Epoch 158 |  Time(s) 0.0147 | RobustPrompt-T Loss 0.0550  
Epoch 159 |  Time(s) 0.0148 | RobustPrompt-T Loss 0.0584  
Epoch 160 |  Time(s) 0.0145 | RobustPrompt-T Loss 0.0526  
Epoch 161 |  Time(s) 0.0146 | RobustPrompt-T Loss 0.0560  
Epoch 162 |  Time(s) 0.0144 | RobustPrompt-T Loss 0.0552  
Epoch 163 |  Time(s) 0.0147 | RobustPrompt-T Loss 0.0562  
Epoch 164 |  Time(s) 0.0150 | RobustPrompt-T Loss 0.0547  
Epoch 165 |  Time(s) 0.0149 | RobustPrompt-T Loss 0.0551  
Epoch 166 |  Time(s) 0.0145 | RobustPrompt-T Loss 0.0548  
Epoch 167 |  Time(s) 0.0147 | RobustPrompt-T Loss 0.0592  
Epoch 168 |  Time(s) 0.0148 | RobustPrompt-T Loss 0.0585  
Epoch 169 |  Time(s) 0.0143 | RobustPrompt-T Loss 0.0526  
Epoch 170 |  Time(s) 0.0148 | RobustPrompt-T Loss 0.0541  
Epoch 171 |  Time(s) 0.0150 | RobustPrompt-T Loss 0.0518  
Epoch 172 |  Time(s) 0.0149 | RobustPrompt-T Loss 0.0559  
Epoch 173 |  Time(s) 0.0146 | RobustPrompt-T Loss 0.0561  
Epoch 174 |  Time(s) 0.0146 | RobustPrompt-T Loss 0.0526  
Epoch 175 |  Time(s) 0.0144 | RobustPrompt-T Loss 0.0519  
Epoch 176 |  Time(s) 0.0148 | RobustPrompt-T Loss 0.0529  
Epoch 177 |  Time(s) 0.0148 | RobustPrompt-T Loss 0.0543  
Epoch 178 |  Time(s) 0.0148 | RobustPrompt-T Loss 0.0533  
Epoch 179 |  Time(s) 0.0146 | RobustPrompt-T Loss 0.0532  
Epoch 180 |  Time(s) 0.0148 | RobustPrompt-T Loss 0.0504  
Epoch 181 |  Time(s) 0.0147 | RobustPrompt-T Loss 0.0500  
Epoch 182 |  Time(s) 0.0145 | RobustPrompt-T Loss 0.0510  
Epoch 183 |  Time(s) 0.0148 | RobustPrompt-T Loss 0.0500  
Epoch 184 |  Time(s) 0.0149 | RobustPrompt-T Loss 0.0499  
Epoch 185 |  Time(s) 0.0149 | RobustPrompt-T Loss 0.0495  
Epoch 186 |  Time(s) 0.0151 | RobustPrompt-T Loss 0.0478  
Epoch 187 |  Time(s) 0.0144 | RobustPrompt-T Loss 0.0481  
Epoch 188 |  Time(s) 0.0147 | RobustPrompt-T Loss 0.0487  
Epoch 189 |  Time(s) 0.0148 | RobustPrompt-T Loss 0.0489  
Epoch 190 |  Time(s) 0.0145 | RobustPrompt-T Loss 0.0483  
Epoch 191 |  Time(s) 0.0146 | RobustPrompt-T Loss 0.0478  
Epoch 192 |  Time(s) 0.0150 | RobustPrompt-T Loss 0.0471  
Epoch 193 |  Time(s) 0.0145 | RobustPrompt-T Loss 0.0490  
Epoch 194 |  Time(s) 0.0147 | RobustPrompt-T Loss 0.0503  
Epoch 195 |  Time(s) 0.0148 | RobustPrompt-T Loss 0.0494  
Epoch 196 |  Time(s) 0.0149 | RobustPrompt-T Loss 0.0459  
Epoch 197 |  Time(s) 0.0145 | RobustPrompt-T Loss 0.0509  
Epoch 198 |  Time(s) 0.0147 | RobustPrompt-T Loss 0.0477  
Epoch 199 |  Time(s) 0.0145 | RobustPrompt-T Loss 0.0488  
Epoch 200 |  Time(s) 0.0144 | RobustPrompt-T Loss 0.0492  
Final True Accuracy: 0.2280 | Macro F1 Score: 0.2518
best_loss [tensor(0.0492, device='cuda:0', grad_fn=<AddBackward0>)]
load LLC or attacked data with specified split
Successfully loaded the attack of dataname with few shot 5, split 1
Attack method : Meta_Self | Attack ptb : 0.05 | Dataset: Cora
======================
Number of graphs: 1
Number of features: 1433
Number of classes: 7

Data(x=[2708, 1433], edge_index=[2, 13850], y=[2708], train_mask=[2708], val_mask=[2708], test_mask=[2708])
===========================================================================================================
Number of nodes: 2708
Number of edges: 13850
Average node degree: 5.11
Has isolated nodes: False
Has self-loops: True
Is undirected: True
GCN(
  (conv_layers): ModuleList(
    (0): GCNConv(1433, 256)
    (1): GCNConv(256, 256)
  )
)
Successfully loaded pre-trained weights!
use RobustPrompt Tranductive
defense pt dict :  {'sim_pt': 0.3, 'degree_pt': 1, 'out_detect_pt': 0.5, 'other_pt': 'all'}
use_attention :  False
cosine_constraint :  True
pt_threshold :  0.5
filter_module :  OriginalFilter
temperature :  1.0
weight_mse 0.1
weight_kl :  0.3
weight_constraint :  0.2
run RobustPrompt-T
Epoch 001 |  Time(s) 0.0151 | RobustPrompt-T Loss 1.9475  
Epoch 002 |  Time(s) 0.0147 | RobustPrompt-T Loss 1.9379  
Epoch 003 |  Time(s) 0.0149 | RobustPrompt-T Loss 1.9306  
Epoch 004 |  Time(s) 0.0146 | RobustPrompt-T Loss 1.9239  
Epoch 005 |  Time(s) 0.0144 | RobustPrompt-T Loss 1.9149  
Epoch 006 |  Time(s) 0.0151 | RobustPrompt-T Loss 1.8991  
Epoch 007 |  Time(s) 0.0145 | RobustPrompt-T Loss 1.8773  
Epoch 008 |  Time(s) 0.0144 | RobustPrompt-T Loss 1.8430  
Epoch 009 |  Time(s) 0.0144 | RobustPrompt-T Loss 1.8348  
Epoch 010 |  Time(s) 0.0145 | RobustPrompt-T Loss 1.8016  
Epoch 011 |  Time(s) 0.0143 | RobustPrompt-T Loss 1.8225  
Epoch 012 |  Time(s) 0.0148 | RobustPrompt-T Loss 1.8056  
Epoch 013 |  Time(s) 0.0144 | RobustPrompt-T Loss 1.9637  
Epoch 014 |  Time(s) 0.0144 | RobustPrompt-T Loss 1.8182  
Epoch 015 |  Time(s) 0.0142 | RobustPrompt-T Loss 1.7856  
Epoch 016 |  Time(s) 0.0146 | RobustPrompt-T Loss 1.7671  
Epoch 017 |  Time(s) 0.0144 | RobustPrompt-T Loss 1.8013  
Epoch 018 |  Time(s) 0.0144 | RobustPrompt-T Loss 1.8086  
Epoch 019 |  Time(s) 0.0141 | RobustPrompt-T Loss 1.7648  
Epoch 020 |  Time(s) 0.0146 | RobustPrompt-T Loss 1.8745  
Epoch 021 |  Time(s) 0.0145 | RobustPrompt-T Loss 1.8008  
Epoch 022 |  Time(s) 0.0147 | RobustPrompt-T Loss 1.7448  
Epoch 023 |  Time(s) 0.0149 | RobustPrompt-T Loss 1.7757  
Epoch 024 |  Time(s) 0.0144 | RobustPrompt-T Loss 1.7475  
Epoch 025 |  Time(s) 0.0143 | RobustPrompt-T Loss 1.7631  
Epoch 026 |  Time(s) 0.0146 | RobustPrompt-T Loss 1.7021  
Epoch 027 |  Time(s) 0.0147 | RobustPrompt-T Loss 1.7456  
Epoch 028 |  Time(s) 0.0149 | RobustPrompt-T Loss 1.7272  
Epoch 029 |  Time(s) 0.0146 | RobustPrompt-T Loss 1.6458  
Epoch 030 |  Time(s) 0.0146 | RobustPrompt-T Loss 1.6502  
Epoch 031 |  Time(s) 0.0144 | RobustPrompt-T Loss 1.6142  
Epoch 032 |  Time(s) 0.0148 | RobustPrompt-T Loss 1.6047  
Epoch 033 |  Time(s) 0.0149 | RobustPrompt-T Loss 1.5822  
Epoch 034 |  Time(s) 0.0150 | RobustPrompt-T Loss 1.5547  
Epoch 035 |  Time(s) 0.0149 | RobustPrompt-T Loss 1.5481  
Epoch 036 |  Time(s) 0.0146 | RobustPrompt-T Loss 1.5181  
Epoch 037 |  Time(s) 0.0147 | RobustPrompt-T Loss 1.4886  
Epoch 038 |  Time(s) 0.0149 | RobustPrompt-T Loss 1.4941  
Epoch 039 |  Time(s) 0.0145 | RobustPrompt-T Loss 1.4574  
Epoch 040 |  Time(s) 0.0145 | RobustPrompt-T Loss 1.4351  
Epoch 041 |  Time(s) 0.0146 | RobustPrompt-T Loss 1.4076  
Epoch 042 |  Time(s) 0.0144 | RobustPrompt-T Loss 1.3624  
Epoch 043 |  Time(s) 0.0143 | RobustPrompt-T Loss 1.3709  
Epoch 044 |  Time(s) 0.0145 | RobustPrompt-T Loss 1.3360  
Epoch 045 |  Time(s) 0.0143 | RobustPrompt-T Loss 1.3065  
Epoch 046 |  Time(s) 0.0145 | RobustPrompt-T Loss 1.2962  
Epoch 047 |  Time(s) 0.0146 | RobustPrompt-T Loss 1.2865  
Epoch 048 |  Time(s) 0.0150 | RobustPrompt-T Loss 1.2565  
Epoch 049 |  Time(s) 0.0144 | RobustPrompt-T Loss 1.2319  
Epoch 050 |  Time(s) 0.0148 | RobustPrompt-T Loss 1.2344  
Epoch 051 |  Time(s) 0.0147 | RobustPrompt-T Loss 1.1813  
Epoch 052 |  Time(s) 0.0144 | RobustPrompt-T Loss 1.1897  
Epoch 053 |  Time(s) 0.0147 | RobustPrompt-T Loss 1.1691  
Epoch 054 |  Time(s) 0.0149 | RobustPrompt-T Loss 1.1994  
Epoch 055 |  Time(s) 0.0150 | RobustPrompt-T Loss 1.0903  
Epoch 056 |  Time(s) 0.0145 | RobustPrompt-T Loss 1.2070  
Epoch 057 |  Time(s) 0.0148 | RobustPrompt-T Loss 1.0493  
Epoch 058 |  Time(s) 0.0147 | RobustPrompt-T Loss 1.1492  
Epoch 059 |  Time(s) 0.0150 | RobustPrompt-T Loss 1.0012  
Epoch 060 |  Time(s) 0.0149 | RobustPrompt-T Loss 1.0789  
Epoch 061 |  Time(s) 0.0150 | RobustPrompt-T Loss 0.9471  
Epoch 062 |  Time(s) 0.0150 | RobustPrompt-T Loss 0.9836  
Epoch 063 |  Time(s) 0.0150 | RobustPrompt-T Loss 0.9009  
Epoch 064 |  Time(s) 0.0150 | RobustPrompt-T Loss 0.9516  
Epoch 065 |  Time(s) 0.0146 | RobustPrompt-T Loss 0.8761  
Epoch 066 |  Time(s) 0.0148 | RobustPrompt-T Loss 0.8790  
Epoch 067 |  Time(s) 0.0149 | RobustPrompt-T Loss 0.8306  
Epoch 068 |  Time(s) 0.0149 | RobustPrompt-T Loss 0.8295  
Epoch 069 |  Time(s) 0.0150 | RobustPrompt-T Loss 0.8022  
Epoch 070 |  Time(s) 0.0149 | RobustPrompt-T Loss 0.7386  
Epoch 071 |  Time(s) 0.0150 | RobustPrompt-T Loss 0.7462  
Epoch 072 |  Time(s) 0.0150 | RobustPrompt-T Loss 0.7205  
Epoch 073 |  Time(s) 0.0146 | RobustPrompt-T Loss 0.7394  
Epoch 074 |  Time(s) 0.0147 | RobustPrompt-T Loss 0.6894  
Epoch 075 |  Time(s) 0.0142 | RobustPrompt-T Loss 0.6674  
Epoch 076 |  Time(s) 0.0150 | RobustPrompt-T Loss 0.6356  
Epoch 077 |  Time(s) 0.0148 | RobustPrompt-T Loss 0.6360  
Epoch 078 |  Time(s) 0.0148 | RobustPrompt-T Loss 0.6197  
Epoch 079 |  Time(s) 0.0149 | RobustPrompt-T Loss 0.5750  
Epoch 080 |  Time(s) 0.0150 | RobustPrompt-T Loss 0.5567  
Epoch 081 |  Time(s) 0.0145 | RobustPrompt-T Loss 0.5512  
Epoch 082 |  Time(s) 0.0148 | RobustPrompt-T Loss 0.5481  
Epoch 083 |  Time(s) 0.0148 | RobustPrompt-T Loss 0.5000  
Epoch 084 |  Time(s) 0.0149 | RobustPrompt-T Loss 0.4805  
Epoch 085 |  Time(s) 0.0141 | RobustPrompt-T Loss 0.4709  
Epoch 086 |  Time(s) 0.0151 | RobustPrompt-T Loss 0.5038  
Epoch 087 |  Time(s) 0.0149 | RobustPrompt-T Loss 0.5058  
Epoch 088 |  Time(s) 0.0144 | RobustPrompt-T Loss 0.4171  
Epoch 089 |  Time(s) 0.0148 | RobustPrompt-T Loss 0.4661  
Epoch 090 |  Time(s) 0.0147 | RobustPrompt-T Loss 0.4105  
Epoch 091 |  Time(s) 0.0150 | RobustPrompt-T Loss 0.3719  
Epoch 092 |  Time(s) 0.0145 | RobustPrompt-T Loss 0.3848  
Epoch 093 |  Time(s) 0.0148 | RobustPrompt-T Loss 0.3726  
Epoch 094 |  Time(s) 0.0148 | RobustPrompt-T Loss 0.3419  
Epoch 095 |  Time(s) 0.0149 | RobustPrompt-T Loss 0.3267  
Epoch 096 |  Time(s) 0.0150 | RobustPrompt-T Loss 0.3120  
Epoch 097 |  Time(s) 0.0144 | RobustPrompt-T Loss 0.3150  
Epoch 098 |  Time(s) 0.0150 | RobustPrompt-T Loss 0.2670  
Epoch 099 |  Time(s) 0.0148 | RobustPrompt-T Loss 0.2825  
Epoch 100 |  Time(s) 0.0148 | RobustPrompt-T Loss 0.2378  
Epoch 101 |  Time(s) 0.0149 | RobustPrompt-T Loss 0.2914  
Epoch 102 |  Time(s) 0.0145 | RobustPrompt-T Loss 0.3090  
Epoch 103 |  Time(s) 0.0147 | RobustPrompt-T Loss 0.2498  
Epoch 104 |  Time(s) 0.0144 | RobustPrompt-T Loss 0.2458  
Epoch 105 |  Time(s) 0.0148 | RobustPrompt-T Loss 0.2621  
Epoch 106 |  Time(s) 0.0148 | RobustPrompt-T Loss 0.1766  
Epoch 107 |  Time(s) 0.0150 | RobustPrompt-T Loss 0.2447  
Epoch 108 |  Time(s) 0.0150 | RobustPrompt-T Loss 0.1746  
Epoch 109 |  Time(s) 0.0150 | RobustPrompt-T Loss 0.2571  
Epoch 110 |  Time(s) 0.0150 | RobustPrompt-T Loss 0.2196  
Epoch 111 |  Time(s) 0.0151 | RobustPrompt-T Loss 0.1745  
Epoch 112 |  Time(s) 0.0149 | RobustPrompt-T Loss 0.2007  
Epoch 113 |  Time(s) 0.0152 | RobustPrompt-T Loss 0.1711  
Epoch 114 |  Time(s) 0.0149 | RobustPrompt-T Loss 0.2457  
Epoch 115 |  Time(s) 0.0150 | RobustPrompt-T Loss 0.1876  
Epoch 116 |  Time(s) 0.0146 | RobustPrompt-T Loss 0.1647  
Epoch 117 |  Time(s) 0.0145 | RobustPrompt-T Loss 0.1699  
Epoch 118 |  Time(s) 0.0138 | RobustPrompt-T Loss 0.1476  
Epoch 119 |  Time(s) 0.0138 | RobustPrompt-T Loss 0.1916  
Epoch 120 |  Time(s) 0.0145 | RobustPrompt-T Loss 0.1191  
Epoch 121 |  Time(s) 0.0146 | RobustPrompt-T Loss 0.2078  
Epoch 122 |  Time(s) 0.0141 | RobustPrompt-T Loss 0.1098  
Epoch 123 |  Time(s) 0.0144 | RobustPrompt-T Loss 0.1452  
Epoch 124 |  Time(s) 0.0142 | RobustPrompt-T Loss 0.1112  
Epoch 125 |  Time(s) 0.0140 | RobustPrompt-T Loss 0.1110  
Epoch 126 |  Time(s) 0.0147 | RobustPrompt-T Loss 0.0947  
Epoch 127 |  Time(s) 0.0144 | RobustPrompt-T Loss 0.0826  
Epoch 128 |  Time(s) 0.0145 | RobustPrompt-T Loss 0.0898  
Epoch 129 |  Time(s) 0.0142 | RobustPrompt-T Loss 0.0870  
Epoch 130 |  Time(s) 0.0143 | RobustPrompt-T Loss 0.0780  
Epoch 131 |  Time(s) 0.0146 | RobustPrompt-T Loss 0.0837  
Epoch 132 |  Time(s) 0.0144 | RobustPrompt-T Loss 0.0689  
Epoch 133 |  Time(s) 0.0146 | RobustPrompt-T Loss 0.0763  
Epoch 134 |  Time(s) 0.0139 | RobustPrompt-T Loss 0.0692  
Epoch 135 |  Time(s) 0.0140 | RobustPrompt-T Loss 0.0727  
Epoch 136 |  Time(s) 0.0141 | RobustPrompt-T Loss 0.0697  
Epoch 137 |  Time(s) 0.0141 | RobustPrompt-T Loss 0.0640  
Epoch 138 |  Time(s) 0.0140 | RobustPrompt-T Loss 0.0690  
Epoch 139 |  Time(s) 0.0139 | RobustPrompt-T Loss 0.0682  
Epoch 140 |  Time(s) 0.0143 | RobustPrompt-T Loss 0.0709  
Epoch 141 |  Time(s) 0.0147 | RobustPrompt-T Loss 0.0670  
Epoch 142 |  Time(s) 0.0143 | RobustPrompt-T Loss 0.0692  
Epoch 143 |  Time(s) 0.0143 | RobustPrompt-T Loss 0.0664  
Epoch 144 |  Time(s) 0.0139 | RobustPrompt-T Loss 0.0778  
Epoch 145 |  Time(s) 0.0144 | RobustPrompt-T Loss 0.0720  
Epoch 146 |  Time(s) 0.0144 | RobustPrompt-T Loss 0.0842  
Epoch 147 |  Time(s) 0.0146 | RobustPrompt-T Loss 0.0756  
Epoch 148 |  Time(s) 0.0141 | RobustPrompt-T Loss 0.0758  
Epoch 149 |  Time(s) 0.0140 | RobustPrompt-T Loss 0.0648  
Epoch 150 |  Time(s) 0.0141 | RobustPrompt-T Loss 0.0690  
Epoch 151 |  Time(s) 0.0138 | RobustPrompt-T Loss 0.0728  
Epoch 152 |  Time(s) 0.0141 | RobustPrompt-T Loss 0.0580  
Epoch 153 |  Time(s) 0.0142 | RobustPrompt-T Loss 0.0612  
Epoch 154 |  Time(s) 0.0145 | RobustPrompt-T Loss 0.0583  
Epoch 155 |  Time(s) 0.0145 | RobustPrompt-T Loss 0.0576  
Epoch 156 |  Time(s) 0.0145 | RobustPrompt-T Loss 0.0579  
Epoch 157 |  Time(s) 0.0142 | RobustPrompt-T Loss 0.0548  
Epoch 158 |  Time(s) 0.0144 | RobustPrompt-T Loss 0.0609  
Epoch 159 |  Time(s) 0.0145 | RobustPrompt-T Loss 0.0541  
Epoch 160 |  Time(s) 0.0144 | RobustPrompt-T Loss 0.0606  
Epoch 161 |  Time(s) 0.0146 | RobustPrompt-T Loss 0.0747  
Epoch 162 |  Time(s) 0.0143 | RobustPrompt-T Loss 0.0640  
Epoch 163 |  Time(s) 0.0142 | RobustPrompt-T Loss 0.0585  
Epoch 164 |  Time(s) 0.0149 | RobustPrompt-T Loss 0.0620  
Epoch 165 |  Time(s) 0.0136 | RobustPrompt-T Loss 0.0596  
Epoch 166 |  Time(s) 0.0136 | RobustPrompt-T Loss 0.0521  
Epoch 167 |  Time(s) 0.0133 | RobustPrompt-T Loss 0.0611  
Epoch 168 |  Time(s) 0.0137 | RobustPrompt-T Loss 0.0623  
Epoch 169 |  Time(s) 0.0131 | RobustPrompt-T Loss 0.0525  
Epoch 170 |  Time(s) 0.0125 | RobustPrompt-T Loss 0.0600  
Epoch 171 |  Time(s) 0.0138 | RobustPrompt-T Loss 0.0625  
Epoch 172 |  Time(s) 0.0135 | RobustPrompt-T Loss 0.0532  
Epoch 173 |  Time(s) 0.0135 | RobustPrompt-T Loss 0.0618  
Epoch 174 |  Time(s) 0.0137 | RobustPrompt-T Loss 0.0594  
Epoch 175 |  Time(s) 0.0138 | RobustPrompt-T Loss 0.0507  
Epoch 176 |  Time(s) 0.0136 | RobustPrompt-T Loss 0.0578  
Epoch 177 |  Time(s) 0.0130 | RobustPrompt-T Loss 0.0512  
Epoch 178 |  Time(s) 0.0135 | RobustPrompt-T Loss 0.0510  
Epoch 179 |  Time(s) 0.0136 | RobustPrompt-T Loss 0.0522  
Epoch 180 |  Time(s) 0.0134 | RobustPrompt-T Loss 0.0500  
Epoch 181 |  Time(s) 0.0136 | RobustPrompt-T Loss 0.0539  
Epoch 182 |  Time(s) 0.0140 | RobustPrompt-T Loss 0.0493  
Epoch 183 |  Time(s) 0.0130 | RobustPrompt-T Loss 0.0508  
Epoch 184 |  Time(s) 0.0132 | RobustPrompt-T Loss 0.0498  
Epoch 185 |  Time(s) 0.0135 | RobustPrompt-T Loss 0.0487  
Epoch 186 |  Time(s) 0.0138 | RobustPrompt-T Loss 0.0501  
Epoch 187 |  Time(s) 0.0138 | RobustPrompt-T Loss 0.0473  
Epoch 188 |  Time(s) 0.0140 | RobustPrompt-T Loss 0.0523  
Epoch 189 |  Time(s) 0.0130 | RobustPrompt-T Loss 0.0560  
Epoch 190 |  Time(s) 0.0125 | RobustPrompt-T Loss 0.0508  
Epoch 191 |  Time(s) 0.0124 | RobustPrompt-T Loss 0.0483  
Epoch 192 |  Time(s) 0.0128 | RobustPrompt-T Loss 0.0495  
Epoch 193 |  Time(s) 0.0146 | RobustPrompt-T Loss 0.0489  
Epoch 194 |  Time(s) 0.0132 | RobustPrompt-T Loss 0.0482  
Epoch 195 |  Time(s) 0.0139 | RobustPrompt-T Loss 0.0478  
Epoch 196 |  Time(s) 0.0130 | RobustPrompt-T Loss 0.0473  
Epoch 197 |  Time(s) 0.0138 | RobustPrompt-T Loss 0.0502  
Epoch 198 |  Time(s) 0.0131 | RobustPrompt-T Loss 0.0543  
Epoch 199 |  Time(s) 0.0144 | RobustPrompt-T Loss 0.0522  
Epoch 200 |  Time(s) 0.0129 | RobustPrompt-T Loss 0.0491  
Final True Accuracy: 0.2438 | Macro F1 Score: 0.2680
best_loss [tensor(0.0491, device='cuda:0', grad_fn=<AddBackward0>)]
{1: {1: 0.23172757029533386}, 2: {1: 0.2342192679643631}, 3: {1: 0.2607973515987396}, 4: {1: 0.2279900312423706}, 5: {1: 0.2437707632780075}}
{1: {1: 0.23172757029533386, 2: 0.2342192679643631, 3: 0.2607973515987396, 4: 0.2279900312423706, 5: 0.2437707632780075}}
########################################################################################
seed: 1 | split 1 : 0.23172757029533386
# Seed 1 Muti Split Final Acc: 0.2317±0.0000
seed: 2 | split 1 : 0.2342192679643631
# Seed 2 Muti Split Final Acc: 0.2342±0.0000
seed: 3 | split 1 : 0.2607973515987396
# Seed 3 Muti Split Final Acc: 0.2608±0.0000
seed: 4 | split 1 : 0.2279900312423706
# Seed 4 Muti Split Final Acc: 0.2280±0.0000
seed: 5 | split 1 : 0.2437707632780075
# Seed 5 Muti Split Final Acc: 0.2438±0.0000
########################################################################################
split: 1 | seed 1 : 0.23172757029533386
split: 1 | seed 2 : 0.2342192679643631
split: 1 | seed 3 : 0.2607973515987396
split: 1 | seed 4 : 0.2279900312423706
split: 1 | seed 5 : 0.2437707632780075
# Split 1 Muti Seed Acc without min value: 0.2426±0.0114
########################################################################################
