load LLC or attacked data with specified split
Successfully loaded the attack of dataname with few shot 5, split 1
Attack method : Meta_Self | Attack ptb : 0.0 | Dataset: Cora
======================
Number of graphs: 1
Number of features: 1433
Number of classes: 7

Data(x=[2708, 1433], edge_index=[2, 13264], y=[2708], train_mask=[2708], val_mask=[2708], test_mask=[2708])
===========================================================================================================
Number of nodes: 2708
Number of edges: 13264
Average node degree: 4.90
Has isolated nodes: False
Has self-loops: True
Is undirected: True
GCN(
  (conv_layers): ModuleList(
    (0): GCNConv(1433, 256)
    (1): GCNConv(256, 256)
  )
)
Successfully loaded pre-trained weights!
use RobustPrompt Tranductive
defense pt dict :  {'sim_pt': 0.3, 'degree_pt': 1, 'out_detect_pt': 0.5, 'other_pt': 'all'}
use_attention :  False
cosine_constraint :  True
pt_threshold :  0.5
filter_module :  OriginalFilter
temperature :  1.0
weight_mse 0.1
weight_kl :  0.3
weight_constraint :  0.2
run RobustPrompt-T
Epoch 001 |  Time(s) 0.2620 | RobustPrompt-T Loss 1.9456  
Epoch 002 |  Time(s) 0.0134 | RobustPrompt-T Loss 1.9323  
Epoch 003 |  Time(s) 0.0130 | RobustPrompt-T Loss 1.9306  
Epoch 004 |  Time(s) 0.0129 | RobustPrompt-T Loss 1.9111  
Epoch 005 |  Time(s) 0.0129 | RobustPrompt-T Loss 1.9082  
Epoch 006 |  Time(s) 0.0130 | RobustPrompt-T Loss 1.8903  
Epoch 007 |  Time(s) 0.0127 | RobustPrompt-T Loss 1.8786  
Epoch 008 |  Time(s) 0.0130 | RobustPrompt-T Loss 1.8547  
Epoch 009 |  Time(s) 0.0133 | RobustPrompt-T Loss 1.8167  
Epoch 010 |  Time(s) 0.0136 | RobustPrompt-T Loss 1.8451  
Epoch 011 |  Time(s) 0.0135 | RobustPrompt-T Loss 1.8222  
Epoch 012 |  Time(s) 0.0136 | RobustPrompt-T Loss 1.7964  
Epoch 013 |  Time(s) 0.0134 | RobustPrompt-T Loss 1.8007  
Epoch 014 |  Time(s) 0.0141 | RobustPrompt-T Loss 1.7753  
Epoch 015 |  Time(s) 0.0130 | RobustPrompt-T Loss 1.7707  
Epoch 016 |  Time(s) 0.0130 | RobustPrompt-T Loss 1.7550  
Epoch 017 |  Time(s) 0.0135 | RobustPrompt-T Loss 1.7493  
Epoch 018 |  Time(s) 0.0140 | RobustPrompt-T Loss 1.7146  
Epoch 019 |  Time(s) 0.0135 | RobustPrompt-T Loss 1.7067  
Epoch 020 |  Time(s) 0.0136 | RobustPrompt-T Loss 1.6702  
Epoch 021 |  Time(s) 0.0134 | RobustPrompt-T Loss 1.6529  
Epoch 022 |  Time(s) 0.0131 | RobustPrompt-T Loss 1.6116  
Epoch 023 |  Time(s) 0.0134 | RobustPrompt-T Loss 1.5571  
Epoch 024 |  Time(s) 0.0131 | RobustPrompt-T Loss 1.5269  
Epoch 025 |  Time(s) 0.0133 | RobustPrompt-T Loss 1.4474  
Epoch 026 |  Time(s) 0.0128 | RobustPrompt-T Loss 1.4248  
Epoch 027 |  Time(s) 0.0130 | RobustPrompt-T Loss 1.3473  
Epoch 028 |  Time(s) 0.0131 | RobustPrompt-T Loss 1.2950  
Epoch 029 |  Time(s) 0.0134 | RobustPrompt-T Loss 1.3112  
Epoch 030 |  Time(s) 0.0137 | RobustPrompt-T Loss 1.2527  
Epoch 031 |  Time(s) 0.0137 | RobustPrompt-T Loss 1.1012  
Epoch 032 |  Time(s) 0.0134 | RobustPrompt-T Loss 1.1609  
Epoch 033 |  Time(s) 0.0136 | RobustPrompt-T Loss 0.9725  
Epoch 034 |  Time(s) 0.0137 | RobustPrompt-T Loss 0.9602  
Epoch 035 |  Time(s) 0.0135 | RobustPrompt-T Loss 0.9283  
Epoch 036 |  Time(s) 0.0133 | RobustPrompt-T Loss 0.8121  
Epoch 037 |  Time(s) 0.0134 | RobustPrompt-T Loss 0.8039  
Epoch 038 |  Time(s) 0.0134 | RobustPrompt-T Loss 0.7046  
Epoch 039 |  Time(s) 0.0135 | RobustPrompt-T Loss 0.7014  
Epoch 040 |  Time(s) 0.0135 | RobustPrompt-T Loss 0.6059  
Epoch 041 |  Time(s) 0.0137 | RobustPrompt-T Loss 0.5920  
Epoch 042 |  Time(s) 0.0135 | RobustPrompt-T Loss 0.5220  
Epoch 043 |  Time(s) 0.0135 | RobustPrompt-T Loss 0.5170  
Epoch 044 |  Time(s) 0.0136 | RobustPrompt-T Loss 0.4453  
Epoch 045 |  Time(s) 0.0138 | RobustPrompt-T Loss 0.4359  
Epoch 046 |  Time(s) 0.0135 | RobustPrompt-T Loss 0.3820  
Epoch 047 |  Time(s) 0.0139 | RobustPrompt-T Loss 0.3773  
Epoch 048 |  Time(s) 0.0135 | RobustPrompt-T Loss 0.3323  
Epoch 049 |  Time(s) 0.0136 | RobustPrompt-T Loss 0.3135  
Epoch 050 |  Time(s) 0.0132 | RobustPrompt-T Loss 0.2909  
Epoch 051 |  Time(s) 0.0135 | RobustPrompt-T Loss 0.2675  
Epoch 052 |  Time(s) 0.0135 | RobustPrompt-T Loss 0.2559  
Epoch 053 |  Time(s) 0.0136 | RobustPrompt-T Loss 0.2314  
Epoch 054 |  Time(s) 0.0137 | RobustPrompt-T Loss 0.2168  
Epoch 055 |  Time(s) 0.0135 | RobustPrompt-T Loss 0.2017  
Epoch 056 |  Time(s) 0.0130 | RobustPrompt-T Loss 0.1849  
Epoch 057 |  Time(s) 0.0137 | RobustPrompt-T Loss 0.1766  
Epoch 058 |  Time(s) 0.0132 | RobustPrompt-T Loss 0.1605  
Epoch 059 |  Time(s) 0.0134 | RobustPrompt-T Loss 0.1482  
Epoch 060 |  Time(s) 0.0136 | RobustPrompt-T Loss 0.1390  
Epoch 061 |  Time(s) 0.0136 | RobustPrompt-T Loss 0.1279  
Epoch 062 |  Time(s) 0.0133 | RobustPrompt-T Loss 0.1213  
Epoch 063 |  Time(s) 0.0139 | RobustPrompt-T Loss 0.1148  
Epoch 064 |  Time(s) 0.0138 | RobustPrompt-T Loss 0.1040  
Epoch 065 |  Time(s) 0.0134 | RobustPrompt-T Loss 0.0997  
Epoch 066 |  Time(s) 0.0130 | RobustPrompt-T Loss 0.0944  
Epoch 067 |  Time(s) 0.0137 | RobustPrompt-T Loss 0.0886  
Epoch 068 |  Time(s) 0.0137 | RobustPrompt-T Loss 0.0858  
Epoch 069 |  Time(s) 0.0136 | RobustPrompt-T Loss 0.0824  
Epoch 070 |  Time(s) 0.0138 | RobustPrompt-T Loss 0.0783  
Epoch 071 |  Time(s) 0.0137 | RobustPrompt-T Loss 0.0764  
Epoch 072 |  Time(s) 0.0135 | RobustPrompt-T Loss 0.0736  
Epoch 073 |  Time(s) 0.0130 | RobustPrompt-T Loss 0.0713  
Epoch 074 |  Time(s) 0.0138 | RobustPrompt-T Loss 0.0701  
Epoch 075 |  Time(s) 0.0140 | RobustPrompt-T Loss 0.0680  
Epoch 076 |  Time(s) 0.0130 | RobustPrompt-T Loss 0.0667  
Epoch 077 |  Time(s) 0.0132 | RobustPrompt-T Loss 0.0658  
Epoch 078 |  Time(s) 0.0131 | RobustPrompt-T Loss 0.0643  
Epoch 079 |  Time(s) 0.0133 | RobustPrompt-T Loss 0.0635  
Epoch 080 |  Time(s) 0.0132 | RobustPrompt-T Loss 0.0626  
Epoch 081 |  Time(s) 0.0136 | RobustPrompt-T Loss 0.0618  
Epoch 082 |  Time(s) 0.0134 | RobustPrompt-T Loss 0.0612  
Epoch 083 |  Time(s) 0.0134 | RobustPrompt-T Loss 0.0604  
Epoch 084 |  Time(s) 0.0131 | RobustPrompt-T Loss 0.0600  
Epoch 085 |  Time(s) 0.0140 | RobustPrompt-T Loss 0.0593  
Epoch 086 |  Time(s) 0.0139 | RobustPrompt-T Loss 0.0587  
Epoch 087 |  Time(s) 0.0131 | RobustPrompt-T Loss 0.0583  
Epoch 088 |  Time(s) 0.0136 | RobustPrompt-T Loss 0.0576  
Epoch 089 |  Time(s) 0.0135 | RobustPrompt-T Loss 0.0572  
Epoch 090 |  Time(s) 0.0136 | RobustPrompt-T Loss 0.0600  
Epoch 091 |  Time(s) 0.0140 | RobustPrompt-T Loss 0.0593  
Epoch 092 |  Time(s) 0.0133 | RobustPrompt-T Loss 0.0584  
Epoch 093 |  Time(s) 0.0139 | RobustPrompt-T Loss 0.0574  
Epoch 094 |  Time(s) 0.0136 | RobustPrompt-T Loss 0.0566  
Epoch 095 |  Time(s) 0.0141 | RobustPrompt-T Loss 0.0558  
Epoch 096 |  Time(s) 0.0145 | RobustPrompt-T Loss 0.0552  
Epoch 097 |  Time(s) 0.0139 | RobustPrompt-T Loss 0.0546  
Epoch 098 |  Time(s) 0.0140 | RobustPrompt-T Loss 0.0539  
Epoch 099 |  Time(s) 0.0130 | RobustPrompt-T Loss 0.0533  
Epoch 100 |  Time(s) 0.0135 | RobustPrompt-T Loss 0.0528  
Epoch 101 |  Time(s) 0.0134 | RobustPrompt-T Loss 0.0522  
Epoch 102 |  Time(s) 0.0133 | RobustPrompt-T Loss 0.0517  
Epoch 103 |  Time(s) 0.0140 | RobustPrompt-T Loss 0.0513  
Epoch 104 |  Time(s) 0.0140 | RobustPrompt-T Loss 0.0508  
Epoch 105 |  Time(s) 0.0140 | RobustPrompt-T Loss 0.0504  
Epoch 106 |  Time(s) 0.0140 | RobustPrompt-T Loss 0.0501  
Epoch 107 |  Time(s) 0.0130 | RobustPrompt-T Loss 0.0497  
Epoch 108 |  Time(s) 0.0138 | RobustPrompt-T Loss 0.0494  
Epoch 109 |  Time(s) 0.0138 | RobustPrompt-T Loss 0.0491  
Epoch 110 |  Time(s) 0.0134 | RobustPrompt-T Loss 0.0488  
Epoch 111 |  Time(s) 0.0142 | RobustPrompt-T Loss 0.0486  
Epoch 112 |  Time(s) 0.0142 | RobustPrompt-T Loss 0.0483  
Epoch 113 |  Time(s) 0.0135 | RobustPrompt-T Loss 0.0481  
Epoch 114 |  Time(s) 0.0131 | RobustPrompt-T Loss 0.0479  
Epoch 115 |  Time(s) 0.0132 | RobustPrompt-T Loss 0.0477  
Epoch 116 |  Time(s) 0.0139 | RobustPrompt-T Loss 0.0475  
Epoch 117 |  Time(s) 0.0140 | RobustPrompt-T Loss 0.0473  
Epoch 118 |  Time(s) 0.0139 | RobustPrompt-T Loss 0.0471  
Epoch 119 |  Time(s) 0.0144 | RobustPrompt-T Loss 0.0470  
Epoch 120 |  Time(s) 0.0131 | RobustPrompt-T Loss 0.0468  
Epoch 121 |  Time(s) 0.0136 | RobustPrompt-T Loss 0.0469  
Epoch 122 |  Time(s) 0.0138 | RobustPrompt-T Loss 0.0468  
Epoch 123 |  Time(s) 0.0132 | RobustPrompt-T Loss 0.0466  
Epoch 124 |  Time(s) 0.0138 | RobustPrompt-T Loss 0.0464  
Epoch 125 |  Time(s) 0.0133 | RobustPrompt-T Loss 0.0462  
Epoch 126 |  Time(s) 0.0131 | RobustPrompt-T Loss 0.0460  
Epoch 127 |  Time(s) 0.0137 | RobustPrompt-T Loss 0.0458  
Epoch 128 |  Time(s) 0.0140 | RobustPrompt-T Loss 0.0455  
Epoch 129 |  Time(s) 0.0140 | RobustPrompt-T Loss 0.0453  
Epoch 130 |  Time(s) 0.0139 | RobustPrompt-T Loss 0.0451  
Epoch 131 |  Time(s) 0.0140 | RobustPrompt-T Loss 0.0449  
Epoch 132 |  Time(s) 0.0132 | RobustPrompt-T Loss 0.0447  
Epoch 133 |  Time(s) 0.0134 | RobustPrompt-T Loss 0.0445  
Epoch 134 |  Time(s) 0.0132 | RobustPrompt-T Loss 0.0443  
Epoch 135 |  Time(s) 0.0132 | RobustPrompt-T Loss 0.0441  
Epoch 136 |  Time(s) 0.0133 | RobustPrompt-T Loss 0.0439  
Epoch 137 |  Time(s) 0.0138 | RobustPrompt-T Loss 0.0437  
Epoch 138 |  Time(s) 0.0141 | RobustPrompt-T Loss 0.0435  
Epoch 139 |  Time(s) 0.0130 | RobustPrompt-T Loss 0.0433  
Epoch 140 |  Time(s) 0.0136 | RobustPrompt-T Loss 0.0431  
Epoch 141 |  Time(s) 0.0134 | RobustPrompt-T Loss 0.0430  
Epoch 142 |  Time(s) 0.0133 | RobustPrompt-T Loss 0.0428  
Epoch 143 |  Time(s) 0.0136 | RobustPrompt-T Loss 0.0426  
Epoch 144 |  Time(s) 0.0134 | RobustPrompt-T Loss 0.0425  
Epoch 145 |  Time(s) 0.0139 | RobustPrompt-T Loss 0.0425  
Epoch 146 |  Time(s) 0.0134 | RobustPrompt-T Loss 0.0423  
Epoch 147 |  Time(s) 0.0136 | RobustPrompt-T Loss 0.0422  
Epoch 148 |  Time(s) 0.0139 | RobustPrompt-T Loss 0.0420  
Epoch 149 |  Time(s) 0.0131 | RobustPrompt-T Loss 0.0418  
Epoch 150 |  Time(s) 0.0131 | RobustPrompt-T Loss 0.0417  
Epoch 151 |  Time(s) 0.0139 | RobustPrompt-T Loss 0.0415  
Epoch 152 |  Time(s) 0.0141 | RobustPrompt-T Loss 0.0413  
Epoch 153 |  Time(s) 0.0127 | RobustPrompt-T Loss 0.0412  
Epoch 154 |  Time(s) 0.0138 | RobustPrompt-T Loss 0.0410  
Epoch 155 |  Time(s) 0.0142 | RobustPrompt-T Loss 0.0408  
Epoch 156 |  Time(s) 0.0142 | RobustPrompt-T Loss 0.0407  
Epoch 157 |  Time(s) 0.0141 | RobustPrompt-T Loss 0.0406  
Epoch 158 |  Time(s) 0.0137 | RobustPrompt-T Loss 0.0404  
Epoch 159 |  Time(s) 0.0137 | RobustPrompt-T Loss 0.0403  
Epoch 160 |  Time(s) 0.0135 | RobustPrompt-T Loss 0.0401  
Epoch 161 |  Time(s) 0.0138 | RobustPrompt-T Loss 0.0400  
Epoch 162 |  Time(s) 0.0131 | RobustPrompt-T Loss 0.0399  
Epoch 163 |  Time(s) 0.0133 | RobustPrompt-T Loss 0.0397  
Epoch 164 |  Time(s) 0.0137 | RobustPrompt-T Loss 0.0396  
Epoch 165 |  Time(s) 0.0140 | RobustPrompt-T Loss 0.0395  
Epoch 166 |  Time(s) 0.0136 | RobustPrompt-T Loss 0.0394  
Epoch 167 |  Time(s) 0.0134 | RobustPrompt-T Loss 0.0393  
Epoch 168 |  Time(s) 0.0139 | RobustPrompt-T Loss 0.0391  
Epoch 169 |  Time(s) 0.0133 | RobustPrompt-T Loss 0.0390  
Epoch 170 |  Time(s) 0.0138 | RobustPrompt-T Loss 0.0389  
Epoch 171 |  Time(s) 0.0140 | RobustPrompt-T Loss 0.0388  
Epoch 172 |  Time(s) 0.0131 | RobustPrompt-T Loss 0.0387  
Epoch 173 |  Time(s) 0.0139 | RobustPrompt-T Loss 0.0386  
Epoch 174 |  Time(s) 0.0136 | RobustPrompt-T Loss 0.0384  
Epoch 175 |  Time(s) 0.0136 | RobustPrompt-T Loss 0.0383  
Epoch 176 |  Time(s) 0.0136 | RobustPrompt-T Loss 0.0382  
Epoch 177 |  Time(s) 0.0139 | RobustPrompt-T Loss 0.0380  
Epoch 178 |  Time(s) 0.0136 | RobustPrompt-T Loss 0.0379  
Epoch 179 |  Time(s) 0.0137 | RobustPrompt-T Loss 0.0378  
Epoch 180 |  Time(s) 0.0128 | RobustPrompt-T Loss 0.0377  
Epoch 181 |  Time(s) 0.0126 | RobustPrompt-T Loss 0.0376  
Epoch 182 |  Time(s) 0.0129 | RobustPrompt-T Loss 0.0374  
Epoch 183 |  Time(s) 0.0129 | RobustPrompt-T Loss 0.0373  
Epoch 184 |  Time(s) 0.0138 | RobustPrompt-T Loss 0.0372  
Epoch 185 |  Time(s) 0.0134 | RobustPrompt-T Loss 0.0371  
Epoch 186 |  Time(s) 0.0135 | RobustPrompt-T Loss 0.0370  
Epoch 187 |  Time(s) 0.0133 | RobustPrompt-T Loss 0.0369  
Epoch 188 |  Time(s) 0.0137 | RobustPrompt-T Loss 0.0368  
Epoch 189 |  Time(s) 0.0135 | RobustPrompt-T Loss 0.0367  
Epoch 190 |  Time(s) 0.0137 | RobustPrompt-T Loss 0.0365  
Epoch 191 |  Time(s) 0.0138 | RobustPrompt-T Loss 0.0364  
Epoch 192 |  Time(s) 0.0133 | RobustPrompt-T Loss 0.0363  
Epoch 193 |  Time(s) 0.0133 | RobustPrompt-T Loss 0.0362  
Epoch 194 |  Time(s) 0.0136 | RobustPrompt-T Loss 0.0361  
Epoch 195 |  Time(s) 0.0139 | RobustPrompt-T Loss 0.0360  
Epoch 196 |  Time(s) 0.0134 | RobustPrompt-T Loss 0.0359  
Epoch 197 |  Time(s) 0.0136 | RobustPrompt-T Loss 0.0358  
Epoch 198 |  Time(s) 0.0135 | RobustPrompt-T Loss 0.0357  
Epoch 199 |  Time(s) 0.0136 | RobustPrompt-T Loss 0.0356  
Epoch 200 |  Time(s) 0.0135 | RobustPrompt-T Loss 0.0355  
Final True Accuracy: 0.6254 | Macro F1 Score: 0.5947
best_loss [tensor(0.0355, device='cuda:0', grad_fn=<AddBackward0>)]
load LLC or attacked data with specified split
Successfully loaded the attack of dataname with few shot 5, split 1
Attack method : Meta_Self | Attack ptb : 0.0 | Dataset: Cora
======================
Number of graphs: 1
Number of features: 1433
Number of classes: 7

Data(x=[2708, 1433], edge_index=[2, 13264], y=[2708], train_mask=[2708], val_mask=[2708], test_mask=[2708])
===========================================================================================================
Number of nodes: 2708
Number of edges: 13264
Average node degree: 4.90
Has isolated nodes: False
Has self-loops: True
Is undirected: True
GCN(
  (conv_layers): ModuleList(
    (0): GCNConv(1433, 256)
    (1): GCNConv(256, 256)
  )
)
Successfully loaded pre-trained weights!
use RobustPrompt Tranductive
defense pt dict :  {'sim_pt': 0.3, 'degree_pt': 1, 'out_detect_pt': 0.5, 'other_pt': 'all'}
use_attention :  False
cosine_constraint :  True
pt_threshold :  0.5
filter_module :  OriginalFilter
temperature :  1.0
weight_mse 0.1
weight_kl :  0.3
weight_constraint :  0.2
run RobustPrompt-T
Epoch 001 |  Time(s) 0.0133 | RobustPrompt-T Loss 1.9476  
Epoch 002 |  Time(s) 0.0129 | RobustPrompt-T Loss 1.9414  
Epoch 003 |  Time(s) 0.0139 | RobustPrompt-T Loss 1.9314  
Epoch 004 |  Time(s) 0.0140 | RobustPrompt-T Loss 1.9258  
Epoch 005 |  Time(s) 0.0135 | RobustPrompt-T Loss 1.9158  
Epoch 006 |  Time(s) 0.0129 | RobustPrompt-T Loss 1.9025  
Epoch 007 |  Time(s) 0.0134 | RobustPrompt-T Loss 1.8832  
Epoch 008 |  Time(s) 0.0135 | RobustPrompt-T Loss 1.8876  
Epoch 009 |  Time(s) 0.0138 | RobustPrompt-T Loss 1.8928  
Epoch 010 |  Time(s) 0.0132 | RobustPrompt-T Loss 1.8424  
Epoch 011 |  Time(s) 0.0138 | RobustPrompt-T Loss 1.8714  
Epoch 012 |  Time(s) 0.0140 | RobustPrompt-T Loss 1.8210  
Epoch 013 |  Time(s) 0.0135 | RobustPrompt-T Loss 1.8278  
Epoch 014 |  Time(s) 0.0136 | RobustPrompt-T Loss 1.8003  
Epoch 015 |  Time(s) 0.0137 | RobustPrompt-T Loss 1.7943  
Epoch 016 |  Time(s) 0.0135 | RobustPrompt-T Loss 1.7593  
Epoch 017 |  Time(s) 0.0126 | RobustPrompt-T Loss 1.7687  
Epoch 018 |  Time(s) 0.0130 | RobustPrompt-T Loss 1.7432  
Epoch 019 |  Time(s) 0.0132 | RobustPrompt-T Loss 1.7064  
Epoch 020 |  Time(s) 0.0132 | RobustPrompt-T Loss 1.7188  
Epoch 021 |  Time(s) 0.0135 | RobustPrompt-T Loss 1.6522  
Epoch 022 |  Time(s) 0.0140 | RobustPrompt-T Loss 1.6704  
Epoch 023 |  Time(s) 0.0137 | RobustPrompt-T Loss 1.6282  
Epoch 024 |  Time(s) 0.0136 | RobustPrompt-T Loss 1.6083  
Epoch 025 |  Time(s) 0.0139 | RobustPrompt-T Loss 1.5713  
Epoch 026 |  Time(s) 0.0135 | RobustPrompt-T Loss 1.5296  
Epoch 027 |  Time(s) 0.0140 | RobustPrompt-T Loss 1.5001  
Epoch 028 |  Time(s) 0.0139 | RobustPrompt-T Loss 1.4925  
Epoch 029 |  Time(s) 0.0131 | RobustPrompt-T Loss 1.4314  
Epoch 030 |  Time(s) 0.0138 | RobustPrompt-T Loss 1.3277  
Epoch 031 |  Time(s) 0.0131 | RobustPrompt-T Loss 1.2964  
Epoch 032 |  Time(s) 0.0138 | RobustPrompt-T Loss 1.2798  
Epoch 033 |  Time(s) 0.0138 | RobustPrompt-T Loss 1.1636  
Epoch 034 |  Time(s) 0.0139 | RobustPrompt-T Loss 1.1568  
Epoch 035 |  Time(s) 0.0140 | RobustPrompt-T Loss 1.0957  
Epoch 036 |  Time(s) 0.0140 | RobustPrompt-T Loss 1.0045  
Epoch 037 |  Time(s) 0.0141 | RobustPrompt-T Loss 1.0204  
Epoch 038 |  Time(s) 0.0140 | RobustPrompt-T Loss 0.9130  
Epoch 039 |  Time(s) 0.0138 | RobustPrompt-T Loss 0.8973  
Epoch 040 |  Time(s) 0.0135 | RobustPrompt-T Loss 0.8405  
Epoch 041 |  Time(s) 0.0131 | RobustPrompt-T Loss 0.8015  
Epoch 042 |  Time(s) 0.0139 | RobustPrompt-T Loss 0.7458  
Epoch 043 |  Time(s) 0.0139 | RobustPrompt-T Loss 0.7008  
Epoch 044 |  Time(s) 0.0136 | RobustPrompt-T Loss 0.6614  
Epoch 045 |  Time(s) 0.0135 | RobustPrompt-T Loss 0.6216  
Epoch 046 |  Time(s) 0.0139 | RobustPrompt-T Loss 0.5659  
Epoch 047 |  Time(s) 0.0142 | RobustPrompt-T Loss 0.5343  
Epoch 048 |  Time(s) 0.0138 | RobustPrompt-T Loss 0.4889  
Epoch 049 |  Time(s) 0.0141 | RobustPrompt-T Loss 0.4619  
Epoch 050 |  Time(s) 0.0139 | RobustPrompt-T Loss 0.4132  
Epoch 051 |  Time(s) 0.0147 | RobustPrompt-T Loss 0.3834  
Epoch 052 |  Time(s) 0.0141 | RobustPrompt-T Loss 0.3442  
Epoch 053 |  Time(s) 0.0133 | RobustPrompt-T Loss 0.3195  
Epoch 054 |  Time(s) 0.0140 | RobustPrompt-T Loss 0.2919  
Epoch 055 |  Time(s) 0.0136 | RobustPrompt-T Loss 0.2613  
Epoch 056 |  Time(s) 0.0134 | RobustPrompt-T Loss 0.2369  
Epoch 057 |  Time(s) 0.0128 | RobustPrompt-T Loss 0.2146  
Epoch 058 |  Time(s) 0.0141 | RobustPrompt-T Loss 0.1939  
Epoch 059 |  Time(s) 0.0140 | RobustPrompt-T Loss 0.1801  
Epoch 060 |  Time(s) 0.0131 | RobustPrompt-T Loss 0.1600  
Epoch 061 |  Time(s) 0.0141 | RobustPrompt-T Loss 0.1449  
Epoch 062 |  Time(s) 0.0139 | RobustPrompt-T Loss 0.1329  
Epoch 063 |  Time(s) 0.0140 | RobustPrompt-T Loss 0.1213  
Epoch 064 |  Time(s) 0.0140 | RobustPrompt-T Loss 0.1119  
Epoch 065 |  Time(s) 0.0138 | RobustPrompt-T Loss 0.1052  
Epoch 066 |  Time(s) 0.0136 | RobustPrompt-T Loss 0.0951  
Epoch 067 |  Time(s) 0.0130 | RobustPrompt-T Loss 0.0887  
Epoch 068 |  Time(s) 0.0135 | RobustPrompt-T Loss 0.0831  
Epoch 069 |  Time(s) 0.0137 | RobustPrompt-T Loss 0.0777  
Epoch 070 |  Time(s) 0.0139 | RobustPrompt-T Loss 0.0741  
Epoch 071 |  Time(s) 0.0140 | RobustPrompt-T Loss 0.0707  
Epoch 072 |  Time(s) 0.0135 | RobustPrompt-T Loss 0.0673  
Epoch 073 |  Time(s) 0.0139 | RobustPrompt-T Loss 0.0639  
Epoch 074 |  Time(s) 0.0139 | RobustPrompt-T Loss 0.0617  
Epoch 075 |  Time(s) 0.0133 | RobustPrompt-T Loss 0.0597  
Epoch 076 |  Time(s) 0.0137 | RobustPrompt-T Loss 0.0576  
Epoch 077 |  Time(s) 0.0139 | RobustPrompt-T Loss 0.0565  
Epoch 078 |  Time(s) 0.0133 | RobustPrompt-T Loss 0.0553  
Epoch 079 |  Time(s) 0.0137 | RobustPrompt-T Loss 0.0540  
Epoch 080 |  Time(s) 0.0142 | RobustPrompt-T Loss 0.0529  
Epoch 081 |  Time(s) 0.0140 | RobustPrompt-T Loss 0.0524  
Epoch 082 |  Time(s) 0.0132 | RobustPrompt-T Loss 0.0519  
Epoch 083 |  Time(s) 0.0135 | RobustPrompt-T Loss 0.0514  
Epoch 084 |  Time(s) 0.0130 | RobustPrompt-T Loss 0.0510  
Epoch 085 |  Time(s) 0.0135 | RobustPrompt-T Loss 0.0504  
Epoch 086 |  Time(s) 0.0137 | RobustPrompt-T Loss 0.0499  
Epoch 087 |  Time(s) 0.0132 | RobustPrompt-T Loss 0.0497  
Epoch 088 |  Time(s) 0.0136 | RobustPrompt-T Loss 0.0493  
Epoch 089 |  Time(s) 0.0135 | RobustPrompt-T Loss 0.0488  
Epoch 090 |  Time(s) 0.0137 | RobustPrompt-T Loss 0.0486  
Epoch 091 |  Time(s) 0.0133 | RobustPrompt-T Loss 0.0481  
Epoch 092 |  Time(s) 0.0139 | RobustPrompt-T Loss 0.0477  
Epoch 093 |  Time(s) 0.0139 | RobustPrompt-T Loss 0.0474  
Epoch 094 |  Time(s) 0.0139 | RobustPrompt-T Loss 0.0469  
Epoch 095 |  Time(s) 0.0139 | RobustPrompt-T Loss 0.0465  
Epoch 096 |  Time(s) 0.0140 | RobustPrompt-T Loss 0.0462  
Epoch 097 |  Time(s) 0.0141 | RobustPrompt-T Loss 0.0457  
Epoch 098 |  Time(s) 0.0140 | RobustPrompt-T Loss 0.0453  
Epoch 099 |  Time(s) 0.0138 | RobustPrompt-T Loss 0.0449  
Epoch 100 |  Time(s) 0.0135 | RobustPrompt-T Loss 0.0445  
Epoch 101 |  Time(s) 0.0136 | RobustPrompt-T Loss 0.0441  
Epoch 102 |  Time(s) 0.0139 | RobustPrompt-T Loss 0.0437  
Epoch 103 |  Time(s) 0.0135 | RobustPrompt-T Loss 0.0433  
Epoch 104 |  Time(s) 0.0135 | RobustPrompt-T Loss 0.0431  
Epoch 105 |  Time(s) 0.0141 | RobustPrompt-T Loss 0.0427  
Epoch 106 |  Time(s) 0.0139 | RobustPrompt-T Loss 0.0424  
Epoch 107 |  Time(s) 0.0135 | RobustPrompt-T Loss 0.0420  
Epoch 108 |  Time(s) 0.0136 | RobustPrompt-T Loss 0.0417  
Epoch 109 |  Time(s) 0.0140 | RobustPrompt-T Loss 0.0414  
Epoch 110 |  Time(s) 0.0141 | RobustPrompt-T Loss 0.0411  
Epoch 111 |  Time(s) 0.0139 | RobustPrompt-T Loss 0.0409  
Epoch 112 |  Time(s) 0.0133 | RobustPrompt-T Loss 0.0406  
Epoch 113 |  Time(s) 0.0136 | RobustPrompt-T Loss 0.0404  
Epoch 114 |  Time(s) 0.0140 | RobustPrompt-T Loss 0.0401  
Epoch 115 |  Time(s) 0.0139 | RobustPrompt-T Loss 0.0399  
Epoch 116 |  Time(s) 0.0135 | RobustPrompt-T Loss 0.0397  
Epoch 117 |  Time(s) 0.0139 | RobustPrompt-T Loss 0.0394  
Epoch 118 |  Time(s) 0.0141 | RobustPrompt-T Loss 0.0394  
Epoch 119 |  Time(s) 0.0138 | RobustPrompt-T Loss 0.0392  
Epoch 120 |  Time(s) 0.0134 | RobustPrompt-T Loss 0.0389  
Epoch 121 |  Time(s) 0.0136 | RobustPrompt-T Loss 0.0387  
Epoch 122 |  Time(s) 0.0133 | RobustPrompt-T Loss 0.0385  
Epoch 123 |  Time(s) 0.0139 | RobustPrompt-T Loss 0.0383  
Epoch 124 |  Time(s) 0.0141 | RobustPrompt-T Loss 0.0381  
Epoch 125 |  Time(s) 0.0140 | RobustPrompt-T Loss 0.0380  
Epoch 126 |  Time(s) 0.0131 | RobustPrompt-T Loss 0.0378  
Epoch 127 |  Time(s) 0.0130 | RobustPrompt-T Loss 0.0376  
Epoch 128 |  Time(s) 0.0136 | RobustPrompt-T Loss 0.0374  
Epoch 129 |  Time(s) 0.0139 | RobustPrompt-T Loss 0.0372  
Epoch 130 |  Time(s) 0.0141 | RobustPrompt-T Loss 0.0371  
Epoch 131 |  Time(s) 0.0133 | RobustPrompt-T Loss 0.0369  
Epoch 132 |  Time(s) 0.0138 | RobustPrompt-T Loss 0.0367  
Epoch 133 |  Time(s) 0.0139 | RobustPrompt-T Loss 0.0366  
Epoch 134 |  Time(s) 0.0139 | RobustPrompt-T Loss 0.0364  
Epoch 135 |  Time(s) 0.0133 | RobustPrompt-T Loss 0.0363  
Epoch 136 |  Time(s) 0.0137 | RobustPrompt-T Loss 0.0361  
Epoch 137 |  Time(s) 0.0135 | RobustPrompt-T Loss 0.0360  
Epoch 138 |  Time(s) 0.0136 | RobustPrompt-T Loss 0.0358  
Epoch 139 |  Time(s) 0.0136 | RobustPrompt-T Loss 0.0357  
Epoch 140 |  Time(s) 0.0138 | RobustPrompt-T Loss 0.0355  
Epoch 141 |  Time(s) 0.0136 | RobustPrompt-T Loss 0.0354  
Epoch 142 |  Time(s) 0.0135 | RobustPrompt-T Loss 0.0353  
Epoch 143 |  Time(s) 0.0135 | RobustPrompt-T Loss 0.0351  
Epoch 144 |  Time(s) 0.0140 | RobustPrompt-T Loss 0.0350  
Epoch 145 |  Time(s) 0.0141 | RobustPrompt-T Loss 0.0349  
Epoch 146 |  Time(s) 0.0140 | RobustPrompt-T Loss 0.0348  
Epoch 147 |  Time(s) 0.0140 | RobustPrompt-T Loss 0.0347  
Epoch 148 |  Time(s) 0.0134 | RobustPrompt-T Loss 0.0346  
Epoch 149 |  Time(s) 0.0137 | RobustPrompt-T Loss 0.0344  
Epoch 150 |  Time(s) 0.0134 | RobustPrompt-T Loss 0.0343  
Epoch 151 |  Time(s) 0.0136 | RobustPrompt-T Loss 0.0342  
Epoch 152 |  Time(s) 0.0133 | RobustPrompt-T Loss 0.0341  
Epoch 153 |  Time(s) 0.0138 | RobustPrompt-T Loss 0.0340  
Epoch 154 |  Time(s) 0.0141 | RobustPrompt-T Loss 0.0338  
Epoch 155 |  Time(s) 0.0127 | RobustPrompt-T Loss 0.0337  
Epoch 156 |  Time(s) 0.0129 | RobustPrompt-T Loss 0.0336  
Epoch 157 |  Time(s) 0.0130 | RobustPrompt-T Loss 0.0336  
Epoch 158 |  Time(s) 0.0134 | RobustPrompt-T Loss 0.0335  
Epoch 159 |  Time(s) 0.0136 | RobustPrompt-T Loss 0.0333  
Epoch 160 |  Time(s) 0.0135 | RobustPrompt-T Loss 0.0332  
Epoch 161 |  Time(s) 0.0136 | RobustPrompt-T Loss 0.0331  
Epoch 162 |  Time(s) 0.0138 | RobustPrompt-T Loss 0.0330  
Epoch 163 |  Time(s) 0.0135 | RobustPrompt-T Loss 0.0329  
Epoch 164 |  Time(s) 0.0132 | RobustPrompt-T Loss 0.0327  
Epoch 165 |  Time(s) 0.0131 | RobustPrompt-T Loss 0.0326  
Epoch 166 |  Time(s) 0.0136 | RobustPrompt-T Loss 0.0325  
Epoch 167 |  Time(s) 0.0132 | RobustPrompt-T Loss 0.0324  
Epoch 168 |  Time(s) 0.0132 | RobustPrompt-T Loss 0.0323  
Epoch 169 |  Time(s) 0.0132 | RobustPrompt-T Loss 0.0322  
Epoch 170 |  Time(s) 0.0135 | RobustPrompt-T Loss 0.0321  
Epoch 171 |  Time(s) 0.0136 | RobustPrompt-T Loss 0.0320  
Epoch 172 |  Time(s) 0.0134 | RobustPrompt-T Loss 0.0319  
Epoch 173 |  Time(s) 0.0131 | RobustPrompt-T Loss 0.0316  
Epoch 174 |  Time(s) 0.0135 | RobustPrompt-T Loss 0.0317  
Epoch 175 |  Time(s) 0.0131 | RobustPrompt-T Loss 0.0314  
Epoch 176 |  Time(s) 0.0136 | RobustPrompt-T Loss 0.0313  
Epoch 177 |  Time(s) 0.0134 | RobustPrompt-T Loss 0.0312  
Epoch 178 |  Time(s) 0.0135 | RobustPrompt-T Loss 0.0311  
Epoch 179 |  Time(s) 0.0133 | RobustPrompt-T Loss 0.0311  
Epoch 180 |  Time(s) 0.0135 | RobustPrompt-T Loss 0.0310  
Epoch 181 |  Time(s) 0.0134 | RobustPrompt-T Loss 0.0309  
Epoch 182 |  Time(s) 0.0135 | RobustPrompt-T Loss 0.0308  
Epoch 183 |  Time(s) 0.0136 | RobustPrompt-T Loss 0.0307  
Epoch 184 |  Time(s) 0.0135 | RobustPrompt-T Loss 0.0306  
Epoch 185 |  Time(s) 0.0133 | RobustPrompt-T Loss 0.0305  
Epoch 186 |  Time(s) 0.0131 | RobustPrompt-T Loss 0.0304  
Epoch 187 |  Time(s) 0.0138 | RobustPrompt-T Loss 0.0304  
Epoch 188 |  Time(s) 0.0134 | RobustPrompt-T Loss 0.0303  
Epoch 189 |  Time(s) 0.0135 | RobustPrompt-T Loss 0.0299  
Epoch 190 |  Time(s) 0.0130 | RobustPrompt-T Loss 0.0298  
Epoch 191 |  Time(s) 0.0135 | RobustPrompt-T Loss 0.0298  
Epoch 192 |  Time(s) 0.0134 | RobustPrompt-T Loss 0.0297  
Epoch 193 |  Time(s) 0.0135 | RobustPrompt-T Loss 0.0297  
Epoch 194 |  Time(s) 0.0135 | RobustPrompt-T Loss 0.0296  
Epoch 195 |  Time(s) 0.0138 | RobustPrompt-T Loss 0.0296  
Epoch 196 |  Time(s) 0.0138 | RobustPrompt-T Loss 0.0295  
Epoch 197 |  Time(s) 0.0134 | RobustPrompt-T Loss 0.0294  
Epoch 198 |  Time(s) 0.0134 | RobustPrompt-T Loss 0.0293  
Epoch 199 |  Time(s) 0.0139 | RobustPrompt-T Loss 0.0293  
Epoch 200 |  Time(s) 0.0136 | RobustPrompt-T Loss 0.0292  
Final True Accuracy: 0.6881 | Macro F1 Score: 0.6674
best_loss [tensor(0.0292, device='cuda:0', grad_fn=<AddBackward0>)]
load LLC or attacked data with specified split
Successfully loaded the attack of dataname with few shot 5, split 1
Attack method : Meta_Self | Attack ptb : 0.0 | Dataset: Cora
======================
Number of graphs: 1
Number of features: 1433
Number of classes: 7

Data(x=[2708, 1433], edge_index=[2, 13264], y=[2708], train_mask=[2708], val_mask=[2708], test_mask=[2708])
===========================================================================================================
Number of nodes: 2708
Number of edges: 13264
Average node degree: 4.90
Has isolated nodes: False
Has self-loops: True
Is undirected: True
GCN(
  (conv_layers): ModuleList(
    (0): GCNConv(1433, 256)
    (1): GCNConv(256, 256)
  )
)
Successfully loaded pre-trained weights!
use RobustPrompt Tranductive
defense pt dict :  {'sim_pt': 0.3, 'degree_pt': 1, 'out_detect_pt': 0.5, 'other_pt': 'all'}
use_attention :  False
cosine_constraint :  True
pt_threshold :  0.5
filter_module :  OriginalFilter
temperature :  1.0
weight_mse 0.1
weight_kl :  0.3
weight_constraint :  0.2
run RobustPrompt-T
Epoch 001 |  Time(s) 0.0139 | RobustPrompt-T Loss 1.9465  
Epoch 002 |  Time(s) 0.0136 | RobustPrompt-T Loss 1.9376  
Epoch 003 |  Time(s) 0.0132 | RobustPrompt-T Loss 1.9301  
Epoch 004 |  Time(s) 0.0138 | RobustPrompt-T Loss 1.9168  
Epoch 005 |  Time(s) 0.0132 | RobustPrompt-T Loss 1.9094  
Epoch 006 |  Time(s) 0.0137 | RobustPrompt-T Loss 1.9115  
Epoch 007 |  Time(s) 0.0135 | RobustPrompt-T Loss 1.8796  
Epoch 008 |  Time(s) 0.0136 | RobustPrompt-T Loss 1.8938  
Epoch 009 |  Time(s) 0.0132 | RobustPrompt-T Loss 1.8516  
Epoch 010 |  Time(s) 0.0136 | RobustPrompt-T Loss 1.8516  
Epoch 011 |  Time(s) 0.0136 | RobustPrompt-T Loss 1.8218  
Epoch 012 |  Time(s) 0.0133 | RobustPrompt-T Loss 1.8182  
Epoch 013 |  Time(s) 0.0132 | RobustPrompt-T Loss 1.7880  
Epoch 014 |  Time(s) 0.0136 | RobustPrompt-T Loss 1.7724  
Epoch 015 |  Time(s) 0.0137 | RobustPrompt-T Loss 1.7508  
Epoch 016 |  Time(s) 0.0135 | RobustPrompt-T Loss 1.7256  
Epoch 017 |  Time(s) 0.0136 | RobustPrompt-T Loss 1.7109  
Epoch 018 |  Time(s) 0.0137 | RobustPrompt-T Loss 1.6990  
Epoch 019 |  Time(s) 0.0137 | RobustPrompt-T Loss 1.6804  
Epoch 020 |  Time(s) 0.0135 | RobustPrompt-T Loss 1.7436  
Epoch 021 |  Time(s) 0.0132 | RobustPrompt-T Loss 1.6687  
Epoch 022 |  Time(s) 0.0132 | RobustPrompt-T Loss 1.6199  
Epoch 023 |  Time(s) 0.0137 | RobustPrompt-T Loss 1.6438  
Epoch 024 |  Time(s) 0.0137 | RobustPrompt-T Loss 1.5324  
Epoch 025 |  Time(s) 0.0140 | RobustPrompt-T Loss 1.5513  
Epoch 026 |  Time(s) 0.0132 | RobustPrompt-T Loss 1.5061  
Epoch 027 |  Time(s) 0.0133 | RobustPrompt-T Loss 1.4222  
Epoch 028 |  Time(s) 0.0135 | RobustPrompt-T Loss 1.4403  
Epoch 029 |  Time(s) 0.0135 | RobustPrompt-T Loss 1.3665  
Epoch 030 |  Time(s) 0.0132 | RobustPrompt-T Loss 1.2805  
Epoch 031 |  Time(s) 0.0131 | RobustPrompt-T Loss 1.2967  
Epoch 032 |  Time(s) 0.0133 | RobustPrompt-T Loss 1.2109  
Epoch 033 |  Time(s) 0.0132 | RobustPrompt-T Loss 1.1259  
Epoch 034 |  Time(s) 0.0135 | RobustPrompt-T Loss 1.1364  
Epoch 035 |  Time(s) 0.0137 | RobustPrompt-T Loss 1.0378  
Epoch 036 |  Time(s) 0.0135 | RobustPrompt-T Loss 0.9854  
Epoch 037 |  Time(s) 0.0132 | RobustPrompt-T Loss 0.9795  
Epoch 038 |  Time(s) 0.0136 | RobustPrompt-T Loss 0.8896  
Epoch 039 |  Time(s) 0.0135 | RobustPrompt-T Loss 0.8594  
Epoch 040 |  Time(s) 0.0132 | RobustPrompt-T Loss 0.8311  
Epoch 041 |  Time(s) 0.0133 | RobustPrompt-T Loss 0.7689  
Epoch 042 |  Time(s) 0.0132 | RobustPrompt-T Loss 0.7280  
Epoch 043 |  Time(s) 0.0132 | RobustPrompt-T Loss 0.6752  
Epoch 044 |  Time(s) 0.0137 | RobustPrompt-T Loss 0.6432  
Epoch 045 |  Time(s) 0.0137 | RobustPrompt-T Loss 0.5991  
Epoch 046 |  Time(s) 0.0136 | RobustPrompt-T Loss 0.5568  
Epoch 047 |  Time(s) 0.0131 | RobustPrompt-T Loss 0.5095  
Epoch 048 |  Time(s) 0.0137 | RobustPrompt-T Loss 0.4795  
Epoch 049 |  Time(s) 0.0132 | RobustPrompt-T Loss 0.4406  
Epoch 050 |  Time(s) 0.0134 | RobustPrompt-T Loss 0.4005  
Epoch 051 |  Time(s) 0.0134 | RobustPrompt-T Loss 0.3715  
Epoch 052 |  Time(s) 0.0135 | RobustPrompt-T Loss 0.3440  
Epoch 053 |  Time(s) 0.0134 | RobustPrompt-T Loss 0.3076  
Epoch 054 |  Time(s) 0.0136 | RobustPrompt-T Loss 0.2821  
Epoch 055 |  Time(s) 0.0134 | RobustPrompt-T Loss 0.2584  
Epoch 056 |  Time(s) 0.0136 | RobustPrompt-T Loss 0.2320  
Epoch 057 |  Time(s) 0.0132 | RobustPrompt-T Loss 0.2125  
Epoch 058 |  Time(s) 0.0136 | RobustPrompt-T Loss 0.1954  
Epoch 059 |  Time(s) 0.0135 | RobustPrompt-T Loss 0.1751  
Epoch 060 |  Time(s) 0.0133 | RobustPrompt-T Loss 0.1614  
Epoch 061 |  Time(s) 0.0135 | RobustPrompt-T Loss 0.1472  
Epoch 062 |  Time(s) 0.0133 | RobustPrompt-T Loss 0.1365  
Epoch 063 |  Time(s) 0.0137 | RobustPrompt-T Loss 0.1246  
Epoch 064 |  Time(s) 0.0136 | RobustPrompt-T Loss 0.1171  
Epoch 065 |  Time(s) 0.0139 | RobustPrompt-T Loss 0.1094  
Epoch 066 |  Time(s) 0.0134 | RobustPrompt-T Loss 0.1012  
Epoch 067 |  Time(s) 0.0133 | RobustPrompt-T Loss 0.0958  
Epoch 068 |  Time(s) 0.0136 | RobustPrompt-T Loss 0.0905  
Epoch 069 |  Time(s) 0.0132 | RobustPrompt-T Loss 0.0859  
Epoch 070 |  Time(s) 0.0136 | RobustPrompt-T Loss 0.0819  
Epoch 071 |  Time(s) 0.0133 | RobustPrompt-T Loss 0.0787  
Epoch 072 |  Time(s) 0.0136 | RobustPrompt-T Loss 0.0761  
Epoch 073 |  Time(s) 0.0135 | RobustPrompt-T Loss 0.0729  
Epoch 074 |  Time(s) 0.0132 | RobustPrompt-T Loss 0.0705  
Epoch 075 |  Time(s) 0.0132 | RobustPrompt-T Loss 0.0689  
Epoch 076 |  Time(s) 0.0135 | RobustPrompt-T Loss 0.0669  
Epoch 077 |  Time(s) 0.0136 | RobustPrompt-T Loss 0.0656  
Epoch 078 |  Time(s) 0.0138 | RobustPrompt-T Loss 0.0644  
Epoch 079 |  Time(s) 0.0137 | RobustPrompt-T Loss 0.0633  
Epoch 080 |  Time(s) 0.0135 | RobustPrompt-T Loss 0.0622  
Epoch 081 |  Time(s) 0.0131 | RobustPrompt-T Loss 0.0611  
Epoch 082 |  Time(s) 0.0136 | RobustPrompt-T Loss 0.0603  
Epoch 083 |  Time(s) 0.0137 | RobustPrompt-T Loss 0.0597  
Epoch 084 |  Time(s) 0.0132 | RobustPrompt-T Loss 0.0589  
Epoch 085 |  Time(s) 0.0134 | RobustPrompt-T Loss 0.0585  
Epoch 086 |  Time(s) 0.0132 | RobustPrompt-T Loss 0.0578  
Epoch 087 |  Time(s) 0.0136 | RobustPrompt-T Loss 0.0571  
Epoch 088 |  Time(s) 0.0136 | RobustPrompt-T Loss 0.0566  
Epoch 089 |  Time(s) 0.0137 | RobustPrompt-T Loss 0.0560  
Epoch 090 |  Time(s) 0.0131 | RobustPrompt-T Loss 0.0554  
Epoch 091 |  Time(s) 0.0137 | RobustPrompt-T Loss 0.0549  
Epoch 092 |  Time(s) 0.0131 | RobustPrompt-T Loss 0.0544  
Epoch 093 |  Time(s) 0.0131 | RobustPrompt-T Loss 0.0539  
Epoch 094 |  Time(s) 0.0137 | RobustPrompt-T Loss 0.0533  
Epoch 095 |  Time(s) 0.0130 | RobustPrompt-T Loss 0.0528  
Epoch 096 |  Time(s) 0.0133 | RobustPrompt-T Loss 0.0523  
Epoch 097 |  Time(s) 0.0138 | RobustPrompt-T Loss 0.0517  
Epoch 098 |  Time(s) 0.0137 | RobustPrompt-T Loss 0.0512  
Epoch 099 |  Time(s) 0.0135 | RobustPrompt-T Loss 0.0508  
Epoch 100 |  Time(s) 0.0138 | RobustPrompt-T Loss 0.0502  
Epoch 101 |  Time(s) 0.0135 | RobustPrompt-T Loss 0.0497  
Epoch 102 |  Time(s) 0.0133 | RobustPrompt-T Loss 0.0493  
Epoch 103 |  Time(s) 0.0132 | RobustPrompt-T Loss 0.0488  
Epoch 104 |  Time(s) 0.0137 | RobustPrompt-T Loss 0.0484  
Epoch 105 |  Time(s) 0.0138 | RobustPrompt-T Loss 0.0480  
Epoch 106 |  Time(s) 0.0137 | RobustPrompt-T Loss 0.0476  
Epoch 107 |  Time(s) 0.0137 | RobustPrompt-T Loss 0.0472  
Epoch 108 |  Time(s) 0.0131 | RobustPrompt-T Loss 0.0467  
Epoch 109 |  Time(s) 0.0138 | RobustPrompt-T Loss 0.0458  
Epoch 110 |  Time(s) 0.0134 | RobustPrompt-T Loss 0.0461  
Epoch 111 |  Time(s) 0.0134 | RobustPrompt-T Loss 0.0458  
Epoch 112 |  Time(s) 0.0132 | RobustPrompt-T Loss 0.0449  
Epoch 113 |  Time(s) 0.0138 | RobustPrompt-T Loss 0.0453  
Epoch 114 |  Time(s) 0.0139 | RobustPrompt-T Loss 0.0442  
Epoch 115 |  Time(s) 0.0139 | RobustPrompt-T Loss 0.0440  
Epoch 116 |  Time(s) 0.0131 | RobustPrompt-T Loss 0.0439  
Epoch 117 |  Time(s) 0.0135 | RobustPrompt-T Loss 0.0444  
Epoch 118 |  Time(s) 0.0133 | RobustPrompt-T Loss 0.0434  
Epoch 119 |  Time(s) 0.0137 | RobustPrompt-T Loss 0.0431  
Epoch 120 |  Time(s) 0.0132 | RobustPrompt-T Loss 0.0430  
Epoch 121 |  Time(s) 0.0137 | RobustPrompt-T Loss 0.0427  
Epoch 122 |  Time(s) 0.0138 | RobustPrompt-T Loss 0.0425  
Epoch 123 |  Time(s) 0.0139 | RobustPrompt-T Loss 0.0423  
Epoch 124 |  Time(s) 0.0132 | RobustPrompt-T Loss 0.0420  
Epoch 125 |  Time(s) 0.0138 | RobustPrompt-T Loss 0.0419  
Epoch 126 |  Time(s) 0.0131 | RobustPrompt-T Loss 0.0416  
Epoch 127 |  Time(s) 0.0136 | RobustPrompt-T Loss 0.0415  
Epoch 128 |  Time(s) 0.0132 | RobustPrompt-T Loss 0.0412  
Epoch 129 |  Time(s) 0.0134 | RobustPrompt-T Loss 0.0410  
Epoch 130 |  Time(s) 0.0135 | RobustPrompt-T Loss 0.0408  
Epoch 131 |  Time(s) 0.0135 | RobustPrompt-T Loss 0.0407  
Epoch 132 |  Time(s) 0.0134 | RobustPrompt-T Loss 0.0405  
Epoch 133 |  Time(s) 0.0132 | RobustPrompt-T Loss 0.0403  
Epoch 134 |  Time(s) 0.0137 | RobustPrompt-T Loss 0.0401  
Epoch 135 |  Time(s) 0.0135 | RobustPrompt-T Loss 0.0399  
Epoch 136 |  Time(s) 0.0141 | RobustPrompt-T Loss 0.0397  
Epoch 137 |  Time(s) 0.0139 | RobustPrompt-T Loss 0.0396  
Epoch 138 |  Time(s) 0.0138 | RobustPrompt-T Loss 0.0394  
Epoch 139 |  Time(s) 0.0137 | RobustPrompt-T Loss 0.0392  
Epoch 140 |  Time(s) 0.0132 | RobustPrompt-T Loss 0.0390  
Epoch 141 |  Time(s) 0.0134 | RobustPrompt-T Loss 0.0389  
Epoch 142 |  Time(s) 0.0137 | RobustPrompt-T Loss 0.0387  
Epoch 143 |  Time(s) 0.0139 | RobustPrompt-T Loss 0.0386  
Epoch 144 |  Time(s) 0.0137 | RobustPrompt-T Loss 0.0387  
Epoch 145 |  Time(s) 0.0131 | RobustPrompt-T Loss 0.0386  
Epoch 146 |  Time(s) 0.0137 | RobustPrompt-T Loss 0.0384  
Epoch 147 |  Time(s) 0.0134 | RobustPrompt-T Loss 0.0382  
Epoch 148 |  Time(s) 0.0133 | RobustPrompt-T Loss 0.0380  
Epoch 149 |  Time(s) 0.0133 | RobustPrompt-T Loss 0.0379  
Epoch 150 |  Time(s) 0.0133 | RobustPrompt-T Loss 0.0377  
Epoch 151 |  Time(s) 0.0135 | RobustPrompt-T Loss 0.0375  
Epoch 152 |  Time(s) 0.0133 | RobustPrompt-T Loss 0.0374  
Epoch 153 |  Time(s) 0.0135 | RobustPrompt-T Loss 0.0372  
Epoch 154 |  Time(s) 0.0132 | RobustPrompt-T Loss 0.0371  
Epoch 155 |  Time(s) 0.0136 | RobustPrompt-T Loss 0.0369  
Epoch 156 |  Time(s) 0.0140 | RobustPrompt-T Loss 0.0368  
Epoch 157 |  Time(s) 0.0138 | RobustPrompt-T Loss 0.0368  
Epoch 158 |  Time(s) 0.0135 | RobustPrompt-T Loss 0.0366  
Epoch 159 |  Time(s) 0.0136 | RobustPrompt-T Loss 0.0365  
Epoch 160 |  Time(s) 0.0132 | RobustPrompt-T Loss 0.0364  
Epoch 161 |  Time(s) 0.0134 | RobustPrompt-T Loss 0.0362  
Epoch 162 |  Time(s) 0.0136 | RobustPrompt-T Loss 0.0361  
Epoch 163 |  Time(s) 0.0137 | RobustPrompt-T Loss 0.0360  
Epoch 164 |  Time(s) 0.0137 | RobustPrompt-T Loss 0.0359  
Epoch 165 |  Time(s) 0.0132 | RobustPrompt-T Loss 0.0357  
Epoch 166 |  Time(s) 0.0132 | RobustPrompt-T Loss 0.0356  
Epoch 167 |  Time(s) 0.0136 | RobustPrompt-T Loss 0.0355  
Epoch 168 |  Time(s) 0.0135 | RobustPrompt-T Loss 0.0354  
Epoch 169 |  Time(s) 0.0136 | RobustPrompt-T Loss 0.0357  
Epoch 170 |  Time(s) 0.0130 | RobustPrompt-T Loss 0.0356  
Epoch 171 |  Time(s) 0.0134 | RobustPrompt-T Loss 0.0354  
Epoch 172 |  Time(s) 0.0131 | RobustPrompt-T Loss 0.0353  
Epoch 173 |  Time(s) 0.0135 | RobustPrompt-T Loss 0.0352  
Epoch 174 |  Time(s) 0.0143 | RobustPrompt-T Loss 0.0350  
Epoch 175 |  Time(s) 0.0137 | RobustPrompt-T Loss 0.0349  
Epoch 176 |  Time(s) 0.0131 | RobustPrompt-T Loss 0.0347  
Epoch 177 |  Time(s) 0.0136 | RobustPrompt-T Loss 0.0346  
Epoch 178 |  Time(s) 0.0135 | RobustPrompt-T Loss 0.0345  
Epoch 179 |  Time(s) 0.0134 | RobustPrompt-T Loss 0.0343  
Epoch 180 |  Time(s) 0.0131 | RobustPrompt-T Loss 0.0342  
Epoch 181 |  Time(s) 0.0136 | RobustPrompt-T Loss 0.0345  
Epoch 182 |  Time(s) 0.0136 | RobustPrompt-T Loss 0.0345  
Epoch 183 |  Time(s) 0.0136 | RobustPrompt-T Loss 0.0340  
Epoch 184 |  Time(s) 0.0132 | RobustPrompt-T Loss 0.0338  
Epoch 185 |  Time(s) 0.0137 | RobustPrompt-T Loss 0.0338  
Epoch 186 |  Time(s) 0.0139 | RobustPrompt-T Loss 0.0336  
Epoch 187 |  Time(s) 0.0137 | RobustPrompt-T Loss 0.0335  
Epoch 188 |  Time(s) 0.0132 | RobustPrompt-T Loss 0.0337  
Epoch 189 |  Time(s) 0.0133 | RobustPrompt-T Loss 0.0336  
Epoch 190 |  Time(s) 0.0137 | RobustPrompt-T Loss 0.0333  
Epoch 191 |  Time(s) 0.0138 | RobustPrompt-T Loss 0.0331  
Epoch 192 |  Time(s) 0.0136 | RobustPrompt-T Loss 0.0333  
Epoch 193 |  Time(s) 0.0136 | RobustPrompt-T Loss 0.0332  
Epoch 194 |  Time(s) 0.0134 | RobustPrompt-T Loss 0.0331  
Epoch 195 |  Time(s) 0.0137 | RobustPrompt-T Loss 0.0329  
Epoch 196 |  Time(s) 0.0136 | RobustPrompt-T Loss 0.0328  
Epoch 197 |  Time(s) 0.0132 | RobustPrompt-T Loss 0.0327  
Epoch 198 |  Time(s) 0.0137 | RobustPrompt-T Loss 0.0325  
Epoch 199 |  Time(s) 0.0137 | RobustPrompt-T Loss 0.0324  
Epoch 200 |  Time(s) 0.0137 | RobustPrompt-T Loss 0.0323  
Final True Accuracy: 0.6449 | Macro F1 Score: 0.6236
best_loss [tensor(0.0323, device='cuda:0', grad_fn=<AddBackward0>)]
load LLC or attacked data with specified split
Successfully loaded the attack of dataname with few shot 5, split 1
Attack method : Meta_Self | Attack ptb : 0.0 | Dataset: Cora
======================
Number of graphs: 1
Number of features: 1433
Number of classes: 7

Data(x=[2708, 1433], edge_index=[2, 13264], y=[2708], train_mask=[2708], val_mask=[2708], test_mask=[2708])
===========================================================================================================
Number of nodes: 2708
Number of edges: 13264
Average node degree: 4.90
Has isolated nodes: False
Has self-loops: True
Is undirected: True
GCN(
  (conv_layers): ModuleList(
    (0): GCNConv(1433, 256)
    (1): GCNConv(256, 256)
  )
)
Successfully loaded pre-trained weights!
use RobustPrompt Tranductive
defense pt dict :  {'sim_pt': 0.3, 'degree_pt': 1, 'out_detect_pt': 0.5, 'other_pt': 'all'}
use_attention :  False
cosine_constraint :  True
pt_threshold :  0.5
filter_module :  OriginalFilter
temperature :  1.0
weight_mse 0.1
weight_kl :  0.3
weight_constraint :  0.2
run RobustPrompt-T
Epoch 001 |  Time(s) 0.0142 | RobustPrompt-T Loss 1.9432  
Epoch 002 |  Time(s) 0.0137 | RobustPrompt-T Loss 1.9386  
Epoch 003 |  Time(s) 0.0136 | RobustPrompt-T Loss 1.9249  
Epoch 004 |  Time(s) 0.0135 | RobustPrompt-T Loss 1.9159  
Epoch 005 |  Time(s) 0.0136 | RobustPrompt-T Loss 1.9034  
Epoch 006 |  Time(s) 0.0137 | RobustPrompt-T Loss 1.8900  
Epoch 007 |  Time(s) 0.0133 | RobustPrompt-T Loss 1.8953  
Epoch 008 |  Time(s) 0.0133 | RobustPrompt-T Loss 1.8716  
Epoch 009 |  Time(s) 0.0135 | RobustPrompt-T Loss 1.8420  
Epoch 010 |  Time(s) 0.0134 | RobustPrompt-T Loss 1.8584  
Epoch 011 |  Time(s) 0.0138 | RobustPrompt-T Loss 1.8117  
Epoch 012 |  Time(s) 0.0135 | RobustPrompt-T Loss 1.8156  
Epoch 013 |  Time(s) 0.0137 | RobustPrompt-T Loss 1.8022  
Epoch 014 |  Time(s) 0.0137 | RobustPrompt-T Loss 1.7697  
Epoch 015 |  Time(s) 0.0138 | RobustPrompt-T Loss 1.7635  
Epoch 016 |  Time(s) 0.0130 | RobustPrompt-T Loss 1.7362  
Epoch 017 |  Time(s) 0.0139 | RobustPrompt-T Loss 1.7009  
Epoch 018 |  Time(s) 0.0131 | RobustPrompt-T Loss 1.7050  
Epoch 019 |  Time(s) 0.0133 | RobustPrompt-T Loss 1.6881  
Epoch 020 |  Time(s) 0.0134 | RobustPrompt-T Loss 1.6367  
Epoch 021 |  Time(s) 0.0136 | RobustPrompt-T Loss 1.6128  
Epoch 022 |  Time(s) 0.0135 | RobustPrompt-T Loss 1.6095  
Epoch 023 |  Time(s) 0.0136 | RobustPrompt-T Loss 1.6243  
Epoch 024 |  Time(s) 0.0138 | RobustPrompt-T Loss 1.5977  
Epoch 025 |  Time(s) 0.0139 | RobustPrompt-T Loss 1.5019  
Epoch 026 |  Time(s) 0.0139 | RobustPrompt-T Loss 1.5113  
Epoch 027 |  Time(s) 0.0131 | RobustPrompt-T Loss 1.4475  
Epoch 028 |  Time(s) 0.0133 | RobustPrompt-T Loss 1.3683  
Epoch 029 |  Time(s) 0.0131 | RobustPrompt-T Loss 1.3353  
Epoch 030 |  Time(s) 0.0136 | RobustPrompt-T Loss 1.2942  
Epoch 031 |  Time(s) 0.0132 | RobustPrompt-T Loss 1.2202  
Epoch 032 |  Time(s) 0.0136 | RobustPrompt-T Loss 1.1906  
Epoch 033 |  Time(s) 0.0138 | RobustPrompt-T Loss 1.1292  
Epoch 034 |  Time(s) 0.0137 | RobustPrompt-T Loss 1.0671  
Epoch 035 |  Time(s) 0.0131 | RobustPrompt-T Loss 1.0524  
Epoch 036 |  Time(s) 0.0137 | RobustPrompt-T Loss 0.9862  
Epoch 037 |  Time(s) 0.0133 | RobustPrompt-T Loss 0.9437  
Epoch 038 |  Time(s) 0.0137 | RobustPrompt-T Loss 0.9098  
Epoch 039 |  Time(s) 0.0135 | RobustPrompt-T Loss 0.8657  
Epoch 040 |  Time(s) 0.0131 | RobustPrompt-T Loss 0.8152  
Epoch 041 |  Time(s) 0.0136 | RobustPrompt-T Loss 0.7844  
Epoch 042 |  Time(s) 0.0132 | RobustPrompt-T Loss 0.7283  
Epoch 043 |  Time(s) 0.0137 | RobustPrompt-T Loss 0.6910  
Epoch 044 |  Time(s) 0.0140 | RobustPrompt-T Loss 0.6458  
Epoch 045 |  Time(s) 0.0138 | RobustPrompt-T Loss 0.6075  
Epoch 046 |  Time(s) 0.0132 | RobustPrompt-T Loss 0.5672  
Epoch 047 |  Time(s) 0.0137 | RobustPrompt-T Loss 0.5249  
Epoch 048 |  Time(s) 0.0136 | RobustPrompt-T Loss 0.4861  
Epoch 049 |  Time(s) 0.0135 | RobustPrompt-T Loss 0.4416  
Epoch 050 |  Time(s) 0.0137 | RobustPrompt-T Loss 0.4091  
Epoch 051 |  Time(s) 0.0135 | RobustPrompt-T Loss 0.3728  
Epoch 052 |  Time(s) 0.0136 | RobustPrompt-T Loss 0.3463  
Epoch 053 |  Time(s) 0.0138 | RobustPrompt-T Loss 0.3093  
Epoch 054 |  Time(s) 0.0138 | RobustPrompt-T Loss 0.2816  
Epoch 055 |  Time(s) 0.0139 | RobustPrompt-T Loss 0.2550  
Epoch 056 |  Time(s) 0.0139 | RobustPrompt-T Loss 0.2314  
Epoch 057 |  Time(s) 0.0131 | RobustPrompt-T Loss 0.2101  
Epoch 058 |  Time(s) 0.0137 | RobustPrompt-T Loss 0.1912  
Epoch 059 |  Time(s) 0.0134 | RobustPrompt-T Loss 0.1717  
Epoch 060 |  Time(s) 0.0136 | RobustPrompt-T Loss 0.1583  
Epoch 061 |  Time(s) 0.0136 | RobustPrompt-T Loss 0.1444  
Epoch 062 |  Time(s) 0.0140 | RobustPrompt-T Loss 0.1316  
Epoch 063 |  Time(s) 0.0138 | RobustPrompt-T Loss 0.1222  
Epoch 064 |  Time(s) 0.0138 | RobustPrompt-T Loss 0.1136  
Epoch 065 |  Time(s) 0.0138 | RobustPrompt-T Loss 0.1050  
Epoch 066 |  Time(s) 0.0134 | RobustPrompt-T Loss 0.0987  
Epoch 067 |  Time(s) 0.0136 | RobustPrompt-T Loss 0.0925  
Epoch 068 |  Time(s) 0.0138 | RobustPrompt-T Loss 0.0876  
Epoch 069 |  Time(s) 0.0134 | RobustPrompt-T Loss 0.0826  
Epoch 070 |  Time(s) 0.0138 | RobustPrompt-T Loss 0.0791  
Epoch 071 |  Time(s) 0.0138 | RobustPrompt-T Loss 0.0757  
Epoch 072 |  Time(s) 0.0137 | RobustPrompt-T Loss 0.0727  
Epoch 073 |  Time(s) 0.0139 | RobustPrompt-T Loss 0.0699  
Epoch 074 |  Time(s) 0.0139 | RobustPrompt-T Loss 0.0681  
Epoch 075 |  Time(s) 0.0136 | RobustPrompt-T Loss 0.0661  
Epoch 076 |  Time(s) 0.0136 | RobustPrompt-T Loss 0.0644  
Epoch 077 |  Time(s) 0.0138 | RobustPrompt-T Loss 0.0630  
Epoch 078 |  Time(s) 0.0136 | RobustPrompt-T Loss 0.0618  
Epoch 079 |  Time(s) 0.0138 | RobustPrompt-T Loss 0.0607  
Epoch 080 |  Time(s) 0.0135 | RobustPrompt-T Loss 0.0598  
Epoch 081 |  Time(s) 0.0136 | RobustPrompt-T Loss 0.0590  
Epoch 082 |  Time(s) 0.0131 | RobustPrompt-T Loss 0.0585  
Epoch 083 |  Time(s) 0.0134 | RobustPrompt-T Loss 0.0578  
Epoch 084 |  Time(s) 0.0136 | RobustPrompt-T Loss 0.0572  
Epoch 085 |  Time(s) 0.0138 | RobustPrompt-T Loss 0.0568  
Epoch 086 |  Time(s) 0.0137 | RobustPrompt-T Loss 0.0562  
Epoch 087 |  Time(s) 0.0134 | RobustPrompt-T Loss 0.0556  
Epoch 088 |  Time(s) 0.0134 | RobustPrompt-T Loss 0.0552  
Epoch 089 |  Time(s) 0.0135 | RobustPrompt-T Loss 0.0547  
Epoch 090 |  Time(s) 0.0137 | RobustPrompt-T Loss 0.0542  
Epoch 091 |  Time(s) 0.0137 | RobustPrompt-T Loss 0.0536  
Epoch 092 |  Time(s) 0.0136 | RobustPrompt-T Loss 0.0531  
Epoch 093 |  Time(s) 0.0136 | RobustPrompt-T Loss 0.0526  
Epoch 094 |  Time(s) 0.0135 | RobustPrompt-T Loss 0.0521  
Epoch 095 |  Time(s) 0.0138 | RobustPrompt-T Loss 0.0515  
Epoch 096 |  Time(s) 0.0138 | RobustPrompt-T Loss 0.0509  
Epoch 097 |  Time(s) 0.0133 | RobustPrompt-T Loss 0.0505  
Epoch 098 |  Time(s) 0.0133 | RobustPrompt-T Loss 0.0499  
Epoch 099 |  Time(s) 0.0136 | RobustPrompt-T Loss 0.0493  
Epoch 100 |  Time(s) 0.0132 | RobustPrompt-T Loss 0.0488  
Epoch 101 |  Time(s) 0.0140 | RobustPrompt-T Loss 0.0483  
Epoch 102 |  Time(s) 0.0138 | RobustPrompt-T Loss 0.0479  
Epoch 103 |  Time(s) 0.0136 | RobustPrompt-T Loss 0.0474  
Epoch 104 |  Time(s) 0.0137 | RobustPrompt-T Loss 0.0470  
Epoch 105 |  Time(s) 0.0139 | RobustPrompt-T Loss 0.0466  
Epoch 106 |  Time(s) 0.0138 | RobustPrompt-T Loss 0.0462  
Epoch 107 |  Time(s) 0.0139 | RobustPrompt-T Loss 0.0457  
Epoch 108 |  Time(s) 0.0138 | RobustPrompt-T Loss 0.0454  
Epoch 109 |  Time(s) 0.0137 | RobustPrompt-T Loss 0.0451  
Epoch 110 |  Time(s) 0.0134 | RobustPrompt-T Loss 0.0448  
Epoch 111 |  Time(s) 0.0133 | RobustPrompt-T Loss 0.0445  
Epoch 112 |  Time(s) 0.0136 | RobustPrompt-T Loss 0.0441  
Epoch 113 |  Time(s) 0.0136 | RobustPrompt-T Loss 0.0438  
Epoch 114 |  Time(s) 0.0138 | RobustPrompt-T Loss 0.0435  
Epoch 115 |  Time(s) 0.0137 | RobustPrompt-T Loss 0.0433  
Epoch 116 |  Time(s) 0.0131 | RobustPrompt-T Loss 0.0430  
Epoch 117 |  Time(s) 0.0137 | RobustPrompt-T Loss 0.0428  
Epoch 118 |  Time(s) 0.0135 | RobustPrompt-T Loss 0.0425  
Epoch 119 |  Time(s) 0.0138 | RobustPrompt-T Loss 0.0423  
Epoch 120 |  Time(s) 0.0133 | RobustPrompt-T Loss 0.0421  
Epoch 121 |  Time(s) 0.0136 | RobustPrompt-T Loss 0.0418  
Epoch 122 |  Time(s) 0.0137 | RobustPrompt-T Loss 0.0416  
Epoch 123 |  Time(s) 0.0136 | RobustPrompt-T Loss 0.0414  
Epoch 124 |  Time(s) 0.0132 | RobustPrompt-T Loss 0.0411  
Epoch 125 |  Time(s) 0.0137 | RobustPrompt-T Loss 0.0409  
Epoch 126 |  Time(s) 0.0137 | RobustPrompt-T Loss 0.0407  
Epoch 127 |  Time(s) 0.0132 | RobustPrompt-T Loss 0.0404  
Epoch 128 |  Time(s) 0.0135 | RobustPrompt-T Loss 0.0402  
Epoch 129 |  Time(s) 0.0139 | RobustPrompt-T Loss 0.0400  
Epoch 130 |  Time(s) 0.0137 | RobustPrompt-T Loss 0.0398  
Epoch 131 |  Time(s) 0.0132 | RobustPrompt-T Loss 0.0397  
Epoch 132 |  Time(s) 0.0139 | RobustPrompt-T Loss 0.0394  
Epoch 133 |  Time(s) 0.0136 | RobustPrompt-T Loss 0.0392  
Epoch 134 |  Time(s) 0.0134 | RobustPrompt-T Loss 0.0390  
Epoch 135 |  Time(s) 0.0134 | RobustPrompt-T Loss 0.0388  
Epoch 136 |  Time(s) 0.0137 | RobustPrompt-T Loss 0.0379  
Epoch 137 |  Time(s) 0.0134 | RobustPrompt-T Loss 0.0377  
Epoch 138 |  Time(s) 0.0138 | RobustPrompt-T Loss 0.0375  
Epoch 139 |  Time(s) 0.0139 | RobustPrompt-T Loss 0.0373  
Epoch 140 |  Time(s) 0.0135 | RobustPrompt-T Loss 0.0371  
Epoch 141 |  Time(s) 0.0139 | RobustPrompt-T Loss 0.0369  
Epoch 142 |  Time(s) 0.0135 | RobustPrompt-T Loss 0.0365  
Epoch 143 |  Time(s) 0.0138 | RobustPrompt-T Loss 0.0364  
Epoch 144 |  Time(s) 0.0136 | RobustPrompt-T Loss 0.0364  
Epoch 145 |  Time(s) 0.0135 | RobustPrompt-T Loss 0.0363  
Epoch 146 |  Time(s) 0.0134 | RobustPrompt-T Loss 0.0362  
Epoch 147 |  Time(s) 0.0135 | RobustPrompt-T Loss 0.0361  
Epoch 148 |  Time(s) 0.0132 | RobustPrompt-T Loss 0.0360  
Epoch 149 |  Time(s) 0.0133 | RobustPrompt-T Loss 0.0359  
Epoch 150 |  Time(s) 0.0138 | RobustPrompt-T Loss 0.0358  
Epoch 151 |  Time(s) 0.0136 | RobustPrompt-T Loss 0.0357  
Epoch 152 |  Time(s) 0.0133 | RobustPrompt-T Loss 0.0356  
Epoch 153 |  Time(s) 0.0137 | RobustPrompt-T Loss 0.0355  
Epoch 154 |  Time(s) 0.0140 | RobustPrompt-T Loss 0.0354  
Epoch 155 |  Time(s) 0.0137 | RobustPrompt-T Loss 0.0353  
Epoch 156 |  Time(s) 0.0140 | RobustPrompt-T Loss 0.0351  
Epoch 157 |  Time(s) 0.0136 | RobustPrompt-T Loss 0.0350  
Epoch 158 |  Time(s) 0.0138 | RobustPrompt-T Loss 0.0348  
Epoch 159 |  Time(s) 0.0134 | RobustPrompt-T Loss 0.0347  
Epoch 160 |  Time(s) 0.0140 | RobustPrompt-T Loss 0.0344  
Epoch 161 |  Time(s) 0.0140 | RobustPrompt-T Loss 0.0343  
Epoch 162 |  Time(s) 0.0142 | RobustPrompt-T Loss 0.0341  
Epoch 163 |  Time(s) 0.0140 | RobustPrompt-T Loss 0.0339  
Epoch 164 |  Time(s) 0.0138 | RobustPrompt-T Loss 0.0338  
Epoch 165 |  Time(s) 0.0142 | RobustPrompt-T Loss 0.0337  
Epoch 166 |  Time(s) 0.0138 | RobustPrompt-T Loss 0.0336  
Epoch 167 |  Time(s) 0.0137 | RobustPrompt-T Loss 0.0334  
Epoch 168 |  Time(s) 0.0136 | RobustPrompt-T Loss 0.0333  
Epoch 169 |  Time(s) 0.0138 | RobustPrompt-T Loss 0.0332  
Epoch 170 |  Time(s) 0.0141 | RobustPrompt-T Loss 0.0331  
Epoch 171 |  Time(s) 0.0140 | RobustPrompt-T Loss 0.0330  
Epoch 172 |  Time(s) 0.0140 | RobustPrompt-T Loss 0.0329  
Epoch 173 |  Time(s) 0.0139 | RobustPrompt-T Loss 0.0328  
Epoch 174 |  Time(s) 0.0138 | RobustPrompt-T Loss 0.0327  
Epoch 175 |  Time(s) 0.0139 | RobustPrompt-T Loss 0.0326  
Epoch 176 |  Time(s) 0.0142 | RobustPrompt-T Loss 0.0324  
Epoch 177 |  Time(s) 0.0137 | RobustPrompt-T Loss 0.0323  
Epoch 178 |  Time(s) 0.0134 | RobustPrompt-T Loss 0.0322  
Epoch 179 |  Time(s) 0.0136 | RobustPrompt-T Loss 0.0321  
Epoch 180 |  Time(s) 0.0140 | RobustPrompt-T Loss 0.0320  
Epoch 181 |  Time(s) 0.0141 | RobustPrompt-T Loss 0.0319  
Epoch 182 |  Time(s) 0.0138 | RobustPrompt-T Loss 0.0318  
Epoch 183 |  Time(s) 0.0141 | RobustPrompt-T Loss 0.0316  
Epoch 184 |  Time(s) 0.0138 | RobustPrompt-T Loss 0.0315  
Epoch 185 |  Time(s) 0.0136 | RobustPrompt-T Loss 0.0314  
Epoch 186 |  Time(s) 0.0134 | RobustPrompt-T Loss 0.0313  
Epoch 187 |  Time(s) 0.0136 | RobustPrompt-T Loss 0.0312  
Epoch 188 |  Time(s) 0.0135 | RobustPrompt-T Loss 0.0311  
Epoch 189 |  Time(s) 0.0139 | RobustPrompt-T Loss 0.0310  
Epoch 190 |  Time(s) 0.0135 | RobustPrompt-T Loss 0.0309  
Epoch 191 |  Time(s) 0.0135 | RobustPrompt-T Loss 0.0308  
Epoch 192 |  Time(s) 0.0137 | RobustPrompt-T Loss 0.0307  
Epoch 193 |  Time(s) 0.0136 | RobustPrompt-T Loss 0.0306  
Epoch 194 |  Time(s) 0.0135 | RobustPrompt-T Loss 0.0305  
Epoch 195 |  Time(s) 0.0139 | RobustPrompt-T Loss 0.0304  
Epoch 196 |  Time(s) 0.0133 | RobustPrompt-T Loss 0.0303  
Epoch 197 |  Time(s) 0.0139 | RobustPrompt-T Loss 0.0302  
Epoch 198 |  Time(s) 0.0140 | RobustPrompt-T Loss 0.0301  
Epoch 199 |  Time(s) 0.0138 | RobustPrompt-T Loss 0.0300  
Epoch 200 |  Time(s) 0.0138 | RobustPrompt-T Loss 0.0299  
Final True Accuracy: 0.6806 | Macro F1 Score: 0.6511
best_loss [tensor(0.0299, device='cuda:0', grad_fn=<AddBackward0>)]
load LLC or attacked data with specified split
Successfully loaded the attack of dataname with few shot 5, split 1
Attack method : Meta_Self | Attack ptb : 0.0 | Dataset: Cora
======================
Number of graphs: 1
Number of features: 1433
Number of classes: 7

Data(x=[2708, 1433], edge_index=[2, 13264], y=[2708], train_mask=[2708], val_mask=[2708], test_mask=[2708])
===========================================================================================================
Number of nodes: 2708
Number of edges: 13264
Average node degree: 4.90
Has isolated nodes: False
Has self-loops: True
Is undirected: True
GCN(
  (conv_layers): ModuleList(
    (0): GCNConv(1433, 256)
    (1): GCNConv(256, 256)
  )
)
Successfully loaded pre-trained weights!
use RobustPrompt Tranductive
defense pt dict :  {'sim_pt': 0.3, 'degree_pt': 1, 'out_detect_pt': 0.5, 'other_pt': 'all'}
use_attention :  False
cosine_constraint :  True
pt_threshold :  0.5
filter_module :  OriginalFilter
temperature :  1.0
weight_mse 0.1
weight_kl :  0.3
weight_constraint :  0.2
run RobustPrompt-T
Epoch 001 |  Time(s) 0.0147 | RobustPrompt-T Loss 1.9455  
Epoch 002 |  Time(s) 0.0139 | RobustPrompt-T Loss 1.9335  
Epoch 003 |  Time(s) 0.0134 | RobustPrompt-T Loss 1.9223  
Epoch 004 |  Time(s) 0.0139 | RobustPrompt-T Loss 1.9222  
Epoch 005 |  Time(s) 0.0137 | RobustPrompt-T Loss 1.9033  
Epoch 006 |  Time(s) 0.0136 | RobustPrompt-T Loss 1.8830  
Epoch 007 |  Time(s) 0.0138 | RobustPrompt-T Loss 1.8824  
Epoch 008 |  Time(s) 0.0134 | RobustPrompt-T Loss 1.8528  
Epoch 009 |  Time(s) 0.0133 | RobustPrompt-T Loss 1.8474  
Epoch 010 |  Time(s) 0.0134 | RobustPrompt-T Loss 1.8199  
Epoch 011 |  Time(s) 0.0135 | RobustPrompt-T Loss 1.8115  
Epoch 012 |  Time(s) 0.0138 | RobustPrompt-T Loss 1.7838  
Epoch 013 |  Time(s) 0.0139 | RobustPrompt-T Loss 1.7915  
Epoch 014 |  Time(s) 0.0137 | RobustPrompt-T Loss 1.7294  
Epoch 015 |  Time(s) 0.0139 | RobustPrompt-T Loss 1.7737  
Epoch 016 |  Time(s) 0.0131 | RobustPrompt-T Loss 1.7410  
Epoch 017 |  Time(s) 0.0134 | RobustPrompt-T Loss 1.7294  
Epoch 018 |  Time(s) 0.0133 | RobustPrompt-T Loss 1.6954  
Epoch 019 |  Time(s) 0.0135 | RobustPrompt-T Loss 1.6802  
Epoch 020 |  Time(s) 0.0135 | RobustPrompt-T Loss 1.6397  
Epoch 021 |  Time(s) 0.0133 | RobustPrompt-T Loss 1.6466  
Epoch 022 |  Time(s) 0.0139 | RobustPrompt-T Loss 1.6082  
Epoch 023 |  Time(s) 0.0133 | RobustPrompt-T Loss 1.5849  
Epoch 024 |  Time(s) 0.0133 | RobustPrompt-T Loss 1.5157  
Epoch 025 |  Time(s) 0.0133 | RobustPrompt-T Loss 1.5011  
Epoch 026 |  Time(s) 0.0141 | RobustPrompt-T Loss 1.4193  
Epoch 027 |  Time(s) 0.0142 | RobustPrompt-T Loss 1.4142  
Epoch 028 |  Time(s) 0.0139 | RobustPrompt-T Loss 1.3131  
Epoch 029 |  Time(s) 0.0134 | RobustPrompt-T Loss 1.2688  
Epoch 030 |  Time(s) 0.0142 | RobustPrompt-T Loss 1.2124  
Epoch 031 |  Time(s) 0.0140 | RobustPrompt-T Loss 1.1848  
Epoch 032 |  Time(s) 0.0134 | RobustPrompt-T Loss 1.1210  
Epoch 033 |  Time(s) 0.0137 | RobustPrompt-T Loss 1.0529  
Epoch 034 |  Time(s) 0.0134 | RobustPrompt-T Loss 0.9764  
Epoch 035 |  Time(s) 0.0134 | RobustPrompt-T Loss 0.9495  
Epoch 036 |  Time(s) 0.0141 | RobustPrompt-T Loss 0.8842  
Epoch 037 |  Time(s) 0.0139 | RobustPrompt-T Loss 0.8239  
Epoch 038 |  Time(s) 0.0135 | RobustPrompt-T Loss 0.7868  
Epoch 039 |  Time(s) 0.0139 | RobustPrompt-T Loss 0.7251  
Epoch 040 |  Time(s) 0.0131 | RobustPrompt-T Loss 0.6878  
Epoch 041 |  Time(s) 0.0135 | RobustPrompt-T Loss 0.6267  
Epoch 042 |  Time(s) 0.0140 | RobustPrompt-T Loss 0.6014  
Epoch 043 |  Time(s) 0.0139 | RobustPrompt-T Loss 0.5367  
Epoch 044 |  Time(s) 0.0134 | RobustPrompt-T Loss 0.5124  
Epoch 045 |  Time(s) 0.0140 | RobustPrompt-T Loss 0.4605  
Epoch 046 |  Time(s) 0.0134 | RobustPrompt-T Loss 0.4342  
Epoch 047 |  Time(s) 0.0140 | RobustPrompt-T Loss 0.3944  
Epoch 048 |  Time(s) 0.0132 | RobustPrompt-T Loss 0.3710  
Epoch 049 |  Time(s) 0.0138 | RobustPrompt-T Loss 0.3338  
Epoch 050 |  Time(s) 0.0136 | RobustPrompt-T Loss 0.3161  
Epoch 051 |  Time(s) 0.0137 | RobustPrompt-T Loss 0.2853  
Epoch 052 |  Time(s) 0.0138 | RobustPrompt-T Loss 0.2715  
Epoch 053 |  Time(s) 0.0133 | RobustPrompt-T Loss 0.2473  
Epoch 054 |  Time(s) 0.0138 | RobustPrompt-T Loss 0.2313  
Epoch 055 |  Time(s) 0.0132 | RobustPrompt-T Loss 0.2133  
Epoch 056 |  Time(s) 0.0137 | RobustPrompt-T Loss 0.1989  
Epoch 057 |  Time(s) 0.0134 | RobustPrompt-T Loss 0.1834  
Epoch 058 |  Time(s) 0.0142 | RobustPrompt-T Loss 0.1726  
Epoch 059 |  Time(s) 0.0140 | RobustPrompt-T Loss 0.1590  
Epoch 060 |  Time(s) 0.0131 | RobustPrompt-T Loss 0.1489  
Epoch 061 |  Time(s) 0.0135 | RobustPrompt-T Loss 0.1395  
Epoch 062 |  Time(s) 0.0135 | RobustPrompt-T Loss 0.1298  
Epoch 063 |  Time(s) 0.0141 | RobustPrompt-T Loss 0.1227  
Epoch 064 |  Time(s) 0.0133 | RobustPrompt-T Loss 0.1148  
Epoch 065 |  Time(s) 0.0134 | RobustPrompt-T Loss 0.1088  
Epoch 066 |  Time(s) 0.0139 | RobustPrompt-T Loss 0.1021  
Epoch 067 |  Time(s) 0.0139 | RobustPrompt-T Loss 0.0976  
Epoch 068 |  Time(s) 0.0139 | RobustPrompt-T Loss 0.0924  
Epoch 069 |  Time(s) 0.0140 | RobustPrompt-T Loss 0.0883  
Epoch 070 |  Time(s) 0.0137 | RobustPrompt-T Loss 0.0846  
Epoch 071 |  Time(s) 0.0143 | RobustPrompt-T Loss 0.0815  
Epoch 072 |  Time(s) 0.0135 | RobustPrompt-T Loss 0.0782  
Epoch 073 |  Time(s) 0.0139 | RobustPrompt-T Loss 0.0754  
Epoch 074 |  Time(s) 0.0135 | RobustPrompt-T Loss 0.0731  
Epoch 075 |  Time(s) 0.0134 | RobustPrompt-T Loss 0.0711  
Epoch 076 |  Time(s) 0.0135 | RobustPrompt-T Loss 0.0690  
Epoch 077 |  Time(s) 0.0141 | RobustPrompt-T Loss 0.0673  
Epoch 078 |  Time(s) 0.0142 | RobustPrompt-T Loss 0.0656  
Epoch 079 |  Time(s) 0.0136 | RobustPrompt-T Loss 0.0641  
Epoch 080 |  Time(s) 0.0139 | RobustPrompt-T Loss 0.0629  
Epoch 081 |  Time(s) 0.0138 | RobustPrompt-T Loss 0.0617  
Epoch 082 |  Time(s) 0.0144 | RobustPrompt-T Loss 0.0606  
Epoch 083 |  Time(s) 0.0144 | RobustPrompt-T Loss 0.0595  
Epoch 084 |  Time(s) 0.0136 | RobustPrompt-T Loss 0.0588  
Epoch 085 |  Time(s) 0.0138 | RobustPrompt-T Loss 0.0577  
Epoch 086 |  Time(s) 0.0137 | RobustPrompt-T Loss 0.0570  
Epoch 087 |  Time(s) 0.0139 | RobustPrompt-T Loss 0.0561  
Epoch 088 |  Time(s) 0.0140 | RobustPrompt-T Loss 0.0557  
Epoch 089 |  Time(s) 0.0136 | RobustPrompt-T Loss 0.0547  
Epoch 090 |  Time(s) 0.0137 | RobustPrompt-T Loss 0.0541  
Epoch 091 |  Time(s) 0.0141 | RobustPrompt-T Loss 0.0535  
Epoch 092 |  Time(s) 0.0137 | RobustPrompt-T Loss 0.0531  
Epoch 093 |  Time(s) 0.0140 | RobustPrompt-T Loss 0.0524  
Epoch 094 |  Time(s) 0.0135 | RobustPrompt-T Loss 0.0519  
Epoch 095 |  Time(s) 0.0137 | RobustPrompt-T Loss 0.0513  
Epoch 096 |  Time(s) 0.0138 | RobustPrompt-T Loss 0.0508  
Epoch 097 |  Time(s) 0.0135 | RobustPrompt-T Loss 0.0503  
Epoch 098 |  Time(s) 0.0136 | RobustPrompt-T Loss 0.0498  
Epoch 099 |  Time(s) 0.0141 | RobustPrompt-T Loss 0.0493  
Epoch 100 |  Time(s) 0.0138 | RobustPrompt-T Loss 0.0488  
Epoch 101 |  Time(s) 0.0140 | RobustPrompt-T Loss 0.0483  
Epoch 102 |  Time(s) 0.0136 | RobustPrompt-T Loss 0.0478  
Epoch 103 |  Time(s) 0.0137 | RobustPrompt-T Loss 0.0474  
Epoch 104 |  Time(s) 0.0141 | RobustPrompt-T Loss 0.0470  
Epoch 105 |  Time(s) 0.0138 | RobustPrompt-T Loss 0.0466  
Epoch 106 |  Time(s) 0.0141 | RobustPrompt-T Loss 0.0461  
Epoch 107 |  Time(s) 0.0138 | RobustPrompt-T Loss 0.0457  
Epoch 108 |  Time(s) 0.0136 | RobustPrompt-T Loss 0.0454  
Epoch 109 |  Time(s) 0.0136 | RobustPrompt-T Loss 0.0450  
Epoch 110 |  Time(s) 0.0139 | RobustPrompt-T Loss 0.0446  
Epoch 111 |  Time(s) 0.0135 | RobustPrompt-T Loss 0.0443  
Epoch 112 |  Time(s) 0.0138 | RobustPrompt-T Loss 0.0440  
Epoch 113 |  Time(s) 0.0140 | RobustPrompt-T Loss 0.0437  
Epoch 114 |  Time(s) 0.0137 | RobustPrompt-T Loss 0.0434  
Epoch 115 |  Time(s) 0.0136 | RobustPrompt-T Loss 0.0431  
Epoch 116 |  Time(s) 0.0136 | RobustPrompt-T Loss 0.0428  
Epoch 117 |  Time(s) 0.0134 | RobustPrompt-T Loss 0.0425  
Epoch 118 |  Time(s) 0.0137 | RobustPrompt-T Loss 0.0423  
Epoch 119 |  Time(s) 0.0137 | RobustPrompt-T Loss 0.0420  
Epoch 120 |  Time(s) 0.0141 | RobustPrompt-T Loss 0.0418  
Epoch 121 |  Time(s) 0.0138 | RobustPrompt-T Loss 0.0415  
Epoch 122 |  Time(s) 0.0137 | RobustPrompt-T Loss 0.0413  
Epoch 123 |  Time(s) 0.0136 | RobustPrompt-T Loss 0.0410  
Epoch 124 |  Time(s) 0.0138 | RobustPrompt-T Loss 0.0408  
Epoch 125 |  Time(s) 0.0136 | RobustPrompt-T Loss 0.0405  
Epoch 126 |  Time(s) 0.0137 | RobustPrompt-T Loss 0.0403  
Epoch 127 |  Time(s) 0.0141 | RobustPrompt-T Loss 0.0401  
Epoch 128 |  Time(s) 0.0141 | RobustPrompt-T Loss 0.0399  
Epoch 129 |  Time(s) 0.0140 | RobustPrompt-T Loss 0.0397  
Epoch 130 |  Time(s) 0.0138 | RobustPrompt-T Loss 0.0395  
Epoch 131 |  Time(s) 0.0139 | RobustPrompt-T Loss 0.0393  
Epoch 132 |  Time(s) 0.0140 | RobustPrompt-T Loss 0.0391  
Epoch 133 |  Time(s) 0.0141 | RobustPrompt-T Loss 0.0384  
Epoch 134 |  Time(s) 0.0140 | RobustPrompt-T Loss 0.0388  
Epoch 135 |  Time(s) 0.0140 | RobustPrompt-T Loss 0.0381  
Epoch 136 |  Time(s) 0.0133 | RobustPrompt-T Loss 0.0379  
Epoch 137 |  Time(s) 0.0140 | RobustPrompt-T Loss 0.0383  
Epoch 138 |  Time(s) 0.0135 | RobustPrompt-T Loss 0.0376  
Epoch 139 |  Time(s) 0.0141 | RobustPrompt-T Loss 0.0374  
Epoch 140 |  Time(s) 0.0140 | RobustPrompt-T Loss 0.0379  
Epoch 141 |  Time(s) 0.0139 | RobustPrompt-T Loss 0.0371  
Epoch 142 |  Time(s) 0.0134 | RobustPrompt-T Loss 0.0369  
Epoch 143 |  Time(s) 0.0137 | RobustPrompt-T Loss 0.0374  
Epoch 144 |  Time(s) 0.0141 | RobustPrompt-T Loss 0.0366  
Epoch 145 |  Time(s) 0.0141 | RobustPrompt-T Loss 0.0364  
Epoch 146 |  Time(s) 0.0138 | RobustPrompt-T Loss 0.0363  
Epoch 147 |  Time(s) 0.0141 | RobustPrompt-T Loss 0.0361  
Epoch 148 |  Time(s) 0.0138 | RobustPrompt-T Loss 0.0360  
Epoch 149 |  Time(s) 0.0142 | RobustPrompt-T Loss 0.0359  
Epoch 150 |  Time(s) 0.0141 | RobustPrompt-T Loss 0.0358  
Epoch 151 |  Time(s) 0.0138 | RobustPrompt-T Loss 0.0356  
Epoch 152 |  Time(s) 0.0140 | RobustPrompt-T Loss 0.0355  
Epoch 153 |  Time(s) 0.0140 | RobustPrompt-T Loss 0.0353  
Epoch 154 |  Time(s) 0.0139 | RobustPrompt-T Loss 0.0352  
Epoch 155 |  Time(s) 0.0141 | RobustPrompt-T Loss 0.0350  
Epoch 156 |  Time(s) 0.0141 | RobustPrompt-T Loss 0.0349  
Epoch 157 |  Time(s) 0.0138 | RobustPrompt-T Loss 0.0348  
Epoch 158 |  Time(s) 0.0141 | RobustPrompt-T Loss 0.0346  
Epoch 159 |  Time(s) 0.0139 | RobustPrompt-T Loss 0.0345  
Epoch 160 |  Time(s) 0.0139 | RobustPrompt-T Loss 0.0344  
Epoch 161 |  Time(s) 0.0136 | RobustPrompt-T Loss 0.0342  
Epoch 162 |  Time(s) 0.0138 | RobustPrompt-T Loss 0.0341  
Epoch 163 |  Time(s) 0.0142 | RobustPrompt-T Loss 0.0340  
Epoch 164 |  Time(s) 0.0141 | RobustPrompt-T Loss 0.0339  
Epoch 165 |  Time(s) 0.0141 | RobustPrompt-T Loss 0.0338  
Epoch 166 |  Time(s) 0.0138 | RobustPrompt-T Loss 0.0336  
Epoch 167 |  Time(s) 0.0141 | RobustPrompt-T Loss 0.0335  
Epoch 168 |  Time(s) 0.0136 | RobustPrompt-T Loss 0.0334  
Epoch 169 |  Time(s) 0.0140 | RobustPrompt-T Loss 0.0333  
Epoch 170 |  Time(s) 0.0136 | RobustPrompt-T Loss 0.0332  
Epoch 171 |  Time(s) 0.0140 | RobustPrompt-T Loss 0.0331  
Epoch 172 |  Time(s) 0.0141 | RobustPrompt-T Loss 0.0329  
Epoch 173 |  Time(s) 0.0140 | RobustPrompt-T Loss 0.0328  
Epoch 174 |  Time(s) 0.0139 | RobustPrompt-T Loss 0.0327  
Epoch 175 |  Time(s) 0.0138 | RobustPrompt-T Loss 0.0326  
Epoch 176 |  Time(s) 0.0138 | RobustPrompt-T Loss 0.0325  
Epoch 177 |  Time(s) 0.0139 | RobustPrompt-T Loss 0.0324  
Epoch 178 |  Time(s) 0.0137 | RobustPrompt-T Loss 0.0323  
Epoch 179 |  Time(s) 0.0138 | RobustPrompt-T Loss 0.0322  
Epoch 180 |  Time(s) 0.0137 | RobustPrompt-T Loss 0.0321  
Epoch 181 |  Time(s) 0.0140 | RobustPrompt-T Loss 0.0320  
Epoch 182 |  Time(s) 0.0136 | RobustPrompt-T Loss 0.0319  
Epoch 183 |  Time(s) 0.0137 | RobustPrompt-T Loss 0.0318  
Epoch 184 |  Time(s) 0.0139 | RobustPrompt-T Loss 0.0317  
Epoch 185 |  Time(s) 0.0142 | RobustPrompt-T Loss 0.0316  
Epoch 186 |  Time(s) 0.0142 | RobustPrompt-T Loss 0.0315  
Epoch 187 |  Time(s) 0.0141 | RobustPrompt-T Loss 0.0314  
Epoch 188 |  Time(s) 0.0136 | RobustPrompt-T Loss 0.0313  
Epoch 189 |  Time(s) 0.0134 | RobustPrompt-T Loss 0.0312  
Epoch 190 |  Time(s) 0.0136 | RobustPrompt-T Loss 0.0311  
Epoch 191 |  Time(s) 0.0139 | RobustPrompt-T Loss 0.0310  
Epoch 192 |  Time(s) 0.0141 | RobustPrompt-T Loss 0.0309  
Epoch 193 |  Time(s) 0.0133 | RobustPrompt-T Loss 0.0308  
Epoch 194 |  Time(s) 0.0141 | RobustPrompt-T Loss 0.0307  
Epoch 195 |  Time(s) 0.0145 | RobustPrompt-T Loss 0.0306  
Epoch 196 |  Time(s) 0.0141 | RobustPrompt-T Loss 0.0305  
Epoch 197 |  Time(s) 0.0139 | RobustPrompt-T Loss 0.0305  
Epoch 198 |  Time(s) 0.0141 | RobustPrompt-T Loss 0.0304  
Epoch 199 |  Time(s) 0.0140 | RobustPrompt-T Loss 0.0303  
Epoch 200 |  Time(s) 0.0134 | RobustPrompt-T Loss 0.0302  
Final True Accuracy: 0.6246 | Macro F1 Score: 0.5947
best_loss [tensor(0.0302, device='cuda:0', grad_fn=<AddBackward0>)]
{1: {1: 0.6254152655601501}, 2: {1: 0.6881229281425476}, 3: {1: 0.6449335813522339}, 4: {1: 0.6806478500366211}, 5: {1: 0.6245847344398499}}
{1: {1: 0.6254152655601501, 2: 0.6881229281425476, 3: 0.6449335813522339, 4: 0.6806478500366211, 5: 0.6245847344398499}}
########################################################################################
seed: 1 | split 1 : 0.6254152655601501
# Seed 1 Muti Split Final Acc: 0.6254±0.0000
seed: 2 | split 1 : 0.6881229281425476
# Seed 2 Muti Split Final Acc: 0.6881±0.0000
seed: 3 | split 1 : 0.6449335813522339
# Seed 3 Muti Split Final Acc: 0.6449±0.0000
seed: 4 | split 1 : 0.6806478500366211
# Seed 4 Muti Split Final Acc: 0.6806±0.0000
seed: 5 | split 1 : 0.6245847344398499
# Seed 5 Muti Split Final Acc: 0.6246±0.0000
########################################################################################
split: 1 | seed 1 : 0.6254152655601501
split: 1 | seed 2 : 0.6881229281425476
split: 1 | seed 3 : 0.6449335813522339
split: 1 | seed 4 : 0.6806478500366211
split: 1 | seed 5 : 0.6245847344398499
# Split 1 Muti Seed Acc without min value: 0.6598±0.0257
########################################################################################
