load LLC or attacked data with specified split
Successfully loaded the attack of dataname with few shot 5, split 1
Attack method : Meta_Self | Attack ptb : 0.05 | Dataset: Cora
======================
Number of graphs: 1
Number of features: 1433
Number of classes: 7

Data(x=[2708, 1433], edge_index=[2, 13850], y=[2708], train_mask=[2708], val_mask=[2708], test_mask=[2708])
===========================================================================================================
Number of nodes: 2708
Number of edges: 13850
Average node degree: 5.11
Has isolated nodes: False
Has self-loops: True
Is undirected: True
GCN(
  (conv_layers): ModuleList(
    (0): GCNConv(1433, 256)
    (1): GCNConv(256, 256)
  )
)
Successfully loaded pre-trained weights!
use RobustPrompt Tranductive
defense pt dict :  {'sim_pt': 0.3, 'degree_pt': -1, 'out_detect_pt': 0.5, 'other_pt': 'all'}
use_attention :  False
cosine_constraint :  True
pt_threshold :  0.5
filter_module :  OriginalFilter
temperature :  1.0
weight_mse 0.1
weight_kl :  0.3
weight_constraint :  0.2
run RobustPrompt-T
Epoch 001 |  Time(s) 0.2676 | RobustPrompt-T Loss 1.9487  
Epoch 002 |  Time(s) 0.0133 | RobustPrompt-T Loss 1.9395  
Epoch 003 |  Time(s) 0.0127 | RobustPrompt-T Loss 1.9323  
Epoch 004 |  Time(s) 0.0126 | RobustPrompt-T Loss 1.9245  
Epoch 005 |  Time(s) 0.0128 | RobustPrompt-T Loss 1.9181  
Epoch 006 |  Time(s) 0.0133 | RobustPrompt-T Loss 1.9041  
Epoch 007 |  Time(s) 0.0135 | RobustPrompt-T Loss 1.8975  
Epoch 008 |  Time(s) 0.0133 | RobustPrompt-T Loss 1.8923  
Epoch 009 |  Time(s) 0.0133 | RobustPrompt-T Loss 1.8570  
Epoch 010 |  Time(s) 0.0133 | RobustPrompt-T Loss 1.8381  
Epoch 011 |  Time(s) 0.0136 | RobustPrompt-T Loss 1.7942  
Epoch 012 |  Time(s) 0.0135 | RobustPrompt-T Loss 1.8190  
Epoch 013 |  Time(s) 0.0135 | RobustPrompt-T Loss 1.8809  
Epoch 014 |  Time(s) 0.0133 | RobustPrompt-T Loss 1.8928  
Epoch 015 |  Time(s) 0.0134 | RobustPrompt-T Loss 1.8716  
Epoch 016 |  Time(s) 0.0136 | RobustPrompt-T Loss 1.8132  
Epoch 017 |  Time(s) 0.0137 | RobustPrompt-T Loss 1.8200  
Epoch 018 |  Time(s) 0.0136 | RobustPrompt-T Loss 1.7762  
Epoch 019 |  Time(s) 0.0137 | RobustPrompt-T Loss 1.7693  
Epoch 020 |  Time(s) 0.0137 | RobustPrompt-T Loss 1.7982  
Epoch 021 |  Time(s) 0.0135 | RobustPrompt-T Loss 1.7472  
Epoch 022 |  Time(s) 0.0137 | RobustPrompt-T Loss 1.7339  
Epoch 023 |  Time(s) 0.0138 | RobustPrompt-T Loss 1.7415  
Epoch 024 |  Time(s) 0.0136 | RobustPrompt-T Loss 1.7297  
Epoch 025 |  Time(s) 0.0136 | RobustPrompt-T Loss 1.7350  
Epoch 026 |  Time(s) 0.0135 | RobustPrompt-T Loss 1.7305  
Epoch 027 |  Time(s) 0.0137 | RobustPrompt-T Loss 1.6943  
Epoch 028 |  Time(s) 0.0138 | RobustPrompt-T Loss 1.6705  
Epoch 029 |  Time(s) 0.0137 | RobustPrompt-T Loss 1.6714  
Epoch 030 |  Time(s) 0.0136 | RobustPrompt-T Loss 1.6841  
Epoch 031 |  Time(s) 0.0136 | RobustPrompt-T Loss 1.6908  
Epoch 032 |  Time(s) 0.0138 | RobustPrompt-T Loss 1.6547  
Epoch 033 |  Time(s) 0.0137 | RobustPrompt-T Loss 1.6545  
Epoch 034 |  Time(s) 0.0137 | RobustPrompt-T Loss 1.5405  
Epoch 035 |  Time(s) 0.0136 | RobustPrompt-T Loss 1.5519  
Epoch 036 |  Time(s) 0.0136 | RobustPrompt-T Loss 1.5749  
Epoch 037 |  Time(s) 0.0138 | RobustPrompt-T Loss 1.5197  
Epoch 038 |  Time(s) 0.0136 | RobustPrompt-T Loss 1.5163  
Epoch 039 |  Time(s) 0.0135 | RobustPrompt-T Loss 1.4785  
Epoch 040 |  Time(s) 0.0135 | RobustPrompt-T Loss 1.4699  
Epoch 041 |  Time(s) 0.0137 | RobustPrompt-T Loss 1.4616  
Epoch 042 |  Time(s) 0.0138 | RobustPrompt-T Loss 1.4247  
Epoch 043 |  Time(s) 0.0138 | RobustPrompt-T Loss 1.4006  
Epoch 044 |  Time(s) 0.0136 | RobustPrompt-T Loss 1.3731  
Epoch 045 |  Time(s) 0.0137 | RobustPrompt-T Loss 1.3980  
Epoch 046 |  Time(s) 0.0135 | RobustPrompt-T Loss 1.3517  
Epoch 047 |  Time(s) 0.0139 | RobustPrompt-T Loss 1.3148  
Epoch 048 |  Time(s) 0.0139 | RobustPrompt-T Loss 1.3115  
Epoch 049 |  Time(s) 0.0137 | RobustPrompt-T Loss 1.2745  
Epoch 050 |  Time(s) 0.0140 | RobustPrompt-T Loss 1.2449  
Epoch 051 |  Time(s) 0.0140 | RobustPrompt-T Loss 1.2354  
Epoch 052 |  Time(s) 0.0142 | RobustPrompt-T Loss 1.1989  
Epoch 053 |  Time(s) 0.0143 | RobustPrompt-T Loss 1.1862  
Epoch 054 |  Time(s) 0.0138 | RobustPrompt-T Loss 1.1421  
Epoch 055 |  Time(s) 0.0140 | RobustPrompt-T Loss 1.1046  
Epoch 056 |  Time(s) 0.0141 | RobustPrompt-T Loss 1.0982  
Epoch 057 |  Time(s) 0.0140 | RobustPrompt-T Loss 1.0805  
Epoch 058 |  Time(s) 0.0140 | RobustPrompt-T Loss 1.1627  
Epoch 059 |  Time(s) 0.0139 | RobustPrompt-T Loss 1.0573  
Epoch 060 |  Time(s) 0.0139 | RobustPrompt-T Loss 1.0056  
Epoch 061 |  Time(s) 0.0138 | RobustPrompt-T Loss 0.9698  
Epoch 062 |  Time(s) 0.0139 | RobustPrompt-T Loss 0.9634  
Epoch 063 |  Time(s) 0.0140 | RobustPrompt-T Loss 1.0531  
Epoch 064 |  Time(s) 0.0140 | RobustPrompt-T Loss 0.9200  
Epoch 065 |  Time(s) 0.0139 | RobustPrompt-T Loss 0.9726  
Epoch 066 |  Time(s) 0.0139 | RobustPrompt-T Loss 0.8778  
Epoch 067 |  Time(s) 0.0139 | RobustPrompt-T Loss 0.9470  
Epoch 068 |  Time(s) 0.0140 | RobustPrompt-T Loss 0.8465  
Epoch 069 |  Time(s) 0.0140 | RobustPrompt-T Loss 1.0284  
Epoch 070 |  Time(s) 0.0140 | RobustPrompt-T Loss 0.7942  
Epoch 071 |  Time(s) 0.0140 | RobustPrompt-T Loss 0.9380  
Epoch 072 |  Time(s) 0.0139 | RobustPrompt-T Loss 0.7691  
Epoch 073 |  Time(s) 0.0140 | RobustPrompt-T Loss 0.9092  
Epoch 074 |  Time(s) 0.0140 | RobustPrompt-T Loss 0.8757  
Epoch 075 |  Time(s) 0.0138 | RobustPrompt-T Loss 0.7780  
Epoch 076 |  Time(s) 0.0138 | RobustPrompt-T Loss 0.8699  
Epoch 077 |  Time(s) 0.0140 | RobustPrompt-T Loss 0.7205  
Epoch 078 |  Time(s) 0.0140 | RobustPrompt-T Loss 0.7955  
Epoch 079 |  Time(s) 0.0138 | RobustPrompt-T Loss 0.7450  
Epoch 080 |  Time(s) 0.0137 | RobustPrompt-T Loss 0.7430  
Epoch 081 |  Time(s) 0.0137 | RobustPrompt-T Loss 0.7257  
Epoch 082 |  Time(s) 0.0138 | RobustPrompt-T Loss 0.7031  
Epoch 083 |  Time(s) 0.0139 | RobustPrompt-T Loss 0.7278  
Epoch 084 |  Time(s) 0.0140 | RobustPrompt-T Loss 0.6787  
Epoch 085 |  Time(s) 0.0137 | RobustPrompt-T Loss 0.6447  
Epoch 086 |  Time(s) 0.0138 | RobustPrompt-T Loss 0.6518  
Epoch 087 |  Time(s) 0.0138 | RobustPrompt-T Loss 0.6764  
Epoch 088 |  Time(s) 0.0140 | RobustPrompt-T Loss 0.6135  
Epoch 089 |  Time(s) 0.0140 | RobustPrompt-T Loss 0.6314  
Epoch 090 |  Time(s) 0.0137 | RobustPrompt-T Loss 0.6465  
Epoch 091 |  Time(s) 0.0138 | RobustPrompt-T Loss 0.5784  
Epoch 092 |  Time(s) 0.0139 | RobustPrompt-T Loss 0.5727  
Epoch 093 |  Time(s) 0.0140 | RobustPrompt-T Loss 0.6055  
Epoch 094 |  Time(s) 0.0139 | RobustPrompt-T Loss 0.5614  
Epoch 095 |  Time(s) 0.0139 | RobustPrompt-T Loss 0.7129  
Epoch 096 |  Time(s) 0.0137 | RobustPrompt-T Loss 0.7189  
Epoch 097 |  Time(s) 0.0139 | RobustPrompt-T Loss 0.5175  
Epoch 098 |  Time(s) 0.0140 | RobustPrompt-T Loss 0.5209  
Epoch 099 |  Time(s) 0.0141 | RobustPrompt-T Loss 0.5164  
Epoch 100 |  Time(s) 0.0139 | RobustPrompt-T Loss 0.4810  
Epoch 101 |  Time(s) 0.0138 | RobustPrompt-T Loss 0.4937  
Epoch 102 |  Time(s) 0.0138 | RobustPrompt-T Loss 0.5062  
Epoch 103 |  Time(s) 0.0138 | RobustPrompt-T Loss 0.4875  
Epoch 104 |  Time(s) 0.0140 | RobustPrompt-T Loss 0.4209  
Epoch 105 |  Time(s) 0.0139 | RobustPrompt-T Loss 0.5553  
Epoch 106 |  Time(s) 0.0138 | RobustPrompt-T Loss 0.5401  
Epoch 107 |  Time(s) 0.0140 | RobustPrompt-T Loss 0.4376  
Epoch 108 |  Time(s) 0.0138 | RobustPrompt-T Loss 0.4320  
Epoch 109 |  Time(s) 0.0139 | RobustPrompt-T Loss 0.4349  
Epoch 110 |  Time(s) 0.0140 | RobustPrompt-T Loss 0.4008  
Epoch 111 |  Time(s) 0.0139 | RobustPrompt-T Loss 0.3804  
Epoch 112 |  Time(s) 0.0139 | RobustPrompt-T Loss 0.4191  
Epoch 113 |  Time(s) 0.0138 | RobustPrompt-T Loss 0.3484  
Epoch 114 |  Time(s) 0.0139 | RobustPrompt-T Loss 0.5331  
Epoch 115 |  Time(s) 0.0139 | RobustPrompt-T Loss 0.3638  
Epoch 116 |  Time(s) 0.0138 | RobustPrompt-T Loss 0.6958  
Epoch 117 |  Time(s) 0.0138 | RobustPrompt-T Loss 0.7744  
Epoch 118 |  Time(s) 0.0138 | RobustPrompt-T Loss 0.3810  
Epoch 119 |  Time(s) 0.0139 | RobustPrompt-T Loss 0.7600  
Epoch 120 |  Time(s) 0.0144 | RobustPrompt-T Loss 0.9619  
Epoch 121 |  Time(s) 0.0138 | RobustPrompt-T Loss 0.4879  
Epoch 122 |  Time(s) 0.0138 | RobustPrompt-T Loss 0.4260  
Epoch 123 |  Time(s) 0.0139 | RobustPrompt-T Loss 0.5642  
Epoch 124 |  Time(s) 0.0140 | RobustPrompt-T Loss 0.4997  
Epoch 125 |  Time(s) 0.0139 | RobustPrompt-T Loss 0.4321  
Epoch 126 |  Time(s) 0.0138 | RobustPrompt-T Loss 0.4702  
Epoch 127 |  Time(s) 0.0138 | RobustPrompt-T Loss 0.5914  
Epoch 128 |  Time(s) 0.0139 | RobustPrompt-T Loss 0.4376  
Epoch 129 |  Time(s) 0.0139 | RobustPrompt-T Loss 0.4638  
Epoch 130 |  Time(s) 0.0139 | RobustPrompt-T Loss 0.5729  
Epoch 131 |  Time(s) 0.0138 | RobustPrompt-T Loss 0.4743  
Epoch 132 |  Time(s) 0.0140 | RobustPrompt-T Loss 0.4664  
----------------------------------------------------------------------------------------------------
Early stopping at 133 eopch!
Final True Accuracy: 0.2201 | Macro F1 Score: 0.2157
best_loss [tensor(0.4771, device='cuda:0', grad_fn=<AddBackward0>)]
load LLC or attacked data with specified split
Successfully loaded the attack of dataname with few shot 5, split 1
Attack method : Meta_Self | Attack ptb : 0.05 | Dataset: Cora
======================
Number of graphs: 1
Number of features: 1433
Number of classes: 7

Data(x=[2708, 1433], edge_index=[2, 13850], y=[2708], train_mask=[2708], val_mask=[2708], test_mask=[2708])
===========================================================================================================
Number of nodes: 2708
Number of edges: 13850
Average node degree: 5.11
Has isolated nodes: False
Has self-loops: True
Is undirected: True
GCN(
  (conv_layers): ModuleList(
    (0): GCNConv(1433, 256)
    (1): GCNConv(256, 256)
  )
)
Successfully loaded pre-trained weights!
use RobustPrompt Tranductive
defense pt dict :  {'sim_pt': 0.3, 'degree_pt': -1, 'out_detect_pt': 0.5, 'other_pt': 'all'}
use_attention :  False
cosine_constraint :  True
pt_threshold :  0.5
filter_module :  OriginalFilter
temperature :  1.0
weight_mse 0.1
weight_kl :  0.3
weight_constraint :  0.2
run RobustPrompt-T
Epoch 001 |  Time(s) 0.0147 | RobustPrompt-T Loss 1.9482  
Epoch 002 |  Time(s) 0.0131 | RobustPrompt-T Loss 1.9381  
Epoch 003 |  Time(s) 0.0139 | RobustPrompt-T Loss 1.9270  
Epoch 004 |  Time(s) 0.0140 | RobustPrompt-T Loss 1.9196  
Epoch 005 |  Time(s) 0.0138 | RobustPrompt-T Loss 1.9253  
Epoch 006 |  Time(s) 0.0136 | RobustPrompt-T Loss 1.9124  
Epoch 007 |  Time(s) 0.0134 | RobustPrompt-T Loss 1.9034  
Epoch 008 |  Time(s) 0.0139 | RobustPrompt-T Loss 1.8873  
Epoch 009 |  Time(s) 0.0138 | RobustPrompt-T Loss 1.8764  
Epoch 010 |  Time(s) 0.0137 | RobustPrompt-T Loss 1.8614  
Epoch 011 |  Time(s) 0.0135 | RobustPrompt-T Loss 1.8415  
Epoch 012 |  Time(s) 0.0134 | RobustPrompt-T Loss 1.8269  
Epoch 013 |  Time(s) 0.0137 | RobustPrompt-T Loss 1.8007  
Epoch 014 |  Time(s) 0.0137 | RobustPrompt-T Loss 1.8449  
Epoch 015 |  Time(s) 0.0138 | RobustPrompt-T Loss 1.7933  
Epoch 016 |  Time(s) 0.0135 | RobustPrompt-T Loss 1.8172  
Epoch 017 |  Time(s) 0.0135 | RobustPrompt-T Loss 1.8279  
Epoch 018 |  Time(s) 0.0136 | RobustPrompt-T Loss 1.8295  
Epoch 019 |  Time(s) 0.0138 | RobustPrompt-T Loss 1.7614  
Epoch 020 |  Time(s) 0.0137 | RobustPrompt-T Loss 1.7668  
Epoch 021 |  Time(s) 0.0137 | RobustPrompt-T Loss 1.7684  
Epoch 022 |  Time(s) 0.0135 | RobustPrompt-T Loss 1.7147  
Epoch 023 |  Time(s) 0.0137 | RobustPrompt-T Loss 1.7551  
Epoch 024 |  Time(s) 0.0139 | RobustPrompt-T Loss 1.7706  
Epoch 025 |  Time(s) 0.0136 | RobustPrompt-T Loss 1.7260  
Epoch 026 |  Time(s) 0.0136 | RobustPrompt-T Loss 1.6840  
Epoch 027 |  Time(s) 0.0137 | RobustPrompt-T Loss 1.7079  
Epoch 028 |  Time(s) 0.0137 | RobustPrompt-T Loss 1.6995  
Epoch 029 |  Time(s) 0.0139 | RobustPrompt-T Loss 1.6823  
Epoch 030 |  Time(s) 0.0136 | RobustPrompt-T Loss 1.6462  
Epoch 031 |  Time(s) 0.0135 | RobustPrompt-T Loss 1.6302  
Epoch 032 |  Time(s) 0.0136 | RobustPrompt-T Loss 1.6232  
Epoch 033 |  Time(s) 0.0137 | RobustPrompt-T Loss 1.5749  
Epoch 034 |  Time(s) 0.0138 | RobustPrompt-T Loss 1.6033  
Epoch 035 |  Time(s) 0.0136 | RobustPrompt-T Loss 1.5211  
Epoch 036 |  Time(s) 0.0136 | RobustPrompt-T Loss 1.4934  
Epoch 037 |  Time(s) 0.0136 | RobustPrompt-T Loss 1.4874  
Epoch 038 |  Time(s) 0.0137 | RobustPrompt-T Loss 1.4303  
Epoch 039 |  Time(s) 0.0137 | RobustPrompt-T Loss 1.3972  
Epoch 040 |  Time(s) 0.0137 | RobustPrompt-T Loss 1.3856  
Epoch 041 |  Time(s) 0.0136 | RobustPrompt-T Loss 1.3633  
Epoch 042 |  Time(s) 0.0136 | RobustPrompt-T Loss 1.3317  
Epoch 043 |  Time(s) 0.0138 | RobustPrompt-T Loss 1.2762  
Epoch 044 |  Time(s) 0.0138 | RobustPrompt-T Loss 1.2821  
Epoch 045 |  Time(s) 0.0136 | RobustPrompt-T Loss 1.2689  
Epoch 046 |  Time(s) 0.0135 | RobustPrompt-T Loss 1.3273  
Epoch 047 |  Time(s) 0.0135 | RobustPrompt-T Loss 1.2123  
Epoch 048 |  Time(s) 0.0137 | RobustPrompt-T Loss 1.1681  
Epoch 049 |  Time(s) 0.0137 | RobustPrompt-T Loss 1.1189  
Epoch 050 |  Time(s) 0.0137 | RobustPrompt-T Loss 1.1389  
Epoch 051 |  Time(s) 0.0135 | RobustPrompt-T Loss 1.2164  
Epoch 052 |  Time(s) 0.0136 | RobustPrompt-T Loss 1.0973  
Epoch 053 |  Time(s) 0.0136 | RobustPrompt-T Loss 1.1273  
Epoch 054 |  Time(s) 0.0137 | RobustPrompt-T Loss 1.0601  
Epoch 055 |  Time(s) 0.0135 | RobustPrompt-T Loss 1.0424  
Epoch 056 |  Time(s) 0.0139 | RobustPrompt-T Loss 0.9828  
Epoch 057 |  Time(s) 0.0137 | RobustPrompt-T Loss 1.0370  
Epoch 058 |  Time(s) 0.0138 | RobustPrompt-T Loss 1.0319  
Epoch 059 |  Time(s) 0.0138 | RobustPrompt-T Loss 1.0039  
Epoch 060 |  Time(s) 0.0137 | RobustPrompt-T Loss 0.9161  
Epoch 061 |  Time(s) 0.0139 | RobustPrompt-T Loss 1.0861  
Epoch 062 |  Time(s) 0.0138 | RobustPrompt-T Loss 0.8732  
Epoch 063 |  Time(s) 0.0137 | RobustPrompt-T Loss 0.9222  
Epoch 064 |  Time(s) 0.0138 | RobustPrompt-T Loss 0.8662  
Epoch 065 |  Time(s) 0.0135 | RobustPrompt-T Loss 0.8883  
Epoch 066 |  Time(s) 0.0137 | RobustPrompt-T Loss 0.8236  
Epoch 067 |  Time(s) 0.0137 | RobustPrompt-T Loss 0.8395  
Epoch 068 |  Time(s) 0.0139 | RobustPrompt-T Loss 0.8012  
Epoch 069 |  Time(s) 0.0138 | RobustPrompt-T Loss 0.7655  
Epoch 070 |  Time(s) 0.0136 | RobustPrompt-T Loss 0.7829  
Epoch 071 |  Time(s) 0.0138 | RobustPrompt-T Loss 0.7339  
Epoch 072 |  Time(s) 0.0138 | RobustPrompt-T Loss 0.7054  
Epoch 073 |  Time(s) 0.0137 | RobustPrompt-T Loss 0.7281  
Epoch 074 |  Time(s) 0.0136 | RobustPrompt-T Loss 0.7155  
Epoch 075 |  Time(s) 0.0136 | RobustPrompt-T Loss 0.7174  
Epoch 076 |  Time(s) 0.0137 | RobustPrompt-T Loss 0.6145  
Epoch 077 |  Time(s) 0.0138 | RobustPrompt-T Loss 0.6809  
Epoch 078 |  Time(s) 0.0137 | RobustPrompt-T Loss 0.6966  
Epoch 079 |  Time(s) 0.0138 | RobustPrompt-T Loss 0.6268  
Epoch 080 |  Time(s) 0.0137 | RobustPrompt-T Loss 0.7029  
Epoch 081 |  Time(s) 0.0136 | RobustPrompt-T Loss 0.5553  
Epoch 082 |  Time(s) 0.0138 | RobustPrompt-T Loss 0.7360  
Epoch 083 |  Time(s) 0.0136 | RobustPrompt-T Loss 0.6953  
Epoch 084 |  Time(s) 0.0137 | RobustPrompt-T Loss 0.5482  
Epoch 085 |  Time(s) 0.0138 | RobustPrompt-T Loss 0.5150  
Epoch 086 |  Time(s) 0.0137 | RobustPrompt-T Loss 0.6034  
Epoch 087 |  Time(s) 0.0140 | RobustPrompt-T Loss 0.4733  
Epoch 088 |  Time(s) 0.0137 | RobustPrompt-T Loss 0.4583  
Epoch 089 |  Time(s) 0.0137 | RobustPrompt-T Loss 0.4584  
Epoch 090 |  Time(s) 0.0136 | RobustPrompt-T Loss 0.4716  
Epoch 091 |  Time(s) 0.0138 | RobustPrompt-T Loss 0.4247  
Epoch 092 |  Time(s) 0.0138 | RobustPrompt-T Loss 0.4093  
Epoch 093 |  Time(s) 0.0137 | RobustPrompt-T Loss 0.4012  
Epoch 094 |  Time(s) 0.0137 | RobustPrompt-T Loss 0.3858  
Epoch 095 |  Time(s) 0.0136 | RobustPrompt-T Loss 0.3796  
Epoch 096 |  Time(s) 0.0138 | RobustPrompt-T Loss 0.3620  
Epoch 097 |  Time(s) 0.0137 | RobustPrompt-T Loss 0.3391  
Epoch 098 |  Time(s) 0.0135 | RobustPrompt-T Loss 0.3218  
Epoch 099 |  Time(s) 0.0138 | RobustPrompt-T Loss 0.3251  
Epoch 100 |  Time(s) 0.0139 | RobustPrompt-T Loss 0.3180  
Epoch 101 |  Time(s) 0.0138 | RobustPrompt-T Loss 0.3060  
Epoch 102 |  Time(s) 0.0138 | RobustPrompt-T Loss 0.2878  
Epoch 103 |  Time(s) 0.0135 | RobustPrompt-T Loss 0.2745  
Epoch 104 |  Time(s) 0.0138 | RobustPrompt-T Loss 0.2686  
Epoch 105 |  Time(s) 0.0137 | RobustPrompt-T Loss 0.2738  
Epoch 106 |  Time(s) 0.0138 | RobustPrompt-T Loss 0.2595  
Epoch 107 |  Time(s) 0.0137 | RobustPrompt-T Loss 0.2427  
Epoch 108 |  Time(s) 0.0138 | RobustPrompt-T Loss 0.2414  
Epoch 109 |  Time(s) 0.0138 | RobustPrompt-T Loss 0.2304  
Epoch 110 |  Time(s) 0.0137 | RobustPrompt-T Loss 0.2204  
Epoch 111 |  Time(s) 0.0136 | RobustPrompt-T Loss 0.2231  
Epoch 112 |  Time(s) 0.0137 | RobustPrompt-T Loss 0.2141  
Epoch 113 |  Time(s) 0.0137 | RobustPrompt-T Loss 0.2063  
Epoch 114 |  Time(s) 0.0138 | RobustPrompt-T Loss 0.1984  
Epoch 115 |  Time(s) 0.0137 | RobustPrompt-T Loss 0.1927  
Epoch 116 |  Time(s) 0.0138 | RobustPrompt-T Loss 0.1909  
Epoch 117 |  Time(s) 0.0136 | RobustPrompt-T Loss 0.1765  
Epoch 118 |  Time(s) 0.0136 | RobustPrompt-T Loss 0.1742  
Epoch 119 |  Time(s) 0.0137 | RobustPrompt-T Loss 0.1685  
Epoch 120 |  Time(s) 0.0137 | RobustPrompt-T Loss 0.1623  
Epoch 121 |  Time(s) 0.0138 | RobustPrompt-T Loss 0.1522  
Epoch 122 |  Time(s) 0.0137 | RobustPrompt-T Loss 0.1437  
Epoch 123 |  Time(s) 0.0137 | RobustPrompt-T Loss 0.1382  
Epoch 124 |  Time(s) 0.0137 | RobustPrompt-T Loss 0.1308  
Epoch 125 |  Time(s) 0.0137 | RobustPrompt-T Loss 0.1267  
Epoch 126 |  Time(s) 0.0137 | RobustPrompt-T Loss 0.1188  
Epoch 127 |  Time(s) 0.0136 | RobustPrompt-T Loss 0.1148  
Epoch 128 |  Time(s) 0.0137 | RobustPrompt-T Loss 0.1099  
Epoch 129 |  Time(s) 0.0142 | RobustPrompt-T Loss 0.1057  
Epoch 130 |  Time(s) 0.0150 | RobustPrompt-T Loss 0.1065  
Epoch 131 |  Time(s) 0.0137 | RobustPrompt-T Loss 0.1015  
Epoch 132 |  Time(s) 0.0138 | RobustPrompt-T Loss 0.0962  
Epoch 133 |  Time(s) 0.0137 | RobustPrompt-T Loss 0.1017  
Epoch 134 |  Time(s) 0.0140 | RobustPrompt-T Loss 0.1337  
Epoch 135 |  Time(s) 0.0136 | RobustPrompt-T Loss 0.4965  
Epoch 136 |  Time(s) 0.0136 | RobustPrompt-T Loss 0.2506  
Epoch 137 |  Time(s) 0.0136 | RobustPrompt-T Loss 0.6691  
Epoch 138 |  Time(s) 0.0140 | RobustPrompt-T Loss 0.7976  
Epoch 139 |  Time(s) 0.0138 | RobustPrompt-T Loss 0.2298  
Epoch 140 |  Time(s) 0.0136 | RobustPrompt-T Loss 0.5964  
Epoch 141 |  Time(s) 0.0137 | RobustPrompt-T Loss 0.7878  
Epoch 142 |  Time(s) 0.0137 | RobustPrompt-T Loss 0.5065  
Epoch 143 |  Time(s) 0.0140 | RobustPrompt-T Loss 0.2624  
Epoch 144 |  Time(s) 0.0139 | RobustPrompt-T Loss 0.1882  
Epoch 145 |  Time(s) 0.0137 | RobustPrompt-T Loss 0.2565  
Epoch 146 |  Time(s) 0.0137 | RobustPrompt-T Loss 0.1738  
Epoch 147 |  Time(s) 0.0138 | RobustPrompt-T Loss 0.2173  
Epoch 148 |  Time(s) 0.0136 | RobustPrompt-T Loss 0.2240  
Epoch 149 |  Time(s) 0.0140 | RobustPrompt-T Loss 0.3054  
Epoch 150 |  Time(s) 0.0138 | RobustPrompt-T Loss 0.2355  
Epoch 151 |  Time(s) 0.0138 | RobustPrompt-T Loss 0.1355  
----------------------------------------------------------------------------------------------------
Early stopping at 152 eopch!
Final True Accuracy: 0.2043 | Macro F1 Score: 0.1988
best_loss [tensor(0.1204, device='cuda:0', grad_fn=<AddBackward0>)]
load LLC or attacked data with specified split
Successfully loaded the attack of dataname with few shot 5, split 1
Attack method : Meta_Self | Attack ptb : 0.05 | Dataset: Cora
======================
Number of graphs: 1
Number of features: 1433
Number of classes: 7

Data(x=[2708, 1433], edge_index=[2, 13850], y=[2708], train_mask=[2708], val_mask=[2708], test_mask=[2708])
===========================================================================================================
Number of nodes: 2708
Number of edges: 13850
Average node degree: 5.11
Has isolated nodes: False
Has self-loops: True
Is undirected: True
GCN(
  (conv_layers): ModuleList(
    (0): GCNConv(1433, 256)
    (1): GCNConv(256, 256)
  )
)
Successfully loaded pre-trained weights!
use RobustPrompt Tranductive
defense pt dict :  {'sim_pt': 0.3, 'degree_pt': -1, 'out_detect_pt': 0.5, 'other_pt': 'all'}
use_attention :  False
cosine_constraint :  True
pt_threshold :  0.5
filter_module :  OriginalFilter
temperature :  1.0
weight_mse 0.1
weight_kl :  0.3
weight_constraint :  0.2
run RobustPrompt-T
Epoch 001 |  Time(s) 0.0140 | RobustPrompt-T Loss 1.9452  
Epoch 002 |  Time(s) 0.0136 | RobustPrompt-T Loss 1.9461  
Epoch 003 |  Time(s) 0.0137 | RobustPrompt-T Loss 1.9350  
Epoch 004 |  Time(s) 0.0138 | RobustPrompt-T Loss 1.9238  
Epoch 005 |  Time(s) 0.0138 | RobustPrompt-T Loss 1.9229  
Epoch 006 |  Time(s) 0.0137 | RobustPrompt-T Loss 1.9204  
Epoch 007 |  Time(s) 0.0138 | RobustPrompt-T Loss 1.9187  
Epoch 008 |  Time(s) 0.0137 | RobustPrompt-T Loss 1.8962  
Epoch 009 |  Time(s) 0.0139 | RobustPrompt-T Loss 1.8948  
Epoch 010 |  Time(s) 0.0138 | RobustPrompt-T Loss 1.8939  
Epoch 011 |  Time(s) 0.0139 | RobustPrompt-T Loss 1.8744  
Epoch 012 |  Time(s) 0.0139 | RobustPrompt-T Loss 1.8616  
Epoch 013 |  Time(s) 0.0141 | RobustPrompt-T Loss 1.8456  
Epoch 014 |  Time(s) 0.0140 | RobustPrompt-T Loss 1.8389  
Epoch 015 |  Time(s) 0.0139 | RobustPrompt-T Loss 1.8348  
Epoch 016 |  Time(s) 0.0138 | RobustPrompt-T Loss 1.8027  
Epoch 017 |  Time(s) 0.0142 | RobustPrompt-T Loss 1.7793  
Epoch 018 |  Time(s) 0.0138 | RobustPrompt-T Loss 1.8254  
Epoch 019 |  Time(s) 0.0139 | RobustPrompt-T Loss 1.7880  
Epoch 020 |  Time(s) 0.0138 | RobustPrompt-T Loss 1.7437  
Epoch 021 |  Time(s) 0.0142 | RobustPrompt-T Loss 1.7711  
Epoch 022 |  Time(s) 0.0140 | RobustPrompt-T Loss 1.7582  
Epoch 023 |  Time(s) 0.0139 | RobustPrompt-T Loss 1.7453  
Epoch 024 |  Time(s) 0.0141 | RobustPrompt-T Loss 1.6587  
Epoch 025 |  Time(s) 0.0140 | RobustPrompt-T Loss 1.7159  
Epoch 026 |  Time(s) 0.0141 | RobustPrompt-T Loss 1.7240  
Epoch 027 |  Time(s) 0.0138 | RobustPrompt-T Loss 1.6402  
Epoch 028 |  Time(s) 0.0139 | RobustPrompt-T Loss 1.7267  
Epoch 029 |  Time(s) 0.0141 | RobustPrompt-T Loss 1.6052  
Epoch 030 |  Time(s) 0.0138 | RobustPrompt-T Loss 1.6060  
Epoch 031 |  Time(s) 0.0139 | RobustPrompt-T Loss 1.5643  
Epoch 032 |  Time(s) 0.0139 | RobustPrompt-T Loss 1.5502  
Epoch 033 |  Time(s) 0.0140 | RobustPrompt-T Loss 1.4998  
Epoch 034 |  Time(s) 0.0140 | RobustPrompt-T Loss 1.4912  
Epoch 035 |  Time(s) 0.0137 | RobustPrompt-T Loss 1.4646  
Epoch 036 |  Time(s) 0.0139 | RobustPrompt-T Loss 1.4581  
Epoch 037 |  Time(s) 0.0138 | RobustPrompt-T Loss 1.4307  
Epoch 038 |  Time(s) 0.0141 | RobustPrompt-T Loss 1.4205  
Epoch 039 |  Time(s) 0.0137 | RobustPrompt-T Loss 1.4051  
Epoch 040 |  Time(s) 0.0138 | RobustPrompt-T Loss 1.3813  
Epoch 041 |  Time(s) 0.0138 | RobustPrompt-T Loss 1.3682  
Epoch 042 |  Time(s) 0.0139 | RobustPrompt-T Loss 1.3424  
Epoch 043 |  Time(s) 0.0141 | RobustPrompt-T Loss 1.3347  
Epoch 044 |  Time(s) 0.0136 | RobustPrompt-T Loss 1.3002  
Epoch 045 |  Time(s) 0.0140 | RobustPrompt-T Loss 1.2819  
Epoch 046 |  Time(s) 0.0141 | RobustPrompt-T Loss 1.2604  
Epoch 047 |  Time(s) 0.0141 | RobustPrompt-T Loss 1.2579  
Epoch 048 |  Time(s) 0.0142 | RobustPrompt-T Loss 1.2549  
Epoch 049 |  Time(s) 0.0140 | RobustPrompt-T Loss 1.2031  
Epoch 050 |  Time(s) 0.0139 | RobustPrompt-T Loss 1.1731  
Epoch 051 |  Time(s) 0.0139 | RobustPrompt-T Loss 1.1737  
Epoch 052 |  Time(s) 0.0140 | RobustPrompt-T Loss 1.1735  
Epoch 053 |  Time(s) 0.0139 | RobustPrompt-T Loss 1.1700  
Epoch 054 |  Time(s) 0.0139 | RobustPrompt-T Loss 1.1164  
Epoch 055 |  Time(s) 0.0139 | RobustPrompt-T Loss 1.0721  
Epoch 056 |  Time(s) 0.0139 | RobustPrompt-T Loss 1.1223  
Epoch 057 |  Time(s) 0.0140 | RobustPrompt-T Loss 1.1196  
Epoch 058 |  Time(s) 0.0138 | RobustPrompt-T Loss 1.0105  
Epoch 059 |  Time(s) 0.0138 | RobustPrompt-T Loss 1.1249  
Epoch 060 |  Time(s) 0.0139 | RobustPrompt-T Loss 1.0028  
Epoch 061 |  Time(s) 0.0141 | RobustPrompt-T Loss 1.0047  
Epoch 062 |  Time(s) 0.0141 | RobustPrompt-T Loss 1.0486  
Epoch 063 |  Time(s) 0.0139 | RobustPrompt-T Loss 0.9743  
Epoch 064 |  Time(s) 0.0136 | RobustPrompt-T Loss 1.0322  
Epoch 065 |  Time(s) 0.0140 | RobustPrompt-T Loss 0.9502  
Epoch 066 |  Time(s) 0.0141 | RobustPrompt-T Loss 1.1295  
Epoch 067 |  Time(s) 0.0141 | RobustPrompt-T Loss 0.9916  
Epoch 068 |  Time(s) 0.0137 | RobustPrompt-T Loss 1.0120  
Epoch 069 |  Time(s) 0.0139 | RobustPrompt-T Loss 1.0229  
Epoch 070 |  Time(s) 0.0140 | RobustPrompt-T Loss 0.9371  
Epoch 071 |  Time(s) 0.0141 | RobustPrompt-T Loss 0.8653  
Epoch 072 |  Time(s) 0.0138 | RobustPrompt-T Loss 0.8921  
Epoch 073 |  Time(s) 0.0139 | RobustPrompt-T Loss 0.8172  
Epoch 074 |  Time(s) 0.0138 | RobustPrompt-T Loss 0.8424  
Epoch 075 |  Time(s) 0.0142 | RobustPrompt-T Loss 0.8070  
Epoch 076 |  Time(s) 0.0140 | RobustPrompt-T Loss 0.8051  
Epoch 077 |  Time(s) 0.0140 | RobustPrompt-T Loss 0.7777  
Epoch 078 |  Time(s) 0.0139 | RobustPrompt-T Loss 0.7403  
Epoch 079 |  Time(s) 0.0140 | RobustPrompt-T Loss 0.7349  
Epoch 080 |  Time(s) 0.0138 | RobustPrompt-T Loss 0.7012  
Epoch 081 |  Time(s) 0.0140 | RobustPrompt-T Loss 0.6946  
Epoch 082 |  Time(s) 0.0140 | RobustPrompt-T Loss 0.6767  
Epoch 083 |  Time(s) 0.0140 | RobustPrompt-T Loss 0.6617  
Epoch 084 |  Time(s) 0.0138 | RobustPrompt-T Loss 0.6527  
Epoch 085 |  Time(s) 0.0138 | RobustPrompt-T Loss 0.6209  
Epoch 086 |  Time(s) 0.0140 | RobustPrompt-T Loss 0.6081  
Epoch 087 |  Time(s) 0.0141 | RobustPrompt-T Loss 0.5954  
Epoch 088 |  Time(s) 0.0139 | RobustPrompt-T Loss 0.5711  
Epoch 089 |  Time(s) 0.0139 | RobustPrompt-T Loss 0.5524  
Epoch 090 |  Time(s) 0.0141 | RobustPrompt-T Loss 0.5374  
Epoch 091 |  Time(s) 0.0140 | RobustPrompt-T Loss 0.5265  
Epoch 092 |  Time(s) 0.0138 | RobustPrompt-T Loss 0.5041  
Epoch 093 |  Time(s) 0.0139 | RobustPrompt-T Loss 0.4842  
Epoch 094 |  Time(s) 0.0138 | RobustPrompt-T Loss 0.4628  
Epoch 095 |  Time(s) 0.0141 | RobustPrompt-T Loss 0.4428  
Epoch 096 |  Time(s) 0.0139 | RobustPrompt-T Loss 0.4273  
Epoch 097 |  Time(s) 0.0139 | RobustPrompt-T Loss 0.4127  
Epoch 098 |  Time(s) 0.0138 | RobustPrompt-T Loss 0.4021  
Epoch 099 |  Time(s) 0.0139 | RobustPrompt-T Loss 0.3875  
Epoch 100 |  Time(s) 0.0139 | RobustPrompt-T Loss 0.3724  
Epoch 101 |  Time(s) 0.0139 | RobustPrompt-T Loss 0.3520  
Epoch 102 |  Time(s) 0.0139 | RobustPrompt-T Loss 0.3314  
Epoch 103 |  Time(s) 0.0139 | RobustPrompt-T Loss 0.3141  
Epoch 104 |  Time(s) 0.0140 | RobustPrompt-T Loss 0.3026  
Epoch 105 |  Time(s) 0.0140 | RobustPrompt-T Loss 0.2922  
Epoch 106 |  Time(s) 0.0140 | RobustPrompt-T Loss 0.2819  
Epoch 107 |  Time(s) 0.0138 | RobustPrompt-T Loss 0.2720  
Epoch 108 |  Time(s) 0.0141 | RobustPrompt-T Loss 0.2644  
Epoch 109 |  Time(s) 0.0139 | RobustPrompt-T Loss 0.2529  
Epoch 110 |  Time(s) 0.0138 | RobustPrompt-T Loss 0.2397  
Epoch 111 |  Time(s) 0.0139 | RobustPrompt-T Loss 0.2317  
Epoch 112 |  Time(s) 0.0140 | RobustPrompt-T Loss 0.2234  
Epoch 113 |  Time(s) 0.0139 | RobustPrompt-T Loss 0.2168  
Epoch 114 |  Time(s) 0.0139 | RobustPrompt-T Loss 0.2043  
Epoch 115 |  Time(s) 0.0139 | RobustPrompt-T Loss 0.1977  
Epoch 116 |  Time(s) 0.0139 | RobustPrompt-T Loss 0.1907  
Epoch 117 |  Time(s) 0.0139 | RobustPrompt-T Loss 0.1828  
Epoch 118 |  Time(s) 0.0143 | RobustPrompt-T Loss 0.1758  
Epoch 119 |  Time(s) 0.0141 | RobustPrompt-T Loss 0.1687  
Epoch 120 |  Time(s) 0.0140 | RobustPrompt-T Loss 0.1613  
Epoch 121 |  Time(s) 0.0151 | RobustPrompt-T Loss 0.1539  
Epoch 122 |  Time(s) 0.0142 | RobustPrompt-T Loss 0.1460  
Epoch 123 |  Time(s) 0.0145 | RobustPrompt-T Loss 0.1377  
Epoch 124 |  Time(s) 0.0143 | RobustPrompt-T Loss 0.1289  
Epoch 125 |  Time(s) 0.0141 | RobustPrompt-T Loss 0.1220  
Epoch 126 |  Time(s) 0.0145 | RobustPrompt-T Loss 0.1147  
Epoch 127 |  Time(s) 0.0142 | RobustPrompt-T Loss 0.1076  
Epoch 128 |  Time(s) 0.0143 | RobustPrompt-T Loss 0.1012  
Epoch 129 |  Time(s) 0.0140 | RobustPrompt-T Loss 0.0956  
Epoch 130 |  Time(s) 0.0141 | RobustPrompt-T Loss 0.0904  
Epoch 131 |  Time(s) 0.0140 | RobustPrompt-T Loss 0.0856  
Epoch 132 |  Time(s) 0.0145 | RobustPrompt-T Loss 0.0813  
Epoch 133 |  Time(s) 0.0142 | RobustPrompt-T Loss 0.0774  
Epoch 134 |  Time(s) 0.0142 | RobustPrompt-T Loss 0.0739  
Epoch 135 |  Time(s) 0.0141 | RobustPrompt-T Loss 0.0708  
Epoch 136 |  Time(s) 0.0145 | RobustPrompt-T Loss 0.0680  
Epoch 137 |  Time(s) 0.0142 | RobustPrompt-T Loss 0.0652  
Epoch 138 |  Time(s) 0.0143 | RobustPrompt-T Loss 0.0629  
Epoch 139 |  Time(s) 0.0146 | RobustPrompt-T Loss 0.0610  
Epoch 140 |  Time(s) 0.0143 | RobustPrompt-T Loss 0.0592  
Epoch 141 |  Time(s) 0.0141 | RobustPrompt-T Loss 0.0575  
Epoch 142 |  Time(s) 0.0140 | RobustPrompt-T Loss 0.0560  
Epoch 143 |  Time(s) 0.0140 | RobustPrompt-T Loss 0.0548  
Epoch 144 |  Time(s) 0.0141 | RobustPrompt-T Loss 0.0536  
Epoch 145 |  Time(s) 0.0138 | RobustPrompt-T Loss 0.0525  
Epoch 146 |  Time(s) 0.0142 | RobustPrompt-T Loss 0.0515  
Epoch 147 |  Time(s) 0.0145 | RobustPrompt-T Loss 0.0508  
Epoch 148 |  Time(s) 0.0142 | RobustPrompt-T Loss 0.0500  
Epoch 149 |  Time(s) 0.0140 | RobustPrompt-T Loss 0.0492  
Epoch 150 |  Time(s) 0.0141 | RobustPrompt-T Loss 0.0485  
Epoch 151 |  Time(s) 0.0145 | RobustPrompt-T Loss 0.0479  
Epoch 152 |  Time(s) 0.0142 | RobustPrompt-T Loss 0.0473  
Epoch 153 |  Time(s) 0.0143 | RobustPrompt-T Loss 0.0469  
Epoch 154 |  Time(s) 0.0141 | RobustPrompt-T Loss 0.0462  
Epoch 155 |  Time(s) 0.0144 | RobustPrompt-T Loss 0.0453  
Epoch 156 |  Time(s) 0.0143 | RobustPrompt-T Loss 0.0444  
Epoch 157 |  Time(s) 0.0139 | RobustPrompt-T Loss 0.0459  
Epoch 158 |  Time(s) 0.0143 | RobustPrompt-T Loss 0.0451  
Epoch 159 |  Time(s) 0.0147 | RobustPrompt-T Loss 0.0446  
Epoch 160 |  Time(s) 0.0144 | RobustPrompt-T Loss 0.0427  
Epoch 161 |  Time(s) 0.0146 | RobustPrompt-T Loss 0.0426  
Epoch 162 |  Time(s) 0.0144 | RobustPrompt-T Loss 0.0418  
Epoch 163 |  Time(s) 0.0147 | RobustPrompt-T Loss 0.0426  
Epoch 164 |  Time(s) 0.0143 | RobustPrompt-T Loss 0.0428  
Epoch 165 |  Time(s) 0.0142 | RobustPrompt-T Loss 0.0408  
Epoch 166 |  Time(s) 0.0146 | RobustPrompt-T Loss 0.0439  
Epoch 167 |  Time(s) 0.0144 | RobustPrompt-T Loss 0.0411  
Epoch 168 |  Time(s) 0.0146 | RobustPrompt-T Loss 0.0428  
Epoch 169 |  Time(s) 0.0143 | RobustPrompt-T Loss 0.0395  
Epoch 170 |  Time(s) 0.0147 | RobustPrompt-T Loss 0.0413  
Epoch 171 |  Time(s) 0.0144 | RobustPrompt-T Loss 0.0406  
Epoch 172 |  Time(s) 0.0146 | RobustPrompt-T Loss 0.0387  
Epoch 173 |  Time(s) 0.0142 | RobustPrompt-T Loss 0.0412  
Epoch 174 |  Time(s) 0.0143 | RobustPrompt-T Loss 0.0376  
Epoch 175 |  Time(s) 0.0146 | RobustPrompt-T Loss 0.0384  
Epoch 176 |  Time(s) 0.0143 | RobustPrompt-T Loss 0.0415  
Epoch 177 |  Time(s) 0.0142 | RobustPrompt-T Loss 0.0429  
Epoch 178 |  Time(s) 0.0140 | RobustPrompt-T Loss 0.0489  
Epoch 179 |  Time(s) 0.0145 | RobustPrompt-T Loss 0.0541  
Epoch 180 |  Time(s) 0.0143 | RobustPrompt-T Loss 0.0768  
Epoch 181 |  Time(s) 0.0142 | RobustPrompt-T Loss 0.1043  
Epoch 182 |  Time(s) 0.0140 | RobustPrompt-T Loss 0.0330  
Epoch 183 |  Time(s) 0.0140 | RobustPrompt-T Loss 0.1155  
Epoch 184 |  Time(s) 0.0145 | RobustPrompt-T Loss 0.0543  
Epoch 185 |  Time(s) 0.0143 | RobustPrompt-T Loss 0.0346  
Epoch 186 |  Time(s) 0.0142 | RobustPrompt-T Loss 0.0669  
Epoch 187 |  Time(s) 0.0145 | RobustPrompt-T Loss 0.0836  
Epoch 188 |  Time(s) 0.0143 | RobustPrompt-T Loss 0.0347  
Epoch 189 |  Time(s) 0.0143 | RobustPrompt-T Loss 0.0606  
Epoch 190 |  Time(s) 0.0146 | RobustPrompt-T Loss 0.1419  
Epoch 191 |  Time(s) 0.0142 | RobustPrompt-T Loss 0.0488  
Epoch 192 |  Time(s) 0.0142 | RobustPrompt-T Loss 0.1047  
Epoch 193 |  Time(s) 0.0146 | RobustPrompt-T Loss 0.0526  
Epoch 194 |  Time(s) 0.0144 | RobustPrompt-T Loss 0.0568  
Epoch 195 |  Time(s) 0.0145 | RobustPrompt-T Loss 0.0379  
Epoch 196 |  Time(s) 0.0142 | RobustPrompt-T Loss 0.0614  
Epoch 197 |  Time(s) 0.0144 | RobustPrompt-T Loss 0.0490  
Epoch 198 |  Time(s) 0.0146 | RobustPrompt-T Loss 0.0327  
Epoch 199 |  Time(s) 0.0141 | RobustPrompt-T Loss 0.0501  
Epoch 200 |  Time(s) 0.0143 | RobustPrompt-T Loss 0.0319  
Final True Accuracy: 0.2596 | Macro F1 Score: 0.2439
best_loss [tensor(0.0319, device='cuda:0', grad_fn=<AddBackward0>)]
load LLC or attacked data with specified split
Successfully loaded the attack of dataname with few shot 5, split 1
Attack method : Meta_Self | Attack ptb : 0.05 | Dataset: Cora
======================
Number of graphs: 1
Number of features: 1433
Number of classes: 7

Data(x=[2708, 1433], edge_index=[2, 13850], y=[2708], train_mask=[2708], val_mask=[2708], test_mask=[2708])
===========================================================================================================
Number of nodes: 2708
Number of edges: 13850
Average node degree: 5.11
Has isolated nodes: False
Has self-loops: True
Is undirected: True
GCN(
  (conv_layers): ModuleList(
    (0): GCNConv(1433, 256)
    (1): GCNConv(256, 256)
  )
)
Successfully loaded pre-trained weights!
use RobustPrompt Tranductive
defense pt dict :  {'sim_pt': 0.3, 'degree_pt': -1, 'out_detect_pt': 0.5, 'other_pt': 'all'}
use_attention :  False
cosine_constraint :  True
pt_threshold :  0.5
filter_module :  OriginalFilter
temperature :  1.0
weight_mse 0.1
weight_kl :  0.3
weight_constraint :  0.2
run RobustPrompt-T
Epoch 001 |  Time(s) 0.0149 | RobustPrompt-T Loss 1.9447  
Epoch 002 |  Time(s) 0.0144 | RobustPrompt-T Loss 1.9386  
Epoch 003 |  Time(s) 0.0144 | RobustPrompt-T Loss 1.9301  
Epoch 004 |  Time(s) 0.0144 | RobustPrompt-T Loss 1.9172  
Epoch 005 |  Time(s) 0.0148 | RobustPrompt-T Loss 1.8967  
Epoch 006 |  Time(s) 0.0148 | RobustPrompt-T Loss 1.8967  
Epoch 007 |  Time(s) 0.0144 | RobustPrompt-T Loss 1.9186  
Epoch 008 |  Time(s) 0.0146 | RobustPrompt-T Loss 1.8822  
Epoch 009 |  Time(s) 0.0145 | RobustPrompt-T Loss 1.8393  
Epoch 010 |  Time(s) 0.0145 | RobustPrompt-T Loss 1.8462  
Epoch 011 |  Time(s) 0.0144 | RobustPrompt-T Loss 1.8032  
Epoch 012 |  Time(s) 0.0148 | RobustPrompt-T Loss 1.8217  
Epoch 013 |  Time(s) 0.0144 | RobustPrompt-T Loss 1.7960  
Epoch 014 |  Time(s) 0.0146 | RobustPrompt-T Loss 1.8607  
Epoch 015 |  Time(s) 0.0144 | RobustPrompt-T Loss 1.7749  
Epoch 016 |  Time(s) 0.0145 | RobustPrompt-T Loss 1.7589  
Epoch 017 |  Time(s) 0.0144 | RobustPrompt-T Loss 1.7619  
Epoch 018 |  Time(s) 0.0141 | RobustPrompt-T Loss 1.7730  
Epoch 019 |  Time(s) 0.0146 | RobustPrompt-T Loss 1.7348  
Epoch 020 |  Time(s) 0.0146 | RobustPrompt-T Loss 1.7177  
Epoch 021 |  Time(s) 0.0145 | RobustPrompt-T Loss 1.7417  
Epoch 022 |  Time(s) 0.0145 | RobustPrompt-T Loss 1.7637  
Epoch 023 |  Time(s) 0.0147 | RobustPrompt-T Loss 1.7569  
Epoch 024 |  Time(s) 0.0149 | RobustPrompt-T Loss 1.6802  
Epoch 025 |  Time(s) 0.0144 | RobustPrompt-T Loss 1.7136  
Epoch 026 |  Time(s) 0.0146 | RobustPrompt-T Loss 1.7148  
Epoch 027 |  Time(s) 0.0144 | RobustPrompt-T Loss 1.6321  
Epoch 028 |  Time(s) 0.0146 | RobustPrompt-T Loss 1.7063  
Epoch 029 |  Time(s) 0.0144 | RobustPrompt-T Loss 1.6209  
Epoch 030 |  Time(s) 0.0142 | RobustPrompt-T Loss 1.5954  
Epoch 031 |  Time(s) 0.0146 | RobustPrompt-T Loss 1.6107  
Epoch 032 |  Time(s) 0.0143 | RobustPrompt-T Loss 1.5501  
Epoch 033 |  Time(s) 0.0142 | RobustPrompt-T Loss 1.5256  
Epoch 034 |  Time(s) 0.0145 | RobustPrompt-T Loss 1.5142  
Epoch 035 |  Time(s) 0.0145 | RobustPrompt-T Loss 1.4934  
Epoch 036 |  Time(s) 0.0146 | RobustPrompt-T Loss 1.4775  
Epoch 037 |  Time(s) 0.0144 | RobustPrompt-T Loss 1.4605  
Epoch 038 |  Time(s) 0.0141 | RobustPrompt-T Loss 1.4498  
Epoch 039 |  Time(s) 0.0146 | RobustPrompt-T Loss 1.4119  
Epoch 040 |  Time(s) 0.0144 | RobustPrompt-T Loss 1.3948  
Epoch 041 |  Time(s) 0.0146 | RobustPrompt-T Loss 1.3679  
Epoch 042 |  Time(s) 0.0144 | RobustPrompt-T Loss 1.3635  
Epoch 043 |  Time(s) 0.0146 | RobustPrompt-T Loss 1.3734  
Epoch 044 |  Time(s) 0.0144 | RobustPrompt-T Loss 1.3038  
Epoch 045 |  Time(s) 0.0146 | RobustPrompt-T Loss 1.2843  
Epoch 046 |  Time(s) 0.0144 | RobustPrompt-T Loss 1.2807  
Epoch 047 |  Time(s) 0.0146 | RobustPrompt-T Loss 1.2446  
Epoch 048 |  Time(s) 0.0142 | RobustPrompt-T Loss 1.2595  
Epoch 049 |  Time(s) 0.0142 | RobustPrompt-T Loss 1.2202  
Epoch 050 |  Time(s) 0.0146 | RobustPrompt-T Loss 1.2973  
Epoch 051 |  Time(s) 0.0144 | RobustPrompt-T Loss 1.3861  
Epoch 052 |  Time(s) 0.0141 | RobustPrompt-T Loss 1.1301  
Epoch 053 |  Time(s) 0.0145 | RobustPrompt-T Loss 1.4463  
Epoch 054 |  Time(s) 0.0143 | RobustPrompt-T Loss 1.2258  
Epoch 055 |  Time(s) 0.0149 | RobustPrompt-T Loss 1.5004  
Epoch 056 |  Time(s) 0.0144 | RobustPrompt-T Loss 1.5158  
Epoch 057 |  Time(s) 0.0135 | RobustPrompt-T Loss 1.2140  
Epoch 058 |  Time(s) 0.0126 | RobustPrompt-T Loss 1.2360  
Epoch 059 |  Time(s) 0.0138 | RobustPrompt-T Loss 1.2394  
Epoch 060 |  Time(s) 0.0140 | RobustPrompt-T Loss 1.0441  
Epoch 061 |  Time(s) 0.0138 | RobustPrompt-T Loss 1.2232  
Epoch 062 |  Time(s) 0.0139 | RobustPrompt-T Loss 1.1111  
Epoch 063 |  Time(s) 0.0141 | RobustPrompt-T Loss 1.0189  
Epoch 064 |  Time(s) 0.0139 | RobustPrompt-T Loss 1.0913  
Epoch 065 |  Time(s) 0.0136 | RobustPrompt-T Loss 1.0582  
Epoch 066 |  Time(s) 0.0139 | RobustPrompt-T Loss 1.0267  
Epoch 067 |  Time(s) 0.0138 | RobustPrompt-T Loss 0.9448  
Epoch 068 |  Time(s) 0.0139 | RobustPrompt-T Loss 0.9818  
Epoch 069 |  Time(s) 0.0139 | RobustPrompt-T Loss 0.9792  
Epoch 070 |  Time(s) 0.0139 | RobustPrompt-T Loss 0.9326  
Epoch 071 |  Time(s) 0.0140 | RobustPrompt-T Loss 0.8935  
Epoch 072 |  Time(s) 0.0135 | RobustPrompt-T Loss 0.8782  
Epoch 073 |  Time(s) 0.0136 | RobustPrompt-T Loss 0.8776  
Epoch 074 |  Time(s) 0.0139 | RobustPrompt-T Loss 0.8744  
Epoch 075 |  Time(s) 0.0139 | RobustPrompt-T Loss 0.8591  
Epoch 076 |  Time(s) 0.0136 | RobustPrompt-T Loss 0.8017  
Epoch 077 |  Time(s) 0.0138 | RobustPrompt-T Loss 0.8034  
Epoch 078 |  Time(s) 0.0138 | RobustPrompt-T Loss 0.8243  
Epoch 079 |  Time(s) 0.0139 | RobustPrompt-T Loss 0.7810  
Epoch 080 |  Time(s) 0.0141 | RobustPrompt-T Loss 0.7607  
Epoch 081 |  Time(s) 0.0139 | RobustPrompt-T Loss 0.7383  
Epoch 082 |  Time(s) 0.0136 | RobustPrompt-T Loss 0.7306  
Epoch 083 |  Time(s) 0.0138 | RobustPrompt-T Loss 0.7211  
Epoch 084 |  Time(s) 0.0139 | RobustPrompt-T Loss 0.6944  
Epoch 085 |  Time(s) 0.0138 | RobustPrompt-T Loss 0.7020  
Epoch 086 |  Time(s) 0.0140 | RobustPrompt-T Loss 0.6971  
Epoch 087 |  Time(s) 0.0140 | RobustPrompt-T Loss 0.6587  
Epoch 088 |  Time(s) 0.0139 | RobustPrompt-T Loss 0.6371  
Epoch 089 |  Time(s) 0.0140 | RobustPrompt-T Loss 0.6496  
Epoch 090 |  Time(s) 0.0142 | RobustPrompt-T Loss 0.6850  
Epoch 091 |  Time(s) 0.0141 | RobustPrompt-T Loss 0.5945  
Epoch 092 |  Time(s) 0.0140 | RobustPrompt-T Loss 0.7303  
Epoch 093 |  Time(s) 0.0141 | RobustPrompt-T Loss 0.6004  
Epoch 094 |  Time(s) 0.0141 | RobustPrompt-T Loss 0.8648  
Epoch 095 |  Time(s) 0.0140 | RobustPrompt-T Loss 0.9298  
Epoch 096 |  Time(s) 0.0140 | RobustPrompt-T Loss 0.6007  
Epoch 097 |  Time(s) 0.0139 | RobustPrompt-T Loss 1.0022  
Epoch 098 |  Time(s) 0.0140 | RobustPrompt-T Loss 1.3591  
Epoch 099 |  Time(s) 0.0140 | RobustPrompt-T Loss 1.0154  
Epoch 100 |  Time(s) 0.0140 | RobustPrompt-T Loss 0.6077  
Epoch 101 |  Time(s) 0.0139 | RobustPrompt-T Loss 0.9085  
Epoch 102 |  Time(s) 0.0140 | RobustPrompt-T Loss 1.0375  
Epoch 103 |  Time(s) 0.0140 | RobustPrompt-T Loss 0.8099  
Epoch 104 |  Time(s) 0.0140 | RobustPrompt-T Loss 0.7091  
Epoch 105 |  Time(s) 0.0141 | RobustPrompt-T Loss 0.7650  
Epoch 106 |  Time(s) 0.0140 | RobustPrompt-T Loss 0.8061  
Epoch 107 |  Time(s) 0.0141 | RobustPrompt-T Loss 0.5971  
Epoch 108 |  Time(s) 0.0139 | RobustPrompt-T Loss 0.6074  
Epoch 109 |  Time(s) 0.0140 | RobustPrompt-T Loss 0.8278  
Epoch 110 |  Time(s) 0.0141 | RobustPrompt-T Loss 0.8358  
Epoch 111 |  Time(s) 0.0139 | RobustPrompt-T Loss 0.5831  
Epoch 112 |  Time(s) 0.0139 | RobustPrompt-T Loss 0.5308  
Epoch 113 |  Time(s) 0.0141 | RobustPrompt-T Loss 0.6131  
Epoch 114 |  Time(s) 0.0140 | RobustPrompt-T Loss 0.5922  
Epoch 115 |  Time(s) 0.0139 | RobustPrompt-T Loss 0.5395  
Epoch 116 |  Time(s) 0.0141 | RobustPrompt-T Loss 0.5368  
Epoch 117 |  Time(s) 0.0141 | RobustPrompt-T Loss 0.4998  
Epoch 118 |  Time(s) 0.0141 | RobustPrompt-T Loss 0.5012  
Epoch 119 |  Time(s) 0.0139 | RobustPrompt-T Loss 0.5877  
Epoch 120 |  Time(s) 0.0141 | RobustPrompt-T Loss 0.4318  
Epoch 121 |  Time(s) 0.0141 | RobustPrompt-T Loss 0.6760  
Epoch 122 |  Time(s) 0.0140 | RobustPrompt-T Loss 0.6105  
Epoch 123 |  Time(s) 0.0139 | RobustPrompt-T Loss 0.5040  
Epoch 124 |  Time(s) 0.0140 | RobustPrompt-T Loss 0.5025  
Epoch 125 |  Time(s) 0.0140 | RobustPrompt-T Loss 0.4871  
Epoch 126 |  Time(s) 0.0141 | RobustPrompt-T Loss 0.4742  
Epoch 127 |  Time(s) 0.0141 | RobustPrompt-T Loss 0.5973  
Epoch 128 |  Time(s) 0.0139 | RobustPrompt-T Loss 0.4830  
Epoch 129 |  Time(s) 0.0137 | RobustPrompt-T Loss 0.6429  
Epoch 130 |  Time(s) 0.0135 | RobustPrompt-T Loss 0.6766  
Epoch 131 |  Time(s) 0.0138 | RobustPrompt-T Loss 0.3826  
Epoch 132 |  Time(s) 0.0139 | RobustPrompt-T Loss 0.8442  
Epoch 133 |  Time(s) 0.0140 | RobustPrompt-T Loss 1.2168  
Epoch 134 |  Time(s) 0.0140 | RobustPrompt-T Loss 0.8396  
Epoch 135 |  Time(s) 0.0140 | RobustPrompt-T Loss 0.4444  
Epoch 136 |  Time(s) 0.0138 | RobustPrompt-T Loss 0.5442  
Epoch 137 |  Time(s) 0.0142 | RobustPrompt-T Loss 0.5937  
Epoch 138 |  Time(s) 0.0139 | RobustPrompt-T Loss 0.5256  
Epoch 139 |  Time(s) 0.0140 | RobustPrompt-T Loss 0.4061  
Epoch 140 |  Time(s) 0.0140 | RobustPrompt-T Loss 0.4054  
Epoch 141 |  Time(s) 0.0134 | RobustPrompt-T Loss 0.4383  
Epoch 142 |  Time(s) 0.0138 | RobustPrompt-T Loss 0.3914  
Epoch 143 |  Time(s) 0.0138 | RobustPrompt-T Loss 0.3433  
Epoch 144 |  Time(s) 0.0140 | RobustPrompt-T Loss 0.4309  
Epoch 145 |  Time(s) 0.0140 | RobustPrompt-T Loss 0.4202  
Epoch 146 |  Time(s) 0.0141 | RobustPrompt-T Loss 0.3060  
Epoch 147 |  Time(s) 0.0138 | RobustPrompt-T Loss 0.3432  
Epoch 148 |  Time(s) 0.0136 | RobustPrompt-T Loss 0.2951  
Epoch 149 |  Time(s) 0.0138 | RobustPrompt-T Loss 0.2823  
Epoch 150 |  Time(s) 0.0138 | RobustPrompt-T Loss 0.2907  
Epoch 151 |  Time(s) 0.0138 | RobustPrompt-T Loss 0.2716  
Epoch 152 |  Time(s) 0.0136 | RobustPrompt-T Loss 0.2641  
Epoch 153 |  Time(s) 0.0138 | RobustPrompt-T Loss 0.2476  
Epoch 154 |  Time(s) 0.0137 | RobustPrompt-T Loss 0.2712  
Epoch 155 |  Time(s) 0.0139 | RobustPrompt-T Loss 0.2213  
Epoch 156 |  Time(s) 0.0140 | RobustPrompt-T Loss 0.2471  
Epoch 157 |  Time(s) 0.0143 | RobustPrompt-T Loss 0.2083  
Epoch 158 |  Time(s) 0.0141 | RobustPrompt-T Loss 0.2409  
Epoch 159 |  Time(s) 0.0140 | RobustPrompt-T Loss 0.2013  
Epoch 160 |  Time(s) 0.0140 | RobustPrompt-T Loss 0.1893  
Epoch 161 |  Time(s) 0.0140 | RobustPrompt-T Loss 0.1942  
Epoch 162 |  Time(s) 0.0140 | RobustPrompt-T Loss 0.1792  
Epoch 163 |  Time(s) 0.0140 | RobustPrompt-T Loss 0.1656  
Epoch 164 |  Time(s) 0.0140 | RobustPrompt-T Loss 0.1665  
Epoch 165 |  Time(s) 0.0141 | RobustPrompt-T Loss 0.1482  
Epoch 166 |  Time(s) 0.0140 | RobustPrompt-T Loss 0.1476  
Epoch 167 |  Time(s) 0.0139 | RobustPrompt-T Loss 0.1429  
Epoch 168 |  Time(s) 0.0139 | RobustPrompt-T Loss 0.1357  
Epoch 169 |  Time(s) 0.0132 | RobustPrompt-T Loss 0.1340  
Epoch 170 |  Time(s) 0.0146 | RobustPrompt-T Loss 0.1302  
Epoch 171 |  Time(s) 0.0132 | RobustPrompt-T Loss 0.1308  
Epoch 172 |  Time(s) 0.0127 | RobustPrompt-T Loss 0.1230  
Epoch 173 |  Time(s) 0.0134 | RobustPrompt-T Loss 0.1279  
Epoch 174 |  Time(s) 0.0127 | RobustPrompt-T Loss 0.1100  
Epoch 175 |  Time(s) 0.0135 | RobustPrompt-T Loss 0.1382  
Epoch 176 |  Time(s) 0.0122 | RobustPrompt-T Loss 0.1027  
Epoch 177 |  Time(s) 0.0137 | RobustPrompt-T Loss 0.1122  
Epoch 178 |  Time(s) 0.0139 | RobustPrompt-T Loss 0.1039  
Epoch 179 |  Time(s) 0.0138 | RobustPrompt-T Loss 0.0967  
Epoch 180 |  Time(s) 0.0140 | RobustPrompt-T Loss 0.1003  
Epoch 181 |  Time(s) 0.0139 | RobustPrompt-T Loss 0.0924  
Epoch 182 |  Time(s) 0.0141 | RobustPrompt-T Loss 0.0878  
Epoch 183 |  Time(s) 0.0141 | RobustPrompt-T Loss 0.0875  
Epoch 184 |  Time(s) 0.0140 | RobustPrompt-T Loss 0.0831  
Epoch 185 |  Time(s) 0.0139 | RobustPrompt-T Loss 0.0816  
Epoch 186 |  Time(s) 0.0140 | RobustPrompt-T Loss 0.0804  
Epoch 187 |  Time(s) 0.0140 | RobustPrompt-T Loss 0.0771  
Epoch 188 |  Time(s) 0.0141 | RobustPrompt-T Loss 0.0760  
Epoch 189 |  Time(s) 0.0143 | RobustPrompt-T Loss 0.0773  
Epoch 190 |  Time(s) 0.0136 | RobustPrompt-T Loss 0.0738  
Epoch 191 |  Time(s) 0.0126 | RobustPrompt-T Loss 0.0754  
Epoch 192 |  Time(s) 0.0127 | RobustPrompt-T Loss 0.0770  
Epoch 193 |  Time(s) 0.0135 | RobustPrompt-T Loss 0.0753  
Epoch 194 |  Time(s) 0.0137 | RobustPrompt-T Loss 0.0733  
Epoch 195 |  Time(s) 0.0140 | RobustPrompt-T Loss 0.0714  
Epoch 196 |  Time(s) 0.0137 | RobustPrompt-T Loss 0.0723  
Epoch 197 |  Time(s) 0.0140 | RobustPrompt-T Loss 0.0672  
Epoch 198 |  Time(s) 0.0140 | RobustPrompt-T Loss 0.0653  
Epoch 199 |  Time(s) 0.0139 | RobustPrompt-T Loss 0.0655  
Epoch 200 |  Time(s) 0.0143 | RobustPrompt-T Loss 0.0628  
Final True Accuracy: 0.1782 | Macro F1 Score: 0.1975
best_loss [tensor(0.0628, device='cuda:0', grad_fn=<AddBackward0>)]
load LLC or attacked data with specified split
Successfully loaded the attack of dataname with few shot 5, split 1
Attack method : Meta_Self | Attack ptb : 0.05 | Dataset: Cora
======================
Number of graphs: 1
Number of features: 1433
Number of classes: 7

Data(x=[2708, 1433], edge_index=[2, 13850], y=[2708], train_mask=[2708], val_mask=[2708], test_mask=[2708])
===========================================================================================================
Number of nodes: 2708
Number of edges: 13850
Average node degree: 5.11
Has isolated nodes: False
Has self-loops: True
Is undirected: True
GCN(
  (conv_layers): ModuleList(
    (0): GCNConv(1433, 256)
    (1): GCNConv(256, 256)
  )
)
Successfully loaded pre-trained weights!
use RobustPrompt Tranductive
defense pt dict :  {'sim_pt': 0.3, 'degree_pt': -1, 'out_detect_pt': 0.5, 'other_pt': 'all'}
use_attention :  False
cosine_constraint :  True
pt_threshold :  0.5
filter_module :  OriginalFilter
temperature :  1.0
weight_mse 0.1
weight_kl :  0.3
weight_constraint :  0.2
run RobustPrompt-T
Epoch 001 |  Time(s) 0.0137 | RobustPrompt-T Loss 1.9475  
Epoch 002 |  Time(s) 0.0140 | RobustPrompt-T Loss 1.9379  
Epoch 003 |  Time(s) 0.0139 | RobustPrompt-T Loss 1.9306  
Epoch 004 |  Time(s) 0.0138 | RobustPrompt-T Loss 1.9239  
Epoch 005 |  Time(s) 0.0140 | RobustPrompt-T Loss 1.9149  
Epoch 006 |  Time(s) 0.0140 | RobustPrompt-T Loss 1.8991  
Epoch 007 |  Time(s) 0.0140 | RobustPrompt-T Loss 1.8773  
Epoch 008 |  Time(s) 0.0140 | RobustPrompt-T Loss 1.8430  
Epoch 009 |  Time(s) 0.0140 | RobustPrompt-T Loss 1.8348  
Epoch 010 |  Time(s) 0.0144 | RobustPrompt-T Loss 1.8016  
Epoch 011 |  Time(s) 0.0146 | RobustPrompt-T Loss 1.8225  
Epoch 012 |  Time(s) 0.0140 | RobustPrompt-T Loss 1.8056  
Epoch 013 |  Time(s) 0.0141 | RobustPrompt-T Loss 1.9637  
Epoch 014 |  Time(s) 0.0140 | RobustPrompt-T Loss 1.8182  
Epoch 015 |  Time(s) 0.0142 | RobustPrompt-T Loss 1.7856  
Epoch 016 |  Time(s) 0.0143 | RobustPrompt-T Loss 1.7671  
Epoch 017 |  Time(s) 0.0144 | RobustPrompt-T Loss 1.8013  
Epoch 018 |  Time(s) 0.0143 | RobustPrompt-T Loss 1.8086  
Epoch 019 |  Time(s) 0.0142 | RobustPrompt-T Loss 1.7648  
Epoch 020 |  Time(s) 0.0139 | RobustPrompt-T Loss 1.8745  
Epoch 021 |  Time(s) 0.0138 | RobustPrompt-T Loss 1.8008  
Epoch 022 |  Time(s) 0.0139 | RobustPrompt-T Loss 1.7448  
Epoch 023 |  Time(s) 0.0140 | RobustPrompt-T Loss 1.7757  
Epoch 024 |  Time(s) 0.0141 | RobustPrompt-T Loss 1.7475  
Epoch 025 |  Time(s) 0.0142 | RobustPrompt-T Loss 1.7631  
Epoch 026 |  Time(s) 0.0141 | RobustPrompt-T Loss 1.7021  
Epoch 027 |  Time(s) 0.0141 | RobustPrompt-T Loss 1.7456  
Epoch 028 |  Time(s) 0.0146 | RobustPrompt-T Loss 1.7272  
Epoch 029 |  Time(s) 0.0142 | RobustPrompt-T Loss 1.6458  
Epoch 030 |  Time(s) 0.0143 | RobustPrompt-T Loss 1.6502  
Epoch 031 |  Time(s) 0.0140 | RobustPrompt-T Loss 1.6142  
Epoch 032 |  Time(s) 0.0145 | RobustPrompt-T Loss 1.6047  
Epoch 033 |  Time(s) 0.0142 | RobustPrompt-T Loss 1.5822  
Epoch 034 |  Time(s) 0.0142 | RobustPrompt-T Loss 1.5547  
Epoch 035 |  Time(s) 0.0140 | RobustPrompt-T Loss 1.5481  
Epoch 036 |  Time(s) 0.0137 | RobustPrompt-T Loss 1.5181  
Epoch 037 |  Time(s) 0.0140 | RobustPrompt-T Loss 1.4886  
Epoch 038 |  Time(s) 0.0138 | RobustPrompt-T Loss 1.4941  
Epoch 039 |  Time(s) 0.0141 | RobustPrompt-T Loss 1.4574  
Epoch 040 |  Time(s) 0.0143 | RobustPrompt-T Loss 1.4351  
Epoch 041 |  Time(s) 0.0139 | RobustPrompt-T Loss 1.4076  
Epoch 042 |  Time(s) 0.0138 | RobustPrompt-T Loss 1.3624  
Epoch 043 |  Time(s) 0.0140 | RobustPrompt-T Loss 1.3709  
Epoch 044 |  Time(s) 0.0144 | RobustPrompt-T Loss 1.3360  
Epoch 045 |  Time(s) 0.0137 | RobustPrompt-T Loss 1.3065  
Epoch 046 |  Time(s) 0.0140 | RobustPrompt-T Loss 1.2962  
Epoch 047 |  Time(s) 0.0143 | RobustPrompt-T Loss 1.2865  
Epoch 048 |  Time(s) 0.0141 | RobustPrompt-T Loss 1.2565  
Epoch 049 |  Time(s) 0.0145 | RobustPrompt-T Loss 1.2319  
Epoch 050 |  Time(s) 0.0142 | RobustPrompt-T Loss 1.2344  
Epoch 051 |  Time(s) 0.0142 | RobustPrompt-T Loss 1.1813  
Epoch 052 |  Time(s) 0.0141 | RobustPrompt-T Loss 1.1897  
Epoch 053 |  Time(s) 0.0146 | RobustPrompt-T Loss 1.1691  
Epoch 054 |  Time(s) 0.0142 | RobustPrompt-T Loss 1.1994  
Epoch 055 |  Time(s) 0.0142 | RobustPrompt-T Loss 1.0903  
Epoch 056 |  Time(s) 0.0140 | RobustPrompt-T Loss 1.2070  
Epoch 057 |  Time(s) 0.0145 | RobustPrompt-T Loss 1.0493  
Epoch 058 |  Time(s) 0.0142 | RobustPrompt-T Loss 1.1492  
Epoch 059 |  Time(s) 0.0142 | RobustPrompt-T Loss 1.0012  
Epoch 060 |  Time(s) 0.0142 | RobustPrompt-T Loss 1.0789  
Epoch 061 |  Time(s) 0.0144 | RobustPrompt-T Loss 0.9471  
Epoch 062 |  Time(s) 0.0143 | RobustPrompt-T Loss 0.9836  
Epoch 063 |  Time(s) 0.0142 | RobustPrompt-T Loss 0.9009  
Epoch 064 |  Time(s) 0.0139 | RobustPrompt-T Loss 0.9516  
Epoch 065 |  Time(s) 0.0142 | RobustPrompt-T Loss 0.8761  
Epoch 066 |  Time(s) 0.0140 | RobustPrompt-T Loss 0.8790  
Epoch 067 |  Time(s) 0.0145 | RobustPrompt-T Loss 0.8306  
Epoch 068 |  Time(s) 0.0145 | RobustPrompt-T Loss 0.8295  
Epoch 069 |  Time(s) 0.0142 | RobustPrompt-T Loss 0.8022  
Epoch 070 |  Time(s) 0.0135 | RobustPrompt-T Loss 0.7386  
Epoch 071 |  Time(s) 0.0139 | RobustPrompt-T Loss 0.7462  
Epoch 072 |  Time(s) 0.0141 | RobustPrompt-T Loss 0.7205  
Epoch 073 |  Time(s) 0.0139 | RobustPrompt-T Loss 0.7394  
Epoch 074 |  Time(s) 0.0140 | RobustPrompt-T Loss 0.6894  
Epoch 075 |  Time(s) 0.0140 | RobustPrompt-T Loss 0.6674  
Epoch 076 |  Time(s) 0.0133 | RobustPrompt-T Loss 0.6356  
Epoch 077 |  Time(s) 0.0133 | RobustPrompt-T Loss 0.6360  
Epoch 078 |  Time(s) 0.0139 | RobustPrompt-T Loss 0.6197  
Epoch 079 |  Time(s) 0.0139 | RobustPrompt-T Loss 0.5750  
Epoch 080 |  Time(s) 0.0140 | RobustPrompt-T Loss 0.5568  
Epoch 081 |  Time(s) 0.0139 | RobustPrompt-T Loss 0.5512  
Epoch 082 |  Time(s) 0.0137 | RobustPrompt-T Loss 0.5481  
Epoch 083 |  Time(s) 0.0140 | RobustPrompt-T Loss 0.5000  
Epoch 084 |  Time(s) 0.0141 | RobustPrompt-T Loss 0.4805  
Epoch 085 |  Time(s) 0.0134 | RobustPrompt-T Loss 0.4708  
Epoch 086 |  Time(s) 0.0136 | RobustPrompt-T Loss 0.5036  
Epoch 087 |  Time(s) 0.0139 | RobustPrompt-T Loss 0.5061  
Epoch 088 |  Time(s) 0.0140 | RobustPrompt-T Loss 0.4173  
Epoch 089 |  Time(s) 0.0141 | RobustPrompt-T Loss 0.4668  
Epoch 090 |  Time(s) 0.0140 | RobustPrompt-T Loss 0.4102  
Epoch 091 |  Time(s) 0.0138 | RobustPrompt-T Loss 0.3731  
Epoch 092 |  Time(s) 0.0135 | RobustPrompt-T Loss 0.3869  
Epoch 093 |  Time(s) 0.0140 | RobustPrompt-T Loss 0.3746  
Epoch 094 |  Time(s) 0.0140 | RobustPrompt-T Loss 0.3419  
Epoch 095 |  Time(s) 0.0137 | RobustPrompt-T Loss 0.3268  
Epoch 096 |  Time(s) 0.0139 | RobustPrompt-T Loss 0.3122  
Epoch 097 |  Time(s) 0.0141 | RobustPrompt-T Loss 0.3165  
Epoch 098 |  Time(s) 0.0141 | RobustPrompt-T Loss 0.2674  
Epoch 099 |  Time(s) 0.0142 | RobustPrompt-T Loss 0.2834  
Epoch 100 |  Time(s) 0.0140 | RobustPrompt-T Loss 0.2372  
Epoch 101 |  Time(s) 0.0141 | RobustPrompt-T Loss 0.2969  
Epoch 102 |  Time(s) 0.0139 | RobustPrompt-T Loss 0.2940  
Epoch 103 |  Time(s) 0.0132 | RobustPrompt-T Loss 0.2462  
Epoch 104 |  Time(s) 0.0138 | RobustPrompt-T Loss 0.2339  
Epoch 105 |  Time(s) 0.0132 | RobustPrompt-T Loss 0.3277  
Epoch 106 |  Time(s) 0.0136 | RobustPrompt-T Loss 0.2256  
Epoch 107 |  Time(s) 0.0139 | RobustPrompt-T Loss 0.4043  
Epoch 108 |  Time(s) 0.0132 | RobustPrompt-T Loss 0.4067  
Epoch 109 |  Time(s) 0.0132 | RobustPrompt-T Loss 0.1874  
Epoch 110 |  Time(s) 0.0139 | RobustPrompt-T Loss 0.3421  
Epoch 111 |  Time(s) 0.0135 | RobustPrompt-T Loss 0.3745  
Epoch 112 |  Time(s) 0.0135 | RobustPrompt-T Loss 0.2493  
Epoch 113 |  Time(s) 0.0138 | RobustPrompt-T Loss 0.2896  
Epoch 114 |  Time(s) 0.0138 | RobustPrompt-T Loss 0.4663  
Epoch 115 |  Time(s) 0.0139 | RobustPrompt-T Loss 0.2456  
Epoch 116 |  Time(s) 0.0134 | RobustPrompt-T Loss 0.2726  
Epoch 117 |  Time(s) 0.0135 | RobustPrompt-T Loss 0.4335  
Epoch 118 |  Time(s) 0.0134 | RobustPrompt-T Loss 0.1952  
Epoch 119 |  Time(s) 0.0132 | RobustPrompt-T Loss 0.2795  
Epoch 120 |  Time(s) 0.0135 | RobustPrompt-T Loss 0.4122  
Epoch 121 |  Time(s) 0.0135 | RobustPrompt-T Loss 0.1897  
Epoch 122 |  Time(s) 0.0129 | RobustPrompt-T Loss 0.2526  
Epoch 123 |  Time(s) 0.0140 | RobustPrompt-T Loss 0.4035  
Epoch 124 |  Time(s) 0.0140 | RobustPrompt-T Loss 0.1899  
Epoch 125 |  Time(s) 0.0134 | RobustPrompt-T Loss 0.2072  
Epoch 126 |  Time(s) 0.0134 | RobustPrompt-T Loss 0.3130  
Epoch 127 |  Time(s) 0.0137 | RobustPrompt-T Loss 0.1988  
Epoch 128 |  Time(s) 0.0134 | RobustPrompt-T Loss 0.2041  
----------------------------------------------------------------------------------------------------
Early stopping at 129 eopch!
Final True Accuracy: 0.1968 | Macro F1 Score: 0.2166
best_loss [tensor(0.2185, device='cuda:0', grad_fn=<AddBackward0>)]
{1: {1: 0.22009967267513275}, 2: {1: 0.20431894063949585}, 3: {1: 0.2595514953136444}, 4: {1: 0.17815615236759186}, 5: {1: 0.19684384763240814}}
{1: {1: 0.22009967267513275, 2: 0.20431894063949585, 3: 0.2595514953136444, 4: 0.17815615236759186, 5: 0.19684384763240814}}
########################################################################################
seed: 1 | split 1 : 0.22009967267513275
# Seed 1 Muti Split Final Acc: 0.2201±0.0000
seed: 2 | split 1 : 0.20431894063949585
# Seed 2 Muti Split Final Acc: 0.2043±0.0000
seed: 3 | split 1 : 0.2595514953136444
# Seed 3 Muti Split Final Acc: 0.2596±0.0000
seed: 4 | split 1 : 0.17815615236759186
# Seed 4 Muti Split Final Acc: 0.1782±0.0000
seed: 5 | split 1 : 0.19684384763240814
# Seed 5 Muti Split Final Acc: 0.1968±0.0000
########################################################################################
split: 1 | seed 1 : 0.22009967267513275
split: 1 | seed 2 : 0.20431894063949585
split: 1 | seed 3 : 0.2595514953136444
split: 1 | seed 4 : 0.17815615236759186
split: 1 | seed 5 : 0.19684384763240814
# Split 1 Muti Seed Acc without min value: 0.2202±0.0242
########################################################################################
