load LLC or attacked data with specified split
Successfully loaded the attack of dataname with few shot 5, split 1
Attack method : Meta_Self | Attack ptb : 0.1 | Dataset: Cora
======================
Number of graphs: 1
Number of features: 1433
Number of classes: 7

Data(x=[2708, 1433], edge_index=[2, 14378], y=[2708], train_mask=[2708], val_mask=[2708], test_mask=[2708])
===========================================================================================================
Number of nodes: 2708
Number of edges: 14378
Average node degree: 5.31
Has isolated nodes: False
Has self-loops: True
Is undirected: True
GCN(
  (conv_layers): ModuleList(
    (0): GCNConv(1433, 256)
    (1): GCNConv(256, 256)
  )
)
Successfully loaded pre-trained weights!
use RobustPrompt Tranductive
defense pt dict :  {'sim_pt': -1.0, 'degree_pt': 1, 'out_detect_pt': 0.5, 'other_pt': 'all'}
use_attention :  False
cosine_constraint :  True
pt_threshold :  0.5
filter_module :  OriginalFilter
temperature :  1.0
weight_mse 0.1
weight_kl :  0.3
weight_constraint :  0.2
run RobustPrompt-T
Epoch 001 |  Time(s) 0.2532 | RobustPrompt-T Loss 1.9497  
Epoch 002 |  Time(s) 0.0136 | RobustPrompt-T Loss 1.9544  
Epoch 003 |  Time(s) 0.0122 | RobustPrompt-T Loss 1.9332  
Epoch 004 |  Time(s) 0.0135 | RobustPrompt-T Loss 1.9256  
Epoch 005 |  Time(s) 0.0124 | RobustPrompt-T Loss 1.9318  
Epoch 006 |  Time(s) 0.0119 | RobustPrompt-T Loss 1.9227  
Epoch 007 |  Time(s) 0.0120 | RobustPrompt-T Loss 1.9171  
Epoch 008 |  Time(s) 0.0122 | RobustPrompt-T Loss 1.9153  
Epoch 009 |  Time(s) 0.0121 | RobustPrompt-T Loss 1.9092  
Epoch 010 |  Time(s) 0.0121 | RobustPrompt-T Loss 1.9060  
Epoch 011 |  Time(s) 0.0123 | RobustPrompt-T Loss 1.8975  
Epoch 012 |  Time(s) 0.0124 | RobustPrompt-T Loss 1.8889  
Epoch 013 |  Time(s) 0.0126 | RobustPrompt-T Loss 1.8792  
Epoch 014 |  Time(s) 0.0123 | RobustPrompt-T Loss 1.8702  
Epoch 015 |  Time(s) 0.0123 | RobustPrompt-T Loss 1.8643  
Epoch 016 |  Time(s) 0.0124 | RobustPrompt-T Loss 1.9143  
Epoch 017 |  Time(s) 0.0132 | RobustPrompt-T Loss 1.8767  
Epoch 018 |  Time(s) 0.0124 | RobustPrompt-T Loss 1.8826  
Epoch 019 |  Time(s) 0.0125 | RobustPrompt-T Loss 1.8392  
Epoch 020 |  Time(s) 0.0122 | RobustPrompt-T Loss 1.8675  
Epoch 021 |  Time(s) 0.0122 | RobustPrompt-T Loss 1.8313  
Epoch 022 |  Time(s) 0.0118 | RobustPrompt-T Loss 1.8308  
Epoch 023 |  Time(s) 0.0129 | RobustPrompt-T Loss 1.7951  
Epoch 024 |  Time(s) 0.0123 | RobustPrompt-T Loss 1.8247  
Epoch 025 |  Time(s) 0.0127 | RobustPrompt-T Loss 1.7538  
Epoch 026 |  Time(s) 0.0126 | RobustPrompt-T Loss 1.7806  
Epoch 027 |  Time(s) 0.0126 | RobustPrompt-T Loss 1.7348  
Epoch 028 |  Time(s) 0.0124 | RobustPrompt-T Loss 1.7425  
Epoch 029 |  Time(s) 0.0130 | RobustPrompt-T Loss 1.7277  
Epoch 030 |  Time(s) 0.0129 | RobustPrompt-T Loss 1.7138  
Epoch 031 |  Time(s) 0.0131 | RobustPrompt-T Loss 1.6504  
Epoch 032 |  Time(s) 0.0128 | RobustPrompt-T Loss 1.6847  
Epoch 033 |  Time(s) 0.0129 | RobustPrompt-T Loss 1.6523  
Epoch 034 |  Time(s) 0.0129 | RobustPrompt-T Loss 1.5658  
Epoch 035 |  Time(s) 0.0129 | RobustPrompt-T Loss 1.5585  
Epoch 036 |  Time(s) 0.0129 | RobustPrompt-T Loss 1.5018  
Epoch 037 |  Time(s) 0.0127 | RobustPrompt-T Loss 1.4681  
Epoch 038 |  Time(s) 0.0128 | RobustPrompt-T Loss 1.4380  
Epoch 039 |  Time(s) 0.0132 | RobustPrompt-T Loss 1.4471  
Epoch 040 |  Time(s) 0.0129 | RobustPrompt-T Loss 1.3869  
Epoch 041 |  Time(s) 0.0132 | RobustPrompt-T Loss 1.3425  
Epoch 042 |  Time(s) 0.0129 | RobustPrompt-T Loss 1.3065  
Epoch 043 |  Time(s) 0.0148 | RobustPrompt-T Loss 1.3000  
Epoch 044 |  Time(s) 0.0130 | RobustPrompt-T Loss 1.2567  
Epoch 045 |  Time(s) 0.0130 | RobustPrompt-T Loss 1.2210  
Epoch 046 |  Time(s) 0.0129 | RobustPrompt-T Loss 1.1746  
Epoch 047 |  Time(s) 0.0129 | RobustPrompt-T Loss 1.1493  
Epoch 048 |  Time(s) 0.0128 | RobustPrompt-T Loss 1.1137  
Epoch 049 |  Time(s) 0.0124 | RobustPrompt-T Loss 1.1383  
Epoch 050 |  Time(s) 0.0118 | RobustPrompt-T Loss 1.0951  
Epoch 051 |  Time(s) 0.0127 | RobustPrompt-T Loss 1.0270  
Epoch 052 |  Time(s) 0.0126 | RobustPrompt-T Loss 0.9862  
Epoch 053 |  Time(s) 0.0127 | RobustPrompt-T Loss 0.9633  
Epoch 054 |  Time(s) 0.0128 | RobustPrompt-T Loss 1.0003  
Epoch 055 |  Time(s) 0.0126 | RobustPrompt-T Loss 0.8866  
Epoch 056 |  Time(s) 0.0128 | RobustPrompt-T Loss 0.8902  
Epoch 057 |  Time(s) 0.0129 | RobustPrompt-T Loss 0.9150  
Epoch 058 |  Time(s) 0.0127 | RobustPrompt-T Loss 0.8744  
Epoch 059 |  Time(s) 0.0130 | RobustPrompt-T Loss 0.8218  
Epoch 060 |  Time(s) 0.0131 | RobustPrompt-T Loss 0.7438  
Epoch 061 |  Time(s) 0.0132 | RobustPrompt-T Loss 0.8562  
Epoch 062 |  Time(s) 0.0130 | RobustPrompt-T Loss 0.7847  
Epoch 063 |  Time(s) 0.0131 | RobustPrompt-T Loss 0.7119  
Epoch 064 |  Time(s) 0.0130 | RobustPrompt-T Loss 0.7134  
Epoch 065 |  Time(s) 0.0131 | RobustPrompt-T Loss 0.7104  
Epoch 066 |  Time(s) 0.0130 | RobustPrompt-T Loss 0.6599  
Epoch 067 |  Time(s) 0.0130 | RobustPrompt-T Loss 0.6756  
Epoch 068 |  Time(s) 0.0131 | RobustPrompt-T Loss 0.6077  
Epoch 069 |  Time(s) 0.0130 | RobustPrompt-T Loss 0.6513  
Epoch 070 |  Time(s) 0.0140 | RobustPrompt-T Loss 0.6266  
Epoch 071 |  Time(s) 0.0131 | RobustPrompt-T Loss 0.5785  
Epoch 072 |  Time(s) 0.0133 | RobustPrompt-T Loss 0.5576  
Epoch 073 |  Time(s) 0.0130 | RobustPrompt-T Loss 0.5110  
Epoch 074 |  Time(s) 0.0125 | RobustPrompt-T Loss 0.4902  
Epoch 075 |  Time(s) 0.0122 | RobustPrompt-T Loss 0.4960  
Epoch 076 |  Time(s) 0.0129 | RobustPrompt-T Loss 0.4503  
Epoch 077 |  Time(s) 0.0129 | RobustPrompt-T Loss 0.4811  
Epoch 078 |  Time(s) 0.0134 | RobustPrompt-T Loss 0.4710  
Epoch 079 |  Time(s) 0.0131 | RobustPrompt-T Loss 0.4095  
Epoch 080 |  Time(s) 0.0128 | RobustPrompt-T Loss 0.3747  
Epoch 081 |  Time(s) 0.0128 | RobustPrompt-T Loss 0.3911  
Epoch 082 |  Time(s) 0.0126 | RobustPrompt-T Loss 0.3690  
Epoch 083 |  Time(s) 0.0130 | RobustPrompt-T Loss 0.3957  
Epoch 084 |  Time(s) 0.0127 | RobustPrompt-T Loss 0.3394  
Epoch 085 |  Time(s) 0.0127 | RobustPrompt-T Loss 0.3640  
Epoch 086 |  Time(s) 0.0131 | RobustPrompt-T Loss 0.3794  
Epoch 087 |  Time(s) 0.0124 | RobustPrompt-T Loss 0.2985  
Epoch 088 |  Time(s) 0.0132 | RobustPrompt-T Loss 0.4055  
Epoch 089 |  Time(s) 0.0130 | RobustPrompt-T Loss 0.3924  
Epoch 090 |  Time(s) 0.0132 | RobustPrompt-T Loss 0.2788  
Epoch 091 |  Time(s) 0.0131 | RobustPrompt-T Loss 0.2683  
Epoch 092 |  Time(s) 0.0123 | RobustPrompt-T Loss 0.2578  
Epoch 093 |  Time(s) 0.0129 | RobustPrompt-T Loss 0.3403  
Epoch 094 |  Time(s) 0.0135 | RobustPrompt-T Loss 0.2442  
Epoch 095 |  Time(s) 0.0130 | RobustPrompt-T Loss 0.3536  
Epoch 096 |  Time(s) 0.0133 | RobustPrompt-T Loss 0.4051  
Epoch 097 |  Time(s) 0.0130 | RobustPrompt-T Loss 0.2256  
Epoch 098 |  Time(s) 0.0130 | RobustPrompt-T Loss 0.2198  
Epoch 099 |  Time(s) 0.0130 | RobustPrompt-T Loss 0.2490  
Epoch 100 |  Time(s) 0.0130 | RobustPrompt-T Loss 0.2004  
Epoch 101 |  Time(s) 0.0128 | RobustPrompt-T Loss 0.2158  
Epoch 102 |  Time(s) 0.0132 | RobustPrompt-T Loss 0.1461  
Epoch 103 |  Time(s) 0.0135 | RobustPrompt-T Loss 0.2839  
Epoch 104 |  Time(s) 0.0129 | RobustPrompt-T Loss 0.2646  
Epoch 105 |  Time(s) 0.0127 | RobustPrompt-T Loss 0.1485  
Epoch 106 |  Time(s) 0.0130 | RobustPrompt-T Loss 0.1228  
Epoch 107 |  Time(s) 0.0128 | RobustPrompt-T Loss 0.2123  
Epoch 108 |  Time(s) 0.0131 | RobustPrompt-T Loss 0.1570  
Epoch 109 |  Time(s) 0.0128 | RobustPrompt-T Loss 0.2085  
Epoch 110 |  Time(s) 0.0131 | RobustPrompt-T Loss 0.1580  
Epoch 111 |  Time(s) 0.0133 | RobustPrompt-T Loss 0.1312  
Epoch 112 |  Time(s) 0.0130 | RobustPrompt-T Loss 0.1647  
Epoch 113 |  Time(s) 0.0130 | RobustPrompt-T Loss 0.1191  
Epoch 114 |  Time(s) 0.0125 | RobustPrompt-T Loss 0.1674  
Epoch 115 |  Time(s) 0.0132 | RobustPrompt-T Loss 0.1390  
Epoch 116 |  Time(s) 0.0133 | RobustPrompt-T Loss 0.1186  
Epoch 117 |  Time(s) 0.0129 | RobustPrompt-T Loss 0.1383  
Epoch 118 |  Time(s) 0.0130 | RobustPrompt-T Loss 0.0929  
Epoch 119 |  Time(s) 0.0130 | RobustPrompt-T Loss 0.1080  
Epoch 120 |  Time(s) 0.0128 | RobustPrompt-T Loss 0.0962  
Epoch 121 |  Time(s) 0.0131 | RobustPrompt-T Loss 0.0982  
Epoch 122 |  Time(s) 0.0142 | RobustPrompt-T Loss 0.0974  
Epoch 123 |  Time(s) 0.0129 | RobustPrompt-T Loss 0.0847  
Epoch 124 |  Time(s) 0.0128 | RobustPrompt-T Loss 0.0803  
Epoch 125 |  Time(s) 0.0136 | RobustPrompt-T Loss 0.0727  
Epoch 126 |  Time(s) 0.0128 | RobustPrompt-T Loss 0.0763  
Epoch 127 |  Time(s) 0.0133 | RobustPrompt-T Loss 0.0659  
Epoch 128 |  Time(s) 0.0125 | RobustPrompt-T Loss 0.0750  
Epoch 129 |  Time(s) 0.0129 | RobustPrompt-T Loss 0.0552  
Epoch 130 |  Time(s) 0.0130 | RobustPrompt-T Loss 0.0775  
Epoch 131 |  Time(s) 0.0127 | RobustPrompt-T Loss 0.0511  
Epoch 132 |  Time(s) 0.0130 | RobustPrompt-T Loss 0.0686  
Epoch 133 |  Time(s) 0.0131 | RobustPrompt-T Loss 0.0546  
Epoch 134 |  Time(s) 0.0129 | RobustPrompt-T Loss 0.0620  
Epoch 135 |  Time(s) 0.0131 | RobustPrompt-T Loss 0.0663  
Epoch 136 |  Time(s) 0.0129 | RobustPrompt-T Loss 0.0547  
Epoch 137 |  Time(s) 0.0130 | RobustPrompt-T Loss 0.0606  
Epoch 138 |  Time(s) 0.0129 | RobustPrompt-T Loss 0.0494  
Epoch 139 |  Time(s) 0.0126 | RobustPrompt-T Loss 0.0624  
Epoch 140 |  Time(s) 0.0128 | RobustPrompt-T Loss 0.0485  
Epoch 141 |  Time(s) 0.0131 | RobustPrompt-T Loss 0.0601  
Epoch 142 |  Time(s) 0.0130 | RobustPrompt-T Loss 0.0472  
Epoch 143 |  Time(s) 0.0129 | RobustPrompt-T Loss 0.0524  
Epoch 144 |  Time(s) 0.0129 | RobustPrompt-T Loss 0.0461  
Epoch 145 |  Time(s) 0.0131 | RobustPrompt-T Loss 0.0480  
Epoch 146 |  Time(s) 0.0128 | RobustPrompt-T Loss 0.0470  
Epoch 147 |  Time(s) 0.0130 | RobustPrompt-T Loss 0.0442  
Epoch 148 |  Time(s) 0.0126 | RobustPrompt-T Loss 0.0480  
Epoch 149 |  Time(s) 0.0128 | RobustPrompt-T Loss 0.0422  
Epoch 150 |  Time(s) 0.0135 | RobustPrompt-T Loss 0.0462  
Epoch 151 |  Time(s) 0.0133 | RobustPrompt-T Loss 0.0433  
Epoch 152 |  Time(s) 0.0137 | RobustPrompt-T Loss 0.0449  
Epoch 153 |  Time(s) 0.0132 | RobustPrompt-T Loss 0.0466  
Epoch 154 |  Time(s) 0.0132 | RobustPrompt-T Loss 0.0422  
Epoch 155 |  Time(s) 0.0131 | RobustPrompt-T Loss 0.0466  
Epoch 156 |  Time(s) 0.0131 | RobustPrompt-T Loss 0.0423  
Epoch 157 |  Time(s) 0.0128 | RobustPrompt-T Loss 0.0444  
Epoch 158 |  Time(s) 0.0129 | RobustPrompt-T Loss 0.0413  
Epoch 159 |  Time(s) 0.0132 | RobustPrompt-T Loss 0.0449  
Epoch 160 |  Time(s) 0.0129 | RobustPrompt-T Loss 0.0422  
Epoch 161 |  Time(s) 0.0130 | RobustPrompt-T Loss 0.0426  
Epoch 162 |  Time(s) 0.0131 | RobustPrompt-T Loss 0.0409  
Epoch 163 |  Time(s) 0.0129 | RobustPrompt-T Loss 0.0413  
Epoch 164 |  Time(s) 0.0130 | RobustPrompt-T Loss 0.0404  
Epoch 165 |  Time(s) 0.0131 | RobustPrompt-T Loss 0.0411  
Epoch 166 |  Time(s) 0.0130 | RobustPrompt-T Loss 0.0409  
Epoch 167 |  Time(s) 0.0130 | RobustPrompt-T Loss 0.0402  
Epoch 168 |  Time(s) 0.0129 | RobustPrompt-T Loss 0.0428  
Epoch 169 |  Time(s) 0.0127 | RobustPrompt-T Loss 0.0405  
Epoch 170 |  Time(s) 0.0129 | RobustPrompt-T Loss 0.0445  
Epoch 171 |  Time(s) 0.0134 | RobustPrompt-T Loss 0.0457  
Epoch 172 |  Time(s) 0.0124 | RobustPrompt-T Loss 0.0421  
Epoch 173 |  Time(s) 0.0124 | RobustPrompt-T Loss 0.0411  
Epoch 174 |  Time(s) 0.0128 | RobustPrompt-T Loss 0.0419  
Epoch 175 |  Time(s) 0.0127 | RobustPrompt-T Loss 0.0410  
Epoch 176 |  Time(s) 0.0129 | RobustPrompt-T Loss 0.0410  
Epoch 177 |  Time(s) 0.0129 | RobustPrompt-T Loss 0.0392  
Epoch 178 |  Time(s) 0.0127 | RobustPrompt-T Loss 0.0395  
Epoch 179 |  Time(s) 0.0126 | RobustPrompt-T Loss 0.0385  
Epoch 180 |  Time(s) 0.0133 | RobustPrompt-T Loss 0.0402  
Epoch 181 |  Time(s) 0.0132 | RobustPrompt-T Loss 0.0385  
Epoch 182 |  Time(s) 0.0131 | RobustPrompt-T Loss 0.0397  
Epoch 183 |  Time(s) 0.0131 | RobustPrompt-T Loss 0.0390  
Epoch 184 |  Time(s) 0.0131 | RobustPrompt-T Loss 0.0390  
Epoch 185 |  Time(s) 0.0130 | RobustPrompt-T Loss 0.0385  
Epoch 186 |  Time(s) 0.0130 | RobustPrompt-T Loss 0.0386  
Epoch 187 |  Time(s) 0.0129 | RobustPrompt-T Loss 0.0393  
Epoch 188 |  Time(s) 0.0130 | RobustPrompt-T Loss 0.0410  
Epoch 189 |  Time(s) 0.0130 | RobustPrompt-T Loss 0.0379  
Epoch 190 |  Time(s) 0.0129 | RobustPrompt-T Loss 0.0382  
Epoch 191 |  Time(s) 0.0130 | RobustPrompt-T Loss 0.0388  
Epoch 192 |  Time(s) 0.0131 | RobustPrompt-T Loss 0.0374  
Epoch 193 |  Time(s) 0.0129 | RobustPrompt-T Loss 0.0369  
Epoch 194 |  Time(s) 0.0131 | RobustPrompt-T Loss 0.0366  
Epoch 195 |  Time(s) 0.0131 | RobustPrompt-T Loss 0.0368  
Epoch 196 |  Time(s) 0.0135 | RobustPrompt-T Loss 0.0370  
Epoch 197 |  Time(s) 0.0132 | RobustPrompt-T Loss 0.0367  
Epoch 198 |  Time(s) 0.0130 | RobustPrompt-T Loss 0.0368  
Epoch 199 |  Time(s) 0.0131 | RobustPrompt-T Loss 0.0365  
Epoch 200 |  Time(s) 0.0131 | RobustPrompt-T Loss 0.0364  
Final True Accuracy: 0.1715 | Macro F1 Score: 0.1456
best_loss [tensor(0.0364, device='cuda:0', grad_fn=<AddBackward0>)]
load LLC or attacked data with specified split
Successfully loaded the attack of dataname with few shot 5, split 1
Attack method : Meta_Self | Attack ptb : 0.1 | Dataset: Cora
======================
Number of graphs: 1
Number of features: 1433
Number of classes: 7

Data(x=[2708, 1433], edge_index=[2, 14378], y=[2708], train_mask=[2708], val_mask=[2708], test_mask=[2708])
===========================================================================================================
Number of nodes: 2708
Number of edges: 14378
Average node degree: 5.31
Has isolated nodes: False
Has self-loops: True
Is undirected: True
GCN(
  (conv_layers): ModuleList(
    (0): GCNConv(1433, 256)
    (1): GCNConv(256, 256)
  )
)
Successfully loaded pre-trained weights!
use RobustPrompt Tranductive
defense pt dict :  {'sim_pt': -1.0, 'degree_pt': 1, 'out_detect_pt': 0.5, 'other_pt': 'all'}
use_attention :  False
cosine_constraint :  True
pt_threshold :  0.5
filter_module :  OriginalFilter
temperature :  1.0
weight_mse 0.1
weight_kl :  0.3
weight_constraint :  0.2
run RobustPrompt-T
Epoch 001 |  Time(s) 0.0127 | RobustPrompt-T Loss 1.9480  
Epoch 002 |  Time(s) 0.0129 | RobustPrompt-T Loss 1.9337  
Epoch 003 |  Time(s) 0.0130 | RobustPrompt-T Loss 1.9372  
Epoch 004 |  Time(s) 0.0131 | RobustPrompt-T Loss 1.9188  
Epoch 005 |  Time(s) 0.0124 | RobustPrompt-T Loss 1.9238  
Epoch 006 |  Time(s) 0.0125 | RobustPrompt-T Loss 1.9168  
Epoch 007 |  Time(s) 0.0128 | RobustPrompt-T Loss 1.9085  
Epoch 008 |  Time(s) 0.0127 | RobustPrompt-T Loss 1.8956  
Epoch 009 |  Time(s) 0.0135 | RobustPrompt-T Loss 1.8947  
Epoch 010 |  Time(s) 0.0128 | RobustPrompt-T Loss 1.8857  
Epoch 011 |  Time(s) 0.0122 | RobustPrompt-T Loss 1.8849  
Epoch 012 |  Time(s) 0.0120 | RobustPrompt-T Loss 1.8773  
Epoch 013 |  Time(s) 0.0121 | RobustPrompt-T Loss 1.8688  
Epoch 014 |  Time(s) 0.0127 | RobustPrompt-T Loss 1.8622  
Epoch 015 |  Time(s) 0.0127 | RobustPrompt-T Loss 1.8495  
Epoch 016 |  Time(s) 0.0132 | RobustPrompt-T Loss 1.8355  
Epoch 017 |  Time(s) 0.0133 | RobustPrompt-T Loss 1.8187  
Epoch 018 |  Time(s) 0.0130 | RobustPrompt-T Loss 1.8114  
Epoch 019 |  Time(s) 0.0129 | RobustPrompt-T Loss 1.8125  
Epoch 020 |  Time(s) 0.0132 | RobustPrompt-T Loss 1.8994  
Epoch 021 |  Time(s) 0.0132 | RobustPrompt-T Loss 1.7668  
Epoch 022 |  Time(s) 0.0123 | RobustPrompt-T Loss 1.8480  
Epoch 023 |  Time(s) 0.0135 | RobustPrompt-T Loss 1.8008  
Epoch 024 |  Time(s) 0.0125 | RobustPrompt-T Loss 1.7622  
Epoch 025 |  Time(s) 0.0126 | RobustPrompt-T Loss 1.7856  
Epoch 026 |  Time(s) 0.0128 | RobustPrompt-T Loss 1.6952  
Epoch 027 |  Time(s) 0.0129 | RobustPrompt-T Loss 1.7442  
Epoch 028 |  Time(s) 0.0130 | RobustPrompt-T Loss 1.6562  
Epoch 029 |  Time(s) 0.0130 | RobustPrompt-T Loss 1.7074  
Epoch 030 |  Time(s) 0.0129 | RobustPrompt-T Loss 1.6242  
Epoch 031 |  Time(s) 0.0125 | RobustPrompt-T Loss 1.6228  
Epoch 032 |  Time(s) 0.0119 | RobustPrompt-T Loss 1.6160  
Epoch 033 |  Time(s) 0.0122 | RobustPrompt-T Loss 1.5113  
Epoch 034 |  Time(s) 0.0130 | RobustPrompt-T Loss 1.5626  
Epoch 035 |  Time(s) 0.0129 | RobustPrompt-T Loss 1.4738  
Epoch 036 |  Time(s) 0.0127 | RobustPrompt-T Loss 1.4528  
Epoch 037 |  Time(s) 0.0129 | RobustPrompt-T Loss 1.4374  
Epoch 038 |  Time(s) 0.0126 | RobustPrompt-T Loss 1.3695  
Epoch 039 |  Time(s) 0.0129 | RobustPrompt-T Loss 1.3272  
Epoch 040 |  Time(s) 0.0130 | RobustPrompt-T Loss 1.2914  
Epoch 041 |  Time(s) 0.0128 | RobustPrompt-T Loss 1.3069  
Epoch 042 |  Time(s) 0.0128 | RobustPrompt-T Loss 1.2507  
Epoch 043 |  Time(s) 0.0128 | RobustPrompt-T Loss 1.1956  
Epoch 044 |  Time(s) 0.0128 | RobustPrompt-T Loss 1.1702  
Epoch 045 |  Time(s) 0.0127 | RobustPrompt-T Loss 1.1580  
Epoch 046 |  Time(s) 0.0125 | RobustPrompt-T Loss 1.1658  
Epoch 047 |  Time(s) 0.0129 | RobustPrompt-T Loss 1.0913  
Epoch 048 |  Time(s) 0.0132 | RobustPrompt-T Loss 1.0618  
Epoch 049 |  Time(s) 0.0129 | RobustPrompt-T Loss 1.0224  
Epoch 050 |  Time(s) 0.0130 | RobustPrompt-T Loss 1.0020  
Epoch 051 |  Time(s) 0.0135 | RobustPrompt-T Loss 0.9863  
Epoch 052 |  Time(s) 0.0126 | RobustPrompt-T Loss 0.9494  
Epoch 053 |  Time(s) 0.0124 | RobustPrompt-T Loss 0.9210  
Epoch 054 |  Time(s) 0.0123 | RobustPrompt-T Loss 0.9021  
Epoch 055 |  Time(s) 0.0123 | RobustPrompt-T Loss 0.9059  
Epoch 056 |  Time(s) 0.0123 | RobustPrompt-T Loss 0.8865  
Epoch 057 |  Time(s) 0.0122 | RobustPrompt-T Loss 0.8334  
Epoch 058 |  Time(s) 0.0126 | RobustPrompt-T Loss 0.8085  
Epoch 059 |  Time(s) 0.0129 | RobustPrompt-T Loss 0.8143  
Epoch 060 |  Time(s) 0.0131 | RobustPrompt-T Loss 0.8405  
Epoch 061 |  Time(s) 0.0131 | RobustPrompt-T Loss 0.7667  
Epoch 062 |  Time(s) 0.0129 | RobustPrompt-T Loss 0.8691  
Epoch 063 |  Time(s) 0.0131 | RobustPrompt-T Loss 0.7658  
Epoch 064 |  Time(s) 0.0128 | RobustPrompt-T Loss 0.9576  
Epoch 065 |  Time(s) 0.0130 | RobustPrompt-T Loss 1.0561  
Epoch 066 |  Time(s) 0.0132 | RobustPrompt-T Loss 0.7239  
Epoch 067 |  Time(s) 0.0130 | RobustPrompt-T Loss 1.2091  
Epoch 068 |  Time(s) 0.0130 | RobustPrompt-T Loss 1.7163  
Epoch 069 |  Time(s) 0.0129 | RobustPrompt-T Loss 1.2291  
Epoch 070 |  Time(s) 0.0124 | RobustPrompt-T Loss 0.6869  
Epoch 071 |  Time(s) 0.0130 | RobustPrompt-T Loss 1.2135  
Epoch 072 |  Time(s) 0.0129 | RobustPrompt-T Loss 1.6317  
Epoch 073 |  Time(s) 0.0131 | RobustPrompt-T Loss 1.2160  
Epoch 074 |  Time(s) 0.0130 | RobustPrompt-T Loss 0.6791  
Epoch 075 |  Time(s) 0.0136 | RobustPrompt-T Loss 1.3362  
Epoch 076 |  Time(s) 0.0130 | RobustPrompt-T Loss 2.3252  
Epoch 077 |  Time(s) 0.0130 | RobustPrompt-T Loss 2.0869  
Epoch 078 |  Time(s) 0.0130 | RobustPrompt-T Loss 1.0573  
Epoch 079 |  Time(s) 0.0130 | RobustPrompt-T Loss 0.7157  
Epoch 080 |  Time(s) 0.0132 | RobustPrompt-T Loss 0.9494  
Epoch 081 |  Time(s) 0.0132 | RobustPrompt-T Loss 0.8921  
Epoch 082 |  Time(s) 0.0118 | RobustPrompt-T Loss 0.6948  
Epoch 083 |  Time(s) 0.0131 | RobustPrompt-T Loss 0.8342  
Epoch 084 |  Time(s) 0.0125 | RobustPrompt-T Loss 0.8968  
Epoch 085 |  Time(s) 0.0127 | RobustPrompt-T Loss 0.7198  
Epoch 086 |  Time(s) 0.0121 | RobustPrompt-T Loss 0.8390  
Epoch 087 |  Time(s) 0.0130 | RobustPrompt-T Loss 0.9763  
Epoch 088 |  Time(s) 0.0129 | RobustPrompt-T Loss 0.8106  
Epoch 089 |  Time(s) 0.0130 | RobustPrompt-T Loss 0.7420  
Epoch 090 |  Time(s) 0.0129 | RobustPrompt-T Loss 0.8729  
Epoch 091 |  Time(s) 0.0132 | RobustPrompt-T Loss 0.7593  
Epoch 092 |  Time(s) 0.0134 | RobustPrompt-T Loss 0.6864  
Epoch 093 |  Time(s) 0.0131 | RobustPrompt-T Loss 0.7992  
----------------------------------------------------------------------------------------------------
Early stopping at 94 eopch!
Final True Accuracy: 0.1366 | Macro F1 Score: 0.0971
best_loss [tensor(0.7395, device='cuda:0', grad_fn=<AddBackward0>)]
load LLC or attacked data with specified split
Successfully loaded the attack of dataname with few shot 5, split 1
Attack method : Meta_Self | Attack ptb : 0.1 | Dataset: Cora
======================
Number of graphs: 1
Number of features: 1433
Number of classes: 7

Data(x=[2708, 1433], edge_index=[2, 14378], y=[2708], train_mask=[2708], val_mask=[2708], test_mask=[2708])
===========================================================================================================
Number of nodes: 2708
Number of edges: 14378
Average node degree: 5.31
Has isolated nodes: False
Has self-loops: True
Is undirected: True
GCN(
  (conv_layers): ModuleList(
    (0): GCNConv(1433, 256)
    (1): GCNConv(256, 256)
  )
)
Successfully loaded pre-trained weights!
use RobustPrompt Tranductive
defense pt dict :  {'sim_pt': -1.0, 'degree_pt': 1, 'out_detect_pt': 0.5, 'other_pt': 'all'}
use_attention :  False
cosine_constraint :  True
pt_threshold :  0.5
filter_module :  OriginalFilter
temperature :  1.0
weight_mse 0.1
weight_kl :  0.3
weight_constraint :  0.2
run RobustPrompt-T
Epoch 001 |  Time(s) 0.0130 | RobustPrompt-T Loss 1.9439  
Epoch 002 |  Time(s) 0.0132 | RobustPrompt-T Loss 1.9319  
Epoch 003 |  Time(s) 0.0134 | RobustPrompt-T Loss 1.9549  
Epoch 004 |  Time(s) 0.0132 | RobustPrompt-T Loss 1.9155  
Epoch 005 |  Time(s) 0.0127 | RobustPrompt-T Loss 1.9246  
Epoch 006 |  Time(s) 0.0129 | RobustPrompt-T Loss 1.9118  
Epoch 007 |  Time(s) 0.0129 | RobustPrompt-T Loss 1.9097  
Epoch 008 |  Time(s) 0.0132 | RobustPrompt-T Loss 1.8999  
Epoch 009 |  Time(s) 0.0131 | RobustPrompt-T Loss 1.8998  
Epoch 010 |  Time(s) 0.0131 | RobustPrompt-T Loss 1.9004  
Epoch 011 |  Time(s) 0.0131 | RobustPrompt-T Loss 1.8825  
Epoch 012 |  Time(s) 0.0129 | RobustPrompt-T Loss 1.8691  
Epoch 013 |  Time(s) 0.0131 | RobustPrompt-T Loss 1.8752  
Epoch 014 |  Time(s) 0.0135 | RobustPrompt-T Loss 1.8742  
Epoch 015 |  Time(s) 0.0132 | RobustPrompt-T Loss 1.8403  
Epoch 016 |  Time(s) 0.0133 | RobustPrompt-T Loss 1.8352  
Epoch 017 |  Time(s) 0.0135 | RobustPrompt-T Loss 1.8576  
Epoch 018 |  Time(s) 0.0134 | RobustPrompt-T Loss 1.8200  
Epoch 019 |  Time(s) 0.0131 | RobustPrompt-T Loss 1.7970  
Epoch 020 |  Time(s) 0.0130 | RobustPrompt-T Loss 1.7990  
Epoch 021 |  Time(s) 0.0131 | RobustPrompt-T Loss 1.7859  
Epoch 022 |  Time(s) 0.0140 | RobustPrompt-T Loss 1.7572  
Epoch 023 |  Time(s) 0.0125 | RobustPrompt-T Loss 1.7272  
Epoch 024 |  Time(s) 0.0126 | RobustPrompt-T Loss 1.7108  
Epoch 025 |  Time(s) 0.0122 | RobustPrompt-T Loss 1.7040  
Epoch 026 |  Time(s) 0.0127 | RobustPrompt-T Loss 1.7330  
Epoch 027 |  Time(s) 0.0131 | RobustPrompt-T Loss 1.6684  
Epoch 028 |  Time(s) 0.0130 | RobustPrompt-T Loss 1.6023  
Epoch 029 |  Time(s) 0.0128 | RobustPrompt-T Loss 1.5893  
Epoch 030 |  Time(s) 0.0128 | RobustPrompt-T Loss 1.6254  
Epoch 031 |  Time(s) 0.0132 | RobustPrompt-T Loss 1.5192  
Epoch 032 |  Time(s) 0.0132 | RobustPrompt-T Loss 1.5418  
Epoch 033 |  Time(s) 0.0130 | RobustPrompt-T Loss 1.5143  
Epoch 034 |  Time(s) 0.0127 | RobustPrompt-T Loss 1.4728  
Epoch 035 |  Time(s) 0.0132 | RobustPrompt-T Loss 1.3897  
Epoch 036 |  Time(s) 0.0131 | RobustPrompt-T Loss 1.4430  
Epoch 037 |  Time(s) 0.0131 | RobustPrompt-T Loss 1.3358  
Epoch 038 |  Time(s) 0.0131 | RobustPrompt-T Loss 1.3565  
Epoch 039 |  Time(s) 0.0124 | RobustPrompt-T Loss 1.3197  
Epoch 040 |  Time(s) 0.0127 | RobustPrompt-T Loss 1.2582  
Epoch 041 |  Time(s) 0.0128 | RobustPrompt-T Loss 1.2405  
Epoch 042 |  Time(s) 0.0122 | RobustPrompt-T Loss 1.2629  
Epoch 043 |  Time(s) 0.0131 | RobustPrompt-T Loss 1.1823  
Epoch 044 |  Time(s) 0.0125 | RobustPrompt-T Loss 1.1676  
Epoch 045 |  Time(s) 0.0131 | RobustPrompt-T Loss 1.1648  
Epoch 046 |  Time(s) 0.0127 | RobustPrompt-T Loss 1.1566  
Epoch 047 |  Time(s) 0.0133 | RobustPrompt-T Loss 1.0896  
Epoch 048 |  Time(s) 0.0135 | RobustPrompt-T Loss 1.0575  
Epoch 049 |  Time(s) 0.0128 | RobustPrompt-T Loss 1.0717  
Epoch 050 |  Time(s) 0.0133 | RobustPrompt-T Loss 1.0417  
Epoch 051 |  Time(s) 0.0131 | RobustPrompt-T Loss 1.0159  
Epoch 052 |  Time(s) 0.0126 | RobustPrompt-T Loss 0.9674  
Epoch 053 |  Time(s) 0.0124 | RobustPrompt-T Loss 0.9567  
Epoch 054 |  Time(s) 0.0131 | RobustPrompt-T Loss 0.9454  
Epoch 055 |  Time(s) 0.0130 | RobustPrompt-T Loss 0.9439  
Epoch 056 |  Time(s) 0.0131 | RobustPrompt-T Loss 0.8751  
Epoch 057 |  Time(s) 0.0131 | RobustPrompt-T Loss 0.8853  
Epoch 058 |  Time(s) 0.0136 | RobustPrompt-T Loss 0.8878  
Epoch 059 |  Time(s) 0.0131 | RobustPrompt-T Loss 0.8183  
Epoch 060 |  Time(s) 0.0132 | RobustPrompt-T Loss 0.8199  
Epoch 061 |  Time(s) 0.0131 | RobustPrompt-T Loss 0.8366  
Epoch 062 |  Time(s) 0.0129 | RobustPrompt-T Loss 0.7655  
Epoch 063 |  Time(s) 0.0131 | RobustPrompt-T Loss 0.8084  
Epoch 064 |  Time(s) 0.0129 | RobustPrompt-T Loss 0.7318  
Epoch 065 |  Time(s) 0.0131 | RobustPrompt-T Loss 0.8200  
Epoch 066 |  Time(s) 0.0136 | RobustPrompt-T Loss 0.7619  
Epoch 067 |  Time(s) 0.0131 | RobustPrompt-T Loss 0.8093  
Epoch 068 |  Time(s) 0.0133 | RobustPrompt-T Loss 0.8065  
Epoch 069 |  Time(s) 0.0134 | RobustPrompt-T Loss 0.7245  
Epoch 070 |  Time(s) 0.0133 | RobustPrompt-T Loss 0.7096  
Epoch 071 |  Time(s) 0.0132 | RobustPrompt-T Loss 0.7353  
Epoch 072 |  Time(s) 0.0132 | RobustPrompt-T Loss 0.6735  
Epoch 073 |  Time(s) 0.0130 | RobustPrompt-T Loss 0.6920  
Epoch 074 |  Time(s) 0.0131 | RobustPrompt-T Loss 0.6693  
Epoch 075 |  Time(s) 0.0133 | RobustPrompt-T Loss 0.6341  
Epoch 076 |  Time(s) 0.0131 | RobustPrompt-T Loss 0.6706  
Epoch 077 |  Time(s) 0.0131 | RobustPrompt-T Loss 0.5843  
Epoch 078 |  Time(s) 0.0130 | RobustPrompt-T Loss 0.6617  
Epoch 079 |  Time(s) 0.0130 | RobustPrompt-T Loss 0.6099  
Epoch 080 |  Time(s) 0.0132 | RobustPrompt-T Loss 0.5833  
Epoch 081 |  Time(s) 0.0127 | RobustPrompt-T Loss 0.6332  
Epoch 082 |  Time(s) 0.0122 | RobustPrompt-T Loss 0.5747  
Epoch 083 |  Time(s) 0.0121 | RobustPrompt-T Loss 0.8080  
Epoch 084 |  Time(s) 0.0127 | RobustPrompt-T Loss 0.9232  
Epoch 085 |  Time(s) 0.0132 | RobustPrompt-T Loss 0.5423  
Epoch 086 |  Time(s) 0.0131 | RobustPrompt-T Loss 0.8955  
Epoch 087 |  Time(s) 0.0129 | RobustPrompt-T Loss 1.3000  
Epoch 088 |  Time(s) 0.0129 | RobustPrompt-T Loss 0.9115  
Epoch 089 |  Time(s) 0.0130 | RobustPrompt-T Loss 0.5078  
Epoch 090 |  Time(s) 0.0130 | RobustPrompt-T Loss 0.9446  
Epoch 091 |  Time(s) 0.0131 | RobustPrompt-T Loss 1.1597  
Epoch 092 |  Time(s) 0.0129 | RobustPrompt-T Loss 0.7621  
Epoch 093 |  Time(s) 0.0131 | RobustPrompt-T Loss 0.5561  
Epoch 094 |  Time(s) 0.0131 | RobustPrompt-T Loss 0.6191  
Epoch 095 |  Time(s) 0.0131 | RobustPrompt-T Loss 0.5875  
Epoch 096 |  Time(s) 0.0130 | RobustPrompt-T Loss 0.5971  
Epoch 097 |  Time(s) 0.0129 | RobustPrompt-T Loss 0.6111  
Epoch 098 |  Time(s) 0.0130 | RobustPrompt-T Loss 0.5833  
Epoch 099 |  Time(s) 0.0131 | RobustPrompt-T Loss 0.5976  
Epoch 100 |  Time(s) 0.0131 | RobustPrompt-T Loss 0.7512  
Epoch 101 |  Time(s) 0.0129 | RobustPrompt-T Loss 0.6341  
Epoch 102 |  Time(s) 0.0129 | RobustPrompt-T Loss 0.6160  
Epoch 103 |  Time(s) 0.0132 | RobustPrompt-T Loss 0.8368  
Epoch 104 |  Time(s) 0.0130 | RobustPrompt-T Loss 0.6683  
Epoch 105 |  Time(s) 0.0130 | RobustPrompt-T Loss 0.5468  
Epoch 106 |  Time(s) 0.0129 | RobustPrompt-T Loss 0.7002  
Epoch 107 |  Time(s) 0.0131 | RobustPrompt-T Loss 0.5643  
Epoch 108 |  Time(s) 0.0131 | RobustPrompt-T Loss 0.5351  
----------------------------------------------------------------------------------------------------
Early stopping at 109 eopch!
Final True Accuracy: 0.1528 | Macro F1 Score: 0.1162
best_loss [tensor(0.5421, device='cuda:0', grad_fn=<AddBackward0>)]
load LLC or attacked data with specified split
Successfully loaded the attack of dataname with few shot 5, split 1
Attack method : Meta_Self | Attack ptb : 0.1 | Dataset: Cora
======================
Number of graphs: 1
Number of features: 1433
Number of classes: 7

Data(x=[2708, 1433], edge_index=[2, 14378], y=[2708], train_mask=[2708], val_mask=[2708], test_mask=[2708])
===========================================================================================================
Number of nodes: 2708
Number of edges: 14378
Average node degree: 5.31
Has isolated nodes: False
Has self-loops: True
Is undirected: True
GCN(
  (conv_layers): ModuleList(
    (0): GCNConv(1433, 256)
    (1): GCNConv(256, 256)
  )
)
Successfully loaded pre-trained weights!
use RobustPrompt Tranductive
defense pt dict :  {'sim_pt': -1.0, 'degree_pt': 1, 'out_detect_pt': 0.5, 'other_pt': 'all'}
use_attention :  False
cosine_constraint :  True
pt_threshold :  0.5
filter_module :  OriginalFilter
temperature :  1.0
weight_mse 0.1
weight_kl :  0.3
weight_constraint :  0.2
run RobustPrompt-T
Epoch 001 |  Time(s) 0.0135 | RobustPrompt-T Loss 1.9462  
Epoch 002 |  Time(s) 0.0130 | RobustPrompt-T Loss 1.9389  
Epoch 003 |  Time(s) 0.0130 | RobustPrompt-T Loss 1.9242  
Epoch 004 |  Time(s) 0.0135 | RobustPrompt-T Loss 1.9301  
Epoch 005 |  Time(s) 0.0132 | RobustPrompt-T Loss 1.9125  
Epoch 006 |  Time(s) 0.0132 | RobustPrompt-T Loss 1.9114  
Epoch 007 |  Time(s) 0.0130 | RobustPrompt-T Loss 1.9073  
Epoch 008 |  Time(s) 0.0130 | RobustPrompt-T Loss 1.8983  
Epoch 009 |  Time(s) 0.0130 | RobustPrompt-T Loss 1.8904  
Epoch 010 |  Time(s) 0.0135 | RobustPrompt-T Loss 1.8928  
Epoch 011 |  Time(s) 0.0133 | RobustPrompt-T Loss 1.8731  
Epoch 012 |  Time(s) 0.0131 | RobustPrompt-T Loss 1.8683  
Epoch 013 |  Time(s) 0.0131 | RobustPrompt-T Loss 1.8514  
Epoch 014 |  Time(s) 0.0130 | RobustPrompt-T Loss 1.8582  
Epoch 015 |  Time(s) 0.0130 | RobustPrompt-T Loss 1.9186  
Epoch 016 |  Time(s) 0.0134 | RobustPrompt-T Loss 1.8788  
Epoch 017 |  Time(s) 0.0132 | RobustPrompt-T Loss 1.8548  
Epoch 018 |  Time(s) 0.0134 | RobustPrompt-T Loss 1.8436  
Epoch 019 |  Time(s) 0.0136 | RobustPrompt-T Loss 1.8576  
Epoch 020 |  Time(s) 0.0133 | RobustPrompt-T Loss 1.7942  
Epoch 021 |  Time(s) 0.0131 | RobustPrompt-T Loss 1.8159  
Epoch 022 |  Time(s) 0.0128 | RobustPrompt-T Loss 1.8082  
Epoch 023 |  Time(s) 0.0133 | RobustPrompt-T Loss 1.7738  
Epoch 024 |  Time(s) 0.0130 | RobustPrompt-T Loss 1.7666  
Epoch 025 |  Time(s) 0.0128 | RobustPrompt-T Loss 1.7582  
Epoch 026 |  Time(s) 0.0128 | RobustPrompt-T Loss 1.7474  
Epoch 027 |  Time(s) 0.0130 | RobustPrompt-T Loss 1.7150  
Epoch 028 |  Time(s) 0.0131 | RobustPrompt-T Loss 1.6812  
Epoch 029 |  Time(s) 0.0130 | RobustPrompt-T Loss 1.6732  
Epoch 030 |  Time(s) 0.0129 | RobustPrompt-T Loss 1.6578  
Epoch 031 |  Time(s) 0.0132 | RobustPrompt-T Loss 1.6368  
Epoch 032 |  Time(s) 0.0131 | RobustPrompt-T Loss 1.6009  
Epoch 033 |  Time(s) 0.0131 | RobustPrompt-T Loss 1.5839  
Epoch 034 |  Time(s) 0.0130 | RobustPrompt-T Loss 1.5146  
Epoch 035 |  Time(s) 0.0130 | RobustPrompt-T Loss 1.4647  
Epoch 036 |  Time(s) 0.0130 | RobustPrompt-T Loss 1.4421  
Epoch 037 |  Time(s) 0.0129 | RobustPrompt-T Loss 1.4141  
Epoch 038 |  Time(s) 0.0130 | RobustPrompt-T Loss 1.3801  
Epoch 039 |  Time(s) 0.0130 | RobustPrompt-T Loss 1.3389  
Epoch 040 |  Time(s) 0.0129 | RobustPrompt-T Loss 1.2914  
Epoch 041 |  Time(s) 0.0130 | RobustPrompt-T Loss 1.2639  
Epoch 042 |  Time(s) 0.0130 | RobustPrompt-T Loss 1.2358  
Epoch 043 |  Time(s) 0.0129 | RobustPrompt-T Loss 1.2051  
Epoch 044 |  Time(s) 0.0130 | RobustPrompt-T Loss 1.1644  
Epoch 045 |  Time(s) 0.0131 | RobustPrompt-T Loss 1.1305  
Epoch 046 |  Time(s) 0.0131 | RobustPrompt-T Loss 1.0947  
Epoch 047 |  Time(s) 0.0129 | RobustPrompt-T Loss 1.0913  
Epoch 048 |  Time(s) 0.0129 | RobustPrompt-T Loss 1.1695  
Epoch 049 |  Time(s) 0.0130 | RobustPrompt-T Loss 1.0394  
Epoch 050 |  Time(s) 0.0129 | RobustPrompt-T Loss 1.3805  
Epoch 051 |  Time(s) 0.0130 | RobustPrompt-T Loss 1.4520  
Epoch 052 |  Time(s) 0.0129 | RobustPrompt-T Loss 1.0183  
Epoch 053 |  Time(s) 0.0125 | RobustPrompt-T Loss 1.5833  
Epoch 054 |  Time(s) 0.0128 | RobustPrompt-T Loss 2.1736  
Epoch 055 |  Time(s) 0.0129 | RobustPrompt-T Loss 1.6207  
Epoch 056 |  Time(s) 0.0130 | RobustPrompt-T Loss 1.0590  
Epoch 057 |  Time(s) 0.0129 | RobustPrompt-T Loss 1.1460  
Epoch 058 |  Time(s) 0.0126 | RobustPrompt-T Loss 1.2734  
Epoch 059 |  Time(s) 0.0130 | RobustPrompt-T Loss 1.2401  
Epoch 060 |  Time(s) 0.0127 | RobustPrompt-T Loss 1.0992  
Epoch 061 |  Time(s) 0.0129 | RobustPrompt-T Loss 0.9468  
Epoch 062 |  Time(s) 0.0130 | RobustPrompt-T Loss 0.9871  
Epoch 063 |  Time(s) 0.0129 | RobustPrompt-T Loss 0.9819  
Epoch 064 |  Time(s) 0.0130 | RobustPrompt-T Loss 0.9459  
Epoch 065 |  Time(s) 0.0129 | RobustPrompt-T Loss 0.9481  
Epoch 066 |  Time(s) 0.0127 | RobustPrompt-T Loss 0.9243  
Epoch 067 |  Time(s) 0.0128 | RobustPrompt-T Loss 0.8853  
Epoch 068 |  Time(s) 0.0129 | RobustPrompt-T Loss 0.8401  
Epoch 069 |  Time(s) 0.0129 | RobustPrompt-T Loss 0.8676  
Epoch 070 |  Time(s) 0.0130 | RobustPrompt-T Loss 0.8354  
Epoch 071 |  Time(s) 0.0128 | RobustPrompt-T Loss 0.8177  
Epoch 072 |  Time(s) 0.0126 | RobustPrompt-T Loss 0.7782  
Epoch 073 |  Time(s) 0.0129 | RobustPrompt-T Loss 0.7715  
Epoch 074 |  Time(s) 0.0128 | RobustPrompt-T Loss 0.7725  
Epoch 075 |  Time(s) 0.0129 | RobustPrompt-T Loss 0.7567  
Epoch 076 |  Time(s) 0.0129 | RobustPrompt-T Loss 0.7161  
Epoch 077 |  Time(s) 0.0125 | RobustPrompt-T Loss 0.7037  
Epoch 078 |  Time(s) 0.0128 | RobustPrompt-T Loss 0.6929  
Epoch 079 |  Time(s) 0.0128 | RobustPrompt-T Loss 0.6902  
Epoch 080 |  Time(s) 0.0130 | RobustPrompt-T Loss 0.6727  
Epoch 081 |  Time(s) 0.0130 | RobustPrompt-T Loss 0.6655  
Epoch 082 |  Time(s) 0.0130 | RobustPrompt-T Loss 0.6497  
Epoch 083 |  Time(s) 0.0130 | RobustPrompt-T Loss 0.6369  
Epoch 084 |  Time(s) 0.0129 | RobustPrompt-T Loss 0.6169  
Epoch 085 |  Time(s) 0.0130 | RobustPrompt-T Loss 0.6035  
Epoch 086 |  Time(s) 0.0130 | RobustPrompt-T Loss 0.5894  
Epoch 087 |  Time(s) 0.0130 | RobustPrompt-T Loss 0.5723  
Epoch 088 |  Time(s) 0.0129 | RobustPrompt-T Loss 0.5576  
Epoch 089 |  Time(s) 0.0131 | RobustPrompt-T Loss 0.5496  
Epoch 090 |  Time(s) 0.0129 | RobustPrompt-T Loss 0.5359  
Epoch 091 |  Time(s) 0.0126 | RobustPrompt-T Loss 0.5186  
Epoch 092 |  Time(s) 0.0128 | RobustPrompt-T Loss 0.5179  
Epoch 093 |  Time(s) 0.0139 | RobustPrompt-T Loss 0.5114  
Epoch 094 |  Time(s) 0.0131 | RobustPrompt-T Loss 0.4878  
Epoch 095 |  Time(s) 0.0130 | RobustPrompt-T Loss 0.4676  
Epoch 096 |  Time(s) 0.0130 | RobustPrompt-T Loss 0.4496  
Epoch 097 |  Time(s) 0.0133 | RobustPrompt-T Loss 0.4446  
Epoch 098 |  Time(s) 0.0137 | RobustPrompt-T Loss 0.4198  
Epoch 099 |  Time(s) 0.0124 | RobustPrompt-T Loss 0.4030  
Epoch 100 |  Time(s) 0.0127 | RobustPrompt-T Loss 0.3961  
Epoch 101 |  Time(s) 0.0128 | RobustPrompt-T Loss 0.3878  
Epoch 102 |  Time(s) 0.0130 | RobustPrompt-T Loss 0.3835  
Epoch 103 |  Time(s) 0.0126 | RobustPrompt-T Loss 0.3635  
Epoch 104 |  Time(s) 0.0126 | RobustPrompt-T Loss 0.3404  
Epoch 105 |  Time(s) 0.0122 | RobustPrompt-T Loss 0.3404  
Epoch 106 |  Time(s) 0.0136 | RobustPrompt-T Loss 0.3596  
Epoch 107 |  Time(s) 0.0135 | RobustPrompt-T Loss 0.2992  
Epoch 108 |  Time(s) 0.0129 | RobustPrompt-T Loss 0.3490  
Epoch 109 |  Time(s) 0.0133 | RobustPrompt-T Loss 0.2887  
Epoch 110 |  Time(s) 0.0129 | RobustPrompt-T Loss 0.2780  
Epoch 111 |  Time(s) 0.0125 | RobustPrompt-T Loss 0.3048  
Epoch 112 |  Time(s) 0.0129 | RobustPrompt-T Loss 0.2634  
Epoch 113 |  Time(s) 0.0127 | RobustPrompt-T Loss 0.2485  
Epoch 114 |  Time(s) 0.0129 | RobustPrompt-T Loss 0.2677  
Epoch 115 |  Time(s) 0.0129 | RobustPrompt-T Loss 0.2524  
Epoch 116 |  Time(s) 0.0130 | RobustPrompt-T Loss 0.2293  
Epoch 117 |  Time(s) 0.0130 | RobustPrompt-T Loss 0.2190  
Epoch 118 |  Time(s) 0.0128 | RobustPrompt-T Loss 0.2143  
Epoch 119 |  Time(s) 0.0128 | RobustPrompt-T Loss 0.2039  
Epoch 120 |  Time(s) 0.0127 | RobustPrompt-T Loss 0.2095  
Epoch 121 |  Time(s) 0.0128 | RobustPrompt-T Loss 0.1985  
Epoch 122 |  Time(s) 0.0129 | RobustPrompt-T Loss 0.1891  
Epoch 123 |  Time(s) 0.0130 | RobustPrompt-T Loss 0.1904  
Epoch 124 |  Time(s) 0.0127 | RobustPrompt-T Loss 0.1785  
Epoch 125 |  Time(s) 0.0130 | RobustPrompt-T Loss 0.1705  
Epoch 126 |  Time(s) 0.0126 | RobustPrompt-T Loss 0.1776  
Epoch 127 |  Time(s) 0.0126 | RobustPrompt-T Loss 0.1681  
Epoch 128 |  Time(s) 0.0130 | RobustPrompt-T Loss 0.1588  
Epoch 129 |  Time(s) 0.0132 | RobustPrompt-T Loss 0.1676  
Epoch 130 |  Time(s) 0.0130 | RobustPrompt-T Loss 0.1615  
Epoch 131 |  Time(s) 0.0131 | RobustPrompt-T Loss 0.1492  
Epoch 132 |  Time(s) 0.0130 | RobustPrompt-T Loss 0.1397  
Epoch 133 |  Time(s) 0.0133 | RobustPrompt-T Loss 0.1476  
Epoch 134 |  Time(s) 0.0125 | RobustPrompt-T Loss 0.1380  
Epoch 135 |  Time(s) 0.0129 | RobustPrompt-T Loss 0.1278  
Epoch 136 |  Time(s) 0.0128 | RobustPrompt-T Loss 0.1282  
Epoch 137 |  Time(s) 0.0129 | RobustPrompt-T Loss 0.1208  
Epoch 138 |  Time(s) 0.0132 | RobustPrompt-T Loss 0.1168  
Epoch 139 |  Time(s) 0.0133 | RobustPrompt-T Loss 0.1261  
Epoch 140 |  Time(s) 0.0130 | RobustPrompt-T Loss 0.1249  
Epoch 141 |  Time(s) 0.0130 | RobustPrompt-T Loss 0.1104  
Epoch 142 |  Time(s) 0.0128 | RobustPrompt-T Loss 0.1040  
Epoch 143 |  Time(s) 0.0132 | RobustPrompt-T Loss 0.1039  
Epoch 144 |  Time(s) 0.0131 | RobustPrompt-T Loss 0.0994  
Epoch 145 |  Time(s) 0.0129 | RobustPrompt-T Loss 0.0946  
Epoch 146 |  Time(s) 0.0130 | RobustPrompt-T Loss 0.0974  
Epoch 147 |  Time(s) 0.0127 | RobustPrompt-T Loss 0.0939  
Epoch 148 |  Time(s) 0.0122 | RobustPrompt-T Loss 0.0902  
Epoch 149 |  Time(s) 0.0133 | RobustPrompt-T Loss 0.0823  
Epoch 150 |  Time(s) 0.0131 | RobustPrompt-T Loss 0.0798  
Epoch 151 |  Time(s) 0.0136 | RobustPrompt-T Loss 0.0788  
Epoch 152 |  Time(s) 0.0134 | RobustPrompt-T Loss 0.0760  
Epoch 153 |  Time(s) 0.0137 | RobustPrompt-T Loss 0.0820  
Epoch 154 |  Time(s) 0.0130 | RobustPrompt-T Loss 0.0740  
Epoch 155 |  Time(s) 0.0126 | RobustPrompt-T Loss 0.0689  
Epoch 156 |  Time(s) 0.0120 | RobustPrompt-T Loss 0.0660  
Epoch 157 |  Time(s) 0.0118 | RobustPrompt-T Loss 0.0673  
Epoch 158 |  Time(s) 0.0124 | RobustPrompt-T Loss 0.0697  
Epoch 159 |  Time(s) 0.0127 | RobustPrompt-T Loss 0.0621  
Epoch 160 |  Time(s) 0.0132 | RobustPrompt-T Loss 0.0620  
Epoch 161 |  Time(s) 0.0130 | RobustPrompt-T Loss 0.0629  
Epoch 162 |  Time(s) 0.0130 | RobustPrompt-T Loss 0.0590  
Epoch 163 |  Time(s) 0.0123 | RobustPrompt-T Loss 0.0581  
Epoch 164 |  Time(s) 0.0128 | RobustPrompt-T Loss 0.0537  
Epoch 165 |  Time(s) 0.0128 | RobustPrompt-T Loss 0.0541  
Epoch 166 |  Time(s) 0.0132 | RobustPrompt-T Loss 0.0559  
Epoch 167 |  Time(s) 0.0130 | RobustPrompt-T Loss 0.0519  
Epoch 168 |  Time(s) 0.0129 | RobustPrompt-T Loss 0.0509  
Epoch 169 |  Time(s) 0.0130 | RobustPrompt-T Loss 0.0486  
Epoch 170 |  Time(s) 0.0129 | RobustPrompt-T Loss 0.0476  
Epoch 171 |  Time(s) 0.0134 | RobustPrompt-T Loss 0.0463  
Epoch 172 |  Time(s) 0.0131 | RobustPrompt-T Loss 0.0467  
Epoch 173 |  Time(s) 0.0129 | RobustPrompt-T Loss 0.0471  
Epoch 174 |  Time(s) 0.0131 | RobustPrompt-T Loss 0.0460  
Epoch 175 |  Time(s) 0.0129 | RobustPrompt-T Loss 0.0473  
Epoch 176 |  Time(s) 0.0130 | RobustPrompt-T Loss 0.0441  
Epoch 177 |  Time(s) 0.0129 | RobustPrompt-T Loss 0.0436  
Epoch 178 |  Time(s) 0.0130 | RobustPrompt-T Loss 0.0514  
Epoch 179 |  Time(s) 0.0130 | RobustPrompt-T Loss 0.0526  
Epoch 180 |  Time(s) 0.0130 | RobustPrompt-T Loss 0.0668  
Epoch 181 |  Time(s) 0.0132 | RobustPrompt-T Loss 0.0522  
Epoch 182 |  Time(s) 0.0130 | RobustPrompt-T Loss 0.0414  
Epoch 183 |  Time(s) 0.0136 | RobustPrompt-T Loss 0.0531  
Epoch 184 |  Time(s) 0.0132 | RobustPrompt-T Loss 0.0632  
Epoch 185 |  Time(s) 0.0131 | RobustPrompt-T Loss 0.0407  
Epoch 186 |  Time(s) 0.0130 | RobustPrompt-T Loss 0.0631  
Epoch 187 |  Time(s) 0.0131 | RobustPrompt-T Loss 0.0833  
Epoch 188 |  Time(s) 0.0131 | RobustPrompt-T Loss 0.0461  
Epoch 189 |  Time(s) 0.0130 | RobustPrompt-T Loss 0.1554  
Epoch 190 |  Time(s) 0.0131 | RobustPrompt-T Loss 0.0816  
Epoch 191 |  Time(s) 0.0135 | RobustPrompt-T Loss 0.1064  
Epoch 192 |  Time(s) 0.0129 | RobustPrompt-T Loss 0.1185  
Epoch 193 |  Time(s) 0.0133 | RobustPrompt-T Loss 0.0447  
Epoch 194 |  Time(s) 0.0133 | RobustPrompt-T Loss 0.0770  
Epoch 195 |  Time(s) 0.0130 | RobustPrompt-T Loss 0.0424  
Epoch 196 |  Time(s) 0.0130 | RobustPrompt-T Loss 0.0475  
Epoch 197 |  Time(s) 0.0129 | RobustPrompt-T Loss 0.0594  
Epoch 198 |  Time(s) 0.0135 | RobustPrompt-T Loss 0.0358  
Epoch 199 |  Time(s) 0.0132 | RobustPrompt-T Loss 0.0514  
Epoch 200 |  Time(s) 0.0133 | RobustPrompt-T Loss 0.0307  
Final True Accuracy: 0.1869 | Macro F1 Score: 0.1643
best_loss [tensor(0.0307, device='cuda:0', grad_fn=<AddBackward0>)]
load LLC or attacked data with specified split
Successfully loaded the attack of dataname with few shot 5, split 1
Attack method : Meta_Self | Attack ptb : 0.1 | Dataset: Cora
======================
Number of graphs: 1
Number of features: 1433
Number of classes: 7

Data(x=[2708, 1433], edge_index=[2, 14378], y=[2708], train_mask=[2708], val_mask=[2708], test_mask=[2708])
===========================================================================================================
Number of nodes: 2708
Number of edges: 14378
Average node degree: 5.31
Has isolated nodes: False
Has self-loops: True
Is undirected: True
GCN(
  (conv_layers): ModuleList(
    (0): GCNConv(1433, 256)
    (1): GCNConv(256, 256)
  )
)
Successfully loaded pre-trained weights!
use RobustPrompt Tranductive
defense pt dict :  {'sim_pt': -1.0, 'degree_pt': 1, 'out_detect_pt': 0.5, 'other_pt': 'all'}
use_attention :  False
cosine_constraint :  True
pt_threshold :  0.5
filter_module :  OriginalFilter
temperature :  1.0
weight_mse 0.1
weight_kl :  0.3
weight_constraint :  0.2
run RobustPrompt-T
Epoch 001 |  Time(s) 0.0136 | RobustPrompt-T Loss 1.9485  
Epoch 002 |  Time(s) 0.0136 | RobustPrompt-T Loss 1.9276  
Epoch 003 |  Time(s) 0.0133 | RobustPrompt-T Loss 1.9520  
Epoch 004 |  Time(s) 0.0130 | RobustPrompt-T Loss 1.9244  
Epoch 005 |  Time(s) 0.0130 | RobustPrompt-T Loss 1.9183  
Epoch 006 |  Time(s) 0.0130 | RobustPrompt-T Loss 1.9173  
Epoch 007 |  Time(s) 0.0135 | RobustPrompt-T Loss 1.9180  
Epoch 008 |  Time(s) 0.0134 | RobustPrompt-T Loss 1.9114  
Epoch 009 |  Time(s) 0.0136 | RobustPrompt-T Loss 1.9029  
Epoch 010 |  Time(s) 0.0133 | RobustPrompt-T Loss 1.9031  
Epoch 011 |  Time(s) 0.0131 | RobustPrompt-T Loss 1.8834  
Epoch 012 |  Time(s) 0.0132 | RobustPrompt-T Loss 1.8720  
Epoch 013 |  Time(s) 0.0135 | RobustPrompt-T Loss 1.8738  
Epoch 014 |  Time(s) 0.0132 | RobustPrompt-T Loss 1.8800  
Epoch 015 |  Time(s) 0.0133 | RobustPrompt-T Loss 1.8786  
Epoch 016 |  Time(s) 0.0138 | RobustPrompt-T Loss 1.8380  
Epoch 017 |  Time(s) 0.0132 | RobustPrompt-T Loss 1.8695  
Epoch 018 |  Time(s) 0.0131 | RobustPrompt-T Loss 1.8447  
Epoch 019 |  Time(s) 0.0136 | RobustPrompt-T Loss 1.8219  
Epoch 020 |  Time(s) 0.0134 | RobustPrompt-T Loss 1.8393  
Epoch 021 |  Time(s) 0.0135 | RobustPrompt-T Loss 1.7908  
Epoch 022 |  Time(s) 0.0134 | RobustPrompt-T Loss 1.8013  
Epoch 023 |  Time(s) 0.0131 | RobustPrompt-T Loss 1.7769  
Epoch 024 |  Time(s) 0.0137 | RobustPrompt-T Loss 1.7462  
Epoch 025 |  Time(s) 0.0134 | RobustPrompt-T Loss 1.7584  
Epoch 026 |  Time(s) 0.0136 | RobustPrompt-T Loss 1.7134  
Epoch 027 |  Time(s) 0.0133 | RobustPrompt-T Loss 1.6948  
Epoch 028 |  Time(s) 0.0132 | RobustPrompt-T Loss 1.6574  
Epoch 029 |  Time(s) 0.0135 | RobustPrompt-T Loss 1.6480  
Epoch 030 |  Time(s) 0.0135 | RobustPrompt-T Loss 1.6238  
Epoch 031 |  Time(s) 0.0137 | RobustPrompt-T Loss 1.6035  
Epoch 032 |  Time(s) 0.0133 | RobustPrompt-T Loss 1.5831  
Epoch 033 |  Time(s) 0.0137 | RobustPrompt-T Loss 1.4984  
Epoch 034 |  Time(s) 0.0138 | RobustPrompt-T Loss 1.4890  
Epoch 035 |  Time(s) 0.0133 | RobustPrompt-T Loss 1.4893  
Epoch 036 |  Time(s) 0.0137 | RobustPrompt-T Loss 1.4705  
Epoch 037 |  Time(s) 0.0134 | RobustPrompt-T Loss 1.3830  
Epoch 038 |  Time(s) 0.0137 | RobustPrompt-T Loss 1.3771  
Epoch 039 |  Time(s) 0.0133 | RobustPrompt-T Loss 1.3896  
Epoch 040 |  Time(s) 0.0138 | RobustPrompt-T Loss 1.2842  
Epoch 041 |  Time(s) 0.0133 | RobustPrompt-T Loss 1.3528  
Epoch 042 |  Time(s) 0.0138 | RobustPrompt-T Loss 1.2593  
Epoch 043 |  Time(s) 0.0138 | RobustPrompt-T Loss 1.2569  
Epoch 044 |  Time(s) 0.0135 | RobustPrompt-T Loss 1.2606  
Epoch 045 |  Time(s) 0.0140 | RobustPrompt-T Loss 1.1665  
Epoch 046 |  Time(s) 0.0137 | RobustPrompt-T Loss 1.2404  
Epoch 047 |  Time(s) 0.0134 | RobustPrompt-T Loss 1.1279  
Epoch 048 |  Time(s) 0.0135 | RobustPrompt-T Loss 1.3483  
Epoch 049 |  Time(s) 0.0131 | RobustPrompt-T Loss 1.3636  
Epoch 050 |  Time(s) 0.0133 | RobustPrompt-T Loss 1.0505  
Epoch 051 |  Time(s) 0.0130 | RobustPrompt-T Loss 1.2188  
Epoch 052 |  Time(s) 0.0131 | RobustPrompt-T Loss 1.1371  
Epoch 053 |  Time(s) 0.0129 | RobustPrompt-T Loss 1.0380  
Epoch 054 |  Time(s) 0.0137 | RobustPrompt-T Loss 1.0612  
Epoch 055 |  Time(s) 0.0134 | RobustPrompt-T Loss 1.0191  
Epoch 056 |  Time(s) 0.0136 | RobustPrompt-T Loss 1.0103  
Epoch 057 |  Time(s) 0.0134 | RobustPrompt-T Loss 0.9624  
Epoch 058 |  Time(s) 0.0136 | RobustPrompt-T Loss 1.0172  
Epoch 059 |  Time(s) 0.0134 | RobustPrompt-T Loss 0.9837  
Epoch 060 |  Time(s) 0.0136 | RobustPrompt-T Loss 0.9049  
Epoch 061 |  Time(s) 0.0134 | RobustPrompt-T Loss 0.9206  
Epoch 062 |  Time(s) 0.0137 | RobustPrompt-T Loss 0.9021  
Epoch 063 |  Time(s) 0.0132 | RobustPrompt-T Loss 0.8174  
Epoch 064 |  Time(s) 0.0137 | RobustPrompt-T Loss 0.8230  
Epoch 065 |  Time(s) 0.0134 | RobustPrompt-T Loss 0.7765  
Epoch 066 |  Time(s) 0.0135 | RobustPrompt-T Loss 0.7588  
Epoch 067 |  Time(s) 0.0134 | RobustPrompt-T Loss 0.7292  
Epoch 068 |  Time(s) 0.0136 | RobustPrompt-T Loss 0.7270  
Epoch 069 |  Time(s) 0.0134 | RobustPrompt-T Loss 0.6970  
Epoch 070 |  Time(s) 0.0135 | RobustPrompt-T Loss 0.6933  
Epoch 071 |  Time(s) 0.0134 | RobustPrompt-T Loss 0.6550  
Epoch 072 |  Time(s) 0.0139 | RobustPrompt-T Loss 0.6366  
Epoch 073 |  Time(s) 0.0137 | RobustPrompt-T Loss 0.6144  
Epoch 074 |  Time(s) 0.0133 | RobustPrompt-T Loss 0.6001  
Epoch 075 |  Time(s) 0.0133 | RobustPrompt-T Loss 0.5948  
Epoch 076 |  Time(s) 0.0136 | RobustPrompt-T Loss 0.5717  
Epoch 077 |  Time(s) 0.0138 | RobustPrompt-T Loss 0.5327  
Epoch 078 |  Time(s) 0.0134 | RobustPrompt-T Loss 0.5130  
Epoch 079 |  Time(s) 0.0137 | RobustPrompt-T Loss 0.5041  
Epoch 080 |  Time(s) 0.0134 | RobustPrompt-T Loss 0.4868  
Epoch 081 |  Time(s) 0.0137 | RobustPrompt-T Loss 0.4697  
Epoch 082 |  Time(s) 0.0133 | RobustPrompt-T Loss 0.4507  
Epoch 083 |  Time(s) 0.0136 | RobustPrompt-T Loss 0.4371  
Epoch 084 |  Time(s) 0.0134 | RobustPrompt-T Loss 0.4224  
Epoch 085 |  Time(s) 0.0136 | RobustPrompt-T Loss 0.4019  
Epoch 086 |  Time(s) 0.0133 | RobustPrompt-T Loss 0.3898  
Epoch 087 |  Time(s) 0.0136 | RobustPrompt-T Loss 0.3712  
Epoch 088 |  Time(s) 0.0134 | RobustPrompt-T Loss 0.3723  
Epoch 089 |  Time(s) 0.0137 | RobustPrompt-T Loss 0.3518  
Epoch 090 |  Time(s) 0.0132 | RobustPrompt-T Loss 0.3459  
Epoch 091 |  Time(s) 0.0136 | RobustPrompt-T Loss 0.3268  
Epoch 092 |  Time(s) 0.0133 | RobustPrompt-T Loss 0.3393  
Epoch 093 |  Time(s) 0.0133 | RobustPrompt-T Loss 0.2703  
Epoch 094 |  Time(s) 0.0136 | RobustPrompt-T Loss 0.3137  
Epoch 095 |  Time(s) 0.0134 | RobustPrompt-T Loss 0.3117  
Epoch 096 |  Time(s) 0.0135 | RobustPrompt-T Loss 0.2468  
Epoch 097 |  Time(s) 0.0133 | RobustPrompt-T Loss 0.3930  
Epoch 098 |  Time(s) 0.0137 | RobustPrompt-T Loss 0.2818  
Epoch 099 |  Time(s) 0.0133 | RobustPrompt-T Loss 0.3913  
Epoch 100 |  Time(s) 0.0136 | RobustPrompt-T Loss 0.4602  
Epoch 101 |  Time(s) 0.0132 | RobustPrompt-T Loss 0.1831  
Epoch 102 |  Time(s) 0.0133 | RobustPrompt-T Loss 0.4580  
Epoch 103 |  Time(s) 0.0137 | RobustPrompt-T Loss 0.3482  
Epoch 104 |  Time(s) 0.0133 | RobustPrompt-T Loss 0.2271  
Epoch 105 |  Time(s) 0.0135 | RobustPrompt-T Loss 0.2658  
Epoch 106 |  Time(s) 0.0134 | RobustPrompt-T Loss 0.1926  
Epoch 107 |  Time(s) 0.0130 | RobustPrompt-T Loss 0.1571  
Epoch 108 |  Time(s) 0.0131 | RobustPrompt-T Loss 0.2214  
Epoch 109 |  Time(s) 0.0137 | RobustPrompt-T Loss 0.1620  
Epoch 110 |  Time(s) 0.0133 | RobustPrompt-T Loss 0.3652  
Epoch 111 |  Time(s) 0.0135 | RobustPrompt-T Loss 0.3636  
Epoch 112 |  Time(s) 0.0132 | RobustPrompt-T Loss 0.1363  
Epoch 113 |  Time(s) 0.0133 | RobustPrompt-T Loss 0.1574  
Epoch 114 |  Time(s) 0.0137 | RobustPrompt-T Loss 0.1662  
Epoch 115 |  Time(s) 0.0138 | RobustPrompt-T Loss 0.1186  
Epoch 116 |  Time(s) 0.0133 | RobustPrompt-T Loss 0.1298  
Epoch 117 |  Time(s) 0.0133 | RobustPrompt-T Loss 0.1624  
Epoch 118 |  Time(s) 0.0136 | RobustPrompt-T Loss 0.1156  
Epoch 119 |  Time(s) 0.0134 | RobustPrompt-T Loss 0.1289  
Epoch 120 |  Time(s) 0.0137 | RobustPrompt-T Loss 0.1324  
Epoch 121 |  Time(s) 0.0138 | RobustPrompt-T Loss 0.1069  
Epoch 122 |  Time(s) 0.0134 | RobustPrompt-T Loss 0.1007  
Epoch 123 |  Time(s) 0.0137 | RobustPrompt-T Loss 0.0871  
Epoch 124 |  Time(s) 0.0134 | RobustPrompt-T Loss 0.1249  
Epoch 125 |  Time(s) 0.0135 | RobustPrompt-T Loss 0.1240  
Epoch 126 |  Time(s) 0.0133 | RobustPrompt-T Loss 0.1210  
Epoch 127 |  Time(s) 0.0131 | RobustPrompt-T Loss 0.0939  
Epoch 128 |  Time(s) 0.0131 | RobustPrompt-T Loss 0.0982  
Epoch 129 |  Time(s) 0.0136 | RobustPrompt-T Loss 0.0979  
Epoch 130 |  Time(s) 0.0134 | RobustPrompt-T Loss 0.1023  
Epoch 131 |  Time(s) 0.0130 | RobustPrompt-T Loss 0.0902  
Epoch 132 |  Time(s) 0.0137 | RobustPrompt-T Loss 0.1001  
Epoch 133 |  Time(s) 0.0135 | RobustPrompt-T Loss 0.0573  
Epoch 134 |  Time(s) 0.0136 | RobustPrompt-T Loss 0.1146  
Epoch 135 |  Time(s) 0.0133 | RobustPrompt-T Loss 0.0582  
Epoch 136 |  Time(s) 0.0136 | RobustPrompt-T Loss 0.0889  
Epoch 137 |  Time(s) 0.0133 | RobustPrompt-T Loss 0.0681  
Epoch 138 |  Time(s) 0.0137 | RobustPrompt-T Loss 0.0808  
Epoch 139 |  Time(s) 0.0134 | RobustPrompt-T Loss 0.0594  
Epoch 140 |  Time(s) 0.0137 | RobustPrompt-T Loss 0.0574  
Epoch 141 |  Time(s) 0.0132 | RobustPrompt-T Loss 0.1134  
Epoch 142 |  Time(s) 0.0132 | RobustPrompt-T Loss 0.0679  
Epoch 143 |  Time(s) 0.0136 | RobustPrompt-T Loss 0.0714  
Epoch 144 |  Time(s) 0.0134 | RobustPrompt-T Loss 0.0936  
Epoch 145 |  Time(s) 0.0136 | RobustPrompt-T Loss 0.0459  
Epoch 146 |  Time(s) 0.0133 | RobustPrompt-T Loss 0.0750  
Epoch 147 |  Time(s) 0.0134 | RobustPrompt-T Loss 0.0989  
Epoch 148 |  Time(s) 0.0133 | RobustPrompt-T Loss 0.0888  
Epoch 149 |  Time(s) 0.0139 | RobustPrompt-T Loss 0.0698  
Epoch 150 |  Time(s) 0.0134 | RobustPrompt-T Loss 0.1165  
Epoch 151 |  Time(s) 0.0136 | RobustPrompt-T Loss 0.0499  
Epoch 152 |  Time(s) 0.0134 | RobustPrompt-T Loss 0.0570  
Epoch 153 |  Time(s) 0.0131 | RobustPrompt-T Loss 0.0650  
Epoch 154 |  Time(s) 0.0138 | RobustPrompt-T Loss 0.0582  
Epoch 155 |  Time(s) 0.0133 | RobustPrompt-T Loss 0.0466  
Epoch 156 |  Time(s) 0.0136 | RobustPrompt-T Loss 0.0497  
Epoch 157 |  Time(s) 0.0135 | RobustPrompt-T Loss 0.0585  
Epoch 158 |  Time(s) 0.0136 | RobustPrompt-T Loss 0.0560  
Epoch 159 |  Time(s) 0.0134 | RobustPrompt-T Loss 0.0503  
Epoch 160 |  Time(s) 0.0134 | RobustPrompt-T Loss 0.0342  
Epoch 161 |  Time(s) 0.0134 | RobustPrompt-T Loss 0.0954  
Epoch 162 |  Time(s) 0.0139 | RobustPrompt-T Loss 0.0582  
Epoch 163 |  Time(s) 0.0134 | RobustPrompt-T Loss 0.0506  
Epoch 164 |  Time(s) 0.0136 | RobustPrompt-T Loss 0.0482  
Epoch 165 |  Time(s) 0.0133 | RobustPrompt-T Loss 0.0506  
Epoch 166 |  Time(s) 0.0137 | RobustPrompt-T Loss 0.0458  
Epoch 167 |  Time(s) 0.0134 | RobustPrompt-T Loss 0.0398  
Epoch 168 |  Time(s) 0.0137 | RobustPrompt-T Loss 0.0413  
Epoch 169 |  Time(s) 0.0139 | RobustPrompt-T Loss 0.0380  
Epoch 170 |  Time(s) 0.0134 | RobustPrompt-T Loss 0.0522  
Epoch 171 |  Time(s) 0.0131 | RobustPrompt-T Loss 0.0497  
Epoch 172 |  Time(s) 0.0137 | RobustPrompt-T Loss 0.0406  
Epoch 173 |  Time(s) 0.0138 | RobustPrompt-T Loss 0.0519  
Epoch 174 |  Time(s) 0.0139 | RobustPrompt-T Loss 0.0462  
Epoch 175 |  Time(s) 0.0135 | RobustPrompt-T Loss 0.0435  
Epoch 176 |  Time(s) 0.0131 | RobustPrompt-T Loss 0.0328  
Epoch 177 |  Time(s) 0.0136 | RobustPrompt-T Loss 0.0441  
Epoch 178 |  Time(s) 0.0139 | RobustPrompt-T Loss 0.0371  
Epoch 179 |  Time(s) 0.0135 | RobustPrompt-T Loss 0.0428  
Epoch 180 |  Time(s) 0.0136 | RobustPrompt-T Loss 0.0456  
Epoch 181 |  Time(s) 0.0131 | RobustPrompt-T Loss 0.0389  
Epoch 182 |  Time(s) 0.0131 | RobustPrompt-T Loss 0.0562  
Epoch 183 |  Time(s) 0.0138 | RobustPrompt-T Loss 0.0483  
Epoch 184 |  Time(s) 0.0132 | RobustPrompt-T Loss 0.0398  
Epoch 185 |  Time(s) 0.0132 | RobustPrompt-T Loss 0.0394  
Epoch 186 |  Time(s) 0.0138 | RobustPrompt-T Loss 0.0330  
Epoch 187 |  Time(s) 0.0138 | RobustPrompt-T Loss 0.0405  
Epoch 188 |  Time(s) 0.0138 | RobustPrompt-T Loss 0.0324  
Epoch 189 |  Time(s) 0.0134 | RobustPrompt-T Loss 0.0367  
Epoch 190 |  Time(s) 0.0137 | RobustPrompt-T Loss 0.0323  
Epoch 191 |  Time(s) 0.0137 | RobustPrompt-T Loss 0.0376  
Epoch 192 |  Time(s) 0.0138 | RobustPrompt-T Loss 0.0371  
Epoch 193 |  Time(s) 0.0138 | RobustPrompt-T Loss 0.0374  
Epoch 194 |  Time(s) 0.0132 | RobustPrompt-T Loss 0.0366  
Epoch 195 |  Time(s) 0.0137 | RobustPrompt-T Loss 0.0338  
Epoch 196 |  Time(s) 0.0140 | RobustPrompt-T Loss 0.0326  
Epoch 197 |  Time(s) 0.0140 | RobustPrompt-T Loss 0.0321  
Epoch 198 |  Time(s) 0.0138 | RobustPrompt-T Loss 0.0362  
Epoch 199 |  Time(s) 0.0140 | RobustPrompt-T Loss 0.0324  
Epoch 200 |  Time(s) 0.0135 | RobustPrompt-T Loss 0.0336  
Final True Accuracy: 0.2172 | Macro F1 Score: 0.1824
best_loss [tensor(0.0336, device='cuda:0', grad_fn=<AddBackward0>)]
{1: {1: 0.17151163518428802}, 2: {1: 0.1366279125213623}, 3: {1: 0.15282392501831055}, 4: {1: 0.1868770718574524}, 5: {1: 0.21719269454479218}}
{1: {1: 0.17151163518428802, 2: 0.1366279125213623, 3: 0.15282392501831055, 4: 0.1868770718574524, 5: 0.21719269454479218}}
########################################################################################
seed: 1 | split 1 : 0.17151163518428802
# Seed 1 Muti Split Final Acc: 0.1715±0.0000
seed: 2 | split 1 : 0.1366279125213623
# Seed 2 Muti Split Final Acc: 0.1366±0.0000
seed: 3 | split 1 : 0.15282392501831055
# Seed 3 Muti Split Final Acc: 0.1528±0.0000
seed: 4 | split 1 : 0.1868770718574524
# Seed 4 Muti Split Final Acc: 0.1869±0.0000
seed: 5 | split 1 : 0.21719269454479218
# Seed 5 Muti Split Final Acc: 0.2172±0.0000
########################################################################################
split: 1 | seed 1 : 0.17151163518428802
split: 1 | seed 2 : 0.1366279125213623
split: 1 | seed 3 : 0.15282392501831055
split: 1 | seed 4 : 0.1868770718574524
split: 1 | seed 5 : 0.21719269454479218
# Split 1 Muti Seed Acc without min value: 0.1821±0.0236
########################################################################################
