load LLC or attacked data with specified split
Successfully loaded the attack of dataname with few shot 5, split 1
Attack method : Meta_Self | Attack ptb : 0.15 | Dataset: Cora
======================
Number of graphs: 1
Number of features: 1433
Number of classes: 7

Data(x=[2708, 1433], edge_index=[2, 14952], y=[2708], train_mask=[2708], val_mask=[2708], test_mask=[2708])
===========================================================================================================
Number of nodes: 2708
Number of edges: 14952
Average node degree: 5.52
Has isolated nodes: False
Has self-loops: True
Is undirected: True
GCN(
  (conv_layers): ModuleList(
    (0): GCNConv(1433, 256)
    (1): GCNConv(256, 256)
  )
)
Successfully loaded pre-trained weights!
use RobustPrompt Tranductive
defense pt dict :  {'sim_pt': -1.0, 'degree_pt': 1, 'out_detect_pt': 0.5, 'other_pt': 'all'}
use_attention :  False
cosine_constraint :  True
pt_threshold :  0.5
filter_module :  OriginalFilter
temperature :  1.0
weight_mse 0.1
weight_kl :  0.3
weight_constraint :  0.2
run RobustPrompt-T
Epoch 001 |  Time(s) 0.2527 | RobustPrompt-T Loss 1.9491  
Epoch 002 |  Time(s) 0.0126 | RobustPrompt-T Loss 1.9548  
Epoch 003 |  Time(s) 0.0122 | RobustPrompt-T Loss 1.9235  
Epoch 004 |  Time(s) 0.0120 | RobustPrompt-T Loss 1.9193  
Epoch 005 |  Time(s) 0.0120 | RobustPrompt-T Loss 1.9227  
Epoch 006 |  Time(s) 0.0125 | RobustPrompt-T Loss 1.9151  
Epoch 007 |  Time(s) 0.0129 | RobustPrompt-T Loss 1.9071  
Epoch 008 |  Time(s) 0.0126 | RobustPrompt-T Loss 1.9039  
Epoch 009 |  Time(s) 0.0127 | RobustPrompt-T Loss 1.8993  
Epoch 010 |  Time(s) 0.0126 | RobustPrompt-T Loss 1.8947  
Epoch 011 |  Time(s) 0.0126 | RobustPrompt-T Loss 1.8926  
Epoch 012 |  Time(s) 0.0126 | RobustPrompt-T Loss 1.8774  
Epoch 013 |  Time(s) 0.0129 | RobustPrompt-T Loss 1.8766  
Epoch 014 |  Time(s) 0.0126 | RobustPrompt-T Loss 1.8741  
Epoch 015 |  Time(s) 0.0127 | RobustPrompt-T Loss 1.8583  
Epoch 016 |  Time(s) 0.0128 | RobustPrompt-T Loss 1.8472  
Epoch 017 |  Time(s) 0.0127 | RobustPrompt-T Loss 1.8657  
Epoch 018 |  Time(s) 0.0129 | RobustPrompt-T Loss 1.8284  
Epoch 019 |  Time(s) 0.0127 | RobustPrompt-T Loss 1.8171  
Epoch 020 |  Time(s) 0.0128 | RobustPrompt-T Loss 1.7990  
Epoch 021 |  Time(s) 0.0123 | RobustPrompt-T Loss 1.8121  
Epoch 022 |  Time(s) 0.0131 | RobustPrompt-T Loss 1.8013  
Epoch 023 |  Time(s) 0.0128 | RobustPrompt-T Loss 1.7672  
Epoch 024 |  Time(s) 0.0129 | RobustPrompt-T Loss 1.7266  
Epoch 025 |  Time(s) 0.0127 | RobustPrompt-T Loss 1.7502  
Epoch 026 |  Time(s) 0.0123 | RobustPrompt-T Loss 1.7155  
Epoch 027 |  Time(s) 0.0126 | RobustPrompt-T Loss 1.7622  
Epoch 028 |  Time(s) 0.0131 | RobustPrompt-T Loss 1.6259  
Epoch 029 |  Time(s) 0.0129 | RobustPrompt-T Loss 1.7093  
Epoch 030 |  Time(s) 0.0129 | RobustPrompt-T Loss 1.6711  
Epoch 031 |  Time(s) 0.0132 | RobustPrompt-T Loss 1.5797  
Epoch 032 |  Time(s) 0.0129 | RobustPrompt-T Loss 1.6837  
Epoch 033 |  Time(s) 0.0129 | RobustPrompt-T Loss 1.5541  
Epoch 034 |  Time(s) 0.0126 | RobustPrompt-T Loss 1.6063  
Epoch 035 |  Time(s) 0.0134 | RobustPrompt-T Loss 1.4914  
Epoch 036 |  Time(s) 0.0131 | RobustPrompt-T Loss 1.6737  
Epoch 037 |  Time(s) 0.0129 | RobustPrompt-T Loss 1.6302  
Epoch 038 |  Time(s) 0.0130 | RobustPrompt-T Loss 1.5106  
Epoch 039 |  Time(s) 0.0129 | RobustPrompt-T Loss 1.4329  
Epoch 040 |  Time(s) 0.0130 | RobustPrompt-T Loss 1.4685  
Epoch 041 |  Time(s) 0.0129 | RobustPrompt-T Loss 1.4474  
Epoch 042 |  Time(s) 0.0131 | RobustPrompt-T Loss 1.3891  
Epoch 043 |  Time(s) 0.0129 | RobustPrompt-T Loss 1.4233  
Epoch 044 |  Time(s) 0.0131 | RobustPrompt-T Loss 1.3401  
Epoch 045 |  Time(s) 0.0128 | RobustPrompt-T Loss 1.3274  
Epoch 046 |  Time(s) 0.0132 | RobustPrompt-T Loss 1.3235  
Epoch 047 |  Time(s) 0.0133 | RobustPrompt-T Loss 1.3029  
Epoch 048 |  Time(s) 0.0130 | RobustPrompt-T Loss 1.2732  
Epoch 049 |  Time(s) 0.0131 | RobustPrompt-T Loss 1.2569  
Epoch 050 |  Time(s) 0.0130 | RobustPrompt-T Loss 1.2375  
Epoch 051 |  Time(s) 0.0129 | RobustPrompt-T Loss 1.2149  
Epoch 052 |  Time(s) 0.0133 | RobustPrompt-T Loss 1.2233  
Epoch 053 |  Time(s) 0.0130 | RobustPrompt-T Loss 1.1816  
Epoch 054 |  Time(s) 0.0130 | RobustPrompt-T Loss 1.1770  
Epoch 055 |  Time(s) 0.0132 | RobustPrompt-T Loss 1.1636  
Epoch 056 |  Time(s) 0.0134 | RobustPrompt-T Loss 1.1501  
Epoch 057 |  Time(s) 0.0133 | RobustPrompt-T Loss 1.1209  
Epoch 058 |  Time(s) 0.0130 | RobustPrompt-T Loss 1.1173  
Epoch 059 |  Time(s) 0.0132 | RobustPrompt-T Loss 1.0818  
Epoch 060 |  Time(s) 0.0132 | RobustPrompt-T Loss 1.0678  
Epoch 061 |  Time(s) 0.0130 | RobustPrompt-T Loss 1.0583  
Epoch 062 |  Time(s) 0.0130 | RobustPrompt-T Loss 1.0320  
Epoch 063 |  Time(s) 0.0132 | RobustPrompt-T Loss 1.0005  
Epoch 064 |  Time(s) 0.0134 | RobustPrompt-T Loss 1.0018  
Epoch 065 |  Time(s) 0.0132 | RobustPrompt-T Loss 0.9911  
Epoch 066 |  Time(s) 0.0131 | RobustPrompt-T Loss 0.9615  
Epoch 067 |  Time(s) 0.0133 | RobustPrompt-T Loss 0.9311  
Epoch 068 |  Time(s) 0.0132 | RobustPrompt-T Loss 0.8985  
Epoch 069 |  Time(s) 0.0131 | RobustPrompt-T Loss 0.8775  
Epoch 070 |  Time(s) 0.0131 | RobustPrompt-T Loss 0.8574  
Epoch 071 |  Time(s) 0.0132 | RobustPrompt-T Loss 0.8364  
Epoch 072 |  Time(s) 0.0131 | RobustPrompt-T Loss 0.8296  
Epoch 073 |  Time(s) 0.0131 | RobustPrompt-T Loss 0.8127  
Epoch 074 |  Time(s) 0.0130 | RobustPrompt-T Loss 0.8453  
Epoch 075 |  Time(s) 0.0133 | RobustPrompt-T Loss 0.7715  
Epoch 076 |  Time(s) 0.0131 | RobustPrompt-T Loss 0.8419  
Epoch 077 |  Time(s) 0.0129 | RobustPrompt-T Loss 0.7376  
Epoch 078 |  Time(s) 0.0133 | RobustPrompt-T Loss 0.8296  
Epoch 079 |  Time(s) 0.0131 | RobustPrompt-T Loss 0.7259  
Epoch 080 |  Time(s) 0.0131 | RobustPrompt-T Loss 0.9412  
Epoch 081 |  Time(s) 0.0130 | RobustPrompt-T Loss 0.9133  
Epoch 082 |  Time(s) 0.0129 | RobustPrompt-T Loss 0.7354  
Epoch 083 |  Time(s) 0.0130 | RobustPrompt-T Loss 0.8749  
Epoch 084 |  Time(s) 0.0133 | RobustPrompt-T Loss 0.9027  
Epoch 085 |  Time(s) 0.0131 | RobustPrompt-T Loss 0.6659  
Epoch 086 |  Time(s) 0.0131 | RobustPrompt-T Loss 0.9339  
Epoch 087 |  Time(s) 0.0131 | RobustPrompt-T Loss 0.7858  
Epoch 088 |  Time(s) 0.0130 | RobustPrompt-T Loss 0.7667  
Epoch 089 |  Time(s) 0.0132 | RobustPrompt-T Loss 0.7924  
Epoch 090 |  Time(s) 0.0132 | RobustPrompt-T Loss 0.7270  
Epoch 091 |  Time(s) 0.0127 | RobustPrompt-T Loss 0.7179  
Epoch 092 |  Time(s) 0.0134 | RobustPrompt-T Loss 0.8085  
Epoch 093 |  Time(s) 0.0135 | RobustPrompt-T Loss 0.6886  
Epoch 094 |  Time(s) 0.0134 | RobustPrompt-T Loss 0.8484  
Epoch 095 |  Time(s) 0.0133 | RobustPrompt-T Loss 1.0178  
Epoch 096 |  Time(s) 0.0133 | RobustPrompt-T Loss 0.7174  
Epoch 097 |  Time(s) 0.0133 | RobustPrompt-T Loss 0.7969  
Epoch 098 |  Time(s) 0.0132 | RobustPrompt-T Loss 1.0177  
Epoch 099 |  Time(s) 0.0135 | RobustPrompt-T Loss 0.7252  
Epoch 100 |  Time(s) 0.0134 | RobustPrompt-T Loss 0.7224  
Epoch 101 |  Time(s) 0.0132 | RobustPrompt-T Loss 0.8269  
Epoch 102 |  Time(s) 0.0134 | RobustPrompt-T Loss 0.6335  
Epoch 103 |  Time(s) 0.0132 | RobustPrompt-T Loss 0.7562  
Epoch 104 |  Time(s) 0.0132 | RobustPrompt-T Loss 0.8218  
Epoch 105 |  Time(s) 0.0128 | RobustPrompt-T Loss 0.6634  
Epoch 106 |  Time(s) 0.0129 | RobustPrompt-T Loss 0.6621  
Epoch 107 |  Time(s) 0.0136 | RobustPrompt-T Loss 0.7451  
Epoch 108 |  Time(s) 0.0133 | RobustPrompt-T Loss 0.6146  
Epoch 109 |  Time(s) 0.0133 | RobustPrompt-T Loss 0.7413  
Epoch 110 |  Time(s) 0.0130 | RobustPrompt-T Loss 0.8249  
Epoch 111 |  Time(s) 0.0129 | RobustPrompt-T Loss 0.6062  
Epoch 112 |  Time(s) 0.0136 | RobustPrompt-T Loss 0.6916  
Epoch 113 |  Time(s) 0.0135 | RobustPrompt-T Loss 0.8159  
Epoch 114 |  Time(s) 0.0133 | RobustPrompt-T Loss 0.6224  
Epoch 115 |  Time(s) 0.0133 | RobustPrompt-T Loss 0.6012  
Epoch 116 |  Time(s) 0.0134 | RobustPrompt-T Loss 0.6813  
Epoch 117 |  Time(s) 0.0131 | RobustPrompt-T Loss 0.5526  
Epoch 118 |  Time(s) 0.0132 | RobustPrompt-T Loss 0.6559  
Epoch 119 |  Time(s) 0.0134 | RobustPrompt-T Loss 0.7924  
Epoch 120 |  Time(s) 0.0133 | RobustPrompt-T Loss 0.6203  
Epoch 121 |  Time(s) 0.0137 | RobustPrompt-T Loss 0.5758  
Epoch 122 |  Time(s) 0.0133 | RobustPrompt-T Loss 0.6571  
Epoch 123 |  Time(s) 0.0133 | RobustPrompt-T Loss 0.5740  
Epoch 124 |  Time(s) 0.0136 | RobustPrompt-T Loss 0.5796  
Epoch 125 |  Time(s) 0.0132 | RobustPrompt-T Loss 0.5971  
Epoch 126 |  Time(s) 0.0135 | RobustPrompt-T Loss 0.5815  
Epoch 127 |  Time(s) 0.0132 | RobustPrompt-T Loss 0.5701  
Epoch 128 |  Time(s) 0.0133 | RobustPrompt-T Loss 0.5489  
Epoch 129 |  Time(s) 0.0132 | RobustPrompt-T Loss 0.5009  
Epoch 130 |  Time(s) 0.0128 | RobustPrompt-T Loss 0.4731  
Epoch 131 |  Time(s) 0.0128 | RobustPrompt-T Loss 0.4720  
Epoch 132 |  Time(s) 0.0128 | RobustPrompt-T Loss 0.4768  
Epoch 133 |  Time(s) 0.0135 | RobustPrompt-T Loss 0.5197  
Epoch 134 |  Time(s) 0.0136 | RobustPrompt-T Loss 0.4326  
Epoch 135 |  Time(s) 0.0134 | RobustPrompt-T Loss 0.4779  
Epoch 136 |  Time(s) 0.0135 | RobustPrompt-T Loss 0.4967  
Epoch 137 |  Time(s) 0.0134 | RobustPrompt-T Loss 0.4271  
Epoch 138 |  Time(s) 0.0132 | RobustPrompt-T Loss 0.5669  
Epoch 139 |  Time(s) 0.0133 | RobustPrompt-T Loss 0.5782  
Epoch 140 |  Time(s) 0.0138 | RobustPrompt-T Loss 0.4410  
Epoch 141 |  Time(s) 0.0134 | RobustPrompt-T Loss 0.4029  
Epoch 142 |  Time(s) 0.0134 | RobustPrompt-T Loss 0.4238  
Epoch 143 |  Time(s) 0.0135 | RobustPrompt-T Loss 0.4054  
Epoch 144 |  Time(s) 0.0133 | RobustPrompt-T Loss 0.3815  
Epoch 145 |  Time(s) 0.0133 | RobustPrompt-T Loss 0.3765  
Epoch 146 |  Time(s) 0.0133 | RobustPrompt-T Loss 0.3445  
Epoch 147 |  Time(s) 0.0133 | RobustPrompt-T Loss 0.3698  
Epoch 148 |  Time(s) 0.0136 | RobustPrompt-T Loss 0.3514  
Epoch 149 |  Time(s) 0.0134 | RobustPrompt-T Loss 0.3142  
Epoch 150 |  Time(s) 0.0133 | RobustPrompt-T Loss 0.3261  
Epoch 151 |  Time(s) 0.0133 | RobustPrompt-T Loss 0.3164  
Epoch 152 |  Time(s) 0.0135 | RobustPrompt-T Loss 0.2957  
Epoch 153 |  Time(s) 0.0133 | RobustPrompt-T Loss 0.2858  
Epoch 154 |  Time(s) 0.0137 | RobustPrompt-T Loss 0.2805  
Epoch 155 |  Time(s) 0.0132 | RobustPrompt-T Loss 0.2781  
Epoch 156 |  Time(s) 0.0135 | RobustPrompt-T Loss 0.2683  
Epoch 157 |  Time(s) 0.0134 | RobustPrompt-T Loss 0.2492  
Epoch 158 |  Time(s) 0.0134 | RobustPrompt-T Loss 0.2409  
Epoch 159 |  Time(s) 0.0136 | RobustPrompt-T Loss 0.2377  
Epoch 160 |  Time(s) 0.0133 | RobustPrompt-T Loss 0.2226  
Epoch 161 |  Time(s) 0.0133 | RobustPrompt-T Loss 0.2237  
Epoch 162 |  Time(s) 0.0134 | RobustPrompt-T Loss 0.2283  
Epoch 163 |  Time(s) 0.0135 | RobustPrompt-T Loss 0.2020  
Epoch 164 |  Time(s) 0.0134 | RobustPrompt-T Loss 0.2018  
Epoch 165 |  Time(s) 0.0136 | RobustPrompt-T Loss 0.1947  
Epoch 166 |  Time(s) 0.0134 | RobustPrompt-T Loss 0.1838  
Epoch 167 |  Time(s) 0.0131 | RobustPrompt-T Loss 0.1735  
Epoch 168 |  Time(s) 0.0134 | RobustPrompt-T Loss 0.1672  
Epoch 169 |  Time(s) 0.0138 | RobustPrompt-T Loss 0.1589  
Epoch 170 |  Time(s) 0.0138 | RobustPrompt-T Loss 0.1562  
Epoch 171 |  Time(s) 0.0133 | RobustPrompt-T Loss 0.1493  
Epoch 172 |  Time(s) 0.0136 | RobustPrompt-T Loss 0.1454  
Epoch 173 |  Time(s) 0.0141 | RobustPrompt-T Loss 0.1326  
Epoch 174 |  Time(s) 0.0139 | RobustPrompt-T Loss 0.1353  
Epoch 175 |  Time(s) 0.0139 | RobustPrompt-T Loss 0.1246  
Epoch 176 |  Time(s) 0.0139 | RobustPrompt-T Loss 0.1227  
Epoch 177 |  Time(s) 0.0134 | RobustPrompt-T Loss 0.1155  
Epoch 178 |  Time(s) 0.0138 | RobustPrompt-T Loss 0.1129  
Epoch 179 |  Time(s) 0.0138 | RobustPrompt-T Loss 0.1086  
Epoch 180 |  Time(s) 0.0135 | RobustPrompt-T Loss 0.1038  
Epoch 181 |  Time(s) 0.0138 | RobustPrompt-T Loss 0.1005  
Epoch 182 |  Time(s) 0.0134 | RobustPrompt-T Loss 0.1006  
Epoch 183 |  Time(s) 0.0136 | RobustPrompt-T Loss 0.1033  
Epoch 184 |  Time(s) 0.0136 | RobustPrompt-T Loss 0.0928  
Epoch 185 |  Time(s) 0.0133 | RobustPrompt-T Loss 0.0957  
Epoch 186 |  Time(s) 0.0132 | RobustPrompt-T Loss 0.0940  
Epoch 187 |  Time(s) 0.0139 | RobustPrompt-T Loss 0.0886  
Epoch 188 |  Time(s) 0.0137 | RobustPrompt-T Loss 0.0837  
Epoch 189 |  Time(s) 0.0139 | RobustPrompt-T Loss 0.0822  
Epoch 190 |  Time(s) 0.0135 | RobustPrompt-T Loss 0.0810  
Epoch 191 |  Time(s) 0.0137 | RobustPrompt-T Loss 0.0788  
Epoch 192 |  Time(s) 0.0133 | RobustPrompt-T Loss 0.0750  
Epoch 193 |  Time(s) 0.0136 | RobustPrompt-T Loss 0.0735  
Epoch 194 |  Time(s) 0.0140 | RobustPrompt-T Loss 0.0724  
Epoch 195 |  Time(s) 0.0133 | RobustPrompt-T Loss 0.0709  
Epoch 196 |  Time(s) 0.0137 | RobustPrompt-T Loss 0.0716  
Epoch 197 |  Time(s) 0.0134 | RobustPrompt-T Loss 0.0706  
Epoch 198 |  Time(s) 0.0137 | RobustPrompt-T Loss 0.0678  
Epoch 199 |  Time(s) 0.0133 | RobustPrompt-T Loss 0.0680  
Epoch 200 |  Time(s) 0.0137 | RobustPrompt-T Loss 0.0679  
Final True Accuracy: 0.1657 | Macro F1 Score: 0.1286
best_loss [tensor(0.0679, device='cuda:0', grad_fn=<AddBackward0>)]
load LLC or attacked data with specified split
Successfully loaded the attack of dataname with few shot 5, split 1
Attack method : Meta_Self | Attack ptb : 0.15 | Dataset: Cora
======================
Number of graphs: 1
Number of features: 1433
Number of classes: 7

Data(x=[2708, 1433], edge_index=[2, 14952], y=[2708], train_mask=[2708], val_mask=[2708], test_mask=[2708])
===========================================================================================================
Number of nodes: 2708
Number of edges: 14952
Average node degree: 5.52
Has isolated nodes: False
Has self-loops: True
Is undirected: True
GCN(
  (conv_layers): ModuleList(
    (0): GCNConv(1433, 256)
    (1): GCNConv(256, 256)
  )
)
Successfully loaded pre-trained weights!
use RobustPrompt Tranductive
defense pt dict :  {'sim_pt': -1.0, 'degree_pt': 1, 'out_detect_pt': 0.5, 'other_pt': 'all'}
use_attention :  False
cosine_constraint :  True
pt_threshold :  0.5
filter_module :  OriginalFilter
temperature :  1.0
weight_mse 0.1
weight_kl :  0.3
weight_constraint :  0.2
run RobustPrompt-T
Epoch 001 |  Time(s) 0.0129 | RobustPrompt-T Loss 1.9482  
Epoch 002 |  Time(s) 0.0128 | RobustPrompt-T Loss 1.9198  
Epoch 003 |  Time(s) 0.0131 | RobustPrompt-T Loss 1.9492  
Epoch 004 |  Time(s) 0.0137 | RobustPrompt-T Loss 1.9109  
Epoch 005 |  Time(s) 0.0133 | RobustPrompt-T Loss 1.9152  
Epoch 006 |  Time(s) 0.0134 | RobustPrompt-T Loss 1.9171  
Epoch 007 |  Time(s) 0.0133 | RobustPrompt-T Loss 1.9038  
Epoch 008 |  Time(s) 0.0132 | RobustPrompt-T Loss 1.9103  
Epoch 009 |  Time(s) 0.0137 | RobustPrompt-T Loss 1.8893  
Epoch 010 |  Time(s) 0.0139 | RobustPrompt-T Loss 1.8889  
Epoch 011 |  Time(s) 0.0131 | RobustPrompt-T Loss 1.8792  
Epoch 012 |  Time(s) 0.0133 | RobustPrompt-T Loss 1.8587  
Epoch 013 |  Time(s) 0.0131 | RobustPrompt-T Loss 1.8641  
Epoch 014 |  Time(s) 0.0136 | RobustPrompt-T Loss 1.8435  
Epoch 015 |  Time(s) 0.0133 | RobustPrompt-T Loss 1.8394  
Epoch 016 |  Time(s) 0.0131 | RobustPrompt-T Loss 1.8219  
Epoch 017 |  Time(s) 0.0135 | RobustPrompt-T Loss 1.8097  
Epoch 018 |  Time(s) 0.0134 | RobustPrompt-T Loss 1.8052  
Epoch 019 |  Time(s) 0.0131 | RobustPrompt-T Loss 1.8096  
Epoch 020 |  Time(s) 0.0135 | RobustPrompt-T Loss 1.8965  
Epoch 021 |  Time(s) 0.0134 | RobustPrompt-T Loss 1.7582  
Epoch 022 |  Time(s) 0.0132 | RobustPrompt-T Loss 1.9588  
Epoch 023 |  Time(s) 0.0134 | RobustPrompt-T Loss 1.7662  
Epoch 024 |  Time(s) 0.0132 | RobustPrompt-T Loss 1.8670  
Epoch 025 |  Time(s) 0.0134 | RobustPrompt-T Loss 1.8262  
Epoch 026 |  Time(s) 0.0136 | RobustPrompt-T Loss 1.7674  
Epoch 027 |  Time(s) 0.0133 | RobustPrompt-T Loss 1.7498  
Epoch 028 |  Time(s) 0.0136 | RobustPrompt-T Loss 1.7885  
Epoch 029 |  Time(s) 0.0133 | RobustPrompt-T Loss 1.7125  
Epoch 030 |  Time(s) 0.0132 | RobustPrompt-T Loss 1.7107  
Epoch 031 |  Time(s) 0.0130 | RobustPrompt-T Loss 1.6887  
Epoch 032 |  Time(s) 0.0136 | RobustPrompt-T Loss 1.6561  
Epoch 033 |  Time(s) 0.0134 | RobustPrompt-T Loss 1.6324  
Epoch 034 |  Time(s) 0.0131 | RobustPrompt-T Loss 1.5820  
Epoch 035 |  Time(s) 0.0135 | RobustPrompt-T Loss 1.5653  
Epoch 036 |  Time(s) 0.0139 | RobustPrompt-T Loss 1.5564  
Epoch 037 |  Time(s) 0.0134 | RobustPrompt-T Loss 1.5280  
Epoch 038 |  Time(s) 0.0132 | RobustPrompt-T Loss 1.4948  
Epoch 039 |  Time(s) 0.0135 | RobustPrompt-T Loss 1.4377  
Epoch 040 |  Time(s) 0.0132 | RobustPrompt-T Loss 1.4145  
Epoch 041 |  Time(s) 0.0133 | RobustPrompt-T Loss 1.3684  
Epoch 042 |  Time(s) 0.0130 | RobustPrompt-T Loss 1.3512  
Epoch 043 |  Time(s) 0.0130 | RobustPrompt-T Loss 1.3082  
Epoch 044 |  Time(s) 0.0130 | RobustPrompt-T Loss 1.2830  
Epoch 045 |  Time(s) 0.0135 | RobustPrompt-T Loss 1.2802  
Epoch 046 |  Time(s) 0.0134 | RobustPrompt-T Loss 1.2539  
Epoch 047 |  Time(s) 0.0136 | RobustPrompt-T Loss 1.2413  
Epoch 048 |  Time(s) 0.0134 | RobustPrompt-T Loss 1.2122  
Epoch 049 |  Time(s) 0.0131 | RobustPrompt-T Loss 1.1762  
Epoch 050 |  Time(s) 0.0136 | RobustPrompt-T Loss 1.1560  
Epoch 051 |  Time(s) 0.0133 | RobustPrompt-T Loss 1.1368  
Epoch 052 |  Time(s) 0.0130 | RobustPrompt-T Loss 1.1081  
Epoch 053 |  Time(s) 0.0131 | RobustPrompt-T Loss 1.0812  
Epoch 054 |  Time(s) 0.0137 | RobustPrompt-T Loss 1.0644  
Epoch 055 |  Time(s) 0.0134 | RobustPrompt-T Loss 1.0548  
Epoch 056 |  Time(s) 0.0134 | RobustPrompt-T Loss 1.0708  
Epoch 057 |  Time(s) 0.0134 | RobustPrompt-T Loss 1.0116  
Epoch 058 |  Time(s) 0.0135 | RobustPrompt-T Loss 0.9754  
Epoch 059 |  Time(s) 0.0134 | RobustPrompt-T Loss 0.9487  
Epoch 060 |  Time(s) 0.0132 | RobustPrompt-T Loss 0.9340  
Epoch 061 |  Time(s) 0.0135 | RobustPrompt-T Loss 0.9196  
Epoch 062 |  Time(s) 0.0133 | RobustPrompt-T Loss 0.9109  
Epoch 063 |  Time(s) 0.0132 | RobustPrompt-T Loss 0.9151  
Epoch 064 |  Time(s) 0.0135 | RobustPrompt-T Loss 0.8733  
Epoch 065 |  Time(s) 0.0133 | RobustPrompt-T Loss 0.8334  
Epoch 066 |  Time(s) 0.0132 | RobustPrompt-T Loss 0.8220  
Epoch 067 |  Time(s) 0.0137 | RobustPrompt-T Loss 0.7997  
Epoch 068 |  Time(s) 0.0133 | RobustPrompt-T Loss 0.7896  
Epoch 069 |  Time(s) 0.0135 | RobustPrompt-T Loss 0.7755  
Epoch 070 |  Time(s) 0.0134 | RobustPrompt-T Loss 0.8083  
Epoch 071 |  Time(s) 0.0132 | RobustPrompt-T Loss 0.7825  
Epoch 072 |  Time(s) 0.0136 | RobustPrompt-T Loss 0.7455  
Epoch 073 |  Time(s) 0.0134 | RobustPrompt-T Loss 0.7245  
Epoch 074 |  Time(s) 0.0135 | RobustPrompt-T Loss 0.7389  
Epoch 075 |  Time(s) 0.0133 | RobustPrompt-T Loss 0.7601  
Epoch 076 |  Time(s) 0.0137 | RobustPrompt-T Loss 0.6866  
Epoch 077 |  Time(s) 0.0134 | RobustPrompt-T Loss 0.7445  
Epoch 078 |  Time(s) 0.0132 | RobustPrompt-T Loss 0.6800  
Epoch 079 |  Time(s) 0.0136 | RobustPrompt-T Loss 0.6649  
Epoch 080 |  Time(s) 0.0132 | RobustPrompt-T Loss 0.6643  
Epoch 081 |  Time(s) 0.0133 | RobustPrompt-T Loss 0.7143  
Epoch 082 |  Time(s) 0.0135 | RobustPrompt-T Loss 0.6293  
Epoch 083 |  Time(s) 0.0133 | RobustPrompt-T Loss 0.7413  
Epoch 084 |  Time(s) 0.0137 | RobustPrompt-T Loss 0.6134  
Epoch 085 |  Time(s) 0.0139 | RobustPrompt-T Loss 0.8495  
Epoch 086 |  Time(s) 0.0134 | RobustPrompt-T Loss 0.7661  
Epoch 087 |  Time(s) 0.0131 | RobustPrompt-T Loss 0.6404  
Epoch 088 |  Time(s) 0.0136 | RobustPrompt-T Loss 0.6337  
Epoch 089 |  Time(s) 0.0133 | RobustPrompt-T Loss 0.6860  
Epoch 090 |  Time(s) 0.0132 | RobustPrompt-T Loss 0.6459  
Epoch 091 |  Time(s) 0.0135 | RobustPrompt-T Loss 0.7101  
Epoch 092 |  Time(s) 0.0132 | RobustPrompt-T Loss 0.7164  
Epoch 093 |  Time(s) 0.0132 | RobustPrompt-T Loss 0.6030  
Epoch 094 |  Time(s) 0.0136 | RobustPrompt-T Loss 0.5988  
Epoch 095 |  Time(s) 0.0133 | RobustPrompt-T Loss 0.7043  
Epoch 096 |  Time(s) 0.0131 | RobustPrompt-T Loss 0.6937  
Epoch 097 |  Time(s) 0.0136 | RobustPrompt-T Loss 0.5880  
Epoch 098 |  Time(s) 0.0133 | RobustPrompt-T Loss 0.5763  
Epoch 099 |  Time(s) 0.0132 | RobustPrompt-T Loss 0.6430  
Epoch 100 |  Time(s) 0.0130 | RobustPrompt-T Loss 0.6086  
Epoch 101 |  Time(s) 0.0135 | RobustPrompt-T Loss 0.6012  
Epoch 102 |  Time(s) 0.0134 | RobustPrompt-T Loss 0.5834  
Epoch 103 |  Time(s) 0.0136 | RobustPrompt-T Loss 0.6184  
Epoch 104 |  Time(s) 0.0133 | RobustPrompt-T Loss 0.5664  
Epoch 105 |  Time(s) 0.0132 | RobustPrompt-T Loss 0.6261  
Epoch 106 |  Time(s) 0.0135 | RobustPrompt-T Loss 0.5923  
Epoch 107 |  Time(s) 0.0134 | RobustPrompt-T Loss 0.5990  
Epoch 108 |  Time(s) 0.0136 | RobustPrompt-T Loss 0.5451  
Epoch 109 |  Time(s) 0.0133 | RobustPrompt-T Loss 0.6380  
Epoch 110 |  Time(s) 0.0132 | RobustPrompt-T Loss 0.6063  
Epoch 111 |  Time(s) 0.0131 | RobustPrompt-T Loss 0.5538  
Epoch 112 |  Time(s) 0.0137 | RobustPrompt-T Loss 0.5407  
Epoch 113 |  Time(s) 0.0133 | RobustPrompt-T Loss 0.5917  
Epoch 114 |  Time(s) 0.0136 | RobustPrompt-T Loss 0.5826  
Epoch 115 |  Time(s) 0.0133 | RobustPrompt-T Loss 0.5452  
Epoch 116 |  Time(s) 0.0136 | RobustPrompt-T Loss 0.5433  
Epoch 117 |  Time(s) 0.0134 | RobustPrompt-T Loss 0.5364  
Epoch 118 |  Time(s) 0.0136 | RobustPrompt-T Loss 0.5350  
Epoch 119 |  Time(s) 0.0134 | RobustPrompt-T Loss 0.5299  
Epoch 120 |  Time(s) 0.0136 | RobustPrompt-T Loss 0.5209  
Epoch 121 |  Time(s) 0.0135 | RobustPrompt-T Loss 0.5103  
Epoch 122 |  Time(s) 0.0137 | RobustPrompt-T Loss 0.5018  
Epoch 123 |  Time(s) 0.0133 | RobustPrompt-T Loss 0.5143  
Epoch 124 |  Time(s) 0.0136 | RobustPrompt-T Loss 0.4909  
Epoch 125 |  Time(s) 0.0133 | RobustPrompt-T Loss 0.4906  
Epoch 126 |  Time(s) 0.0138 | RobustPrompt-T Loss 0.4801  
Epoch 127 |  Time(s) 0.0129 | RobustPrompt-T Loss 0.4865  
Epoch 128 |  Time(s) 0.0124 | RobustPrompt-T Loss 0.4684  
Epoch 129 |  Time(s) 0.0130 | RobustPrompt-T Loss 0.4737  
Epoch 130 |  Time(s) 0.0129 | RobustPrompt-T Loss 0.4572  
Epoch 131 |  Time(s) 0.0131 | RobustPrompt-T Loss 0.4783  
Epoch 132 |  Time(s) 0.0130 | RobustPrompt-T Loss 0.4432  
Epoch 133 |  Time(s) 0.0131 | RobustPrompt-T Loss 0.4546  
Epoch 134 |  Time(s) 0.0129 | RobustPrompt-T Loss 0.4362  
Epoch 135 |  Time(s) 0.0131 | RobustPrompt-T Loss 0.4524  
Epoch 136 |  Time(s) 0.0131 | RobustPrompt-T Loss 0.4213  
Epoch 137 |  Time(s) 0.0130 | RobustPrompt-T Loss 0.4377  
Epoch 138 |  Time(s) 0.0130 | RobustPrompt-T Loss 0.4188  
Epoch 139 |  Time(s) 0.0130 | RobustPrompt-T Loss 0.4212  
Epoch 140 |  Time(s) 0.0130 | RobustPrompt-T Loss 0.3867  
Epoch 141 |  Time(s) 0.0130 | RobustPrompt-T Loss 0.4141  
Epoch 142 |  Time(s) 0.0129 | RobustPrompt-T Loss 0.3979  
Epoch 143 |  Time(s) 0.0129 | RobustPrompt-T Loss 0.3791  
Epoch 144 |  Time(s) 0.0129 | RobustPrompt-T Loss 0.3604  
Epoch 145 |  Time(s) 0.0130 | RobustPrompt-T Loss 0.3859  
Epoch 146 |  Time(s) 0.0130 | RobustPrompt-T Loss 0.3677  
Epoch 147 |  Time(s) 0.0129 | RobustPrompt-T Loss 0.3470  
Epoch 148 |  Time(s) 0.0131 | RobustPrompt-T Loss 0.3344  
Epoch 149 |  Time(s) 0.0130 | RobustPrompt-T Loss 0.3514  
Epoch 150 |  Time(s) 0.0130 | RobustPrompt-T Loss 0.3358  
Epoch 151 |  Time(s) 0.0130 | RobustPrompt-T Loss 0.3383  
Epoch 152 |  Time(s) 0.0129 | RobustPrompt-T Loss 0.3217  
Epoch 153 |  Time(s) 0.0131 | RobustPrompt-T Loss 0.3219  
Epoch 154 |  Time(s) 0.0130 | RobustPrompt-T Loss 0.2987  
Epoch 155 |  Time(s) 0.0130 | RobustPrompt-T Loss 0.3221  
Epoch 156 |  Time(s) 0.0131 | RobustPrompt-T Loss 0.3070  
Epoch 157 |  Time(s) 0.0130 | RobustPrompt-T Loss 0.2928  
Epoch 158 |  Time(s) 0.0130 | RobustPrompt-T Loss 0.2769  
Epoch 159 |  Time(s) 0.0130 | RobustPrompt-T Loss 0.3024  
Epoch 160 |  Time(s) 0.0130 | RobustPrompt-T Loss 0.2827  
Epoch 161 |  Time(s) 0.0132 | RobustPrompt-T Loss 0.2752  
Epoch 162 |  Time(s) 0.0131 | RobustPrompt-T Loss 0.2555  
Epoch 163 |  Time(s) 0.0134 | RobustPrompt-T Loss 0.2773  
Epoch 164 |  Time(s) 0.0133 | RobustPrompt-T Loss 0.2662  
Epoch 165 |  Time(s) 0.0133 | RobustPrompt-T Loss 0.2329  
Epoch 166 |  Time(s) 0.0130 | RobustPrompt-T Loss 0.2279  
Epoch 167 |  Time(s) 0.0127 | RobustPrompt-T Loss 0.2481  
Epoch 168 |  Time(s) 0.0130 | RobustPrompt-T Loss 0.2422  
Epoch 169 |  Time(s) 0.0130 | RobustPrompt-T Loss 0.1995  
Epoch 170 |  Time(s) 0.0129 | RobustPrompt-T Loss 0.1962  
Epoch 171 |  Time(s) 0.0130 | RobustPrompt-T Loss 0.2286  
Epoch 172 |  Time(s) 0.0131 | RobustPrompt-T Loss 0.1971  
Epoch 173 |  Time(s) 0.0130 | RobustPrompt-T Loss 0.1985  
Epoch 174 |  Time(s) 0.0129 | RobustPrompt-T Loss 0.1923  
Epoch 175 |  Time(s) 0.0129 | RobustPrompt-T Loss 0.1806  
Epoch 176 |  Time(s) 0.0131 | RobustPrompt-T Loss 0.1864  
Epoch 177 |  Time(s) 0.0132 | RobustPrompt-T Loss 0.1606  
Epoch 178 |  Time(s) 0.0131 | RobustPrompt-T Loss 0.1385  
Epoch 179 |  Time(s) 0.0131 | RobustPrompt-T Loss 0.1411  
Epoch 180 |  Time(s) 0.0130 | RobustPrompt-T Loss 0.1327  
Epoch 181 |  Time(s) 0.0130 | RobustPrompt-T Loss 0.1284  
Epoch 182 |  Time(s) 0.0130 | RobustPrompt-T Loss 0.1252  
Epoch 183 |  Time(s) 0.0132 | RobustPrompt-T Loss 0.1217  
Epoch 184 |  Time(s) 0.0129 | RobustPrompt-T Loss 0.1117  
Epoch 185 |  Time(s) 0.0130 | RobustPrompt-T Loss 0.1092  
Epoch 186 |  Time(s) 0.0131 | RobustPrompt-T Loss 0.1044  
Epoch 187 |  Time(s) 0.0134 | RobustPrompt-T Loss 0.1029  
Epoch 188 |  Time(s) 0.0132 | RobustPrompt-T Loss 0.1012  
Epoch 189 |  Time(s) 0.0131 | RobustPrompt-T Loss 0.0942  
Epoch 190 |  Time(s) 0.0130 | RobustPrompt-T Loss 0.0941  
Epoch 191 |  Time(s) 0.0129 | RobustPrompt-T Loss 0.0900  
Epoch 192 |  Time(s) 0.0130 | RobustPrompt-T Loss 0.0912  
Epoch 193 |  Time(s) 0.0131 | RobustPrompt-T Loss 0.0828  
Epoch 194 |  Time(s) 0.0130 | RobustPrompt-T Loss 0.0854  
Epoch 195 |  Time(s) 0.0130 | RobustPrompt-T Loss 0.0793  
Epoch 196 |  Time(s) 0.0131 | RobustPrompt-T Loss 0.0813  
Epoch 197 |  Time(s) 0.0130 | RobustPrompt-T Loss 0.0782  
Epoch 198 |  Time(s) 0.0129 | RobustPrompt-T Loss 0.0768  
Epoch 199 |  Time(s) 0.0127 | RobustPrompt-T Loss 0.0719  
Epoch 200 |  Time(s) 0.0130 | RobustPrompt-T Loss 0.0731  
Final True Accuracy: 0.1466 | Macro F1 Score: 0.1031
best_loss [tensor(0.0731, device='cuda:0', grad_fn=<AddBackward0>)]
load LLC or attacked data with specified split
Successfully loaded the attack of dataname with few shot 5, split 1
Attack method : Meta_Self | Attack ptb : 0.15 | Dataset: Cora
======================
Number of graphs: 1
Number of features: 1433
Number of classes: 7

Data(x=[2708, 1433], edge_index=[2, 14952], y=[2708], train_mask=[2708], val_mask=[2708], test_mask=[2708])
===========================================================================================================
Number of nodes: 2708
Number of edges: 14952
Average node degree: 5.52
Has isolated nodes: False
Has self-loops: True
Is undirected: True
GCN(
  (conv_layers): ModuleList(
    (0): GCNConv(1433, 256)
    (1): GCNConv(256, 256)
  )
)
Successfully loaded pre-trained weights!
use RobustPrompt Tranductive
defense pt dict :  {'sim_pt': -1.0, 'degree_pt': 1, 'out_detect_pt': 0.5, 'other_pt': 'all'}
use_attention :  False
cosine_constraint :  True
pt_threshold :  0.5
filter_module :  OriginalFilter
temperature :  1.0
weight_mse 0.1
weight_kl :  0.3
weight_constraint :  0.2
run RobustPrompt-T
Epoch 001 |  Time(s) 0.0132 | RobustPrompt-T Loss 1.9441  
Epoch 002 |  Time(s) 0.0129 | RobustPrompt-T Loss 1.9244  
Epoch 003 |  Time(s) 0.0129 | RobustPrompt-T Loss 1.9666  
Epoch 004 |  Time(s) 0.0129 | RobustPrompt-T Loss 1.9214  
Epoch 005 |  Time(s) 0.0129 | RobustPrompt-T Loss 1.9224  
Epoch 006 |  Time(s) 0.0131 | RobustPrompt-T Loss 1.9083  
Epoch 007 |  Time(s) 0.0130 | RobustPrompt-T Loss 1.9140  
Epoch 008 |  Time(s) 0.0131 | RobustPrompt-T Loss 1.9146  
Epoch 009 |  Time(s) 0.0130 | RobustPrompt-T Loss 1.9045  
Epoch 010 |  Time(s) 0.0130 | RobustPrompt-T Loss 1.8948  
Epoch 011 |  Time(s) 0.0130 | RobustPrompt-T Loss 1.8876  
Epoch 012 |  Time(s) 0.0130 | RobustPrompt-T Loss 1.8847  
Epoch 013 |  Time(s) 0.0131 | RobustPrompt-T Loss 1.8805  
Epoch 014 |  Time(s) 0.0129 | RobustPrompt-T Loss 1.8715  
Epoch 015 |  Time(s) 0.0130 | RobustPrompt-T Loss 1.8633  
Epoch 016 |  Time(s) 0.0131 | RobustPrompt-T Loss 1.8615  
Epoch 017 |  Time(s) 0.0130 | RobustPrompt-T Loss 1.8554  
Epoch 018 |  Time(s) 0.0131 | RobustPrompt-T Loss 1.8498  
Epoch 019 |  Time(s) 0.0130 | RobustPrompt-T Loss 1.8247  
Epoch 020 |  Time(s) 0.0129 | RobustPrompt-T Loss 1.8048  
Epoch 021 |  Time(s) 0.0131 | RobustPrompt-T Loss 1.7975  
Epoch 022 |  Time(s) 0.0130 | RobustPrompt-T Loss 1.8032  
Epoch 023 |  Time(s) 0.0130 | RobustPrompt-T Loss 1.8438  
Epoch 024 |  Time(s) 0.0130 | RobustPrompt-T Loss 1.7377  
Epoch 025 |  Time(s) 0.0131 | RobustPrompt-T Loss 1.7789  
Epoch 026 |  Time(s) 0.0129 | RobustPrompt-T Loss 1.8025  
Epoch 027 |  Time(s) 0.0131 | RobustPrompt-T Loss 1.7118  
Epoch 028 |  Time(s) 0.0129 | RobustPrompt-T Loss 1.8514  
Epoch 029 |  Time(s) 0.0130 | RobustPrompt-T Loss 1.7471  
Epoch 030 |  Time(s) 0.0130 | RobustPrompt-T Loss 1.7254  
Epoch 031 |  Time(s) 0.0130 | RobustPrompt-T Loss 1.7254  
Epoch 032 |  Time(s) 0.0130 | RobustPrompt-T Loss 1.6136  
Epoch 033 |  Time(s) 0.0130 | RobustPrompt-T Loss 1.6574  
Epoch 034 |  Time(s) 0.0131 | RobustPrompt-T Loss 1.5894  
Epoch 035 |  Time(s) 0.0130 | RobustPrompt-T Loss 1.5723  
Epoch 036 |  Time(s) 0.0132 | RobustPrompt-T Loss 1.5397  
Epoch 037 |  Time(s) 0.0130 | RobustPrompt-T Loss 1.5139  
Epoch 038 |  Time(s) 0.0134 | RobustPrompt-T Loss 1.4913  
Epoch 039 |  Time(s) 0.0133 | RobustPrompt-T Loss 1.4556  
Epoch 040 |  Time(s) 0.0132 | RobustPrompt-T Loss 1.4053  
Epoch 041 |  Time(s) 0.0129 | RobustPrompt-T Loss 1.3938  
Epoch 042 |  Time(s) 0.0132 | RobustPrompt-T Loss 1.3668  
Epoch 043 |  Time(s) 0.0130 | RobustPrompt-T Loss 1.3178  
Epoch 044 |  Time(s) 0.0135 | RobustPrompt-T Loss 1.2914  
Epoch 045 |  Time(s) 0.0131 | RobustPrompt-T Loss 1.2947  
Epoch 046 |  Time(s) 0.0134 | RobustPrompt-T Loss 1.2393  
Epoch 047 |  Time(s) 0.0130 | RobustPrompt-T Loss 1.2391  
Epoch 048 |  Time(s) 0.0134 | RobustPrompt-T Loss 1.2098  
Epoch 049 |  Time(s) 0.0133 | RobustPrompt-T Loss 1.1889  
Epoch 050 |  Time(s) 0.0131 | RobustPrompt-T Loss 1.1798  
Epoch 051 |  Time(s) 0.0131 | RobustPrompt-T Loss 1.1525  
Epoch 052 |  Time(s) 0.0135 | RobustPrompt-T Loss 1.1308  
Epoch 053 |  Time(s) 0.0133 | RobustPrompt-T Loss 1.1154  
Epoch 054 |  Time(s) 0.0131 | RobustPrompt-T Loss 1.0981  
Epoch 055 |  Time(s) 0.0131 | RobustPrompt-T Loss 1.1099  
Epoch 056 |  Time(s) 0.0129 | RobustPrompt-T Loss 1.1286  
Epoch 057 |  Time(s) 0.0136 | RobustPrompt-T Loss 1.0256  
Epoch 058 |  Time(s) 0.0132 | RobustPrompt-T Loss 1.0494  
Epoch 059 |  Time(s) 0.0131 | RobustPrompt-T Loss 1.0829  
Epoch 060 |  Time(s) 0.0131 | RobustPrompt-T Loss 0.9782  
Epoch 061 |  Time(s) 0.0135 | RobustPrompt-T Loss 1.1547  
Epoch 062 |  Time(s) 0.0134 | RobustPrompt-T Loss 1.0828  
Epoch 063 |  Time(s) 0.0133 | RobustPrompt-T Loss 1.0036  
Epoch 064 |  Time(s) 0.0129 | RobustPrompt-T Loss 0.9926  
Epoch 065 |  Time(s) 0.0128 | RobustPrompt-T Loss 0.9804  
Epoch 066 |  Time(s) 0.0132 | RobustPrompt-T Loss 0.9463  
Epoch 067 |  Time(s) 0.0124 | RobustPrompt-T Loss 0.9862  
Epoch 068 |  Time(s) 0.0123 | RobustPrompt-T Loss 0.9888  
Epoch 069 |  Time(s) 0.0122 | RobustPrompt-T Loss 0.8795  
Epoch 070 |  Time(s) 0.0124 | RobustPrompt-T Loss 0.8640  
Epoch 071 |  Time(s) 0.0129 | RobustPrompt-T Loss 0.9175  
Epoch 072 |  Time(s) 0.0126 | RobustPrompt-T Loss 0.8910  
Epoch 073 |  Time(s) 0.0129 | RobustPrompt-T Loss 0.8611  
Epoch 074 |  Time(s) 0.0130 | RobustPrompt-T Loss 0.8414  
Epoch 075 |  Time(s) 0.0130 | RobustPrompt-T Loss 0.8392  
Epoch 076 |  Time(s) 0.0127 | RobustPrompt-T Loss 0.8139  
Epoch 077 |  Time(s) 0.0126 | RobustPrompt-T Loss 0.8548  
Epoch 078 |  Time(s) 0.0124 | RobustPrompt-T Loss 0.8404  
Epoch 079 |  Time(s) 0.0125 | RobustPrompt-T Loss 0.7837  
Epoch 080 |  Time(s) 0.0131 | RobustPrompt-T Loss 0.7610  
Epoch 081 |  Time(s) 0.0130 | RobustPrompt-T Loss 0.8224  
Epoch 082 |  Time(s) 0.0126 | RobustPrompt-T Loss 0.7962  
Epoch 083 |  Time(s) 0.0127 | RobustPrompt-T Loss 0.7509  
Epoch 084 |  Time(s) 0.0129 | RobustPrompt-T Loss 0.7325  
Epoch 085 |  Time(s) 0.0130 | RobustPrompt-T Loss 0.7614  
Epoch 086 |  Time(s) 0.0130 | RobustPrompt-T Loss 0.7292  
Epoch 087 |  Time(s) 0.0129 | RobustPrompt-T Loss 0.7351  
Epoch 088 |  Time(s) 0.0129 | RobustPrompt-T Loss 0.7199  
Epoch 089 |  Time(s) 0.0129 | RobustPrompt-T Loss 0.6951  
Epoch 090 |  Time(s) 0.0128 | RobustPrompt-T Loss 0.6851  
Epoch 091 |  Time(s) 0.0130 | RobustPrompt-T Loss 0.6936  
Epoch 092 |  Time(s) 0.0129 | RobustPrompt-T Loss 0.6788  
Epoch 093 |  Time(s) 0.0129 | RobustPrompt-T Loss 0.6829  
Epoch 094 |  Time(s) 0.0128 | RobustPrompt-T Loss 0.6734  
Epoch 095 |  Time(s) 0.0132 | RobustPrompt-T Loss 0.6392  
Epoch 096 |  Time(s) 0.0129 | RobustPrompt-T Loss 0.6230  
Epoch 097 |  Time(s) 0.0130 | RobustPrompt-T Loss 0.6684  
Epoch 098 |  Time(s) 0.0131 | RobustPrompt-T Loss 0.6424  
Epoch 099 |  Time(s) 0.0131 | RobustPrompt-T Loss 0.6035  
Epoch 100 |  Time(s) 0.0129 | RobustPrompt-T Loss 0.5967  
Epoch 101 |  Time(s) 0.0125 | RobustPrompt-T Loss 0.5972  
Epoch 102 |  Time(s) 0.0132 | RobustPrompt-T Loss 0.5717  
Epoch 103 |  Time(s) 0.0132 | RobustPrompt-T Loss 0.6168  
Epoch 104 |  Time(s) 0.0125 | RobustPrompt-T Loss 0.6074  
Epoch 105 |  Time(s) 0.0126 | RobustPrompt-T Loss 0.5425  
Epoch 106 |  Time(s) 0.0126 | RobustPrompt-T Loss 0.6261  
Epoch 107 |  Time(s) 0.0122 | RobustPrompt-T Loss 0.5233  
Epoch 108 |  Time(s) 0.0127 | RobustPrompt-T Loss 0.5876  
Epoch 109 |  Time(s) 0.0126 | RobustPrompt-T Loss 0.5684  
Epoch 110 |  Time(s) 0.0126 | RobustPrompt-T Loss 0.5028  
Epoch 111 |  Time(s) 0.0127 | RobustPrompt-T Loss 0.6799  
Epoch 112 |  Time(s) 0.0132 | RobustPrompt-T Loss 0.6296  
Epoch 113 |  Time(s) 0.0124 | RobustPrompt-T Loss 0.5115  
Epoch 114 |  Time(s) 0.0127 | RobustPrompt-T Loss 0.5133  
Epoch 115 |  Time(s) 0.0122 | RobustPrompt-T Loss 0.5100  
Epoch 116 |  Time(s) 0.0125 | RobustPrompt-T Loss 0.4559  
Epoch 117 |  Time(s) 0.0126 | RobustPrompt-T Loss 0.5099  
Epoch 118 |  Time(s) 0.0129 | RobustPrompt-T Loss 0.4640  
Epoch 119 |  Time(s) 0.0126 | RobustPrompt-T Loss 0.4386  
Epoch 120 |  Time(s) 0.0132 | RobustPrompt-T Loss 0.4726  
Epoch 121 |  Time(s) 0.0129 | RobustPrompt-T Loss 0.4250  
Epoch 122 |  Time(s) 0.0127 | RobustPrompt-T Loss 0.4337  
Epoch 123 |  Time(s) 0.0126 | RobustPrompt-T Loss 0.3927  
Epoch 124 |  Time(s) 0.0133 | RobustPrompt-T Loss 0.4075  
Epoch 125 |  Time(s) 0.0122 | RobustPrompt-T Loss 0.4026  
Epoch 126 |  Time(s) 0.0122 | RobustPrompt-T Loss 0.3711  
Epoch 127 |  Time(s) 0.0121 | RobustPrompt-T Loss 0.3629  
Epoch 128 |  Time(s) 0.0121 | RobustPrompt-T Loss 0.3633  
Epoch 129 |  Time(s) 0.0125 | RobustPrompt-T Loss 0.3717  
Epoch 130 |  Time(s) 0.0124 | RobustPrompt-T Loss 0.3466  
Epoch 131 |  Time(s) 0.0130 | RobustPrompt-T Loss 0.3277  
Epoch 132 |  Time(s) 0.0130 | RobustPrompt-T Loss 0.3252  
Epoch 133 |  Time(s) 0.0129 | RobustPrompt-T Loss 0.3290  
Epoch 134 |  Time(s) 0.0130 | RobustPrompt-T Loss 0.3241  
Epoch 135 |  Time(s) 0.0130 | RobustPrompt-T Loss 0.2969  
Epoch 136 |  Time(s) 0.0123 | RobustPrompt-T Loss 0.3086  
Epoch 137 |  Time(s) 0.0122 | RobustPrompt-T Loss 0.3110  
Epoch 138 |  Time(s) 0.0121 | RobustPrompt-T Loss 0.2773  
Epoch 139 |  Time(s) 0.0124 | RobustPrompt-T Loss 0.2916  
Epoch 140 |  Time(s) 0.0129 | RobustPrompt-T Loss 0.2883  
Epoch 141 |  Time(s) 0.0132 | RobustPrompt-T Loss 0.2572  
Epoch 142 |  Time(s) 0.0130 | RobustPrompt-T Loss 0.2723  
Epoch 143 |  Time(s) 0.0129 | RobustPrompt-T Loss 0.2767  
Epoch 144 |  Time(s) 0.0130 | RobustPrompt-T Loss 0.2378  
Epoch 145 |  Time(s) 0.0130 | RobustPrompt-T Loss 0.2780  
Epoch 146 |  Time(s) 0.0130 | RobustPrompt-T Loss 0.2280  
Epoch 147 |  Time(s) 0.0125 | RobustPrompt-T Loss 0.2463  
Epoch 148 |  Time(s) 0.0127 | RobustPrompt-T Loss 0.2368  
Epoch 149 |  Time(s) 0.0129 | RobustPrompt-T Loss 0.2081  
Epoch 150 |  Time(s) 0.0129 | RobustPrompt-T Loss 0.2142  
Epoch 151 |  Time(s) 0.0129 | RobustPrompt-T Loss 0.1996  
Epoch 152 |  Time(s) 0.0131 | RobustPrompt-T Loss 0.1973  
Epoch 153 |  Time(s) 0.0125 | RobustPrompt-T Loss 0.1908  
Epoch 154 |  Time(s) 0.0128 | RobustPrompt-T Loss 0.1779  
Epoch 155 |  Time(s) 0.0128 | RobustPrompt-T Loss 0.1767  
Epoch 156 |  Time(s) 0.0124 | RobustPrompt-T Loss 0.1733  
Epoch 157 |  Time(s) 0.0129 | RobustPrompt-T Loss 0.1681  
Epoch 158 |  Time(s) 0.0128 | RobustPrompt-T Loss 0.1641  
Epoch 159 |  Time(s) 0.0129 | RobustPrompt-T Loss 0.1673  
Epoch 160 |  Time(s) 0.0130 | RobustPrompt-T Loss 0.1486  
Epoch 161 |  Time(s) 0.0130 | RobustPrompt-T Loss 0.1594  
Epoch 162 |  Time(s) 0.0131 | RobustPrompt-T Loss 0.1512  
Epoch 163 |  Time(s) 0.0130 | RobustPrompt-T Loss 0.1397  
Epoch 164 |  Time(s) 0.0130 | RobustPrompt-T Loss 0.1377  
Epoch 165 |  Time(s) 0.0130 | RobustPrompt-T Loss 0.1393  
Epoch 166 |  Time(s) 0.0129 | RobustPrompt-T Loss 0.1386  
Epoch 167 |  Time(s) 0.0131 | RobustPrompt-T Loss 0.1249  
Epoch 168 |  Time(s) 0.0130 | RobustPrompt-T Loss 0.1202  
Epoch 169 |  Time(s) 0.0130 | RobustPrompt-T Loss 0.1200  
Epoch 170 |  Time(s) 0.0131 | RobustPrompt-T Loss 0.1143  
Epoch 171 |  Time(s) 0.0133 | RobustPrompt-T Loss 0.1138  
Epoch 172 |  Time(s) 0.0128 | RobustPrompt-T Loss 0.1186  
Epoch 173 |  Time(s) 0.0130 | RobustPrompt-T Loss 0.1096  
Epoch 174 |  Time(s) 0.0128 | RobustPrompt-T Loss 0.1050  
Epoch 175 |  Time(s) 0.0130 | RobustPrompt-T Loss 0.1097  
Epoch 176 |  Time(s) 0.0132 | RobustPrompt-T Loss 0.1041  
Epoch 177 |  Time(s) 0.0129 | RobustPrompt-T Loss 0.1017  
Epoch 178 |  Time(s) 0.0128 | RobustPrompt-T Loss 0.0991  
Epoch 179 |  Time(s) 0.0130 | RobustPrompt-T Loss 0.0965  
Epoch 180 |  Time(s) 0.0132 | RobustPrompt-T Loss 0.0934  
Epoch 181 |  Time(s) 0.0131 | RobustPrompt-T Loss 0.0922  
Epoch 182 |  Time(s) 0.0130 | RobustPrompt-T Loss 0.0908  
Epoch 183 |  Time(s) 0.0129 | RobustPrompt-T Loss 0.0923  
Epoch 184 |  Time(s) 0.0130 | RobustPrompt-T Loss 0.0838  
Epoch 185 |  Time(s) 0.0131 | RobustPrompt-T Loss 0.0827  
Epoch 186 |  Time(s) 0.0131 | RobustPrompt-T Loss 0.0825  
Epoch 187 |  Time(s) 0.0130 | RobustPrompt-T Loss 0.0837  
Epoch 188 |  Time(s) 0.0130 | RobustPrompt-T Loss 0.0791  
Epoch 189 |  Time(s) 0.0130 | RobustPrompt-T Loss 0.0778  
Epoch 190 |  Time(s) 0.0129 | RobustPrompt-T Loss 0.0766  
Epoch 191 |  Time(s) 0.0131 | RobustPrompt-T Loss 0.0772  
Epoch 192 |  Time(s) 0.0128 | RobustPrompt-T Loss 0.0750  
Epoch 193 |  Time(s) 0.0128 | RobustPrompt-T Loss 0.0743  
Epoch 194 |  Time(s) 0.0125 | RobustPrompt-T Loss 0.0752  
Epoch 195 |  Time(s) 0.0128 | RobustPrompt-T Loss 0.0736  
Epoch 196 |  Time(s) 0.0129 | RobustPrompt-T Loss 0.0713  
Epoch 197 |  Time(s) 0.0130 | RobustPrompt-T Loss 0.0702  
Epoch 198 |  Time(s) 0.0128 | RobustPrompt-T Loss 0.0715  
Epoch 199 |  Time(s) 0.0125 | RobustPrompt-T Loss 0.0684  
Epoch 200 |  Time(s) 0.0128 | RobustPrompt-T Loss 0.0675  
Final True Accuracy: 0.1167 | Macro F1 Score: 0.0854
best_loss [tensor(0.0675, device='cuda:0', grad_fn=<AddBackward0>)]
load LLC or attacked data with specified split
Successfully loaded the attack of dataname with few shot 5, split 1
Attack method : Meta_Self | Attack ptb : 0.15 | Dataset: Cora
======================
Number of graphs: 1
Number of features: 1433
Number of classes: 7

Data(x=[2708, 1433], edge_index=[2, 14952], y=[2708], train_mask=[2708], val_mask=[2708], test_mask=[2708])
===========================================================================================================
Number of nodes: 2708
Number of edges: 14952
Average node degree: 5.52
Has isolated nodes: False
Has self-loops: True
Is undirected: True
GCN(
  (conv_layers): ModuleList(
    (0): GCNConv(1433, 256)
    (1): GCNConv(256, 256)
  )
)
Successfully loaded pre-trained weights!
use RobustPrompt Tranductive
defense pt dict :  {'sim_pt': -1.0, 'degree_pt': 1, 'out_detect_pt': 0.5, 'other_pt': 'all'}
use_attention :  False
cosine_constraint :  True
pt_threshold :  0.5
filter_module :  OriginalFilter
temperature :  1.0
weight_mse 0.1
weight_kl :  0.3
weight_constraint :  0.2
run RobustPrompt-T
Epoch 001 |  Time(s) 0.0135 | RobustPrompt-T Loss 1.9466  
Epoch 002 |  Time(s) 0.0129 | RobustPrompt-T Loss 1.9362  
Epoch 003 |  Time(s) 0.0130 | RobustPrompt-T Loss 1.9121  
Epoch 004 |  Time(s) 0.0130 | RobustPrompt-T Loss 1.9394  
Epoch 005 |  Time(s) 0.0131 | RobustPrompt-T Loss 1.9136  
Epoch 006 |  Time(s) 0.0130 | RobustPrompt-T Loss 1.9122  
Epoch 007 |  Time(s) 0.0129 | RobustPrompt-T Loss 1.8983  
Epoch 008 |  Time(s) 0.0130 | RobustPrompt-T Loss 1.9019  
Epoch 009 |  Time(s) 0.0130 | RobustPrompt-T Loss 1.8915  
Epoch 010 |  Time(s) 0.0132 | RobustPrompt-T Loss 1.8839  
Epoch 011 |  Time(s) 0.0130 | RobustPrompt-T Loss 1.8837  
Epoch 012 |  Time(s) 0.0134 | RobustPrompt-T Loss 1.8746  
Epoch 013 |  Time(s) 0.0132 | RobustPrompt-T Loss 1.8676  
Epoch 014 |  Time(s) 0.0130 | RobustPrompt-T Loss 1.8577  
Epoch 015 |  Time(s) 0.0132 | RobustPrompt-T Loss 1.8441  
Epoch 016 |  Time(s) 0.0131 | RobustPrompt-T Loss 1.8448  
Epoch 017 |  Time(s) 0.0126 | RobustPrompt-T Loss 1.8782  
Epoch 018 |  Time(s) 0.0131 | RobustPrompt-T Loss 1.8542  
Epoch 019 |  Time(s) 0.0130 | RobustPrompt-T Loss 1.8224  
Epoch 020 |  Time(s) 0.0130 | RobustPrompt-T Loss 1.8387  
Epoch 021 |  Time(s) 0.0130 | RobustPrompt-T Loss 1.7878  
Epoch 022 |  Time(s) 0.0128 | RobustPrompt-T Loss 1.7918  
Epoch 023 |  Time(s) 0.0130 | RobustPrompt-T Loss 1.7822  
Epoch 024 |  Time(s) 0.0130 | RobustPrompt-T Loss 1.7442  
Epoch 025 |  Time(s) 0.0130 | RobustPrompt-T Loss 1.7799  
Epoch 026 |  Time(s) 0.0130 | RobustPrompt-T Loss 1.7184  
Epoch 027 |  Time(s) 0.0130 | RobustPrompt-T Loss 1.7033  
Epoch 028 |  Time(s) 0.0132 | RobustPrompt-T Loss 1.6963  
Epoch 029 |  Time(s) 0.0130 | RobustPrompt-T Loss 1.6533  
Epoch 030 |  Time(s) 0.0130 | RobustPrompt-T Loss 1.6213  
Epoch 031 |  Time(s) 0.0130 | RobustPrompt-T Loss 1.5797  
Epoch 032 |  Time(s) 0.0130 | RobustPrompt-T Loss 1.5692  
Epoch 033 |  Time(s) 0.0128 | RobustPrompt-T Loss 1.5256  
Epoch 034 |  Time(s) 0.0130 | RobustPrompt-T Loss 1.5207  
Epoch 035 |  Time(s) 0.0130 | RobustPrompt-T Loss 1.4462  
Epoch 036 |  Time(s) 0.0129 | RobustPrompt-T Loss 1.3875  
Epoch 037 |  Time(s) 0.0130 | RobustPrompt-T Loss 1.3793  
Epoch 038 |  Time(s) 0.0131 | RobustPrompt-T Loss 1.3626  
Epoch 039 |  Time(s) 0.0129 | RobustPrompt-T Loss 1.3026  
Epoch 040 |  Time(s) 0.0131 | RobustPrompt-T Loss 1.2559  
Epoch 041 |  Time(s) 0.0131 | RobustPrompt-T Loss 1.2400  
Epoch 042 |  Time(s) 0.0129 | RobustPrompt-T Loss 1.2557  
Epoch 043 |  Time(s) 0.0134 | RobustPrompt-T Loss 1.2298  
Epoch 044 |  Time(s) 0.0131 | RobustPrompt-T Loss 1.1686  
Epoch 045 |  Time(s) 0.0131 | RobustPrompt-T Loss 1.1389  
Epoch 046 |  Time(s) 0.0129 | RobustPrompt-T Loss 1.1194  
Epoch 047 |  Time(s) 0.0130 | RobustPrompt-T Loss 1.1420  
Epoch 048 |  Time(s) 0.0128 | RobustPrompt-T Loss 1.0644  
Epoch 049 |  Time(s) 0.0131 | RobustPrompt-T Loss 1.0311  
Epoch 050 |  Time(s) 0.0131 | RobustPrompt-T Loss 1.0100  
Epoch 051 |  Time(s) 0.0131 | RobustPrompt-T Loss 1.0139  
Epoch 052 |  Time(s) 0.0130 | RobustPrompt-T Loss 1.0503  
Epoch 053 |  Time(s) 0.0130 | RobustPrompt-T Loss 0.9345  
Epoch 054 |  Time(s) 0.0130 | RobustPrompt-T Loss 1.1124  
Epoch 055 |  Time(s) 0.0130 | RobustPrompt-T Loss 0.9057  
Epoch 056 |  Time(s) 0.0130 | RobustPrompt-T Loss 1.1913  
Epoch 057 |  Time(s) 0.0134 | RobustPrompt-T Loss 1.1604  
Epoch 058 |  Time(s) 0.0132 | RobustPrompt-T Loss 0.9724  
Epoch 059 |  Time(s) 0.0128 | RobustPrompt-T Loss 1.0437  
Epoch 060 |  Time(s) 0.0132 | RobustPrompt-T Loss 0.9882  
Epoch 061 |  Time(s) 0.0130 | RobustPrompt-T Loss 0.9745  
Epoch 062 |  Time(s) 0.0130 | RobustPrompt-T Loss 0.9416  
Epoch 063 |  Time(s) 0.0130 | RobustPrompt-T Loss 1.0095  
Epoch 064 |  Time(s) 0.0132 | RobustPrompt-T Loss 1.0378  
Epoch 065 |  Time(s) 0.0131 | RobustPrompt-T Loss 0.9115  
Epoch 066 |  Time(s) 0.0131 | RobustPrompt-T Loss 0.9175  
Epoch 067 |  Time(s) 0.0130 | RobustPrompt-T Loss 0.9385  
Epoch 068 |  Time(s) 0.0130 | RobustPrompt-T Loss 0.9190  
Epoch 069 |  Time(s) 0.0128 | RobustPrompt-T Loss 0.8671  
Epoch 070 |  Time(s) 0.0130 | RobustPrompt-T Loss 0.7809  
Epoch 071 |  Time(s) 0.0132 | RobustPrompt-T Loss 0.7779  
Epoch 072 |  Time(s) 0.0129 | RobustPrompt-T Loss 0.7882  
Epoch 073 |  Time(s) 0.0131 | RobustPrompt-T Loss 0.7641  
Epoch 074 |  Time(s) 0.0130 | RobustPrompt-T Loss 0.8148  
Epoch 075 |  Time(s) 0.0130 | RobustPrompt-T Loss 0.7998  
Epoch 076 |  Time(s) 0.0131 | RobustPrompt-T Loss 0.6973  
Epoch 077 |  Time(s) 0.0130 | RobustPrompt-T Loss 0.7716  
Epoch 078 |  Time(s) 0.0130 | RobustPrompt-T Loss 0.6906  
Epoch 079 |  Time(s) 0.0130 | RobustPrompt-T Loss 0.7920  
Epoch 080 |  Time(s) 0.0130 | RobustPrompt-T Loss 0.7960  
Epoch 081 |  Time(s) 0.0130 | RobustPrompt-T Loss 0.7610  
Epoch 082 |  Time(s) 0.0130 | RobustPrompt-T Loss 0.7720  
Epoch 083 |  Time(s) 0.0134 | RobustPrompt-T Loss 0.7138  
Epoch 084 |  Time(s) 0.0133 | RobustPrompt-T Loss 0.6344  
Epoch 085 |  Time(s) 0.0130 | RobustPrompt-T Loss 0.7298  
Epoch 086 |  Time(s) 0.0131 | RobustPrompt-T Loss 0.6951  
Epoch 087 |  Time(s) 0.0131 | RobustPrompt-T Loss 0.5632  
Epoch 088 |  Time(s) 0.0134 | RobustPrompt-T Loss 0.5781  
Epoch 089 |  Time(s) 0.0132 | RobustPrompt-T Loss 0.5729  
Epoch 090 |  Time(s) 0.0132 | RobustPrompt-T Loss 0.5342  
Epoch 091 |  Time(s) 0.0131 | RobustPrompt-T Loss 0.5162  
Epoch 092 |  Time(s) 0.0130 | RobustPrompt-T Loss 0.5151  
Epoch 093 |  Time(s) 0.0131 | RobustPrompt-T Loss 0.5095  
Epoch 094 |  Time(s) 0.0134 | RobustPrompt-T Loss 0.4908  
Epoch 095 |  Time(s) 0.0133 | RobustPrompt-T Loss 0.4712  
Epoch 096 |  Time(s) 0.0132 | RobustPrompt-T Loss 0.4483  
Epoch 097 |  Time(s) 0.0131 | RobustPrompt-T Loss 0.4420  
Epoch 098 |  Time(s) 0.0131 | RobustPrompt-T Loss 0.4205  
Epoch 099 |  Time(s) 0.0130 | RobustPrompt-T Loss 0.3976  
Epoch 100 |  Time(s) 0.0134 | RobustPrompt-T Loss 0.3933  
Epoch 101 |  Time(s) 0.0133 | RobustPrompt-T Loss 0.3702  
Epoch 102 |  Time(s) 0.0131 | RobustPrompt-T Loss 0.3601  
Epoch 103 |  Time(s) 0.0129 | RobustPrompt-T Loss 0.3441  
Epoch 104 |  Time(s) 0.0131 | RobustPrompt-T Loss 0.3322  
Epoch 105 |  Time(s) 0.0131 | RobustPrompt-T Loss 0.3163  
Epoch 106 |  Time(s) 0.0135 | RobustPrompt-T Loss 0.3031  
Epoch 107 |  Time(s) 0.0132 | RobustPrompt-T Loss 0.3030  
Epoch 108 |  Time(s) 0.0131 | RobustPrompt-T Loss 0.2762  
Epoch 109 |  Time(s) 0.0130 | RobustPrompt-T Loss 0.2659  
Epoch 110 |  Time(s) 0.0132 | RobustPrompt-T Loss 0.2596  
Epoch 111 |  Time(s) 0.0131 | RobustPrompt-T Loss 0.2412  
Epoch 112 |  Time(s) 0.0129 | RobustPrompt-T Loss 0.2367  
Epoch 113 |  Time(s) 0.0130 | RobustPrompt-T Loss 0.2238  
Epoch 114 |  Time(s) 0.0131 | RobustPrompt-T Loss 0.2096  
Epoch 115 |  Time(s) 0.0130 | RobustPrompt-T Loss 0.1989  
Epoch 116 |  Time(s) 0.0130 | RobustPrompt-T Loss 0.1861  
Epoch 117 |  Time(s) 0.0130 | RobustPrompt-T Loss 0.1861  
Epoch 118 |  Time(s) 0.0134 | RobustPrompt-T Loss 0.1666  
Epoch 119 |  Time(s) 0.0132 | RobustPrompt-T Loss 0.1603  
Epoch 120 |  Time(s) 0.0133 | RobustPrompt-T Loss 0.1592  
Epoch 121 |  Time(s) 0.0130 | RobustPrompt-T Loss 0.1443  
Epoch 122 |  Time(s) 0.0130 | RobustPrompt-T Loss 0.1401  
Epoch 123 |  Time(s) 0.0130 | RobustPrompt-T Loss 0.1335  
Epoch 124 |  Time(s) 0.0130 | RobustPrompt-T Loss 0.1251  
Epoch 125 |  Time(s) 0.0132 | RobustPrompt-T Loss 0.1215  
Epoch 126 |  Time(s) 0.0130 | RobustPrompt-T Loss 0.1183  
Epoch 127 |  Time(s) 0.0130 | RobustPrompt-T Loss 0.1127  
Epoch 128 |  Time(s) 0.0130 | RobustPrompt-T Loss 0.1111  
Epoch 129 |  Time(s) 0.0129 | RobustPrompt-T Loss 0.1073  
Epoch 130 |  Time(s) 0.0130 | RobustPrompt-T Loss 0.1041  
Epoch 131 |  Time(s) 0.0130 | RobustPrompt-T Loss 0.1001  
Epoch 132 |  Time(s) 0.0129 | RobustPrompt-T Loss 0.0975  
Epoch 133 |  Time(s) 0.0129 | RobustPrompt-T Loss 0.0954  
Epoch 134 |  Time(s) 0.0130 | RobustPrompt-T Loss 0.0929  
Epoch 135 |  Time(s) 0.0130 | RobustPrompt-T Loss 0.0966  
Epoch 136 |  Time(s) 0.0131 | RobustPrompt-T Loss 0.0909  
Epoch 137 |  Time(s) 0.0130 | RobustPrompt-T Loss 0.0896  
Epoch 138 |  Time(s) 0.0130 | RobustPrompt-T Loss 0.0916  
Epoch 139 |  Time(s) 0.0135 | RobustPrompt-T Loss 0.0855  
Epoch 140 |  Time(s) 0.0133 | RobustPrompt-T Loss 0.0874  
Epoch 141 |  Time(s) 0.0138 | RobustPrompt-T Loss 0.0906  
Epoch 142 |  Time(s) 0.0134 | RobustPrompt-T Loss 0.0826  
Epoch 143 |  Time(s) 0.0132 | RobustPrompt-T Loss 0.0818  
Epoch 144 |  Time(s) 0.0135 | RobustPrompt-T Loss 0.0843  
Epoch 145 |  Time(s) 0.0133 | RobustPrompt-T Loss 0.0796  
Epoch 146 |  Time(s) 0.0131 | RobustPrompt-T Loss 0.0791  
Epoch 147 |  Time(s) 0.0131 | RobustPrompt-T Loss 0.0774  
Epoch 148 |  Time(s) 0.0130 | RobustPrompt-T Loss 0.0770  
Epoch 149 |  Time(s) 0.0135 | RobustPrompt-T Loss 0.0757  
Epoch 150 |  Time(s) 0.0133 | RobustPrompt-T Loss 0.0752  
Epoch 151 |  Time(s) 0.0131 | RobustPrompt-T Loss 0.0739  
Epoch 152 |  Time(s) 0.0129 | RobustPrompt-T Loss 0.0733  
Epoch 153 |  Time(s) 0.0130 | RobustPrompt-T Loss 0.0720  
Epoch 154 |  Time(s) 0.0132 | RobustPrompt-T Loss 0.0706  
Epoch 155 |  Time(s) 0.0130 | RobustPrompt-T Loss 0.0750  
Epoch 156 |  Time(s) 0.0131 | RobustPrompt-T Loss 0.0693  
Epoch 157 |  Time(s) 0.0129 | RobustPrompt-T Loss 0.0683  
Epoch 158 |  Time(s) 0.0131 | RobustPrompt-T Loss 0.0716  
Epoch 159 |  Time(s) 0.0135 | RobustPrompt-T Loss 0.0671  
Epoch 160 |  Time(s) 0.0133 | RobustPrompt-T Loss 0.0663  
Epoch 161 |  Time(s) 0.0132 | RobustPrompt-T Loss 0.0694  
Epoch 162 |  Time(s) 0.0134 | RobustPrompt-T Loss 0.0662  
Epoch 163 |  Time(s) 0.0134 | RobustPrompt-T Loss 0.0671  
Epoch 164 |  Time(s) 0.0132 | RobustPrompt-T Loss 0.0680  
Epoch 165 |  Time(s) 0.0135 | RobustPrompt-T Loss 0.0644  
Epoch 166 |  Time(s) 0.0133 | RobustPrompt-T Loss 0.0674  
Epoch 167 |  Time(s) 0.0132 | RobustPrompt-T Loss 0.0669  
Epoch 168 |  Time(s) 0.0131 | RobustPrompt-T Loss 0.0616  
Epoch 169 |  Time(s) 0.0134 | RobustPrompt-T Loss 0.0642  
Epoch 170 |  Time(s) 0.0134 | RobustPrompt-T Loss 0.0634  
Epoch 171 |  Time(s) 0.0132 | RobustPrompt-T Loss 0.0599  
Epoch 172 |  Time(s) 0.0135 | RobustPrompt-T Loss 0.0623  
Epoch 173 |  Time(s) 0.0133 | RobustPrompt-T Loss 0.0598  
Epoch 174 |  Time(s) 0.0132 | RobustPrompt-T Loss 0.0594  
Epoch 175 |  Time(s) 0.0136 | RobustPrompt-T Loss 0.0615  
Epoch 176 |  Time(s) 0.0132 | RobustPrompt-T Loss 0.0602  
Epoch 177 |  Time(s) 0.0131 | RobustPrompt-T Loss 0.0578  
Epoch 178 |  Time(s) 0.0135 | RobustPrompt-T Loss 0.0638  
Epoch 179 |  Time(s) 0.0132 | RobustPrompt-T Loss 0.0721  
Epoch 180 |  Time(s) 0.0133 | RobustPrompt-T Loss 0.0582  
Epoch 181 |  Time(s) 0.0131 | RobustPrompt-T Loss 0.0680  
Epoch 182 |  Time(s) 0.0131 | RobustPrompt-T Loss 0.1109  
Epoch 183 |  Time(s) 0.0134 | RobustPrompt-T Loss 0.0646  
Epoch 184 |  Time(s) 0.0133 | RobustPrompt-T Loss 0.2630  
Epoch 185 |  Time(s) 0.0128 | RobustPrompt-T Loss 0.1070  
Epoch 186 |  Time(s) 0.0131 | RobustPrompt-T Loss 0.1417  
Epoch 187 |  Time(s) 0.0132 | RobustPrompt-T Loss 0.1455  
Epoch 188 |  Time(s) 0.0130 | RobustPrompt-T Loss 0.0615  
Epoch 189 |  Time(s) 0.0131 | RobustPrompt-T Loss 0.0998  
Epoch 190 |  Time(s) 0.0130 | RobustPrompt-T Loss 0.0633  
Epoch 191 |  Time(s) 0.0131 | RobustPrompt-T Loss 0.0835  
Epoch 192 |  Time(s) 0.0135 | RobustPrompt-T Loss 0.0592  
Epoch 193 |  Time(s) 0.0131 | RobustPrompt-T Loss 0.0599  
Epoch 194 |  Time(s) 0.0132 | RobustPrompt-T Loss 0.0743  
Epoch 195 |  Time(s) 0.0132 | RobustPrompt-T Loss 0.0489  
Epoch 196 |  Time(s) 0.0134 | RobustPrompt-T Loss 0.0768  
Epoch 197 |  Time(s) 0.0133 | RobustPrompt-T Loss 0.0522  
Epoch 198 |  Time(s) 0.0132 | RobustPrompt-T Loss 0.0801  
Epoch 199 |  Time(s) 0.0132 | RobustPrompt-T Loss 0.0451  
Epoch 200 |  Time(s) 0.0134 | RobustPrompt-T Loss 0.0790  
Final True Accuracy: 0.1503 | Macro F1 Score: 0.1228
best_loss [tensor(0.0790, device='cuda:0', grad_fn=<AddBackward0>)]
load LLC or attacked data with specified split
Successfully loaded the attack of dataname with few shot 5, split 1
Attack method : Meta_Self | Attack ptb : 0.15 | Dataset: Cora
======================
Number of graphs: 1
Number of features: 1433
Number of classes: 7

Data(x=[2708, 1433], edge_index=[2, 14952], y=[2708], train_mask=[2708], val_mask=[2708], test_mask=[2708])
===========================================================================================================
Number of nodes: 2708
Number of edges: 14952
Average node degree: 5.52
Has isolated nodes: False
Has self-loops: True
Is undirected: True
GCN(
  (conv_layers): ModuleList(
    (0): GCNConv(1433, 256)
    (1): GCNConv(256, 256)
  )
)
Successfully loaded pre-trained weights!
use RobustPrompt Tranductive
defense pt dict :  {'sim_pt': -1.0, 'degree_pt': 1, 'out_detect_pt': 0.5, 'other_pt': 'all'}
use_attention :  False
cosine_constraint :  True
pt_threshold :  0.5
filter_module :  OriginalFilter
temperature :  1.0
weight_mse 0.1
weight_kl :  0.3
weight_constraint :  0.2
run RobustPrompt-T
Epoch 001 |  Time(s) 0.0131 | RobustPrompt-T Loss 1.9495  
Epoch 002 |  Time(s) 0.0131 | RobustPrompt-T Loss 1.9232  
Epoch 003 |  Time(s) 0.0132 | RobustPrompt-T Loss 1.9582  
Epoch 004 |  Time(s) 0.0130 | RobustPrompt-T Loss 1.9211  
Epoch 005 |  Time(s) 0.0129 | RobustPrompt-T Loss 1.9207  
Epoch 006 |  Time(s) 0.0128 | RobustPrompt-T Loss 1.9224  
Epoch 007 |  Time(s) 0.0130 | RobustPrompt-T Loss 1.9163  
Epoch 008 |  Time(s) 0.0131 | RobustPrompt-T Loss 1.9088  
Epoch 009 |  Time(s) 0.0132 | RobustPrompt-T Loss 1.8984  
Epoch 010 |  Time(s) 0.0130 | RobustPrompt-T Loss 1.8898  
Epoch 011 |  Time(s) 0.0131 | RobustPrompt-T Loss 1.8773  
Epoch 012 |  Time(s) 0.0131 | RobustPrompt-T Loss 1.8692  
Epoch 013 |  Time(s) 0.0130 | RobustPrompt-T Loss 1.8673  
Epoch 014 |  Time(s) 0.0128 | RobustPrompt-T Loss 1.8833  
Epoch 015 |  Time(s) 0.0130 | RobustPrompt-T Loss 1.8547  
Epoch 016 |  Time(s) 0.0129 | RobustPrompt-T Loss 1.8322  
Epoch 017 |  Time(s) 0.0132 | RobustPrompt-T Loss 1.8375  
Epoch 018 |  Time(s) 0.0130 | RobustPrompt-T Loss 1.8286  
Epoch 019 |  Time(s) 0.0131 | RobustPrompt-T Loss 1.8050  
Epoch 020 |  Time(s) 0.0131 | RobustPrompt-T Loss 1.7913  
Epoch 021 |  Time(s) 0.0130 | RobustPrompt-T Loss 1.7914  
Epoch 022 |  Time(s) 0.0128 | RobustPrompt-T Loss 1.7985  
Epoch 023 |  Time(s) 0.0131 | RobustPrompt-T Loss 1.7559  
Epoch 024 |  Time(s) 0.0131 | RobustPrompt-T Loss 1.7196  
Epoch 025 |  Time(s) 0.0131 | RobustPrompt-T Loss 1.7147  
Epoch 026 |  Time(s) 0.0135 | RobustPrompt-T Loss 1.7525  
Epoch 027 |  Time(s) 0.0132 | RobustPrompt-T Loss 1.7224  
Epoch 028 |  Time(s) 0.0131 | RobustPrompt-T Loss 1.6980  
Epoch 029 |  Time(s) 0.0131 | RobustPrompt-T Loss 1.8170  
Epoch 030 |  Time(s) 0.0136 | RobustPrompt-T Loss 1.8047  
Epoch 031 |  Time(s) 0.0133 | RobustPrompt-T Loss 1.5934  
Epoch 032 |  Time(s) 0.0136 | RobustPrompt-T Loss 1.6330  
Epoch 033 |  Time(s) 0.0132 | RobustPrompt-T Loss 1.5535  
Epoch 034 |  Time(s) 0.0132 | RobustPrompt-T Loss 1.6738  
Epoch 035 |  Time(s) 0.0131 | RobustPrompt-T Loss 1.5335  
Epoch 036 |  Time(s) 0.0136 | RobustPrompt-T Loss 1.5789  
Epoch 037 |  Time(s) 0.0133 | RobustPrompt-T Loss 1.5927  
Epoch 038 |  Time(s) 0.0130 | RobustPrompt-T Loss 1.5555  
Epoch 039 |  Time(s) 0.0126 | RobustPrompt-T Loss 1.4075  
Epoch 040 |  Time(s) 0.0124 | RobustPrompt-T Loss 1.5112  
Epoch 041 |  Time(s) 0.0122 | RobustPrompt-T Loss 1.4915  
Epoch 042 |  Time(s) 0.0115 | RobustPrompt-T Loss 1.4279  
Epoch 043 |  Time(s) 0.0124 | RobustPrompt-T Loss 1.3699  
Epoch 044 |  Time(s) 0.0128 | RobustPrompt-T Loss 1.3802  
Epoch 045 |  Time(s) 0.0133 | RobustPrompt-T Loss 1.3687  
Epoch 046 |  Time(s) 0.0129 | RobustPrompt-T Loss 1.3684  
Epoch 047 |  Time(s) 0.0131 | RobustPrompt-T Loss 1.3365  
Epoch 048 |  Time(s) 0.0130 | RobustPrompt-T Loss 1.3000  
Epoch 049 |  Time(s) 0.0131 | RobustPrompt-T Loss 1.2734  
Epoch 050 |  Time(s) 0.0131 | RobustPrompt-T Loss 1.2739  
Epoch 051 |  Time(s) 0.0135 | RobustPrompt-T Loss 1.2595  
Epoch 052 |  Time(s) 0.0133 | RobustPrompt-T Loss 1.2536  
Epoch 053 |  Time(s) 0.0132 | RobustPrompt-T Loss 1.2383  
Epoch 054 |  Time(s) 0.0129 | RobustPrompt-T Loss 1.2251  
Epoch 055 |  Time(s) 0.0130 | RobustPrompt-T Loss 1.2128  
Epoch 056 |  Time(s) 0.0130 | RobustPrompt-T Loss 1.1926  
Epoch 057 |  Time(s) 0.0131 | RobustPrompt-T Loss 1.1803  
Epoch 058 |  Time(s) 0.0136 | RobustPrompt-T Loss 1.1637  
Epoch 059 |  Time(s) 0.0134 | RobustPrompt-T Loss 1.1545  
Epoch 060 |  Time(s) 0.0131 | RobustPrompt-T Loss 1.1305  
Epoch 061 |  Time(s) 0.0130 | RobustPrompt-T Loss 1.1268  
Epoch 062 |  Time(s) 0.0129 | RobustPrompt-T Loss 1.1007  
Epoch 063 |  Time(s) 0.0131 | RobustPrompt-T Loss 1.0925  
Epoch 064 |  Time(s) 0.0136 | RobustPrompt-T Loss 1.0731  
Epoch 065 |  Time(s) 0.0132 | RobustPrompt-T Loss 1.0604  
Epoch 066 |  Time(s) 0.0132 | RobustPrompt-T Loss 1.0437  
Epoch 067 |  Time(s) 0.0136 | RobustPrompt-T Loss 1.0169  
Epoch 068 |  Time(s) 0.0133 | RobustPrompt-T Loss 1.0094  
Epoch 069 |  Time(s) 0.0136 | RobustPrompt-T Loss 0.9828  
Epoch 070 |  Time(s) 0.0134 | RobustPrompt-T Loss 0.9639  
Epoch 071 |  Time(s) 0.0136 | RobustPrompt-T Loss 0.9527  
Epoch 072 |  Time(s) 0.0133 | RobustPrompt-T Loss 0.9248  
Epoch 073 |  Time(s) 0.0136 | RobustPrompt-T Loss 0.8962  
Epoch 074 |  Time(s) 0.0135 | RobustPrompt-T Loss 0.8835  
Epoch 075 |  Time(s) 0.0136 | RobustPrompt-T Loss 0.8873  
Epoch 076 |  Time(s) 0.0134 | RobustPrompt-T Loss 0.8355  
Epoch 077 |  Time(s) 0.0135 | RobustPrompt-T Loss 0.8144  
Epoch 078 |  Time(s) 0.0133 | RobustPrompt-T Loss 0.8330  
Epoch 079 |  Time(s) 0.0138 | RobustPrompt-T Loss 0.7758  
Epoch 080 |  Time(s) 0.0134 | RobustPrompt-T Loss 0.7517  
Epoch 081 |  Time(s) 0.0138 | RobustPrompt-T Loss 0.7319  
Epoch 082 |  Time(s) 0.0138 | RobustPrompt-T Loss 0.7270  
Epoch 083 |  Time(s) 0.0133 | RobustPrompt-T Loss 0.7489  
Epoch 084 |  Time(s) 0.0132 | RobustPrompt-T Loss 0.6681  
Epoch 085 |  Time(s) 0.0138 | RobustPrompt-T Loss 0.7291  
Epoch 086 |  Time(s) 0.0139 | RobustPrompt-T Loss 0.6333  
Epoch 087 |  Time(s) 0.0138 | RobustPrompt-T Loss 0.6556  
Epoch 088 |  Time(s) 0.0134 | RobustPrompt-T Loss 0.6561  
Epoch 089 |  Time(s) 0.0138 | RobustPrompt-T Loss 0.5806  
Epoch 090 |  Time(s) 0.0133 | RobustPrompt-T Loss 0.6174  
Epoch 091 |  Time(s) 0.0131 | RobustPrompt-T Loss 0.5515  
Epoch 092 |  Time(s) 0.0136 | RobustPrompt-T Loss 0.5654  
Epoch 093 |  Time(s) 0.0132 | RobustPrompt-T Loss 0.5771  
Epoch 094 |  Time(s) 0.0136 | RobustPrompt-T Loss 0.5444  
Epoch 095 |  Time(s) 0.0133 | RobustPrompt-T Loss 0.5000  
Epoch 096 |  Time(s) 0.0132 | RobustPrompt-T Loss 0.6695  
Epoch 097 |  Time(s) 0.0135 | RobustPrompt-T Loss 0.5661  
Epoch 098 |  Time(s) 0.0134 | RobustPrompt-T Loss 0.5937  
Epoch 099 |  Time(s) 0.0141 | RobustPrompt-T Loss 0.6511  
Epoch 100 |  Time(s) 0.0126 | RobustPrompt-T Loss 0.4219  
Epoch 101 |  Time(s) 0.0128 | RobustPrompt-T Loss 0.5661  
Epoch 102 |  Time(s) 0.0124 | RobustPrompt-T Loss 0.4237  
Epoch 103 |  Time(s) 0.0122 | RobustPrompt-T Loss 0.6710  
Epoch 104 |  Time(s) 0.0131 | RobustPrompt-T Loss 0.6855  
Epoch 105 |  Time(s) 0.0124 | RobustPrompt-T Loss 0.4101  
Epoch 106 |  Time(s) 0.0123 | RobustPrompt-T Loss 0.6212  
Epoch 107 |  Time(s) 0.0128 | RobustPrompt-T Loss 0.6413  
Epoch 108 |  Time(s) 0.0127 | RobustPrompt-T Loss 0.4450  
Epoch 109 |  Time(s) 0.0123 | RobustPrompt-T Loss 0.4214  
Epoch 110 |  Time(s) 0.0129 | RobustPrompt-T Loss 0.5054  
Epoch 111 |  Time(s) 0.0128 | RobustPrompt-T Loss 0.4532  
Epoch 112 |  Time(s) 0.0130 | RobustPrompt-T Loss 0.4514  
Epoch 113 |  Time(s) 0.0128 | RobustPrompt-T Loss 0.4255  
Epoch 114 |  Time(s) 0.0122 | RobustPrompt-T Loss 0.3976  
Epoch 115 |  Time(s) 0.0129 | RobustPrompt-T Loss 0.3080  
Epoch 116 |  Time(s) 0.0130 | RobustPrompt-T Loss 0.3748  
Epoch 117 |  Time(s) 0.0136 | RobustPrompt-T Loss 0.3267  
Epoch 118 |  Time(s) 0.0128 | RobustPrompt-T Loss 0.3649  
Epoch 119 |  Time(s) 0.0125 | RobustPrompt-T Loss 0.3584  
Epoch 120 |  Time(s) 0.0135 | RobustPrompt-T Loss 0.3314  
Epoch 121 |  Time(s) 0.0130 | RobustPrompt-T Loss 0.3168  
Epoch 122 |  Time(s) 0.0130 | RobustPrompt-T Loss 0.2707  
Epoch 123 |  Time(s) 0.0128 | RobustPrompt-T Loss 0.3067  
Epoch 124 |  Time(s) 0.0131 | RobustPrompt-T Loss 0.2649  
Epoch 125 |  Time(s) 0.0129 | RobustPrompt-T Loss 0.3492  
Epoch 126 |  Time(s) 0.0136 | RobustPrompt-T Loss 0.2654  
Epoch 127 |  Time(s) 0.0131 | RobustPrompt-T Loss 0.3517  
Epoch 128 |  Time(s) 0.0127 | RobustPrompt-T Loss 0.3619  
Epoch 129 |  Time(s) 0.0132 | RobustPrompt-T Loss 0.2311  
Epoch 130 |  Time(s) 0.0128 | RobustPrompt-T Loss 0.2978  
Epoch 131 |  Time(s) 0.0121 | RobustPrompt-T Loss 0.2225  
Epoch 132 |  Time(s) 0.0130 | RobustPrompt-T Loss 0.2654  
Epoch 133 |  Time(s) 0.0129 | RobustPrompt-T Loss 0.2612  
Epoch 134 |  Time(s) 0.0133 | RobustPrompt-T Loss 0.1990  
Epoch 135 |  Time(s) 0.0135 | RobustPrompt-T Loss 0.2400  
Epoch 136 |  Time(s) 0.0123 | RobustPrompt-T Loss 0.2025  
Epoch 137 |  Time(s) 0.0127 | RobustPrompt-T Loss 0.2544  
Epoch 138 |  Time(s) 0.0123 | RobustPrompt-T Loss 0.2565  
Epoch 139 |  Time(s) 0.0132 | RobustPrompt-T Loss 0.1909  
Epoch 140 |  Time(s) 0.0123 | RobustPrompt-T Loss 0.2418  
Epoch 141 |  Time(s) 0.0124 | RobustPrompt-T Loss 0.2255  
Epoch 142 |  Time(s) 0.0125 | RobustPrompt-T Loss 0.1817  
Epoch 143 |  Time(s) 0.0126 | RobustPrompt-T Loss 0.1999  
Epoch 144 |  Time(s) 0.0123 | RobustPrompt-T Loss 0.1629  
Epoch 145 |  Time(s) 0.0126 | RobustPrompt-T Loss 0.1854  
Epoch 146 |  Time(s) 0.0125 | RobustPrompt-T Loss 0.1561  
Epoch 147 |  Time(s) 0.0128 | RobustPrompt-T Loss 0.1704  
Epoch 148 |  Time(s) 0.0127 | RobustPrompt-T Loss 0.1581  
Epoch 149 |  Time(s) 0.0125 | RobustPrompt-T Loss 0.1469  
Epoch 150 |  Time(s) 0.0126 | RobustPrompt-T Loss 0.1586  
Epoch 151 |  Time(s) 0.0126 | RobustPrompt-T Loss 0.1400  
Epoch 152 |  Time(s) 0.0131 | RobustPrompt-T Loss 0.1461  
Epoch 153 |  Time(s) 0.0130 | RobustPrompt-T Loss 0.1259  
Epoch 154 |  Time(s) 0.0124 | RobustPrompt-T Loss 0.1490  
Epoch 155 |  Time(s) 0.0124 | RobustPrompt-T Loss 0.1169  
Epoch 156 |  Time(s) 0.0129 | RobustPrompt-T Loss 0.1249  
Epoch 157 |  Time(s) 0.0131 | RobustPrompt-T Loss 0.1162  
Epoch 158 |  Time(s) 0.0128 | RobustPrompt-T Loss 0.1064  
Epoch 159 |  Time(s) 0.0127 | RobustPrompt-T Loss 0.1301  
Epoch 160 |  Time(s) 0.0131 | RobustPrompt-T Loss 0.1116  
Epoch 161 |  Time(s) 0.0124 | RobustPrompt-T Loss 0.1071  
Epoch 162 |  Time(s) 0.0127 | RobustPrompt-T Loss 0.1004  
Epoch 163 |  Time(s) 0.0130 | RobustPrompt-T Loss 0.1099  
Epoch 164 |  Time(s) 0.0135 | RobustPrompt-T Loss 0.0907  
Epoch 165 |  Time(s) 0.0124 | RobustPrompt-T Loss 0.0986  
Epoch 166 |  Time(s) 0.0130 | RobustPrompt-T Loss 0.0897  
Epoch 167 |  Time(s) 0.0124 | RobustPrompt-T Loss 0.0875  
Epoch 168 |  Time(s) 0.0125 | RobustPrompt-T Loss 0.1013  
Epoch 169 |  Time(s) 0.0122 | RobustPrompt-T Loss 0.0805  
Epoch 170 |  Time(s) 0.0127 | RobustPrompt-T Loss 0.0879  
Epoch 171 |  Time(s) 0.0126 | RobustPrompt-T Loss 0.0773  
Epoch 172 |  Time(s) 0.0126 | RobustPrompt-T Loss 0.0903  
Epoch 173 |  Time(s) 0.0126 | RobustPrompt-T Loss 0.0765  
Epoch 174 |  Time(s) 0.0127 | RobustPrompt-T Loss 0.0744  
Epoch 175 |  Time(s) 0.0125 | RobustPrompt-T Loss 0.0758  
Epoch 176 |  Time(s) 0.0129 | RobustPrompt-T Loss 0.0712  
Epoch 177 |  Time(s) 0.0126 | RobustPrompt-T Loss 0.0726  
Epoch 178 |  Time(s) 0.0129 | RobustPrompt-T Loss 0.0721  
Epoch 179 |  Time(s) 0.0127 | RobustPrompt-T Loss 0.0693  
Epoch 180 |  Time(s) 0.0127 | RobustPrompt-T Loss 0.0706  
Epoch 181 |  Time(s) 0.0132 | RobustPrompt-T Loss 0.0686  
Epoch 182 |  Time(s) 0.0124 | RobustPrompt-T Loss 0.0723  
Epoch 183 |  Time(s) 0.0125 | RobustPrompt-T Loss 0.0691  
Epoch 184 |  Time(s) 0.0117 | RobustPrompt-T Loss 0.0669  
Epoch 185 |  Time(s) 0.0121 | RobustPrompt-T Loss 0.0666  
Epoch 186 |  Time(s) 0.0127 | RobustPrompt-T Loss 0.0659  
Epoch 187 |  Time(s) 0.0126 | RobustPrompt-T Loss 0.0656  
Epoch 188 |  Time(s) 0.0130 | RobustPrompt-T Loss 0.0656  
Epoch 189 |  Time(s) 0.0134 | RobustPrompt-T Loss 0.0646  
Epoch 190 |  Time(s) 0.0134 | RobustPrompt-T Loss 0.0638  
Epoch 191 |  Time(s) 0.0128 | RobustPrompt-T Loss 0.0630  
Epoch 192 |  Time(s) 0.0127 | RobustPrompt-T Loss 0.0631  
Epoch 193 |  Time(s) 0.0128 | RobustPrompt-T Loss 0.0648  
Epoch 194 |  Time(s) 0.0132 | RobustPrompt-T Loss 0.0624  
Epoch 195 |  Time(s) 0.0129 | RobustPrompt-T Loss 0.0625  
Epoch 196 |  Time(s) 0.0128 | RobustPrompt-T Loss 0.0615  
Epoch 197 |  Time(s) 0.0123 | RobustPrompt-T Loss 0.0611  
Epoch 198 |  Time(s) 0.0129 | RobustPrompt-T Loss 0.0607  
Epoch 199 |  Time(s) 0.0127 | RobustPrompt-T Loss 0.0601  
Epoch 200 |  Time(s) 0.0128 | RobustPrompt-T Loss 0.0591  
Final True Accuracy: 0.1146 | Macro F1 Score: 0.0878
best_loss [tensor(0.0591, device='cuda:0', grad_fn=<AddBackward0>)]
{1: {1: 0.16569767892360687}, 2: {1: 0.14659468829631805}, 3: {1: 0.11669435352087021}, 4: {1: 0.1503322273492813}, 5: {1: 0.11461794376373291}}
{1: {1: 0.16569767892360687, 2: 0.14659468829631805, 3: 0.11669435352087021, 4: 0.1503322273492813, 5: 0.11461794376373291}}
########################################################################################
seed: 1 | split 1 : 0.16569767892360687
# Seed 1 Muti Split Final Acc: 0.1657±0.0000
seed: 2 | split 1 : 0.14659468829631805
# Seed 2 Muti Split Final Acc: 0.1466±0.0000
seed: 3 | split 1 : 0.11669435352087021
# Seed 3 Muti Split Final Acc: 0.1167±0.0000
seed: 4 | split 1 : 0.1503322273492813
# Seed 4 Muti Split Final Acc: 0.1503±0.0000
seed: 5 | split 1 : 0.11461794376373291
# Seed 5 Muti Split Final Acc: 0.1146±0.0000
########################################################################################
split: 1 | seed 1 : 0.16569767892360687
split: 1 | seed 2 : 0.14659468829631805
split: 1 | seed 3 : 0.11669435352087021
split: 1 | seed 4 : 0.1503322273492813
split: 1 | seed 5 : 0.11461794376373291
# Split 1 Muti Seed Acc without min value: 0.1448±0.0178
########################################################################################
