load LLC or attacked data with specified split
Successfully loaded the attack of dataname with few shot 5, split 1
Attack method : Meta_Self | Attack ptb : 0.1 | Dataset: Cora
======================
Number of graphs: 1
Number of features: 1433
Number of classes: 7

Data(x=[2708, 1433], edge_index=[2, 14378], y=[2708], train_mask=[2708], val_mask=[2708], test_mask=[2708])
===========================================================================================================
Number of nodes: 2708
Number of edges: 14378
Average node degree: 5.31
Has isolated nodes: False
Has self-loops: True
Is undirected: True
GCN(
  (conv_layers): ModuleList(
    (0): GCNConv(1433, 256)
    (1): GCNConv(256, 256)
  )
)
Successfully loaded pre-trained weights!
use RobustPrompt Tranductive
defense pt dict :  {'sim_pt': 0.3, 'degree_pt': -1, 'out_detect_pt': 0.5, 'other_pt': 'all'}
use_attention :  False
cosine_constraint :  True
pt_threshold :  0.5
filter_module :  OriginalFilter
temperature :  1.0
weight_mse 0.1
weight_kl :  0.3
weight_constraint :  0.2
run RobustPrompt-T
Epoch 001 |  Time(s) 0.2608 | RobustPrompt-T Loss 1.9496  
Epoch 002 |  Time(s) 0.0141 | RobustPrompt-T Loss 1.9519  
Epoch 003 |  Time(s) 0.0130 | RobustPrompt-T Loss 1.9320  
Epoch 004 |  Time(s) 0.0124 | RobustPrompt-T Loss 1.9225  
Epoch 005 |  Time(s) 0.0127 | RobustPrompt-T Loss 1.9237  
Epoch 006 |  Time(s) 0.0133 | RobustPrompt-T Loss 1.9123  
Epoch 007 |  Time(s) 0.0137 | RobustPrompt-T Loss 1.9025  
Epoch 008 |  Time(s) 0.0134 | RobustPrompt-T Loss 1.8983  
Epoch 009 |  Time(s) 0.0136 | RobustPrompt-T Loss 1.8829  
Epoch 010 |  Time(s) 0.0131 | RobustPrompt-T Loss 1.8711  
Epoch 011 |  Time(s) 0.0138 | RobustPrompt-T Loss 1.8619  
Epoch 012 |  Time(s) 0.0136 | RobustPrompt-T Loss 1.8430  
Epoch 013 |  Time(s) 0.0137 | RobustPrompt-T Loss 1.8174  
Epoch 014 |  Time(s) 0.0133 | RobustPrompt-T Loss 1.8096  
Epoch 015 |  Time(s) 0.0136 | RobustPrompt-T Loss 1.8211  
Epoch 016 |  Time(s) 0.0138 | RobustPrompt-T Loss 1.7854  
Epoch 017 |  Time(s) 0.0135 | RobustPrompt-T Loss 1.7624  
Epoch 018 |  Time(s) 0.0139 | RobustPrompt-T Loss 1.7774  
Epoch 019 |  Time(s) 0.0139 | RobustPrompt-T Loss 1.7504  
Epoch 020 |  Time(s) 0.0138 | RobustPrompt-T Loss 1.7470  
Epoch 021 |  Time(s) 0.0133 | RobustPrompt-T Loss 1.7256  
Epoch 022 |  Time(s) 0.0138 | RobustPrompt-T Loss 1.7267  
Epoch 023 |  Time(s) 0.0140 | RobustPrompt-T Loss 1.7192  
Epoch 024 |  Time(s) 0.0139 | RobustPrompt-T Loss 1.7180  
Epoch 025 |  Time(s) 0.0134 | RobustPrompt-T Loss 1.6846  
Epoch 026 |  Time(s) 0.0134 | RobustPrompt-T Loss 1.6689  
Epoch 027 |  Time(s) 0.0134 | RobustPrompt-T Loss 1.6600  
Epoch 028 |  Time(s) 0.0136 | RobustPrompt-T Loss 1.6462  
Epoch 029 |  Time(s) 0.0134 | RobustPrompt-T Loss 1.5969  
Epoch 030 |  Time(s) 0.0132 | RobustPrompt-T Loss 1.6134  
Epoch 031 |  Time(s) 0.0135 | RobustPrompt-T Loss 1.6350  
Epoch 032 |  Time(s) 0.0134 | RobustPrompt-T Loss 1.4919  
Epoch 033 |  Time(s) 0.0131 | RobustPrompt-T Loss 1.6439  
Epoch 034 |  Time(s) 0.0135 | RobustPrompt-T Loss 1.4785  
Epoch 035 |  Time(s) 0.0140 | RobustPrompt-T Loss 1.5105  
Epoch 036 |  Time(s) 0.0134 | RobustPrompt-T Loss 1.5472  
Epoch 037 |  Time(s) 0.0135 | RobustPrompt-T Loss 1.4338  
Epoch 038 |  Time(s) 0.0135 | RobustPrompt-T Loss 1.5623  
Epoch 039 |  Time(s) 0.0139 | RobustPrompt-T Loss 1.4167  
Epoch 040 |  Time(s) 0.0137 | RobustPrompt-T Loss 1.5199  
Epoch 041 |  Time(s) 0.0141 | RobustPrompt-T Loss 1.5118  
Epoch 042 |  Time(s) 0.0140 | RobustPrompt-T Loss 1.2804  
Epoch 043 |  Time(s) 0.0142 | RobustPrompt-T Loss 1.4885  
Epoch 044 |  Time(s) 0.0141 | RobustPrompt-T Loss 1.3251  
Epoch 045 |  Time(s) 0.0140 | RobustPrompt-T Loss 1.3038  
Epoch 046 |  Time(s) 0.0142 | RobustPrompt-T Loss 1.4141  
Epoch 047 |  Time(s) 0.0145 | RobustPrompt-T Loss 1.2755  
Epoch 048 |  Time(s) 0.0142 | RobustPrompt-T Loss 1.2448  
Epoch 049 |  Time(s) 0.0140 | RobustPrompt-T Loss 1.3121  
Epoch 050 |  Time(s) 0.0139 | RobustPrompt-T Loss 1.2336  
Epoch 051 |  Time(s) 0.0141 | RobustPrompt-T Loss 1.1864  
Epoch 052 |  Time(s) 0.0143 | RobustPrompt-T Loss 1.2277  
Epoch 053 |  Time(s) 0.0141 | RobustPrompt-T Loss 1.1671  
Epoch 054 |  Time(s) 0.0137 | RobustPrompt-T Loss 1.1256  
Epoch 055 |  Time(s) 0.0141 | RobustPrompt-T Loss 1.1419  
Epoch 056 |  Time(s) 0.0141 | RobustPrompt-T Loss 1.1059  
Epoch 057 |  Time(s) 0.0140 | RobustPrompt-T Loss 1.0971  
Epoch 058 |  Time(s) 0.0139 | RobustPrompt-T Loss 1.0504  
Epoch 059 |  Time(s) 0.0140 | RobustPrompt-T Loss 1.0364  
Epoch 060 |  Time(s) 0.0140 | RobustPrompt-T Loss 1.0014  
Epoch 061 |  Time(s) 0.0141 | RobustPrompt-T Loss 0.9799  
Epoch 062 |  Time(s) 0.0140 | RobustPrompt-T Loss 0.9724  
Epoch 063 |  Time(s) 0.0140 | RobustPrompt-T Loss 0.9451  
Epoch 064 |  Time(s) 0.0138 | RobustPrompt-T Loss 0.9364  
Epoch 065 |  Time(s) 0.0141 | RobustPrompt-T Loss 0.9016  
Epoch 066 |  Time(s) 0.0142 | RobustPrompt-T Loss 0.8906  
Epoch 067 |  Time(s) 0.0140 | RobustPrompt-T Loss 0.8750  
Epoch 068 |  Time(s) 0.0140 | RobustPrompt-T Loss 0.8341  
Epoch 069 |  Time(s) 0.0139 | RobustPrompt-T Loss 0.8262  
Epoch 070 |  Time(s) 0.0141 | RobustPrompt-T Loss 0.8167  
Epoch 071 |  Time(s) 0.0140 | RobustPrompt-T Loss 0.7858  
Epoch 072 |  Time(s) 0.0140 | RobustPrompt-T Loss 0.7665  
Epoch 073 |  Time(s) 0.0140 | RobustPrompt-T Loss 0.7722  
Epoch 074 |  Time(s) 0.0141 | RobustPrompt-T Loss 0.7443  
Epoch 075 |  Time(s) 0.0141 | RobustPrompt-T Loss 0.7177  
Epoch 076 |  Time(s) 0.0139 | RobustPrompt-T Loss 0.6848  
Epoch 077 |  Time(s) 0.0141 | RobustPrompt-T Loss 0.6914  
Epoch 078 |  Time(s) 0.0139 | RobustPrompt-T Loss 0.6786  
Epoch 079 |  Time(s) 0.0139 | RobustPrompt-T Loss 0.6648  
Epoch 080 |  Time(s) 0.0140 | RobustPrompt-T Loss 0.6485  
Epoch 081 |  Time(s) 0.0140 | RobustPrompt-T Loss 0.6343  
Epoch 082 |  Time(s) 0.0141 | RobustPrompt-T Loss 0.6026  
Epoch 083 |  Time(s) 0.0142 | RobustPrompt-T Loss 0.5877  
Epoch 084 |  Time(s) 0.0141 | RobustPrompt-T Loss 0.5823  
Epoch 085 |  Time(s) 0.0140 | RobustPrompt-T Loss 0.5786  
Epoch 086 |  Time(s) 0.0139 | RobustPrompt-T Loss 0.5657  
Epoch 087 |  Time(s) 0.0141 | RobustPrompt-T Loss 0.5502  
Epoch 088 |  Time(s) 0.0145 | RobustPrompt-T Loss 0.5358  
Epoch 089 |  Time(s) 0.0143 | RobustPrompt-T Loss 0.5248  
Epoch 090 |  Time(s) 0.0140 | RobustPrompt-T Loss 0.5193  
Epoch 091 |  Time(s) 0.0139 | RobustPrompt-T Loss 0.5059  
Epoch 092 |  Time(s) 0.0138 | RobustPrompt-T Loss 0.4976  
Epoch 093 |  Time(s) 0.0141 | RobustPrompt-T Loss 0.4870  
Epoch 094 |  Time(s) 0.0142 | RobustPrompt-T Loss 0.4823  
Epoch 095 |  Time(s) 0.0137 | RobustPrompt-T Loss 0.4746  
Epoch 096 |  Time(s) 0.0140 | RobustPrompt-T Loss 0.4875  
Epoch 097 |  Time(s) 0.0141 | RobustPrompt-T Loss 0.5443  
Epoch 098 |  Time(s) 0.0140 | RobustPrompt-T Loss 0.4453  
Epoch 099 |  Time(s) 0.0137 | RobustPrompt-T Loss 0.4443  
Epoch 100 |  Time(s) 0.0142 | RobustPrompt-T Loss 0.5049  
Epoch 101 |  Time(s) 0.0140 | RobustPrompt-T Loss 0.4305  
Epoch 102 |  Time(s) 0.0142 | RobustPrompt-T Loss 0.4096  
Epoch 103 |  Time(s) 0.0142 | RobustPrompt-T Loss 0.4694  
Epoch 104 |  Time(s) 0.0140 | RobustPrompt-T Loss 0.3923  
Epoch 105 |  Time(s) 0.0140 | RobustPrompt-T Loss 0.3946  
Epoch 106 |  Time(s) 0.0139 | RobustPrompt-T Loss 0.4105  
Epoch 107 |  Time(s) 0.0137 | RobustPrompt-T Loss 0.3844  
Epoch 108 |  Time(s) 0.0144 | RobustPrompt-T Loss 0.3517  
Epoch 109 |  Time(s) 0.0141 | RobustPrompt-T Loss 0.3632  
Epoch 110 |  Time(s) 0.0144 | RobustPrompt-T Loss 0.3444  
Epoch 111 |  Time(s) 0.0141 | RobustPrompt-T Loss 0.3328  
Epoch 112 |  Time(s) 0.0140 | RobustPrompt-T Loss 0.3321  
Epoch 113 |  Time(s) 0.0140 | RobustPrompt-T Loss 0.3219  
Epoch 114 |  Time(s) 0.0141 | RobustPrompt-T Loss 0.3019  
Epoch 115 |  Time(s) 0.0144 | RobustPrompt-T Loss 0.3017  
Epoch 116 |  Time(s) 0.0140 | RobustPrompt-T Loss 0.2922  
Epoch 117 |  Time(s) 0.0139 | RobustPrompt-T Loss 0.2802  
Epoch 118 |  Time(s) 0.0138 | RobustPrompt-T Loss 0.2725  
Epoch 119 |  Time(s) 0.0141 | RobustPrompt-T Loss 0.2714  
Epoch 120 |  Time(s) 0.0137 | RobustPrompt-T Loss 0.2603  
Epoch 121 |  Time(s) 0.0140 | RobustPrompt-T Loss 0.2513  
Epoch 122 |  Time(s) 0.0136 | RobustPrompt-T Loss 0.2414  
Epoch 123 |  Time(s) 0.0144 | RobustPrompt-T Loss 0.2335  
Epoch 124 |  Time(s) 0.0135 | RobustPrompt-T Loss 0.2329  
Epoch 125 |  Time(s) 0.0138 | RobustPrompt-T Loss 0.2192  
Epoch 126 |  Time(s) 0.0134 | RobustPrompt-T Loss 0.2119  
Epoch 127 |  Time(s) 0.0137 | RobustPrompt-T Loss 0.2028  
Epoch 128 |  Time(s) 0.0139 | RobustPrompt-T Loss 0.1974  
Epoch 129 |  Time(s) 0.0142 | RobustPrompt-T Loss 0.1928  
Epoch 130 |  Time(s) 0.0137 | RobustPrompt-T Loss 0.1843  
Epoch 131 |  Time(s) 0.0142 | RobustPrompt-T Loss 0.1827  
Epoch 132 |  Time(s) 0.0138 | RobustPrompt-T Loss 0.1740  
Epoch 133 |  Time(s) 0.0142 | RobustPrompt-T Loss 0.1718  
Epoch 134 |  Time(s) 0.0141 | RobustPrompt-T Loss 0.1672  
Epoch 135 |  Time(s) 0.0138 | RobustPrompt-T Loss 0.1796  
Epoch 136 |  Time(s) 0.0140 | RobustPrompt-T Loss 0.1562  
Epoch 137 |  Time(s) 0.0139 | RobustPrompt-T Loss 0.1425  
Epoch 138 |  Time(s) 0.0138 | RobustPrompt-T Loss 0.1343  
Epoch 139 |  Time(s) 0.0140 | RobustPrompt-T Loss 0.1282  
Epoch 140 |  Time(s) 0.0136 | RobustPrompt-T Loss 0.1268  
Epoch 141 |  Time(s) 0.0137 | RobustPrompt-T Loss 0.1182  
Epoch 142 |  Time(s) 0.0138 | RobustPrompt-T Loss 0.1167  
Epoch 143 |  Time(s) 0.0139 | RobustPrompt-T Loss 0.1102  
Epoch 144 |  Time(s) 0.0135 | RobustPrompt-T Loss 0.1078  
Epoch 145 |  Time(s) 0.0138 | RobustPrompt-T Loss 0.1031  
Epoch 146 |  Time(s) 0.0138 | RobustPrompt-T Loss 0.1020  
Epoch 147 |  Time(s) 0.0135 | RobustPrompt-T Loss 0.0981  
Epoch 148 |  Time(s) 0.0139 | RobustPrompt-T Loss 0.0957  
Epoch 149 |  Time(s) 0.0140 | RobustPrompt-T Loss 0.0919  
Epoch 150 |  Time(s) 0.0141 | RobustPrompt-T Loss 0.0889  
Epoch 151 |  Time(s) 0.0140 | RobustPrompt-T Loss 0.0944  
Epoch 152 |  Time(s) 0.0139 | RobustPrompt-T Loss 0.0926  
Epoch 153 |  Time(s) 0.0135 | RobustPrompt-T Loss 0.1002  
Epoch 154 |  Time(s) 0.0142 | RobustPrompt-T Loss 0.1094  
Epoch 155 |  Time(s) 0.0143 | RobustPrompt-T Loss 0.1137  
Epoch 156 |  Time(s) 0.0141 | RobustPrompt-T Loss 0.0914  
Epoch 157 |  Time(s) 0.0140 | RobustPrompt-T Loss 0.0824  
Epoch 158 |  Time(s) 0.0139 | RobustPrompt-T Loss 0.0774  
Epoch 159 |  Time(s) 0.0141 | RobustPrompt-T Loss 0.0824  
Epoch 160 |  Time(s) 0.0141 | RobustPrompt-T Loss 0.0739  
Epoch 161 |  Time(s) 0.0139 | RobustPrompt-T Loss 0.0710  
Epoch 162 |  Time(s) 0.0140 | RobustPrompt-T Loss 0.0744  
Epoch 163 |  Time(s) 0.0139 | RobustPrompt-T Loss 0.0721  
Epoch 164 |  Time(s) 0.0139 | RobustPrompt-T Loss 0.0652  
Epoch 165 |  Time(s) 0.0141 | RobustPrompt-T Loss 0.0667  
Epoch 166 |  Time(s) 0.0141 | RobustPrompt-T Loss 0.0669  
Epoch 167 |  Time(s) 0.0139 | RobustPrompt-T Loss 0.0628  
Epoch 168 |  Time(s) 0.0142 | RobustPrompt-T Loss 0.0637  
Epoch 169 |  Time(s) 0.0137 | RobustPrompt-T Loss 0.0643  
Epoch 170 |  Time(s) 0.0141 | RobustPrompt-T Loss 0.0613  
Epoch 171 |  Time(s) 0.0142 | RobustPrompt-T Loss 0.0624  
Epoch 172 |  Time(s) 0.0145 | RobustPrompt-T Loss 0.0634  
Epoch 173 |  Time(s) 0.0142 | RobustPrompt-T Loss 0.0617  
Epoch 174 |  Time(s) 0.0140 | RobustPrompt-T Loss 0.0601  
Epoch 175 |  Time(s) 0.0137 | RobustPrompt-T Loss 0.0593  
Epoch 176 |  Time(s) 0.0136 | RobustPrompt-T Loss 0.0592  
Epoch 177 |  Time(s) 0.0145 | RobustPrompt-T Loss 0.0591  
Epoch 178 |  Time(s) 0.0142 | RobustPrompt-T Loss 0.0615  
Epoch 179 |  Time(s) 0.0141 | RobustPrompt-T Loss 0.0585  
Epoch 180 |  Time(s) 0.0141 | RobustPrompt-T Loss 0.0583  
Epoch 181 |  Time(s) 0.0140 | RobustPrompt-T Loss 0.0596  
Epoch 182 |  Time(s) 0.0132 | RobustPrompt-T Loss 0.0583  
Epoch 183 |  Time(s) 0.0133 | RobustPrompt-T Loss 0.0637  
Epoch 184 |  Time(s) 0.0127 | RobustPrompt-T Loss 0.0642  
Epoch 185 |  Time(s) 0.0125 | RobustPrompt-T Loss 0.0687  
Epoch 186 |  Time(s) 0.0132 | RobustPrompt-T Loss 0.0630  
Epoch 187 |  Time(s) 0.0138 | RobustPrompt-T Loss 0.0638  
Epoch 188 |  Time(s) 0.0135 | RobustPrompt-T Loss 0.0529  
Epoch 189 |  Time(s) 0.0127 | RobustPrompt-T Loss 0.0532  
Epoch 190 |  Time(s) 0.0130 | RobustPrompt-T Loss 0.0580  
Epoch 191 |  Time(s) 0.0129 | RobustPrompt-T Loss 0.0528  
Epoch 192 |  Time(s) 0.0137 | RobustPrompt-T Loss 0.0534  
Epoch 193 |  Time(s) 0.0136 | RobustPrompt-T Loss 0.0534  
Epoch 194 |  Time(s) 0.0136 | RobustPrompt-T Loss 0.0520  
Epoch 195 |  Time(s) 0.0135 | RobustPrompt-T Loss 0.0507  
Epoch 196 |  Time(s) 0.0137 | RobustPrompt-T Loss 0.0563  
Epoch 197 |  Time(s) 0.0138 | RobustPrompt-T Loss 0.0535  
Epoch 198 |  Time(s) 0.0135 | RobustPrompt-T Loss 0.0525  
Epoch 199 |  Time(s) 0.0137 | RobustPrompt-T Loss 0.0518  
Epoch 200 |  Time(s) 0.0141 | RobustPrompt-T Loss 0.0501  
Final True Accuracy: 0.1561 | Macro F1 Score: 0.1506
best_loss [tensor(0.0501, device='cuda:0', grad_fn=<AddBackward0>)]
load LLC or attacked data with specified split
Successfully loaded the attack of dataname with few shot 5, split 1
Attack method : Meta_Self | Attack ptb : 0.1 | Dataset: Cora
======================
Number of graphs: 1
Number of features: 1433
Number of classes: 7

Data(x=[2708, 1433], edge_index=[2, 14378], y=[2708], train_mask=[2708], val_mask=[2708], test_mask=[2708])
===========================================================================================================
Number of nodes: 2708
Number of edges: 14378
Average node degree: 5.31
Has isolated nodes: False
Has self-loops: True
Is undirected: True
GCN(
  (conv_layers): ModuleList(
    (0): GCNConv(1433, 256)
    (1): GCNConv(256, 256)
  )
)
Successfully loaded pre-trained weights!
use RobustPrompt Tranductive
defense pt dict :  {'sim_pt': 0.3, 'degree_pt': -1, 'out_detect_pt': 0.5, 'other_pt': 'all'}
use_attention :  False
cosine_constraint :  True
pt_threshold :  0.5
filter_module :  OriginalFilter
temperature :  1.0
weight_mse 0.1
weight_kl :  0.3
weight_constraint :  0.2
run RobustPrompt-T
Epoch 001 |  Time(s) 0.0141 | RobustPrompt-T Loss 1.9481  
Epoch 002 |  Time(s) 0.0131 | RobustPrompt-T Loss 1.9314  
Epoch 003 |  Time(s) 0.0138 | RobustPrompt-T Loss 1.9281  
Epoch 004 |  Time(s) 0.0142 | RobustPrompt-T Loss 1.9128  
Epoch 005 |  Time(s) 0.0131 | RobustPrompt-T Loss 1.9081  
Epoch 006 |  Time(s) 0.0128 | RobustPrompt-T Loss 1.9034  
Epoch 007 |  Time(s) 0.0131 | RobustPrompt-T Loss 1.8839  
Epoch 008 |  Time(s) 0.0138 | RobustPrompt-T Loss 1.8733  
Epoch 009 |  Time(s) 0.0140 | RobustPrompt-T Loss 1.8592  
Epoch 010 |  Time(s) 0.0133 | RobustPrompt-T Loss 1.8588  
Epoch 011 |  Time(s) 0.0137 | RobustPrompt-T Loss 1.8309  
Epoch 012 |  Time(s) 0.0132 | RobustPrompt-T Loss 1.8088  
Epoch 013 |  Time(s) 0.0133 | RobustPrompt-T Loss 1.7786  
Epoch 014 |  Time(s) 0.0135 | RobustPrompt-T Loss 1.7788  
Epoch 015 |  Time(s) 0.0140 | RobustPrompt-T Loss 1.7430  
Epoch 016 |  Time(s) 0.0140 | RobustPrompt-T Loss 1.7379  
Epoch 017 |  Time(s) 0.0141 | RobustPrompt-T Loss 1.7205  
Epoch 018 |  Time(s) 0.0136 | RobustPrompt-T Loss 1.7285  
Epoch 019 |  Time(s) 0.0141 | RobustPrompt-T Loss 1.7263  
Epoch 020 |  Time(s) 0.0126 | RobustPrompt-T Loss 1.7351  
Epoch 021 |  Time(s) 0.0138 | RobustPrompt-T Loss 1.7845  
Epoch 022 |  Time(s) 0.0138 | RobustPrompt-T Loss 1.6751  
Epoch 023 |  Time(s) 0.0142 | RobustPrompt-T Loss 1.7190  
Epoch 024 |  Time(s) 0.0146 | RobustPrompt-T Loss 1.7350  
Epoch 025 |  Time(s) 0.0143 | RobustPrompt-T Loss 1.6439  
Epoch 026 |  Time(s) 0.0134 | RobustPrompt-T Loss 1.6466  
Epoch 027 |  Time(s) 0.0134 | RobustPrompt-T Loss 1.6406  
Epoch 028 |  Time(s) 0.0128 | RobustPrompt-T Loss 1.5941  
Epoch 029 |  Time(s) 0.0127 | RobustPrompt-T Loss 1.5838  
Epoch 030 |  Time(s) 0.0128 | RobustPrompt-T Loss 1.5376  
Epoch 031 |  Time(s) 0.0134 | RobustPrompt-T Loss 1.5515  
Epoch 032 |  Time(s) 0.0141 | RobustPrompt-T Loss 1.5229  
Epoch 033 |  Time(s) 0.0146 | RobustPrompt-T Loss 1.4492  
Epoch 034 |  Time(s) 0.0139 | RobustPrompt-T Loss 1.4559  
Epoch 035 |  Time(s) 0.0140 | RobustPrompt-T Loss 1.4076  
Epoch 036 |  Time(s) 0.0136 | RobustPrompt-T Loss 1.3614  
Epoch 037 |  Time(s) 0.0138 | RobustPrompt-T Loss 1.3389  
Epoch 038 |  Time(s) 0.0140 | RobustPrompt-T Loss 1.3320  
Epoch 039 |  Time(s) 0.0125 | RobustPrompt-T Loss 1.2773  
Epoch 040 |  Time(s) 0.0137 | RobustPrompt-T Loss 1.2504  
Epoch 041 |  Time(s) 0.0139 | RobustPrompt-T Loss 1.2275  
Epoch 042 |  Time(s) 0.0135 | RobustPrompt-T Loss 1.2014  
Epoch 043 |  Time(s) 0.0133 | RobustPrompt-T Loss 1.1528  
Epoch 044 |  Time(s) 0.0130 | RobustPrompt-T Loss 1.1028  
Epoch 045 |  Time(s) 0.0131 | RobustPrompt-T Loss 1.1044  
Epoch 046 |  Time(s) 0.0131 | RobustPrompt-T Loss 1.0677  
Epoch 047 |  Time(s) 0.0133 | RobustPrompt-T Loss 1.0296  
Epoch 048 |  Time(s) 0.0135 | RobustPrompt-T Loss 1.0222  
Epoch 049 |  Time(s) 0.0135 | RobustPrompt-T Loss 0.9691  
Epoch 050 |  Time(s) 0.0138 | RobustPrompt-T Loss 0.9560  
Epoch 051 |  Time(s) 0.0134 | RobustPrompt-T Loss 0.9071  
Epoch 052 |  Time(s) 0.0136 | RobustPrompt-T Loss 0.9226  
Epoch 053 |  Time(s) 0.0139 | RobustPrompt-T Loss 0.8796  
Epoch 054 |  Time(s) 0.0140 | RobustPrompt-T Loss 0.9234  
Epoch 055 |  Time(s) 0.0141 | RobustPrompt-T Loss 0.8524  
Epoch 056 |  Time(s) 0.0140 | RobustPrompt-T Loss 0.8204  
Epoch 057 |  Time(s) 0.0139 | RobustPrompt-T Loss 0.7926  
Epoch 058 |  Time(s) 0.0140 | RobustPrompt-T Loss 0.8108  
Epoch 059 |  Time(s) 0.0140 | RobustPrompt-T Loss 0.9118  
Epoch 060 |  Time(s) 0.0141 | RobustPrompt-T Loss 0.7672  
Epoch 061 |  Time(s) 0.0140 | RobustPrompt-T Loss 1.1205  
Epoch 062 |  Time(s) 0.0130 | RobustPrompt-T Loss 0.9543  
Epoch 063 |  Time(s) 0.0134 | RobustPrompt-T Loss 0.8570  
Epoch 064 |  Time(s) 0.0139 | RobustPrompt-T Loss 0.8686  
Epoch 065 |  Time(s) 0.0136 | RobustPrompt-T Loss 0.7335  
Epoch 066 |  Time(s) 0.0135 | RobustPrompt-T Loss 0.7373  
Epoch 067 |  Time(s) 0.0136 | RobustPrompt-T Loss 0.7801  
Epoch 068 |  Time(s) 0.0144 | RobustPrompt-T Loss 0.7416  
Epoch 069 |  Time(s) 0.0140 | RobustPrompt-T Loss 0.8075  
Epoch 070 |  Time(s) 0.0148 | RobustPrompt-T Loss 0.8500  
Epoch 071 |  Time(s) 0.0131 | RobustPrompt-T Loss 0.6552  
Epoch 072 |  Time(s) 0.0153 | RobustPrompt-T Loss 0.7229  
Epoch 073 |  Time(s) 0.0148 | RobustPrompt-T Loss 0.6518  
Epoch 074 |  Time(s) 0.0128 | RobustPrompt-T Loss 0.6972  
Epoch 075 |  Time(s) 0.0140 | RobustPrompt-T Loss 0.6222  
Epoch 076 |  Time(s) 0.0137 | RobustPrompt-T Loss 0.6695  
Epoch 077 |  Time(s) 0.0136 | RobustPrompt-T Loss 0.6135  
Epoch 078 |  Time(s) 0.0137 | RobustPrompt-T Loss 0.6476  
Epoch 079 |  Time(s) 0.0147 | RobustPrompt-T Loss 0.5846  
Epoch 080 |  Time(s) 0.0132 | RobustPrompt-T Loss 0.5797  
Epoch 081 |  Time(s) 0.0140 | RobustPrompt-T Loss 0.5992  
Epoch 082 |  Time(s) 0.0140 | RobustPrompt-T Loss 0.5541  
Epoch 083 |  Time(s) 0.0135 | RobustPrompt-T Loss 0.5681  
Epoch 084 |  Time(s) 0.0140 | RobustPrompt-T Loss 0.6061  
Epoch 085 |  Time(s) 0.0140 | RobustPrompt-T Loss 0.5379  
Epoch 086 |  Time(s) 0.0136 | RobustPrompt-T Loss 0.6736  
Epoch 087 |  Time(s) 0.0132 | RobustPrompt-T Loss 0.5842  
Epoch 088 |  Time(s) 0.0137 | RobustPrompt-T Loss 0.6287  
Epoch 089 |  Time(s) 0.0138 | RobustPrompt-T Loss 0.6048  
Epoch 090 |  Time(s) 0.0145 | RobustPrompt-T Loss 0.5420  
Epoch 091 |  Time(s) 0.0142 | RobustPrompt-T Loss 0.4979  
Epoch 092 |  Time(s) 0.0140 | RobustPrompt-T Loss 0.6416  
Epoch 093 |  Time(s) 0.0140 | RobustPrompt-T Loss 0.5530  
Epoch 094 |  Time(s) 0.0135 | RobustPrompt-T Loss 0.5595  
Epoch 095 |  Time(s) 0.0134 | RobustPrompt-T Loss 0.5770  
Epoch 096 |  Time(s) 0.0142 | RobustPrompt-T Loss 0.4827  
Epoch 097 |  Time(s) 0.0139 | RobustPrompt-T Loss 0.4621  
Epoch 098 |  Time(s) 0.0140 | RobustPrompt-T Loss 0.4947  
Epoch 099 |  Time(s) 0.0140 | RobustPrompt-T Loss 0.4481  
Epoch 100 |  Time(s) 0.0140 | RobustPrompt-T Loss 0.5204  
Epoch 101 |  Time(s) 0.0140 | RobustPrompt-T Loss 0.4382  
Epoch 102 |  Time(s) 0.0138 | RobustPrompt-T Loss 0.5745  
Epoch 103 |  Time(s) 0.0132 | RobustPrompt-T Loss 0.5209  
Epoch 104 |  Time(s) 0.0136 | RobustPrompt-T Loss 0.4693  
Epoch 105 |  Time(s) 0.0133 | RobustPrompt-T Loss 0.4710  
Epoch 106 |  Time(s) 0.0148 | RobustPrompt-T Loss 0.4588  
Epoch 107 |  Time(s) 0.0132 | RobustPrompt-T Loss 0.4393  
Epoch 108 |  Time(s) 0.0144 | RobustPrompt-T Loss 0.4877  
Epoch 109 |  Time(s) 0.0144 | RobustPrompt-T Loss 0.4719  
Epoch 110 |  Time(s) 0.0140 | RobustPrompt-T Loss 0.4408  
Epoch 111 |  Time(s) 0.0142 | RobustPrompt-T Loss 0.4164  
Epoch 112 |  Time(s) 0.0135 | RobustPrompt-T Loss 0.4822  
Epoch 113 |  Time(s) 0.0135 | RobustPrompt-T Loss 0.4522  
Epoch 114 |  Time(s) 0.0145 | RobustPrompt-T Loss 0.4353  
Epoch 115 |  Time(s) 0.0144 | RobustPrompt-T Loss 0.4085  
Epoch 116 |  Time(s) 0.0131 | RobustPrompt-T Loss 0.4551  
Epoch 117 |  Time(s) 0.0141 | RobustPrompt-T Loss 0.4128  
Epoch 118 |  Time(s) 0.0140 | RobustPrompt-T Loss 0.4511  
Epoch 119 |  Time(s) 0.0145 | RobustPrompt-T Loss 0.4289  
Epoch 120 |  Time(s) 0.0141 | RobustPrompt-T Loss 0.4094  
Epoch 121 |  Time(s) 0.0134 | RobustPrompt-T Loss 0.3823  
Epoch 122 |  Time(s) 0.0136 | RobustPrompt-T Loss 0.4460  
Epoch 123 |  Time(s) 0.0140 | RobustPrompt-T Loss 0.4064  
Epoch 124 |  Time(s) 0.0139 | RobustPrompt-T Loss 0.3929  
Epoch 125 |  Time(s) 0.0136 | RobustPrompt-T Loss 0.3683  
Epoch 126 |  Time(s) 0.0135 | RobustPrompt-T Loss 0.4113  
Epoch 127 |  Time(s) 0.0139 | RobustPrompt-T Loss 0.3866  
Epoch 128 |  Time(s) 0.0136 | RobustPrompt-T Loss 0.3839  
Epoch 129 |  Time(s) 0.0137 | RobustPrompt-T Loss 0.3561  
Epoch 130 |  Time(s) 0.0139 | RobustPrompt-T Loss 0.3853  
Epoch 131 |  Time(s) 0.0140 | RobustPrompt-T Loss 0.3731  
Epoch 132 |  Time(s) 0.0139 | RobustPrompt-T Loss 0.3606  
Epoch 133 |  Time(s) 0.0125 | RobustPrompt-T Loss 0.3338  
Epoch 134 |  Time(s) 0.0130 | RobustPrompt-T Loss 0.3886  
Epoch 135 |  Time(s) 0.0130 | RobustPrompt-T Loss 0.3752  
Epoch 136 |  Time(s) 0.0139 | RobustPrompt-T Loss 0.3198  
Epoch 137 |  Time(s) 0.0140 | RobustPrompt-T Loss 0.3116  
Epoch 138 |  Time(s) 0.0138 | RobustPrompt-T Loss 0.3425  
Epoch 139 |  Time(s) 0.0139 | RobustPrompt-T Loss 0.3178  
Epoch 140 |  Time(s) 0.0139 | RobustPrompt-T Loss 0.3802  
Epoch 141 |  Time(s) 0.0136 | RobustPrompt-T Loss 0.3915  
Epoch 142 |  Time(s) 0.0139 | RobustPrompt-T Loss 0.2824  
Epoch 143 |  Time(s) 0.0137 | RobustPrompt-T Loss 0.3283  
Epoch 144 |  Time(s) 0.0138 | RobustPrompt-T Loss 0.2566  
Epoch 145 |  Time(s) 0.0142 | RobustPrompt-T Loss 0.3205  
Epoch 146 |  Time(s) 0.0141 | RobustPrompt-T Loss 0.2522  
Epoch 147 |  Time(s) 0.0139 | RobustPrompt-T Loss 0.2877  
Epoch 148 |  Time(s) 0.0140 | RobustPrompt-T Loss 0.2342  
Epoch 149 |  Time(s) 0.0140 | RobustPrompt-T Loss 0.2650  
Epoch 150 |  Time(s) 0.0141 | RobustPrompt-T Loss 0.2334  
Epoch 151 |  Time(s) 0.0139 | RobustPrompt-T Loss 0.2370  
Epoch 152 |  Time(s) 0.0140 | RobustPrompt-T Loss 0.2475  
Epoch 153 |  Time(s) 0.0140 | RobustPrompt-T Loss 0.2082  
Epoch 154 |  Time(s) 0.0140 | RobustPrompt-T Loss 0.2525  
Epoch 155 |  Time(s) 0.0139 | RobustPrompt-T Loss 0.2001  
Epoch 156 |  Time(s) 0.0140 | RobustPrompt-T Loss 0.2722  
Epoch 157 |  Time(s) 0.0141 | RobustPrompt-T Loss 0.2420  
Epoch 158 |  Time(s) 0.0142 | RobustPrompt-T Loss 0.2257  
Epoch 159 |  Time(s) 0.0138 | RobustPrompt-T Loss 0.2342  
Epoch 160 |  Time(s) 0.0141 | RobustPrompt-T Loss 0.1962  
Epoch 161 |  Time(s) 0.0139 | RobustPrompt-T Loss 0.1753  
Epoch 162 |  Time(s) 0.0140 | RobustPrompt-T Loss 0.2259  
Epoch 163 |  Time(s) 0.0140 | RobustPrompt-T Loss 0.1859  
Epoch 164 |  Time(s) 0.0141 | RobustPrompt-T Loss 0.2387  
Epoch 165 |  Time(s) 0.0141 | RobustPrompt-T Loss 0.2438  
Epoch 166 |  Time(s) 0.0139 | RobustPrompt-T Loss 0.1605  
Epoch 167 |  Time(s) 0.0140 | RobustPrompt-T Loss 0.1913  
Epoch 168 |  Time(s) 0.0142 | RobustPrompt-T Loss 0.1406  
Epoch 169 |  Time(s) 0.0140 | RobustPrompt-T Loss 0.1904  
Epoch 170 |  Time(s) 0.0140 | RobustPrompt-T Loss 0.1352  
Epoch 171 |  Time(s) 0.0141 | RobustPrompt-T Loss 0.1577  
Epoch 172 |  Time(s) 0.0147 | RobustPrompt-T Loss 0.1339  
Epoch 173 |  Time(s) 0.0141 | RobustPrompt-T Loss 0.1461  
Epoch 174 |  Time(s) 0.0139 | RobustPrompt-T Loss 0.1427  
Epoch 175 |  Time(s) 0.0141 | RobustPrompt-T Loss 0.1288  
Epoch 176 |  Time(s) 0.0140 | RobustPrompt-T Loss 0.1373  
Epoch 177 |  Time(s) 0.0141 | RobustPrompt-T Loss 0.1168  
Epoch 178 |  Time(s) 0.0141 | RobustPrompt-T Loss 0.1413  
Epoch 179 |  Time(s) 0.0139 | RobustPrompt-T Loss 0.1189  
Epoch 180 |  Time(s) 0.0140 | RobustPrompt-T Loss 0.1228  
Epoch 181 |  Time(s) 0.0146 | RobustPrompt-T Loss 0.1237  
Epoch 182 |  Time(s) 0.0144 | RobustPrompt-T Loss 0.1326  
Epoch 183 |  Time(s) 0.0133 | RobustPrompt-T Loss 0.1271  
Epoch 184 |  Time(s) 0.0139 | RobustPrompt-T Loss 0.0997  
Epoch 185 |  Time(s) 0.0131 | RobustPrompt-T Loss 0.1319  
Epoch 186 |  Time(s) 0.0131 | RobustPrompt-T Loss 0.0974  
Epoch 187 |  Time(s) 0.0128 | RobustPrompt-T Loss 0.1076  
Epoch 188 |  Time(s) 0.0138 | RobustPrompt-T Loss 0.0940  
Epoch 189 |  Time(s) 0.0140 | RobustPrompt-T Loss 0.1143  
Epoch 190 |  Time(s) 0.0141 | RobustPrompt-T Loss 0.0917  
Epoch 191 |  Time(s) 0.0134 | RobustPrompt-T Loss 0.1007  
Epoch 192 |  Time(s) 0.0135 | RobustPrompt-T Loss 0.0921  
Epoch 193 |  Time(s) 0.0134 | RobustPrompt-T Loss 0.1034  
Epoch 194 |  Time(s) 0.0137 | RobustPrompt-T Loss 0.0979  
Epoch 195 |  Time(s) 0.0133 | RobustPrompt-T Loss 0.0840  
Epoch 196 |  Time(s) 0.0135 | RobustPrompt-T Loss 0.1156  
Epoch 197 |  Time(s) 0.0141 | RobustPrompt-T Loss 0.0826  
Epoch 198 |  Time(s) 0.0141 | RobustPrompt-T Loss 0.0867  
Epoch 199 |  Time(s) 0.0140 | RobustPrompt-T Loss 0.0808  
Epoch 200 |  Time(s) 0.0134 | RobustPrompt-T Loss 0.0845  
Final True Accuracy: 0.1483 | Macro F1 Score: 0.1410
best_loss [tensor(0.0845, device='cuda:0', grad_fn=<AddBackward0>)]
load LLC or attacked data with specified split
Successfully loaded the attack of dataname with few shot 5, split 1
Attack method : Meta_Self | Attack ptb : 0.1 | Dataset: Cora
======================
Number of graphs: 1
Number of features: 1433
Number of classes: 7

Data(x=[2708, 1433], edge_index=[2, 14378], y=[2708], train_mask=[2708], val_mask=[2708], test_mask=[2708])
===========================================================================================================
Number of nodes: 2708
Number of edges: 14378
Average node degree: 5.31
Has isolated nodes: False
Has self-loops: True
Is undirected: True
GCN(
  (conv_layers): ModuleList(
    (0): GCNConv(1433, 256)
    (1): GCNConv(256, 256)
  )
)
Successfully loaded pre-trained weights!
use RobustPrompt Tranductive
defense pt dict :  {'sim_pt': 0.3, 'degree_pt': -1, 'out_detect_pt': 0.5, 'other_pt': 'all'}
use_attention :  False
cosine_constraint :  True
pt_threshold :  0.5
filter_module :  OriginalFilter
temperature :  1.0
weight_mse 0.1
weight_kl :  0.3
weight_constraint :  0.2
run RobustPrompt-T
Epoch 001 |  Time(s) 0.0140 | RobustPrompt-T Loss 1.9441  
Epoch 002 |  Time(s) 0.0138 | RobustPrompt-T Loss 1.9289  
Epoch 003 |  Time(s) 0.0136 | RobustPrompt-T Loss 1.9459  
Epoch 004 |  Time(s) 0.0136 | RobustPrompt-T Loss 1.9112  
Epoch 005 |  Time(s) 0.0137 | RobustPrompt-T Loss 1.9187  
Epoch 006 |  Time(s) 0.0130 | RobustPrompt-T Loss 1.8977  
Epoch 007 |  Time(s) 0.0130 | RobustPrompt-T Loss 1.8911  
Epoch 008 |  Time(s) 0.0139 | RobustPrompt-T Loss 1.8811  
Epoch 009 |  Time(s) 0.0133 | RobustPrompt-T Loss 1.8703  
Epoch 010 |  Time(s) 0.0130 | RobustPrompt-T Loss 1.8541  
Epoch 011 |  Time(s) 0.0136 | RobustPrompt-T Loss 1.8315  
Epoch 012 |  Time(s) 0.0131 | RobustPrompt-T Loss 1.7939  
Epoch 013 |  Time(s) 0.0135 | RobustPrompt-T Loss 1.7780  
Epoch 014 |  Time(s) 0.0138 | RobustPrompt-T Loss 1.8092  
Epoch 015 |  Time(s) 0.0139 | RobustPrompt-T Loss 1.7392  
Epoch 016 |  Time(s) 0.0140 | RobustPrompt-T Loss 1.7255  
Epoch 017 |  Time(s) 0.0138 | RobustPrompt-T Loss 1.7403  
Epoch 018 |  Time(s) 0.0133 | RobustPrompt-T Loss 1.6995  
Epoch 019 |  Time(s) 0.0138 | RobustPrompt-T Loss 1.6899  
Epoch 020 |  Time(s) 0.0140 | RobustPrompt-T Loss 1.6832  
Epoch 021 |  Time(s) 0.0142 | RobustPrompt-T Loss 1.6610  
Epoch 022 |  Time(s) 0.0140 | RobustPrompt-T Loss 1.6481  
Epoch 023 |  Time(s) 0.0133 | RobustPrompt-T Loss 1.6532  
Epoch 024 |  Time(s) 0.0130 | RobustPrompt-T Loss 1.7449  
Epoch 025 |  Time(s) 0.0137 | RobustPrompt-T Loss 1.6689  
Epoch 026 |  Time(s) 0.0130 | RobustPrompt-T Loss 1.6443  
Epoch 027 |  Time(s) 0.0139 | RobustPrompt-T Loss 1.7236  
Epoch 028 |  Time(s) 0.0138 | RobustPrompt-T Loss 1.6216  
Epoch 029 |  Time(s) 0.0134 | RobustPrompt-T Loss 1.6361  
Epoch 030 |  Time(s) 0.0140 | RobustPrompt-T Loss 1.5859  
Epoch 031 |  Time(s) 0.0149 | RobustPrompt-T Loss 1.5486  
Epoch 032 |  Time(s) 0.0141 | RobustPrompt-T Loss 1.5827  
Epoch 033 |  Time(s) 0.0128 | RobustPrompt-T Loss 1.5361  
Epoch 034 |  Time(s) 0.0130 | RobustPrompt-T Loss 1.4231  
Epoch 035 |  Time(s) 0.0133 | RobustPrompt-T Loss 1.4944  
Epoch 036 |  Time(s) 0.0137 | RobustPrompt-T Loss 1.3899  
Epoch 037 |  Time(s) 0.0142 | RobustPrompt-T Loss 1.4398  
Epoch 038 |  Time(s) 0.0141 | RobustPrompt-T Loss 1.3964  
Epoch 039 |  Time(s) 0.0140 | RobustPrompt-T Loss 1.3546  
Epoch 040 |  Time(s) 0.0130 | RobustPrompt-T Loss 1.3499  
Epoch 041 |  Time(s) 0.0140 | RobustPrompt-T Loss 1.3401  
Epoch 042 |  Time(s) 0.0140 | RobustPrompt-T Loss 1.2957  
Epoch 043 |  Time(s) 0.0131 | RobustPrompt-T Loss 1.2944  
Epoch 044 |  Time(s) 0.0137 | RobustPrompt-T Loss 1.2225  
Epoch 045 |  Time(s) 0.0135 | RobustPrompt-T Loss 1.2554  
Epoch 046 |  Time(s) 0.0136 | RobustPrompt-T Loss 1.2099  
Epoch 047 |  Time(s) 0.0137 | RobustPrompt-T Loss 1.2008  
Epoch 048 |  Time(s) 0.0133 | RobustPrompt-T Loss 1.1566  
Epoch 049 |  Time(s) 0.0138 | RobustPrompt-T Loss 1.1601  
Epoch 050 |  Time(s) 0.0138 | RobustPrompt-T Loss 1.1308  
Epoch 051 |  Time(s) 0.0138 | RobustPrompt-T Loss 1.1300  
Epoch 052 |  Time(s) 0.0144 | RobustPrompt-T Loss 1.0785  
Epoch 053 |  Time(s) 0.0140 | RobustPrompt-T Loss 1.0898  
Epoch 054 |  Time(s) 0.0143 | RobustPrompt-T Loss 1.0490  
Epoch 055 |  Time(s) 0.0130 | RobustPrompt-T Loss 1.0364  
Epoch 056 |  Time(s) 0.0139 | RobustPrompt-T Loss 1.0169  
Epoch 057 |  Time(s) 0.0125 | RobustPrompt-T Loss 0.9916  
Epoch 058 |  Time(s) 0.0130 | RobustPrompt-T Loss 0.9676  
Epoch 059 |  Time(s) 0.0131 | RobustPrompt-T Loss 0.9466  
Epoch 060 |  Time(s) 0.0130 | RobustPrompt-T Loss 0.9456  
Epoch 061 |  Time(s) 0.0134 | RobustPrompt-T Loss 0.9504  
Epoch 062 |  Time(s) 0.0139 | RobustPrompt-T Loss 0.9602  
Epoch 063 |  Time(s) 0.0139 | RobustPrompt-T Loss 0.8989  
Epoch 064 |  Time(s) 0.0133 | RobustPrompt-T Loss 0.8452  
Epoch 065 |  Time(s) 0.0135 | RobustPrompt-T Loss 0.8233  
Epoch 066 |  Time(s) 0.0135 | RobustPrompt-T Loss 0.8212  
Epoch 067 |  Time(s) 0.0137 | RobustPrompt-T Loss 0.8702  
Epoch 068 |  Time(s) 0.0138 | RobustPrompt-T Loss 0.8146  
Epoch 069 |  Time(s) 0.0136 | RobustPrompt-T Loss 0.7475  
Epoch 070 |  Time(s) 0.0136 | RobustPrompt-T Loss 0.7108  
Epoch 071 |  Time(s) 0.0139 | RobustPrompt-T Loss 0.7080  
Epoch 072 |  Time(s) 0.0134 | RobustPrompt-T Loss 0.7043  
Epoch 073 |  Time(s) 0.0138 | RobustPrompt-T Loss 0.7765  
Epoch 074 |  Time(s) 0.0139 | RobustPrompt-T Loss 0.6301  
Epoch 075 |  Time(s) 0.0142 | RobustPrompt-T Loss 0.7111  
Epoch 076 |  Time(s) 0.0138 | RobustPrompt-T Loss 0.6228  
Epoch 077 |  Time(s) 0.0140 | RobustPrompt-T Loss 0.6073  
Epoch 078 |  Time(s) 0.0140 | RobustPrompt-T Loss 0.6389  
Epoch 079 |  Time(s) 0.0139 | RobustPrompt-T Loss 0.5648  
Epoch 080 |  Time(s) 0.0136 | RobustPrompt-T Loss 0.5787  
Epoch 081 |  Time(s) 0.0139 | RobustPrompt-T Loss 0.5331  
Epoch 082 |  Time(s) 0.0141 | RobustPrompt-T Loss 0.5281  
Epoch 083 |  Time(s) 0.0135 | RobustPrompt-T Loss 0.5598  
Epoch 084 |  Time(s) 0.0140 | RobustPrompt-T Loss 0.4725  
Epoch 085 |  Time(s) 0.0134 | RobustPrompt-T Loss 0.6537  
Epoch 086 |  Time(s) 0.0136 | RobustPrompt-T Loss 0.4571  
Epoch 087 |  Time(s) 0.0135 | RobustPrompt-T Loss 0.6960  
Epoch 088 |  Time(s) 0.0138 | RobustPrompt-T Loss 0.5243  
Epoch 089 |  Time(s) 0.0136 | RobustPrompt-T Loss 0.5830  
Epoch 090 |  Time(s) 0.0135 | RobustPrompt-T Loss 0.5817  
Epoch 091 |  Time(s) 0.0136 | RobustPrompt-T Loss 0.4194  
Epoch 092 |  Time(s) 0.0139 | RobustPrompt-T Loss 0.4419  
Epoch 093 |  Time(s) 0.0142 | RobustPrompt-T Loss 0.4639  
Epoch 094 |  Time(s) 0.0139 | RobustPrompt-T Loss 0.3774  
Epoch 095 |  Time(s) 0.0134 | RobustPrompt-T Loss 0.4281  
Epoch 096 |  Time(s) 0.0136 | RobustPrompt-T Loss 0.3666  
Epoch 097 |  Time(s) 0.0142 | RobustPrompt-T Loss 0.3917  
Epoch 098 |  Time(s) 0.0141 | RobustPrompt-T Loss 0.3261  
Epoch 099 |  Time(s) 0.0135 | RobustPrompt-T Loss 0.3287  
Epoch 100 |  Time(s) 0.0135 | RobustPrompt-T Loss 0.2945  
Epoch 101 |  Time(s) 0.0138 | RobustPrompt-T Loss 0.3158  
Epoch 102 |  Time(s) 0.0138 | RobustPrompt-T Loss 0.3049  
Epoch 103 |  Time(s) 0.0141 | RobustPrompt-T Loss 0.2824  
Epoch 104 |  Time(s) 0.0139 | RobustPrompt-T Loss 0.2614  
Epoch 105 |  Time(s) 0.0140 | RobustPrompt-T Loss 0.2735  
Epoch 106 |  Time(s) 0.0142 | RobustPrompt-T Loss 0.2432  
Epoch 107 |  Time(s) 0.0142 | RobustPrompt-T Loss 0.2875  
Epoch 108 |  Time(s) 0.0140 | RobustPrompt-T Loss 0.3034  
Epoch 109 |  Time(s) 0.0137 | RobustPrompt-T Loss 0.2533  
Epoch 110 |  Time(s) 0.0142 | RobustPrompt-T Loss 0.3444  
Epoch 111 |  Time(s) 0.0142 | RobustPrompt-T Loss 0.2704  
Epoch 112 |  Time(s) 0.0141 | RobustPrompt-T Loss 0.3301  
Epoch 113 |  Time(s) 0.0138 | RobustPrompt-T Loss 0.3674  
Epoch 114 |  Time(s) 0.0142 | RobustPrompt-T Loss 0.2125  
Epoch 115 |  Time(s) 0.0140 | RobustPrompt-T Loss 0.3281  
Epoch 116 |  Time(s) 0.0141 | RobustPrompt-T Loss 0.2504  
Epoch 117 |  Time(s) 0.0140 | RobustPrompt-T Loss 0.2864  
Epoch 118 |  Time(s) 0.0136 | RobustPrompt-T Loss 0.2807  
Epoch 119 |  Time(s) 0.0141 | RobustPrompt-T Loss 0.2124  
Epoch 120 |  Time(s) 0.0139 | RobustPrompt-T Loss 0.2520  
Epoch 121 |  Time(s) 0.0135 | RobustPrompt-T Loss 0.1967  
Epoch 122 |  Time(s) 0.0139 | RobustPrompt-T Loss 0.2231  
Epoch 123 |  Time(s) 0.0141 | RobustPrompt-T Loss 0.1974  
Epoch 124 |  Time(s) 0.0139 | RobustPrompt-T Loss 0.2023  
Epoch 125 |  Time(s) 0.0138 | RobustPrompt-T Loss 0.1989  
Epoch 126 |  Time(s) 0.0141 | RobustPrompt-T Loss 0.1814  
Epoch 127 |  Time(s) 0.0138 | RobustPrompt-T Loss 0.1908  
Epoch 128 |  Time(s) 0.0139 | RobustPrompt-T Loss 0.1731  
Epoch 129 |  Time(s) 0.0135 | RobustPrompt-T Loss 0.1706  
Epoch 130 |  Time(s) 0.0136 | RobustPrompt-T Loss 0.1682  
Epoch 131 |  Time(s) 0.0139 | RobustPrompt-T Loss 0.1597  
Epoch 132 |  Time(s) 0.0141 | RobustPrompt-T Loss 0.1638  
Epoch 133 |  Time(s) 0.0135 | RobustPrompt-T Loss 0.1508  
Epoch 134 |  Time(s) 0.0141 | RobustPrompt-T Loss 0.1445  
Epoch 135 |  Time(s) 0.0138 | RobustPrompt-T Loss 0.1505  
Epoch 136 |  Time(s) 0.0137 | RobustPrompt-T Loss 0.1352  
Epoch 137 |  Time(s) 0.0139 | RobustPrompt-T Loss 0.1374  
Epoch 138 |  Time(s) 0.0135 | RobustPrompt-T Loss 0.1288  
Epoch 139 |  Time(s) 0.0137 | RobustPrompt-T Loss 0.1268  
Epoch 140 |  Time(s) 0.0139 | RobustPrompt-T Loss 0.1253  
Epoch 141 |  Time(s) 0.0139 | RobustPrompt-T Loss 0.1193  
Epoch 142 |  Time(s) 0.0136 | RobustPrompt-T Loss 0.1174  
Epoch 143 |  Time(s) 0.0138 | RobustPrompt-T Loss 0.1136  
Epoch 144 |  Time(s) 0.0137 | RobustPrompt-T Loss 0.1121  
Epoch 145 |  Time(s) 0.0140 | RobustPrompt-T Loss 0.1087  
Epoch 146 |  Time(s) 0.0140 | RobustPrompt-T Loss 0.1090  
Epoch 147 |  Time(s) 0.0136 | RobustPrompt-T Loss 0.1034  
Epoch 148 |  Time(s) 0.0138 | RobustPrompt-T Loss 0.1050  
Epoch 149 |  Time(s) 0.0139 | RobustPrompt-T Loss 0.0989  
Epoch 150 |  Time(s) 0.0138 | RobustPrompt-T Loss 0.0984  
Epoch 151 |  Time(s) 0.0139 | RobustPrompt-T Loss 0.0937  
Epoch 152 |  Time(s) 0.0139 | RobustPrompt-T Loss 0.0934  
Epoch 153 |  Time(s) 0.0136 | RobustPrompt-T Loss 0.0933  
Epoch 154 |  Time(s) 0.0147 | RobustPrompt-T Loss 0.0890  
Epoch 155 |  Time(s) 0.0147 | RobustPrompt-T Loss 0.0873  
Epoch 156 |  Time(s) 0.0135 | RobustPrompt-T Loss 0.0867  
Epoch 157 |  Time(s) 0.0137 | RobustPrompt-T Loss 0.0834  
Epoch 158 |  Time(s) 0.0142 | RobustPrompt-T Loss 0.0839  
Epoch 159 |  Time(s) 0.0141 | RobustPrompt-T Loss 0.0796  
Epoch 160 |  Time(s) 0.0140 | RobustPrompt-T Loss 0.0793  
Epoch 161 |  Time(s) 0.0136 | RobustPrompt-T Loss 0.0824  
Epoch 162 |  Time(s) 0.0140 | RobustPrompt-T Loss 0.0752  
Epoch 163 |  Time(s) 0.0144 | RobustPrompt-T Loss 0.0760  
Epoch 164 |  Time(s) 0.0141 | RobustPrompt-T Loss 0.0791  
Epoch 165 |  Time(s) 0.0140 | RobustPrompt-T Loss 0.0740  
Epoch 166 |  Time(s) 0.0140 | RobustPrompt-T Loss 0.0790  
Epoch 167 |  Time(s) 0.0138 | RobustPrompt-T Loss 0.0723  
Epoch 168 |  Time(s) 0.0142 | RobustPrompt-T Loss 0.0743  
Epoch 169 |  Time(s) 0.0141 | RobustPrompt-T Loss 0.0725  
Epoch 170 |  Time(s) 0.0139 | RobustPrompt-T Loss 0.0709  
Epoch 171 |  Time(s) 0.0138 | RobustPrompt-T Loss 0.0695  
Epoch 172 |  Time(s) 0.0142 | RobustPrompt-T Loss 0.0703  
Epoch 173 |  Time(s) 0.0140 | RobustPrompt-T Loss 0.0683  
Epoch 174 |  Time(s) 0.0137 | RobustPrompt-T Loss 0.0660  
Epoch 175 |  Time(s) 0.0144 | RobustPrompt-T Loss 0.0645  
Epoch 176 |  Time(s) 0.0141 | RobustPrompt-T Loss 0.0660  
Epoch 177 |  Time(s) 0.0140 | RobustPrompt-T Loss 0.0630  
Epoch 178 |  Time(s) 0.0138 | RobustPrompt-T Loss 0.0613  
Epoch 179 |  Time(s) 0.0139 | RobustPrompt-T Loss 0.0675  
Epoch 180 |  Time(s) 0.0143 | RobustPrompt-T Loss 0.0622  
Epoch 181 |  Time(s) 0.0141 | RobustPrompt-T Loss 0.0604  
Epoch 182 |  Time(s) 0.0139 | RobustPrompt-T Loss 0.0597  
Epoch 183 |  Time(s) 0.0141 | RobustPrompt-T Loss 0.0595  
Epoch 184 |  Time(s) 0.0140 | RobustPrompt-T Loss 0.0595  
Epoch 185 |  Time(s) 0.0136 | RobustPrompt-T Loss 0.0609  
Epoch 186 |  Time(s) 0.0143 | RobustPrompt-T Loss 0.0567  
Epoch 187 |  Time(s) 0.0142 | RobustPrompt-T Loss 0.0570  
Epoch 188 |  Time(s) 0.0140 | RobustPrompt-T Loss 0.0559  
Epoch 189 |  Time(s) 0.0140 | RobustPrompt-T Loss 0.0572  
Epoch 190 |  Time(s) 0.0140 | RobustPrompt-T Loss 0.0553  
Epoch 191 |  Time(s) 0.0141 | RobustPrompt-T Loss 0.0546  
Epoch 192 |  Time(s) 0.0140 | RobustPrompt-T Loss 0.0532  
Epoch 193 |  Time(s) 0.0136 | RobustPrompt-T Loss 0.0536  
Epoch 194 |  Time(s) 0.0138 | RobustPrompt-T Loss 0.0532  
Epoch 195 |  Time(s) 0.0140 | RobustPrompt-T Loss 0.0515  
Epoch 196 |  Time(s) 0.0141 | RobustPrompt-T Loss 0.0507  
Epoch 197 |  Time(s) 0.0141 | RobustPrompt-T Loss 0.0496  
Epoch 198 |  Time(s) 0.0143 | RobustPrompt-T Loss 0.0507  
Epoch 199 |  Time(s) 0.0140 | RobustPrompt-T Loss 0.0494  
Epoch 200 |  Time(s) 0.0135 | RobustPrompt-T Loss 0.0493  
Final True Accuracy: 0.1678 | Macro F1 Score: 0.1700
best_loss [tensor(0.0493, device='cuda:0', grad_fn=<AddBackward0>)]
load LLC or attacked data with specified split
Successfully loaded the attack of dataname with few shot 5, split 1
Attack method : Meta_Self | Attack ptb : 0.1 | Dataset: Cora
======================
Number of graphs: 1
Number of features: 1433
Number of classes: 7

Data(x=[2708, 1433], edge_index=[2, 14378], y=[2708], train_mask=[2708], val_mask=[2708], test_mask=[2708])
===========================================================================================================
Number of nodes: 2708
Number of edges: 14378
Average node degree: 5.31
Has isolated nodes: False
Has self-loops: True
Is undirected: True
GCN(
  (conv_layers): ModuleList(
    (0): GCNConv(1433, 256)
    (1): GCNConv(256, 256)
  )
)
Successfully loaded pre-trained weights!
use RobustPrompt Tranductive
defense pt dict :  {'sim_pt': 0.3, 'degree_pt': -1, 'out_detect_pt': 0.5, 'other_pt': 'all'}
use_attention :  False
cosine_constraint :  True
pt_threshold :  0.5
filter_module :  OriginalFilter
temperature :  1.0
weight_mse 0.1
weight_kl :  0.3
weight_constraint :  0.2
run RobustPrompt-T
Epoch 001 |  Time(s) 0.0147 | RobustPrompt-T Loss 1.9459  
Epoch 002 |  Time(s) 0.0144 | RobustPrompt-T Loss 1.9374  
Epoch 003 |  Time(s) 0.0140 | RobustPrompt-T Loss 1.9193  
Epoch 004 |  Time(s) 0.0136 | RobustPrompt-T Loss 1.9135  
Epoch 005 |  Time(s) 0.0139 | RobustPrompt-T Loss 1.8979  
Epoch 006 |  Time(s) 0.0136 | RobustPrompt-T Loss 1.8771  
Epoch 007 |  Time(s) 0.0137 | RobustPrompt-T Loss 1.8609  
Epoch 008 |  Time(s) 0.0137 | RobustPrompt-T Loss 1.8545  
Epoch 009 |  Time(s) 0.0142 | RobustPrompt-T Loss 1.8102  
Epoch 010 |  Time(s) 0.0137 | RobustPrompt-T Loss 1.7887  
Epoch 011 |  Time(s) 0.0137 | RobustPrompt-T Loss 1.7801  
Epoch 012 |  Time(s) 0.0137 | RobustPrompt-T Loss 1.8098  
Epoch 013 |  Time(s) 0.0140 | RobustPrompt-T Loss 1.8258  
Epoch 014 |  Time(s) 0.0142 | RobustPrompt-T Loss 1.7712  
Epoch 015 |  Time(s) 0.0144 | RobustPrompt-T Loss 1.7907  
Epoch 016 |  Time(s) 0.0143 | RobustPrompt-T Loss 1.7381  
Epoch 017 |  Time(s) 0.0138 | RobustPrompt-T Loss 1.7415  
Epoch 018 |  Time(s) 0.0142 | RobustPrompt-T Loss 1.7442  
Epoch 019 |  Time(s) 0.0142 | RobustPrompt-T Loss 1.7177  
Epoch 020 |  Time(s) 0.0141 | RobustPrompt-T Loss 1.7148  
Epoch 021 |  Time(s) 0.0139 | RobustPrompt-T Loss 1.7004  
Epoch 022 |  Time(s) 0.0137 | RobustPrompt-T Loss 1.7086  
Epoch 023 |  Time(s) 0.0138 | RobustPrompt-T Loss 1.7044  
Epoch 024 |  Time(s) 0.0143 | RobustPrompt-T Loss 1.6677  
Epoch 025 |  Time(s) 0.0142 | RobustPrompt-T Loss 1.6383  
Epoch 026 |  Time(s) 0.0138 | RobustPrompt-T Loss 1.6255  
Epoch 027 |  Time(s) 0.0140 | RobustPrompt-T Loss 1.5922  
Epoch 028 |  Time(s) 0.0139 | RobustPrompt-T Loss 1.6215  
Epoch 029 |  Time(s) 0.0141 | RobustPrompt-T Loss 1.6321  
Epoch 030 |  Time(s) 0.0140 | RobustPrompt-T Loss 1.6707  
Epoch 031 |  Time(s) 0.0140 | RobustPrompt-T Loss 1.5344  
Epoch 032 |  Time(s) 0.0142 | RobustPrompt-T Loss 1.6011  
Epoch 033 |  Time(s) 0.0142 | RobustPrompt-T Loss 1.4903  
Epoch 034 |  Time(s) 0.0141 | RobustPrompt-T Loss 1.5049  
Epoch 035 |  Time(s) 0.0136 | RobustPrompt-T Loss 1.5216  
Epoch 036 |  Time(s) 0.0134 | RobustPrompt-T Loss 1.4451  
Epoch 037 |  Time(s) 0.0138 | RobustPrompt-T Loss 1.5017  
Epoch 038 |  Time(s) 0.0138 | RobustPrompt-T Loss 1.4032  
Epoch 039 |  Time(s) 0.0137 | RobustPrompt-T Loss 1.5018  
Epoch 040 |  Time(s) 0.0142 | RobustPrompt-T Loss 1.5146  
Epoch 041 |  Time(s) 0.0141 | RobustPrompt-T Loss 1.2898  
Epoch 042 |  Time(s) 0.0137 | RobustPrompt-T Loss 1.4242  
Epoch 043 |  Time(s) 0.0143 | RobustPrompt-T Loss 1.2544  
Epoch 044 |  Time(s) 0.0142 | RobustPrompt-T Loss 1.3346  
Epoch 045 |  Time(s) 0.0140 | RobustPrompt-T Loss 1.2361  
Epoch 046 |  Time(s) 0.0137 | RobustPrompt-T Loss 1.1851  
Epoch 047 |  Time(s) 0.0139 | RobustPrompt-T Loss 1.2527  
Epoch 048 |  Time(s) 0.0140 | RobustPrompt-T Loss 1.1297  
Epoch 049 |  Time(s) 0.0139 | RobustPrompt-T Loss 1.2437  
Epoch 050 |  Time(s) 0.0144 | RobustPrompt-T Loss 1.1281  
Epoch 051 |  Time(s) 0.0139 | RobustPrompt-T Loss 1.1561  
Epoch 052 |  Time(s) 0.0140 | RobustPrompt-T Loss 1.2805  
Epoch 053 |  Time(s) 0.0141 | RobustPrompt-T Loss 1.1353  
Epoch 054 |  Time(s) 0.0140 | RobustPrompt-T Loss 1.1648  
Epoch 055 |  Time(s) 0.0141 | RobustPrompt-T Loss 1.1899  
Epoch 056 |  Time(s) 0.0140 | RobustPrompt-T Loss 1.0982  
Epoch 057 |  Time(s) 0.0141 | RobustPrompt-T Loss 0.9995  
Epoch 058 |  Time(s) 0.0140 | RobustPrompt-T Loss 1.2431  
Epoch 059 |  Time(s) 0.0140 | RobustPrompt-T Loss 1.0994  
Epoch 060 |  Time(s) 0.0139 | RobustPrompt-T Loss 0.9858  
Epoch 061 |  Time(s) 0.0139 | RobustPrompt-T Loss 0.9521  
Epoch 062 |  Time(s) 0.0141 | RobustPrompt-T Loss 0.9199  
Epoch 063 |  Time(s) 0.0141 | RobustPrompt-T Loss 0.8521  
Epoch 064 |  Time(s) 0.0139 | RobustPrompt-T Loss 1.0168  
Epoch 065 |  Time(s) 0.0140 | RobustPrompt-T Loss 0.9163  
Epoch 066 |  Time(s) 0.0140 | RobustPrompt-T Loss 0.8546  
Epoch 067 |  Time(s) 0.0141 | RobustPrompt-T Loss 0.8498  
Epoch 068 |  Time(s) 0.0139 | RobustPrompt-T Loss 0.8070  
Epoch 069 |  Time(s) 0.0141 | RobustPrompt-T Loss 0.7796  
Epoch 070 |  Time(s) 0.0141 | RobustPrompt-T Loss 0.7557  
Epoch 071 |  Time(s) 0.0140 | RobustPrompt-T Loss 0.7416  
Epoch 072 |  Time(s) 0.0140 | RobustPrompt-T Loss 0.7141  
Epoch 073 |  Time(s) 0.0140 | RobustPrompt-T Loss 0.6853  
Epoch 074 |  Time(s) 0.0141 | RobustPrompt-T Loss 0.6908  
Epoch 075 |  Time(s) 0.0145 | RobustPrompt-T Loss 0.6764  
Epoch 076 |  Time(s) 0.0139 | RobustPrompt-T Loss 0.6660  
Epoch 077 |  Time(s) 0.0146 | RobustPrompt-T Loss 0.6323  
Epoch 078 |  Time(s) 0.0145 | RobustPrompt-T Loss 0.6006  
Epoch 079 |  Time(s) 0.0142 | RobustPrompt-T Loss 0.5797  
Epoch 080 |  Time(s) 0.0137 | RobustPrompt-T Loss 0.5826  
Epoch 081 |  Time(s) 0.0136 | RobustPrompt-T Loss 0.5579  
Epoch 082 |  Time(s) 0.0137 | RobustPrompt-T Loss 0.5570  
Epoch 083 |  Time(s) 0.0138 | RobustPrompt-T Loss 0.5256  
Epoch 084 |  Time(s) 0.0135 | RobustPrompt-T Loss 0.5554  
Epoch 085 |  Time(s) 0.0138 | RobustPrompt-T Loss 0.4879  
Epoch 086 |  Time(s) 0.0139 | RobustPrompt-T Loss 0.5167  
Epoch 087 |  Time(s) 0.0141 | RobustPrompt-T Loss 0.4611  
Epoch 088 |  Time(s) 0.0143 | RobustPrompt-T Loss 0.5071  
Epoch 089 |  Time(s) 0.0146 | RobustPrompt-T Loss 0.4362  
Epoch 090 |  Time(s) 0.0142 | RobustPrompt-T Loss 0.4363  
Epoch 091 |  Time(s) 0.0138 | RobustPrompt-T Loss 0.4533  
Epoch 092 |  Time(s) 0.0140 | RobustPrompt-T Loss 0.4367  
Epoch 093 |  Time(s) 0.0140 | RobustPrompt-T Loss 0.4231  
Epoch 094 |  Time(s) 0.0143 | RobustPrompt-T Loss 0.4029  
Epoch 095 |  Time(s) 0.0145 | RobustPrompt-T Loss 0.4211  
Epoch 096 |  Time(s) 0.0144 | RobustPrompt-T Loss 0.4030  
Epoch 097 |  Time(s) 0.0142 | RobustPrompt-T Loss 0.3743  
Epoch 098 |  Time(s) 0.0140 | RobustPrompt-T Loss 0.4115  
Epoch 099 |  Time(s) 0.0138 | RobustPrompt-T Loss 0.3610  
Epoch 100 |  Time(s) 0.0139 | RobustPrompt-T Loss 0.3577  
Epoch 101 |  Time(s) 0.0142 | RobustPrompt-T Loss 0.3874  
Epoch 102 |  Time(s) 0.0147 | RobustPrompt-T Loss 0.3406  
Epoch 103 |  Time(s) 0.0144 | RobustPrompt-T Loss 0.3282  
Epoch 104 |  Time(s) 0.0141 | RobustPrompt-T Loss 0.3604  
Epoch 105 |  Time(s) 0.0137 | RobustPrompt-T Loss 0.3376  
Epoch 106 |  Time(s) 0.0144 | RobustPrompt-T Loss 0.3111  
Epoch 107 |  Time(s) 0.0144 | RobustPrompt-T Loss 0.3277  
Epoch 108 |  Time(s) 0.0141 | RobustPrompt-T Loss 0.3110  
Epoch 109 |  Time(s) 0.0142 | RobustPrompt-T Loss 0.3014  
Epoch 110 |  Time(s) 0.0148 | RobustPrompt-T Loss 0.2851  
Epoch 111 |  Time(s) 0.0142 | RobustPrompt-T Loss 0.2711  
Epoch 112 |  Time(s) 0.0139 | RobustPrompt-T Loss 0.2858  
Epoch 113 |  Time(s) 0.0139 | RobustPrompt-T Loss 0.2748  
Epoch 114 |  Time(s) 0.0143 | RobustPrompt-T Loss 0.2497  
Epoch 115 |  Time(s) 0.0147 | RobustPrompt-T Loss 0.2446  
Epoch 116 |  Time(s) 0.0143 | RobustPrompt-T Loss 0.2346  
Epoch 117 |  Time(s) 0.0141 | RobustPrompt-T Loss 0.2390  
Epoch 118 |  Time(s) 0.0136 | RobustPrompt-T Loss 0.2288  
Epoch 119 |  Time(s) 0.0144 | RobustPrompt-T Loss 0.2226  
Epoch 120 |  Time(s) 0.0146 | RobustPrompt-T Loss 0.1971  
Epoch 121 |  Time(s) 0.0143 | RobustPrompt-T Loss 0.1936  
Epoch 122 |  Time(s) 0.0141 | RobustPrompt-T Loss 0.1883  
Epoch 123 |  Time(s) 0.0138 | RobustPrompt-T Loss 0.1795  
Epoch 124 |  Time(s) 0.0143 | RobustPrompt-T Loss 0.1724  
Epoch 125 |  Time(s) 0.0146 | RobustPrompt-T Loss 0.1624  
Epoch 126 |  Time(s) 0.0143 | RobustPrompt-T Loss 0.1546  
Epoch 127 |  Time(s) 0.0138 | RobustPrompt-T Loss 0.1669  
Epoch 128 |  Time(s) 0.0144 | RobustPrompt-T Loss 0.1612  
Epoch 129 |  Time(s) 0.0145 | RobustPrompt-T Loss 0.1581  
Epoch 130 |  Time(s) 0.0141 | RobustPrompt-T Loss 0.1406  
Epoch 131 |  Time(s) 0.0141 | RobustPrompt-T Loss 0.1301  
Epoch 132 |  Time(s) 0.0143 | RobustPrompt-T Loss 0.1325  
Epoch 133 |  Time(s) 0.0140 | RobustPrompt-T Loss 0.1313  
Epoch 134 |  Time(s) 0.0139 | RobustPrompt-T Loss 0.1207  
Epoch 135 |  Time(s) 0.0139 | RobustPrompt-T Loss 0.1165  
Epoch 136 |  Time(s) 0.0133 | RobustPrompt-T Loss 0.1116  
Epoch 137 |  Time(s) 0.0138 | RobustPrompt-T Loss 0.1139  
Epoch 138 |  Time(s) 0.0136 | RobustPrompt-T Loss 0.1168  
Epoch 139 |  Time(s) 0.0136 | RobustPrompt-T Loss 0.1048  
Epoch 140 |  Time(s) 0.0137 | RobustPrompt-T Loss 0.0984  
Epoch 141 |  Time(s) 0.0143 | RobustPrompt-T Loss 0.0960  
Epoch 142 |  Time(s) 0.0136 | RobustPrompt-T Loss 0.0975  
Epoch 143 |  Time(s) 0.0142 | RobustPrompt-T Loss 0.1061  
Epoch 144 |  Time(s) 0.0146 | RobustPrompt-T Loss 0.1034  
Epoch 145 |  Time(s) 0.0142 | RobustPrompt-T Loss 0.1168  
Epoch 146 |  Time(s) 0.0142 | RobustPrompt-T Loss 0.0991  
Epoch 147 |  Time(s) 0.0139 | RobustPrompt-T Loss 0.0935  
Epoch 148 |  Time(s) 0.0137 | RobustPrompt-T Loss 0.0933  
Epoch 149 |  Time(s) 0.0139 | RobustPrompt-T Loss 0.0949  
Epoch 150 |  Time(s) 0.0143 | RobustPrompt-T Loss 0.0910  
Epoch 151 |  Time(s) 0.0143 | RobustPrompt-T Loss 0.0803  
Epoch 152 |  Time(s) 0.0141 | RobustPrompt-T Loss 0.0800  
Epoch 153 |  Time(s) 0.0144 | RobustPrompt-T Loss 0.0853  
Epoch 154 |  Time(s) 0.0142 | RobustPrompt-T Loss 0.0801  
Epoch 155 |  Time(s) 0.0138 | RobustPrompt-T Loss 0.0768  
Epoch 156 |  Time(s) 0.0136 | RobustPrompt-T Loss 0.0812  
Epoch 157 |  Time(s) 0.0145 | RobustPrompt-T Loss 0.0758  
Epoch 158 |  Time(s) 0.0145 | RobustPrompt-T Loss 0.0765  
Epoch 159 |  Time(s) 0.0145 | RobustPrompt-T Loss 0.0733  
Epoch 160 |  Time(s) 0.0141 | RobustPrompt-T Loss 0.0731  
Epoch 161 |  Time(s) 0.0143 | RobustPrompt-T Loss 0.0732  
Epoch 162 |  Time(s) 0.0141 | RobustPrompt-T Loss 0.0721  
Epoch 163 |  Time(s) 0.0137 | RobustPrompt-T Loss 0.0692  
Epoch 164 |  Time(s) 0.0140 | RobustPrompt-T Loss 0.0721  
Epoch 165 |  Time(s) 0.0139 | RobustPrompt-T Loss 0.0667  
Epoch 166 |  Time(s) 0.0146 | RobustPrompt-T Loss 0.0654  
Epoch 167 |  Time(s) 0.0138 | RobustPrompt-T Loss 0.0706  
Epoch 168 |  Time(s) 0.0135 | RobustPrompt-T Loss 0.0658  
Epoch 169 |  Time(s) 0.0146 | RobustPrompt-T Loss 0.0671  
Epoch 170 |  Time(s) 0.0139 | RobustPrompt-T Loss 0.0656  
Epoch 171 |  Time(s) 0.0140 | RobustPrompt-T Loss 0.0635  
Epoch 172 |  Time(s) 0.0138 | RobustPrompt-T Loss 0.0652  
Epoch 173 |  Time(s) 0.0135 | RobustPrompt-T Loss 0.0614  
Epoch 174 |  Time(s) 0.0143 | RobustPrompt-T Loss 0.0615  
Epoch 175 |  Time(s) 0.0144 | RobustPrompt-T Loss 0.0636  
Epoch 176 |  Time(s) 0.0143 | RobustPrompt-T Loss 0.0593  
Epoch 177 |  Time(s) 0.0140 | RobustPrompt-T Loss 0.0587  
Epoch 178 |  Time(s) 0.0136 | RobustPrompt-T Loss 0.0585  
Epoch 179 |  Time(s) 0.0139 | RobustPrompt-T Loss 0.0588  
Epoch 180 |  Time(s) 0.0143 | RobustPrompt-T Loss 0.0572  
Epoch 181 |  Time(s) 0.0142 | RobustPrompt-T Loss 0.0583  
Epoch 182 |  Time(s) 0.0140 | RobustPrompt-T Loss 0.0562  
Epoch 183 |  Time(s) 0.0147 | RobustPrompt-T Loss 0.0572  
Epoch 184 |  Time(s) 0.0144 | RobustPrompt-T Loss 0.0562  
Epoch 185 |  Time(s) 0.0141 | RobustPrompt-T Loss 0.0557  
Epoch 186 |  Time(s) 0.0136 | RobustPrompt-T Loss 0.0585  
Epoch 187 |  Time(s) 0.0140 | RobustPrompt-T Loss 0.0556  
Epoch 188 |  Time(s) 0.0141 | RobustPrompt-T Loss 0.0553  
Epoch 189 |  Time(s) 0.0140 | RobustPrompt-T Loss 0.0552  
Epoch 190 |  Time(s) 0.0149 | RobustPrompt-T Loss 0.0546  
Epoch 191 |  Time(s) 0.0141 | RobustPrompt-T Loss 0.0568  
Epoch 192 |  Time(s) 0.0144 | RobustPrompt-T Loss 0.0546  
Epoch 193 |  Time(s) 0.0146 | RobustPrompt-T Loss 0.0524  
Epoch 194 |  Time(s) 0.0143 | RobustPrompt-T Loss 0.0561  
Epoch 195 |  Time(s) 0.0141 | RobustPrompt-T Loss 0.0588  
Epoch 196 |  Time(s) 0.0140 | RobustPrompt-T Loss 0.0577  
Epoch 197 |  Time(s) 0.0140 | RobustPrompt-T Loss 0.0524  
Epoch 198 |  Time(s) 0.0145 | RobustPrompt-T Loss 0.0518  
Epoch 199 |  Time(s) 0.0144 | RobustPrompt-T Loss 0.0543  
Epoch 200 |  Time(s) 0.0146 | RobustPrompt-T Loss 0.0503  
Final True Accuracy: 0.1782 | Macro F1 Score: 0.1596
best_loss [tensor(0.0503, device='cuda:0', grad_fn=<AddBackward0>)]
load LLC or attacked data with specified split
Successfully loaded the attack of dataname with few shot 5, split 1
Attack method : Meta_Self | Attack ptb : 0.1 | Dataset: Cora
======================
Number of graphs: 1
Number of features: 1433
Number of classes: 7

Data(x=[2708, 1433], edge_index=[2, 14378], y=[2708], train_mask=[2708], val_mask=[2708], test_mask=[2708])
===========================================================================================================
Number of nodes: 2708
Number of edges: 14378
Average node degree: 5.31
Has isolated nodes: False
Has self-loops: True
Is undirected: True
GCN(
  (conv_layers): ModuleList(
    (0): GCNConv(1433, 256)
    (1): GCNConv(256, 256)
  )
)
Successfully loaded pre-trained weights!
use RobustPrompt Tranductive
defense pt dict :  {'sim_pt': 0.3, 'degree_pt': -1, 'out_detect_pt': 0.5, 'other_pt': 'all'}
use_attention :  False
cosine_constraint :  True
pt_threshold :  0.5
filter_module :  OriginalFilter
temperature :  1.0
weight_mse 0.1
weight_kl :  0.3
weight_constraint :  0.2
run RobustPrompt-T
Epoch 001 |  Time(s) 0.0164 | RobustPrompt-T Loss 1.9487  
Epoch 002 |  Time(s) 0.0145 | RobustPrompt-T Loss 1.9283  
Epoch 003 |  Time(s) 0.0139 | RobustPrompt-T Loss 1.9266  
Epoch 004 |  Time(s) 0.0142 | RobustPrompt-T Loss 1.9161  
Epoch 005 |  Time(s) 0.0141 | RobustPrompt-T Loss 1.8989  
Epoch 006 |  Time(s) 0.0142 | RobustPrompt-T Loss 1.8912  
Epoch 007 |  Time(s) 0.0146 | RobustPrompt-T Loss 1.8797  
Epoch 008 |  Time(s) 0.0145 | RobustPrompt-T Loss 1.8454  
Epoch 009 |  Time(s) 0.0141 | RobustPrompt-T Loss 1.8268  
Epoch 010 |  Time(s) 0.0144 | RobustPrompt-T Loss 1.7942  
Epoch 011 |  Time(s) 0.0139 | RobustPrompt-T Loss 1.7767  
Epoch 012 |  Time(s) 0.0143 | RobustPrompt-T Loss 1.7735  
Epoch 013 |  Time(s) 0.0142 | RobustPrompt-T Loss 1.7994  
Epoch 014 |  Time(s) 0.0142 | RobustPrompt-T Loss 1.7829  
Epoch 015 |  Time(s) 0.0146 | RobustPrompt-T Loss 1.7726  
Epoch 016 |  Time(s) 0.0144 | RobustPrompt-T Loss 1.7616  
Epoch 017 |  Time(s) 0.0146 | RobustPrompt-T Loss 1.7377  
Epoch 018 |  Time(s) 0.0144 | RobustPrompt-T Loss 1.7370  
Epoch 019 |  Time(s) 0.0145 | RobustPrompt-T Loss 1.7143  
Epoch 020 |  Time(s) 0.0144 | RobustPrompt-T Loss 1.7087  
Epoch 021 |  Time(s) 0.0142 | RobustPrompt-T Loss 1.7041  
Epoch 022 |  Time(s) 0.0140 | RobustPrompt-T Loss 1.6844  
Epoch 023 |  Time(s) 0.0145 | RobustPrompt-T Loss 1.6793  
Epoch 024 |  Time(s) 0.0145 | RobustPrompt-T Loss 1.6471  
Epoch 025 |  Time(s) 0.0141 | RobustPrompt-T Loss 1.6328  
Epoch 026 |  Time(s) 0.0145 | RobustPrompt-T Loss 1.6012  
Epoch 027 |  Time(s) 0.0141 | RobustPrompt-T Loss 1.5979  
Epoch 028 |  Time(s) 0.0143 | RobustPrompt-T Loss 1.7024  
Epoch 029 |  Time(s) 0.0140 | RobustPrompt-T Loss 1.6198  
Epoch 030 |  Time(s) 0.0139 | RobustPrompt-T Loss 1.5512  
Epoch 031 |  Time(s) 0.0145 | RobustPrompt-T Loss 1.6254  
Epoch 032 |  Time(s) 0.0145 | RobustPrompt-T Loss 1.4601  
Epoch 033 |  Time(s) 0.0147 | RobustPrompt-T Loss 1.5784  
Epoch 034 |  Time(s) 0.0140 | RobustPrompt-T Loss 1.4371  
Epoch 035 |  Time(s) 0.0140 | RobustPrompt-T Loss 1.5342  
Epoch 036 |  Time(s) 0.0141 | RobustPrompt-T Loss 1.3940  
Epoch 037 |  Time(s) 0.0141 | RobustPrompt-T Loss 1.4452  
Epoch 038 |  Time(s) 0.0142 | RobustPrompt-T Loss 1.3496  
Epoch 039 |  Time(s) 0.0145 | RobustPrompt-T Loss 1.3678  
Epoch 040 |  Time(s) 0.0142 | RobustPrompt-T Loss 1.3525  
Epoch 041 |  Time(s) 0.0140 | RobustPrompt-T Loss 1.2879  
Epoch 042 |  Time(s) 0.0139 | RobustPrompt-T Loss 1.2688  
Epoch 043 |  Time(s) 0.0144 | RobustPrompt-T Loss 1.2606  
Epoch 044 |  Time(s) 0.0146 | RobustPrompt-T Loss 1.2503  
Epoch 045 |  Time(s) 0.0144 | RobustPrompt-T Loss 1.1957  
Epoch 046 |  Time(s) 0.0138 | RobustPrompt-T Loss 1.1952  
Epoch 047 |  Time(s) 0.0139 | RobustPrompt-T Loss 1.1782  
Epoch 048 |  Time(s) 0.0143 | RobustPrompt-T Loss 1.1446  
Epoch 049 |  Time(s) 0.0142 | RobustPrompt-T Loss 1.0962  
Epoch 050 |  Time(s) 0.0144 | RobustPrompt-T Loss 1.0911  
Epoch 051 |  Time(s) 0.0144 | RobustPrompt-T Loss 1.0538  
Epoch 052 |  Time(s) 0.0148 | RobustPrompt-T Loss 1.0426  
Epoch 053 |  Time(s) 0.0144 | RobustPrompt-T Loss 1.0082  
Epoch 054 |  Time(s) 0.0141 | RobustPrompt-T Loss 1.0578  
Epoch 055 |  Time(s) 0.0140 | RobustPrompt-T Loss 1.2165  
Epoch 056 |  Time(s) 0.0147 | RobustPrompt-T Loss 0.9902  
Epoch 057 |  Time(s) 0.0143 | RobustPrompt-T Loss 1.4425  
Epoch 058 |  Time(s) 0.0141 | RobustPrompt-T Loss 1.2496  
Epoch 059 |  Time(s) 0.0138 | RobustPrompt-T Loss 1.0633  
Epoch 060 |  Time(s) 0.0146 | RobustPrompt-T Loss 1.0976  
Epoch 061 |  Time(s) 0.0145 | RobustPrompt-T Loss 0.9924  
Epoch 062 |  Time(s) 0.0146 | RobustPrompt-T Loss 0.9522  
Epoch 063 |  Time(s) 0.0141 | RobustPrompt-T Loss 1.0110  
Epoch 064 |  Time(s) 0.0143 | RobustPrompt-T Loss 0.9374  
Epoch 065 |  Time(s) 0.0141 | RobustPrompt-T Loss 0.9685  
Epoch 066 |  Time(s) 0.0139 | RobustPrompt-T Loss 0.9296  
Epoch 067 |  Time(s) 0.0140 | RobustPrompt-T Loss 0.8853  
Epoch 068 |  Time(s) 0.0142 | RobustPrompt-T Loss 0.8950  
Epoch 069 |  Time(s) 0.0145 | RobustPrompt-T Loss 0.8251  
Epoch 070 |  Time(s) 0.0143 | RobustPrompt-T Loss 0.8406  
Epoch 071 |  Time(s) 0.0146 | RobustPrompt-T Loss 0.7692  
Epoch 072 |  Time(s) 0.0144 | RobustPrompt-T Loss 0.8236  
Epoch 073 |  Time(s) 0.0142 | RobustPrompt-T Loss 0.7144  
Epoch 074 |  Time(s) 0.0144 | RobustPrompt-T Loss 0.7650  
Epoch 075 |  Time(s) 0.0140 | RobustPrompt-T Loss 0.6976  
Epoch 076 |  Time(s) 0.0140 | RobustPrompt-T Loss 0.7211  
Epoch 077 |  Time(s) 0.0144 | RobustPrompt-T Loss 0.6859  
Epoch 078 |  Time(s) 0.0148 | RobustPrompt-T Loss 0.6487  
Epoch 079 |  Time(s) 0.0143 | RobustPrompt-T Loss 0.6419  
Epoch 080 |  Time(s) 0.0146 | RobustPrompt-T Loss 0.6017  
Epoch 081 |  Time(s) 0.0144 | RobustPrompt-T Loss 0.6257  
Epoch 082 |  Time(s) 0.0145 | RobustPrompt-T Loss 0.5719  
Epoch 083 |  Time(s) 0.0144 | RobustPrompt-T Loss 0.5612  
Epoch 084 |  Time(s) 0.0146 | RobustPrompt-T Loss 0.5239  
Epoch 085 |  Time(s) 0.0136 | RobustPrompt-T Loss 0.5410  
Epoch 086 |  Time(s) 0.0145 | RobustPrompt-T Loss 0.5116  
Epoch 087 |  Time(s) 0.0142 | RobustPrompt-T Loss 0.4830  
Epoch 088 |  Time(s) 0.0142 | RobustPrompt-T Loss 0.4708  
Epoch 089 |  Time(s) 0.0146 | RobustPrompt-T Loss 0.4612  
Epoch 090 |  Time(s) 0.0143 | RobustPrompt-T Loss 0.4702  
Epoch 091 |  Time(s) 0.0139 | RobustPrompt-T Loss 0.4140  
Epoch 092 |  Time(s) 0.0141 | RobustPrompt-T Loss 0.4142  
Epoch 093 |  Time(s) 0.0140 | RobustPrompt-T Loss 0.3858  
Epoch 094 |  Time(s) 0.0140 | RobustPrompt-T Loss 0.3971  
Epoch 095 |  Time(s) 0.0138 | RobustPrompt-T Loss 0.3589  
Epoch 096 |  Time(s) 0.0142 | RobustPrompt-T Loss 0.3682  
Epoch 097 |  Time(s) 0.0140 | RobustPrompt-T Loss 0.3381  
Epoch 098 |  Time(s) 0.0141 | RobustPrompt-T Loss 0.3423  
Epoch 099 |  Time(s) 0.0141 | RobustPrompt-T Loss 0.3438  
Epoch 100 |  Time(s) 0.0139 | RobustPrompt-T Loss 0.4388  
Epoch 101 |  Time(s) 0.0140 | RobustPrompt-T Loss 0.3059  
Epoch 102 |  Time(s) 0.0139 | RobustPrompt-T Loss 0.2749  
Epoch 103 |  Time(s) 0.0139 | RobustPrompt-T Loss 0.2764  
Epoch 104 |  Time(s) 0.0140 | RobustPrompt-T Loss 0.2714  
Epoch 105 |  Time(s) 0.0142 | RobustPrompt-T Loss 0.2460  
Epoch 106 |  Time(s) 0.0144 | RobustPrompt-T Loss 0.2401  
Epoch 107 |  Time(s) 0.0143 | RobustPrompt-T Loss 0.2346  
Epoch 108 |  Time(s) 0.0141 | RobustPrompt-T Loss 0.2320  
Epoch 109 |  Time(s) 0.0140 | RobustPrompt-T Loss 0.2241  
Epoch 110 |  Time(s) 0.0142 | RobustPrompt-T Loss 0.2109  
Epoch 111 |  Time(s) 0.0146 | RobustPrompt-T Loss 0.2069  
Epoch 112 |  Time(s) 0.0143 | RobustPrompt-T Loss 0.1960  
Epoch 113 |  Time(s) 0.0138 | RobustPrompt-T Loss 0.1903  
Epoch 114 |  Time(s) 0.0139 | RobustPrompt-T Loss 0.1781  
Epoch 115 |  Time(s) 0.0143 | RobustPrompt-T Loss 0.1720  
Epoch 116 |  Time(s) 0.0148 | RobustPrompt-T Loss 0.1667  
Epoch 117 |  Time(s) 0.0142 | RobustPrompt-T Loss 0.1606  
Epoch 118 |  Time(s) 0.0141 | RobustPrompt-T Loss 0.1539  
Epoch 119 |  Time(s) 0.0145 | RobustPrompt-T Loss 0.1551  
Epoch 120 |  Time(s) 0.0144 | RobustPrompt-T Loss 0.1476  
Epoch 121 |  Time(s) 0.0141 | RobustPrompt-T Loss 0.1403  
Epoch 122 |  Time(s) 0.0140 | RobustPrompt-T Loss 0.1310  
Epoch 123 |  Time(s) 0.0140 | RobustPrompt-T Loss 0.1221  
Epoch 124 |  Time(s) 0.0144 | RobustPrompt-T Loss 0.1227  
Epoch 125 |  Time(s) 0.0137 | RobustPrompt-T Loss 0.1179  
Epoch 126 |  Time(s) 0.0139 | RobustPrompt-T Loss 0.1111  
Epoch 127 |  Time(s) 0.0146 | RobustPrompt-T Loss 0.1065  
Epoch 128 |  Time(s) 0.0139 | RobustPrompt-T Loss 0.1075  
Epoch 129 |  Time(s) 0.0144 | RobustPrompt-T Loss 0.1054  
Epoch 130 |  Time(s) 0.0146 | RobustPrompt-T Loss 0.1044  
Epoch 131 |  Time(s) 0.0145 | RobustPrompt-T Loss 0.1015  
Epoch 132 |  Time(s) 0.0140 | RobustPrompt-T Loss 0.1024  
Epoch 133 |  Time(s) 0.0145 | RobustPrompt-T Loss 0.1018  
Epoch 134 |  Time(s) 0.0144 | RobustPrompt-T Loss 0.0985  
Epoch 135 |  Time(s) 0.0146 | RobustPrompt-T Loss 0.1015  
Epoch 136 |  Time(s) 0.0142 | RobustPrompt-T Loss 0.0938  
Epoch 137 |  Time(s) 0.0142 | RobustPrompt-T Loss 0.0895  
Epoch 138 |  Time(s) 0.0140 | RobustPrompt-T Loss 0.0865  
Epoch 139 |  Time(s) 0.0140 | RobustPrompt-T Loss 0.0868  
Epoch 140 |  Time(s) 0.0140 | RobustPrompt-T Loss 0.0809  
Epoch 141 |  Time(s) 0.0140 | RobustPrompt-T Loss 0.0815  
Epoch 142 |  Time(s) 0.0140 | RobustPrompt-T Loss 0.0826  
Epoch 143 |  Time(s) 0.0146 | RobustPrompt-T Loss 0.0767  
Epoch 144 |  Time(s) 0.0145 | RobustPrompt-T Loss 0.0770  
Epoch 145 |  Time(s) 0.0146 | RobustPrompt-T Loss 0.0793  
Epoch 146 |  Time(s) 0.0143 | RobustPrompt-T Loss 0.0717  
Epoch 147 |  Time(s) 0.0147 | RobustPrompt-T Loss 0.0725  
Epoch 148 |  Time(s) 0.0144 | RobustPrompt-T Loss 0.0790  
Epoch 149 |  Time(s) 0.0145 | RobustPrompt-T Loss 0.0805  
Epoch 150 |  Time(s) 0.0141 | RobustPrompt-T Loss 0.0800  
Epoch 151 |  Time(s) 0.0142 | RobustPrompt-T Loss 0.0811  
Epoch 152 |  Time(s) 0.0141 | RobustPrompt-T Loss 0.0712  
Epoch 153 |  Time(s) 0.0145 | RobustPrompt-T Loss 0.0757  
Epoch 154 |  Time(s) 0.0145 | RobustPrompt-T Loss 0.0762  
Epoch 155 |  Time(s) 0.0146 | RobustPrompt-T Loss 0.0739  
Epoch 156 |  Time(s) 0.0141 | RobustPrompt-T Loss 0.0638  
Epoch 157 |  Time(s) 0.0141 | RobustPrompt-T Loss 0.0652  
Epoch 158 |  Time(s) 0.0140 | RobustPrompt-T Loss 0.0684  
Epoch 159 |  Time(s) 0.0143 | RobustPrompt-T Loss 0.0622  
Epoch 160 |  Time(s) 0.0149 | RobustPrompt-T Loss 0.0627  
Epoch 161 |  Time(s) 0.0142 | RobustPrompt-T Loss 0.0679  
Epoch 162 |  Time(s) 0.0136 | RobustPrompt-T Loss 0.0625  
Epoch 163 |  Time(s) 0.0138 | RobustPrompt-T Loss 0.0596  
Epoch 164 |  Time(s) 0.0133 | RobustPrompt-T Loss 0.0687  
Epoch 165 |  Time(s) 0.0138 | RobustPrompt-T Loss 0.0768  
Epoch 166 |  Time(s) 0.0133 | RobustPrompt-T Loss 0.0718  
Epoch 167 |  Time(s) 0.0132 | RobustPrompt-T Loss 0.0588  
Epoch 168 |  Time(s) 0.0134 | RobustPrompt-T Loss 0.0586  
Epoch 169 |  Time(s) 0.0136 | RobustPrompt-T Loss 0.0670  
Epoch 170 |  Time(s) 0.0139 | RobustPrompt-T Loss 0.0647  
Epoch 171 |  Time(s) 0.0139 | RobustPrompt-T Loss 0.0581  
Epoch 172 |  Time(s) 0.0137 | RobustPrompt-T Loss 0.0557  
Epoch 173 |  Time(s) 0.0132 | RobustPrompt-T Loss 0.0593  
Epoch 174 |  Time(s) 0.0138 | RobustPrompt-T Loss 0.0601  
Epoch 175 |  Time(s) 0.0140 | RobustPrompt-T Loss 0.0548  
Epoch 176 |  Time(s) 0.0146 | RobustPrompt-T Loss 0.0568  
Epoch 177 |  Time(s) 0.0137 | RobustPrompt-T Loss 0.0529  
Epoch 178 |  Time(s) 0.0135 | RobustPrompt-T Loss 0.0542  
Epoch 179 |  Time(s) 0.0135 | RobustPrompt-T Loss 0.0581  
Epoch 180 |  Time(s) 0.0138 | RobustPrompt-T Loss 0.0557  
Epoch 181 |  Time(s) 0.0141 | RobustPrompt-T Loss 0.0563  
Epoch 182 |  Time(s) 0.0138 | RobustPrompt-T Loss 0.0594  
Epoch 183 |  Time(s) 0.0140 | RobustPrompt-T Loss 0.0582  
Epoch 184 |  Time(s) 0.0140 | RobustPrompt-T Loss 0.0611  
Epoch 185 |  Time(s) 0.0143 | RobustPrompt-T Loss 0.0557  
Epoch 186 |  Time(s) 0.0140 | RobustPrompt-T Loss 0.0522  
Epoch 187 |  Time(s) 0.0136 | RobustPrompt-T Loss 0.0542  
Epoch 188 |  Time(s) 0.0135 | RobustPrompt-T Loss 0.0556  
Epoch 189 |  Time(s) 0.0139 | RobustPrompt-T Loss 0.0569  
Epoch 190 |  Time(s) 0.0142 | RobustPrompt-T Loss 0.0522  
Epoch 191 |  Time(s) 0.0139 | RobustPrompt-T Loss 0.0513  
Epoch 192 |  Time(s) 0.0138 | RobustPrompt-T Loss 0.0518  
Epoch 193 |  Time(s) 0.0135 | RobustPrompt-T Loss 0.0518  
Epoch 194 |  Time(s) 0.0135 | RobustPrompt-T Loss 0.0495  
Epoch 195 |  Time(s) 0.0142 | RobustPrompt-T Loss 0.0538  
Epoch 196 |  Time(s) 0.0141 | RobustPrompt-T Loss 0.0541  
Epoch 197 |  Time(s) 0.0132 | RobustPrompt-T Loss 0.0563  
Epoch 198 |  Time(s) 0.0140 | RobustPrompt-T Loss 0.0543  
Epoch 199 |  Time(s) 0.0135 | RobustPrompt-T Loss 0.0534  
Epoch 200 |  Time(s) 0.0141 | RobustPrompt-T Loss 0.0491  
Final True Accuracy: 0.1441 | Macro F1 Score: 0.1414
best_loss [tensor(0.0491, device='cuda:0', grad_fn=<AddBackward0>)]
{1: {1: 0.15614618360996246}, 2: {1: 0.14825581014156342}, 3: {1: 0.16777408123016357}, 4: {1: 0.17815615236759186}, 5: {1: 0.14410299062728882}}
{1: {1: 0.15614618360996246, 2: 0.14825581014156342, 3: 0.16777408123016357, 4: 0.17815615236759186, 5: 0.14410299062728882}}
########################################################################################
seed: 1 | split 1 : 0.15614618360996246
# Seed 1 Muti Split Final Acc: 0.1561±0.0000
seed: 2 | split 1 : 0.14825581014156342
# Seed 2 Muti Split Final Acc: 0.1483±0.0000
seed: 3 | split 1 : 0.16777408123016357
# Seed 3 Muti Split Final Acc: 0.1678±0.0000
seed: 4 | split 1 : 0.17815615236759186
# Seed 4 Muti Split Final Acc: 0.1782±0.0000
seed: 5 | split 1 : 0.14410299062728882
# Seed 5 Muti Split Final Acc: 0.1441±0.0000
########################################################################################
split: 1 | seed 1 : 0.15614618360996246
split: 1 | seed 2 : 0.14825581014156342
split: 1 | seed 3 : 0.16777408123016357
split: 1 | seed 4 : 0.17815615236759186
split: 1 | seed 5 : 0.14410299062728882
# Split 1 Muti Seed Acc without min value: 0.1626±0.0114
########################################################################################
