load LLC or attacked data with specified split
Successfully loaded the attack of dataname with few shot 5, split 1
Attack method : Meta_Self | Attack ptb : 0.2 | Dataset: Cora
======================
Number of graphs: 1
Number of features: 1433
Number of classes: 7

Data(x=[2708, 1433], edge_index=[2, 15484], y=[2708], train_mask=[2708], val_mask=[2708], test_mask=[2708])
===========================================================================================================
Number of nodes: 2708
Number of edges: 15484
Average node degree: 5.72
Has isolated nodes: False
Has self-loops: True
Is undirected: True
GCN(
  (conv_layers): ModuleList(
    (0): GCNConv(1433, 256)
    (1): GCNConv(256, 256)
  )
)
Successfully loaded pre-trained weights!
use RobustPrompt Tranductive
defense pt dict :  {'sim_pt': 0.3, 'degree_pt': 1, 'out_detect_pt': 0.5, 'other_pt': 'all'}
use_attention :  False
cosine_constraint :  True
pt_threshold :  0.5
filter_module :  OriginalFilter
temperature :  1.0
weight_mse 0.1
weight_kl :  0.3
weight_constraint :  0.2
run RobustPrompt-T
Epoch 001 |  Time(s) 0.2628 | RobustPrompt-T Loss 1.9496  
Epoch 002 |  Time(s) 0.0138 | RobustPrompt-T Loss 1.9950  
Epoch 003 |  Time(s) 0.0135 | RobustPrompt-T Loss 1.9249  
Epoch 004 |  Time(s) 0.0131 | RobustPrompt-T Loss 1.9275  
Epoch 005 |  Time(s) 0.0128 | RobustPrompt-T Loss 1.9164  
Epoch 006 |  Time(s) 0.0126 | RobustPrompt-T Loss 1.9065  
Epoch 007 |  Time(s) 0.0125 | RobustPrompt-T Loss 1.8941  
Epoch 008 |  Time(s) 0.0130 | RobustPrompt-T Loss 1.8728  
Epoch 009 |  Time(s) 0.0127 | RobustPrompt-T Loss 1.8424  
Epoch 010 |  Time(s) 0.0131 | RobustPrompt-T Loss 1.8119  
Epoch 011 |  Time(s) 0.0137 | RobustPrompt-T Loss 1.7904  
Epoch 012 |  Time(s) 0.0126 | RobustPrompt-T Loss 1.7527  
Epoch 013 |  Time(s) 0.0130 | RobustPrompt-T Loss 1.7383  
Epoch 014 |  Time(s) 0.0135 | RobustPrompt-T Loss 1.6881  
Epoch 015 |  Time(s) 0.0127 | RobustPrompt-T Loss 1.6625  
Epoch 016 |  Time(s) 0.0129 | RobustPrompt-T Loss 1.6471  
Epoch 017 |  Time(s) 0.0134 | RobustPrompt-T Loss 1.6354  
Epoch 018 |  Time(s) 0.0127 | RobustPrompt-T Loss 1.6357  
Epoch 019 |  Time(s) 0.0130 | RobustPrompt-T Loss 1.6287  
Epoch 020 |  Time(s) 0.0137 | RobustPrompt-T Loss 1.6291  
Epoch 021 |  Time(s) 0.0128 | RobustPrompt-T Loss 1.6052  
Epoch 022 |  Time(s) 0.0134 | RobustPrompt-T Loss 1.5835  
Epoch 023 |  Time(s) 0.0134 | RobustPrompt-T Loss 1.5998  
Epoch 024 |  Time(s) 0.0131 | RobustPrompt-T Loss 1.6359  
Epoch 025 |  Time(s) 0.0135 | RobustPrompt-T Loss 1.5916  
Epoch 026 |  Time(s) 0.0133 | RobustPrompt-T Loss 1.5708  
Epoch 027 |  Time(s) 0.0125 | RobustPrompt-T Loss 1.5872  
Epoch 028 |  Time(s) 0.0126 | RobustPrompt-T Loss 1.5463  
Epoch 029 |  Time(s) 0.0127 | RobustPrompt-T Loss 1.5163  
Epoch 030 |  Time(s) 0.0125 | RobustPrompt-T Loss 1.6057  
Epoch 031 |  Time(s) 0.0130 | RobustPrompt-T Loss 1.4858  
Epoch 032 |  Time(s) 0.0134 | RobustPrompt-T Loss 1.5618  
Epoch 033 |  Time(s) 0.0135 | RobustPrompt-T Loss 1.5213  
Epoch 034 |  Time(s) 0.0133 | RobustPrompt-T Loss 1.5503  
Epoch 035 |  Time(s) 0.0133 | RobustPrompt-T Loss 1.4257  
Epoch 036 |  Time(s) 0.0135 | RobustPrompt-T Loss 1.4976  
Epoch 037 |  Time(s) 0.0135 | RobustPrompt-T Loss 1.4204  
Epoch 038 |  Time(s) 0.0135 | RobustPrompt-T Loss 1.4340  
Epoch 039 |  Time(s) 0.0135 | RobustPrompt-T Loss 1.4147  
Epoch 040 |  Time(s) 0.0136 | RobustPrompt-T Loss 1.3395  
Epoch 041 |  Time(s) 0.0132 | RobustPrompt-T Loss 1.3268  
Epoch 042 |  Time(s) 0.0137 | RobustPrompt-T Loss 1.3345  
Epoch 043 |  Time(s) 0.0132 | RobustPrompt-T Loss 1.3009  
Epoch 044 |  Time(s) 0.0132 | RobustPrompt-T Loss 1.2559  
Epoch 045 |  Time(s) 0.0132 | RobustPrompt-T Loss 1.2489  
Epoch 046 |  Time(s) 0.0137 | RobustPrompt-T Loss 1.2047  
Epoch 047 |  Time(s) 0.0138 | RobustPrompt-T Loss 1.1700  
Epoch 048 |  Time(s) 0.0143 | RobustPrompt-T Loss 1.1532  
Epoch 049 |  Time(s) 0.0132 | RobustPrompt-T Loss 1.1329  
Epoch 050 |  Time(s) 0.0130 | RobustPrompt-T Loss 1.0971  
Epoch 051 |  Time(s) 0.0127 | RobustPrompt-T Loss 1.0792  
Epoch 052 |  Time(s) 0.0129 | RobustPrompt-T Loss 1.0429  
Epoch 053 |  Time(s) 0.0126 | RobustPrompt-T Loss 0.9887  
Epoch 054 |  Time(s) 0.0133 | RobustPrompt-T Loss 0.9843  
Epoch 055 |  Time(s) 0.0131 | RobustPrompt-T Loss 0.9490  
Epoch 056 |  Time(s) 0.0134 | RobustPrompt-T Loss 0.9167  
Epoch 057 |  Time(s) 0.0132 | RobustPrompt-T Loss 0.8982  
Epoch 058 |  Time(s) 0.0135 | RobustPrompt-T Loss 0.8590  
Epoch 059 |  Time(s) 0.0134 | RobustPrompt-T Loss 0.8315  
Epoch 060 |  Time(s) 0.0135 | RobustPrompt-T Loss 0.8126  
Epoch 061 |  Time(s) 0.0132 | RobustPrompt-T Loss 0.7850  
Epoch 062 |  Time(s) 0.0130 | RobustPrompt-T Loss 0.8287  
Epoch 063 |  Time(s) 0.0129 | RobustPrompt-T Loss 0.7539  
Epoch 064 |  Time(s) 0.0134 | RobustPrompt-T Loss 0.7251  
Epoch 065 |  Time(s) 0.0131 | RobustPrompt-T Loss 0.7301  
Epoch 066 |  Time(s) 0.0134 | RobustPrompt-T Loss 0.6747  
Epoch 067 |  Time(s) 0.0134 | RobustPrompt-T Loss 0.6400  
Epoch 068 |  Time(s) 0.0136 | RobustPrompt-T Loss 0.5872  
Epoch 069 |  Time(s) 0.0139 | RobustPrompt-T Loss 0.5806  
Epoch 070 |  Time(s) 0.0134 | RobustPrompt-T Loss 0.6000  
Epoch 071 |  Time(s) 0.0137 | RobustPrompt-T Loss 0.5269  
Epoch 072 |  Time(s) 0.0139 | RobustPrompt-T Loss 0.5020  
Epoch 073 |  Time(s) 0.0135 | RobustPrompt-T Loss 0.4602  
Epoch 074 |  Time(s) 0.0137 | RobustPrompt-T Loss 0.4312  
Epoch 075 |  Time(s) 0.0135 | RobustPrompt-T Loss 0.4014  
Epoch 076 |  Time(s) 0.0137 | RobustPrompt-T Loss 0.3839  
Epoch 077 |  Time(s) 0.0135 | RobustPrompt-T Loss 0.3609  
Epoch 078 |  Time(s) 0.0138 | RobustPrompt-T Loss 0.3357  
Epoch 079 |  Time(s) 0.0139 | RobustPrompt-T Loss 0.3407  
Epoch 080 |  Time(s) 0.0137 | RobustPrompt-T Loss 0.3480  
Epoch 081 |  Time(s) 0.0140 | RobustPrompt-T Loss 0.3140  
Epoch 082 |  Time(s) 0.0139 | RobustPrompt-T Loss 0.2585  
Epoch 083 |  Time(s) 0.0141 | RobustPrompt-T Loss 0.2491  
Epoch 084 |  Time(s) 0.0139 | RobustPrompt-T Loss 0.2516  
Epoch 085 |  Time(s) 0.0136 | RobustPrompt-T Loss 0.2341  
Epoch 086 |  Time(s) 0.0137 | RobustPrompt-T Loss 0.2034  
Epoch 087 |  Time(s) 0.0139 | RobustPrompt-T Loss 0.2020  
Epoch 088 |  Time(s) 0.0139 | RobustPrompt-T Loss 0.1850  
Epoch 089 |  Time(s) 0.0136 | RobustPrompt-T Loss 0.1675  
Epoch 090 |  Time(s) 0.0137 | RobustPrompt-T Loss 0.1706  
Epoch 091 |  Time(s) 0.0138 | RobustPrompt-T Loss 0.1674  
Epoch 092 |  Time(s) 0.0136 | RobustPrompt-T Loss 0.1463  
Epoch 093 |  Time(s) 0.0137 | RobustPrompt-T Loss 0.1553  
Epoch 094 |  Time(s) 0.0138 | RobustPrompt-T Loss 0.1221  
Epoch 095 |  Time(s) 0.0139 | RobustPrompt-T Loss 0.1321  
Epoch 096 |  Time(s) 0.0135 | RobustPrompt-T Loss 0.1086  
Epoch 097 |  Time(s) 0.0139 | RobustPrompt-T Loss 0.1286  
Epoch 098 |  Time(s) 0.0137 | RobustPrompt-T Loss 0.1291  
Epoch 099 |  Time(s) 0.0135 | RobustPrompt-T Loss 0.1208  
Epoch 100 |  Time(s) 0.0139 | RobustPrompt-T Loss 0.1287  
Epoch 101 |  Time(s) 0.0138 | RobustPrompt-T Loss 0.0945  
Epoch 102 |  Time(s) 0.0138 | RobustPrompt-T Loss 0.1015  
Epoch 103 |  Time(s) 0.0136 | RobustPrompt-T Loss 0.0742  
Epoch 104 |  Time(s) 0.0137 | RobustPrompt-T Loss 0.0875  
Epoch 105 |  Time(s) 0.0139 | RobustPrompt-T Loss 0.0737  
Epoch 106 |  Time(s) 0.0139 | RobustPrompt-T Loss 0.0837  
Epoch 107 |  Time(s) 0.0139 | RobustPrompt-T Loss 0.0732  
Epoch 108 |  Time(s) 0.0136 | RobustPrompt-T Loss 0.0767  
Epoch 109 |  Time(s) 0.0137 | RobustPrompt-T Loss 0.0743  
Epoch 110 |  Time(s) 0.0139 | RobustPrompt-T Loss 0.0843  
Epoch 111 |  Time(s) 0.0139 | RobustPrompt-T Loss 0.0890  
Epoch 112 |  Time(s) 0.0135 | RobustPrompt-T Loss 0.1068  
Epoch 113 |  Time(s) 0.0136 | RobustPrompt-T Loss 0.0785  
Epoch 114 |  Time(s) 0.0139 | RobustPrompt-T Loss 0.0664  
Epoch 115 |  Time(s) 0.0134 | RobustPrompt-T Loss 0.1044  
Epoch 116 |  Time(s) 0.0137 | RobustPrompt-T Loss 0.2022  
Epoch 117 |  Time(s) 0.0140 | RobustPrompt-T Loss 0.0791  
Epoch 118 |  Time(s) 0.0139 | RobustPrompt-T Loss 0.3909  
Epoch 119 |  Time(s) 0.0138 | RobustPrompt-T Loss 0.4890  
Epoch 120 |  Time(s) 0.0139 | RobustPrompt-T Loss 0.0939  
Epoch 121 |  Time(s) 0.0135 | RobustPrompt-T Loss 0.3358  
Epoch 122 |  Time(s) 0.0138 | RobustPrompt-T Loss 0.2749  
Epoch 123 |  Time(s) 0.0138 | RobustPrompt-T Loss 0.1845  
Epoch 124 |  Time(s) 0.0139 | RobustPrompt-T Loss 0.1125  
Epoch 125 |  Time(s) 0.0140 | RobustPrompt-T Loss 0.1799  
Epoch 126 |  Time(s) 0.0139 | RobustPrompt-T Loss 0.0831  
Epoch 127 |  Time(s) 0.0136 | RobustPrompt-T Loss 0.1682  
Epoch 128 |  Time(s) 0.0138 | RobustPrompt-T Loss 0.1216  
Epoch 129 |  Time(s) 0.0138 | RobustPrompt-T Loss 0.3835  
Epoch 130 |  Time(s) 0.0140 | RobustPrompt-T Loss 0.4175  
Epoch 131 |  Time(s) 0.0138 | RobustPrompt-T Loss 0.0891  
Epoch 132 |  Time(s) 0.0136 | RobustPrompt-T Loss 0.4559  
Epoch 133 |  Time(s) 0.0137 | RobustPrompt-T Loss 0.7599  
----------------------------------------------------------------------------------------------------
Early stopping at 134 eopch!
Final True Accuracy: 0.1175 | Macro F1 Score: 0.0925
best_loss [tensor(0.2122, device='cuda:0', grad_fn=<AddBackward0>)]
load LLC or attacked data with specified split
Successfully loaded the attack of dataname with few shot 5, split 1
Attack method : Meta_Self | Attack ptb : 0.2 | Dataset: Cora
======================
Number of graphs: 1
Number of features: 1433
Number of classes: 7

Data(x=[2708, 1433], edge_index=[2, 15484], y=[2708], train_mask=[2708], val_mask=[2708], test_mask=[2708])
===========================================================================================================
Number of nodes: 2708
Number of edges: 15484
Average node degree: 5.72
Has isolated nodes: False
Has self-loops: True
Is undirected: True
GCN(
  (conv_layers): ModuleList(
    (0): GCNConv(1433, 256)
    (1): GCNConv(256, 256)
  )
)
Successfully loaded pre-trained weights!
use RobustPrompt Tranductive
defense pt dict :  {'sim_pt': 0.3, 'degree_pt': 1, 'out_detect_pt': 0.5, 'other_pt': 'all'}
use_attention :  False
cosine_constraint :  True
pt_threshold :  0.5
filter_module :  OriginalFilter
temperature :  1.0
weight_mse 0.1
weight_kl :  0.3
weight_constraint :  0.2
run RobustPrompt-T
Epoch 001 |  Time(s) 0.0132 | RobustPrompt-T Loss 1.9468  
Epoch 002 |  Time(s) 0.0133 | RobustPrompt-T Loss 1.9394  
Epoch 003 |  Time(s) 0.0140 | RobustPrompt-T Loss 1.9480  
Epoch 004 |  Time(s) 0.0129 | RobustPrompt-T Loss 1.9154  
Epoch 005 |  Time(s) 0.0146 | RobustPrompt-T Loss 1.9178  
Epoch 006 |  Time(s) 0.0127 | RobustPrompt-T Loss 1.9037  
Epoch 007 |  Time(s) 0.0137 | RobustPrompt-T Loss 1.8852  
Epoch 008 |  Time(s) 0.0127 | RobustPrompt-T Loss 1.8647  
Epoch 009 |  Time(s) 0.0124 | RobustPrompt-T Loss 1.8542  
Epoch 010 |  Time(s) 0.0130 | RobustPrompt-T Loss 1.8123  
Epoch 011 |  Time(s) 0.0137 | RobustPrompt-T Loss 1.7939  
Epoch 012 |  Time(s) 0.0136 | RobustPrompt-T Loss 1.7307  
Epoch 013 |  Time(s) 0.0131 | RobustPrompt-T Loss 1.7230  
Epoch 014 |  Time(s) 0.0132 | RobustPrompt-T Loss 1.7181  
Epoch 015 |  Time(s) 0.0128 | RobustPrompt-T Loss 1.6860  
Epoch 016 |  Time(s) 0.0135 | RobustPrompt-T Loss 1.6374  
Epoch 017 |  Time(s) 0.0135 | RobustPrompt-T Loss 1.7422  
Epoch 018 |  Time(s) 0.0135 | RobustPrompt-T Loss 1.7474  
Epoch 019 |  Time(s) 0.0131 | RobustPrompt-T Loss 1.7908  
Epoch 020 |  Time(s) 0.0135 | RobustPrompt-T Loss 1.7352  
Epoch 021 |  Time(s) 0.0135 | RobustPrompt-T Loss 1.7292  
Epoch 022 |  Time(s) 0.0135 | RobustPrompt-T Loss 1.7337  
Epoch 023 |  Time(s) 0.0133 | RobustPrompt-T Loss 1.6901  
Epoch 024 |  Time(s) 0.0132 | RobustPrompt-T Loss 1.6883  
Epoch 025 |  Time(s) 0.0135 | RobustPrompt-T Loss 1.6309  
Epoch 026 |  Time(s) 0.0134 | RobustPrompt-T Loss 1.6251  
Epoch 027 |  Time(s) 0.0131 | RobustPrompt-T Loss 1.6169  
Epoch 028 |  Time(s) 0.0136 | RobustPrompt-T Loss 1.6210  
Epoch 029 |  Time(s) 0.0133 | RobustPrompt-T Loss 1.5876  
Epoch 030 |  Time(s) 0.0135 | RobustPrompt-T Loss 1.5588  
Epoch 031 |  Time(s) 0.0135 | RobustPrompt-T Loss 1.5604  
Epoch 032 |  Time(s) 0.0135 | RobustPrompt-T Loss 1.6058  
Epoch 033 |  Time(s) 0.0135 | RobustPrompt-T Loss 1.5689  
Epoch 034 |  Time(s) 0.0132 | RobustPrompt-T Loss 1.5021  
Epoch 035 |  Time(s) 0.0135 | RobustPrompt-T Loss 1.5146  
Epoch 036 |  Time(s) 0.0135 | RobustPrompt-T Loss 1.4616  
Epoch 037 |  Time(s) 0.0137 | RobustPrompt-T Loss 1.4194  
Epoch 038 |  Time(s) 0.0138 | RobustPrompt-T Loss 1.4217  
Epoch 039 |  Time(s) 0.0140 | RobustPrompt-T Loss 1.3864  
Epoch 040 |  Time(s) 0.0135 | RobustPrompt-T Loss 1.3530  
Epoch 041 |  Time(s) 0.0135 | RobustPrompt-T Loss 1.2929  
Epoch 042 |  Time(s) 0.0135 | RobustPrompt-T Loss 1.2754  
Epoch 043 |  Time(s) 0.0135 | RobustPrompt-T Loss 1.2426  
Epoch 044 |  Time(s) 0.0140 | RobustPrompt-T Loss 1.1743  
Epoch 045 |  Time(s) 0.0140 | RobustPrompt-T Loss 1.1659  
Epoch 046 |  Time(s) 0.0140 | RobustPrompt-T Loss 1.1486  
Epoch 047 |  Time(s) 0.0136 | RobustPrompt-T Loss 1.1102  
Epoch 048 |  Time(s) 0.0135 | RobustPrompt-T Loss 1.0770  
Epoch 049 |  Time(s) 0.0135 | RobustPrompt-T Loss 1.0730  
Epoch 050 |  Time(s) 0.0136 | RobustPrompt-T Loss 1.0495  
Epoch 051 |  Time(s) 0.0131 | RobustPrompt-T Loss 0.9961  
Epoch 052 |  Time(s) 0.0130 | RobustPrompt-T Loss 0.9705  
Epoch 053 |  Time(s) 0.0130 | RobustPrompt-T Loss 0.9419  
Epoch 054 |  Time(s) 0.0130 | RobustPrompt-T Loss 0.9050  
Epoch 055 |  Time(s) 0.0134 | RobustPrompt-T Loss 0.8873  
Epoch 056 |  Time(s) 0.0138 | RobustPrompt-T Loss 0.8631  
Epoch 057 |  Time(s) 0.0132 | RobustPrompt-T Loss 0.9264  
Epoch 058 |  Time(s) 0.0135 | RobustPrompt-T Loss 0.8266  
Epoch 059 |  Time(s) 0.0135 | RobustPrompt-T Loss 0.7924  
Epoch 060 |  Time(s) 0.0135 | RobustPrompt-T Loss 0.8227  
Epoch 061 |  Time(s) 0.0134 | RobustPrompt-T Loss 0.7419  
Epoch 062 |  Time(s) 0.0136 | RobustPrompt-T Loss 0.7022  
Epoch 063 |  Time(s) 0.0135 | RobustPrompt-T Loss 0.7026  
Epoch 064 |  Time(s) 0.0135 | RobustPrompt-T Loss 0.7123  
Epoch 065 |  Time(s) 0.0136 | RobustPrompt-T Loss 0.7164  
Epoch 066 |  Time(s) 0.0135 | RobustPrompt-T Loss 0.6611  
Epoch 067 |  Time(s) 0.0134 | RobustPrompt-T Loss 0.6887  
Epoch 068 |  Time(s) 0.0137 | RobustPrompt-T Loss 0.6605  
Epoch 069 |  Time(s) 0.0132 | RobustPrompt-T Loss 0.6172  
Epoch 070 |  Time(s) 0.0138 | RobustPrompt-T Loss 0.5882  
Epoch 071 |  Time(s) 0.0134 | RobustPrompt-T Loss 0.5879  
Epoch 072 |  Time(s) 0.0138 | RobustPrompt-T Loss 0.5779  
Epoch 073 |  Time(s) 0.0137 | RobustPrompt-T Loss 0.5880  
Epoch 074 |  Time(s) 0.0133 | RobustPrompt-T Loss 0.6030  
Epoch 075 |  Time(s) 0.0140 | RobustPrompt-T Loss 0.5337  
Epoch 076 |  Time(s) 0.0138 | RobustPrompt-T Loss 0.5316  
Epoch 077 |  Time(s) 0.0139 | RobustPrompt-T Loss 0.6406  
Epoch 078 |  Time(s) 0.0140 | RobustPrompt-T Loss 0.5349  
Epoch 079 |  Time(s) 0.0139 | RobustPrompt-T Loss 0.8503  
Epoch 080 |  Time(s) 0.0140 | RobustPrompt-T Loss 0.9356  
Epoch 081 |  Time(s) 0.0140 | RobustPrompt-T Loss 0.5211  
Epoch 082 |  Time(s) 0.0132 | RobustPrompt-T Loss 1.3962  
Epoch 083 |  Time(s) 0.0138 | RobustPrompt-T Loss 2.0458  
Epoch 084 |  Time(s) 0.0135 | RobustPrompt-T Loss 1.3415  
Epoch 085 |  Time(s) 0.0136 | RobustPrompt-T Loss 0.7117  
Epoch 086 |  Time(s) 0.0137 | RobustPrompt-T Loss 0.8424  
Epoch 087 |  Time(s) 0.0135 | RobustPrompt-T Loss 1.1088  
Epoch 088 |  Time(s) 0.0136 | RobustPrompt-T Loss 0.9500  
Epoch 089 |  Time(s) 0.0135 | RobustPrompt-T Loss 1.3887  
Epoch 090 |  Time(s) 0.0134 | RobustPrompt-T Loss 1.5325  
Epoch 091 |  Time(s) 0.0137 | RobustPrompt-T Loss 0.8912  
Epoch 092 |  Time(s) 0.0135 | RobustPrompt-T Loss 0.8157  
Epoch 093 |  Time(s) 0.0139 | RobustPrompt-T Loss 1.4231  
Epoch 094 |  Time(s) 0.0135 | RobustPrompt-T Loss 1.0404  
Epoch 095 |  Time(s) 0.0134 | RobustPrompt-T Loss 0.6216  
Epoch 096 |  Time(s) 0.0133 | RobustPrompt-T Loss 0.7461  
Epoch 097 |  Time(s) 0.0132 | RobustPrompt-T Loss 0.7507  
Epoch 098 |  Time(s) 0.0135 | RobustPrompt-T Loss 0.8507  
Epoch 099 |  Time(s) 0.0133 | RobustPrompt-T Loss 1.0824  
Epoch 100 |  Time(s) 0.0133 | RobustPrompt-T Loss 0.7698  
----------------------------------------------------------------------------------------------------
Early stopping at 101 eopch!
Final True Accuracy: 0.0880 | Macro F1 Score: 0.0776
best_loss [tensor(0.8964, device='cuda:0', grad_fn=<AddBackward0>)]
load LLC or attacked data with specified split
Successfully loaded the attack of dataname with few shot 5, split 1
Attack method : Meta_Self | Attack ptb : 0.2 | Dataset: Cora
======================
Number of graphs: 1
Number of features: 1433
Number of classes: 7

Data(x=[2708, 1433], edge_index=[2, 15484], y=[2708], train_mask=[2708], val_mask=[2708], test_mask=[2708])
===========================================================================================================
Number of nodes: 2708
Number of edges: 15484
Average node degree: 5.72
Has isolated nodes: False
Has self-loops: True
Is undirected: True
GCN(
  (conv_layers): ModuleList(
    (0): GCNConv(1433, 256)
    (1): GCNConv(256, 256)
  )
)
Successfully loaded pre-trained weights!
use RobustPrompt Tranductive
defense pt dict :  {'sim_pt': 0.3, 'degree_pt': 1, 'out_detect_pt': 0.5, 'other_pt': 'all'}
use_attention :  False
cosine_constraint :  True
pt_threshold :  0.5
filter_module :  OriginalFilter
temperature :  1.0
weight_mse 0.1
weight_kl :  0.3
weight_constraint :  0.2
run RobustPrompt-T
Epoch 001 |  Time(s) 0.0136 | RobustPrompt-T Loss 1.9459  
Epoch 002 |  Time(s) 0.0136 | RobustPrompt-T Loss 1.9433  
Epoch 003 |  Time(s) 0.0139 | RobustPrompt-T Loss 1.9558  
Epoch 004 |  Time(s) 0.0136 | RobustPrompt-T Loss 1.9033  
Epoch 005 |  Time(s) 0.0136 | RobustPrompt-T Loss 1.9085  
Epoch 006 |  Time(s) 0.0139 | RobustPrompt-T Loss 1.8678  
Epoch 007 |  Time(s) 0.0140 | RobustPrompt-T Loss 1.8234  
Epoch 008 |  Time(s) 0.0134 | RobustPrompt-T Loss 1.8121  
Epoch 009 |  Time(s) 0.0136 | RobustPrompt-T Loss 1.7915  
Epoch 010 |  Time(s) 0.0139 | RobustPrompt-T Loss 1.8237  
Epoch 011 |  Time(s) 0.0140 | RobustPrompt-T Loss 1.7691  
Epoch 012 |  Time(s) 0.0135 | RobustPrompt-T Loss 1.7582  
Epoch 013 |  Time(s) 0.0135 | RobustPrompt-T Loss 1.7190  
Epoch 014 |  Time(s) 0.0135 | RobustPrompt-T Loss 1.7135  
Epoch 015 |  Time(s) 0.0141 | RobustPrompt-T Loss 1.7146  
Epoch 016 |  Time(s) 0.0138 | RobustPrompt-T Loss 1.7211  
Epoch 017 |  Time(s) 0.0138 | RobustPrompt-T Loss 1.6860  
Epoch 018 |  Time(s) 0.0137 | RobustPrompt-T Loss 1.6628  
Epoch 019 |  Time(s) 0.0134 | RobustPrompt-T Loss 1.6929  
Epoch 020 |  Time(s) 0.0137 | RobustPrompt-T Loss 1.6752  
Epoch 021 |  Time(s) 0.0138 | RobustPrompt-T Loss 1.7070  
Epoch 022 |  Time(s) 0.0140 | RobustPrompt-T Loss 1.6506  
Epoch 023 |  Time(s) 0.0135 | RobustPrompt-T Loss 1.6227  
Epoch 024 |  Time(s) 0.0138 | RobustPrompt-T Loss 1.5918  
Epoch 025 |  Time(s) 0.0138 | RobustPrompt-T Loss 1.6108  
Epoch 026 |  Time(s) 0.0135 | RobustPrompt-T Loss 1.7142  
Epoch 027 |  Time(s) 0.0128 | RobustPrompt-T Loss 1.7099  
Epoch 028 |  Time(s) 0.0130 | RobustPrompt-T Loss 1.6397  
Epoch 029 |  Time(s) 0.0123 | RobustPrompt-T Loss 1.6875  
Epoch 030 |  Time(s) 0.0127 | RobustPrompt-T Loss 1.5935  
Epoch 031 |  Time(s) 0.0128 | RobustPrompt-T Loss 1.6055  
Epoch 032 |  Time(s) 0.0130 | RobustPrompt-T Loss 1.5279  
Epoch 033 |  Time(s) 0.0134 | RobustPrompt-T Loss 1.5684  
Epoch 034 |  Time(s) 0.0136 | RobustPrompt-T Loss 1.4719  
Epoch 035 |  Time(s) 0.0134 | RobustPrompt-T Loss 1.5400  
Epoch 036 |  Time(s) 0.0136 | RobustPrompt-T Loss 1.4165  
Epoch 037 |  Time(s) 0.0135 | RobustPrompt-T Loss 1.4273  
Epoch 038 |  Time(s) 0.0136 | RobustPrompt-T Loss 1.4161  
Epoch 039 |  Time(s) 0.0135 | RobustPrompt-T Loss 1.4134  
Epoch 040 |  Time(s) 0.0135 | RobustPrompt-T Loss 1.3775  
Epoch 041 |  Time(s) 0.0134 | RobustPrompt-T Loss 1.3552  
Epoch 042 |  Time(s) 0.0138 | RobustPrompt-T Loss 1.2692  
Epoch 043 |  Time(s) 0.0137 | RobustPrompt-T Loss 1.3227  
Epoch 044 |  Time(s) 0.0132 | RobustPrompt-T Loss 1.1946  
Epoch 045 |  Time(s) 0.0132 | RobustPrompt-T Loss 1.2161  
Epoch 046 |  Time(s) 0.0137 | RobustPrompt-T Loss 1.2037  
Epoch 047 |  Time(s) 0.0135 | RobustPrompt-T Loss 1.1168  
Epoch 048 |  Time(s) 0.0135 | RobustPrompt-T Loss 1.1267  
Epoch 049 |  Time(s) 0.0134 | RobustPrompt-T Loss 1.0635  
Epoch 050 |  Time(s) 0.0135 | RobustPrompt-T Loss 1.0078  
Epoch 051 |  Time(s) 0.0135 | RobustPrompt-T Loss 1.0295  
Epoch 052 |  Time(s) 0.0135 | RobustPrompt-T Loss 0.9971  
Epoch 053 |  Time(s) 0.0135 | RobustPrompt-T Loss 0.9630  
Epoch 054 |  Time(s) 0.0136 | RobustPrompt-T Loss 0.8970  
Epoch 055 |  Time(s) 0.0134 | RobustPrompt-T Loss 0.8985  
Epoch 056 |  Time(s) 0.0137 | RobustPrompt-T Loss 0.8742  
Epoch 057 |  Time(s) 0.0134 | RobustPrompt-T Loss 0.8654  
Epoch 058 |  Time(s) 0.0136 | RobustPrompt-T Loss 0.9169  
Epoch 059 |  Time(s) 0.0134 | RobustPrompt-T Loss 0.8380  
Epoch 060 |  Time(s) 0.0136 | RobustPrompt-T Loss 0.7997  
Epoch 061 |  Time(s) 0.0138 | RobustPrompt-T Loss 0.9423  
Epoch 062 |  Time(s) 0.0133 | RobustPrompt-T Loss 0.7750  
Epoch 063 |  Time(s) 0.0131 | RobustPrompt-T Loss 1.2655  
Epoch 064 |  Time(s) 0.0132 | RobustPrompt-T Loss 1.2935  
Epoch 065 |  Time(s) 0.0135 | RobustPrompt-T Loss 0.7075  
Epoch 066 |  Time(s) 0.0135 | RobustPrompt-T Loss 1.2394  
Epoch 067 |  Time(s) 0.0136 | RobustPrompt-T Loss 1.2817  
Epoch 068 |  Time(s) 0.0134 | RobustPrompt-T Loss 0.7953  
Epoch 069 |  Time(s) 0.0135 | RobustPrompt-T Loss 1.2372  
Epoch 070 |  Time(s) 0.0133 | RobustPrompt-T Loss 1.5262  
Epoch 071 |  Time(s) 0.0131 | RobustPrompt-T Loss 1.2579  
Epoch 072 |  Time(s) 0.0136 | RobustPrompt-T Loss 0.8027  
Epoch 073 |  Time(s) 0.0134 | RobustPrompt-T Loss 1.1365  
Epoch 074 |  Time(s) 0.0136 | RobustPrompt-T Loss 1.1621  
Epoch 075 |  Time(s) 0.0133 | RobustPrompt-T Loss 0.7954  
Epoch 076 |  Time(s) 0.0132 | RobustPrompt-T Loss 0.8118  
Epoch 077 |  Time(s) 0.0134 | RobustPrompt-T Loss 0.9010  
Epoch 078 |  Time(s) 0.0133 | RobustPrompt-T Loss 0.7875  
Epoch 079 |  Time(s) 0.0132 | RobustPrompt-T Loss 0.8991  
Epoch 080 |  Time(s) 0.0135 | RobustPrompt-T Loss 0.8502  
Epoch 081 |  Time(s) 0.0133 | RobustPrompt-T Loss 0.6950  
Epoch 082 |  Time(s) 0.0132 | RobustPrompt-T Loss 0.7140  
Epoch 083 |  Time(s) 0.0135 | RobustPrompt-T Loss 0.8964  
Epoch 084 |  Time(s) 0.0134 | RobustPrompt-T Loss 0.9508  
Epoch 085 |  Time(s) 0.0132 | RobustPrompt-T Loss 0.6635  
Epoch 086 |  Time(s) 0.0130 | RobustPrompt-T Loss 0.8627  
Epoch 087 |  Time(s) 0.0135 | RobustPrompt-T Loss 0.7725  
Epoch 088 |  Time(s) 0.0133 | RobustPrompt-T Loss 0.8033  
Epoch 089 |  Time(s) 0.0132 | RobustPrompt-T Loss 0.8120  
Epoch 090 |  Time(s) 0.0135 | RobustPrompt-T Loss 0.6498  
Epoch 091 |  Time(s) 0.0133 | RobustPrompt-T Loss 0.6287  
Epoch 092 |  Time(s) 0.0132 | RobustPrompt-T Loss 0.6808  
Epoch 093 |  Time(s) 0.0134 | RobustPrompt-T Loss 0.6019  
Epoch 094 |  Time(s) 0.0134 | RobustPrompt-T Loss 0.5646  
Epoch 095 |  Time(s) 0.0132 | RobustPrompt-T Loss 0.5902  
Epoch 096 |  Time(s) 0.0135 | RobustPrompt-T Loss 0.5658  
Epoch 097 |  Time(s) 0.0133 | RobustPrompt-T Loss 0.5629  
Epoch 098 |  Time(s) 0.0132 | RobustPrompt-T Loss 0.6052  
Epoch 099 |  Time(s) 0.0135 | RobustPrompt-T Loss 0.5471  
Epoch 100 |  Time(s) 0.0136 | RobustPrompt-T Loss 0.6456  
Epoch 101 |  Time(s) 0.0130 | RobustPrompt-T Loss 0.6172  
Epoch 102 |  Time(s) 0.0135 | RobustPrompt-T Loss 0.6286  
Epoch 103 |  Time(s) 0.0133 | RobustPrompt-T Loss 0.5361  
Epoch 104 |  Time(s) 0.0132 | RobustPrompt-T Loss 0.6262  
Epoch 105 |  Time(s) 0.0134 | RobustPrompt-T Loss 0.7037  
Epoch 106 |  Time(s) 0.0134 | RobustPrompt-T Loss 0.4803  
Epoch 107 |  Time(s) 0.0132 | RobustPrompt-T Loss 0.5019  
Epoch 108 |  Time(s) 0.0134 | RobustPrompt-T Loss 0.5281  
Epoch 109 |  Time(s) 0.0134 | RobustPrompt-T Loss 0.4684  
Epoch 110 |  Time(s) 0.0135 | RobustPrompt-T Loss 0.5656  
Epoch 111 |  Time(s) 0.0134 | RobustPrompt-T Loss 0.5377  
Epoch 112 |  Time(s) 0.0133 | RobustPrompt-T Loss 0.4353  
Epoch 113 |  Time(s) 0.0135 | RobustPrompt-T Loss 0.4293  
Epoch 114 |  Time(s) 0.0133 | RobustPrompt-T Loss 0.5176  
Epoch 115 |  Time(s) 0.0132 | RobustPrompt-T Loss 0.4931  
Epoch 116 |  Time(s) 0.0135 | RobustPrompt-T Loss 0.4210  
Epoch 117 |  Time(s) 0.0136 | RobustPrompt-T Loss 0.4064  
Epoch 118 |  Time(s) 0.0131 | RobustPrompt-T Loss 0.4414  
Epoch 119 |  Time(s) 0.0131 | RobustPrompt-T Loss 0.4016  
Epoch 120 |  Time(s) 0.0131 | RobustPrompt-T Loss 0.4514  
Epoch 121 |  Time(s) 0.0132 | RobustPrompt-T Loss 0.4353  
Epoch 122 |  Time(s) 0.0132 | RobustPrompt-T Loss 0.3582  
Epoch 123 |  Time(s) 0.0132 | RobustPrompt-T Loss 0.3492  
Epoch 124 |  Time(s) 0.0131 | RobustPrompt-T Loss 0.4412  
Epoch 125 |  Time(s) 0.0134 | RobustPrompt-T Loss 0.4319  
Epoch 126 |  Time(s) 0.0133 | RobustPrompt-T Loss 0.3202  
Epoch 127 |  Time(s) 0.0133 | RobustPrompt-T Loss 0.3417  
Epoch 128 |  Time(s) 0.0134 | RobustPrompt-T Loss 0.3336  
Epoch 129 |  Time(s) 0.0137 | RobustPrompt-T Loss 0.3151  
Epoch 130 |  Time(s) 0.0142 | RobustPrompt-T Loss 0.3737  
Epoch 131 |  Time(s) 0.0138 | RobustPrompt-T Loss 0.3070  
Epoch 132 |  Time(s) 0.0131 | RobustPrompt-T Loss 0.4762  
Epoch 133 |  Time(s) 0.0130 | RobustPrompt-T Loss 0.4951  
Epoch 134 |  Time(s) 0.0133 | RobustPrompt-T Loss 0.2541  
Epoch 135 |  Time(s) 0.0133 | RobustPrompt-T Loss 0.4385  
Epoch 136 |  Time(s) 0.0137 | RobustPrompt-T Loss 0.3007  
Epoch 137 |  Time(s) 0.0132 | RobustPrompt-T Loss 0.4383  
Epoch 138 |  Time(s) 0.0132 | RobustPrompt-T Loss 0.5100  
Epoch 139 |  Time(s) 0.0136 | RobustPrompt-T Loss 0.2368  
Epoch 140 |  Time(s) 0.0134 | RobustPrompt-T Loss 0.5067  
Epoch 141 |  Time(s) 0.0138 | RobustPrompt-T Loss 0.5690  
Epoch 142 |  Time(s) 0.0132 | RobustPrompt-T Loss 0.2368  
Epoch 143 |  Time(s) 0.0135 | RobustPrompt-T Loss 0.4641  
Epoch 144 |  Time(s) 0.0134 | RobustPrompt-T Loss 0.5454  
Epoch 145 |  Time(s) 0.0137 | RobustPrompt-T Loss 0.2361  
Epoch 146 |  Time(s) 0.0139 | RobustPrompt-T Loss 0.5049  
Epoch 147 |  Time(s) 0.0135 | RobustPrompt-T Loss 0.7364  
Epoch 148 |  Time(s) 0.0137 | RobustPrompt-T Loss 0.3126  
Epoch 149 |  Time(s) 0.0134 | RobustPrompt-T Loss 0.3418  
Epoch 150 |  Time(s) 0.0138 | RobustPrompt-T Loss 0.5484  
Epoch 151 |  Time(s) 0.0137 | RobustPrompt-T Loss 0.3261  
Epoch 152 |  Time(s) 0.0140 | RobustPrompt-T Loss 0.2415  
Epoch 153 |  Time(s) 0.0139 | RobustPrompt-T Loss 0.3360  
Epoch 154 |  Time(s) 0.0135 | RobustPrompt-T Loss 0.2234  
Epoch 155 |  Time(s) 0.0136 | RobustPrompt-T Loss 0.2686  
Epoch 156 |  Time(s) 0.0134 | RobustPrompt-T Loss 0.3238  
Epoch 157 |  Time(s) 0.0137 | RobustPrompt-T Loss 0.2636  
Epoch 158 |  Time(s) 0.0135 | RobustPrompt-T Loss 0.2228  
Epoch 159 |  Time(s) 0.0135 | RobustPrompt-T Loss 0.2319  
Epoch 160 |  Time(s) 0.0135 | RobustPrompt-T Loss 0.2491  
Epoch 161 |  Time(s) 0.0140 | RobustPrompt-T Loss 0.1931  
Epoch 162 |  Time(s) 0.0137 | RobustPrompt-T Loss 0.2184  
Epoch 163 |  Time(s) 0.0140 | RobustPrompt-T Loss 0.2135  
Epoch 164 |  Time(s) 0.0130 | RobustPrompt-T Loss 0.1927  
Epoch 165 |  Time(s) 0.0130 | RobustPrompt-T Loss 0.1616  
Epoch 166 |  Time(s) 0.0140 | RobustPrompt-T Loss 0.1896  
Epoch 167 |  Time(s) 0.0138 | RobustPrompt-T Loss 0.1973  
Epoch 168 |  Time(s) 0.0140 | RobustPrompt-T Loss 0.1658  
Epoch 169 |  Time(s) 0.0140 | RobustPrompt-T Loss 0.2656  
Epoch 170 |  Time(s) 0.0136 | RobustPrompt-T Loss 0.3073  
Epoch 171 |  Time(s) 0.0135 | RobustPrompt-T Loss 0.1378  
Epoch 172 |  Time(s) 0.0135 | RobustPrompt-T Loss 0.3033  
Epoch 173 |  Time(s) 0.0137 | RobustPrompt-T Loss 0.3057  
Epoch 174 |  Time(s) 0.0139 | RobustPrompt-T Loss 0.1453  
Epoch 175 |  Time(s) 0.0135 | RobustPrompt-T Loss 0.2238  
Epoch 176 |  Time(s) 0.0137 | RobustPrompt-T Loss 0.1953  
Epoch 177 |  Time(s) 0.0134 | RobustPrompt-T Loss 0.1722  
Epoch 178 |  Time(s) 0.0136 | RobustPrompt-T Loss 0.1844  
Epoch 179 |  Time(s) 0.0134 | RobustPrompt-T Loss 0.1212  
Epoch 180 |  Time(s) 0.0135 | RobustPrompt-T Loss 0.1604  
Epoch 181 |  Time(s) 0.0139 | RobustPrompt-T Loss 0.1132  
Epoch 182 |  Time(s) 0.0136 | RobustPrompt-T Loss 0.1461  
Epoch 183 |  Time(s) 0.0137 | RobustPrompt-T Loss 0.1129  
Epoch 184 |  Time(s) 0.0138 | RobustPrompt-T Loss 0.1136  
Epoch 185 |  Time(s) 0.0135 | RobustPrompt-T Loss 0.1158  
Epoch 186 |  Time(s) 0.0138 | RobustPrompt-T Loss 0.1014  
Epoch 187 |  Time(s) 0.0138 | RobustPrompt-T Loss 0.1035  
Epoch 188 |  Time(s) 0.0140 | RobustPrompt-T Loss 0.0971  
Epoch 189 |  Time(s) 0.0135 | RobustPrompt-T Loss 0.1016  
Epoch 190 |  Time(s) 0.0136 | RobustPrompt-T Loss 0.0929  
Epoch 191 |  Time(s) 0.0142 | RobustPrompt-T Loss 0.0872  
Epoch 192 |  Time(s) 0.0131 | RobustPrompt-T Loss 0.1028  
Epoch 193 |  Time(s) 0.0141 | RobustPrompt-T Loss 0.0860  
Epoch 194 |  Time(s) 0.0138 | RobustPrompt-T Loss 0.0896  
Epoch 195 |  Time(s) 0.0133 | RobustPrompt-T Loss 0.0973  
Epoch 196 |  Time(s) 0.0130 | RobustPrompt-T Loss 0.0951  
Epoch 197 |  Time(s) 0.0130 | RobustPrompt-T Loss 0.0787  
Epoch 198 |  Time(s) 0.0127 | RobustPrompt-T Loss 0.0777  
Epoch 199 |  Time(s) 0.0140 | RobustPrompt-T Loss 0.0745  
Epoch 200 |  Time(s) 0.0141 | RobustPrompt-T Loss 0.0729  
Final True Accuracy: 0.1100 | Macro F1 Score: 0.0749
best_loss [tensor(0.0729, device='cuda:0', grad_fn=<AddBackward0>)]
load LLC or attacked data with specified split
Successfully loaded the attack of dataname with few shot 5, split 1
Attack method : Meta_Self | Attack ptb : 0.2 | Dataset: Cora
======================
Number of graphs: 1
Number of features: 1433
Number of classes: 7

Data(x=[2708, 1433], edge_index=[2, 15484], y=[2708], train_mask=[2708], val_mask=[2708], test_mask=[2708])
===========================================================================================================
Number of nodes: 2708
Number of edges: 15484
Average node degree: 5.72
Has isolated nodes: False
Has self-loops: True
Is undirected: True
GCN(
  (conv_layers): ModuleList(
    (0): GCNConv(1433, 256)
    (1): GCNConv(256, 256)
  )
)
Successfully loaded pre-trained weights!
use RobustPrompt Tranductive
defense pt dict :  {'sim_pt': 0.3, 'degree_pt': 1, 'out_detect_pt': 0.5, 'other_pt': 'all'}
use_attention :  False
cosine_constraint :  True
pt_threshold :  0.5
filter_module :  OriginalFilter
temperature :  1.0
weight_mse 0.1
weight_kl :  0.3
weight_constraint :  0.2
run RobustPrompt-T
Epoch 001 |  Time(s) 0.0146 | RobustPrompt-T Loss 1.9459  
Epoch 002 |  Time(s) 0.0139 | RobustPrompt-T Loss 1.9351  
Epoch 003 |  Time(s) 0.0141 | RobustPrompt-T Loss 1.8944  
Epoch 004 |  Time(s) 0.0139 | RobustPrompt-T Loss 1.8706  
Epoch 005 |  Time(s) 0.0138 | RobustPrompt-T Loss 1.8956  
Epoch 006 |  Time(s) 0.0140 | RobustPrompt-T Loss 1.7787  
Epoch 007 |  Time(s) 0.0139 | RobustPrompt-T Loss 1.8540  
Epoch 008 |  Time(s) 0.0135 | RobustPrompt-T Loss 1.8259  
Epoch 009 |  Time(s) 0.0137 | RobustPrompt-T Loss 1.7274  
Epoch 010 |  Time(s) 0.0138 | RobustPrompt-T Loss 1.7822  
Epoch 011 |  Time(s) 0.0136 | RobustPrompt-T Loss 1.7239  
Epoch 012 |  Time(s) 0.0137 | RobustPrompt-T Loss 1.6915  
Epoch 013 |  Time(s) 0.0139 | RobustPrompt-T Loss 1.7064  
Epoch 014 |  Time(s) 0.0134 | RobustPrompt-T Loss 1.6903  
Epoch 015 |  Time(s) 0.0139 | RobustPrompt-T Loss 1.6758  
Epoch 016 |  Time(s) 0.0137 | RobustPrompt-T Loss 1.6595  
Epoch 017 |  Time(s) 0.0140 | RobustPrompt-T Loss 1.6488  
Epoch 018 |  Time(s) 0.0134 | RobustPrompt-T Loss 1.6611  
Epoch 019 |  Time(s) 0.0139 | RobustPrompt-T Loss 1.6485  
Epoch 020 |  Time(s) 0.0138 | RobustPrompt-T Loss 1.6436  
Epoch 021 |  Time(s) 0.0140 | RobustPrompt-T Loss 1.6158  
Epoch 022 |  Time(s) 0.0140 | RobustPrompt-T Loss 1.6109  
Epoch 023 |  Time(s) 0.0140 | RobustPrompt-T Loss 1.5847  
Epoch 024 |  Time(s) 0.0136 | RobustPrompt-T Loss 1.5799  
Epoch 025 |  Time(s) 0.0139 | RobustPrompt-T Loss 1.5572  
Epoch 026 |  Time(s) 0.0138 | RobustPrompt-T Loss 1.5853  
Epoch 027 |  Time(s) 0.0139 | RobustPrompt-T Loss 1.6091  
Epoch 028 |  Time(s) 0.0139 | RobustPrompt-T Loss 1.6171  
Epoch 029 |  Time(s) 0.0136 | RobustPrompt-T Loss 1.5802  
Epoch 030 |  Time(s) 0.0138 | RobustPrompt-T Loss 1.9966  
Epoch 031 |  Time(s) 0.0139 | RobustPrompt-T Loss 1.8559  
Epoch 032 |  Time(s) 0.0138 | RobustPrompt-T Loss 1.7135  
Epoch 033 |  Time(s) 0.0140 | RobustPrompt-T Loss 1.7526  
Epoch 034 |  Time(s) 0.0135 | RobustPrompt-T Loss 1.5595  
Epoch 035 |  Time(s) 0.0138 | RobustPrompt-T Loss 1.6903  
Epoch 036 |  Time(s) 0.0138 | RobustPrompt-T Loss 1.6556  
Epoch 037 |  Time(s) 0.0140 | RobustPrompt-T Loss 1.5404  
Epoch 038 |  Time(s) 0.0139 | RobustPrompt-T Loss 1.5307  
Epoch 039 |  Time(s) 0.0139 | RobustPrompt-T Loss 1.5628  
Epoch 040 |  Time(s) 0.0136 | RobustPrompt-T Loss 1.4966  
Epoch 041 |  Time(s) 0.0138 | RobustPrompt-T Loss 1.4820  
Epoch 042 |  Time(s) 0.0136 | RobustPrompt-T Loss 1.4973  
Epoch 043 |  Time(s) 0.0136 | RobustPrompt-T Loss 1.4700  
Epoch 044 |  Time(s) 0.0136 | RobustPrompt-T Loss 1.4576  
Epoch 045 |  Time(s) 0.0138 | RobustPrompt-T Loss 1.4140  
Epoch 046 |  Time(s) 0.0141 | RobustPrompt-T Loss 1.3461  
Epoch 047 |  Time(s) 0.0140 | RobustPrompt-T Loss 1.3440  
Epoch 048 |  Time(s) 0.0141 | RobustPrompt-T Loss 1.4178  
Epoch 049 |  Time(s) 0.0140 | RobustPrompt-T Loss 1.3066  
Epoch 050 |  Time(s) 0.0141 | RobustPrompt-T Loss 1.3083  
Epoch 051 |  Time(s) 0.0132 | RobustPrompt-T Loss 1.2286  
Epoch 052 |  Time(s) 0.0136 | RobustPrompt-T Loss 1.1944  
Epoch 053 |  Time(s) 0.0140 | RobustPrompt-T Loss 1.2835  
Epoch 054 |  Time(s) 0.0142 | RobustPrompt-T Loss 1.1453  
Epoch 055 |  Time(s) 0.0139 | RobustPrompt-T Loss 1.1169  
Epoch 056 |  Time(s) 0.0140 | RobustPrompt-T Loss 1.1393  
Epoch 057 |  Time(s) 0.0132 | RobustPrompt-T Loss 1.0491  
Epoch 058 |  Time(s) 0.0133 | RobustPrompt-T Loss 1.0518  
Epoch 059 |  Time(s) 0.0140 | RobustPrompt-T Loss 1.1265  
Epoch 060 |  Time(s) 0.0139 | RobustPrompt-T Loss 0.9968  
Epoch 061 |  Time(s) 0.0140 | RobustPrompt-T Loss 0.9568  
Epoch 062 |  Time(s) 0.0137 | RobustPrompt-T Loss 0.9561  
Epoch 063 |  Time(s) 0.0139 | RobustPrompt-T Loss 0.9334  
Epoch 064 |  Time(s) 0.0139 | RobustPrompt-T Loss 0.9213  
Epoch 065 |  Time(s) 0.0141 | RobustPrompt-T Loss 0.9080  
Epoch 066 |  Time(s) 0.0132 | RobustPrompt-T Loss 0.8643  
Epoch 067 |  Time(s) 0.0133 | RobustPrompt-T Loss 0.8585  
Epoch 068 |  Time(s) 0.0132 | RobustPrompt-T Loss 0.8222  
Epoch 069 |  Time(s) 0.0132 | RobustPrompt-T Loss 0.7868  
Epoch 070 |  Time(s) 0.0139 | RobustPrompt-T Loss 0.7788  
Epoch 071 |  Time(s) 0.0135 | RobustPrompt-T Loss 0.7853  
Epoch 072 |  Time(s) 0.0140 | RobustPrompt-T Loss 0.7398  
Epoch 073 |  Time(s) 0.0139 | RobustPrompt-T Loss 0.7135  
Epoch 074 |  Time(s) 0.0131 | RobustPrompt-T Loss 0.7156  
Epoch 075 |  Time(s) 0.0138 | RobustPrompt-T Loss 0.6996  
Epoch 076 |  Time(s) 0.0132 | RobustPrompt-T Loss 0.6968  
Epoch 077 |  Time(s) 0.0135 | RobustPrompt-T Loss 0.6990  
Epoch 078 |  Time(s) 0.0133 | RobustPrompt-T Loss 0.7044  
Epoch 079 |  Time(s) 0.0133 | RobustPrompt-T Loss 0.6304  
Epoch 080 |  Time(s) 0.0135 | RobustPrompt-T Loss 0.6106  
Epoch 081 |  Time(s) 0.0134 | RobustPrompt-T Loss 0.5813  
Epoch 082 |  Time(s) 0.0135 | RobustPrompt-T Loss 0.5678  
Epoch 083 |  Time(s) 0.0132 | RobustPrompt-T Loss 0.5547  
Epoch 084 |  Time(s) 0.0133 | RobustPrompt-T Loss 0.5536  
Epoch 085 |  Time(s) 0.0135 | RobustPrompt-T Loss 0.6635  
Epoch 086 |  Time(s) 0.0133 | RobustPrompt-T Loss 0.5023  
Epoch 087 |  Time(s) 0.0135 | RobustPrompt-T Loss 0.6578  
Epoch 088 |  Time(s) 0.0135 | RobustPrompt-T Loss 0.4625  
Epoch 089 |  Time(s) 0.0132 | RobustPrompt-T Loss 0.8034  
Epoch 090 |  Time(s) 0.0135 | RobustPrompt-T Loss 0.6124  
Epoch 091 |  Time(s) 0.0133 | RobustPrompt-T Loss 0.6717  
Epoch 092 |  Time(s) 0.0135 | RobustPrompt-T Loss 0.6915  
Epoch 093 |  Time(s) 0.0135 | RobustPrompt-T Loss 0.4688  
Epoch 094 |  Time(s) 0.0128 | RobustPrompt-T Loss 0.6079  
Epoch 095 |  Time(s) 0.0137 | RobustPrompt-T Loss 0.5229  
Epoch 096 |  Time(s) 0.0136 | RobustPrompt-T Loss 0.4690  
Epoch 097 |  Time(s) 0.0139 | RobustPrompt-T Loss 0.5745  
Epoch 098 |  Time(s) 0.0137 | RobustPrompt-T Loss 0.5185  
Epoch 099 |  Time(s) 0.0134 | RobustPrompt-T Loss 0.4816  
Epoch 100 |  Time(s) 0.0137 | RobustPrompt-T Loss 0.5294  
Epoch 101 |  Time(s) 0.0132 | RobustPrompt-T Loss 0.3617  
Epoch 102 |  Time(s) 0.0133 | RobustPrompt-T Loss 0.3461  
Epoch 103 |  Time(s) 0.0136 | RobustPrompt-T Loss 0.4422  
Epoch 104 |  Time(s) 0.0133 | RobustPrompt-T Loss 0.3489  
Epoch 105 |  Time(s) 0.0135 | RobustPrompt-T Loss 0.4538  
Epoch 106 |  Time(s) 0.0134 | RobustPrompt-T Loss 0.4239  
Epoch 107 |  Time(s) 0.0136 | RobustPrompt-T Loss 0.3142  
Epoch 108 |  Time(s) 0.0135 | RobustPrompt-T Loss 0.3963  
Epoch 109 |  Time(s) 0.0131 | RobustPrompt-T Loss 0.2699  
Epoch 110 |  Time(s) 0.0136 | RobustPrompt-T Loss 0.4962  
Epoch 111 |  Time(s) 0.0133 | RobustPrompt-T Loss 0.3815  
Epoch 112 |  Time(s) 0.0131 | RobustPrompt-T Loss 0.3417  
Epoch 113 |  Time(s) 0.0132 | RobustPrompt-T Loss 0.3568  
Epoch 114 |  Time(s) 0.0134 | RobustPrompt-T Loss 0.3588  
Epoch 115 |  Time(s) 0.0133 | RobustPrompt-T Loss 0.2726  
Epoch 116 |  Time(s) 0.0136 | RobustPrompt-T Loss 0.3940  
Epoch 117 |  Time(s) 0.0134 | RobustPrompt-T Loss 0.3359  
Epoch 118 |  Time(s) 0.0134 | RobustPrompt-T Loss 0.3293  
Epoch 119 |  Time(s) 0.0131 | RobustPrompt-T Loss 0.3409  
Epoch 120 |  Time(s) 0.0135 | RobustPrompt-T Loss 0.2495  
Epoch 121 |  Time(s) 0.0136 | RobustPrompt-T Loss 0.2416  
Epoch 122 |  Time(s) 0.0134 | RobustPrompt-T Loss 0.3047  
Epoch 123 |  Time(s) 0.0132 | RobustPrompt-T Loss 0.2652  
Epoch 124 |  Time(s) 0.0134 | RobustPrompt-T Loss 0.2673  
Epoch 125 |  Time(s) 0.0133 | RobustPrompt-T Loss 0.2332  
Epoch 126 |  Time(s) 0.0133 | RobustPrompt-T Loss 0.2805  
Epoch 127 |  Time(s) 0.0134 | RobustPrompt-T Loss 0.2475  
Epoch 128 |  Time(s) 0.0133 | RobustPrompt-T Loss 0.2493  
Epoch 129 |  Time(s) 0.0137 | RobustPrompt-T Loss 0.2252  
Epoch 130 |  Time(s) 0.0133 | RobustPrompt-T Loss 0.2295  
Epoch 131 |  Time(s) 0.0128 | RobustPrompt-T Loss 0.2011  
Epoch 132 |  Time(s) 0.0132 | RobustPrompt-T Loss 0.2600  
Epoch 133 |  Time(s) 0.0132 | RobustPrompt-T Loss 0.2229  
Epoch 134 |  Time(s) 0.0135 | RobustPrompt-T Loss 0.2232  
Epoch 135 |  Time(s) 0.0133 | RobustPrompt-T Loss 0.2075  
Epoch 136 |  Time(s) 0.0126 | RobustPrompt-T Loss 0.1948  
Epoch 137 |  Time(s) 0.0124 | RobustPrompt-T Loss 0.1620  
Epoch 138 |  Time(s) 0.0131 | RobustPrompt-T Loss 0.2659  
Epoch 139 |  Time(s) 0.0135 | RobustPrompt-T Loss 0.2400  
Epoch 140 |  Time(s) 0.0134 | RobustPrompt-T Loss 0.1540  
Epoch 141 |  Time(s) 0.0133 | RobustPrompt-T Loss 0.1446  
Epoch 142 |  Time(s) 0.0135 | RobustPrompt-T Loss 0.2383  
Epoch 143 |  Time(s) 0.0139 | RobustPrompt-T Loss 0.2082  
Epoch 144 |  Time(s) 0.0138 | RobustPrompt-T Loss 0.1529  
Epoch 145 |  Time(s) 0.0140 | RobustPrompt-T Loss 0.1460  
Epoch 146 |  Time(s) 0.0132 | RobustPrompt-T Loss 0.1891  
Epoch 147 |  Time(s) 0.0133 | RobustPrompt-T Loss 0.1650  
Epoch 148 |  Time(s) 0.0138 | RobustPrompt-T Loss 0.1553  
Epoch 149 |  Time(s) 0.0137 | RobustPrompt-T Loss 0.1445  
Epoch 150 |  Time(s) 0.0138 | RobustPrompt-T Loss 0.1590  
Epoch 151 |  Time(s) 0.0133 | RobustPrompt-T Loss 0.1583  
Epoch 152 |  Time(s) 0.0128 | RobustPrompt-T Loss 0.1291  
Epoch 153 |  Time(s) 0.0130 | RobustPrompt-T Loss 0.1190  
Epoch 154 |  Time(s) 0.0137 | RobustPrompt-T Loss 0.1946  
Epoch 155 |  Time(s) 0.0124 | RobustPrompt-T Loss 0.1780  
Epoch 156 |  Time(s) 0.0135 | RobustPrompt-T Loss 0.1124  
Epoch 157 |  Time(s) 0.0129 | RobustPrompt-T Loss 0.1020  
Epoch 158 |  Time(s) 0.0129 | RobustPrompt-T Loss 0.1366  
Epoch 159 |  Time(s) 0.0133 | RobustPrompt-T Loss 0.1001  
Epoch 160 |  Time(s) 0.0124 | RobustPrompt-T Loss 0.1636  
Epoch 161 |  Time(s) 0.0138 | RobustPrompt-T Loss 0.1586  
Epoch 162 |  Time(s) 0.0131 | RobustPrompt-T Loss 0.0872  
Epoch 163 |  Time(s) 0.0128 | RobustPrompt-T Loss 0.2130  
Epoch 164 |  Time(s) 0.0131 | RobustPrompt-T Loss 0.0714  
Epoch 165 |  Time(s) 0.0126 | RobustPrompt-T Loss 0.1274  
Epoch 166 |  Time(s) 0.0142 | RobustPrompt-T Loss 0.0895  
Epoch 167 |  Time(s) 0.0141 | RobustPrompt-T Loss 0.1870  
Epoch 168 |  Time(s) 0.0140 | RobustPrompt-T Loss 0.1714  
Epoch 169 |  Time(s) 0.0139 | RobustPrompt-T Loss 0.0959  
Epoch 170 |  Time(s) 0.0139 | RobustPrompt-T Loss 0.1194  
Epoch 171 |  Time(s) 0.0138 | RobustPrompt-T Loss 0.0725  
Epoch 172 |  Time(s) 0.0133 | RobustPrompt-T Loss 0.1571  
Epoch 173 |  Time(s) 0.0131 | RobustPrompt-T Loss 0.1398  
Epoch 174 |  Time(s) 0.0137 | RobustPrompt-T Loss 0.0733  
Epoch 175 |  Time(s) 0.0125 | RobustPrompt-T Loss 0.0813  
Epoch 176 |  Time(s) 0.0130 | RobustPrompt-T Loss 0.0855  
Epoch 177 |  Time(s) 0.0147 | RobustPrompt-T Loss 0.1327  
Epoch 178 |  Time(s) 0.0141 | RobustPrompt-T Loss 0.0876  
Epoch 179 |  Time(s) 0.0137 | RobustPrompt-T Loss 0.1540  
Epoch 180 |  Time(s) 0.0135 | RobustPrompt-T Loss 0.1566  
Epoch 181 |  Time(s) 0.0137 | RobustPrompt-T Loss 0.0695  
Epoch 182 |  Time(s) 0.0130 | RobustPrompt-T Loss 0.1136  
Epoch 183 |  Time(s) 0.0132 | RobustPrompt-T Loss 0.0871  
Epoch 184 |  Time(s) 0.0131 | RobustPrompt-T Loss 0.0627  
Epoch 185 |  Time(s) 0.0143 | RobustPrompt-T Loss 0.0705  
Epoch 186 |  Time(s) 0.0137 | RobustPrompt-T Loss 0.0785  
Epoch 187 |  Time(s) 0.0139 | RobustPrompt-T Loss 0.0825  
Epoch 188 |  Time(s) 0.0140 | RobustPrompt-T Loss 0.0613  
Epoch 189 |  Time(s) 0.0132 | RobustPrompt-T Loss 0.0906  
Epoch 190 |  Time(s) 0.0141 | RobustPrompt-T Loss 0.0493  
Epoch 191 |  Time(s) 0.0140 | RobustPrompt-T Loss 0.0850  
Epoch 192 |  Time(s) 0.0137 | RobustPrompt-T Loss 0.0473  
Epoch 193 |  Time(s) 0.0147 | RobustPrompt-T Loss 0.0711  
Epoch 194 |  Time(s) 0.0138 | RobustPrompt-T Loss 0.0590  
Epoch 195 |  Time(s) 0.0142 | RobustPrompt-T Loss 0.0476  
Epoch 196 |  Time(s) 0.0140 | RobustPrompt-T Loss 0.0671  
Epoch 197 |  Time(s) 0.0135 | RobustPrompt-T Loss 0.0451  
Epoch 198 |  Time(s) 0.0133 | RobustPrompt-T Loss 0.0521  
Epoch 199 |  Time(s) 0.0134 | RobustPrompt-T Loss 0.0693  
Epoch 200 |  Time(s) 0.0127 | RobustPrompt-T Loss 0.0586  
Final True Accuracy: 0.1063 | Macro F1 Score: 0.0802
best_loss [tensor(0.0586, device='cuda:0', grad_fn=<AddBackward0>)]
load LLC or attacked data with specified split
Successfully loaded the attack of dataname with few shot 5, split 1
Attack method : Meta_Self | Attack ptb : 0.2 | Dataset: Cora
======================
Number of graphs: 1
Number of features: 1433
Number of classes: 7

Data(x=[2708, 1433], edge_index=[2, 15484], y=[2708], train_mask=[2708], val_mask=[2708], test_mask=[2708])
===========================================================================================================
Number of nodes: 2708
Number of edges: 15484
Average node degree: 5.72
Has isolated nodes: False
Has self-loops: True
Is undirected: True
GCN(
  (conv_layers): ModuleList(
    (0): GCNConv(1433, 256)
    (1): GCNConv(256, 256)
  )
)
Successfully loaded pre-trained weights!
use RobustPrompt Tranductive
defense pt dict :  {'sim_pt': 0.3, 'degree_pt': 1, 'out_detect_pt': 0.5, 'other_pt': 'all'}
use_attention :  False
cosine_constraint :  True
pt_threshold :  0.5
filter_module :  OriginalFilter
temperature :  1.0
weight_mse 0.1
weight_kl :  0.3
weight_constraint :  0.2
run RobustPrompt-T
Epoch 001 |  Time(s) 0.0132 | RobustPrompt-T Loss 1.9464  
Epoch 002 |  Time(s) 0.0137 | RobustPrompt-T Loss 1.9502  
Epoch 003 |  Time(s) 0.0136 | RobustPrompt-T Loss 1.9287  
Epoch 004 |  Time(s) 0.0136 | RobustPrompt-T Loss 1.9192  
Epoch 005 |  Time(s) 0.0136 | RobustPrompt-T Loss 1.9041  
Epoch 006 |  Time(s) 0.0136 | RobustPrompt-T Loss 1.9006  
Epoch 007 |  Time(s) 0.0130 | RobustPrompt-T Loss 1.8741  
Epoch 008 |  Time(s) 0.0136 | RobustPrompt-T Loss 1.8631  
Epoch 009 |  Time(s) 0.0134 | RobustPrompt-T Loss 1.8687  
Epoch 010 |  Time(s) 0.0134 | RobustPrompt-T Loss 1.8363  
Epoch 011 |  Time(s) 0.0129 | RobustPrompt-T Loss 1.7983  
Epoch 012 |  Time(s) 0.0137 | RobustPrompt-T Loss 1.7754  
Epoch 013 |  Time(s) 0.0136 | RobustPrompt-T Loss 1.7733  
Epoch 014 |  Time(s) 0.0135 | RobustPrompt-T Loss 1.7340  
Epoch 015 |  Time(s) 0.0134 | RobustPrompt-T Loss 1.6939  
Epoch 016 |  Time(s) 0.0134 | RobustPrompt-T Loss 1.6987  
Epoch 017 |  Time(s) 0.0135 | RobustPrompt-T Loss 1.7257  
Epoch 018 |  Time(s) 0.0132 | RobustPrompt-T Loss 1.6934  
Epoch 019 |  Time(s) 0.0127 | RobustPrompt-T Loss 1.6428  
Epoch 020 |  Time(s) 0.0125 | RobustPrompt-T Loss 1.7071  
Epoch 021 |  Time(s) 0.0132 | RobustPrompt-T Loss 1.6677  
Epoch 022 |  Time(s) 0.0128 | RobustPrompt-T Loss 1.6709  
Epoch 023 |  Time(s) 0.0129 | RobustPrompt-T Loss 1.6317  
Epoch 024 |  Time(s) 0.0133 | RobustPrompt-T Loss 1.6071  
Epoch 025 |  Time(s) 0.0137 | RobustPrompt-T Loss 1.6517  
Epoch 026 |  Time(s) 0.0139 | RobustPrompt-T Loss 1.6411  
Epoch 027 |  Time(s) 0.0138 | RobustPrompt-T Loss 1.6228  
Epoch 028 |  Time(s) 0.0135 | RobustPrompt-T Loss 1.6027  
Epoch 029 |  Time(s) 0.0127 | RobustPrompt-T Loss 1.5480  
Epoch 030 |  Time(s) 0.0132 | RobustPrompt-T Loss 1.5945  
Epoch 031 |  Time(s) 0.0135 | RobustPrompt-T Loss 1.5453  
Epoch 032 |  Time(s) 0.0139 | RobustPrompt-T Loss 1.5008  
Epoch 033 |  Time(s) 0.0139 | RobustPrompt-T Loss 1.5521  
Epoch 034 |  Time(s) 0.0131 | RobustPrompt-T Loss 1.4537  
Epoch 035 |  Time(s) 0.0135 | RobustPrompt-T Loss 1.4739  
Epoch 036 |  Time(s) 0.0127 | RobustPrompt-T Loss 1.4903  
Epoch 037 |  Time(s) 0.0131 | RobustPrompt-T Loss 1.3664  
Epoch 038 |  Time(s) 0.0131 | RobustPrompt-T Loss 1.4706  
Epoch 039 |  Time(s) 0.0131 | RobustPrompt-T Loss 1.3158  
Epoch 040 |  Time(s) 0.0130 | RobustPrompt-T Loss 1.5643  
Epoch 041 |  Time(s) 0.0131 | RobustPrompt-T Loss 1.4237  
Epoch 042 |  Time(s) 0.0131 | RobustPrompt-T Loss 1.3770  
Epoch 043 |  Time(s) 0.0131 | RobustPrompt-T Loss 1.3595  
Epoch 044 |  Time(s) 0.0130 | RobustPrompt-T Loss 1.2204  
Epoch 045 |  Time(s) 0.0131 | RobustPrompt-T Loss 1.2002  
Epoch 046 |  Time(s) 0.0132 | RobustPrompt-T Loss 1.2745  
Epoch 047 |  Time(s) 0.0130 | RobustPrompt-T Loss 1.1874  
Epoch 048 |  Time(s) 0.0131 | RobustPrompt-T Loss 1.2469  
Epoch 049 |  Time(s) 0.0131 | RobustPrompt-T Loss 1.2189  
Epoch 050 |  Time(s) 0.0132 | RobustPrompt-T Loss 1.0849  
Epoch 051 |  Time(s) 0.0134 | RobustPrompt-T Loss 1.1124  
Epoch 052 |  Time(s) 0.0131 | RobustPrompt-T Loss 1.0329  
Epoch 053 |  Time(s) 0.0132 | RobustPrompt-T Loss 1.0392  
Epoch 054 |  Time(s) 0.0130 | RobustPrompt-T Loss 1.0465  
Epoch 055 |  Time(s) 0.0129 | RobustPrompt-T Loss 0.9667  
Epoch 056 |  Time(s) 0.0134 | RobustPrompt-T Loss 1.0967  
Epoch 057 |  Time(s) 0.0133 | RobustPrompt-T Loss 0.9729  
Epoch 058 |  Time(s) 0.0130 | RobustPrompt-T Loss 1.0636  
Epoch 059 |  Time(s) 0.0131 | RobustPrompt-T Loss 1.1095  
Epoch 060 |  Time(s) 0.0131 | RobustPrompt-T Loss 0.8853  
Epoch 061 |  Time(s) 0.0132 | RobustPrompt-T Loss 1.0774  
Epoch 062 |  Time(s) 0.0129 | RobustPrompt-T Loss 0.9691  
Epoch 063 |  Time(s) 0.0131 | RobustPrompt-T Loss 0.9492  
Epoch 064 |  Time(s) 0.0130 | RobustPrompt-T Loss 1.0128  
Epoch 065 |  Time(s) 0.0131 | RobustPrompt-T Loss 0.8293  
Epoch 066 |  Time(s) 0.0132 | RobustPrompt-T Loss 1.0348  
Epoch 067 |  Time(s) 0.0131 | RobustPrompt-T Loss 0.9498  
Epoch 068 |  Time(s) 0.0131 | RobustPrompt-T Loss 0.8654  
Epoch 069 |  Time(s) 0.0132 | RobustPrompt-T Loss 0.8528  
Epoch 070 |  Time(s) 0.0131 | RobustPrompt-T Loss 0.7811  
Epoch 071 |  Time(s) 0.0131 | RobustPrompt-T Loss 0.7716  
Epoch 072 |  Time(s) 0.0133 | RobustPrompt-T Loss 0.8089  
Epoch 073 |  Time(s) 0.0132 | RobustPrompt-T Loss 0.7627  
Epoch 074 |  Time(s) 0.0131 | RobustPrompt-T Loss 0.8648  
Epoch 075 |  Time(s) 0.0132 | RobustPrompt-T Loss 0.8358  
Epoch 076 |  Time(s) 0.0129 | RobustPrompt-T Loss 0.7380  
Epoch 077 |  Time(s) 0.0137 | RobustPrompt-T Loss 0.7061  
Epoch 078 |  Time(s) 0.0138 | RobustPrompt-T Loss 0.7877  
Epoch 079 |  Time(s) 0.0129 | RobustPrompt-T Loss 0.7504  
Epoch 080 |  Time(s) 0.0136 | RobustPrompt-T Loss 0.7080  
Epoch 081 |  Time(s) 0.0136 | RobustPrompt-T Loss 0.7063  
Epoch 082 |  Time(s) 0.0132 | RobustPrompt-T Loss 0.7034  
Epoch 083 |  Time(s) 0.0134 | RobustPrompt-T Loss 0.6705  
Epoch 084 |  Time(s) 0.0127 | RobustPrompt-T Loss 0.7188  
Epoch 085 |  Time(s) 0.0132 | RobustPrompt-T Loss 0.6993  
Epoch 086 |  Time(s) 0.0132 | RobustPrompt-T Loss 0.6331  
Epoch 087 |  Time(s) 0.0139 | RobustPrompt-T Loss 0.6074  
Epoch 088 |  Time(s) 0.0142 | RobustPrompt-T Loss 0.7072  
Epoch 089 |  Time(s) 0.0141 | RobustPrompt-T Loss 0.7093  
Epoch 090 |  Time(s) 0.0132 | RobustPrompt-T Loss 0.6152  
Epoch 091 |  Time(s) 0.0127 | RobustPrompt-T Loss 0.5816  
Epoch 092 |  Time(s) 0.0130 | RobustPrompt-T Loss 0.6729  
Epoch 093 |  Time(s) 0.0131 | RobustPrompt-T Loss 0.6602  
Epoch 094 |  Time(s) 0.0133 | RobustPrompt-T Loss 0.5735  
Epoch 095 |  Time(s) 0.0136 | RobustPrompt-T Loss 0.5721  
Epoch 096 |  Time(s) 0.0139 | RobustPrompt-T Loss 0.6529  
Epoch 097 |  Time(s) 0.0140 | RobustPrompt-T Loss 0.6213  
Epoch 098 |  Time(s) 0.0140 | RobustPrompt-T Loss 0.5609  
Epoch 099 |  Time(s) 0.0129 | RobustPrompt-T Loss 0.5440  
Epoch 100 |  Time(s) 0.0135 | RobustPrompt-T Loss 0.6131  
Epoch 101 |  Time(s) 0.0140 | RobustPrompt-T Loss 0.5960  
Epoch 102 |  Time(s) 0.0141 | RobustPrompt-T Loss 0.5371  
Epoch 103 |  Time(s) 0.0137 | RobustPrompt-T Loss 0.5190  
Epoch 104 |  Time(s) 0.0130 | RobustPrompt-T Loss 0.5940  
Epoch 105 |  Time(s) 0.0136 | RobustPrompt-T Loss 0.5744  
Epoch 106 |  Time(s) 0.0135 | RobustPrompt-T Loss 0.5147  
Epoch 107 |  Time(s) 0.0133 | RobustPrompt-T Loss 0.5037  
Epoch 108 |  Time(s) 0.0133 | RobustPrompt-T Loss 0.5806  
Epoch 109 |  Time(s) 0.0132 | RobustPrompt-T Loss 0.5606  
Epoch 110 |  Time(s) 0.0132 | RobustPrompt-T Loss 0.4865  
Epoch 111 |  Time(s) 0.0136 | RobustPrompt-T Loss 0.4773  
Epoch 112 |  Time(s) 0.0133 | RobustPrompt-T Loss 0.5638  
Epoch 113 |  Time(s) 0.0136 | RobustPrompt-T Loss 0.5218  
Epoch 114 |  Time(s) 0.0131 | RobustPrompt-T Loss 0.4848  
Epoch 115 |  Time(s) 0.0139 | RobustPrompt-T Loss 0.4706  
Epoch 116 |  Time(s) 0.0138 | RobustPrompt-T Loss 0.5514  
Epoch 117 |  Time(s) 0.0134 | RobustPrompt-T Loss 0.4972  
Epoch 118 |  Time(s) 0.0137 | RobustPrompt-T Loss 0.4957  
Epoch 119 |  Time(s) 0.0142 | RobustPrompt-T Loss 0.4788  
Epoch 120 |  Time(s) 0.0141 | RobustPrompt-T Loss 0.5093  
Epoch 121 |  Time(s) 0.0142 | RobustPrompt-T Loss 0.4723  
Epoch 122 |  Time(s) 0.0140 | RobustPrompt-T Loss 0.4965  
Epoch 123 |  Time(s) 0.0134 | RobustPrompt-T Loss 0.4812  
Epoch 124 |  Time(s) 0.0131 | RobustPrompt-T Loss 0.4926  
Epoch 125 |  Time(s) 0.0137 | RobustPrompt-T Loss 0.4488  
Epoch 126 |  Time(s) 0.0136 | RobustPrompt-T Loss 0.4851  
Epoch 127 |  Time(s) 0.0142 | RobustPrompt-T Loss 0.4560  
Epoch 128 |  Time(s) 0.0136 | RobustPrompt-T Loss 0.4792  
Epoch 129 |  Time(s) 0.0137 | RobustPrompt-T Loss 0.4297  
Epoch 130 |  Time(s) 0.0133 | RobustPrompt-T Loss 0.4849  
Epoch 131 |  Time(s) 0.0136 | RobustPrompt-T Loss 0.4359  
Epoch 132 |  Time(s) 0.0139 | RobustPrompt-T Loss 0.4675  
Epoch 133 |  Time(s) 0.0141 | RobustPrompt-T Loss 0.4257  
Epoch 134 |  Time(s) 0.0141 | RobustPrompt-T Loss 0.4587  
Epoch 135 |  Time(s) 0.0139 | RobustPrompt-T Loss 0.4185  
Epoch 136 |  Time(s) 0.0137 | RobustPrompt-T Loss 0.4270  
Epoch 137 |  Time(s) 0.0142 | RobustPrompt-T Loss 0.4312  
Epoch 138 |  Time(s) 0.0131 | RobustPrompt-T Loss 0.4182  
Epoch 139 |  Time(s) 0.0137 | RobustPrompt-T Loss 0.4092  
Epoch 140 |  Time(s) 0.0130 | RobustPrompt-T Loss 0.4113  
Epoch 141 |  Time(s) 0.0133 | RobustPrompt-T Loss 0.4185  
Epoch 142 |  Time(s) 0.0130 | RobustPrompt-T Loss 0.3919  
Epoch 143 |  Time(s) 0.0132 | RobustPrompt-T Loss 0.3861  
Epoch 144 |  Time(s) 0.0129 | RobustPrompt-T Loss 0.4111  
Epoch 145 |  Time(s) 0.0130 | RobustPrompt-T Loss 0.4158  
Epoch 146 |  Time(s) 0.0135 | RobustPrompt-T Loss 0.3832  
Epoch 147 |  Time(s) 0.0133 | RobustPrompt-T Loss 0.3853  
Epoch 148 |  Time(s) 0.0135 | RobustPrompt-T Loss 0.3930  
Epoch 149 |  Time(s) 0.0138 | RobustPrompt-T Loss 0.4136  
Epoch 150 |  Time(s) 0.0141 | RobustPrompt-T Loss 0.3731  
Epoch 151 |  Time(s) 0.0137 | RobustPrompt-T Loss 0.3989  
Epoch 152 |  Time(s) 0.0139 | RobustPrompt-T Loss 0.3951  
Epoch 153 |  Time(s) 0.0129 | RobustPrompt-T Loss 0.4281  
Epoch 154 |  Time(s) 0.0134 | RobustPrompt-T Loss 0.3824  
Epoch 155 |  Time(s) 0.0134 | RobustPrompt-T Loss 0.4136  
Epoch 156 |  Time(s) 0.0136 | RobustPrompt-T Loss 0.4008  
Epoch 157 |  Time(s) 0.0139 | RobustPrompt-T Loss 0.3883  
Epoch 158 |  Time(s) 0.0136 | RobustPrompt-T Loss 0.4379  
Epoch 159 |  Time(s) 0.0140 | RobustPrompt-T Loss 0.3606  
Epoch 160 |  Time(s) 0.0133 | RobustPrompt-T Loss 0.4112  
Epoch 161 |  Time(s) 0.0141 | RobustPrompt-T Loss 0.3604  
Epoch 162 |  Time(s) 0.0135 | RobustPrompt-T Loss 0.4107  
Epoch 163 |  Time(s) 0.0135 | RobustPrompt-T Loss 0.3511  
Epoch 164 |  Time(s) 0.0136 | RobustPrompt-T Loss 0.4072  
Epoch 165 |  Time(s) 0.0139 | RobustPrompt-T Loss 0.4061  
Epoch 166 |  Time(s) 0.0131 | RobustPrompt-T Loss 0.3250  
Epoch 167 |  Time(s) 0.0134 | RobustPrompt-T Loss 0.3565  
Epoch 168 |  Time(s) 0.0132 | RobustPrompt-T Loss 0.3813  
Epoch 169 |  Time(s) 0.0135 | RobustPrompt-T Loss 0.3728  
Epoch 170 |  Time(s) 0.0133 | RobustPrompt-T Loss 0.3532  
Epoch 171 |  Time(s) 0.0136 | RobustPrompt-T Loss 0.3817  
Epoch 172 |  Time(s) 0.0135 | RobustPrompt-T Loss 0.3373  
Epoch 173 |  Time(s) 0.0138 | RobustPrompt-T Loss 0.3348  
Epoch 174 |  Time(s) 0.0133 | RobustPrompt-T Loss 0.3812  
Epoch 175 |  Time(s) 0.0138 | RobustPrompt-T Loss 0.3683  
Epoch 176 |  Time(s) 0.0149 | RobustPrompt-T Loss 0.3313  
Epoch 177 |  Time(s) 0.0130 | RobustPrompt-T Loss 0.3332  
Epoch 178 |  Time(s) 0.0138 | RobustPrompt-T Loss 0.3479  
Epoch 179 |  Time(s) 0.0134 | RobustPrompt-T Loss 0.3015  
Epoch 180 |  Time(s) 0.0134 | RobustPrompt-T Loss 0.3464  
Epoch 181 |  Time(s) 0.0131 | RobustPrompt-T Loss 0.3274  
Epoch 182 |  Time(s) 0.0135 | RobustPrompt-T Loss 0.2952  
Epoch 183 |  Time(s) 0.0137 | RobustPrompt-T Loss 0.2829  
Epoch 184 |  Time(s) 0.0140 | RobustPrompt-T Loss 0.3401  
Epoch 185 |  Time(s) 0.0136 | RobustPrompt-T Loss 0.3205  
Epoch 186 |  Time(s) 0.0134 | RobustPrompt-T Loss 0.2804  
Epoch 187 |  Time(s) 0.0137 | RobustPrompt-T Loss 0.2769  
Epoch 188 |  Time(s) 0.0134 | RobustPrompt-T Loss 0.3172  
Epoch 189 |  Time(s) 0.0136 | RobustPrompt-T Loss 0.3182  
Epoch 190 |  Time(s) 0.0134 | RobustPrompt-T Loss 0.2761  
Epoch 191 |  Time(s) 0.0136 | RobustPrompt-T Loss 0.2825  
Epoch 192 |  Time(s) 0.0134 | RobustPrompt-T Loss 0.2836  
Epoch 193 |  Time(s) 0.0132 | RobustPrompt-T Loss 0.2822  
Epoch 194 |  Time(s) 0.0135 | RobustPrompt-T Loss 0.2895  
Epoch 195 |  Time(s) 0.0133 | RobustPrompt-T Loss 0.2778  
Epoch 196 |  Time(s) 0.0133 | RobustPrompt-T Loss 0.2989  
Epoch 197 |  Time(s) 0.0135 | RobustPrompt-T Loss 0.2506  
Epoch 198 |  Time(s) 0.0132 | RobustPrompt-T Loss 0.2988  
Epoch 199 |  Time(s) 0.0133 | RobustPrompt-T Loss 0.2604  
Epoch 200 |  Time(s) 0.0135 | RobustPrompt-T Loss 0.2963  
Final True Accuracy: 0.1055 | Macro F1 Score: 0.0802
best_loss [tensor(0.2963, device='cuda:0', grad_fn=<AddBackward0>)]
{1: {1: 0.11752491444349289}, 2: {1: 0.08803986757993698}, 3: {1: 0.11004983633756638}, 4: {1: 0.10631228983402252}, 5: {1: 0.10548172891139984}}
{1: {1: 0.11752491444349289, 2: 0.08803986757993698, 3: 0.11004983633756638, 4: 0.10631228983402252, 5: 0.10548172891139984}}
########################################################################################
seed: 1 | split 1 : 0.11752491444349289
# Seed 1 Muti Split Final Acc: 0.1175±0.0000
seed: 2 | split 1 : 0.08803986757993698
# Seed 2 Muti Split Final Acc: 0.0880±0.0000
seed: 3 | split 1 : 0.11004983633756638
# Seed 3 Muti Split Final Acc: 0.1100±0.0000
seed: 4 | split 1 : 0.10631228983402252
# Seed 4 Muti Split Final Acc: 0.1063±0.0000
seed: 5 | split 1 : 0.10548172891139984
# Seed 5 Muti Split Final Acc: 0.1055±0.0000
########################################################################################
split: 1 | seed 1 : 0.11752491444349289
split: 1 | seed 2 : 0.08803986757993698
split: 1 | seed 3 : 0.11004983633756638
split: 1 | seed 4 : 0.10631228983402252
split: 1 | seed 5 : 0.10548172891139984
# Split 1 Muti Seed Acc without min value: 0.1098±0.0048
########################################################################################
