load LLC or attacked data with specified split
Successfully loaded the attack of dataname with few shot 5, split 1
Attack method : Meta_Self | Attack ptb : 0.25 | Dataset: Cora
======================
Number of graphs: 1
Number of features: 1433
Number of classes: 7

Data(x=[2708, 1433], edge_index=[2, 15976], y=[2708], train_mask=[2708], val_mask=[2708], test_mask=[2708])
===========================================================================================================
Number of nodes: 2708
Number of edges: 15976
Average node degree: 5.90
Has isolated nodes: False
Has self-loops: True
Is undirected: True
GCN(
  (conv_layers): ModuleList(
    (0): GCNConv(1433, 256)
    (1): GCNConv(256, 256)
  )
)
Successfully loaded pre-trained weights!
use RobustPrompt Tranductive
defense pt dict :  {'sim_pt': 0.3, 'degree_pt': 1, 'out_detect_pt': 0.5, 'other_pt': 'all'}
use_attention :  False
cosine_constraint :  True
pt_threshold :  0.5
filter_module :  OriginalFilter
temperature :  1.0
weight_mse 0.1
weight_kl :  0.3
weight_constraint :  0.2
run RobustPrompt-T
Epoch 001 |  Time(s) 0.2693 | RobustPrompt-T Loss 1.9487  
Epoch 002 |  Time(s) 0.0137 | RobustPrompt-T Loss 1.9945  
Epoch 003 |  Time(s) 0.0129 | RobustPrompt-T Loss 1.9313  
Epoch 004 |  Time(s) 0.0125 | RobustPrompt-T Loss 1.9264  
Epoch 005 |  Time(s) 0.0127 | RobustPrompt-T Loss 1.9176  
Epoch 006 |  Time(s) 0.0133 | RobustPrompt-T Loss 1.9095  
Epoch 007 |  Time(s) 0.0135 | RobustPrompt-T Loss 1.8942  
Epoch 008 |  Time(s) 0.0133 | RobustPrompt-T Loss 1.8827  
Epoch 009 |  Time(s) 0.0133 | RobustPrompt-T Loss 1.8648  
Epoch 010 |  Time(s) 0.0130 | RobustPrompt-T Loss 1.8292  
Epoch 011 |  Time(s) 0.0135 | RobustPrompt-T Loss 1.8046  
Epoch 012 |  Time(s) 0.0133 | RobustPrompt-T Loss 1.7669  
Epoch 013 |  Time(s) 0.0135 | RobustPrompt-T Loss 1.7303  
Epoch 014 |  Time(s) 0.0131 | RobustPrompt-T Loss 1.6743  
Epoch 015 |  Time(s) 0.0131 | RobustPrompt-T Loss 1.6666  
Epoch 016 |  Time(s) 0.0134 | RobustPrompt-T Loss 1.6776  
Epoch 017 |  Time(s) 0.0135 | RobustPrompt-T Loss 1.6204  
Epoch 018 |  Time(s) 0.0135 | RobustPrompt-T Loss 1.5771  
Epoch 019 |  Time(s) 0.0131 | RobustPrompt-T Loss 1.5804  
Epoch 020 |  Time(s) 0.0135 | RobustPrompt-T Loss 1.5556  
Epoch 021 |  Time(s) 0.0135 | RobustPrompt-T Loss 1.5269  
Epoch 022 |  Time(s) 0.0137 | RobustPrompt-T Loss 1.5260  
Epoch 023 |  Time(s) 0.0134 | RobustPrompt-T Loss 1.5229  
Epoch 024 |  Time(s) 0.0137 | RobustPrompt-T Loss 1.4860  
Epoch 025 |  Time(s) 0.0132 | RobustPrompt-T Loss 1.4948  
Epoch 026 |  Time(s) 0.0135 | RobustPrompt-T Loss 1.4580  
Epoch 027 |  Time(s) 0.0135 | RobustPrompt-T Loss 1.4558  
Epoch 028 |  Time(s) 0.0137 | RobustPrompt-T Loss 1.4517  
Epoch 029 |  Time(s) 0.0133 | RobustPrompt-T Loss 1.4166  
Epoch 030 |  Time(s) 0.0131 | RobustPrompt-T Loss 1.4432  
Epoch 031 |  Time(s) 0.0134 | RobustPrompt-T Loss 1.5325  
Epoch 032 |  Time(s) 0.0136 | RobustPrompt-T Loss 1.4101  
Epoch 033 |  Time(s) 0.0136 | RobustPrompt-T Loss 1.4281  
Epoch 034 |  Time(s) 0.0133 | RobustPrompt-T Loss 1.4220  
Epoch 035 |  Time(s) 0.0130 | RobustPrompt-T Loss 1.4354  
Epoch 036 |  Time(s) 0.0136 | RobustPrompt-T Loss 1.4363  
Epoch 037 |  Time(s) 0.0135 | RobustPrompt-T Loss 1.3513  
Epoch 038 |  Time(s) 0.0134 | RobustPrompt-T Loss 1.3789  
Epoch 039 |  Time(s) 0.0134 | RobustPrompt-T Loss 1.4132  
Epoch 040 |  Time(s) 0.0131 | RobustPrompt-T Loss 1.3447  
Epoch 041 |  Time(s) 0.0137 | RobustPrompt-T Loss 1.3344  
Epoch 042 |  Time(s) 0.0139 | RobustPrompt-T Loss 1.2177  
Epoch 043 |  Time(s) 0.0134 | RobustPrompt-T Loss 1.2713  
Epoch 044 |  Time(s) 0.0135 | RobustPrompt-T Loss 1.2227  
Epoch 045 |  Time(s) 0.0135 | RobustPrompt-T Loss 1.1623  
Epoch 046 |  Time(s) 0.0131 | RobustPrompt-T Loss 1.1262  
Epoch 047 |  Time(s) 0.0138 | RobustPrompt-T Loss 1.0928  
Epoch 048 |  Time(s) 0.0132 | RobustPrompt-T Loss 1.1142  
Epoch 049 |  Time(s) 0.0131 | RobustPrompt-T Loss 1.0038  
Epoch 050 |  Time(s) 0.0135 | RobustPrompt-T Loss 1.0891  
Epoch 051 |  Time(s) 0.0135 | RobustPrompt-T Loss 0.9256  
Epoch 052 |  Time(s) 0.0137 | RobustPrompt-T Loss 0.9815  
Epoch 053 |  Time(s) 0.0138 | RobustPrompt-T Loss 0.8615  
Epoch 054 |  Time(s) 0.0131 | RobustPrompt-T Loss 0.9627  
Epoch 055 |  Time(s) 0.0134 | RobustPrompt-T Loss 0.8274  
Epoch 056 |  Time(s) 0.0130 | RobustPrompt-T Loss 0.9956  
Epoch 057 |  Time(s) 0.0134 | RobustPrompt-T Loss 0.8910  
Epoch 058 |  Time(s) 0.0133 | RobustPrompt-T Loss 0.8492  
Epoch 059 |  Time(s) 0.0137 | RobustPrompt-T Loss 0.9207  
Epoch 060 |  Time(s) 0.0135 | RobustPrompt-T Loss 0.8249  
Epoch 061 |  Time(s) 0.0136 | RobustPrompt-T Loss 0.7681  
Epoch 062 |  Time(s) 0.0139 | RobustPrompt-T Loss 0.7572  
Epoch 063 |  Time(s) 0.0134 | RobustPrompt-T Loss 0.7044  
Epoch 064 |  Time(s) 0.0136 | RobustPrompt-T Loss 0.7102  
Epoch 065 |  Time(s) 0.0133 | RobustPrompt-T Loss 0.6601  
Epoch 066 |  Time(s) 0.0137 | RobustPrompt-T Loss 0.8011  
Epoch 067 |  Time(s) 0.0134 | RobustPrompt-T Loss 0.7453  
Epoch 068 |  Time(s) 0.0138 | RobustPrompt-T Loss 0.6965  
Epoch 069 |  Time(s) 0.0138 | RobustPrompt-T Loss 0.6465  
Epoch 070 |  Time(s) 0.0134 | RobustPrompt-T Loss 0.7603  
Epoch 071 |  Time(s) 0.0137 | RobustPrompt-T Loss 0.6708  
Epoch 072 |  Time(s) 0.0132 | RobustPrompt-T Loss 0.6648  
Epoch 073 |  Time(s) 0.0137 | RobustPrompt-T Loss 0.6894  
Epoch 074 |  Time(s) 0.0140 | RobustPrompt-T Loss 0.5936  
Epoch 075 |  Time(s) 0.0135 | RobustPrompt-T Loss 0.5678  
Epoch 076 |  Time(s) 0.0137 | RobustPrompt-T Loss 0.6479  
Epoch 077 |  Time(s) 0.0132 | RobustPrompt-T Loss 0.5733  
Epoch 078 |  Time(s) 0.0136 | RobustPrompt-T Loss 0.6100  
Epoch 079 |  Time(s) 0.0134 | RobustPrompt-T Loss 0.6145  
Epoch 080 |  Time(s) 0.0138 | RobustPrompt-T Loss 0.5377  
Epoch 081 |  Time(s) 0.0138 | RobustPrompt-T Loss 0.5053  
Epoch 082 |  Time(s) 0.0138 | RobustPrompt-T Loss 0.5533  
Epoch 083 |  Time(s) 0.0136 | RobustPrompt-T Loss 0.5401  
Epoch 084 |  Time(s) 0.0136 | RobustPrompt-T Loss 0.4887  
Epoch 085 |  Time(s) 0.0134 | RobustPrompt-T Loss 0.4765  
Epoch 086 |  Time(s) 0.0138 | RobustPrompt-T Loss 0.5146  
Epoch 087 |  Time(s) 0.0138 | RobustPrompt-T Loss 0.4584  
Epoch 088 |  Time(s) 0.0135 | RobustPrompt-T Loss 0.5208  
Epoch 089 |  Time(s) 0.0130 | RobustPrompt-T Loss 0.4931  
Epoch 090 |  Time(s) 0.0137 | RobustPrompt-T Loss 0.4459  
Epoch 091 |  Time(s) 0.0139 | RobustPrompt-T Loss 0.4514  
Epoch 092 |  Time(s) 0.0135 | RobustPrompt-T Loss 0.4220  
Epoch 093 |  Time(s) 0.0137 | RobustPrompt-T Loss 0.4286  
Epoch 094 |  Time(s) 0.0132 | RobustPrompt-T Loss 0.4437  
Epoch 095 |  Time(s) 0.0136 | RobustPrompt-T Loss 0.4206  
Epoch 096 |  Time(s) 0.0134 | RobustPrompt-T Loss 0.4379  
Epoch 097 |  Time(s) 0.0136 | RobustPrompt-T Loss 0.4178  
Epoch 098 |  Time(s) 0.0139 | RobustPrompt-T Loss 0.3993  
Epoch 099 |  Time(s) 0.0136 | RobustPrompt-T Loss 0.4213  
Epoch 100 |  Time(s) 0.0139 | RobustPrompt-T Loss 0.3696  
Epoch 101 |  Time(s) 0.0137 | RobustPrompt-T Loss 0.3981  
Epoch 102 |  Time(s) 0.0135 | RobustPrompt-T Loss 0.3522  
Epoch 103 |  Time(s) 0.0138 | RobustPrompt-T Loss 0.3994  
Epoch 104 |  Time(s) 0.0138 | RobustPrompt-T Loss 0.3277  
Epoch 105 |  Time(s) 0.0134 | RobustPrompt-T Loss 0.3892  
Epoch 106 |  Time(s) 0.0138 | RobustPrompt-T Loss 0.3072  
Epoch 107 |  Time(s) 0.0137 | RobustPrompt-T Loss 0.3650  
Epoch 108 |  Time(s) 0.0133 | RobustPrompt-T Loss 0.3265  
Epoch 109 |  Time(s) 0.0137 | RobustPrompt-T Loss 0.3330  
Epoch 110 |  Time(s) 0.0140 | RobustPrompt-T Loss 0.3075  
Epoch 111 |  Time(s) 0.0135 | RobustPrompt-T Loss 0.3167  
Epoch 112 |  Time(s) 0.0136 | RobustPrompt-T Loss 0.3075  
Epoch 113 |  Time(s) 0.0132 | RobustPrompt-T Loss 0.2686  
Epoch 114 |  Time(s) 0.0136 | RobustPrompt-T Loss 0.3121  
Epoch 115 |  Time(s) 0.0133 | RobustPrompt-T Loss 0.2774  
Epoch 116 |  Time(s) 0.0137 | RobustPrompt-T Loss 0.3016  
Epoch 117 |  Time(s) 0.0140 | RobustPrompt-T Loss 0.2457  
Epoch 118 |  Time(s) 0.0135 | RobustPrompt-T Loss 0.3092  
Epoch 119 |  Time(s) 0.0136 | RobustPrompt-T Loss 0.2242  
Epoch 120 |  Time(s) 0.0134 | RobustPrompt-T Loss 0.2640  
Epoch 121 |  Time(s) 0.0136 | RobustPrompt-T Loss 0.2370  
Epoch 122 |  Time(s) 0.0139 | RobustPrompt-T Loss 0.2316  
Epoch 123 |  Time(s) 0.0135 | RobustPrompt-T Loss 0.2356  
Epoch 124 |  Time(s) 0.0137 | RobustPrompt-T Loss 0.2111  
Epoch 125 |  Time(s) 0.0133 | RobustPrompt-T Loss 0.2162  
Epoch 126 |  Time(s) 0.0135 | RobustPrompt-T Loss 0.1947  
Epoch 127 |  Time(s) 0.0140 | RobustPrompt-T Loss 0.1982  
Epoch 128 |  Time(s) 0.0144 | RobustPrompt-T Loss 0.1832  
Epoch 129 |  Time(s) 0.0128 | RobustPrompt-T Loss 0.1894  
Epoch 130 |  Time(s) 0.0132 | RobustPrompt-T Loss 0.1754  
Epoch 131 |  Time(s) 0.0128 | RobustPrompt-T Loss 0.1727  
Epoch 132 |  Time(s) 0.0135 | RobustPrompt-T Loss 0.1704  
Epoch 133 |  Time(s) 0.0134 | RobustPrompt-T Loss 0.1698  
Epoch 134 |  Time(s) 0.0138 | RobustPrompt-T Loss 0.1558  
Epoch 135 |  Time(s) 0.0133 | RobustPrompt-T Loss 0.1592  
Epoch 136 |  Time(s) 0.0130 | RobustPrompt-T Loss 0.1436  
Epoch 137 |  Time(s) 0.0138 | RobustPrompt-T Loss 0.1446  
Epoch 138 |  Time(s) 0.0135 | RobustPrompt-T Loss 0.1409  
Epoch 139 |  Time(s) 0.0137 | RobustPrompt-T Loss 0.1371  
Epoch 140 |  Time(s) 0.0133 | RobustPrompt-T Loss 0.1327  
Epoch 141 |  Time(s) 0.0138 | RobustPrompt-T Loss 0.1329  
Epoch 142 |  Time(s) 0.0138 | RobustPrompt-T Loss 0.1108  
Epoch 143 |  Time(s) 0.0135 | RobustPrompt-T Loss 0.1140  
Epoch 144 |  Time(s) 0.0136 | RobustPrompt-T Loss 0.1096  
Epoch 145 |  Time(s) 0.0134 | RobustPrompt-T Loss 0.1106  
Epoch 146 |  Time(s) 0.0137 | RobustPrompt-T Loss 0.1012  
Epoch 147 |  Time(s) 0.0138 | RobustPrompt-T Loss 0.0958  
Epoch 148 |  Time(s) 0.0134 | RobustPrompt-T Loss 0.0947  
Epoch 149 |  Time(s) 0.0135 | RobustPrompt-T Loss 0.0928  
Epoch 150 |  Time(s) 0.0135 | RobustPrompt-T Loss 0.0890  
Epoch 151 |  Time(s) 0.0136 | RobustPrompt-T Loss 0.0860  
Epoch 152 |  Time(s) 0.0140 | RobustPrompt-T Loss 0.0904  
Epoch 153 |  Time(s) 0.0134 | RobustPrompt-T Loss 0.0944  
Epoch 154 |  Time(s) 0.0137 | RobustPrompt-T Loss 0.0763  
Epoch 155 |  Time(s) 0.0134 | RobustPrompt-T Loss 0.0737  
Epoch 156 |  Time(s) 0.0137 | RobustPrompt-T Loss 0.0775  
Epoch 157 |  Time(s) 0.0133 | RobustPrompt-T Loss 0.0860  
Epoch 158 |  Time(s) 0.0135 | RobustPrompt-T Loss 0.0697  
Epoch 159 |  Time(s) 0.0140 | RobustPrompt-T Loss 0.0671  
Epoch 160 |  Time(s) 0.0135 | RobustPrompt-T Loss 0.0661  
Epoch 161 |  Time(s) 0.0137 | RobustPrompt-T Loss 0.0662  
Epoch 162 |  Time(s) 0.0139 | RobustPrompt-T Loss 0.0629  
Epoch 163 |  Time(s) 0.0139 | RobustPrompt-T Loss 0.0623  
Epoch 164 |  Time(s) 0.0135 | RobustPrompt-T Loss 0.0588  
Epoch 165 |  Time(s) 0.0137 | RobustPrompt-T Loss 0.0571  
Epoch 166 |  Time(s) 0.0139 | RobustPrompt-T Loss 0.0568  
Epoch 167 |  Time(s) 0.0145 | RobustPrompt-T Loss 0.0548  
Epoch 168 |  Time(s) 0.0137 | RobustPrompt-T Loss 0.0519  
Epoch 169 |  Time(s) 0.0133 | RobustPrompt-T Loss 0.0561  
Epoch 170 |  Time(s) 0.0138 | RobustPrompt-T Loss 0.0553  
Epoch 171 |  Time(s) 0.0141 | RobustPrompt-T Loss 0.0581  
Epoch 172 |  Time(s) 0.0138 | RobustPrompt-T Loss 0.0496  
Epoch 173 |  Time(s) 0.0137 | RobustPrompt-T Loss 0.0527  
Epoch 174 |  Time(s) 0.0132 | RobustPrompt-T Loss 0.0503  
Epoch 175 |  Time(s) 0.0134 | RobustPrompt-T Loss 0.0503  
Epoch 176 |  Time(s) 0.0130 | RobustPrompt-T Loss 0.0512  
Epoch 177 |  Time(s) 0.0130 | RobustPrompt-T Loss 0.0478  
Epoch 178 |  Time(s) 0.0128 | RobustPrompt-T Loss 0.0513  
Epoch 179 |  Time(s) 0.0126 | RobustPrompt-T Loss 0.0490  
Epoch 180 |  Time(s) 0.0137 | RobustPrompt-T Loss 0.0493  
Epoch 181 |  Time(s) 0.0128 | RobustPrompt-T Loss 0.0476  
Epoch 182 |  Time(s) 0.0130 | RobustPrompt-T Loss 0.0438  
Epoch 183 |  Time(s) 0.0127 | RobustPrompt-T Loss 0.0448  
Epoch 184 |  Time(s) 0.0134 | RobustPrompt-T Loss 0.0440  
Epoch 185 |  Time(s) 0.0136 | RobustPrompt-T Loss 0.0422  
Epoch 186 |  Time(s) 0.0140 | RobustPrompt-T Loss 0.0460  
Epoch 187 |  Time(s) 0.0141 | RobustPrompt-T Loss 0.0417  
Epoch 188 |  Time(s) 0.0139 | RobustPrompt-T Loss 0.0453  
Epoch 189 |  Time(s) 0.0134 | RobustPrompt-T Loss 0.0479  
Epoch 190 |  Time(s) 0.0137 | RobustPrompt-T Loss 0.0488  
Epoch 191 |  Time(s) 0.0134 | RobustPrompt-T Loss 0.0484  
Epoch 192 |  Time(s) 0.0140 | RobustPrompt-T Loss 0.0510  
Epoch 193 |  Time(s) 0.0144 | RobustPrompt-T Loss 0.0497  
Epoch 194 |  Time(s) 0.0143 | RobustPrompt-T Loss 0.0569  
Epoch 195 |  Time(s) 0.0137 | RobustPrompt-T Loss 0.0660  
Epoch 196 |  Time(s) 0.0140 | RobustPrompt-T Loss 0.0535  
Epoch 197 |  Time(s) 0.0135 | RobustPrompt-T Loss 0.0410  
Epoch 198 |  Time(s) 0.0138 | RobustPrompt-T Loss 0.0388  
Epoch 199 |  Time(s) 0.0122 | RobustPrompt-T Loss 0.0426  
Epoch 200 |  Time(s) 0.0129 | RobustPrompt-T Loss 0.0439  
Final True Accuracy: 0.0756 | Macro F1 Score: 0.0593
best_loss [tensor(0.0439, device='cuda:0', grad_fn=<AddBackward0>)]
load LLC or attacked data with specified split
Successfully loaded the attack of dataname with few shot 5, split 1
Attack method : Meta_Self | Attack ptb : 0.25 | Dataset: Cora
======================
Number of graphs: 1
Number of features: 1433
Number of classes: 7

Data(x=[2708, 1433], edge_index=[2, 15976], y=[2708], train_mask=[2708], val_mask=[2708], test_mask=[2708])
===========================================================================================================
Number of nodes: 2708
Number of edges: 15976
Average node degree: 5.90
Has isolated nodes: False
Has self-loops: True
Is undirected: True
GCN(
  (conv_layers): ModuleList(
    (0): GCNConv(1433, 256)
    (1): GCNConv(256, 256)
  )
)
Successfully loaded pre-trained weights!
use RobustPrompt Tranductive
defense pt dict :  {'sim_pt': 0.3, 'degree_pt': 1, 'out_detect_pt': 0.5, 'other_pt': 'all'}
use_attention :  False
cosine_constraint :  True
pt_threshold :  0.5
filter_module :  OriginalFilter
temperature :  1.0
weight_mse 0.1
weight_kl :  0.3
weight_constraint :  0.2
run RobustPrompt-T
Epoch 001 |  Time(s) 0.0137 | RobustPrompt-T Loss 1.9459  
Epoch 002 |  Time(s) 0.0138 | RobustPrompt-T Loss 1.9334  
Epoch 003 |  Time(s) 0.0141 | RobustPrompt-T Loss 1.9699  
Epoch 004 |  Time(s) 0.0153 | RobustPrompt-T Loss 1.9075  
Epoch 005 |  Time(s) 0.0138 | RobustPrompt-T Loss 1.9240  
Epoch 006 |  Time(s) 0.0133 | RobustPrompt-T Loss 1.9057  
Epoch 007 |  Time(s) 0.0131 | RobustPrompt-T Loss 1.8947  
Epoch 008 |  Time(s) 0.0134 | RobustPrompt-T Loss 1.8637  
Epoch 009 |  Time(s) 0.0137 | RobustPrompt-T Loss 1.8401  
Epoch 010 |  Time(s) 0.0137 | RobustPrompt-T Loss 1.8298  
Epoch 011 |  Time(s) 0.0136 | RobustPrompt-T Loss 1.7740  
Epoch 012 |  Time(s) 0.0135 | RobustPrompt-T Loss 1.7719  
Epoch 013 |  Time(s) 0.0134 | RobustPrompt-T Loss 1.6943  
Epoch 014 |  Time(s) 0.0139 | RobustPrompt-T Loss 1.6696  
Epoch 015 |  Time(s) 0.0132 | RobustPrompt-T Loss 1.6575  
Epoch 016 |  Time(s) 0.0135 | RobustPrompt-T Loss 1.6590  
Epoch 017 |  Time(s) 0.0136 | RobustPrompt-T Loss 1.5730  
Epoch 018 |  Time(s) 0.0133 | RobustPrompt-T Loss 1.6213  
Epoch 019 |  Time(s) 0.0138 | RobustPrompt-T Loss 1.5563  
Epoch 020 |  Time(s) 0.0135 | RobustPrompt-T Loss 1.6094  
Epoch 021 |  Time(s) 0.0140 | RobustPrompt-T Loss 1.5270  
Epoch 022 |  Time(s) 0.0140 | RobustPrompt-T Loss 1.5678  
Epoch 023 |  Time(s) 0.0139 | RobustPrompt-T Loss 1.5494  
Epoch 024 |  Time(s) 0.0138 | RobustPrompt-T Loss 1.5409  
Epoch 025 |  Time(s) 0.0138 | RobustPrompt-T Loss 1.4488  
Epoch 026 |  Time(s) 0.0140 | RobustPrompt-T Loss 1.5494  
Epoch 027 |  Time(s) 0.0135 | RobustPrompt-T Loss 1.4616  
Epoch 028 |  Time(s) 0.0135 | RobustPrompt-T Loss 1.5705  
Epoch 029 |  Time(s) 0.0137 | RobustPrompt-T Loss 1.4312  
Epoch 030 |  Time(s) 0.0138 | RobustPrompt-T Loss 1.5033  
Epoch 031 |  Time(s) 0.0137 | RobustPrompt-T Loss 1.5092  
Epoch 032 |  Time(s) 0.0139 | RobustPrompt-T Loss 1.3253  
Epoch 033 |  Time(s) 0.0136 | RobustPrompt-T Loss 1.3348  
Epoch 034 |  Time(s) 0.0138 | RobustPrompt-T Loss 1.3861  
Epoch 035 |  Time(s) 0.0135 | RobustPrompt-T Loss 1.2779  
Epoch 036 |  Time(s) 0.0137 | RobustPrompt-T Loss 1.2915  
Epoch 037 |  Time(s) 0.0139 | RobustPrompt-T Loss 1.2355  
Epoch 038 |  Time(s) 0.0140 | RobustPrompt-T Loss 1.1666  
Epoch 039 |  Time(s) 0.0142 | RobustPrompt-T Loss 1.1292  
Epoch 040 |  Time(s) 0.0141 | RobustPrompt-T Loss 1.1575  
Epoch 041 |  Time(s) 0.0140 | RobustPrompt-T Loss 1.1391  
Epoch 042 |  Time(s) 0.0139 | RobustPrompt-T Loss 1.0662  
Epoch 043 |  Time(s) 0.0141 | RobustPrompt-T Loss 0.9867  
Epoch 044 |  Time(s) 0.0138 | RobustPrompt-T Loss 1.0250  
Epoch 045 |  Time(s) 0.0139 | RobustPrompt-T Loss 1.0060  
Epoch 046 |  Time(s) 0.0136 | RobustPrompt-T Loss 0.9069  
Epoch 047 |  Time(s) 0.0140 | RobustPrompt-T Loss 0.8858  
Epoch 048 |  Time(s) 0.0138 | RobustPrompt-T Loss 0.8948  
Epoch 049 |  Time(s) 0.0138 | RobustPrompt-T Loss 0.8839  
Epoch 050 |  Time(s) 0.0142 | RobustPrompt-T Loss 0.8256  
Epoch 051 |  Time(s) 0.0136 | RobustPrompt-T Loss 0.7844  
Epoch 052 |  Time(s) 0.0141 | RobustPrompt-T Loss 0.7772  
Epoch 053 |  Time(s) 0.0142 | RobustPrompt-T Loss 0.7373  
Epoch 054 |  Time(s) 0.0141 | RobustPrompt-T Loss 0.7197  
Epoch 055 |  Time(s) 0.0136 | RobustPrompt-T Loss 0.7372  
Epoch 056 |  Time(s) 0.0140 | RobustPrompt-T Loss 0.7235  
Epoch 057 |  Time(s) 0.0141 | RobustPrompt-T Loss 0.6989  
Epoch 058 |  Time(s) 0.0140 | RobustPrompt-T Loss 0.6470  
Epoch 059 |  Time(s) 0.0140 | RobustPrompt-T Loss 0.6504  
Epoch 060 |  Time(s) 0.0142 | RobustPrompt-T Loss 0.6390  
Epoch 061 |  Time(s) 0.0141 | RobustPrompt-T Loss 0.5823  
Epoch 062 |  Time(s) 0.0136 | RobustPrompt-T Loss 0.5659  
Epoch 063 |  Time(s) 0.0138 | RobustPrompt-T Loss 0.5511  
Epoch 064 |  Time(s) 0.0139 | RobustPrompt-T Loss 0.6655  
Epoch 065 |  Time(s) 0.0140 | RobustPrompt-T Loss 0.4995  
Epoch 066 |  Time(s) 0.0140 | RobustPrompt-T Loss 0.6592  
Epoch 067 |  Time(s) 0.0141 | RobustPrompt-T Loss 0.5068  
Epoch 068 |  Time(s) 0.0138 | RobustPrompt-T Loss 0.9951  
Epoch 069 |  Time(s) 0.0143 | RobustPrompt-T Loss 1.1989  
Epoch 070 |  Time(s) 0.0137 | RobustPrompt-T Loss 0.6087  
Epoch 071 |  Time(s) 0.0142 | RobustPrompt-T Loss 1.1189  
Epoch 072 |  Time(s) 0.0141 | RobustPrompt-T Loss 1.8949  
Epoch 073 |  Time(s) 0.0141 | RobustPrompt-T Loss 1.2246  
Epoch 074 |  Time(s) 0.0139 | RobustPrompt-T Loss 0.5037  
Epoch 075 |  Time(s) 0.0138 | RobustPrompt-T Loss 0.9504  
Epoch 076 |  Time(s) 0.0138 | RobustPrompt-T Loss 1.0666  
Epoch 077 |  Time(s) 0.0146 | RobustPrompt-T Loss 0.7165  
Epoch 078 |  Time(s) 0.0136 | RobustPrompt-T Loss 0.5502  
Epoch 079 |  Time(s) 0.0137 | RobustPrompt-T Loss 0.8830  
Epoch 080 |  Time(s) 0.0136 | RobustPrompt-T Loss 0.6983  
Epoch 081 |  Time(s) 0.0136 | RobustPrompt-T Loss 0.4855  
Epoch 082 |  Time(s) 0.0137 | RobustPrompt-T Loss 0.5318  
Epoch 083 |  Time(s) 0.0134 | RobustPrompt-T Loss 0.5616  
Epoch 084 |  Time(s) 0.0137 | RobustPrompt-T Loss 0.5414  
Epoch 085 |  Time(s) 0.0141 | RobustPrompt-T Loss 0.6379  
Epoch 086 |  Time(s) 0.0133 | RobustPrompt-T Loss 0.6044  
Epoch 087 |  Time(s) 0.0135 | RobustPrompt-T Loss 0.4952  
Epoch 088 |  Time(s) 0.0134 | RobustPrompt-T Loss 0.4738  
Epoch 089 |  Time(s) 0.0135 | RobustPrompt-T Loss 0.5374  
Epoch 090 |  Time(s) 0.0134 | RobustPrompt-T Loss 0.5062  
Epoch 091 |  Time(s) 0.0136 | RobustPrompt-T Loss 0.6007  
Epoch 092 |  Time(s) 0.0135 | RobustPrompt-T Loss 0.6032  
Epoch 093 |  Time(s) 0.0135 | RobustPrompt-T Loss 0.4994  
Epoch 094 |  Time(s) 0.0133 | RobustPrompt-T Loss 0.4675  
Epoch 095 |  Time(s) 0.0136 | RobustPrompt-T Loss 0.5527  
Epoch 096 |  Time(s) 0.0133 | RobustPrompt-T Loss 0.5043  
Epoch 097 |  Time(s) 0.0135 | RobustPrompt-T Loss 0.4951  
Epoch 098 |  Time(s) 0.0136 | RobustPrompt-T Loss 0.5434  
Epoch 099 |  Time(s) 0.0133 | RobustPrompt-T Loss 0.5275  
Epoch 100 |  Time(s) 0.0135 | RobustPrompt-T Loss 0.4533  
Epoch 101 |  Time(s) 0.0135 | RobustPrompt-T Loss 0.5596  
Epoch 102 |  Time(s) 0.0136 | RobustPrompt-T Loss 0.5709  
Epoch 103 |  Time(s) 0.0135 | RobustPrompt-T Loss 0.4699  
Epoch 104 |  Time(s) 0.0135 | RobustPrompt-T Loss 0.4749  
Epoch 105 |  Time(s) 0.0135 | RobustPrompt-T Loss 0.5572  
Epoch 106 |  Time(s) 0.0134 | RobustPrompt-T Loss 0.4963  
Epoch 107 |  Time(s) 0.0136 | RobustPrompt-T Loss 0.4513  
Epoch 108 |  Time(s) 0.0136 | RobustPrompt-T Loss 0.5595  
Epoch 109 |  Time(s) 0.0137 | RobustPrompt-T Loss 0.4547  
Epoch 110 |  Time(s) 0.0136 | RobustPrompt-T Loss 0.4005  
Epoch 111 |  Time(s) 0.0141 | RobustPrompt-T Loss 0.5778  
Epoch 112 |  Time(s) 0.0137 | RobustPrompt-T Loss 0.6670  
Epoch 113 |  Time(s) 0.0137 | RobustPrompt-T Loss 0.5352  
Epoch 114 |  Time(s) 0.0135 | RobustPrompt-T Loss 0.4083  
Epoch 115 |  Time(s) 0.0138 | RobustPrompt-T Loss 0.5394  
Epoch 116 |  Time(s) 0.0137 | RobustPrompt-T Loss 0.4372  
Epoch 117 |  Time(s) 0.0138 | RobustPrompt-T Loss 0.3761  
Epoch 118 |  Time(s) 0.0136 | RobustPrompt-T Loss 0.5142  
Epoch 119 |  Time(s) 0.0136 | RobustPrompt-T Loss 0.5216  
Epoch 120 |  Time(s) 0.0137 | RobustPrompt-T Loss 0.3891  
Epoch 121 |  Time(s) 0.0136 | RobustPrompt-T Loss 0.5198  
Epoch 122 |  Time(s) 0.0136 | RobustPrompt-T Loss 0.6566  
Epoch 123 |  Time(s) 0.0136 | RobustPrompt-T Loss 0.7021  
Epoch 124 |  Time(s) 0.0142 | RobustPrompt-T Loss 0.4986  
Epoch 125 |  Time(s) 0.0139 | RobustPrompt-T Loss 0.4780  
Epoch 126 |  Time(s) 0.0135 | RobustPrompt-T Loss 0.6520  
Epoch 127 |  Time(s) 0.0137 | RobustPrompt-T Loss 0.7832  
Epoch 128 |  Time(s) 0.0136 | RobustPrompt-T Loss 0.6629  
Epoch 129 |  Time(s) 0.0138 | RobustPrompt-T Loss 0.5298  
Epoch 130 |  Time(s) 0.0135 | RobustPrompt-T Loss 0.3925  
Epoch 131 |  Time(s) 0.0137 | RobustPrompt-T Loss 0.5554  
Epoch 132 |  Time(s) 0.0141 | RobustPrompt-T Loss 0.7466  
Epoch 133 |  Time(s) 0.0136 | RobustPrompt-T Loss 0.8229  
Epoch 134 |  Time(s) 0.0137 | RobustPrompt-T Loss 0.7114  
Epoch 135 |  Time(s) 0.0141 | RobustPrompt-T Loss 0.4747  
Epoch 136 |  Time(s) 0.0136 | RobustPrompt-T Loss 0.4533  
----------------------------------------------------------------------------------------------------
Early stopping at 137 eopch!
Final True Accuracy: 0.0897 | Macro F1 Score: 0.0642
best_loss [tensor(0.4253, device='cuda:0', grad_fn=<AddBackward0>)]
load LLC or attacked data with specified split
Successfully loaded the attack of dataname with few shot 5, split 1
Attack method : Meta_Self | Attack ptb : 0.25 | Dataset: Cora
======================
Number of graphs: 1
Number of features: 1433
Number of classes: 7

Data(x=[2708, 1433], edge_index=[2, 15976], y=[2708], train_mask=[2708], val_mask=[2708], test_mask=[2708])
===========================================================================================================
Number of nodes: 2708
Number of edges: 15976
Average node degree: 5.90
Has isolated nodes: False
Has self-loops: True
Is undirected: True
GCN(
  (conv_layers): ModuleList(
    (0): GCNConv(1433, 256)
    (1): GCNConv(256, 256)
  )
)
Successfully loaded pre-trained weights!
use RobustPrompt Tranductive
defense pt dict :  {'sim_pt': 0.3, 'degree_pt': 1, 'out_detect_pt': 0.5, 'other_pt': 'all'}
use_attention :  False
cosine_constraint :  True
pt_threshold :  0.5
filter_module :  OriginalFilter
temperature :  1.0
weight_mse 0.1
weight_kl :  0.3
weight_constraint :  0.2
run RobustPrompt-T
Epoch 001 |  Time(s) 0.0143 | RobustPrompt-T Loss 1.9458  
Epoch 002 |  Time(s) 0.0136 | RobustPrompt-T Loss 1.9404  
Epoch 003 |  Time(s) 0.0139 | RobustPrompt-T Loss 1.9518  
Epoch 004 |  Time(s) 0.0142 | RobustPrompt-T Loss 1.9391  
Epoch 005 |  Time(s) 0.0142 | RobustPrompt-T Loss 1.8976  
Epoch 006 |  Time(s) 0.0138 | RobustPrompt-T Loss 1.8641  
Epoch 007 |  Time(s) 0.0135 | RobustPrompt-T Loss 1.8494  
Epoch 008 |  Time(s) 0.0135 | RobustPrompt-T Loss 1.8310  
Epoch 009 |  Time(s) 0.0139 | RobustPrompt-T Loss 1.7969  
Epoch 010 |  Time(s) 0.0141 | RobustPrompt-T Loss 1.7447  
Epoch 011 |  Time(s) 0.0143 | RobustPrompt-T Loss 1.7080  
Epoch 012 |  Time(s) 0.0134 | RobustPrompt-T Loss 1.6815  
Epoch 013 |  Time(s) 0.0140 | RobustPrompt-T Loss 1.6471  
Epoch 014 |  Time(s) 0.0140 | RobustPrompt-T Loss 1.6263  
Epoch 015 |  Time(s) 0.0136 | RobustPrompt-T Loss 1.6103  
Epoch 016 |  Time(s) 0.0138 | RobustPrompt-T Loss 1.5892  
Epoch 017 |  Time(s) 0.0139 | RobustPrompt-T Loss 1.5747  
Epoch 018 |  Time(s) 0.0137 | RobustPrompt-T Loss 1.5781  
Epoch 019 |  Time(s) 0.0143 | RobustPrompt-T Loss 1.5734  
Epoch 020 |  Time(s) 0.0139 | RobustPrompt-T Loss 1.5667  
Epoch 021 |  Time(s) 0.0138 | RobustPrompt-T Loss 1.5259  
Epoch 022 |  Time(s) 0.0143 | RobustPrompt-T Loss 1.5326  
Epoch 023 |  Time(s) 0.0140 | RobustPrompt-T Loss 1.5499  
Epoch 024 |  Time(s) 0.0139 | RobustPrompt-T Loss 1.4965  
Epoch 025 |  Time(s) 0.0139 | RobustPrompt-T Loss 1.5443  
Epoch 026 |  Time(s) 0.0135 | RobustPrompt-T Loss 1.5097  
Epoch 027 |  Time(s) 0.0139 | RobustPrompt-T Loss 1.4913  
Epoch 028 |  Time(s) 0.0141 | RobustPrompt-T Loss 1.4563  
Epoch 029 |  Time(s) 0.0145 | RobustPrompt-T Loss 1.7395  
Epoch 030 |  Time(s) 0.0142 | RobustPrompt-T Loss 1.4692  
Epoch 031 |  Time(s) 0.0138 | RobustPrompt-T Loss 1.7458  
Epoch 032 |  Time(s) 0.0141 | RobustPrompt-T Loss 1.4355  
Epoch 033 |  Time(s) 0.0138 | RobustPrompt-T Loss 1.4856  
Epoch 034 |  Time(s) 0.0141 | RobustPrompt-T Loss 1.4479  
Epoch 035 |  Time(s) 0.0142 | RobustPrompt-T Loss 1.3648  
Epoch 036 |  Time(s) 0.0139 | RobustPrompt-T Loss 1.3088  
Epoch 037 |  Time(s) 0.0138 | RobustPrompt-T Loss 1.3213  
Epoch 038 |  Time(s) 0.0135 | RobustPrompt-T Loss 1.2534  
Epoch 039 |  Time(s) 0.0138 | RobustPrompt-T Loss 1.2459  
Epoch 040 |  Time(s) 0.0142 | RobustPrompt-T Loss 1.1981  
Epoch 041 |  Time(s) 0.0138 | RobustPrompt-T Loss 1.1969  
Epoch 042 |  Time(s) 0.0137 | RobustPrompt-T Loss 1.2257  
Epoch 043 |  Time(s) 0.0142 | RobustPrompt-T Loss 1.0745  
Epoch 044 |  Time(s) 0.0139 | RobustPrompt-T Loss 1.1699  
Epoch 045 |  Time(s) 0.0144 | RobustPrompt-T Loss 1.0502  
Epoch 046 |  Time(s) 0.0140 | RobustPrompt-T Loss 1.0379  
Epoch 047 |  Time(s) 0.0139 | RobustPrompt-T Loss 0.9800  
Epoch 048 |  Time(s) 0.0139 | RobustPrompt-T Loss 0.9587  
Epoch 049 |  Time(s) 0.0139 | RobustPrompt-T Loss 0.9580  
Epoch 050 |  Time(s) 0.0141 | RobustPrompt-T Loss 0.9042  
Epoch 051 |  Time(s) 0.0139 | RobustPrompt-T Loss 0.8962  
Epoch 052 |  Time(s) 0.0139 | RobustPrompt-T Loss 0.8325  
Epoch 053 |  Time(s) 0.0142 | RobustPrompt-T Loss 0.8508  
Epoch 054 |  Time(s) 0.0142 | RobustPrompt-T Loss 0.8442  
Epoch 055 |  Time(s) 0.0142 | RobustPrompt-T Loss 0.7947  
Epoch 056 |  Time(s) 0.0138 | RobustPrompt-T Loss 0.7660  
Epoch 057 |  Time(s) 0.0138 | RobustPrompt-T Loss 0.7271  
Epoch 058 |  Time(s) 0.0142 | RobustPrompt-T Loss 0.6961  
Epoch 059 |  Time(s) 0.0138 | RobustPrompt-T Loss 0.7141  
Epoch 060 |  Time(s) 0.0140 | RobustPrompt-T Loss 0.7197  
Epoch 061 |  Time(s) 0.0138 | RobustPrompt-T Loss 0.6231  
Epoch 062 |  Time(s) 0.0140 | RobustPrompt-T Loss 0.6151  
Epoch 063 |  Time(s) 0.0140 | RobustPrompt-T Loss 0.6505  
Epoch 064 |  Time(s) 0.0143 | RobustPrompt-T Loss 0.5807  
Epoch 065 |  Time(s) 0.0140 | RobustPrompt-T Loss 0.5597  
Epoch 066 |  Time(s) 0.0141 | RobustPrompt-T Loss 0.5731  
Epoch 067 |  Time(s) 0.0139 | RobustPrompt-T Loss 0.5703  
Epoch 068 |  Time(s) 0.0143 | RobustPrompt-T Loss 0.5113  
Epoch 069 |  Time(s) 0.0146 | RobustPrompt-T Loss 0.4987  
Epoch 070 |  Time(s) 0.0145 | RobustPrompt-T Loss 0.5636  
Epoch 071 |  Time(s) 0.0146 | RobustPrompt-T Loss 0.4700  
Epoch 072 |  Time(s) 0.0140 | RobustPrompt-T Loss 0.4589  
Epoch 073 |  Time(s) 0.0143 | RobustPrompt-T Loss 0.5318  
Epoch 074 |  Time(s) 0.0141 | RobustPrompt-T Loss 0.4304  
Epoch 075 |  Time(s) 0.0147 | RobustPrompt-T Loss 0.5005  
Epoch 076 |  Time(s) 0.0144 | RobustPrompt-T Loss 0.4104  
Epoch 077 |  Time(s) 0.0140 | RobustPrompt-T Loss 0.4853  
Epoch 078 |  Time(s) 0.0139 | RobustPrompt-T Loss 0.4025  
Epoch 079 |  Time(s) 0.0142 | RobustPrompt-T Loss 0.4620  
Epoch 080 |  Time(s) 0.0140 | RobustPrompt-T Loss 0.3886  
Epoch 081 |  Time(s) 0.0139 | RobustPrompt-T Loss 0.4408  
Epoch 082 |  Time(s) 0.0141 | RobustPrompt-T Loss 0.3431  
Epoch 083 |  Time(s) 0.0145 | RobustPrompt-T Loss 0.4477  
Epoch 084 |  Time(s) 0.0145 | RobustPrompt-T Loss 0.3297  
Epoch 085 |  Time(s) 0.0141 | RobustPrompt-T Loss 0.4368  
Epoch 086 |  Time(s) 0.0144 | RobustPrompt-T Loss 0.3276  
Epoch 087 |  Time(s) 0.0141 | RobustPrompt-T Loss 0.4119  
Epoch 088 |  Time(s) 0.0144 | RobustPrompt-T Loss 0.3085  
Epoch 089 |  Time(s) 0.0140 | RobustPrompt-T Loss 0.3981  
Epoch 090 |  Time(s) 0.0138 | RobustPrompt-T Loss 0.3134  
Epoch 091 |  Time(s) 0.0140 | RobustPrompt-T Loss 0.3583  
Epoch 092 |  Time(s) 0.0141 | RobustPrompt-T Loss 0.3209  
Epoch 093 |  Time(s) 0.0141 | RobustPrompt-T Loss 0.3209  
Epoch 094 |  Time(s) 0.0140 | RobustPrompt-T Loss 0.3147  
Epoch 095 |  Time(s) 0.0141 | RobustPrompt-T Loss 0.2681  
Epoch 096 |  Time(s) 0.0140 | RobustPrompt-T Loss 0.2797  
Epoch 097 |  Time(s) 0.0141 | RobustPrompt-T Loss 0.2602  
Epoch 098 |  Time(s) 0.0139 | RobustPrompt-T Loss 0.2623  
Epoch 099 |  Time(s) 0.0138 | RobustPrompt-T Loss 0.2584  
Epoch 100 |  Time(s) 0.0141 | RobustPrompt-T Loss 0.2617  
Epoch 101 |  Time(s) 0.0139 | RobustPrompt-T Loss 0.2573  
Epoch 102 |  Time(s) 0.0137 | RobustPrompt-T Loss 0.2345  
Epoch 103 |  Time(s) 0.0140 | RobustPrompt-T Loss 0.2358  
Epoch 104 |  Time(s) 0.0141 | RobustPrompt-T Loss 0.2295  
Epoch 105 |  Time(s) 0.0141 | RobustPrompt-T Loss 0.2196  
Epoch 106 |  Time(s) 0.0142 | RobustPrompt-T Loss 0.2173  
Epoch 107 |  Time(s) 0.0138 | RobustPrompt-T Loss 0.2152  
Epoch 108 |  Time(s) 0.0137 | RobustPrompt-T Loss 0.2080  
Epoch 109 |  Time(s) 0.0141 | RobustPrompt-T Loss 0.2137  
Epoch 110 |  Time(s) 0.0140 | RobustPrompt-T Loss 0.2203  
Epoch 111 |  Time(s) 0.0136 | RobustPrompt-T Loss 0.2499  
Epoch 112 |  Time(s) 0.0138 | RobustPrompt-T Loss 0.1867  
Epoch 113 |  Time(s) 0.0141 | RobustPrompt-T Loss 0.1765  
Epoch 114 |  Time(s) 0.0139 | RobustPrompt-T Loss 0.1835  
Epoch 115 |  Time(s) 0.0139 | RobustPrompt-T Loss 0.1871  
Epoch 116 |  Time(s) 0.0138 | RobustPrompt-T Loss 0.1676  
Epoch 117 |  Time(s) 0.0143 | RobustPrompt-T Loss 0.1521  
Epoch 118 |  Time(s) 0.0138 | RobustPrompt-T Loss 0.1537  
Epoch 119 |  Time(s) 0.0139 | RobustPrompt-T Loss 0.1563  
Epoch 120 |  Time(s) 0.0136 | RobustPrompt-T Loss 0.1427  
Epoch 121 |  Time(s) 0.0140 | RobustPrompt-T Loss 0.1338  
Epoch 122 |  Time(s) 0.0135 | RobustPrompt-T Loss 0.1386  
Epoch 123 |  Time(s) 0.0141 | RobustPrompt-T Loss 0.1320  
Epoch 124 |  Time(s) 0.0135 | RobustPrompt-T Loss 0.1259  
Epoch 125 |  Time(s) 0.0139 | RobustPrompt-T Loss 0.1197  
Epoch 126 |  Time(s) 0.0137 | RobustPrompt-T Loss 0.1163  
Epoch 127 |  Time(s) 0.0139 | RobustPrompt-T Loss 0.1228  
Epoch 128 |  Time(s) 0.0141 | RobustPrompt-T Loss 0.1130  
Epoch 129 |  Time(s) 0.0138 | RobustPrompt-T Loss 0.1105  
Epoch 130 |  Time(s) 0.0140 | RobustPrompt-T Loss 0.1079  
Epoch 131 |  Time(s) 0.0136 | RobustPrompt-T Loss 0.1052  
Epoch 132 |  Time(s) 0.0137 | RobustPrompt-T Loss 0.1109  
Epoch 133 |  Time(s) 0.0139 | RobustPrompt-T Loss 0.1057  
Epoch 134 |  Time(s) 0.0140 | RobustPrompt-T Loss 0.1129  
Epoch 135 |  Time(s) 0.0140 | RobustPrompt-T Loss 0.1010  
Epoch 136 |  Time(s) 0.0144 | RobustPrompt-T Loss 0.0935  
Epoch 137 |  Time(s) 0.0147 | RobustPrompt-T Loss 0.0891  
Epoch 138 |  Time(s) 0.0143 | RobustPrompt-T Loss 0.0903  
Epoch 139 |  Time(s) 0.0139 | RobustPrompt-T Loss 0.0916  
Epoch 140 |  Time(s) 0.0141 | RobustPrompt-T Loss 0.0847  
Epoch 141 |  Time(s) 0.0140 | RobustPrompt-T Loss 0.0801  
Epoch 142 |  Time(s) 0.0140 | RobustPrompt-T Loss 0.0801  
Epoch 143 |  Time(s) 0.0140 | RobustPrompt-T Loss 0.0776  
Epoch 144 |  Time(s) 0.0138 | RobustPrompt-T Loss 0.0752  
Epoch 145 |  Time(s) 0.0139 | RobustPrompt-T Loss 0.0724  
Epoch 146 |  Time(s) 0.0141 | RobustPrompt-T Loss 0.0733  
Epoch 147 |  Time(s) 0.0144 | RobustPrompt-T Loss 0.0736  
Epoch 148 |  Time(s) 0.0141 | RobustPrompt-T Loss 0.0703  
Epoch 149 |  Time(s) 0.0140 | RobustPrompt-T Loss 0.0685  
Epoch 150 |  Time(s) 0.0140 | RobustPrompt-T Loss 0.0673  
Epoch 151 |  Time(s) 0.0139 | RobustPrompt-T Loss 0.0662  
Epoch 152 |  Time(s) 0.0142 | RobustPrompt-T Loss 0.0682  
Epoch 153 |  Time(s) 0.0138 | RobustPrompt-T Loss 0.0671  
Epoch 154 |  Time(s) 0.0136 | RobustPrompt-T Loss 0.0653  
Epoch 155 |  Time(s) 0.0140 | RobustPrompt-T Loss 0.0631  
Epoch 156 |  Time(s) 0.0141 | RobustPrompt-T Loss 0.0627  
Epoch 157 |  Time(s) 0.0141 | RobustPrompt-T Loss 0.0648  
Epoch 158 |  Time(s) 0.0140 | RobustPrompt-T Loss 0.0648  
Epoch 159 |  Time(s) 0.0139 | RobustPrompt-T Loss 0.0654  
Epoch 160 |  Time(s) 0.0138 | RobustPrompt-T Loss 0.0642  
Epoch 161 |  Time(s) 0.0140 | RobustPrompt-T Loss 0.0643  
Epoch 162 |  Time(s) 0.0141 | RobustPrompt-T Loss 0.0621  
Epoch 163 |  Time(s) 0.0141 | RobustPrompt-T Loss 0.0607  
Epoch 164 |  Time(s) 0.0139 | RobustPrompt-T Loss 0.0571  
Epoch 165 |  Time(s) 0.0141 | RobustPrompt-T Loss 0.0554  
Epoch 166 |  Time(s) 0.0141 | RobustPrompt-T Loss 0.0569  
Epoch 167 |  Time(s) 0.0140 | RobustPrompt-T Loss 0.0559  
Epoch 168 |  Time(s) 0.0143 | RobustPrompt-T Loss 0.0565  
Epoch 169 |  Time(s) 0.0140 | RobustPrompt-T Loss 0.0546  
Epoch 170 |  Time(s) 0.0138 | RobustPrompt-T Loss 0.0529  
Epoch 171 |  Time(s) 0.0139 | RobustPrompt-T Loss 0.0519  
Epoch 172 |  Time(s) 0.0141 | RobustPrompt-T Loss 0.0524  
Epoch 173 |  Time(s) 0.0138 | RobustPrompt-T Loss 0.0538  
Epoch 174 |  Time(s) 0.0141 | RobustPrompt-T Loss 0.0530  
Epoch 175 |  Time(s) 0.0140 | RobustPrompt-T Loss 0.0521  
Epoch 176 |  Time(s) 0.0142 | RobustPrompt-T Loss 0.0513  
Epoch 177 |  Time(s) 0.0142 | RobustPrompt-T Loss 0.0501  
Epoch 178 |  Time(s) 0.0147 | RobustPrompt-T Loss 0.0497  
Epoch 179 |  Time(s) 0.0141 | RobustPrompt-T Loss 0.0497  
Epoch 180 |  Time(s) 0.0141 | RobustPrompt-T Loss 0.0505  
Epoch 181 |  Time(s) 0.0137 | RobustPrompt-T Loss 0.0508  
Epoch 182 |  Time(s) 0.0141 | RobustPrompt-T Loss 0.0517  
Epoch 183 |  Time(s) 0.0140 | RobustPrompt-T Loss 0.0544  
Epoch 184 |  Time(s) 0.0140 | RobustPrompt-T Loss 0.0611  
Epoch 185 |  Time(s) 0.0139 | RobustPrompt-T Loss 0.0667  
Epoch 186 |  Time(s) 0.0145 | RobustPrompt-T Loss 0.0478  
Epoch 187 |  Time(s) 0.0140 | RobustPrompt-T Loss 0.0511  
Epoch 188 |  Time(s) 0.0141 | RobustPrompt-T Loss 0.0749  
Epoch 189 |  Time(s) 0.0145 | RobustPrompt-T Loss 0.0471  
Epoch 190 |  Time(s) 0.0140 | RobustPrompt-T Loss 0.0646  
Epoch 191 |  Time(s) 0.0142 | RobustPrompt-T Loss 0.1018  
Epoch 192 |  Time(s) 0.0140 | RobustPrompt-T Loss 0.0568  
Epoch 193 |  Time(s) 0.0143 | RobustPrompt-T Loss 0.3785  
Epoch 194 |  Time(s) 0.0145 | RobustPrompt-T Loss 0.3641  
Epoch 195 |  Time(s) 0.0135 | RobustPrompt-T Loss 0.0661  
Epoch 196 |  Time(s) 0.0140 | RobustPrompt-T Loss 0.1637  
Epoch 197 |  Time(s) 0.0139 | RobustPrompt-T Loss 0.1472  
Epoch 198 |  Time(s) 0.0141 | RobustPrompt-T Loss 0.1630  
Epoch 199 |  Time(s) 0.0140 | RobustPrompt-T Loss 0.1017  
Epoch 200 |  Time(s) 0.0139 | RobustPrompt-T Loss 0.2375  
Final True Accuracy: 0.0714 | Macro F1 Score: 0.0571
best_loss [tensor(0.2375, device='cuda:0', grad_fn=<AddBackward0>)]
load LLC or attacked data with specified split
Successfully loaded the attack of dataname with few shot 5, split 1
Attack method : Meta_Self | Attack ptb : 0.25 | Dataset: Cora
======================
Number of graphs: 1
Number of features: 1433
Number of classes: 7

Data(x=[2708, 1433], edge_index=[2, 15976], y=[2708], train_mask=[2708], val_mask=[2708], test_mask=[2708])
===========================================================================================================
Number of nodes: 2708
Number of edges: 15976
Average node degree: 5.90
Has isolated nodes: False
Has self-loops: True
Is undirected: True
GCN(
  (conv_layers): ModuleList(
    (0): GCNConv(1433, 256)
    (1): GCNConv(256, 256)
  )
)
Successfully loaded pre-trained weights!
use RobustPrompt Tranductive
defense pt dict :  {'sim_pt': 0.3, 'degree_pt': 1, 'out_detect_pt': 0.5, 'other_pt': 'all'}
use_attention :  False
cosine_constraint :  True
pt_threshold :  0.5
filter_module :  OriginalFilter
temperature :  1.0
weight_mse 0.1
weight_kl :  0.3
weight_constraint :  0.2
run RobustPrompt-T
Epoch 001 |  Time(s) 0.0155 | RobustPrompt-T Loss 1.9463  
Epoch 002 |  Time(s) 0.0142 | RobustPrompt-T Loss 1.9356  
Epoch 003 |  Time(s) 0.0142 | RobustPrompt-T Loss 1.9106  
Epoch 004 |  Time(s) 0.0145 | RobustPrompt-T Loss 1.9025  
Epoch 005 |  Time(s) 0.0140 | RobustPrompt-T Loss 1.8728  
Epoch 006 |  Time(s) 0.0141 | RobustPrompt-T Loss 1.8300  
Epoch 007 |  Time(s) 0.0142 | RobustPrompt-T Loss 1.8635  
Epoch 008 |  Time(s) 0.0140 | RobustPrompt-T Loss 1.7803  
Epoch 009 |  Time(s) 0.0140 | RobustPrompt-T Loss 1.7582  
Epoch 010 |  Time(s) 0.0141 | RobustPrompt-T Loss 1.7213  
Epoch 011 |  Time(s) 0.0139 | RobustPrompt-T Loss 1.6709  
Epoch 012 |  Time(s) 0.0140 | RobustPrompt-T Loss 1.6441  
Epoch 013 |  Time(s) 0.0141 | RobustPrompt-T Loss 1.5935  
Epoch 014 |  Time(s) 0.0139 | RobustPrompt-T Loss 1.6942  
Epoch 015 |  Time(s) 0.0141 | RobustPrompt-T Loss 1.5460  
Epoch 016 |  Time(s) 0.0141 | RobustPrompt-T Loss 1.6861  
Epoch 017 |  Time(s) 0.0139 | RobustPrompt-T Loss 1.5323  
Epoch 018 |  Time(s) 0.0140 | RobustPrompt-T Loss 1.7485  
Epoch 019 |  Time(s) 0.0140 | RobustPrompt-T Loss 1.5179  
Epoch 020 |  Time(s) 0.0140 | RobustPrompt-T Loss 1.5337  
Epoch 021 |  Time(s) 0.0139 | RobustPrompt-T Loss 1.5028  
Epoch 022 |  Time(s) 0.0141 | RobustPrompt-T Loss 1.4547  
Epoch 023 |  Time(s) 0.0137 | RobustPrompt-T Loss 1.7525  
Epoch 024 |  Time(s) 0.0138 | RobustPrompt-T Loss 1.4913  
Epoch 025 |  Time(s) 0.0143 | RobustPrompt-T Loss 1.4615  
Epoch 026 |  Time(s) 0.0140 | RobustPrompt-T Loss 1.6004  
Epoch 027 |  Time(s) 0.0141 | RobustPrompt-T Loss 1.4977  
Epoch 028 |  Time(s) 0.0142 | RobustPrompt-T Loss 1.6779  
Epoch 029 |  Time(s) 0.0139 | RobustPrompt-T Loss 1.5627  
Epoch 030 |  Time(s) 0.0140 | RobustPrompt-T Loss 1.6798  
Epoch 031 |  Time(s) 0.0142 | RobustPrompt-T Loss 1.5122  
Epoch 032 |  Time(s) 0.0140 | RobustPrompt-T Loss 1.4049  
Epoch 033 |  Time(s) 0.0139 | RobustPrompt-T Loss 1.4140  
Epoch 034 |  Time(s) 0.0140 | RobustPrompt-T Loss 1.4891  
Epoch 035 |  Time(s) 0.0138 | RobustPrompt-T Loss 1.4371  
Epoch 036 |  Time(s) 0.0141 | RobustPrompt-T Loss 1.3045  
Epoch 037 |  Time(s) 0.0141 | RobustPrompt-T Loss 1.4258  
Epoch 038 |  Time(s) 0.0140 | RobustPrompt-T Loss 1.3321  
Epoch 039 |  Time(s) 0.0139 | RobustPrompt-T Loss 1.3450  
Epoch 040 |  Time(s) 0.0141 | RobustPrompt-T Loss 1.3127  
Epoch 041 |  Time(s) 0.0143 | RobustPrompt-T Loss 1.2261  
Epoch 042 |  Time(s) 0.0137 | RobustPrompt-T Loss 1.1989  
Epoch 043 |  Time(s) 0.0140 | RobustPrompt-T Loss 1.1904  
Epoch 044 |  Time(s) 0.0139 | RobustPrompt-T Loss 1.1165  
Epoch 045 |  Time(s) 0.0139 | RobustPrompt-T Loss 1.1789  
Epoch 046 |  Time(s) 0.0140 | RobustPrompt-T Loss 1.0772  
Epoch 047 |  Time(s) 0.0139 | RobustPrompt-T Loss 1.1042  
Epoch 048 |  Time(s) 0.0141 | RobustPrompt-T Loss 1.0383  
Epoch 049 |  Time(s) 0.0140 | RobustPrompt-T Loss 1.0556  
Epoch 050 |  Time(s) 0.0141 | RobustPrompt-T Loss 1.0316  
Epoch 051 |  Time(s) 0.0139 | RobustPrompt-T Loss 1.0006  
Epoch 052 |  Time(s) 0.0140 | RobustPrompt-T Loss 0.9894  
Epoch 053 |  Time(s) 0.0140 | RobustPrompt-T Loss 0.9430  
Epoch 054 |  Time(s) 0.0139 | RobustPrompt-T Loss 0.9444  
Epoch 055 |  Time(s) 0.0140 | RobustPrompt-T Loss 0.8957  
Epoch 056 |  Time(s) 0.0141 | RobustPrompt-T Loss 0.8886  
Epoch 057 |  Time(s) 0.0139 | RobustPrompt-T Loss 0.8525  
Epoch 058 |  Time(s) 0.0140 | RobustPrompt-T Loss 0.8344  
Epoch 059 |  Time(s) 0.0140 | RobustPrompt-T Loss 0.8184  
Epoch 060 |  Time(s) 0.0142 | RobustPrompt-T Loss 0.8191  
Epoch 061 |  Time(s) 0.0138 | RobustPrompt-T Loss 0.7807  
Epoch 062 |  Time(s) 0.0140 | RobustPrompt-T Loss 0.7474  
Epoch 063 |  Time(s) 0.0140 | RobustPrompt-T Loss 0.7938  
Epoch 064 |  Time(s) 0.0140 | RobustPrompt-T Loss 0.7112  
Epoch 065 |  Time(s) 0.0140 | RobustPrompt-T Loss 0.7522  
Epoch 066 |  Time(s) 0.0141 | RobustPrompt-T Loss 0.6907  
Epoch 067 |  Time(s) 0.0139 | RobustPrompt-T Loss 0.7379  
Epoch 068 |  Time(s) 0.0140 | RobustPrompt-T Loss 0.6396  
Epoch 069 |  Time(s) 0.0141 | RobustPrompt-T Loss 0.5848  
Epoch 070 |  Time(s) 0.0139 | RobustPrompt-T Loss 0.6075  
Epoch 071 |  Time(s) 0.0140 | RobustPrompt-T Loss 0.6635  
Epoch 072 |  Time(s) 0.0140 | RobustPrompt-T Loss 0.5681  
Epoch 073 |  Time(s) 0.0141 | RobustPrompt-T Loss 0.6446  
Epoch 074 |  Time(s) 0.0141 | RobustPrompt-T Loss 0.5375  
Epoch 075 |  Time(s) 0.0141 | RobustPrompt-T Loss 0.5949  
Epoch 076 |  Time(s) 0.0141 | RobustPrompt-T Loss 0.5208  
Epoch 077 |  Time(s) 0.0140 | RobustPrompt-T Loss 0.5274  
Epoch 078 |  Time(s) 0.0140 | RobustPrompt-T Loss 0.4897  
Epoch 079 |  Time(s) 0.0147 | RobustPrompt-T Loss 0.5475  
Epoch 080 |  Time(s) 0.0139 | RobustPrompt-T Loss 0.4813  
Epoch 081 |  Time(s) 0.0141 | RobustPrompt-T Loss 0.4476  
Epoch 082 |  Time(s) 0.0143 | RobustPrompt-T Loss 0.4697  
Epoch 083 |  Time(s) 0.0140 | RobustPrompt-T Loss 0.4563  
Epoch 084 |  Time(s) 0.0139 | RobustPrompt-T Loss 0.4592  
Epoch 085 |  Time(s) 0.0140 | RobustPrompt-T Loss 0.4446  
Epoch 086 |  Time(s) 0.0139 | RobustPrompt-T Loss 0.4965  
Epoch 087 |  Time(s) 0.0141 | RobustPrompt-T Loss 0.3987  
Epoch 088 |  Time(s) 0.0137 | RobustPrompt-T Loss 0.4831  
Epoch 089 |  Time(s) 0.0141 | RobustPrompt-T Loss 0.4200  
Epoch 090 |  Time(s) 0.0142 | RobustPrompt-T Loss 0.4356  
Epoch 091 |  Time(s) 0.0138 | RobustPrompt-T Loss 0.4016  
Epoch 092 |  Time(s) 0.0141 | RobustPrompt-T Loss 0.3848  
Epoch 093 |  Time(s) 0.0138 | RobustPrompt-T Loss 0.4192  
Epoch 094 |  Time(s) 0.0141 | RobustPrompt-T Loss 0.4080  
Epoch 095 |  Time(s) 0.0140 | RobustPrompt-T Loss 0.3816  
Epoch 096 |  Time(s) 0.0140 | RobustPrompt-T Loss 0.3869  
Epoch 097 |  Time(s) 0.0140 | RobustPrompt-T Loss 0.3956  
Epoch 098 |  Time(s) 0.0141 | RobustPrompt-T Loss 0.3570  
Epoch 099 |  Time(s) 0.0139 | RobustPrompt-T Loss 0.4079  
Epoch 100 |  Time(s) 0.0141 | RobustPrompt-T Loss 0.3639  
Epoch 101 |  Time(s) 0.0142 | RobustPrompt-T Loss 0.3406  
Epoch 102 |  Time(s) 0.0140 | RobustPrompt-T Loss 0.3575  
Epoch 103 |  Time(s) 0.0143 | RobustPrompt-T Loss 0.3582  
Epoch 104 |  Time(s) 0.0137 | RobustPrompt-T Loss 0.3246  
Epoch 105 |  Time(s) 0.0140 | RobustPrompt-T Loss 0.3514  
Epoch 106 |  Time(s) 0.0140 | RobustPrompt-T Loss 0.3623  
Epoch 107 |  Time(s) 0.0141 | RobustPrompt-T Loss 0.3233  
Epoch 108 |  Time(s) 0.0141 | RobustPrompt-T Loss 0.3484  
Epoch 109 |  Time(s) 0.0138 | RobustPrompt-T Loss 0.3165  
Epoch 110 |  Time(s) 0.0144 | RobustPrompt-T Loss 0.3009  
Epoch 111 |  Time(s) 0.0138 | RobustPrompt-T Loss 0.3328  
Epoch 112 |  Time(s) 0.0140 | RobustPrompt-T Loss 0.3130  
Epoch 113 |  Time(s) 0.0141 | RobustPrompt-T Loss 0.2944  
Epoch 114 |  Time(s) 0.0139 | RobustPrompt-T Loss 0.2980  
Epoch 115 |  Time(s) 0.0139 | RobustPrompt-T Loss 0.3076  
Epoch 116 |  Time(s) 0.0141 | RobustPrompt-T Loss 0.3000  
Epoch 117 |  Time(s) 0.0140 | RobustPrompt-T Loss 0.2791  
Epoch 118 |  Time(s) 0.0140 | RobustPrompt-T Loss 0.2858  
Epoch 119 |  Time(s) 0.0140 | RobustPrompt-T Loss 0.2666  
Epoch 120 |  Time(s) 0.0140 | RobustPrompt-T Loss 0.2938  
Epoch 121 |  Time(s) 0.0140 | RobustPrompt-T Loss 0.2559  
Epoch 122 |  Time(s) 0.0141 | RobustPrompt-T Loss 0.2666  
Epoch 123 |  Time(s) 0.0139 | RobustPrompt-T Loss 0.2457  
Epoch 124 |  Time(s) 0.0142 | RobustPrompt-T Loss 0.2599  
Epoch 125 |  Time(s) 0.0140 | RobustPrompt-T Loss 0.2360  
Epoch 126 |  Time(s) 0.0139 | RobustPrompt-T Loss 0.2308  
Epoch 127 |  Time(s) 0.0140 | RobustPrompt-T Loss 0.2242  
Epoch 128 |  Time(s) 0.0138 | RobustPrompt-T Loss 0.2283  
Epoch 129 |  Time(s) 0.0143 | RobustPrompt-T Loss 0.2114  
Epoch 130 |  Time(s) 0.0141 | RobustPrompt-T Loss 0.2025  
Epoch 131 |  Time(s) 0.0140 | RobustPrompt-T Loss 0.1907  
Epoch 132 |  Time(s) 0.0140 | RobustPrompt-T Loss 0.2029  
Epoch 133 |  Time(s) 0.0139 | RobustPrompt-T Loss 0.1909  
Epoch 134 |  Time(s) 0.0139 | RobustPrompt-T Loss 0.1847  
Epoch 135 |  Time(s) 0.0139 | RobustPrompt-T Loss 0.1771  
Epoch 136 |  Time(s) 0.0141 | RobustPrompt-T Loss 0.1851  
Epoch 137 |  Time(s) 0.0140 | RobustPrompt-T Loss 0.1656  
Epoch 138 |  Time(s) 0.0142 | RobustPrompt-T Loss 0.1606  
Epoch 139 |  Time(s) 0.0142 | RobustPrompt-T Loss 0.1632  
Epoch 140 |  Time(s) 0.0139 | RobustPrompt-T Loss 0.1520  
Epoch 141 |  Time(s) 0.0141 | RobustPrompt-T Loss 0.1491  
Epoch 142 |  Time(s) 0.0141 | RobustPrompt-T Loss 0.1451  
Epoch 143 |  Time(s) 0.0140 | RobustPrompt-T Loss 0.1404  
Epoch 144 |  Time(s) 0.0139 | RobustPrompt-T Loss 0.1372  
Epoch 145 |  Time(s) 0.0141 | RobustPrompt-T Loss 0.1307  
Epoch 146 |  Time(s) 0.0140 | RobustPrompt-T Loss 0.1265  
Epoch 147 |  Time(s) 0.0140 | RobustPrompt-T Loss 0.1265  
Epoch 148 |  Time(s) 0.0142 | RobustPrompt-T Loss 0.1239  
Epoch 149 |  Time(s) 0.0138 | RobustPrompt-T Loss 0.1295  
Epoch 150 |  Time(s) 0.0137 | RobustPrompt-T Loss 0.1123  
Epoch 151 |  Time(s) 0.0140 | RobustPrompt-T Loss 0.1178  
Epoch 152 |  Time(s) 0.0141 | RobustPrompt-T Loss 0.1091  
Epoch 153 |  Time(s) 0.0139 | RobustPrompt-T Loss 0.1167  
Epoch 154 |  Time(s) 0.0139 | RobustPrompt-T Loss 0.1075  
Epoch 155 |  Time(s) 0.0140 | RobustPrompt-T Loss 0.0993  
Epoch 156 |  Time(s) 0.0141 | RobustPrompt-T Loss 0.0988  
Epoch 157 |  Time(s) 0.0140 | RobustPrompt-T Loss 0.0951  
Epoch 158 |  Time(s) 0.0139 | RobustPrompt-T Loss 0.1007  
Epoch 159 |  Time(s) 0.0141 | RobustPrompt-T Loss 0.0955  
Epoch 160 |  Time(s) 0.0141 | RobustPrompt-T Loss 0.0886  
Epoch 161 |  Time(s) 0.0140 | RobustPrompt-T Loss 0.0884  
Epoch 162 |  Time(s) 0.0140 | RobustPrompt-T Loss 0.0859  
Epoch 163 |  Time(s) 0.0141 | RobustPrompt-T Loss 0.0932  
Epoch 164 |  Time(s) 0.0139 | RobustPrompt-T Loss 0.0825  
Epoch 165 |  Time(s) 0.0144 | RobustPrompt-T Loss 0.0813  
Epoch 166 |  Time(s) 0.0142 | RobustPrompt-T Loss 0.0793  
Epoch 167 |  Time(s) 0.0144 | RobustPrompt-T Loss 0.0840  
Epoch 168 |  Time(s) 0.0142 | RobustPrompt-T Loss 0.0822  
Epoch 169 |  Time(s) 0.0141 | RobustPrompt-T Loss 0.0785  
Epoch 170 |  Time(s) 0.0142 | RobustPrompt-T Loss 0.0766  
Epoch 171 |  Time(s) 0.0139 | RobustPrompt-T Loss 0.0734  
Epoch 172 |  Time(s) 0.0142 | RobustPrompt-T Loss 0.0720  
Epoch 173 |  Time(s) 0.0139 | RobustPrompt-T Loss 0.0727  
Epoch 174 |  Time(s) 0.0141 | RobustPrompt-T Loss 0.0739  
Epoch 175 |  Time(s) 0.0140 | RobustPrompt-T Loss 0.0704  
Epoch 176 |  Time(s) 0.0140 | RobustPrompt-T Loss 0.0680  
Epoch 177 |  Time(s) 0.0141 | RobustPrompt-T Loss 0.0691  
Epoch 178 |  Time(s) 0.0139 | RobustPrompt-T Loss 0.0683  
Epoch 179 |  Time(s) 0.0139 | RobustPrompt-T Loss 0.0711  
Epoch 180 |  Time(s) 0.0142 | RobustPrompt-T Loss 0.0664  
Epoch 181 |  Time(s) 0.0140 | RobustPrompt-T Loss 0.0655  
Epoch 182 |  Time(s) 0.0139 | RobustPrompt-T Loss 0.0641  
Epoch 183 |  Time(s) 0.0146 | RobustPrompt-T Loss 0.0634  
Epoch 184 |  Time(s) 0.0139 | RobustPrompt-T Loss 0.0689  
Epoch 185 |  Time(s) 0.0140 | RobustPrompt-T Loss 0.0648  
Epoch 186 |  Time(s) 0.0141 | RobustPrompt-T Loss 0.0746  
Epoch 187 |  Time(s) 0.0140 | RobustPrompt-T Loss 0.0683  
Epoch 188 |  Time(s) 0.0139 | RobustPrompt-T Loss 0.0810  
Epoch 189 |  Time(s) 0.0142 | RobustPrompt-T Loss 0.0641  
Epoch 190 |  Time(s) 0.0142 | RobustPrompt-T Loss 0.0580  
Epoch 191 |  Time(s) 0.0140 | RobustPrompt-T Loss 0.0604  
Epoch 192 |  Time(s) 0.0139 | RobustPrompt-T Loss 0.0599  
Epoch 193 |  Time(s) 0.0141 | RobustPrompt-T Loss 0.0580  
Epoch 194 |  Time(s) 0.0141 | RobustPrompt-T Loss 0.0557  
Epoch 195 |  Time(s) 0.0139 | RobustPrompt-T Loss 0.0571  
Epoch 196 |  Time(s) 0.0140 | RobustPrompt-T Loss 0.0623  
Epoch 197 |  Time(s) 0.0141 | RobustPrompt-T Loss 0.0514  
Epoch 198 |  Time(s) 0.0139 | RobustPrompt-T Loss 0.0533  
Epoch 199 |  Time(s) 0.0140 | RobustPrompt-T Loss 0.0560  
Epoch 200 |  Time(s) 0.0141 | RobustPrompt-T Loss 0.0552  
Final True Accuracy: 0.0893 | Macro F1 Score: 0.0674
best_loss [tensor(0.0552, device='cuda:0', grad_fn=<AddBackward0>)]
load LLC or attacked data with specified split
Successfully loaded the attack of dataname with few shot 5, split 1
Attack method : Meta_Self | Attack ptb : 0.25 | Dataset: Cora
======================
Number of graphs: 1
Number of features: 1433
Number of classes: 7

Data(x=[2708, 1433], edge_index=[2, 15976], y=[2708], train_mask=[2708], val_mask=[2708], test_mask=[2708])
===========================================================================================================
Number of nodes: 2708
Number of edges: 15976
Average node degree: 5.90
Has isolated nodes: False
Has self-loops: True
Is undirected: True
GCN(
  (conv_layers): ModuleList(
    (0): GCNConv(1433, 256)
    (1): GCNConv(256, 256)
  )
)
Successfully loaded pre-trained weights!
use RobustPrompt Tranductive
defense pt dict :  {'sim_pt': 0.3, 'degree_pt': 1, 'out_detect_pt': 0.5, 'other_pt': 'all'}
use_attention :  False
cosine_constraint :  True
pt_threshold :  0.5
filter_module :  OriginalFilter
temperature :  1.0
weight_mse 0.1
weight_kl :  0.3
weight_constraint :  0.2
run RobustPrompt-T
Epoch 001 |  Time(s) 0.0145 | RobustPrompt-T Loss 1.9476  
Epoch 002 |  Time(s) 0.0137 | RobustPrompt-T Loss 1.9481  
Epoch 003 |  Time(s) 0.0141 | RobustPrompt-T Loss 1.9211  
Epoch 004 |  Time(s) 0.0139 | RobustPrompt-T Loss 1.9572  
Epoch 005 |  Time(s) 0.0141 | RobustPrompt-T Loss 1.9052  
Epoch 006 |  Time(s) 0.0141 | RobustPrompt-T Loss 1.9193  
Epoch 007 |  Time(s) 0.0140 | RobustPrompt-T Loss 1.8788  
Epoch 008 |  Time(s) 0.0139 | RobustPrompt-T Loss 1.8899  
Epoch 009 |  Time(s) 0.0136 | RobustPrompt-T Loss 1.8654  
Epoch 010 |  Time(s) 0.0138 | RobustPrompt-T Loss 1.8430  
Epoch 011 |  Time(s) 0.0140 | RobustPrompt-T Loss 1.8087  
Epoch 012 |  Time(s) 0.0138 | RobustPrompt-T Loss 1.7595  
Epoch 013 |  Time(s) 0.0139 | RobustPrompt-T Loss 1.7427  
Epoch 014 |  Time(s) 0.0141 | RobustPrompt-T Loss 1.6888  
Epoch 015 |  Time(s) 0.0138 | RobustPrompt-T Loss 1.6814  
Epoch 016 |  Time(s) 0.0136 | RobustPrompt-T Loss 1.6134  
Epoch 017 |  Time(s) 0.0138 | RobustPrompt-T Loss 1.6133  
Epoch 018 |  Time(s) 0.0138 | RobustPrompt-T Loss 1.5600  
Epoch 019 |  Time(s) 0.0138 | RobustPrompt-T Loss 1.5693  
Epoch 020 |  Time(s) 0.0139 | RobustPrompt-T Loss 1.6013  
Epoch 021 |  Time(s) 0.0140 | RobustPrompt-T Loss 1.5708  
Epoch 022 |  Time(s) 0.0136 | RobustPrompt-T Loss 1.7063  
Epoch 023 |  Time(s) 0.0138 | RobustPrompt-T Loss 1.4806  
Epoch 024 |  Time(s) 0.0139 | RobustPrompt-T Loss 1.5756  
Epoch 025 |  Time(s) 0.0138 | RobustPrompt-T Loss 1.4809  
Epoch 026 |  Time(s) 0.0140 | RobustPrompt-T Loss 1.5336  
Epoch 027 |  Time(s) 0.0139 | RobustPrompt-T Loss 1.5497  
Epoch 028 |  Time(s) 0.0140 | RobustPrompt-T Loss 1.4306  
Epoch 029 |  Time(s) 0.0139 | RobustPrompt-T Loss 1.5782  
Epoch 030 |  Time(s) 0.0135 | RobustPrompt-T Loss 1.3835  
Epoch 031 |  Time(s) 0.0138 | RobustPrompt-T Loss 1.4381  
Epoch 032 |  Time(s) 0.0139 | RobustPrompt-T Loss 1.4763  
Epoch 033 |  Time(s) 0.0139 | RobustPrompt-T Loss 1.3625  
Epoch 034 |  Time(s) 0.0141 | RobustPrompt-T Loss 1.3311  
Epoch 035 |  Time(s) 0.0139 | RobustPrompt-T Loss 1.4969  
Epoch 036 |  Time(s) 0.0143 | RobustPrompt-T Loss 1.2716  
Epoch 037 |  Time(s) 0.0140 | RobustPrompt-T Loss 1.2703  
Epoch 038 |  Time(s) 0.0141 | RobustPrompt-T Loss 1.2521  
Epoch 039 |  Time(s) 0.0140 | RobustPrompt-T Loss 1.2105  
Epoch 040 |  Time(s) 0.0140 | RobustPrompt-T Loss 1.2283  
Epoch 041 |  Time(s) 0.0140 | RobustPrompt-T Loss 1.1348  
Epoch 042 |  Time(s) 0.0141 | RobustPrompt-T Loss 1.0927  
Epoch 043 |  Time(s) 0.0140 | RobustPrompt-T Loss 1.0655  
Epoch 044 |  Time(s) 0.0140 | RobustPrompt-T Loss 1.0595  
Epoch 045 |  Time(s) 0.0141 | RobustPrompt-T Loss 0.9810  
Epoch 046 |  Time(s) 0.0140 | RobustPrompt-T Loss 1.0476  
Epoch 047 |  Time(s) 0.0139 | RobustPrompt-T Loss 0.9803  
Epoch 048 |  Time(s) 0.0141 | RobustPrompt-T Loss 0.9011  
Epoch 049 |  Time(s) 0.0140 | RobustPrompt-T Loss 0.8868  
Epoch 050 |  Time(s) 0.0139 | RobustPrompt-T Loss 0.9240  
Epoch 051 |  Time(s) 0.0141 | RobustPrompt-T Loss 0.8660  
Epoch 052 |  Time(s) 0.0141 | RobustPrompt-T Loss 0.8398  
Epoch 053 |  Time(s) 0.0139 | RobustPrompt-T Loss 0.8652  
Epoch 054 |  Time(s) 0.0140 | RobustPrompt-T Loss 0.7922  
Epoch 055 |  Time(s) 0.0140 | RobustPrompt-T Loss 0.8633  
Epoch 056 |  Time(s) 0.0140 | RobustPrompt-T Loss 0.7824  
Epoch 057 |  Time(s) 0.0140 | RobustPrompt-T Loss 1.0136  
Epoch 058 |  Time(s) 0.0138 | RobustPrompt-T Loss 1.0213  
Epoch 059 |  Time(s) 0.0141 | RobustPrompt-T Loss 0.7712  
Epoch 060 |  Time(s) 0.0140 | RobustPrompt-T Loss 0.8241  
Epoch 061 |  Time(s) 0.0140 | RobustPrompt-T Loss 0.7316  
Epoch 062 |  Time(s) 0.0146 | RobustPrompt-T Loss 0.9088  
Epoch 063 |  Time(s) 0.0140 | RobustPrompt-T Loss 0.8665  
Epoch 064 |  Time(s) 0.0142 | RobustPrompt-T Loss 0.6489  
Epoch 065 |  Time(s) 0.0140 | RobustPrompt-T Loss 0.7077  
Epoch 066 |  Time(s) 0.0140 | RobustPrompt-T Loss 0.6716  
Epoch 067 |  Time(s) 0.0141 | RobustPrompt-T Loss 0.6707  
Epoch 068 |  Time(s) 0.0142 | RobustPrompt-T Loss 0.6671  
Epoch 069 |  Time(s) 0.0142 | RobustPrompt-T Loss 0.6314  
Epoch 070 |  Time(s) 0.0141 | RobustPrompt-T Loss 0.7569  
Epoch 071 |  Time(s) 0.0139 | RobustPrompt-T Loss 0.7226  
Epoch 072 |  Time(s) 0.0139 | RobustPrompt-T Loss 0.6330  
Epoch 073 |  Time(s) 0.0141 | RobustPrompt-T Loss 0.6314  
Epoch 074 |  Time(s) 0.0139 | RobustPrompt-T Loss 0.5996  
Epoch 075 |  Time(s) 0.0141 | RobustPrompt-T Loss 0.5866  
Epoch 076 |  Time(s) 0.0140 | RobustPrompt-T Loss 0.6303  
Epoch 077 |  Time(s) 0.0139 | RobustPrompt-T Loss 0.6074  
Epoch 078 |  Time(s) 0.0140 | RobustPrompt-T Loss 0.5666  
Epoch 079 |  Time(s) 0.0139 | RobustPrompt-T Loss 0.5693  
Epoch 080 |  Time(s) 0.0141 | RobustPrompt-T Loss 0.5548  
Epoch 081 |  Time(s) 0.0140 | RobustPrompt-T Loss 0.5138  
Epoch 082 |  Time(s) 0.0140 | RobustPrompt-T Loss 0.6400  
Epoch 083 |  Time(s) 0.0140 | RobustPrompt-T Loss 0.6171  
Epoch 084 |  Time(s) 0.0139 | RobustPrompt-T Loss 0.4860  
Epoch 085 |  Time(s) 0.0141 | RobustPrompt-T Loss 0.5039  
Epoch 086 |  Time(s) 0.0141 | RobustPrompt-T Loss 0.5434  
Epoch 087 |  Time(s) 0.0140 | RobustPrompt-T Loss 0.4702  
Epoch 088 |  Time(s) 0.0139 | RobustPrompt-T Loss 0.5093  
Epoch 089 |  Time(s) 0.0141 | RobustPrompt-T Loss 0.4441  
Epoch 090 |  Time(s) 0.0139 | RobustPrompt-T Loss 0.5908  
Epoch 091 |  Time(s) 0.0140 | RobustPrompt-T Loss 0.5252  
Epoch 092 |  Time(s) 0.0141 | RobustPrompt-T Loss 0.4725  
Epoch 093 |  Time(s) 0.0140 | RobustPrompt-T Loss 0.4717  
Epoch 094 |  Time(s) 0.0140 | RobustPrompt-T Loss 0.4585  
Epoch 095 |  Time(s) 0.0140 | RobustPrompt-T Loss 0.4384  
Epoch 096 |  Time(s) 0.0140 | RobustPrompt-T Loss 0.5014  
Epoch 097 |  Time(s) 0.0142 | RobustPrompt-T Loss 0.4889  
Epoch 098 |  Time(s) 0.0141 | RobustPrompt-T Loss 0.4314  
Epoch 099 |  Time(s) 0.0141 | RobustPrompt-T Loss 0.4432  
Epoch 100 |  Time(s) 0.0140 | RobustPrompt-T Loss 0.4291  
Epoch 101 |  Time(s) 0.0139 | RobustPrompt-T Loss 0.4378  
Epoch 102 |  Time(s) 0.0139 | RobustPrompt-T Loss 0.4734  
Epoch 103 |  Time(s) 0.0141 | RobustPrompt-T Loss 0.4822  
Epoch 104 |  Time(s) 0.0142 | RobustPrompt-T Loss 0.4195  
Epoch 105 |  Time(s) 0.0142 | RobustPrompt-T Loss 0.4511  
Epoch 106 |  Time(s) 0.0140 | RobustPrompt-T Loss 0.4042  
Epoch 107 |  Time(s) 0.0139 | RobustPrompt-T Loss 0.4522  
Epoch 108 |  Time(s) 0.0139 | RobustPrompt-T Loss 0.3863  
Epoch 109 |  Time(s) 0.0138 | RobustPrompt-T Loss 0.5140  
Epoch 110 |  Time(s) 0.0141 | RobustPrompt-T Loss 0.3490  
Epoch 111 |  Time(s) 0.0141 | RobustPrompt-T Loss 0.4729  
Epoch 112 |  Time(s) 0.0139 | RobustPrompt-T Loss 0.3719  
Epoch 113 |  Time(s) 0.0140 | RobustPrompt-T Loss 0.6322  
Epoch 114 |  Time(s) 0.0140 | RobustPrompt-T Loss 0.6841  
Epoch 115 |  Time(s) 0.0139 | RobustPrompt-T Loss 0.3917  
Epoch 116 |  Time(s) 0.0140 | RobustPrompt-T Loss 0.5140  
Epoch 117 |  Time(s) 0.0140 | RobustPrompt-T Loss 0.5403  
Epoch 118 |  Time(s) 0.0139 | RobustPrompt-T Loss 0.3543  
Epoch 119 |  Time(s) 0.0141 | RobustPrompt-T Loss 0.5840  
Epoch 120 |  Time(s) 0.0141 | RobustPrompt-T Loss 0.6533  
Epoch 121 |  Time(s) 0.0141 | RobustPrompt-T Loss 0.4570  
Epoch 122 |  Time(s) 0.0141 | RobustPrompt-T Loss 0.4411  
Epoch 123 |  Time(s) 0.0140 | RobustPrompt-T Loss 0.6119  
Epoch 124 |  Time(s) 0.0140 | RobustPrompt-T Loss 0.5744  
Epoch 125 |  Time(s) 0.0139 | RobustPrompt-T Loss 0.3945  
Epoch 126 |  Time(s) 0.0141 | RobustPrompt-T Loss 0.5764  
Epoch 127 |  Time(s) 0.0141 | RobustPrompt-T Loss 0.6380  
Epoch 128 |  Time(s) 0.0140 | RobustPrompt-T Loss 0.5849  
Epoch 129 |  Time(s) 0.0140 | RobustPrompt-T Loss 0.3916  
----------------------------------------------------------------------------------------------------
Early stopping at 130 eopch!
Final True Accuracy: 0.1047 | Macro F1 Score: 0.0783
best_loss [tensor(0.4503, device='cuda:0', grad_fn=<AddBackward0>)]
{1: {1: 0.075581394135952}, 2: {1: 0.08970099687576294}, 3: {1: 0.0714285746216774}, 4: {1: 0.0892857164144516}, 5: {1: 0.10465116053819656}}
{1: {1: 0.075581394135952, 2: 0.08970099687576294, 3: 0.0714285746216774, 4: 0.0892857164144516, 5: 0.10465116053819656}}
########################################################################################
seed: 1 | split 1 : 0.075581394135952
# Seed 1 Muti Split Final Acc: 0.0756±0.0000
seed: 2 | split 1 : 0.08970099687576294
# Seed 2 Muti Split Final Acc: 0.0897±0.0000
seed: 3 | split 1 : 0.0714285746216774
# Seed 3 Muti Split Final Acc: 0.0714±0.0000
seed: 4 | split 1 : 0.0892857164144516
# Seed 4 Muti Split Final Acc: 0.0893±0.0000
seed: 5 | split 1 : 0.10465116053819656
# Seed 5 Muti Split Final Acc: 0.1047±0.0000
########################################################################################
split: 1 | seed 1 : 0.075581394135952
split: 1 | seed 2 : 0.08970099687576294
split: 1 | seed 3 : 0.0714285746216774
split: 1 | seed 4 : 0.0892857164144516
split: 1 | seed 5 : 0.10465116053819656
# Split 1 Muti Seed Acc without min value: 0.0898±0.0103
########################################################################################
