load LLC or attacked data with specified split
Successfully loaded the attack of dataname with few shot 5, split 1
Attack method : Meta_Self | Attack ptb : 0.1 | Dataset: Cora
======================
Number of graphs: 1
Number of features: 1433
Number of classes: 7

Data(x=[2708, 1433], edge_index=[2, 14378], y=[2708], train_mask=[2708], val_mask=[2708], test_mask=[2708])
===========================================================================================================
Number of nodes: 2708
Number of edges: 14378
Average node degree: 5.31
Has isolated nodes: False
Has self-loops: True
Is undirected: True
GCN(
  (conv_layers): ModuleList(
    (0): GCNConv(1433, 256)
    (1): GCNConv(256, 256)
  )
)
Successfully loaded pre-trained weights!
use RobustPrompt Tranductive
defense pt dict :  {'sim_pt': 0.3, 'degree_pt': 1, 'out_detect_pt': 0.5, 'other_pt': 'all'}
use_attention :  False
cosine_constraint :  True
pt_threshold :  0.5
filter_module :  OriginalFilter
temperature :  1.0
weight_mse 0.1
weight_kl :  0.3
weight_constraint :  0.2
run RobustPrompt-T
Epoch 001 |  Time(s) 0.2641 | RobustPrompt-T Loss 1.9503  
Epoch 002 |  Time(s) 0.0145 | RobustPrompt-T Loss 1.9780  
Epoch 003 |  Time(s) 0.0136 | RobustPrompt-T Loss 1.9322  
Epoch 004 |  Time(s) 0.0128 | RobustPrompt-T Loss 1.9310  
Epoch 005 |  Time(s) 0.0128 | RobustPrompt-T Loss 1.9271  
Epoch 006 |  Time(s) 0.0128 | RobustPrompt-T Loss 1.9143  
Epoch 007 |  Time(s) 0.0128 | RobustPrompt-T Loss 1.9025  
Epoch 008 |  Time(s) 0.0128 | RobustPrompt-T Loss 1.8885  
Epoch 009 |  Time(s) 0.0127 | RobustPrompt-T Loss 1.8661  
Epoch 010 |  Time(s) 0.0131 | RobustPrompt-T Loss 1.8481  
Epoch 011 |  Time(s) 0.0133 | RobustPrompt-T Loss 1.8483  
Epoch 012 |  Time(s) 0.0132 | RobustPrompt-T Loss 1.8452  
Epoch 013 |  Time(s) 0.0136 | RobustPrompt-T Loss 1.8082  
Epoch 014 |  Time(s) 0.0135 | RobustPrompt-T Loss 1.8294  
Epoch 015 |  Time(s) 0.0134 | RobustPrompt-T Loss 1.7846  
Epoch 016 |  Time(s) 0.0134 | RobustPrompt-T Loss 1.7769  
Epoch 017 |  Time(s) 0.0137 | RobustPrompt-T Loss 1.7899  
Epoch 018 |  Time(s) 0.0133 | RobustPrompt-T Loss 1.7864  
Epoch 019 |  Time(s) 0.0137 | RobustPrompt-T Loss 1.7598  
Epoch 020 |  Time(s) 0.0135 | RobustPrompt-T Loss 1.7406  
Epoch 021 |  Time(s) 0.0135 | RobustPrompt-T Loss 1.7726  
Epoch 022 |  Time(s) 0.0135 | RobustPrompt-T Loss 1.7252  
Epoch 023 |  Time(s) 0.0137 | RobustPrompt-T Loss 1.7294  
Epoch 024 |  Time(s) 0.0134 | RobustPrompt-T Loss 1.7181  
Epoch 025 |  Time(s) 0.0136 | RobustPrompt-T Loss 1.7583  
Epoch 026 |  Time(s) 0.0138 | RobustPrompt-T Loss 1.7027  
Epoch 027 |  Time(s) 0.0130 | RobustPrompt-T Loss 1.6715  
Epoch 028 |  Time(s) 0.0133 | RobustPrompt-T Loss 1.6631  
Epoch 029 |  Time(s) 0.0128 | RobustPrompt-T Loss 1.6734  
Epoch 030 |  Time(s) 0.0131 | RobustPrompt-T Loss 1.7298  
Epoch 031 |  Time(s) 0.0134 | RobustPrompt-T Loss 1.6201  
Epoch 032 |  Time(s) 0.0134 | RobustPrompt-T Loss 1.6239  
Epoch 033 |  Time(s) 0.0137 | RobustPrompt-T Loss 1.6850  
Epoch 034 |  Time(s) 0.0133 | RobustPrompt-T Loss 1.5684  
Epoch 035 |  Time(s) 0.0134 | RobustPrompt-T Loss 1.6859  
Epoch 036 |  Time(s) 0.0137 | RobustPrompt-T Loss 1.5624  
Epoch 037 |  Time(s) 0.0132 | RobustPrompt-T Loss 1.5167  
Epoch 038 |  Time(s) 0.0132 | RobustPrompt-T Loss 1.5925  
Epoch 039 |  Time(s) 0.0132 | RobustPrompt-T Loss 1.4713  
Epoch 040 |  Time(s) 0.0131 | RobustPrompt-T Loss 1.4858  
Epoch 041 |  Time(s) 0.0136 | RobustPrompt-T Loss 1.4776  
Epoch 042 |  Time(s) 0.0137 | RobustPrompt-T Loss 1.4081  
Epoch 043 |  Time(s) 0.0131 | RobustPrompt-T Loss 1.3862  
Epoch 044 |  Time(s) 0.0130 | RobustPrompt-T Loss 1.3607  
Epoch 045 |  Time(s) 0.0132 | RobustPrompt-T Loss 1.3413  
Epoch 046 |  Time(s) 0.0133 | RobustPrompt-T Loss 1.3233  
Epoch 047 |  Time(s) 0.0137 | RobustPrompt-T Loss 1.2620  
Epoch 048 |  Time(s) 0.0133 | RobustPrompt-T Loss 1.2815  
Epoch 049 |  Time(s) 0.0138 | RobustPrompt-T Loss 1.2275  
Epoch 050 |  Time(s) 0.0126 | RobustPrompt-T Loss 1.2169  
Epoch 051 |  Time(s) 0.0136 | RobustPrompt-T Loss 1.2112  
Epoch 052 |  Time(s) 0.0138 | RobustPrompt-T Loss 1.1454  
Epoch 053 |  Time(s) 0.0137 | RobustPrompt-T Loss 1.1361  
Epoch 054 |  Time(s) 0.0136 | RobustPrompt-T Loss 1.1405  
Epoch 055 |  Time(s) 0.0134 | RobustPrompt-T Loss 1.0297  
Epoch 056 |  Time(s) 0.0128 | RobustPrompt-T Loss 1.0752  
Epoch 057 |  Time(s) 0.0126 | RobustPrompt-T Loss 1.0154  
Epoch 058 |  Time(s) 0.0131 | RobustPrompt-T Loss 0.9389  
Epoch 059 |  Time(s) 0.0134 | RobustPrompt-T Loss 0.9651  
Epoch 060 |  Time(s) 0.0136 | RobustPrompt-T Loss 0.9380  
Epoch 061 |  Time(s) 0.0138 | RobustPrompt-T Loss 0.8465  
Epoch 062 |  Time(s) 0.0131 | RobustPrompt-T Loss 0.8626  
Epoch 063 |  Time(s) 0.0139 | RobustPrompt-T Loss 0.8779  
Epoch 064 |  Time(s) 0.0131 | RobustPrompt-T Loss 0.9999  
Epoch 065 |  Time(s) 0.0131 | RobustPrompt-T Loss 0.8192  
Epoch 066 |  Time(s) 0.0137 | RobustPrompt-T Loss 1.1496  
Epoch 067 |  Time(s) 0.0136 | RobustPrompt-T Loss 1.1556  
Epoch 068 |  Time(s) 0.0138 | RobustPrompt-T Loss 0.7407  
Epoch 069 |  Time(s) 0.0136 | RobustPrompt-T Loss 1.1433  
Epoch 070 |  Time(s) 0.0132 | RobustPrompt-T Loss 0.9802  
Epoch 071 |  Time(s) 0.0127 | RobustPrompt-T Loss 0.6814  
Epoch 072 |  Time(s) 0.0138 | RobustPrompt-T Loss 0.8365  
Epoch 073 |  Time(s) 0.0137 | RobustPrompt-T Loss 0.6451  
Epoch 074 |  Time(s) 0.0136 | RobustPrompt-T Loss 0.8267  
Epoch 075 |  Time(s) 0.0134 | RobustPrompt-T Loss 0.8480  
Epoch 076 |  Time(s) 0.0134 | RobustPrompt-T Loss 0.6029  
Epoch 077 |  Time(s) 0.0133 | RobustPrompt-T Loss 0.7704  
Epoch 078 |  Time(s) 0.0132 | RobustPrompt-T Loss 0.7376  
Epoch 079 |  Time(s) 0.0131 | RobustPrompt-T Loss 0.6303  
Epoch 080 |  Time(s) 0.0135 | RobustPrompt-T Loss 0.7078  
Epoch 081 |  Time(s) 0.0135 | RobustPrompt-T Loss 0.6327  
Epoch 082 |  Time(s) 0.0141 | RobustPrompt-T Loss 0.6181  
Epoch 083 |  Time(s) 0.0135 | RobustPrompt-T Loss 0.6176  
Epoch 084 |  Time(s) 0.0134 | RobustPrompt-T Loss 0.5761  
Epoch 085 |  Time(s) 0.0138 | RobustPrompt-T Loss 0.5685  
Epoch 086 |  Time(s) 0.0132 | RobustPrompt-T Loss 0.5257  
Epoch 087 |  Time(s) 0.0134 | RobustPrompt-T Loss 0.5476  
Epoch 088 |  Time(s) 0.0135 | RobustPrompt-T Loss 0.4896  
Epoch 089 |  Time(s) 0.0140 | RobustPrompt-T Loss 0.4960  
Epoch 090 |  Time(s) 0.0133 | RobustPrompt-T Loss 0.5186  
Epoch 091 |  Time(s) 0.0141 | RobustPrompt-T Loss 0.4444  
Epoch 092 |  Time(s) 0.0136 | RobustPrompt-T Loss 0.4404  
Epoch 093 |  Time(s) 0.0135 | RobustPrompt-T Loss 0.4396  
Epoch 094 |  Time(s) 0.0135 | RobustPrompt-T Loss 0.4344  
Epoch 095 |  Time(s) 0.0132 | RobustPrompt-T Loss 0.4155  
Epoch 096 |  Time(s) 0.0138 | RobustPrompt-T Loss 0.4076  
Epoch 097 |  Time(s) 0.0134 | RobustPrompt-T Loss 0.4144  
Epoch 098 |  Time(s) 0.0134 | RobustPrompt-T Loss 0.3816  
Epoch 099 |  Time(s) 0.0134 | RobustPrompt-T Loss 0.3750  
Epoch 100 |  Time(s) 0.0140 | RobustPrompt-T Loss 0.3951  
Epoch 101 |  Time(s) 0.0130 | RobustPrompt-T Loss 0.3670  
Epoch 102 |  Time(s) 0.0137 | RobustPrompt-T Loss 0.3487  
Epoch 103 |  Time(s) 0.0129 | RobustPrompt-T Loss 0.3474  
Epoch 104 |  Time(s) 0.0134 | RobustPrompt-T Loss 0.3407  
Epoch 105 |  Time(s) 0.0131 | RobustPrompt-T Loss 0.3222  
Epoch 106 |  Time(s) 0.0130 | RobustPrompt-T Loss 0.3114  
Epoch 107 |  Time(s) 0.0128 | RobustPrompt-T Loss 0.3067  
Epoch 108 |  Time(s) 0.0135 | RobustPrompt-T Loss 0.2997  
Epoch 109 |  Time(s) 0.0132 | RobustPrompt-T Loss 0.2919  
Epoch 110 |  Time(s) 0.0131 | RobustPrompt-T Loss 0.2814  
Epoch 111 |  Time(s) 0.0133 | RobustPrompt-T Loss 0.2731  
Epoch 112 |  Time(s) 0.0136 | RobustPrompt-T Loss 0.2743  
Epoch 113 |  Time(s) 0.0132 | RobustPrompt-T Loss 0.2653  
Epoch 114 |  Time(s) 0.0134 | RobustPrompt-T Loss 0.2523  
Epoch 115 |  Time(s) 0.0134 | RobustPrompt-T Loss 0.2495  
Epoch 116 |  Time(s) 0.0133 | RobustPrompt-T Loss 0.2461  
Epoch 117 |  Time(s) 0.0138 | RobustPrompt-T Loss 0.2325  
Epoch 118 |  Time(s) 0.0128 | RobustPrompt-T Loss 0.2227  
Epoch 119 |  Time(s) 0.0135 | RobustPrompt-T Loss 0.2128  
Epoch 120 |  Time(s) 0.0139 | RobustPrompt-T Loss 0.1955  
Epoch 121 |  Time(s) 0.0129 | RobustPrompt-T Loss 0.1945  
Epoch 122 |  Time(s) 0.0137 | RobustPrompt-T Loss 0.1748  
Epoch 123 |  Time(s) 0.0135 | RobustPrompt-T Loss 0.1677  
Epoch 124 |  Time(s) 0.0136 | RobustPrompt-T Loss 0.1557  
Epoch 125 |  Time(s) 0.0138 | RobustPrompt-T Loss 0.1434  
Epoch 126 |  Time(s) 0.0134 | RobustPrompt-T Loss 0.1369  
Epoch 127 |  Time(s) 0.0129 | RobustPrompt-T Loss 0.1260  
Epoch 128 |  Time(s) 0.0132 | RobustPrompt-T Loss 0.1199  
Epoch 129 |  Time(s) 0.0137 | RobustPrompt-T Loss 0.1118  
Epoch 130 |  Time(s) 0.0129 | RobustPrompt-T Loss 0.1063  
Epoch 131 |  Time(s) 0.0130 | RobustPrompt-T Loss 0.1015  
Epoch 132 |  Time(s) 0.0139 | RobustPrompt-T Loss 0.0941  
Epoch 133 |  Time(s) 0.0136 | RobustPrompt-T Loss 0.0923  
Epoch 134 |  Time(s) 0.0132 | RobustPrompt-T Loss 0.0854  
Epoch 135 |  Time(s) 0.0139 | RobustPrompt-T Loss 0.0827  
Epoch 136 |  Time(s) 0.0132 | RobustPrompt-T Loss 0.0781  
Epoch 137 |  Time(s) 0.0137 | RobustPrompt-T Loss 0.0752  
Epoch 138 |  Time(s) 0.0132 | RobustPrompt-T Loss 0.0714  
Epoch 139 |  Time(s) 0.0137 | RobustPrompt-T Loss 0.0691  
Epoch 140 |  Time(s) 0.0133 | RobustPrompt-T Loss 0.0670  
Epoch 141 |  Time(s) 0.0132 | RobustPrompt-T Loss 0.0649  
Epoch 142 |  Time(s) 0.0134 | RobustPrompt-T Loss 0.0634  
Epoch 143 |  Time(s) 0.0133 | RobustPrompt-T Loss 0.0607  
Epoch 144 |  Time(s) 0.0130 | RobustPrompt-T Loss 0.0601  
Epoch 145 |  Time(s) 0.0129 | RobustPrompt-T Loss 0.0585  
Epoch 146 |  Time(s) 0.0129 | RobustPrompt-T Loss 0.0579  
Epoch 147 |  Time(s) 0.0134 | RobustPrompt-T Loss 0.0562  
Epoch 148 |  Time(s) 0.0135 | RobustPrompt-T Loss 0.0551  
Epoch 149 |  Time(s) 0.0131 | RobustPrompt-T Loss 0.0536  
Epoch 150 |  Time(s) 0.0126 | RobustPrompt-T Loss 0.0532  
Epoch 151 |  Time(s) 0.0138 | RobustPrompt-T Loss 0.0531  
Epoch 152 |  Time(s) 0.0136 | RobustPrompt-T Loss 0.0506  
Epoch 153 |  Time(s) 0.0137 | RobustPrompt-T Loss 0.0493  
Epoch 154 |  Time(s) 0.0135 | RobustPrompt-T Loss 0.0486  
Epoch 155 |  Time(s) 0.0133 | RobustPrompt-T Loss 0.0489  
Epoch 156 |  Time(s) 0.0132 | RobustPrompt-T Loss 0.0483  
Epoch 157 |  Time(s) 0.0132 | RobustPrompt-T Loss 0.0474  
Epoch 158 |  Time(s) 0.0132 | RobustPrompt-T Loss 0.0475  
Epoch 159 |  Time(s) 0.0136 | RobustPrompt-T Loss 0.0467  
Epoch 160 |  Time(s) 0.0140 | RobustPrompt-T Loss 0.0456  
Epoch 161 |  Time(s) 0.0138 | RobustPrompt-T Loss 0.0457  
Epoch 162 |  Time(s) 0.0135 | RobustPrompt-T Loss 0.0451  
Epoch 163 |  Time(s) 0.0131 | RobustPrompt-T Loss 0.0433  
Epoch 164 |  Time(s) 0.0135 | RobustPrompt-T Loss 0.0464  
Epoch 165 |  Time(s) 0.0134 | RobustPrompt-T Loss 0.0431  
Epoch 166 |  Time(s) 0.0136 | RobustPrompt-T Loss 0.0421  
Epoch 167 |  Time(s) 0.0136 | RobustPrompt-T Loss 0.0428  
Epoch 168 |  Time(s) 0.0135 | RobustPrompt-T Loss 0.0443  
Epoch 169 |  Time(s) 0.0133 | RobustPrompt-T Loss 0.0406  
Epoch 170 |  Time(s) 0.0136 | RobustPrompt-T Loss 0.0423  
Epoch 171 |  Time(s) 0.0135 | RobustPrompt-T Loss 0.0418  
Epoch 172 |  Time(s) 0.0136 | RobustPrompt-T Loss 0.0422  
Epoch 173 |  Time(s) 0.0133 | RobustPrompt-T Loss 0.0407  
Epoch 174 |  Time(s) 0.0142 | RobustPrompt-T Loss 0.0398  
Epoch 175 |  Time(s) 0.0135 | RobustPrompt-T Loss 0.0391  
Epoch 176 |  Time(s) 0.0141 | RobustPrompt-T Loss 0.0386  
Epoch 177 |  Time(s) 0.0133 | RobustPrompt-T Loss 0.0383  
Epoch 178 |  Time(s) 0.0137 | RobustPrompt-T Loss 0.0367  
Epoch 179 |  Time(s) 0.0139 | RobustPrompt-T Loss 0.0368  
Epoch 180 |  Time(s) 0.0135 | RobustPrompt-T Loss 0.0395  
Epoch 181 |  Time(s) 0.0137 | RobustPrompt-T Loss 0.0371  
Epoch 182 |  Time(s) 0.0134 | RobustPrompt-T Loss 0.0370  
Epoch 183 |  Time(s) 0.0135 | RobustPrompt-T Loss 0.0399  
Epoch 184 |  Time(s) 0.0134 | RobustPrompt-T Loss 0.0367  
Epoch 185 |  Time(s) 0.0137 | RobustPrompt-T Loss 0.0358  
Epoch 186 |  Time(s) 0.0133 | RobustPrompt-T Loss 0.0410  
Epoch 187 |  Time(s) 0.0135 | RobustPrompt-T Loss 0.0378  
Epoch 188 |  Time(s) 0.0141 | RobustPrompt-T Loss 0.0349  
Epoch 189 |  Time(s) 0.0139 | RobustPrompt-T Loss 0.0467  
Epoch 190 |  Time(s) 0.0140 | RobustPrompt-T Loss 0.0480  
Epoch 191 |  Time(s) 0.0139 | RobustPrompt-T Loss 0.0394  
Epoch 192 |  Time(s) 0.0135 | RobustPrompt-T Loss 0.0377  
Epoch 193 |  Time(s) 0.0138 | RobustPrompt-T Loss 0.0410  
Epoch 194 |  Time(s) 0.0138 | RobustPrompt-T Loss 0.0325  
Epoch 195 |  Time(s) 0.0141 | RobustPrompt-T Loss 0.0397  
Epoch 196 |  Time(s) 0.0139 | RobustPrompt-T Loss 0.0350  
Epoch 197 |  Time(s) 0.0139 | RobustPrompt-T Loss 0.0337  
Epoch 198 |  Time(s) 0.0140 | RobustPrompt-T Loss 0.0353  
Epoch 199 |  Time(s) 0.0141 | RobustPrompt-T Loss 0.0316  
Epoch 200 |  Time(s) 0.0135 | RobustPrompt-T Loss 0.0339  
Final True Accuracy: 0.1217 | Macro F1 Score: 0.1149
best_loss [tensor(0.0339, device='cuda:0', grad_fn=<AddBackward0>)]
load LLC or attacked data with specified split
Successfully loaded the attack of dataname with few shot 5, split 1
Attack method : Meta_Self | Attack ptb : 0.1 | Dataset: Cora
======================
Number of graphs: 1
Number of features: 1433
Number of classes: 7

Data(x=[2708, 1433], edge_index=[2, 14378], y=[2708], train_mask=[2708], val_mask=[2708], test_mask=[2708])
===========================================================================================================
Number of nodes: 2708
Number of edges: 14378
Average node degree: 5.31
Has isolated nodes: False
Has self-loops: True
Is undirected: True
GCN(
  (conv_layers): ModuleList(
    (0): GCNConv(1433, 256)
    (1): GCNConv(256, 256)
  )
)
Successfully loaded pre-trained weights!
use RobustPrompt Tranductive
defense pt dict :  {'sim_pt': 0.3, 'degree_pt': 1, 'out_detect_pt': 0.5, 'other_pt': 'all'}
use_attention :  False
cosine_constraint :  True
pt_threshold :  0.5
filter_module :  OriginalFilter
temperature :  1.0
weight_mse 0.1
weight_kl :  0.3
weight_constraint :  0.2
run RobustPrompt-T
Epoch 001 |  Time(s) 0.0132 | RobustPrompt-T Loss 1.9481  
Epoch 002 |  Time(s) 0.0135 | RobustPrompt-T Loss 1.9540  
Epoch 003 |  Time(s) 0.0136 | RobustPrompt-T Loss 1.9259  
Epoch 004 |  Time(s) 0.0136 | RobustPrompt-T Loss 1.9283  
Epoch 005 |  Time(s) 0.0133 | RobustPrompt-T Loss 1.9297  
Epoch 006 |  Time(s) 0.0136 | RobustPrompt-T Loss 1.9095  
Epoch 007 |  Time(s) 0.0134 | RobustPrompt-T Loss 1.9104  
Epoch 008 |  Time(s) 0.0140 | RobustPrompt-T Loss 1.8901  
Epoch 009 |  Time(s) 0.0139 | RobustPrompt-T Loss 1.8890  
Epoch 010 |  Time(s) 0.0137 | RobustPrompt-T Loss 1.8653  
Epoch 011 |  Time(s) 0.0135 | RobustPrompt-T Loss 1.8577  
Epoch 012 |  Time(s) 0.0136 | RobustPrompt-T Loss 1.8265  
Epoch 013 |  Time(s) 0.0139 | RobustPrompt-T Loss 1.8240  
Epoch 014 |  Time(s) 0.0141 | RobustPrompt-T Loss 1.8261  
Epoch 015 |  Time(s) 0.0139 | RobustPrompt-T Loss 1.8064  
Epoch 016 |  Time(s) 0.0136 | RobustPrompt-T Loss 1.8063  
Epoch 017 |  Time(s) 0.0138 | RobustPrompt-T Loss 1.8023  
Epoch 018 |  Time(s) 0.0138 | RobustPrompt-T Loss 1.7968  
Epoch 019 |  Time(s) 0.0141 | RobustPrompt-T Loss 1.8018  
Epoch 020 |  Time(s) 0.0139 | RobustPrompt-T Loss 1.7867  
Epoch 021 |  Time(s) 0.0141 | RobustPrompt-T Loss 1.7551  
Epoch 022 |  Time(s) 0.0134 | RobustPrompt-T Loss 1.8134  
Epoch 023 |  Time(s) 0.0135 | RobustPrompt-T Loss 1.7707  
Epoch 024 |  Time(s) 0.0135 | RobustPrompt-T Loss 1.7362  
Epoch 025 |  Time(s) 0.0140 | RobustPrompt-T Loss 1.7688  
Epoch 026 |  Time(s) 0.0138 | RobustPrompt-T Loss 1.7194  
Epoch 027 |  Time(s) 0.0138 | RobustPrompt-T Loss 1.7272  
Epoch 028 |  Time(s) 0.0135 | RobustPrompt-T Loss 1.7494  
Epoch 029 |  Time(s) 0.0136 | RobustPrompt-T Loss 1.7383  
Epoch 030 |  Time(s) 0.0139 | RobustPrompt-T Loss 1.6859  
Epoch 031 |  Time(s) 0.0140 | RobustPrompt-T Loss 1.6535  
Epoch 032 |  Time(s) 0.0135 | RobustPrompt-T Loss 1.6654  
Epoch 033 |  Time(s) 0.0136 | RobustPrompt-T Loss 1.6750  
Epoch 034 |  Time(s) 0.0135 | RobustPrompt-T Loss 1.7039  
Epoch 035 |  Time(s) 0.0139 | RobustPrompt-T Loss 1.5782  
Epoch 036 |  Time(s) 0.0136 | RobustPrompt-T Loss 1.5601  
Epoch 037 |  Time(s) 0.0139 | RobustPrompt-T Loss 1.6385  
Epoch 038 |  Time(s) 0.0142 | RobustPrompt-T Loss 1.4473  
Epoch 039 |  Time(s) 0.0139 | RobustPrompt-T Loss 1.4601  
Epoch 040 |  Time(s) 0.0139 | RobustPrompt-T Loss 1.6494  
Epoch 041 |  Time(s) 0.0140 | RobustPrompt-T Loss 1.4572  
Epoch 042 |  Time(s) 0.0134 | RobustPrompt-T Loss 1.7302  
Epoch 043 |  Time(s) 0.0137 | RobustPrompt-T Loss 1.7834  
Epoch 044 |  Time(s) 0.0139 | RobustPrompt-T Loss 1.2569  
Epoch 045 |  Time(s) 0.0139 | RobustPrompt-T Loss 1.7733  
Epoch 046 |  Time(s) 0.0136 | RobustPrompt-T Loss 1.6685  
Epoch 047 |  Time(s) 0.0135 | RobustPrompt-T Loss 1.3542  
Epoch 048 |  Time(s) 0.0136 | RobustPrompt-T Loss 1.3946  
Epoch 049 |  Time(s) 0.0139 | RobustPrompt-T Loss 1.3620  
Epoch 050 |  Time(s) 0.0132 | RobustPrompt-T Loss 1.5213  
Epoch 051 |  Time(s) 0.0128 | RobustPrompt-T Loss 1.4394  
Epoch 052 |  Time(s) 0.0127 | RobustPrompt-T Loss 1.2414  
Epoch 053 |  Time(s) 0.0137 | RobustPrompt-T Loss 1.2683  
Epoch 054 |  Time(s) 0.0134 | RobustPrompt-T Loss 1.1478  
Epoch 055 |  Time(s) 0.0132 | RobustPrompt-T Loss 1.3185  
Epoch 056 |  Time(s) 0.0134 | RobustPrompt-T Loss 1.2967  
Epoch 057 |  Time(s) 0.0135 | RobustPrompt-T Loss 1.0494  
Epoch 058 |  Time(s) 0.0138 | RobustPrompt-T Loss 1.1876  
Epoch 059 |  Time(s) 0.0133 | RobustPrompt-T Loss 1.1003  
Epoch 060 |  Time(s) 0.0136 | RobustPrompt-T Loss 1.1400  
Epoch 061 |  Time(s) 0.0139 | RobustPrompt-T Loss 1.1834  
Epoch 062 |  Time(s) 0.0134 | RobustPrompt-T Loss 1.0148  
Epoch 063 |  Time(s) 0.0136 | RobustPrompt-T Loss 1.0708  
Epoch 064 |  Time(s) 0.0140 | RobustPrompt-T Loss 1.0035  
Epoch 065 |  Time(s) 0.0140 | RobustPrompt-T Loss 1.0529  
Epoch 066 |  Time(s) 0.0136 | RobustPrompt-T Loss 1.0225  
Epoch 067 |  Time(s) 0.0138 | RobustPrompt-T Loss 0.9384  
Epoch 068 |  Time(s) 0.0137 | RobustPrompt-T Loss 0.9324  
Epoch 069 |  Time(s) 0.0139 | RobustPrompt-T Loss 0.9281  
Epoch 070 |  Time(s) 0.0135 | RobustPrompt-T Loss 0.8737  
Epoch 071 |  Time(s) 0.0136 | RobustPrompt-T Loss 0.8784  
Epoch 072 |  Time(s) 0.0140 | RobustPrompt-T Loss 0.8104  
Epoch 073 |  Time(s) 0.0139 | RobustPrompt-T Loss 0.8362  
Epoch 074 |  Time(s) 0.0135 | RobustPrompt-T Loss 0.7754  
Epoch 075 |  Time(s) 0.0136 | RobustPrompt-T Loss 0.7947  
Epoch 076 |  Time(s) 0.0140 | RobustPrompt-T Loss 0.7412  
Epoch 077 |  Time(s) 0.0135 | RobustPrompt-T Loss 0.7222  
Epoch 078 |  Time(s) 0.0136 | RobustPrompt-T Loss 0.7282  
Epoch 079 |  Time(s) 0.0140 | RobustPrompt-T Loss 0.6900  
Epoch 080 |  Time(s) 0.0139 | RobustPrompt-T Loss 0.6709  
Epoch 081 |  Time(s) 0.0135 | RobustPrompt-T Loss 0.6776  
Epoch 082 |  Time(s) 0.0137 | RobustPrompt-T Loss 0.6247  
Epoch 083 |  Time(s) 0.0134 | RobustPrompt-T Loss 0.6239  
Epoch 084 |  Time(s) 0.0134 | RobustPrompt-T Loss 0.6165  
Epoch 085 |  Time(s) 0.0135 | RobustPrompt-T Loss 0.5732  
Epoch 086 |  Time(s) 0.0138 | RobustPrompt-T Loss 0.5668  
Epoch 087 |  Time(s) 0.0138 | RobustPrompt-T Loss 0.5624  
Epoch 088 |  Time(s) 0.0135 | RobustPrompt-T Loss 0.5259  
Epoch 089 |  Time(s) 0.0137 | RobustPrompt-T Loss 0.5133  
Epoch 090 |  Time(s) 0.0137 | RobustPrompt-T Loss 0.5060  
Epoch 091 |  Time(s) 0.0136 | RobustPrompt-T Loss 0.4805  
Epoch 092 |  Time(s) 0.0136 | RobustPrompt-T Loss 0.4783  
Epoch 093 |  Time(s) 0.0138 | RobustPrompt-T Loss 0.4662  
Epoch 094 |  Time(s) 0.0135 | RobustPrompt-T Loss 0.5065  
Epoch 095 |  Time(s) 0.0139 | RobustPrompt-T Loss 0.4139  
Epoch 096 |  Time(s) 0.0137 | RobustPrompt-T Loss 0.4641  
Epoch 097 |  Time(s) 0.0135 | RobustPrompt-T Loss 0.4544  
Epoch 098 |  Time(s) 0.0136 | RobustPrompt-T Loss 0.3847  
Epoch 099 |  Time(s) 0.0139 | RobustPrompt-T Loss 0.4080  
Epoch 100 |  Time(s) 0.0136 | RobustPrompt-T Loss 0.4351  
Epoch 101 |  Time(s) 0.0137 | RobustPrompt-T Loss 0.3531  
Epoch 102 |  Time(s) 0.0138 | RobustPrompt-T Loss 0.4269  
Epoch 103 |  Time(s) 0.0135 | RobustPrompt-T Loss 0.3335  
Epoch 104 |  Time(s) 0.0137 | RobustPrompt-T Loss 0.3577  
Epoch 105 |  Time(s) 0.0138 | RobustPrompt-T Loss 0.3754  
Epoch 106 |  Time(s) 0.0140 | RobustPrompt-T Loss 0.3141  
Epoch 107 |  Time(s) 0.0135 | RobustPrompt-T Loss 0.3804  
Epoch 108 |  Time(s) 0.0136 | RobustPrompt-T Loss 0.2779  
Epoch 109 |  Time(s) 0.0134 | RobustPrompt-T Loss 0.3900  
Epoch 110 |  Time(s) 0.0139 | RobustPrompt-T Loss 0.2635  
Epoch 111 |  Time(s) 0.0137 | RobustPrompt-T Loss 0.3190  
Epoch 112 |  Time(s) 0.0139 | RobustPrompt-T Loss 0.2358  
Epoch 113 |  Time(s) 0.0134 | RobustPrompt-T Loss 0.3514  
Epoch 114 |  Time(s) 0.0138 | RobustPrompt-T Loss 0.2369  
Epoch 115 |  Time(s) 0.0138 | RobustPrompt-T Loss 0.3672  
Epoch 116 |  Time(s) 0.0139 | RobustPrompt-T Loss 0.2728  
Epoch 117 |  Time(s) 0.0136 | RobustPrompt-T Loss 0.3793  
Epoch 118 |  Time(s) 0.0137 | RobustPrompt-T Loss 0.4130  
Epoch 119 |  Time(s) 0.0138 | RobustPrompt-T Loss 0.2364  
Epoch 120 |  Time(s) 0.0140 | RobustPrompt-T Loss 0.3415  
Epoch 121 |  Time(s) 0.0135 | RobustPrompt-T Loss 0.2156  
Epoch 122 |  Time(s) 0.0139 | RobustPrompt-T Loss 0.3601  
Epoch 123 |  Time(s) 0.0138 | RobustPrompt-T Loss 0.3043  
Epoch 124 |  Time(s) 0.0139 | RobustPrompt-T Loss 0.2415  
Epoch 125 |  Time(s) 0.0139 | RobustPrompt-T Loss 0.2637  
Epoch 126 |  Time(s) 0.0140 | RobustPrompt-T Loss 0.2333  
Epoch 127 |  Time(s) 0.0136 | RobustPrompt-T Loss 0.2303  
Epoch 128 |  Time(s) 0.0138 | RobustPrompt-T Loss 0.3229  
Epoch 129 |  Time(s) 0.0138 | RobustPrompt-T Loss 0.2138  
Epoch 130 |  Time(s) 0.0139 | RobustPrompt-T Loss 0.2366  
Epoch 131 |  Time(s) 0.0136 | RobustPrompt-T Loss 0.2532  
Epoch 132 |  Time(s) 0.0138 | RobustPrompt-T Loss 0.1591  
Epoch 133 |  Time(s) 0.0139 | RobustPrompt-T Loss 0.2128  
Epoch 134 |  Time(s) 0.0140 | RobustPrompt-T Loss 0.1510  
Epoch 135 |  Time(s) 0.0139 | RobustPrompt-T Loss 0.1927  
Epoch 136 |  Time(s) 0.0140 | RobustPrompt-T Loss 0.1581  
Epoch 137 |  Time(s) 0.0139 | RobustPrompt-T Loss 0.1327  
Epoch 138 |  Time(s) 0.0135 | RobustPrompt-T Loss 0.1506  
Epoch 139 |  Time(s) 0.0137 | RobustPrompt-T Loss 0.1240  
Epoch 140 |  Time(s) 0.0138 | RobustPrompt-T Loss 0.1213  
Epoch 141 |  Time(s) 0.0139 | RobustPrompt-T Loss 0.1273  
Epoch 142 |  Time(s) 0.0136 | RobustPrompt-T Loss 0.1219  
Epoch 143 |  Time(s) 0.0137 | RobustPrompt-T Loss 0.1430  
Epoch 144 |  Time(s) 0.0139 | RobustPrompt-T Loss 0.1106  
Epoch 145 |  Time(s) 0.0137 | RobustPrompt-T Loss 0.0893  
Epoch 146 |  Time(s) 0.0136 | RobustPrompt-T Loss 0.0993  
Epoch 147 |  Time(s) 0.0138 | RobustPrompt-T Loss 0.1137  
Epoch 148 |  Time(s) 0.0138 | RobustPrompt-T Loss 0.0822  
Epoch 149 |  Time(s) 0.0141 | RobustPrompt-T Loss 0.1012  
Epoch 150 |  Time(s) 0.0140 | RobustPrompt-T Loss 0.0838  
Epoch 151 |  Time(s) 0.0140 | RobustPrompt-T Loss 0.0788  
Epoch 152 |  Time(s) 0.0141 | RobustPrompt-T Loss 0.0790  
Epoch 153 |  Time(s) 0.0140 | RobustPrompt-T Loss 0.0768  
Epoch 154 |  Time(s) 0.0140 | RobustPrompt-T Loss 0.0714  
Epoch 155 |  Time(s) 0.0138 | RobustPrompt-T Loss 0.0693  
Epoch 156 |  Time(s) 0.0136 | RobustPrompt-T Loss 0.0688  
Epoch 157 |  Time(s) 0.0139 | RobustPrompt-T Loss 0.0689  
Epoch 158 |  Time(s) 0.0136 | RobustPrompt-T Loss 0.0801  
Epoch 159 |  Time(s) 0.0135 | RobustPrompt-T Loss 0.0774  
Epoch 160 |  Time(s) 0.0139 | RobustPrompt-T Loss 0.0645  
Epoch 161 |  Time(s) 0.0139 | RobustPrompt-T Loss 0.0740  
Epoch 162 |  Time(s) 0.0139 | RobustPrompt-T Loss 0.0770  
Epoch 163 |  Time(s) 0.0134 | RobustPrompt-T Loss 0.0640  
Epoch 164 |  Time(s) 0.0139 | RobustPrompt-T Loss 0.0708  
Epoch 165 |  Time(s) 0.0138 | RobustPrompt-T Loss 0.0717  
Epoch 166 |  Time(s) 0.0141 | RobustPrompt-T Loss 0.0588  
Epoch 167 |  Time(s) 0.0140 | RobustPrompt-T Loss 0.0674  
Epoch 168 |  Time(s) 0.0139 | RobustPrompt-T Loss 0.0587  
Epoch 169 |  Time(s) 0.0140 | RobustPrompt-T Loss 0.0573  
Epoch 170 |  Time(s) 0.0142 | RobustPrompt-T Loss 0.0571  
Epoch 171 |  Time(s) 0.0138 | RobustPrompt-T Loss 0.0599  
Epoch 172 |  Time(s) 0.0140 | RobustPrompt-T Loss 0.0558  
Epoch 173 |  Time(s) 0.0141 | RobustPrompt-T Loss 0.0556  
Epoch 174 |  Time(s) 0.0140 | RobustPrompt-T Loss 0.0551  
Epoch 175 |  Time(s) 0.0138 | RobustPrompt-T Loss 0.0555  
Epoch 176 |  Time(s) 0.0141 | RobustPrompt-T Loss 0.0529  
Epoch 177 |  Time(s) 0.0140 | RobustPrompt-T Loss 0.0530  
Epoch 178 |  Time(s) 0.0140 | RobustPrompt-T Loss 0.0545  
Epoch 179 |  Time(s) 0.0138 | RobustPrompt-T Loss 0.0516  
Epoch 180 |  Time(s) 0.0141 | RobustPrompt-T Loss 0.0515  
Epoch 181 |  Time(s) 0.0140 | RobustPrompt-T Loss 0.0505  
Epoch 182 |  Time(s) 0.0140 | RobustPrompt-T Loss 0.0527  
Epoch 183 |  Time(s) 0.0141 | RobustPrompt-T Loss 0.0492  
Epoch 184 |  Time(s) 0.0140 | RobustPrompt-T Loss 0.0514  
Epoch 185 |  Time(s) 0.0139 | RobustPrompt-T Loss 0.0618  
Epoch 186 |  Time(s) 0.0140 | RobustPrompt-T Loss 0.0654  
Epoch 187 |  Time(s) 0.0140 | RobustPrompt-T Loss 0.0586  
Epoch 188 |  Time(s) 0.0140 | RobustPrompt-T Loss 0.0493  
Epoch 189 |  Time(s) 0.0140 | RobustPrompt-T Loss 0.0487  
Epoch 190 |  Time(s) 0.0140 | RobustPrompt-T Loss 0.0543  
Epoch 191 |  Time(s) 0.0140 | RobustPrompt-T Loss 0.0480  
Epoch 192 |  Time(s) 0.0136 | RobustPrompt-T Loss 0.0476  
Epoch 193 |  Time(s) 0.0140 | RobustPrompt-T Loss 0.0493  
Epoch 194 |  Time(s) 0.0138 | RobustPrompt-T Loss 0.0491  
Epoch 195 |  Time(s) 0.0139 | RobustPrompt-T Loss 0.0461  
Epoch 196 |  Time(s) 0.0140 | RobustPrompt-T Loss 0.0457  
Epoch 197 |  Time(s) 0.0139 | RobustPrompt-T Loss 0.0466  
Epoch 198 |  Time(s) 0.0140 | RobustPrompt-T Loss 0.0452  
Epoch 199 |  Time(s) 0.0139 | RobustPrompt-T Loss 0.0442  
Epoch 200 |  Time(s) 0.0140 | RobustPrompt-T Loss 0.0453  
Final True Accuracy: 0.1499 | Macro F1 Score: 0.1317
best_loss [tensor(0.0453, device='cuda:0', grad_fn=<AddBackward0>)]
load LLC or attacked data with specified split
Successfully loaded the attack of dataname with few shot 5, split 1
Attack method : Meta_Self | Attack ptb : 0.1 | Dataset: Cora
======================
Number of graphs: 1
Number of features: 1433
Number of classes: 7

Data(x=[2708, 1433], edge_index=[2, 14378], y=[2708], train_mask=[2708], val_mask=[2708], test_mask=[2708])
===========================================================================================================
Number of nodes: 2708
Number of edges: 14378
Average node degree: 5.31
Has isolated nodes: False
Has self-loops: True
Is undirected: True
GCN(
  (conv_layers): ModuleList(
    (0): GCNConv(1433, 256)
    (1): GCNConv(256, 256)
  )
)
Successfully loaded pre-trained weights!
use RobustPrompt Tranductive
defense pt dict :  {'sim_pt': 0.3, 'degree_pt': 1, 'out_detect_pt': 0.5, 'other_pt': 'all'}
use_attention :  False
cosine_constraint :  True
pt_threshold :  0.5
filter_module :  OriginalFilter
temperature :  1.0
weight_mse 0.1
weight_kl :  0.3
weight_constraint :  0.2
run RobustPrompt-T
Epoch 001 |  Time(s) 0.0143 | RobustPrompt-T Loss 1.9459  
Epoch 002 |  Time(s) 0.0140 | RobustPrompt-T Loss 1.9463  
Epoch 003 |  Time(s) 0.0140 | RobustPrompt-T Loss 1.9702  
Epoch 004 |  Time(s) 0.0139 | RobustPrompt-T Loss 1.9133  
Epoch 005 |  Time(s) 0.0135 | RobustPrompt-T Loss 1.9146  
Epoch 006 |  Time(s) 0.0137 | RobustPrompt-T Loss 1.9096  
Epoch 007 |  Time(s) 0.0140 | RobustPrompt-T Loss 1.9055  
Epoch 008 |  Time(s) 0.0139 | RobustPrompt-T Loss 1.8915  
Epoch 009 |  Time(s) 0.0139 | RobustPrompt-T Loss 1.8790  
Epoch 010 |  Time(s) 0.0133 | RobustPrompt-T Loss 1.8711  
Epoch 011 |  Time(s) 0.0137 | RobustPrompt-T Loss 1.8613  
Epoch 012 |  Time(s) 0.0141 | RobustPrompt-T Loss 1.8220  
Epoch 013 |  Time(s) 0.0139 | RobustPrompt-T Loss 1.7987  
Epoch 014 |  Time(s) 0.0136 | RobustPrompt-T Loss 1.7917  
Epoch 015 |  Time(s) 0.0139 | RobustPrompt-T Loss 1.7956  
Epoch 016 |  Time(s) 0.0137 | RobustPrompt-T Loss 1.8727  
Epoch 017 |  Time(s) 0.0141 | RobustPrompt-T Loss 1.8057  
Epoch 018 |  Time(s) 0.0135 | RobustPrompt-T Loss 1.7830  
Epoch 019 |  Time(s) 0.0138 | RobustPrompt-T Loss 1.8236  
Epoch 020 |  Time(s) 0.0136 | RobustPrompt-T Loss 1.7739  
Epoch 021 |  Time(s) 0.0136 | RobustPrompt-T Loss 1.7494  
Epoch 022 |  Time(s) 0.0136 | RobustPrompt-T Loss 1.7546  
Epoch 023 |  Time(s) 0.0136 | RobustPrompt-T Loss 1.7529  
Epoch 024 |  Time(s) 0.0135 | RobustPrompt-T Loss 1.7415  
Epoch 025 |  Time(s) 0.0138 | RobustPrompt-T Loss 1.7246  
Epoch 026 |  Time(s) 0.0139 | RobustPrompt-T Loss 1.6987  
Epoch 027 |  Time(s) 0.0140 | RobustPrompt-T Loss 1.6848  
Epoch 028 |  Time(s) 0.0139 | RobustPrompt-T Loss 1.6977  
Epoch 029 |  Time(s) 0.0136 | RobustPrompt-T Loss 1.6449  
Epoch 030 |  Time(s) 0.0138 | RobustPrompt-T Loss 1.7189  
Epoch 031 |  Time(s) 0.0137 | RobustPrompt-T Loss 1.7173  
Epoch 032 |  Time(s) 0.0139 | RobustPrompt-T Loss 1.5657  
Epoch 033 |  Time(s) 0.0136 | RobustPrompt-T Loss 1.7432  
Epoch 034 |  Time(s) 0.0139 | RobustPrompt-T Loss 1.5176  
Epoch 035 |  Time(s) 0.0140 | RobustPrompt-T Loss 1.5866  
Epoch 036 |  Time(s) 0.0140 | RobustPrompt-T Loss 1.5368  
Epoch 037 |  Time(s) 0.0139 | RobustPrompt-T Loss 1.5371  
Epoch 038 |  Time(s) 0.0139 | RobustPrompt-T Loss 1.5378  
Epoch 039 |  Time(s) 0.0140 | RobustPrompt-T Loss 1.4602  
Epoch 040 |  Time(s) 0.0139 | RobustPrompt-T Loss 1.5122  
Epoch 041 |  Time(s) 0.0141 | RobustPrompt-T Loss 1.3844  
Epoch 042 |  Time(s) 0.0139 | RobustPrompt-T Loss 1.4730  
Epoch 043 |  Time(s) 0.0140 | RobustPrompt-T Loss 1.3703  
Epoch 044 |  Time(s) 0.0140 | RobustPrompt-T Loss 1.5384  
Epoch 045 |  Time(s) 0.0141 | RobustPrompt-T Loss 1.4790  
Epoch 046 |  Time(s) 0.0140 | RobustPrompt-T Loss 1.2939  
Epoch 047 |  Time(s) 0.0139 | RobustPrompt-T Loss 1.3188  
Epoch 048 |  Time(s) 0.0135 | RobustPrompt-T Loss 1.2845  
Epoch 049 |  Time(s) 0.0140 | RobustPrompt-T Loss 1.2422  
Epoch 050 |  Time(s) 0.0140 | RobustPrompt-T Loss 1.2775  
Epoch 051 |  Time(s) 0.0139 | RobustPrompt-T Loss 1.2522  
Epoch 052 |  Time(s) 0.0140 | RobustPrompt-T Loss 1.2540  
Epoch 053 |  Time(s) 0.0139 | RobustPrompt-T Loss 1.2390  
Epoch 054 |  Time(s) 0.0140 | RobustPrompt-T Loss 1.1563  
Epoch 055 |  Time(s) 0.0139 | RobustPrompt-T Loss 1.2287  
Epoch 056 |  Time(s) 0.0140 | RobustPrompt-T Loss 1.0797  
Epoch 057 |  Time(s) 0.0134 | RobustPrompt-T Loss 1.1506  
Epoch 058 |  Time(s) 0.0140 | RobustPrompt-T Loss 1.0429  
Epoch 059 |  Time(s) 0.0140 | RobustPrompt-T Loss 1.1350  
Epoch 060 |  Time(s) 0.0140 | RobustPrompt-T Loss 1.0135  
Epoch 061 |  Time(s) 0.0139 | RobustPrompt-T Loss 1.0240  
Epoch 062 |  Time(s) 0.0133 | RobustPrompt-T Loss 0.9951  
Epoch 063 |  Time(s) 0.0138 | RobustPrompt-T Loss 1.0852  
Epoch 064 |  Time(s) 0.0139 | RobustPrompt-T Loss 0.9454  
Epoch 065 |  Time(s) 0.0133 | RobustPrompt-T Loss 1.0709  
Epoch 066 |  Time(s) 0.0137 | RobustPrompt-T Loss 1.0171  
Epoch 067 |  Time(s) 0.0132 | RobustPrompt-T Loss 0.9172  
Epoch 068 |  Time(s) 0.0131 | RobustPrompt-T Loss 0.9423  
Epoch 069 |  Time(s) 0.0133 | RobustPrompt-T Loss 0.9694  
Epoch 070 |  Time(s) 0.0132 | RobustPrompt-T Loss 0.8562  
Epoch 071 |  Time(s) 0.0132 | RobustPrompt-T Loss 0.8524  
Epoch 072 |  Time(s) 0.0132 | RobustPrompt-T Loss 0.8048  
Epoch 073 |  Time(s) 0.0133 | RobustPrompt-T Loss 0.7626  
Epoch 074 |  Time(s) 0.0131 | RobustPrompt-T Loss 0.8037  
Epoch 075 |  Time(s) 0.0132 | RobustPrompt-T Loss 0.7346  
Epoch 076 |  Time(s) 0.0135 | RobustPrompt-T Loss 0.6999  
Epoch 077 |  Time(s) 0.0136 | RobustPrompt-T Loss 0.7345  
Epoch 078 |  Time(s) 0.0132 | RobustPrompt-T Loss 0.8099  
Epoch 079 |  Time(s) 0.0135 | RobustPrompt-T Loss 0.6364  
Epoch 080 |  Time(s) 0.0132 | RobustPrompt-T Loss 0.9981  
Epoch 081 |  Time(s) 0.0132 | RobustPrompt-T Loss 0.8837  
Epoch 082 |  Time(s) 0.0131 | RobustPrompt-T Loss 0.7063  
Epoch 083 |  Time(s) 0.0131 | RobustPrompt-T Loss 0.7101  
Epoch 084 |  Time(s) 0.0132 | RobustPrompt-T Loss 0.6754  
Epoch 085 |  Time(s) 0.0132 | RobustPrompt-T Loss 0.6713  
Epoch 086 |  Time(s) 0.0132 | RobustPrompt-T Loss 0.6818  
Epoch 087 |  Time(s) 0.0131 | RobustPrompt-T Loss 0.7150  
Epoch 088 |  Time(s) 0.0135 | RobustPrompt-T Loss 0.5911  
Epoch 089 |  Time(s) 0.0133 | RobustPrompt-T Loss 0.6307  
Epoch 090 |  Time(s) 0.0132 | RobustPrompt-T Loss 0.5451  
Epoch 091 |  Time(s) 0.0132 | RobustPrompt-T Loss 0.5929  
Epoch 092 |  Time(s) 0.0131 | RobustPrompt-T Loss 0.4944  
Epoch 093 |  Time(s) 0.0131 | RobustPrompt-T Loss 0.5720  
Epoch 094 |  Time(s) 0.0133 | RobustPrompt-T Loss 0.4762  
Epoch 095 |  Time(s) 0.0132 | RobustPrompt-T Loss 0.7900  
Epoch 096 |  Time(s) 0.0132 | RobustPrompt-T Loss 0.8746  
Epoch 097 |  Time(s) 0.0131 | RobustPrompt-T Loss 0.5172  
Epoch 098 |  Time(s) 0.0131 | RobustPrompt-T Loss 0.8785  
Epoch 099 |  Time(s) 0.0131 | RobustPrompt-T Loss 1.1841  
Epoch 100 |  Time(s) 0.0131 | RobustPrompt-T Loss 0.6953  
Epoch 101 |  Time(s) 0.0131 | RobustPrompt-T Loss 0.6609  
Epoch 102 |  Time(s) 0.0131 | RobustPrompt-T Loss 1.2916  
Epoch 103 |  Time(s) 0.0131 | RobustPrompt-T Loss 1.0047  
Epoch 104 |  Time(s) 0.0132 | RobustPrompt-T Loss 0.4650  
Epoch 105 |  Time(s) 0.0130 | RobustPrompt-T Loss 0.8673  
Epoch 106 |  Time(s) 0.0131 | RobustPrompt-T Loss 0.9295  
Epoch 107 |  Time(s) 0.0132 | RobustPrompt-T Loss 0.6169  
Epoch 108 |  Time(s) 0.0133 | RobustPrompt-T Loss 0.6266  
Epoch 109 |  Time(s) 0.0136 | RobustPrompt-T Loss 0.6606  
Epoch 110 |  Time(s) 0.0135 | RobustPrompt-T Loss 0.5381  
Epoch 111 |  Time(s) 0.0134 | RobustPrompt-T Loss 0.7215  
Epoch 112 |  Time(s) 0.0132 | RobustPrompt-T Loss 0.8747  
Epoch 113 |  Time(s) 0.0133 | RobustPrompt-T Loss 0.7959  
Epoch 114 |  Time(s) 0.0131 | RobustPrompt-T Loss 0.7374  
Epoch 115 |  Time(s) 0.0133 | RobustPrompt-T Loss 0.6133  
Epoch 116 |  Time(s) 0.0132 | RobustPrompt-T Loss 0.8194  
Epoch 117 |  Time(s) 0.0132 | RobustPrompt-T Loss 0.7723  
Epoch 118 |  Time(s) 0.0135 | RobustPrompt-T Loss 0.5428  
Epoch 119 |  Time(s) 0.0132 | RobustPrompt-T Loss 0.5425  
Epoch 120 |  Time(s) 0.0134 | RobustPrompt-T Loss 0.5669  
Epoch 121 |  Time(s) 0.0137 | RobustPrompt-T Loss 0.6020  
Epoch 122 |  Time(s) 0.0134 | RobustPrompt-T Loss 0.5758  
Epoch 123 |  Time(s) 0.0135 | RobustPrompt-T Loss 0.4565  
Epoch 124 |  Time(s) 0.0136 | RobustPrompt-T Loss 0.5917  
Epoch 125 |  Time(s) 0.0134 | RobustPrompt-T Loss 0.6080  
Epoch 126 |  Time(s) 0.0131 | RobustPrompt-T Loss 0.6912  
Epoch 127 |  Time(s) 0.0132 | RobustPrompt-T Loss 0.7178  
Epoch 128 |  Time(s) 0.0131 | RobustPrompt-T Loss 0.4402  
Epoch 129 |  Time(s) 0.0135 | RobustPrompt-T Loss 0.6999  
Epoch 130 |  Time(s) 0.0130 | RobustPrompt-T Loss 0.9042  
Epoch 131 |  Time(s) 0.0138 | RobustPrompt-T Loss 0.5787  
Epoch 132 |  Time(s) 0.0136 | RobustPrompt-T Loss 0.5519  
Epoch 133 |  Time(s) 0.0136 | RobustPrompt-T Loss 0.6815  
Epoch 134 |  Time(s) 0.0136 | RobustPrompt-T Loss 0.4111  
Epoch 135 |  Time(s) 0.0135 | RobustPrompt-T Loss 0.6573  
Epoch 136 |  Time(s) 0.0134 | RobustPrompt-T Loss 0.8984  
Epoch 137 |  Time(s) 0.0138 | RobustPrompt-T Loss 0.5346  
Epoch 138 |  Time(s) 0.0135 | RobustPrompt-T Loss 0.4639  
Epoch 139 |  Time(s) 0.0132 | RobustPrompt-T Loss 0.5656  
Epoch 140 |  Time(s) 0.0133 | RobustPrompt-T Loss 0.3888  
Epoch 141 |  Time(s) 0.0133 | RobustPrompt-T Loss 0.4858  
Epoch 142 |  Time(s) 0.0135 | RobustPrompt-T Loss 0.5509  
Epoch 143 |  Time(s) 0.0134 | RobustPrompt-T Loss 0.3500  
Epoch 144 |  Time(s) 0.0135 | RobustPrompt-T Loss 0.5061  
Epoch 145 |  Time(s) 0.0136 | RobustPrompt-T Loss 0.7835  
Epoch 146 |  Time(s) 0.0135 | RobustPrompt-T Loss 0.4749  
Epoch 147 |  Time(s) 0.0136 | RobustPrompt-T Loss 0.4602  
Epoch 148 |  Time(s) 0.0136 | RobustPrompt-T Loss 0.4999  
Epoch 149 |  Time(s) 0.0131 | RobustPrompt-T Loss 0.3651  
Epoch 150 |  Time(s) 0.0132 | RobustPrompt-T Loss 0.3981  
Epoch 151 |  Time(s) 0.0136 | RobustPrompt-T Loss 0.4601  
Epoch 152 |  Time(s) 0.0135 | RobustPrompt-T Loss 0.2848  
Epoch 153 |  Time(s) 0.0132 | RobustPrompt-T Loss 0.4619  
Epoch 154 |  Time(s) 0.0136 | RobustPrompt-T Loss 0.6461  
Epoch 155 |  Time(s) 0.0137 | RobustPrompt-T Loss 0.3438  
Epoch 156 |  Time(s) 0.0134 | RobustPrompt-T Loss 0.5290  
Epoch 157 |  Time(s) 0.0137 | RobustPrompt-T Loss 0.9768  
Epoch 158 |  Time(s) 0.0136 | RobustPrompt-T Loss 0.6203  
Epoch 159 |  Time(s) 0.0135 | RobustPrompt-T Loss 0.2586  
Epoch 160 |  Time(s) 0.0134 | RobustPrompt-T Loss 0.4478  
Epoch 161 |  Time(s) 0.0134 | RobustPrompt-T Loss 0.3455  
Epoch 162 |  Time(s) 0.0137 | RobustPrompt-T Loss 0.4493  
Epoch 163 |  Time(s) 0.0137 | RobustPrompt-T Loss 0.5085  
Epoch 164 |  Time(s) 0.0131 | RobustPrompt-T Loss 0.2608  
Epoch 165 |  Time(s) 0.0134 | RobustPrompt-T Loss 0.2903  
Epoch 166 |  Time(s) 0.0133 | RobustPrompt-T Loss 0.2992  
Epoch 167 |  Time(s) 0.0137 | RobustPrompt-T Loss 0.2204  
Epoch 168 |  Time(s) 0.0137 | RobustPrompt-T Loss 0.4650  
Epoch 169 |  Time(s) 0.0135 | RobustPrompt-T Loss 0.5528  
Epoch 170 |  Time(s) 0.0135 | RobustPrompt-T Loss 0.2653  
Epoch 171 |  Time(s) 0.0135 | RobustPrompt-T Loss 0.4462  
Epoch 172 |  Time(s) 0.0138 | RobustPrompt-T Loss 0.5709  
Epoch 173 |  Time(s) 0.0136 | RobustPrompt-T Loss 0.3277  
Epoch 174 |  Time(s) 0.0135 | RobustPrompt-T Loss 0.2604  
Epoch 175 |  Time(s) 0.0134 | RobustPrompt-T Loss 0.3745  
Epoch 176 |  Time(s) 0.0132 | RobustPrompt-T Loss 0.3826  
Epoch 177 |  Time(s) 0.0132 | RobustPrompt-T Loss 0.1841  
Epoch 178 |  Time(s) 0.0132 | RobustPrompt-T Loss 0.4704  
Epoch 179 |  Time(s) 0.0132 | RobustPrompt-T Loss 0.4365  
Epoch 180 |  Time(s) 0.0131 | RobustPrompt-T Loss 0.2048  
Epoch 181 |  Time(s) 0.0131 | RobustPrompt-T Loss 0.2497  
Epoch 182 |  Time(s) 0.0135 | RobustPrompt-T Loss 0.1711  
Epoch 183 |  Time(s) 0.0132 | RobustPrompt-T Loss 0.1785  
Epoch 184 |  Time(s) 0.0135 | RobustPrompt-T Loss 0.1663  
Epoch 185 |  Time(s) 0.0130 | RobustPrompt-T Loss 0.1736  
Epoch 186 |  Time(s) 0.0131 | RobustPrompt-T Loss 0.1425  
Epoch 187 |  Time(s) 0.0131 | RobustPrompt-T Loss 0.1549  
Epoch 188 |  Time(s) 0.0143 | RobustPrompt-T Loss 0.1328  
Epoch 189 |  Time(s) 0.0137 | RobustPrompt-T Loss 0.1337  
Epoch 190 |  Time(s) 0.0139 | RobustPrompt-T Loss 0.1135  
Epoch 191 |  Time(s) 0.0135 | RobustPrompt-T Loss 0.1140  
Epoch 192 |  Time(s) 0.0136 | RobustPrompt-T Loss 0.1014  
Epoch 193 |  Time(s) 0.0134 | RobustPrompt-T Loss 0.1037  
Epoch 194 |  Time(s) 0.0136 | RobustPrompt-T Loss 0.1007  
Epoch 195 |  Time(s) 0.0135 | RobustPrompt-T Loss 0.0949  
Epoch 196 |  Time(s) 0.0136 | RobustPrompt-T Loss 0.0819  
Epoch 197 |  Time(s) 0.0134 | RobustPrompt-T Loss 0.0796  
Epoch 198 |  Time(s) 0.0136 | RobustPrompt-T Loss 0.0761  
Epoch 199 |  Time(s) 0.0141 | RobustPrompt-T Loss 0.0711  
Epoch 200 |  Time(s) 0.0131 | RobustPrompt-T Loss 0.0719  
Final True Accuracy: 0.1379 | Macro F1 Score: 0.1368
best_loss [tensor(0.0719, device='cuda:0', grad_fn=<AddBackward0>)]
load LLC or attacked data with specified split
Successfully loaded the attack of dataname with few shot 5, split 1
Attack method : Meta_Self | Attack ptb : 0.1 | Dataset: Cora
======================
Number of graphs: 1
Number of features: 1433
Number of classes: 7

Data(x=[2708, 1433], edge_index=[2, 14378], y=[2708], train_mask=[2708], val_mask=[2708], test_mask=[2708])
===========================================================================================================
Number of nodes: 2708
Number of edges: 14378
Average node degree: 5.31
Has isolated nodes: False
Has self-loops: True
Is undirected: True
GCN(
  (conv_layers): ModuleList(
    (0): GCNConv(1433, 256)
    (1): GCNConv(256, 256)
  )
)
Successfully loaded pre-trained weights!
use RobustPrompt Tranductive
defense pt dict :  {'sim_pt': 0.3, 'degree_pt': 1, 'out_detect_pt': 0.5, 'other_pt': 'all'}
use_attention :  False
cosine_constraint :  True
pt_threshold :  0.5
filter_module :  OriginalFilter
temperature :  1.0
weight_mse 0.1
weight_kl :  0.3
weight_constraint :  0.2
run RobustPrompt-T
Epoch 001 |  Time(s) 0.0143 | RobustPrompt-T Loss 1.9443  
Epoch 002 |  Time(s) 0.0140 | RobustPrompt-T Loss 1.9361  
Epoch 003 |  Time(s) 0.0139 | RobustPrompt-T Loss 1.9260  
Epoch 004 |  Time(s) 0.0134 | RobustPrompt-T Loss 1.9028  
Epoch 005 |  Time(s) 0.0136 | RobustPrompt-T Loss 1.8741  
Epoch 006 |  Time(s) 0.0135 | RobustPrompt-T Loss 1.8716  
Epoch 007 |  Time(s) 0.0136 | RobustPrompt-T Loss 1.8621  
Epoch 008 |  Time(s) 0.0140 | RobustPrompt-T Loss 1.7932  
Epoch 009 |  Time(s) 0.0140 | RobustPrompt-T Loss 1.7767  
Epoch 010 |  Time(s) 0.0140 | RobustPrompt-T Loss 1.7867  
Epoch 011 |  Time(s) 0.0135 | RobustPrompt-T Loss 1.8329  
Epoch 012 |  Time(s) 0.0137 | RobustPrompt-T Loss 1.8071  
Epoch 013 |  Time(s) 0.0137 | RobustPrompt-T Loss 1.8455  
Epoch 014 |  Time(s) 0.0136 | RobustPrompt-T Loss 1.7462  
Epoch 015 |  Time(s) 0.0137 | RobustPrompt-T Loss 1.7764  
Epoch 016 |  Time(s) 0.0137 | RobustPrompt-T Loss 1.7468  
Epoch 017 |  Time(s) 0.0140 | RobustPrompt-T Loss 1.7559  
Epoch 018 |  Time(s) 0.0135 | RobustPrompt-T Loss 1.7256  
Epoch 019 |  Time(s) 0.0140 | RobustPrompt-T Loss 1.7279  
Epoch 020 |  Time(s) 0.0139 | RobustPrompt-T Loss 1.7452  
Epoch 021 |  Time(s) 0.0139 | RobustPrompt-T Loss 1.6948  
Epoch 022 |  Time(s) 0.0139 | RobustPrompt-T Loss 1.6793  
Epoch 023 |  Time(s) 0.0141 | RobustPrompt-T Loss 1.6858  
Epoch 024 |  Time(s) 0.0138 | RobustPrompt-T Loss 1.6733  
Epoch 025 |  Time(s) 0.0141 | RobustPrompt-T Loss 1.6591  
Epoch 026 |  Time(s) 0.0140 | RobustPrompt-T Loss 1.6121  
Epoch 027 |  Time(s) 0.0140 | RobustPrompt-T Loss 1.6188  
Epoch 028 |  Time(s) 0.0140 | RobustPrompt-T Loss 1.5937  
Epoch 029 |  Time(s) 0.0140 | RobustPrompt-T Loss 1.5773  
Epoch 030 |  Time(s) 0.0144 | RobustPrompt-T Loss 1.5429  
Epoch 031 |  Time(s) 0.0140 | RobustPrompt-T Loss 1.5195  
Epoch 032 |  Time(s) 0.0145 | RobustPrompt-T Loss 1.5487  
Epoch 033 |  Time(s) 0.0142 | RobustPrompt-T Loss 1.4744  
Epoch 034 |  Time(s) 0.0141 | RobustPrompt-T Loss 1.4430  
Epoch 035 |  Time(s) 0.0137 | RobustPrompt-T Loss 1.3770  
Epoch 036 |  Time(s) 0.0140 | RobustPrompt-T Loss 1.3700  
Epoch 037 |  Time(s) 0.0132 | RobustPrompt-T Loss 1.2848  
Epoch 038 |  Time(s) 0.0128 | RobustPrompt-T Loss 1.2668  
Epoch 039 |  Time(s) 0.0128 | RobustPrompt-T Loss 1.2621  
Epoch 040 |  Time(s) 0.0129 | RobustPrompt-T Loss 1.2196  
Epoch 041 |  Time(s) 0.0134 | RobustPrompt-T Loss 1.2555  
Epoch 042 |  Time(s) 0.0140 | RobustPrompt-T Loss 1.2230  
Epoch 043 |  Time(s) 0.0143 | RobustPrompt-T Loss 1.1178  
Epoch 044 |  Time(s) 0.0134 | RobustPrompt-T Loss 1.0815  
Epoch 045 |  Time(s) 0.0145 | RobustPrompt-T Loss 1.0491  
Epoch 046 |  Time(s) 0.0134 | RobustPrompt-T Loss 1.0325  
Epoch 047 |  Time(s) 0.0135 | RobustPrompt-T Loss 1.0138  
Epoch 048 |  Time(s) 0.0131 | RobustPrompt-T Loss 0.9874  
Epoch 049 |  Time(s) 0.0131 | RobustPrompt-T Loss 0.9681  
Epoch 050 |  Time(s) 0.0137 | RobustPrompt-T Loss 0.9413  
Epoch 051 |  Time(s) 0.0138 | RobustPrompt-T Loss 0.9395  
Epoch 052 |  Time(s) 0.0135 | RobustPrompt-T Loss 1.0047  
Epoch 053 |  Time(s) 0.0136 | RobustPrompt-T Loss 0.8887  
Epoch 054 |  Time(s) 0.0138 | RobustPrompt-T Loss 0.8530  
Epoch 055 |  Time(s) 0.0131 | RobustPrompt-T Loss 0.8328  
Epoch 056 |  Time(s) 0.0133 | RobustPrompt-T Loss 0.8363  
Epoch 057 |  Time(s) 0.0136 | RobustPrompt-T Loss 0.9888  
Epoch 058 |  Time(s) 0.0135 | RobustPrompt-T Loss 0.8261  
Epoch 059 |  Time(s) 0.0136 | RobustPrompt-T Loss 1.3532  
Epoch 060 |  Time(s) 0.0135 | RobustPrompt-T Loss 1.2749  
Epoch 061 |  Time(s) 0.0135 | RobustPrompt-T Loss 1.0179  
Epoch 062 |  Time(s) 0.0133 | RobustPrompt-T Loss 0.9923  
Epoch 063 |  Time(s) 0.0138 | RobustPrompt-T Loss 0.8956  
Epoch 064 |  Time(s) 0.0138 | RobustPrompt-T Loss 0.8799  
Epoch 065 |  Time(s) 0.0135 | RobustPrompt-T Loss 0.9086  
Epoch 066 |  Time(s) 0.0129 | RobustPrompt-T Loss 0.9437  
Epoch 067 |  Time(s) 0.0135 | RobustPrompt-T Loss 0.8082  
Epoch 068 |  Time(s) 0.0134 | RobustPrompt-T Loss 0.7466  
Epoch 069 |  Time(s) 0.0134 | RobustPrompt-T Loss 0.9466  
Epoch 070 |  Time(s) 0.0134 | RobustPrompt-T Loss 0.7683  
Epoch 071 |  Time(s) 0.0140 | RobustPrompt-T Loss 0.9249  
Epoch 072 |  Time(s) 0.0136 | RobustPrompt-T Loss 0.9294  
Epoch 073 |  Time(s) 0.0138 | RobustPrompt-T Loss 0.8445  
Epoch 074 |  Time(s) 0.0135 | RobustPrompt-T Loss 0.8028  
Epoch 075 |  Time(s) 0.0132 | RobustPrompt-T Loss 0.7427  
Epoch 076 |  Time(s) 0.0134 | RobustPrompt-T Loss 0.7033  
Epoch 077 |  Time(s) 0.0138 | RobustPrompt-T Loss 0.8375  
Epoch 078 |  Time(s) 0.0134 | RobustPrompt-T Loss 0.8491  
Epoch 079 |  Time(s) 0.0128 | RobustPrompt-T Loss 0.7251  
Epoch 080 |  Time(s) 0.0133 | RobustPrompt-T Loss 0.7149  
Epoch 081 |  Time(s) 0.0138 | RobustPrompt-T Loss 0.6953  
Epoch 082 |  Time(s) 0.0139 | RobustPrompt-T Loss 0.6601  
Epoch 083 |  Time(s) 0.0140 | RobustPrompt-T Loss 0.7669  
Epoch 084 |  Time(s) 0.0140 | RobustPrompt-T Loss 0.7444  
Epoch 085 |  Time(s) 0.0129 | RobustPrompt-T Loss 0.7990  
Epoch 086 |  Time(s) 0.0132 | RobustPrompt-T Loss 0.7350  
Epoch 087 |  Time(s) 0.0130 | RobustPrompt-T Loss 0.6289  
Epoch 088 |  Time(s) 0.0135 | RobustPrompt-T Loss 0.6133  
Epoch 089 |  Time(s) 0.0126 | RobustPrompt-T Loss 0.7662  
Epoch 090 |  Time(s) 0.0138 | RobustPrompt-T Loss 0.7605  
Epoch 091 |  Time(s) 0.0140 | RobustPrompt-T Loss 0.5767  
Epoch 092 |  Time(s) 0.0138 | RobustPrompt-T Loss 0.5839  
Epoch 093 |  Time(s) 0.0135 | RobustPrompt-T Loss 0.6123  
Epoch 094 |  Time(s) 0.0130 | RobustPrompt-T Loss 0.5499  
Epoch 095 |  Time(s) 0.0128 | RobustPrompt-T Loss 0.7483  
Epoch 096 |  Time(s) 0.0130 | RobustPrompt-T Loss 0.7651  
Epoch 097 |  Time(s) 0.0132 | RobustPrompt-T Loss 0.5018  
Epoch 098 |  Time(s) 0.0138 | RobustPrompt-T Loss 0.7146  
Epoch 099 |  Time(s) 0.0131 | RobustPrompt-T Loss 0.6260  
Epoch 100 |  Time(s) 0.0138 | RobustPrompt-T Loss 0.5414  
Epoch 101 |  Time(s) 0.0138 | RobustPrompt-T Loss 0.5461  
Epoch 102 |  Time(s) 0.0134 | RobustPrompt-T Loss 0.4754  
Epoch 103 |  Time(s) 0.0136 | RobustPrompt-T Loss 0.4635  
Epoch 104 |  Time(s) 0.0132 | RobustPrompt-T Loss 0.4932  
Epoch 105 |  Time(s) 0.0133 | RobustPrompt-T Loss 0.4297  
Epoch 106 |  Time(s) 0.0135 | RobustPrompt-T Loss 0.5696  
Epoch 107 |  Time(s) 0.0135 | RobustPrompt-T Loss 0.5008  
Epoch 108 |  Time(s) 0.0133 | RobustPrompt-T Loss 0.4451  
Epoch 109 |  Time(s) 0.0136 | RobustPrompt-T Loss 0.4314  
Epoch 110 |  Time(s) 0.0138 | RobustPrompt-T Loss 0.4351  
Epoch 111 |  Time(s) 0.0129 | RobustPrompt-T Loss 0.3823  
Epoch 112 |  Time(s) 0.0132 | RobustPrompt-T Loss 0.4932  
Epoch 113 |  Time(s) 0.0130 | RobustPrompt-T Loss 0.4808  
Epoch 114 |  Time(s) 0.0132 | RobustPrompt-T Loss 0.3368  
Epoch 115 |  Time(s) 0.0139 | RobustPrompt-T Loss 0.3760  
Epoch 116 |  Time(s) 0.0140 | RobustPrompt-T Loss 0.3078  
Epoch 117 |  Time(s) 0.0132 | RobustPrompt-T Loss 0.3077  
Epoch 118 |  Time(s) 0.0138 | RobustPrompt-T Loss 0.3510  
Epoch 119 |  Time(s) 0.0131 | RobustPrompt-T Loss 0.3028  
Epoch 120 |  Time(s) 0.0138 | RobustPrompt-T Loss 0.3825  
Epoch 121 |  Time(s) 0.0138 | RobustPrompt-T Loss 0.3430  
Epoch 122 |  Time(s) 0.0135 | RobustPrompt-T Loss 0.3279  
Epoch 123 |  Time(s) 0.0136 | RobustPrompt-T Loss 0.2928  
Epoch 124 |  Time(s) 0.0131 | RobustPrompt-T Loss 0.2840  
Epoch 125 |  Time(s) 0.0132 | RobustPrompt-T Loss 0.2643  
Epoch 126 |  Time(s) 0.0137 | RobustPrompt-T Loss 0.3136  
Epoch 127 |  Time(s) 0.0132 | RobustPrompt-T Loss 0.3494  
Epoch 128 |  Time(s) 0.0132 | RobustPrompt-T Loss 0.2554  
Epoch 129 |  Time(s) 0.0140 | RobustPrompt-T Loss 0.2454  
Epoch 130 |  Time(s) 0.0139 | RobustPrompt-T Loss 0.2532  
Epoch 131 |  Time(s) 0.0134 | RobustPrompt-T Loss 0.2298  
Epoch 132 |  Time(s) 0.0132 | RobustPrompt-T Loss 0.2324  
Epoch 133 |  Time(s) 0.0139 | RobustPrompt-T Loss 0.2130  
Epoch 134 |  Time(s) 0.0141 | RobustPrompt-T Loss 0.2930  
Epoch 135 |  Time(s) 0.0136 | RobustPrompt-T Loss 0.2596  
Epoch 136 |  Time(s) 0.0133 | RobustPrompt-T Loss 0.2270  
Epoch 137 |  Time(s) 0.0134 | RobustPrompt-T Loss 0.1914  
Epoch 138 |  Time(s) 0.0136 | RobustPrompt-T Loss 0.3018  
Epoch 139 |  Time(s) 0.0141 | RobustPrompt-T Loss 0.2604  
Epoch 140 |  Time(s) 0.0141 | RobustPrompt-T Loss 0.1951  
Epoch 141 |  Time(s) 0.0131 | RobustPrompt-T Loss 0.2104  
Epoch 142 |  Time(s) 0.0127 | RobustPrompt-T Loss 0.1750  
Epoch 143 |  Time(s) 0.0131 | RobustPrompt-T Loss 0.1801  
Epoch 144 |  Time(s) 0.0134 | RobustPrompt-T Loss 0.1775  
Epoch 145 |  Time(s) 0.0137 | RobustPrompt-T Loss 0.1525  
Epoch 146 |  Time(s) 0.0132 | RobustPrompt-T Loss 0.2183  
Epoch 147 |  Time(s) 0.0136 | RobustPrompt-T Loss 0.2032  
Epoch 148 |  Time(s) 0.0134 | RobustPrompt-T Loss 0.1679  
Epoch 149 |  Time(s) 0.0137 | RobustPrompt-T Loss 0.1394  
Epoch 150 |  Time(s) 0.0135 | RobustPrompt-T Loss 0.2251  
Epoch 151 |  Time(s) 0.0135 | RobustPrompt-T Loss 0.1802  
Epoch 152 |  Time(s) 0.0134 | RobustPrompt-T Loss 0.1883  
Epoch 153 |  Time(s) 0.0137 | RobustPrompt-T Loss 0.2062  
Epoch 154 |  Time(s) 0.0138 | RobustPrompt-T Loss 0.1444  
Epoch 155 |  Time(s) 0.0135 | RobustPrompt-T Loss 0.1538  
Epoch 156 |  Time(s) 0.0137 | RobustPrompt-T Loss 0.1232  
Epoch 157 |  Time(s) 0.0138 | RobustPrompt-T Loss 0.1532  
Epoch 158 |  Time(s) 0.0135 | RobustPrompt-T Loss 0.1256  
Epoch 159 |  Time(s) 0.0141 | RobustPrompt-T Loss 0.1310  
Epoch 160 |  Time(s) 0.0130 | RobustPrompt-T Loss 0.0928  
Epoch 161 |  Time(s) 0.0137 | RobustPrompt-T Loss 0.1398  
Epoch 162 |  Time(s) 0.0141 | RobustPrompt-T Loss 0.0970  
Epoch 163 |  Time(s) 0.0140 | RobustPrompt-T Loss 0.1087  
Epoch 164 |  Time(s) 0.0134 | RobustPrompt-T Loss 0.0865  
Epoch 165 |  Time(s) 0.0135 | RobustPrompt-T Loss 0.1321  
Epoch 166 |  Time(s) 0.0145 | RobustPrompt-T Loss 0.0770  
Epoch 167 |  Time(s) 0.0130 | RobustPrompt-T Loss 0.1040  
Epoch 168 |  Time(s) 0.0139 | RobustPrompt-T Loss 0.0714  
Epoch 169 |  Time(s) 0.0140 | RobustPrompt-T Loss 0.1236  
Epoch 170 |  Time(s) 0.0135 | RobustPrompt-T Loss 0.0760  
Epoch 171 |  Time(s) 0.0135 | RobustPrompt-T Loss 0.0970  
Epoch 172 |  Time(s) 0.0135 | RobustPrompt-T Loss 0.0673  
Epoch 173 |  Time(s) 0.0135 | RobustPrompt-T Loss 0.0910  
Epoch 174 |  Time(s) 0.0138 | RobustPrompt-T Loss 0.0720  
Epoch 175 |  Time(s) 0.0138 | RobustPrompt-T Loss 0.0646  
Epoch 176 |  Time(s) 0.0135 | RobustPrompt-T Loss 0.0728  
Epoch 177 |  Time(s) 0.0136 | RobustPrompt-T Loss 0.0558  
Epoch 178 |  Time(s) 0.0138 | RobustPrompt-T Loss 0.0809  
Epoch 179 |  Time(s) 0.0132 | RobustPrompt-T Loss 0.0552  
Epoch 180 |  Time(s) 0.0133 | RobustPrompt-T Loss 0.0579  
Epoch 181 |  Time(s) 0.0136 | RobustPrompt-T Loss 0.0592  
Epoch 182 |  Time(s) 0.0133 | RobustPrompt-T Loss 0.0539  
Epoch 183 |  Time(s) 0.0138 | RobustPrompt-T Loss 0.0687  
Epoch 184 |  Time(s) 0.0126 | RobustPrompt-T Loss 0.0523  
Epoch 185 |  Time(s) 0.0137 | RobustPrompt-T Loss 0.0561  
Epoch 186 |  Time(s) 0.0139 | RobustPrompt-T Loss 0.0551  
Epoch 187 |  Time(s) 0.0136 | RobustPrompt-T Loss 0.0509  
Epoch 188 |  Time(s) 0.0129 | RobustPrompt-T Loss 0.0569  
Epoch 189 |  Time(s) 0.0136 | RobustPrompt-T Loss 0.0509  
Epoch 190 |  Time(s) 0.0134 | RobustPrompt-T Loss 0.0519  
Epoch 191 |  Time(s) 0.0135 | RobustPrompt-T Loss 0.0508  
Epoch 192 |  Time(s) 0.0136 | RobustPrompt-T Loss 0.0499  
Epoch 193 |  Time(s) 0.0135 | RobustPrompt-T Loss 0.0528  
Epoch 194 |  Time(s) 0.0136 | RobustPrompt-T Loss 0.0518  
Epoch 195 |  Time(s) 0.0133 | RobustPrompt-T Loss 0.0535  
Epoch 196 |  Time(s) 0.0137 | RobustPrompt-T Loss 0.0502  
Epoch 197 |  Time(s) 0.0133 | RobustPrompt-T Loss 0.0605  
Epoch 198 |  Time(s) 0.0131 | RobustPrompt-T Loss 0.0666  
Epoch 199 |  Time(s) 0.0139 | RobustPrompt-T Loss 0.0483  
Epoch 200 |  Time(s) 0.0137 | RobustPrompt-T Loss 0.1086  
Final True Accuracy: 0.1603 | Macro F1 Score: 0.1393
best_loss [tensor(0.1086, device='cuda:0', grad_fn=<AddBackward0>)]
load LLC or attacked data with specified split
Successfully loaded the attack of dataname with few shot 5, split 1
Attack method : Meta_Self | Attack ptb : 0.1 | Dataset: Cora
======================
Number of graphs: 1
Number of features: 1433
Number of classes: 7

Data(x=[2708, 1433], edge_index=[2, 14378], y=[2708], train_mask=[2708], val_mask=[2708], test_mask=[2708])
===========================================================================================================
Number of nodes: 2708
Number of edges: 14378
Average node degree: 5.31
Has isolated nodes: False
Has self-loops: True
Is undirected: True
GCN(
  (conv_layers): ModuleList(
    (0): GCNConv(1433, 256)
    (1): GCNConv(256, 256)
  )
)
Successfully loaded pre-trained weights!
use RobustPrompt Tranductive
defense pt dict :  {'sim_pt': 0.3, 'degree_pt': 1, 'out_detect_pt': 0.5, 'other_pt': 'all'}
use_attention :  False
cosine_constraint :  True
pt_threshold :  0.5
filter_module :  OriginalFilter
temperature :  1.0
weight_mse 0.1
weight_kl :  0.3
weight_constraint :  0.2
run RobustPrompt-T
Epoch 001 |  Time(s) 0.0144 | RobustPrompt-T Loss 1.9459  
Epoch 002 |  Time(s) 0.0138 | RobustPrompt-T Loss 1.9428  
Epoch 003 |  Time(s) 0.0129 | RobustPrompt-T Loss 1.9307  
Epoch 004 |  Time(s) 0.0130 | RobustPrompt-T Loss 1.9195  
Epoch 005 |  Time(s) 0.0132 | RobustPrompt-T Loss 1.9020  
Epoch 006 |  Time(s) 0.0133 | RobustPrompt-T Loss 1.8998  
Epoch 007 |  Time(s) 0.0135 | RobustPrompt-T Loss 1.8792  
Epoch 008 |  Time(s) 0.0133 | RobustPrompt-T Loss 1.8612  
Epoch 009 |  Time(s) 0.0135 | RobustPrompt-T Loss 1.8450  
Epoch 010 |  Time(s) 0.0131 | RobustPrompt-T Loss 1.8757  
Epoch 011 |  Time(s) 0.0133 | RobustPrompt-T Loss 1.8558  
Epoch 012 |  Time(s) 0.0132 | RobustPrompt-T Loss 1.8121  
Epoch 013 |  Time(s) 0.0134 | RobustPrompt-T Loss 1.8533  
Epoch 014 |  Time(s) 0.0134 | RobustPrompt-T Loss 1.8033  
Epoch 015 |  Time(s) 0.0135 | RobustPrompt-T Loss 1.8392  
Epoch 016 |  Time(s) 0.0133 | RobustPrompt-T Loss 1.7887  
Epoch 017 |  Time(s) 0.0133 | RobustPrompt-T Loss 1.7897  
Epoch 018 |  Time(s) 0.0135 | RobustPrompt-T Loss 1.7646  
Epoch 019 |  Time(s) 0.0134 | RobustPrompt-T Loss 1.7673  
Epoch 020 |  Time(s) 0.0131 | RobustPrompt-T Loss 1.7727  
Epoch 021 |  Time(s) 0.0135 | RobustPrompt-T Loss 1.7610  
Epoch 022 |  Time(s) 0.0132 | RobustPrompt-T Loss 1.7503  
Epoch 023 |  Time(s) 0.0132 | RobustPrompt-T Loss 1.7362  
Epoch 024 |  Time(s) 0.0131 | RobustPrompt-T Loss 1.7535  
Epoch 025 |  Time(s) 0.0133 | RobustPrompt-T Loss 1.7063  
Epoch 026 |  Time(s) 0.0136 | RobustPrompt-T Loss 1.6866  
Epoch 027 |  Time(s) 0.0122 | RobustPrompt-T Loss 1.6837  
Epoch 028 |  Time(s) 0.0136 | RobustPrompt-T Loss 1.6460  
Epoch 029 |  Time(s) 0.0134 | RobustPrompt-T Loss 1.6237  
Epoch 030 |  Time(s) 0.0137 | RobustPrompt-T Loss 1.6792  
Epoch 031 |  Time(s) 0.0127 | RobustPrompt-T Loss 1.6680  
Epoch 032 |  Time(s) 0.0128 | RobustPrompt-T Loss 1.5985  
Epoch 033 |  Time(s) 0.0125 | RobustPrompt-T Loss 1.5307  
Epoch 034 |  Time(s) 0.0128 | RobustPrompt-T Loss 1.5544  
Epoch 035 |  Time(s) 0.0132 | RobustPrompt-T Loss 1.5806  
Epoch 036 |  Time(s) 0.0137 | RobustPrompt-T Loss 1.5393  
Epoch 037 |  Time(s) 0.0133 | RobustPrompt-T Loss 1.4082  
Epoch 038 |  Time(s) 0.0137 | RobustPrompt-T Loss 1.5986  
Epoch 039 |  Time(s) 0.0135 | RobustPrompt-T Loss 1.3697  
Epoch 040 |  Time(s) 0.0138 | RobustPrompt-T Loss 1.5044  
Epoch 041 |  Time(s) 0.0137 | RobustPrompt-T Loss 1.4076  
Epoch 042 |  Time(s) 0.0135 | RobustPrompt-T Loss 1.3345  
Epoch 043 |  Time(s) 0.0139 | RobustPrompt-T Loss 1.4291  
Epoch 044 |  Time(s) 0.0135 | RobustPrompt-T Loss 1.3471  
Epoch 045 |  Time(s) 0.0142 | RobustPrompt-T Loss 1.3507  
Epoch 046 |  Time(s) 0.0141 | RobustPrompt-T Loss 1.2375  
Epoch 047 |  Time(s) 0.0139 | RobustPrompt-T Loss 1.3298  
Epoch 048 |  Time(s) 0.0136 | RobustPrompt-T Loss 1.1528  
Epoch 049 |  Time(s) 0.0139 | RobustPrompt-T Loss 1.2228  
Epoch 050 |  Time(s) 0.0137 | RobustPrompt-T Loss 1.1589  
Epoch 051 |  Time(s) 0.0139 | RobustPrompt-T Loss 1.0966  
Epoch 052 |  Time(s) 0.0134 | RobustPrompt-T Loss 1.0767  
Epoch 053 |  Time(s) 0.0139 | RobustPrompt-T Loss 1.1100  
Epoch 054 |  Time(s) 0.0138 | RobustPrompt-T Loss 1.0372  
Epoch 055 |  Time(s) 0.0139 | RobustPrompt-T Loss 0.9852  
Epoch 056 |  Time(s) 0.0135 | RobustPrompt-T Loss 0.9894  
Epoch 057 |  Time(s) 0.0136 | RobustPrompt-T Loss 0.9995  
Epoch 058 |  Time(s) 0.0134 | RobustPrompt-T Loss 0.9540  
Epoch 059 |  Time(s) 0.0137 | RobustPrompt-T Loss 0.9172  
Epoch 060 |  Time(s) 0.0138 | RobustPrompt-T Loss 0.9092  
Epoch 061 |  Time(s) 0.0135 | RobustPrompt-T Loss 0.8675  
Epoch 062 |  Time(s) 0.0137 | RobustPrompt-T Loss 0.8318  
Epoch 063 |  Time(s) 0.0133 | RobustPrompt-T Loss 0.8145  
Epoch 064 |  Time(s) 0.0136 | RobustPrompt-T Loss 0.7953  
Epoch 065 |  Time(s) 0.0134 | RobustPrompt-T Loss 0.7770  
Epoch 066 |  Time(s) 0.0136 | RobustPrompt-T Loss 0.7883  
Epoch 067 |  Time(s) 0.0139 | RobustPrompt-T Loss 0.7616  
Epoch 068 |  Time(s) 0.0140 | RobustPrompt-T Loss 0.7774  
Epoch 069 |  Time(s) 0.0140 | RobustPrompt-T Loss 0.7183  
Epoch 070 |  Time(s) 0.0139 | RobustPrompt-T Loss 0.7087  
Epoch 071 |  Time(s) 0.0140 | RobustPrompt-T Loss 0.7183  
Epoch 072 |  Time(s) 0.0131 | RobustPrompt-T Loss 0.7275  
Epoch 073 |  Time(s) 0.0139 | RobustPrompt-T Loss 0.7514  
Epoch 074 |  Time(s) 0.0141 | RobustPrompt-T Loss 0.6615  
Epoch 075 |  Time(s) 0.0134 | RobustPrompt-T Loss 0.8150  
Epoch 076 |  Time(s) 0.0135 | RobustPrompt-T Loss 0.6401  
Epoch 077 |  Time(s) 0.0134 | RobustPrompt-T Loss 0.7877  
Epoch 078 |  Time(s) 0.0138 | RobustPrompt-T Loss 0.7555  
Epoch 079 |  Time(s) 0.0140 | RobustPrompt-T Loss 0.6227  
Epoch 080 |  Time(s) 0.0138 | RobustPrompt-T Loss 0.6927  
Epoch 081 |  Time(s) 0.0139 | RobustPrompt-T Loss 0.6370  
Epoch 082 |  Time(s) 0.0140 | RobustPrompt-T Loss 0.6015  
Epoch 083 |  Time(s) 0.0135 | RobustPrompt-T Loss 0.6599  
Epoch 084 |  Time(s) 0.0136 | RobustPrompt-T Loss 0.6233  
Epoch 085 |  Time(s) 0.0140 | RobustPrompt-T Loss 0.5537  
Epoch 086 |  Time(s) 0.0140 | RobustPrompt-T Loss 0.6772  
Epoch 087 |  Time(s) 0.0132 | RobustPrompt-T Loss 0.5762  
Epoch 088 |  Time(s) 0.0140 | RobustPrompt-T Loss 0.5925  
Epoch 089 |  Time(s) 0.0138 | RobustPrompt-T Loss 0.6077  
Epoch 090 |  Time(s) 0.0135 | RobustPrompt-T Loss 0.5591  
Epoch 091 |  Time(s) 0.0139 | RobustPrompt-T Loss 0.5493  
Epoch 092 |  Time(s) 0.0138 | RobustPrompt-T Loss 0.4955  
Epoch 093 |  Time(s) 0.0132 | RobustPrompt-T Loss 0.5113  
Epoch 094 |  Time(s) 0.0140 | RobustPrompt-T Loss 0.5160  
Epoch 095 |  Time(s) 0.0138 | RobustPrompt-T Loss 0.4756  
Epoch 096 |  Time(s) 0.0140 | RobustPrompt-T Loss 0.4883  
Epoch 097 |  Time(s) 0.0140 | RobustPrompt-T Loss 0.4676  
Epoch 098 |  Time(s) 0.0138 | RobustPrompt-T Loss 0.5142  
Epoch 099 |  Time(s) 0.0140 | RobustPrompt-T Loss 0.4856  
Epoch 100 |  Time(s) 0.0135 | RobustPrompt-T Loss 0.5342  
Epoch 101 |  Time(s) 0.0141 | RobustPrompt-T Loss 0.4489  
Epoch 102 |  Time(s) 0.0137 | RobustPrompt-T Loss 0.7163  
Epoch 103 |  Time(s) 0.0141 | RobustPrompt-T Loss 0.7685  
Epoch 104 |  Time(s) 0.0137 | RobustPrompt-T Loss 0.4260  
Epoch 105 |  Time(s) 0.0138 | RobustPrompt-T Loss 1.0990  
Epoch 106 |  Time(s) 0.0141 | RobustPrompt-T Loss 1.7109  
Epoch 107 |  Time(s) 0.0140 | RobustPrompt-T Loss 1.1745  
Epoch 108 |  Time(s) 0.0135 | RobustPrompt-T Loss 0.5121  
Epoch 109 |  Time(s) 0.0132 | RobustPrompt-T Loss 1.2553  
Epoch 110 |  Time(s) 0.0132 | RobustPrompt-T Loss 2.5775  
Epoch 111 |  Time(s) 0.0142 | RobustPrompt-T Loss 2.4317  
Epoch 112 |  Time(s) 0.0140 | RobustPrompt-T Loss 1.1137  
Epoch 113 |  Time(s) 0.0136 | RobustPrompt-T Loss 0.7067  
Epoch 114 |  Time(s) 0.0138 | RobustPrompt-T Loss 1.0608  
Epoch 115 |  Time(s) 0.0139 | RobustPrompt-T Loss 0.9291  
Epoch 116 |  Time(s) 0.0139 | RobustPrompt-T Loss 0.6126  
Epoch 117 |  Time(s) 0.0140 | RobustPrompt-T Loss 0.7847  
Epoch 118 |  Time(s) 0.0134 | RobustPrompt-T Loss 1.0963  
Epoch 119 |  Time(s) 0.0138 | RobustPrompt-T Loss 0.9574  
Epoch 120 |  Time(s) 0.0139 | RobustPrompt-T Loss 0.7621  
Epoch 121 |  Time(s) 0.0139 | RobustPrompt-T Loss 0.6236  
Epoch 122 |  Time(s) 0.0140 | RobustPrompt-T Loss 0.5429  
Epoch 123 |  Time(s) 0.0140 | RobustPrompt-T Loss 0.7108  
----------------------------------------------------------------------------------------------------
Early stopping at 124 eopch!
Final True Accuracy: 0.0951 | Macro F1 Score: 0.0903
best_loss [tensor(0.6910, device='cuda:0', grad_fn=<AddBackward0>)]
{1: {1: 0.12167774140834808}, 2: {1: 0.14991694688796997}, 3: {1: 0.13787375390529633}, 4: {1: 0.16029900312423706}, 5: {1: 0.09509966522455215}}
{1: {1: 0.12167774140834808, 2: 0.14991694688796997, 3: 0.13787375390529633, 4: 0.16029900312423706, 5: 0.09509966522455215}}
########################################################################################
seed: 1 | split 1 : 0.12167774140834808
# Seed 1 Muti Split Final Acc: 0.1217±0.0000
seed: 2 | split 1 : 0.14991694688796997
# Seed 2 Muti Split Final Acc: 0.1499±0.0000
seed: 3 | split 1 : 0.13787375390529633
# Seed 3 Muti Split Final Acc: 0.1379±0.0000
seed: 4 | split 1 : 0.16029900312423706
# Seed 4 Muti Split Final Acc: 0.1603±0.0000
seed: 5 | split 1 : 0.09509966522455215
# Seed 5 Muti Split Final Acc: 0.0951±0.0000
########################################################################################
split: 1 | seed 1 : 0.12167774140834808
split: 1 | seed 2 : 0.14991694688796997
split: 1 | seed 3 : 0.13787375390529633
split: 1 | seed 4 : 0.16029900312423706
split: 1 | seed 5 : 0.09509966522455215
# Split 1 Muti Seed Acc without min value: 0.1424±0.0144
########################################################################################
