load LLC or attacked data with specified split
Successfully loaded the attack of dataname with few shot 5, split 1
Attack method : Meta_Self | Attack ptb : 0.25 | Dataset: Cora
======================
Number of graphs: 1
Number of features: 1433
Number of classes: 7

Data(x=[2708, 1433], edge_index=[2, 15976], y=[2708], train_mask=[2708], val_mask=[2708], test_mask=[2708])
===========================================================================================================
Number of nodes: 2708
Number of edges: 15976
Average node degree: 5.90
Has isolated nodes: False
Has self-loops: True
Is undirected: True
GCN(
  (conv_layers): ModuleList(
    (0): GCNConv(1433, 256)
    (1): GCNConv(256, 256)
  )
)
Successfully loaded pre-trained weights!
use RobustPrompt Tranductive
defense pt dict :  {'sim_pt': 0.3, 'degree_pt': 1, 'out_detect_pt': -1.0, 'other_pt': 'all'}
use_attention :  False
cosine_constraint :  True
pt_threshold :  0.5
filter_module :  OriginalFilter
temperature :  1.0
weight_mse 0.1
weight_kl :  0.3
weight_constraint :  0.2
run RobustPrompt-T
Epoch 001 |  Time(s) 0.2662 | RobustPrompt-T Loss 1.9486  
Epoch 002 |  Time(s) 0.0136 | RobustPrompt-T Loss 2.0001  
Epoch 003 |  Time(s) 0.0125 | RobustPrompt-T Loss 1.9217  
Epoch 004 |  Time(s) 0.0122 | RobustPrompt-T Loss 1.9231  
Epoch 005 |  Time(s) 0.0121 | RobustPrompt-T Loss 1.8928  
Epoch 006 |  Time(s) 0.0128 | RobustPrompt-T Loss 1.8519  
Epoch 007 |  Time(s) 0.0130 | RobustPrompt-T Loss 1.7929  
Epoch 008 |  Time(s) 0.0132 | RobustPrompt-T Loss 1.7184  
Epoch 009 |  Time(s) 0.0130 | RobustPrompt-T Loss 1.7666  
Epoch 010 |  Time(s) 0.0129 | RobustPrompt-T Loss 1.6775  
Epoch 011 |  Time(s) 0.0132 | RobustPrompt-T Loss 1.6315  
Epoch 012 |  Time(s) 0.0131 | RobustPrompt-T Loss 1.6014  
Epoch 013 |  Time(s) 0.0121 | RobustPrompt-T Loss 1.5857  
Epoch 014 |  Time(s) 0.0122 | RobustPrompt-T Loss 1.5663  
Epoch 015 |  Time(s) 0.0135 | RobustPrompt-T Loss 1.5554  
Epoch 016 |  Time(s) 0.0130 | RobustPrompt-T Loss 1.5650  
Epoch 017 |  Time(s) 0.0124 | RobustPrompt-T Loss 1.5818  
Epoch 018 |  Time(s) 0.0124 | RobustPrompt-T Loss 1.6028  
Epoch 019 |  Time(s) 0.0122 | RobustPrompt-T Loss 1.5239  
Epoch 020 |  Time(s) 0.0126 | RobustPrompt-T Loss 1.5202  
Epoch 021 |  Time(s) 0.0121 | RobustPrompt-T Loss 1.5953  
Epoch 022 |  Time(s) 0.0119 | RobustPrompt-T Loss 1.5858  
Epoch 023 |  Time(s) 0.0119 | RobustPrompt-T Loss 1.5048  
Epoch 024 |  Time(s) 0.0123 | RobustPrompt-T Loss 1.4860  
Epoch 025 |  Time(s) 0.0127 | RobustPrompt-T Loss 1.5244  
Epoch 026 |  Time(s) 0.0127 | RobustPrompt-T Loss 1.5233  
Epoch 027 |  Time(s) 0.0121 | RobustPrompt-T Loss 1.4905  
Epoch 028 |  Time(s) 0.0123 | RobustPrompt-T Loss 1.4826  
Epoch 029 |  Time(s) 0.0134 | RobustPrompt-T Loss 1.4708  
Epoch 030 |  Time(s) 0.0119 | RobustPrompt-T Loss 1.4639  
Epoch 031 |  Time(s) 0.0121 | RobustPrompt-T Loss 1.4523  
Epoch 032 |  Time(s) 0.0121 | RobustPrompt-T Loss 1.4301  
Epoch 033 |  Time(s) 0.0127 | RobustPrompt-T Loss 1.3922  
Epoch 034 |  Time(s) 0.0125 | RobustPrompt-T Loss 1.3902  
Epoch 035 |  Time(s) 0.0127 | RobustPrompt-T Loss 1.4394  
Epoch 036 |  Time(s) 0.0132 | RobustPrompt-T Loss 1.5105  
Epoch 037 |  Time(s) 0.0130 | RobustPrompt-T Loss 1.3337  
Epoch 038 |  Time(s) 0.0130 | RobustPrompt-T Loss 1.5017  
Epoch 039 |  Time(s) 0.0128 | RobustPrompt-T Loss 1.2820  
Epoch 040 |  Time(s) 0.0129 | RobustPrompt-T Loss 1.4429  
Epoch 041 |  Time(s) 0.0132 | RobustPrompt-T Loss 1.2837  
Epoch 042 |  Time(s) 0.0128 | RobustPrompt-T Loss 1.4456  
Epoch 043 |  Time(s) 0.0130 | RobustPrompt-T Loss 1.2715  
Epoch 044 |  Time(s) 0.0129 | RobustPrompt-T Loss 1.3069  
Epoch 045 |  Time(s) 0.0132 | RobustPrompt-T Loss 1.2739  
Epoch 046 |  Time(s) 0.0122 | RobustPrompt-T Loss 1.2171  
Epoch 047 |  Time(s) 0.0123 | RobustPrompt-T Loss 1.2225  
Epoch 048 |  Time(s) 0.0123 | RobustPrompt-T Loss 1.2680  
Epoch 049 |  Time(s) 0.0123 | RobustPrompt-T Loss 1.1172  
Epoch 050 |  Time(s) 0.0116 | RobustPrompt-T Loss 1.1588  
Epoch 051 |  Time(s) 0.0127 | RobustPrompt-T Loss 1.1598  
Epoch 052 |  Time(s) 0.0129 | RobustPrompt-T Loss 1.0538  
Epoch 053 |  Time(s) 0.0127 | RobustPrompt-T Loss 1.0321  
Epoch 054 |  Time(s) 0.0132 | RobustPrompt-T Loss 1.0636  
Epoch 055 |  Time(s) 0.0126 | RobustPrompt-T Loss 1.0204  
Epoch 056 |  Time(s) 0.0123 | RobustPrompt-T Loss 1.0143  
Epoch 057 |  Time(s) 0.0130 | RobustPrompt-T Loss 0.9876  
Epoch 058 |  Time(s) 0.0127 | RobustPrompt-T Loss 0.9582  
Epoch 059 |  Time(s) 0.0124 | RobustPrompt-T Loss 0.9434  
Epoch 060 |  Time(s) 0.0130 | RobustPrompt-T Loss 0.9547  
Epoch 061 |  Time(s) 0.0129 | RobustPrompt-T Loss 0.9065  
Epoch 062 |  Time(s) 0.0132 | RobustPrompt-T Loss 0.8642  
Epoch 063 |  Time(s) 0.0137 | RobustPrompt-T Loss 0.8955  
Epoch 064 |  Time(s) 0.0133 | RobustPrompt-T Loss 0.8609  
Epoch 065 |  Time(s) 0.0138 | RobustPrompt-T Loss 0.8049  
Epoch 066 |  Time(s) 0.0130 | RobustPrompt-T Loss 0.7818  
Epoch 067 |  Time(s) 0.0127 | RobustPrompt-T Loss 0.7525  
Epoch 068 |  Time(s) 0.0128 | RobustPrompt-T Loss 0.7291  
Epoch 069 |  Time(s) 0.0125 | RobustPrompt-T Loss 0.7219  
Epoch 070 |  Time(s) 0.0133 | RobustPrompt-T Loss 0.6754  
Epoch 071 |  Time(s) 0.0128 | RobustPrompt-T Loss 0.6394  
Epoch 072 |  Time(s) 0.0130 | RobustPrompt-T Loss 0.6109  
Epoch 073 |  Time(s) 0.0127 | RobustPrompt-T Loss 0.5912  
Epoch 074 |  Time(s) 0.0122 | RobustPrompt-T Loss 0.5530  
Epoch 075 |  Time(s) 0.0128 | RobustPrompt-T Loss 0.5294  
Epoch 076 |  Time(s) 0.0130 | RobustPrompt-T Loss 0.5221  
Epoch 077 |  Time(s) 0.0129 | RobustPrompt-T Loss 0.5232  
Epoch 078 |  Time(s) 0.0131 | RobustPrompt-T Loss 0.4979  
Epoch 079 |  Time(s) 0.0130 | RobustPrompt-T Loss 0.4579  
Epoch 080 |  Time(s) 0.0129 | RobustPrompt-T Loss 0.4269  
Epoch 081 |  Time(s) 0.0126 | RobustPrompt-T Loss 0.4245  
Epoch 082 |  Time(s) 0.0126 | RobustPrompt-T Loss 0.4069  
Epoch 083 |  Time(s) 0.0130 | RobustPrompt-T Loss 0.3873  
Epoch 084 |  Time(s) 0.0129 | RobustPrompt-T Loss 0.3619  
Epoch 085 |  Time(s) 0.0129 | RobustPrompt-T Loss 0.3617  
Epoch 086 |  Time(s) 0.0130 | RobustPrompt-T Loss 0.3336  
Epoch 087 |  Time(s) 0.0130 | RobustPrompt-T Loss 0.3252  
Epoch 088 |  Time(s) 0.0125 | RobustPrompt-T Loss 0.3100  
Epoch 089 |  Time(s) 0.0128 | RobustPrompt-T Loss 0.2949  
Epoch 090 |  Time(s) 0.0128 | RobustPrompt-T Loss 0.2722  
Epoch 091 |  Time(s) 0.0129 | RobustPrompt-T Loss 0.2649  
Epoch 092 |  Time(s) 0.0122 | RobustPrompt-T Loss 0.2459  
Epoch 093 |  Time(s) 0.0127 | RobustPrompt-T Loss 0.2367  
Epoch 094 |  Time(s) 0.0132 | RobustPrompt-T Loss 0.2258  
Epoch 095 |  Time(s) 0.0124 | RobustPrompt-T Loss 0.2126  
Epoch 096 |  Time(s) 0.0129 | RobustPrompt-T Loss 0.2001  
Epoch 097 |  Time(s) 0.0121 | RobustPrompt-T Loss 0.1934  
Epoch 098 |  Time(s) 0.0129 | RobustPrompt-T Loss 0.1947  
Epoch 099 |  Time(s) 0.0128 | RobustPrompt-T Loss 0.1765  
Epoch 100 |  Time(s) 0.0135 | RobustPrompt-T Loss 0.1745  
Epoch 101 |  Time(s) 0.0130 | RobustPrompt-T Loss 0.1684  
Epoch 102 |  Time(s) 0.0124 | RobustPrompt-T Loss 0.1528  
Epoch 103 |  Time(s) 0.0124 | RobustPrompt-T Loss 0.1451  
Epoch 104 |  Time(s) 0.0126 | RobustPrompt-T Loss 0.1521  
Epoch 105 |  Time(s) 0.0124 | RobustPrompt-T Loss 0.1362  
Epoch 106 |  Time(s) 0.0127 | RobustPrompt-T Loss 0.1289  
Epoch 107 |  Time(s) 0.0126 | RobustPrompt-T Loss 0.1181  
Epoch 108 |  Time(s) 0.0133 | RobustPrompt-T Loss 0.1211  
Epoch 109 |  Time(s) 0.0131 | RobustPrompt-T Loss 0.1199  
Epoch 110 |  Time(s) 0.0137 | RobustPrompt-T Loss 0.1058  
Epoch 111 |  Time(s) 0.0132 | RobustPrompt-T Loss 0.1000  
Epoch 112 |  Time(s) 0.0134 | RobustPrompt-T Loss 0.1025  
Epoch 113 |  Time(s) 0.0137 | RobustPrompt-T Loss 0.1069  
Epoch 114 |  Time(s) 0.0132 | RobustPrompt-T Loss 0.1128  
Epoch 115 |  Time(s) 0.0121 | RobustPrompt-T Loss 0.0931  
Epoch 116 |  Time(s) 0.0127 | RobustPrompt-T Loss 0.0966  
Epoch 117 |  Time(s) 0.0127 | RobustPrompt-T Loss 0.0876  
Epoch 118 |  Time(s) 0.0125 | RobustPrompt-T Loss 0.1017  
Epoch 119 |  Time(s) 0.0129 | RobustPrompt-T Loss 0.1387  
Epoch 120 |  Time(s) 0.0130 | RobustPrompt-T Loss 0.0858  
Epoch 121 |  Time(s) 0.0129 | RobustPrompt-T Loss 0.0765  
Epoch 122 |  Time(s) 0.0129 | RobustPrompt-T Loss 0.0827  
Epoch 123 |  Time(s) 0.0131 | RobustPrompt-T Loss 0.1456  
Epoch 124 |  Time(s) 0.0130 | RobustPrompt-T Loss 0.1670  
Epoch 125 |  Time(s) 0.0130 | RobustPrompt-T Loss 0.0817  
Epoch 126 |  Time(s) 0.0129 | RobustPrompt-T Loss 0.0844  
Epoch 127 |  Time(s) 0.0129 | RobustPrompt-T Loss 0.0793  
Epoch 128 |  Time(s) 0.0124 | RobustPrompt-T Loss 0.1006  
Epoch 129 |  Time(s) 0.0129 | RobustPrompt-T Loss 0.0653  
Epoch 130 |  Time(s) 0.0120 | RobustPrompt-T Loss 0.0932  
Epoch 131 |  Time(s) 0.0130 | RobustPrompt-T Loss 0.0648  
Epoch 132 |  Time(s) 0.0131 | RobustPrompt-T Loss 0.0702  
Epoch 133 |  Time(s) 0.0131 | RobustPrompt-T Loss 0.0845  
Epoch 134 |  Time(s) 0.0127 | RobustPrompt-T Loss 0.0592  
Epoch 135 |  Time(s) 0.0116 | RobustPrompt-T Loss 0.0572  
Epoch 136 |  Time(s) 0.0127 | RobustPrompt-T Loss 0.0720  
Epoch 137 |  Time(s) 0.0130 | RobustPrompt-T Loss 0.0521  
Epoch 138 |  Time(s) 0.0130 | RobustPrompt-T Loss 0.0592  
Epoch 139 |  Time(s) 0.0133 | RobustPrompt-T Loss 0.0602  
Epoch 140 |  Time(s) 0.0129 | RobustPrompt-T Loss 0.0523  
Epoch 141 |  Time(s) 0.0131 | RobustPrompt-T Loss 0.0458  
Epoch 142 |  Time(s) 0.0139 | RobustPrompt-T Loss 0.0581  
Epoch 143 |  Time(s) 0.0127 | RobustPrompt-T Loss 0.0494  
Epoch 144 |  Time(s) 0.0129 | RobustPrompt-T Loss 0.0479  
Epoch 145 |  Time(s) 0.0124 | RobustPrompt-T Loss 0.0483  
Epoch 146 |  Time(s) 0.0130 | RobustPrompt-T Loss 0.0676  
Epoch 147 |  Time(s) 0.0131 | RobustPrompt-T Loss 0.0515  
Epoch 148 |  Time(s) 0.0141 | RobustPrompt-T Loss 0.0544  
Epoch 149 |  Time(s) 0.0136 | RobustPrompt-T Loss 0.0521  
Epoch 150 |  Time(s) 0.0131 | RobustPrompt-T Loss 0.0460  
Epoch 151 |  Time(s) 0.0129 | RobustPrompt-T Loss 0.0571  
Epoch 152 |  Time(s) 0.0131 | RobustPrompt-T Loss 0.0697  
Epoch 153 |  Time(s) 0.0129 | RobustPrompt-T Loss 0.0710  
Epoch 154 |  Time(s) 0.0135 | RobustPrompt-T Loss 0.0834  
Epoch 155 |  Time(s) 0.0127 | RobustPrompt-T Loss 0.0572  
Epoch 156 |  Time(s) 0.0128 | RobustPrompt-T Loss 0.0480  
Epoch 157 |  Time(s) 0.0133 | RobustPrompt-T Loss 0.0468  
Epoch 158 |  Time(s) 0.0138 | RobustPrompt-T Loss 0.0675  
Epoch 159 |  Time(s) 0.0131 | RobustPrompt-T Loss 0.0540  
Epoch 160 |  Time(s) 0.0130 | RobustPrompt-T Loss 0.0400  
Epoch 161 |  Time(s) 0.0131 | RobustPrompt-T Loss 0.0478  
Epoch 162 |  Time(s) 0.0130 | RobustPrompt-T Loss 0.0487  
Epoch 163 |  Time(s) 0.0132 | RobustPrompt-T Loss 0.0374  
Epoch 164 |  Time(s) 0.0131 | RobustPrompt-T Loss 0.0640  
Epoch 165 |  Time(s) 0.0132 | RobustPrompt-T Loss 0.0503  
Epoch 166 |  Time(s) 0.0131 | RobustPrompt-T Loss 0.0480  
Epoch 167 |  Time(s) 0.0130 | RobustPrompt-T Loss 0.0562  
Epoch 168 |  Time(s) 0.0131 | RobustPrompt-T Loss 0.0717  
Epoch 169 |  Time(s) 0.0130 | RobustPrompt-T Loss 0.0670  
Epoch 170 |  Time(s) 0.0131 | RobustPrompt-T Loss 0.0387  
Epoch 171 |  Time(s) 0.0130 | RobustPrompt-T Loss 0.0454  
Epoch 172 |  Time(s) 0.0130 | RobustPrompt-T Loss 0.0402  
Epoch 173 |  Time(s) 0.0130 | RobustPrompt-T Loss 0.0355  
Epoch 174 |  Time(s) 0.0130 | RobustPrompt-T Loss 0.0414  
Epoch 175 |  Time(s) 0.0123 | RobustPrompt-T Loss 0.0412  
Epoch 176 |  Time(s) 0.0132 | RobustPrompt-T Loss 0.0358  
Epoch 177 |  Time(s) 0.0139 | RobustPrompt-T Loss 0.0337  
Epoch 178 |  Time(s) 0.0135 | RobustPrompt-T Loss 0.0351  
Epoch 179 |  Time(s) 0.0131 | RobustPrompt-T Loss 0.0348  
Epoch 180 |  Time(s) 0.0134 | RobustPrompt-T Loss 0.0354  
Epoch 181 |  Time(s) 0.0130 | RobustPrompt-T Loss 0.0343  
Epoch 182 |  Time(s) 0.0129 | RobustPrompt-T Loss 0.0384  
Epoch 183 |  Time(s) 0.0135 | RobustPrompt-T Loss 0.0343  
Epoch 184 |  Time(s) 0.0135 | RobustPrompt-T Loss 0.0356  
Epoch 185 |  Time(s) 0.0133 | RobustPrompt-T Loss 0.0344  
Epoch 186 |  Time(s) 0.0136 | RobustPrompt-T Loss 0.0404  
Epoch 187 |  Time(s) 0.0130 | RobustPrompt-T Loss 0.0362  
Epoch 188 |  Time(s) 0.0128 | RobustPrompt-T Loss 0.0363  
Epoch 189 |  Time(s) 0.0130 | RobustPrompt-T Loss 0.0351  
Epoch 190 |  Time(s) 0.0124 | RobustPrompt-T Loss 0.0361  
Epoch 191 |  Time(s) 0.0129 | RobustPrompt-T Loss 0.0401  
Epoch 192 |  Time(s) 0.0130 | RobustPrompt-T Loss 0.0358  
Epoch 193 |  Time(s) 0.0132 | RobustPrompt-T Loss 0.0363  
Epoch 194 |  Time(s) 0.0138 | RobustPrompt-T Loss 0.0359  
Epoch 195 |  Time(s) 0.0129 | RobustPrompt-T Loss 0.0363  
Epoch 196 |  Time(s) 0.0128 | RobustPrompt-T Loss 0.0387  
----------------------------------------------------------------------------------------------------
Early stopping at 197 eopch!
Final True Accuracy: 0.0864 | Macro F1 Score: 0.0582
best_loss [tensor(0.0345, device='cuda:0', grad_fn=<AddBackward0>)]
load LLC or attacked data with specified split
Successfully loaded the attack of dataname with few shot 5, split 1
Attack method : Meta_Self | Attack ptb : 0.25 | Dataset: Cora
======================
Number of graphs: 1
Number of features: 1433
Number of classes: 7

Data(x=[2708, 1433], edge_index=[2, 15976], y=[2708], train_mask=[2708], val_mask=[2708], test_mask=[2708])
===========================================================================================================
Number of nodes: 2708
Number of edges: 15976
Average node degree: 5.90
Has isolated nodes: False
Has self-loops: True
Is undirected: True
GCN(
  (conv_layers): ModuleList(
    (0): GCNConv(1433, 256)
    (1): GCNConv(256, 256)
  )
)
Successfully loaded pre-trained weights!
use RobustPrompt Tranductive
defense pt dict :  {'sim_pt': 0.3, 'degree_pt': 1, 'out_detect_pt': -1.0, 'other_pt': 'all'}
use_attention :  False
cosine_constraint :  True
pt_threshold :  0.5
filter_module :  OriginalFilter
temperature :  1.0
weight_mse 0.1
weight_kl :  0.3
weight_constraint :  0.2
run RobustPrompt-T
Epoch 001 |  Time(s) 0.0136 | RobustPrompt-T Loss 1.9472  
Epoch 002 |  Time(s) 0.0132 | RobustPrompt-T Loss 1.9480  
Epoch 003 |  Time(s) 0.0133 | RobustPrompt-T Loss 1.9609  
Epoch 004 |  Time(s) 0.0119 | RobustPrompt-T Loss 1.8989  
Epoch 005 |  Time(s) 0.0124 | RobustPrompt-T Loss 1.8930  
Epoch 006 |  Time(s) 0.0133 | RobustPrompt-T Loss 1.8597  
Epoch 007 |  Time(s) 0.0131 | RobustPrompt-T Loss 1.7931  
Epoch 008 |  Time(s) 0.0138 | RobustPrompt-T Loss 1.7482  
Epoch 009 |  Time(s) 0.0132 | RobustPrompt-T Loss 1.8079  
Epoch 010 |  Time(s) 0.0123 | RobustPrompt-T Loss 1.6893  
Epoch 011 |  Time(s) 0.0123 | RobustPrompt-T Loss 1.6661  
Epoch 012 |  Time(s) 0.0122 | RobustPrompt-T Loss 1.6684  
Epoch 013 |  Time(s) 0.0129 | RobustPrompt-T Loss 1.6285  
Epoch 014 |  Time(s) 0.0134 | RobustPrompt-T Loss 1.6188  
Epoch 015 |  Time(s) 0.0133 | RobustPrompt-T Loss 1.5942  
Epoch 016 |  Time(s) 0.0129 | RobustPrompt-T Loss 1.5892  
Epoch 017 |  Time(s) 0.0126 | RobustPrompt-T Loss 1.5673  
Epoch 018 |  Time(s) 0.0122 | RobustPrompt-T Loss 1.5354  
Epoch 019 |  Time(s) 0.0129 | RobustPrompt-T Loss 1.6009  
Epoch 020 |  Time(s) 0.0128 | RobustPrompt-T Loss 1.5789  
Epoch 021 |  Time(s) 0.0131 | RobustPrompt-T Loss 1.5492  
Epoch 022 |  Time(s) 0.0128 | RobustPrompt-T Loss 1.5716  
Epoch 023 |  Time(s) 0.0131 | RobustPrompt-T Loss 1.5389  
Epoch 024 |  Time(s) 0.0131 | RobustPrompt-T Loss 1.5419  
Epoch 025 |  Time(s) 0.0131 | RobustPrompt-T Loss 1.5229  
Epoch 026 |  Time(s) 0.0134 | RobustPrompt-T Loss 1.4934  
Epoch 027 |  Time(s) 0.0126 | RobustPrompt-T Loss 1.4767  
Epoch 028 |  Time(s) 0.0126 | RobustPrompt-T Loss 1.4761  
Epoch 029 |  Time(s) 0.0130 | RobustPrompt-T Loss 1.5334  
Epoch 030 |  Time(s) 0.0131 | RobustPrompt-T Loss 1.4196  
Epoch 031 |  Time(s) 0.0130 | RobustPrompt-T Loss 1.4058  
Epoch 032 |  Time(s) 0.0129 | RobustPrompt-T Loss 1.6698  
Epoch 033 |  Time(s) 0.0132 | RobustPrompt-T Loss 1.4265  
Epoch 034 |  Time(s) 0.0131 | RobustPrompt-T Loss 1.4156  
Epoch 035 |  Time(s) 0.0130 | RobustPrompt-T Loss 1.3224  
Epoch 036 |  Time(s) 0.0130 | RobustPrompt-T Loss 1.3964  
Epoch 037 |  Time(s) 0.0130 | RobustPrompt-T Loss 1.3922  
Epoch 038 |  Time(s) 0.0127 | RobustPrompt-T Loss 1.2577  
Epoch 039 |  Time(s) 0.0127 | RobustPrompt-T Loss 1.3690  
Epoch 040 |  Time(s) 0.0130 | RobustPrompt-T Loss 1.4014  
Epoch 041 |  Time(s) 0.0129 | RobustPrompt-T Loss 1.1653  
Epoch 042 |  Time(s) 0.0131 | RobustPrompt-T Loss 1.3163  
Epoch 043 |  Time(s) 0.0126 | RobustPrompt-T Loss 1.2072  
Epoch 044 |  Time(s) 0.0124 | RobustPrompt-T Loss 1.2554  
Epoch 045 |  Time(s) 0.0123 | RobustPrompt-T Loss 1.0598  
Epoch 046 |  Time(s) 0.0124 | RobustPrompt-T Loss 1.2154  
Epoch 047 |  Time(s) 0.0121 | RobustPrompt-T Loss 1.1378  
Epoch 048 |  Time(s) 0.0120 | RobustPrompt-T Loss 0.9996  
Epoch 049 |  Time(s) 0.0126 | RobustPrompt-T Loss 1.0247  
Epoch 050 |  Time(s) 0.0124 | RobustPrompt-T Loss 1.0159  
Epoch 051 |  Time(s) 0.0125 | RobustPrompt-T Loss 0.9399  
Epoch 052 |  Time(s) 0.0123 | RobustPrompt-T Loss 0.9529  
Epoch 053 |  Time(s) 0.0129 | RobustPrompt-T Loss 0.9294  
Epoch 054 |  Time(s) 0.0123 | RobustPrompt-T Loss 0.9041  
Epoch 055 |  Time(s) 0.0128 | RobustPrompt-T Loss 0.8400  
Epoch 056 |  Time(s) 0.0129 | RobustPrompt-T Loss 0.8597  
Epoch 057 |  Time(s) 0.0124 | RobustPrompt-T Loss 0.8411  
Epoch 058 |  Time(s) 0.0125 | RobustPrompt-T Loss 0.7746  
Epoch 059 |  Time(s) 0.0134 | RobustPrompt-T Loss 0.7728  
Epoch 060 |  Time(s) 0.0130 | RobustPrompt-T Loss 0.7539  
Epoch 061 |  Time(s) 0.0131 | RobustPrompt-T Loss 0.7165  
Epoch 062 |  Time(s) 0.0132 | RobustPrompt-T Loss 0.7111  
Epoch 063 |  Time(s) 0.0126 | RobustPrompt-T Loss 0.6630  
Epoch 064 |  Time(s) 0.0124 | RobustPrompt-T Loss 0.6407  
Epoch 065 |  Time(s) 0.0125 | RobustPrompt-T Loss 0.6426  
Epoch 066 |  Time(s) 0.0129 | RobustPrompt-T Loss 0.6050  
Epoch 067 |  Time(s) 0.0131 | RobustPrompt-T Loss 0.6003  
Epoch 068 |  Time(s) 0.0130 | RobustPrompt-T Loss 0.5799  
Epoch 069 |  Time(s) 0.0124 | RobustPrompt-T Loss 0.5554  
Epoch 070 |  Time(s) 0.0126 | RobustPrompt-T Loss 0.5527  
Epoch 071 |  Time(s) 0.0130 | RobustPrompt-T Loss 0.5218  
Epoch 072 |  Time(s) 0.0130 | RobustPrompt-T Loss 0.5097  
Epoch 073 |  Time(s) 0.0128 | RobustPrompt-T Loss 0.5055  
Epoch 074 |  Time(s) 0.0136 | RobustPrompt-T Loss 0.4969  
Epoch 075 |  Time(s) 0.0131 | RobustPrompt-T Loss 0.4719  
Epoch 076 |  Time(s) 0.0139 | RobustPrompt-T Loss 0.4705  
Epoch 077 |  Time(s) 0.0135 | RobustPrompt-T Loss 0.4641  
Epoch 078 |  Time(s) 0.0127 | RobustPrompt-T Loss 0.4525  
Epoch 079 |  Time(s) 0.0129 | RobustPrompt-T Loss 0.4418  
Epoch 080 |  Time(s) 0.0131 | RobustPrompt-T Loss 0.4442  
Epoch 081 |  Time(s) 0.0119 | RobustPrompt-T Loss 0.4303  
Epoch 082 |  Time(s) 0.0129 | RobustPrompt-T Loss 0.4312  
Epoch 083 |  Time(s) 0.0129 | RobustPrompt-T Loss 0.4236  
Epoch 084 |  Time(s) 0.0133 | RobustPrompt-T Loss 0.4632  
Epoch 085 |  Time(s) 0.0130 | RobustPrompt-T Loss 0.3871  
Epoch 086 |  Time(s) 0.0130 | RobustPrompt-T Loss 0.3770  
Epoch 087 |  Time(s) 0.0135 | RobustPrompt-T Loss 0.4201  
Epoch 088 |  Time(s) 0.0130 | RobustPrompt-T Loss 0.4042  
Epoch 089 |  Time(s) 0.0131 | RobustPrompt-T Loss 0.3649  
Epoch 090 |  Time(s) 0.0134 | RobustPrompt-T Loss 0.3792  
Epoch 091 |  Time(s) 0.0138 | RobustPrompt-T Loss 0.4348  
Epoch 092 |  Time(s) 0.0129 | RobustPrompt-T Loss 0.3357  
Epoch 093 |  Time(s) 0.0124 | RobustPrompt-T Loss 0.5336  
Epoch 094 |  Time(s) 0.0128 | RobustPrompt-T Loss 0.4081  
Epoch 095 |  Time(s) 0.0132 | RobustPrompt-T Loss 0.5907  
Epoch 096 |  Time(s) 0.0126 | RobustPrompt-T Loss 0.6719  
Epoch 097 |  Time(s) 0.0129 | RobustPrompt-T Loss 0.3135  
Epoch 098 |  Time(s) 0.0128 | RobustPrompt-T Loss 0.6709  
Epoch 099 |  Time(s) 0.0126 | RobustPrompt-T Loss 0.6002  
Epoch 100 |  Time(s) 0.0127 | RobustPrompt-T Loss 0.3294  
Epoch 101 |  Time(s) 0.0128 | RobustPrompt-T Loss 0.3658  
Epoch 102 |  Time(s) 0.0129 | RobustPrompt-T Loss 0.3728  
Epoch 103 |  Time(s) 0.0125 | RobustPrompt-T Loss 0.3534  
Epoch 104 |  Time(s) 0.0128 | RobustPrompt-T Loss 0.4817  
Epoch 105 |  Time(s) 0.0129 | RobustPrompt-T Loss 0.4624  
Epoch 106 |  Time(s) 0.0128 | RobustPrompt-T Loss 0.3756  
Epoch 107 |  Time(s) 0.0130 | RobustPrompt-T Loss 0.3691  
Epoch 108 |  Time(s) 0.0124 | RobustPrompt-T Loss 0.3449  
Epoch 109 |  Time(s) 0.0126 | RobustPrompt-T Loss 0.3987  
Epoch 110 |  Time(s) 0.0132 | RobustPrompt-T Loss 0.3126  
Epoch 111 |  Time(s) 0.0130 | RobustPrompt-T Loss 0.3668  
Epoch 112 |  Time(s) 0.0130 | RobustPrompt-T Loss 0.2887  
Epoch 113 |  Time(s) 0.0130 | RobustPrompt-T Loss 0.4042  
Epoch 114 |  Time(s) 0.0130 | RobustPrompt-T Loss 0.2560  
Epoch 115 |  Time(s) 0.0130 | RobustPrompt-T Loss 0.3529  
Epoch 116 |  Time(s) 0.0132 | RobustPrompt-T Loss 0.2724  
Epoch 117 |  Time(s) 0.0129 | RobustPrompt-T Loss 0.3442  
Epoch 118 |  Time(s) 0.0129 | RobustPrompt-T Loss 0.3483  
Epoch 119 |  Time(s) 0.0129 | RobustPrompt-T Loss 0.2315  
Epoch 120 |  Time(s) 0.0125 | RobustPrompt-T Loss 0.3903  
Epoch 121 |  Time(s) 0.0128 | RobustPrompt-T Loss 0.4009  
Epoch 122 |  Time(s) 0.0130 | RobustPrompt-T Loss 0.2331  
Epoch 123 |  Time(s) 0.0130 | RobustPrompt-T Loss 0.3281  
Epoch 124 |  Time(s) 0.0130 | RobustPrompt-T Loss 0.2786  
Epoch 125 |  Time(s) 0.0129 | RobustPrompt-T Loss 0.3782  
Epoch 126 |  Time(s) 0.0130 | RobustPrompt-T Loss 0.4298  
Epoch 127 |  Time(s) 0.0130 | RobustPrompt-T Loss 0.2456  
Epoch 128 |  Time(s) 0.0130 | RobustPrompt-T Loss 0.2688  
Epoch 129 |  Time(s) 0.0130 | RobustPrompt-T Loss 0.3442  
Epoch 130 |  Time(s) 0.0130 | RobustPrompt-T Loss 0.1926  
Epoch 131 |  Time(s) 0.0130 | RobustPrompt-T Loss 0.2838  
Epoch 132 |  Time(s) 0.0129 | RobustPrompt-T Loss 0.2452  
Epoch 133 |  Time(s) 0.0131 | RobustPrompt-T Loss 0.2133  
Epoch 134 |  Time(s) 0.0129 | RobustPrompt-T Loss 0.2493  
Epoch 135 |  Time(s) 0.0130 | RobustPrompt-T Loss 0.1996  
Epoch 136 |  Time(s) 0.0131 | RobustPrompt-T Loss 0.1889  
Epoch 137 |  Time(s) 0.0129 | RobustPrompt-T Loss 0.1921  
Epoch 138 |  Time(s) 0.0130 | RobustPrompt-T Loss 0.1802  
Epoch 139 |  Time(s) 0.0125 | RobustPrompt-T Loss 0.1671  
Epoch 140 |  Time(s) 0.0130 | RobustPrompt-T Loss 0.1784  
Epoch 141 |  Time(s) 0.0130 | RobustPrompt-T Loss 0.1579  
Epoch 142 |  Time(s) 0.0129 | RobustPrompt-T Loss 0.1584  
Epoch 143 |  Time(s) 0.0129 | RobustPrompt-T Loss 0.1527  
Epoch 144 |  Time(s) 0.0130 | RobustPrompt-T Loss 0.1401  
Epoch 145 |  Time(s) 0.0132 | RobustPrompt-T Loss 0.1348  
Epoch 146 |  Time(s) 0.0130 | RobustPrompt-T Loss 0.1653  
Epoch 147 |  Time(s) 0.0128 | RobustPrompt-T Loss 0.1350  
Epoch 148 |  Time(s) 0.0130 | RobustPrompt-T Loss 0.1317  
Epoch 149 |  Time(s) 0.0130 | RobustPrompt-T Loss 0.1391  
Epoch 150 |  Time(s) 0.0130 | RobustPrompt-T Loss 0.1263  
Epoch 151 |  Time(s) 0.0130 | RobustPrompt-T Loss 0.1148  
Epoch 152 |  Time(s) 0.0129 | RobustPrompt-T Loss 0.1384  
Epoch 153 |  Time(s) 0.0130 | RobustPrompt-T Loss 0.1142  
Epoch 154 |  Time(s) 0.0137 | RobustPrompt-T Loss 0.1069  
Epoch 155 |  Time(s) 0.0132 | RobustPrompt-T Loss 0.1223  
Epoch 156 |  Time(s) 0.0130 | RobustPrompt-T Loss 0.0951  
Epoch 157 |  Time(s) 0.0130 | RobustPrompt-T Loss 0.0975  
Epoch 158 |  Time(s) 0.0131 | RobustPrompt-T Loss 0.1060  
Epoch 159 |  Time(s) 0.0129 | RobustPrompt-T Loss 0.1006  
Epoch 160 |  Time(s) 0.0130 | RobustPrompt-T Loss 0.0935  
Epoch 161 |  Time(s) 0.0130 | RobustPrompt-T Loss 0.0983  
Epoch 162 |  Time(s) 0.0131 | RobustPrompt-T Loss 0.0825  
Epoch 163 |  Time(s) 0.0131 | RobustPrompt-T Loss 0.0817  
Epoch 164 |  Time(s) 0.0129 | RobustPrompt-T Loss 0.0887  
Epoch 165 |  Time(s) 0.0132 | RobustPrompt-T Loss 0.0794  
Epoch 166 |  Time(s) 0.0129 | RobustPrompt-T Loss 0.0867  
Epoch 167 |  Time(s) 0.0130 | RobustPrompt-T Loss 0.0852  
Epoch 168 |  Time(s) 0.0130 | RobustPrompt-T Loss 0.0885  
Epoch 169 |  Time(s) 0.0129 | RobustPrompt-T Loss 0.0788  
Epoch 170 |  Time(s) 0.0131 | RobustPrompt-T Loss 0.0912  
Epoch 171 |  Time(s) 0.0130 | RobustPrompt-T Loss 0.0820  
Epoch 172 |  Time(s) 0.0131 | RobustPrompt-T Loss 0.0937  
Epoch 173 |  Time(s) 0.0130 | RobustPrompt-T Loss 0.0909  
Epoch 174 |  Time(s) 0.0131 | RobustPrompt-T Loss 0.0802  
Epoch 175 |  Time(s) 0.0129 | RobustPrompt-T Loss 0.0851  
Epoch 176 |  Time(s) 0.0128 | RobustPrompt-T Loss 0.0810  
Epoch 177 |  Time(s) 0.0130 | RobustPrompt-T Loss 0.0919  
Epoch 178 |  Time(s) 0.0127 | RobustPrompt-T Loss 0.0679  
Epoch 179 |  Time(s) 0.0132 | RobustPrompt-T Loss 0.0905  
Epoch 180 |  Time(s) 0.0131 | RobustPrompt-T Loss 0.0655  
Epoch 181 |  Time(s) 0.0129 | RobustPrompt-T Loss 0.0701  
Epoch 182 |  Time(s) 0.0132 | RobustPrompt-T Loss 0.0822  
Epoch 183 |  Time(s) 0.0130 | RobustPrompt-T Loss 0.0605  
Epoch 184 |  Time(s) 0.0130 | RobustPrompt-T Loss 0.0698  
Epoch 185 |  Time(s) 0.0130 | RobustPrompt-T Loss 0.0777  
Epoch 186 |  Time(s) 0.0131 | RobustPrompt-T Loss 0.0625  
Epoch 187 |  Time(s) 0.0129 | RobustPrompt-T Loss 0.0917  
Epoch 188 |  Time(s) 0.0130 | RobustPrompt-T Loss 0.0600  
Epoch 189 |  Time(s) 0.0130 | RobustPrompt-T Loss 0.0640  
Epoch 190 |  Time(s) 0.0131 | RobustPrompt-T Loss 0.0738  
Epoch 191 |  Time(s) 0.0130 | RobustPrompt-T Loss 0.0669  
Epoch 192 |  Time(s) 0.0129 | RobustPrompt-T Loss 0.0875  
Epoch 193 |  Time(s) 0.0130 | RobustPrompt-T Loss 0.0646  
Epoch 194 |  Time(s) 0.0131 | RobustPrompt-T Loss 0.0634  
Epoch 195 |  Time(s) 0.0130 | RobustPrompt-T Loss 0.0783  
Epoch 196 |  Time(s) 0.0130 | RobustPrompt-T Loss 0.0615  
Epoch 197 |  Time(s) 0.0130 | RobustPrompt-T Loss 0.0774  
Epoch 198 |  Time(s) 0.0128 | RobustPrompt-T Loss 0.0656  
Epoch 199 |  Time(s) 0.0131 | RobustPrompt-T Loss 0.0512  
Epoch 200 |  Time(s) 0.0131 | RobustPrompt-T Loss 0.0771  
Final True Accuracy: 0.1080 | Macro F1 Score: 0.0741
best_loss [tensor(0.0771, device='cuda:0', grad_fn=<AddBackward0>)]
load LLC or attacked data with specified split
Successfully loaded the attack of dataname with few shot 5, split 1
Attack method : Meta_Self | Attack ptb : 0.25 | Dataset: Cora
======================
Number of graphs: 1
Number of features: 1433
Number of classes: 7

Data(x=[2708, 1433], edge_index=[2, 15976], y=[2708], train_mask=[2708], val_mask=[2708], test_mask=[2708])
===========================================================================================================
Number of nodes: 2708
Number of edges: 15976
Average node degree: 5.90
Has isolated nodes: False
Has self-loops: True
Is undirected: True
GCN(
  (conv_layers): ModuleList(
    (0): GCNConv(1433, 256)
    (1): GCNConv(256, 256)
  )
)
Successfully loaded pre-trained weights!
use RobustPrompt Tranductive
defense pt dict :  {'sim_pt': 0.3, 'degree_pt': 1, 'out_detect_pt': -1.0, 'other_pt': 'all'}
use_attention :  False
cosine_constraint :  True
pt_threshold :  0.5
filter_module :  OriginalFilter
temperature :  1.0
weight_mse 0.1
weight_kl :  0.3
weight_constraint :  0.2
run RobustPrompt-T
Epoch 001 |  Time(s) 0.0134 | RobustPrompt-T Loss 1.9448  
Epoch 002 |  Time(s) 0.0130 | RobustPrompt-T Loss 1.9346  
Epoch 003 |  Time(s) 0.0130 | RobustPrompt-T Loss 1.8994  
Epoch 004 |  Time(s) 0.0129 | RobustPrompt-T Loss 1.9749  
Epoch 005 |  Time(s) 0.0130 | RobustPrompt-T Loss 1.8580  
Epoch 006 |  Time(s) 0.0129 | RobustPrompt-T Loss 1.8694  
Epoch 007 |  Time(s) 0.0131 | RobustPrompt-T Loss 1.7802  
Epoch 008 |  Time(s) 0.0128 | RobustPrompt-T Loss 1.7364  
Epoch 009 |  Time(s) 0.0129 | RobustPrompt-T Loss 1.8132  
Epoch 010 |  Time(s) 0.0130 | RobustPrompt-T Loss 1.6810  
Epoch 011 |  Time(s) 0.0131 | RobustPrompt-T Loss 1.6843  
Epoch 012 |  Time(s) 0.0130 | RobustPrompt-T Loss 1.6858  
Epoch 013 |  Time(s) 0.0131 | RobustPrompt-T Loss 1.6505  
Epoch 014 |  Time(s) 0.0130 | RobustPrompt-T Loss 1.6532  
Epoch 015 |  Time(s) 0.0130 | RobustPrompt-T Loss 1.6427  
Epoch 016 |  Time(s) 0.0132 | RobustPrompt-T Loss 1.5758  
Epoch 017 |  Time(s) 0.0129 | RobustPrompt-T Loss 1.6161  
Epoch 018 |  Time(s) 0.0129 | RobustPrompt-T Loss 1.5880  
Epoch 019 |  Time(s) 0.0130 | RobustPrompt-T Loss 1.5688  
Epoch 020 |  Time(s) 0.0137 | RobustPrompt-T Loss 1.6115  
Epoch 021 |  Time(s) 0.0131 | RobustPrompt-T Loss 1.5352  
Epoch 022 |  Time(s) 0.0131 | RobustPrompt-T Loss 1.5470  
Epoch 023 |  Time(s) 0.0131 | RobustPrompt-T Loss 1.5294  
Epoch 024 |  Time(s) 0.0130 | RobustPrompt-T Loss 1.5175  
Epoch 025 |  Time(s) 0.0131 | RobustPrompt-T Loss 1.5165  
Epoch 026 |  Time(s) 0.0131 | RobustPrompt-T Loss 1.5113  
Epoch 027 |  Time(s) 0.0130 | RobustPrompt-T Loss 1.4927  
Epoch 028 |  Time(s) 0.0131 | RobustPrompt-T Loss 1.4974  
Epoch 029 |  Time(s) 0.0130 | RobustPrompt-T Loss 1.5492  
Epoch 030 |  Time(s) 0.0130 | RobustPrompt-T Loss 1.4773  
Epoch 031 |  Time(s) 0.0129 | RobustPrompt-T Loss 1.5346  
Epoch 032 |  Time(s) 0.0130 | RobustPrompt-T Loss 1.4916  
Epoch 033 |  Time(s) 0.0130 | RobustPrompt-T Loss 1.4782  
Epoch 034 |  Time(s) 0.0131 | RobustPrompt-T Loss 1.4738  
Epoch 035 |  Time(s) 0.0130 | RobustPrompt-T Loss 1.4101  
Epoch 036 |  Time(s) 0.0130 | RobustPrompt-T Loss 1.4136  
Epoch 037 |  Time(s) 0.0134 | RobustPrompt-T Loss 1.4772  
Epoch 038 |  Time(s) 0.0133 | RobustPrompt-T Loss 1.3853  
Epoch 039 |  Time(s) 0.0131 | RobustPrompt-T Loss 1.3830  
Epoch 040 |  Time(s) 0.0130 | RobustPrompt-T Loss 1.3139  
Epoch 041 |  Time(s) 0.0131 | RobustPrompt-T Loss 1.2868  
Epoch 042 |  Time(s) 0.0130 | RobustPrompt-T Loss 1.2896  
Epoch 043 |  Time(s) 0.0131 | RobustPrompt-T Loss 1.2401  
Epoch 044 |  Time(s) 0.0134 | RobustPrompt-T Loss 1.1708  
Epoch 045 |  Time(s) 0.0132 | RobustPrompt-T Loss 1.1476  
Epoch 046 |  Time(s) 0.0130 | RobustPrompt-T Loss 1.1195  
Epoch 047 |  Time(s) 0.0131 | RobustPrompt-T Loss 1.0527  
Epoch 048 |  Time(s) 0.0130 | RobustPrompt-T Loss 1.0990  
Epoch 049 |  Time(s) 0.0131 | RobustPrompt-T Loss 0.9712  
Epoch 050 |  Time(s) 0.0130 | RobustPrompt-T Loss 0.9067  
Epoch 051 |  Time(s) 0.0131 | RobustPrompt-T Loss 0.8709  
Epoch 052 |  Time(s) 0.0130 | RobustPrompt-T Loss 0.8633  
Epoch 053 |  Time(s) 0.0131 | RobustPrompt-T Loss 0.8068  
Epoch 054 |  Time(s) 0.0130 | RobustPrompt-T Loss 0.7435  
Epoch 055 |  Time(s) 0.0129 | RobustPrompt-T Loss 0.7487  
Epoch 056 |  Time(s) 0.0130 | RobustPrompt-T Loss 0.6938  
Epoch 057 |  Time(s) 0.0131 | RobustPrompt-T Loss 0.6896  
Epoch 058 |  Time(s) 0.0129 | RobustPrompt-T Loss 0.6422  
Epoch 059 |  Time(s) 0.0130 | RobustPrompt-T Loss 0.6343  
Epoch 060 |  Time(s) 0.0129 | RobustPrompt-T Loss 0.6170  
Epoch 061 |  Time(s) 0.0130 | RobustPrompt-T Loss 0.6028  
Epoch 062 |  Time(s) 0.0131 | RobustPrompt-T Loss 0.5873  
Epoch 063 |  Time(s) 0.0131 | RobustPrompt-T Loss 0.5342  
Epoch 064 |  Time(s) 0.0129 | RobustPrompt-T Loss 0.5237  
Epoch 065 |  Time(s) 0.0129 | RobustPrompt-T Loss 0.5031  
Epoch 066 |  Time(s) 0.0131 | RobustPrompt-T Loss 0.4876  
Epoch 067 |  Time(s) 0.0130 | RobustPrompt-T Loss 0.4702  
Epoch 068 |  Time(s) 0.0130 | RobustPrompt-T Loss 0.4529  
Epoch 069 |  Time(s) 0.0130 | RobustPrompt-T Loss 0.4346  
Epoch 070 |  Time(s) 0.0130 | RobustPrompt-T Loss 0.4244  
Epoch 071 |  Time(s) 0.0130 | RobustPrompt-T Loss 0.4170  
Epoch 072 |  Time(s) 0.0130 | RobustPrompt-T Loss 0.4009  
Epoch 073 |  Time(s) 0.0130 | RobustPrompt-T Loss 0.3870  
Epoch 074 |  Time(s) 0.0130 | RobustPrompt-T Loss 0.3840  
Epoch 075 |  Time(s) 0.0129 | RobustPrompt-T Loss 0.3642  
Epoch 076 |  Time(s) 0.0130 | RobustPrompt-T Loss 0.3487  
Epoch 077 |  Time(s) 0.0130 | RobustPrompt-T Loss 0.3361  
Epoch 078 |  Time(s) 0.0132 | RobustPrompt-T Loss 0.3290  
Epoch 079 |  Time(s) 0.0129 | RobustPrompt-T Loss 0.3328  
Epoch 080 |  Time(s) 0.0132 | RobustPrompt-T Loss 0.3163  
Epoch 081 |  Time(s) 0.0129 | RobustPrompt-T Loss 0.3220  
Epoch 082 |  Time(s) 0.0131 | RobustPrompt-T Loss 0.3883  
Epoch 083 |  Time(s) 0.0130 | RobustPrompt-T Loss 0.3432  
Epoch 084 |  Time(s) 0.0132 | RobustPrompt-T Loss 0.2732  
Epoch 085 |  Time(s) 0.0130 | RobustPrompt-T Loss 0.2719  
Epoch 086 |  Time(s) 0.0129 | RobustPrompt-T Loss 0.2448  
Epoch 087 |  Time(s) 0.0130 | RobustPrompt-T Loss 0.2677  
Epoch 088 |  Time(s) 0.0129 | RobustPrompt-T Loss 0.2913  
Epoch 089 |  Time(s) 0.0131 | RobustPrompt-T Loss 0.2635  
Epoch 090 |  Time(s) 0.0130 | RobustPrompt-T Loss 0.2162  
Epoch 091 |  Time(s) 0.0130 | RobustPrompt-T Loss 0.2250  
Epoch 092 |  Time(s) 0.0130 | RobustPrompt-T Loss 0.2518  
Epoch 093 |  Time(s) 0.0130 | RobustPrompt-T Loss 0.2188  
Epoch 094 |  Time(s) 0.0136 | RobustPrompt-T Loss 0.2103  
Epoch 095 |  Time(s) 0.0132 | RobustPrompt-T Loss 0.1894  
Epoch 096 |  Time(s) 0.0128 | RobustPrompt-T Loss 0.1498  
Epoch 097 |  Time(s) 0.0129 | RobustPrompt-T Loss 0.1716  
Epoch 098 |  Time(s) 0.0130 | RobustPrompt-T Loss 0.1779  
Epoch 099 |  Time(s) 0.0128 | RobustPrompt-T Loss 0.1862  
Epoch 100 |  Time(s) 0.0134 | RobustPrompt-T Loss 0.2036  
Epoch 101 |  Time(s) 0.0130 | RobustPrompt-T Loss 0.1897  
Epoch 102 |  Time(s) 0.0139 | RobustPrompt-T Loss 0.1356  
Epoch 103 |  Time(s) 0.0133 | RobustPrompt-T Loss 0.1261  
Epoch 104 |  Time(s) 0.0138 | RobustPrompt-T Loss 0.1830  
Epoch 105 |  Time(s) 0.0133 | RobustPrompt-T Loss 0.1158  
Epoch 106 |  Time(s) 0.0136 | RobustPrompt-T Loss 0.1330  
Epoch 107 |  Time(s) 0.0134 | RobustPrompt-T Loss 0.0924  
Epoch 108 |  Time(s) 0.0136 | RobustPrompt-T Loss 0.1250  
Epoch 109 |  Time(s) 0.0134 | RobustPrompt-T Loss 0.1120  
Epoch 110 |  Time(s) 0.0131 | RobustPrompt-T Loss 0.1244  
Epoch 111 |  Time(s) 0.0138 | RobustPrompt-T Loss 0.2344  
Epoch 112 |  Time(s) 0.0133 | RobustPrompt-T Loss 0.1490  
Epoch 113 |  Time(s) 0.0141 | RobustPrompt-T Loss 0.3178  
Epoch 114 |  Time(s) 0.0129 | RobustPrompt-T Loss 0.2491  
Epoch 115 |  Time(s) 0.0122 | RobustPrompt-T Loss 0.2294  
Epoch 116 |  Time(s) 0.0121 | RobustPrompt-T Loss 0.4022  
Epoch 117 |  Time(s) 0.0129 | RobustPrompt-T Loss 0.1133  
Epoch 118 |  Time(s) 0.0130 | RobustPrompt-T Loss 0.7217  
Epoch 119 |  Time(s) 0.0128 | RobustPrompt-T Loss 0.9121  
Epoch 120 |  Time(s) 0.0123 | RobustPrompt-T Loss 0.1778  
Epoch 121 |  Time(s) 0.0128 | RobustPrompt-T Loss 0.4828  
Epoch 122 |  Time(s) 0.0125 | RobustPrompt-T Loss 0.7326  
Epoch 123 |  Time(s) 0.0121 | RobustPrompt-T Loss 0.4625  
Epoch 124 |  Time(s) 0.0125 | RobustPrompt-T Loss 0.1365  
Epoch 125 |  Time(s) 0.0119 | RobustPrompt-T Loss 1.0411  
Epoch 126 |  Time(s) 0.0126 | RobustPrompt-T Loss 1.4341  
----------------------------------------------------------------------------------------------------
Early stopping at 127 eopch!
Final True Accuracy: 0.0897 | Macro F1 Score: 0.0470
best_loss [tensor(0.1746, device='cuda:0', grad_fn=<AddBackward0>)]
load LLC or attacked data with specified split
Successfully loaded the attack of dataname with few shot 5, split 1
Attack method : Meta_Self | Attack ptb : 0.25 | Dataset: Cora
======================
Number of graphs: 1
Number of features: 1433
Number of classes: 7

Data(x=[2708, 1433], edge_index=[2, 15976], y=[2708], train_mask=[2708], val_mask=[2708], test_mask=[2708])
===========================================================================================================
Number of nodes: 2708
Number of edges: 15976
Average node degree: 5.90
Has isolated nodes: False
Has self-loops: True
Is undirected: True
GCN(
  (conv_layers): ModuleList(
    (0): GCNConv(1433, 256)
    (1): GCNConv(256, 256)
  )
)
Successfully loaded pre-trained weights!
use RobustPrompt Tranductive
defense pt dict :  {'sim_pt': 0.3, 'degree_pt': 1, 'out_detect_pt': -1.0, 'other_pt': 'all'}
use_attention :  False
cosine_constraint :  True
pt_threshold :  0.5
filter_module :  OriginalFilter
temperature :  1.0
weight_mse 0.1
weight_kl :  0.3
weight_constraint :  0.2
run RobustPrompt-T
Epoch 001 |  Time(s) 0.0126 | RobustPrompt-T Loss 1.9460  
Epoch 002 |  Time(s) 0.0124 | RobustPrompt-T Loss 1.9153  
Epoch 003 |  Time(s) 0.0129 | RobustPrompt-T Loss 1.8543  
Epoch 004 |  Time(s) 0.0129 | RobustPrompt-T Loss 1.7502  
Epoch 005 |  Time(s) 0.0129 | RobustPrompt-T Loss 1.7441  
Epoch 006 |  Time(s) 0.0129 | RobustPrompt-T Loss 1.7242  
Epoch 007 |  Time(s) 0.0131 | RobustPrompt-T Loss 1.8473  
Epoch 008 |  Time(s) 0.0131 | RobustPrompt-T Loss 1.6493  
Epoch 009 |  Time(s) 0.0129 | RobustPrompt-T Loss 1.6352  
Epoch 010 |  Time(s) 0.0130 | RobustPrompt-T Loss 1.6559  
Epoch 011 |  Time(s) 0.0131 | RobustPrompt-T Loss 1.6221  
Epoch 012 |  Time(s) 0.0131 | RobustPrompt-T Loss 1.6696  
Epoch 013 |  Time(s) 0.0131 | RobustPrompt-T Loss 1.6274  
Epoch 014 |  Time(s) 0.0130 | RobustPrompt-T Loss 1.5651  
Epoch 015 |  Time(s) 0.0128 | RobustPrompt-T Loss 1.5846  
Epoch 016 |  Time(s) 0.0131 | RobustPrompt-T Loss 1.5465  
Epoch 017 |  Time(s) 0.0136 | RobustPrompt-T Loss 1.5621  
Epoch 018 |  Time(s) 0.0130 | RobustPrompt-T Loss 1.5809  
Epoch 019 |  Time(s) 0.0131 | RobustPrompt-T Loss 1.5565  
Epoch 020 |  Time(s) 0.0129 | RobustPrompt-T Loss 1.5076  
Epoch 021 |  Time(s) 0.0132 | RobustPrompt-T Loss 1.5299  
Epoch 022 |  Time(s) 0.0128 | RobustPrompt-T Loss 1.4944  
Epoch 023 |  Time(s) 0.0127 | RobustPrompt-T Loss 1.5323  
Epoch 024 |  Time(s) 0.0128 | RobustPrompt-T Loss 1.4887  
Epoch 025 |  Time(s) 0.0128 | RobustPrompt-T Loss 1.4977  
Epoch 026 |  Time(s) 0.0127 | RobustPrompt-T Loss 1.4524  
Epoch 027 |  Time(s) 0.0129 | RobustPrompt-T Loss 1.4489  
Epoch 028 |  Time(s) 0.0128 | RobustPrompt-T Loss 1.5730  
Epoch 029 |  Time(s) 0.0128 | RobustPrompt-T Loss 1.4091  
Epoch 030 |  Time(s) 0.0127 | RobustPrompt-T Loss 1.3867  
Epoch 031 |  Time(s) 0.0129 | RobustPrompt-T Loss 1.4436  
Epoch 032 |  Time(s) 0.0127 | RobustPrompt-T Loss 1.3685  
Epoch 033 |  Time(s) 0.0128 | RobustPrompt-T Loss 1.3471  
Epoch 034 |  Time(s) 0.0129 | RobustPrompt-T Loss 1.2757  
Epoch 035 |  Time(s) 0.0127 | RobustPrompt-T Loss 1.2984  
Epoch 036 |  Time(s) 0.0130 | RobustPrompt-T Loss 1.3031  
Epoch 037 |  Time(s) 0.0128 | RobustPrompt-T Loss 1.2379  
Epoch 038 |  Time(s) 0.0125 | RobustPrompt-T Loss 1.2113  
Epoch 039 |  Time(s) 0.0130 | RobustPrompt-T Loss 1.1173  
Epoch 040 |  Time(s) 0.0129 | RobustPrompt-T Loss 1.1303  
Epoch 041 |  Time(s) 0.0122 | RobustPrompt-T Loss 1.1152  
Epoch 042 |  Time(s) 0.0120 | RobustPrompt-T Loss 1.0642  
Epoch 043 |  Time(s) 0.0126 | RobustPrompt-T Loss 1.0714  
Epoch 044 |  Time(s) 0.0134 | RobustPrompt-T Loss 1.0406  
Epoch 045 |  Time(s) 0.0127 | RobustPrompt-T Loss 0.9492  
Epoch 046 |  Time(s) 0.0123 | RobustPrompt-T Loss 1.0112  
Epoch 047 |  Time(s) 0.0125 | RobustPrompt-T Loss 0.9617  
Epoch 048 |  Time(s) 0.0123 | RobustPrompt-T Loss 0.8976  
Epoch 049 |  Time(s) 0.0120 | RobustPrompt-T Loss 0.9212  
Epoch 050 |  Time(s) 0.0121 | RobustPrompt-T Loss 0.9085  
Epoch 051 |  Time(s) 0.0119 | RobustPrompt-T Loss 0.8953  
Epoch 052 |  Time(s) 0.0128 | RobustPrompt-T Loss 0.8242  
Epoch 053 |  Time(s) 0.0129 | RobustPrompt-T Loss 0.8499  
Epoch 054 |  Time(s) 0.0130 | RobustPrompt-T Loss 0.7737  
Epoch 055 |  Time(s) 0.0130 | RobustPrompt-T Loss 0.7636  
Epoch 056 |  Time(s) 0.0129 | RobustPrompt-T Loss 0.7316  
Epoch 057 |  Time(s) 0.0129 | RobustPrompt-T Loss 0.7807  
Epoch 058 |  Time(s) 0.0130 | RobustPrompt-T Loss 0.6788  
Epoch 059 |  Time(s) 0.0129 | RobustPrompt-T Loss 0.6784  
Epoch 060 |  Time(s) 0.0126 | RobustPrompt-T Loss 0.7611  
Epoch 061 |  Time(s) 0.0128 | RobustPrompt-T Loss 0.6813  
Epoch 062 |  Time(s) 0.0126 | RobustPrompt-T Loss 0.9076  
Epoch 063 |  Time(s) 0.0124 | RobustPrompt-T Loss 0.8847  
Epoch 064 |  Time(s) 0.0126 | RobustPrompt-T Loss 0.6495  
Epoch 065 |  Time(s) 0.0130 | RobustPrompt-T Loss 0.6564  
Epoch 066 |  Time(s) 0.0126 | RobustPrompt-T Loss 0.6620  
Epoch 067 |  Time(s) 0.0129 | RobustPrompt-T Loss 0.5591  
Epoch 068 |  Time(s) 0.0129 | RobustPrompt-T Loss 0.6131  
Epoch 069 |  Time(s) 0.0129 | RobustPrompt-T Loss 0.5866  
Epoch 070 |  Time(s) 0.0130 | RobustPrompt-T Loss 0.5454  
Epoch 071 |  Time(s) 0.0128 | RobustPrompt-T Loss 0.5664  
Epoch 072 |  Time(s) 0.0127 | RobustPrompt-T Loss 0.5297  
Epoch 073 |  Time(s) 0.0128 | RobustPrompt-T Loss 0.5155  
Epoch 074 |  Time(s) 0.0129 | RobustPrompt-T Loss 0.5000  
Epoch 075 |  Time(s) 0.0129 | RobustPrompt-T Loss 0.5150  
Epoch 076 |  Time(s) 0.0130 | RobustPrompt-T Loss 0.4857  
Epoch 077 |  Time(s) 0.0130 | RobustPrompt-T Loss 0.4742  
Epoch 078 |  Time(s) 0.0129 | RobustPrompt-T Loss 0.4592  
Epoch 079 |  Time(s) 0.0130 | RobustPrompt-T Loss 0.4737  
Epoch 080 |  Time(s) 0.0131 | RobustPrompt-T Loss 0.4508  
Epoch 081 |  Time(s) 0.0130 | RobustPrompt-T Loss 0.4414  
Epoch 082 |  Time(s) 0.0130 | RobustPrompt-T Loss 0.4366  
Epoch 083 |  Time(s) 0.0130 | RobustPrompt-T Loss 0.4296  
Epoch 084 |  Time(s) 0.0130 | RobustPrompt-T Loss 0.4255  
Epoch 085 |  Time(s) 0.0130 | RobustPrompt-T Loss 0.4163  
Epoch 086 |  Time(s) 0.0130 | RobustPrompt-T Loss 0.4176  
Epoch 087 |  Time(s) 0.0130 | RobustPrompt-T Loss 0.4106  
Epoch 088 |  Time(s) 0.0129 | RobustPrompt-T Loss 0.3984  
Epoch 089 |  Time(s) 0.0131 | RobustPrompt-T Loss 0.3944  
Epoch 090 |  Time(s) 0.0129 | RobustPrompt-T Loss 0.3919  
Epoch 091 |  Time(s) 0.0131 | RobustPrompt-T Loss 0.3860  
Epoch 092 |  Time(s) 0.0129 | RobustPrompt-T Loss 0.3805  
Epoch 093 |  Time(s) 0.0132 | RobustPrompt-T Loss 0.3774  
Epoch 094 |  Time(s) 0.0128 | RobustPrompt-T Loss 0.3664  
Epoch 095 |  Time(s) 0.0130 | RobustPrompt-T Loss 0.3716  
Epoch 096 |  Time(s) 0.0129 | RobustPrompt-T Loss 0.3622  
Epoch 097 |  Time(s) 0.0129 | RobustPrompt-T Loss 0.3559  
Epoch 098 |  Time(s) 0.0130 | RobustPrompt-T Loss 0.3494  
Epoch 099 |  Time(s) 0.0129 | RobustPrompt-T Loss 0.3509  
Epoch 100 |  Time(s) 0.0126 | RobustPrompt-T Loss 0.3411  
Epoch 101 |  Time(s) 0.0128 | RobustPrompt-T Loss 0.3315  
Epoch 102 |  Time(s) 0.0128 | RobustPrompt-T Loss 0.3333  
Epoch 103 |  Time(s) 0.0131 | RobustPrompt-T Loss 0.3194  
Epoch 104 |  Time(s) 0.0132 | RobustPrompt-T Loss 0.3164  
Epoch 105 |  Time(s) 0.0129 | RobustPrompt-T Loss 0.3091  
Epoch 106 |  Time(s) 0.0131 | RobustPrompt-T Loss 0.2997  
Epoch 107 |  Time(s) 0.0131 | RobustPrompt-T Loss 0.2967  
Epoch 108 |  Time(s) 0.0130 | RobustPrompt-T Loss 0.2892  
Epoch 109 |  Time(s) 0.0130 | RobustPrompt-T Loss 0.2760  
Epoch 110 |  Time(s) 0.0131 | RobustPrompt-T Loss 0.2731  
Epoch 111 |  Time(s) 0.0130 | RobustPrompt-T Loss 0.2706  
Epoch 112 |  Time(s) 0.0134 | RobustPrompt-T Loss 0.2782  
Epoch 113 |  Time(s) 0.0130 | RobustPrompt-T Loss 0.2715  
Epoch 114 |  Time(s) 0.0132 | RobustPrompt-T Loss 0.2567  
Epoch 115 |  Time(s) 0.0132 | RobustPrompt-T Loss 0.2394  
Epoch 116 |  Time(s) 0.0130 | RobustPrompt-T Loss 0.2388  
Epoch 117 |  Time(s) 0.0132 | RobustPrompt-T Loss 0.2314  
Epoch 118 |  Time(s) 0.0130 | RobustPrompt-T Loss 0.2217  
Epoch 119 |  Time(s) 0.0134 | RobustPrompt-T Loss 0.2212  
Epoch 120 |  Time(s) 0.0131 | RobustPrompt-T Loss 0.2079  
Epoch 121 |  Time(s) 0.0130 | RobustPrompt-T Loss 0.1989  
Epoch 122 |  Time(s) 0.0129 | RobustPrompt-T Loss 0.1942  
Epoch 123 |  Time(s) 0.0130 | RobustPrompt-T Loss 0.1908  
Epoch 124 |  Time(s) 0.0132 | RobustPrompt-T Loss 0.1884  
Epoch 125 |  Time(s) 0.0129 | RobustPrompt-T Loss 0.1730  
Epoch 126 |  Time(s) 0.0129 | RobustPrompt-T Loss 0.1677  
Epoch 127 |  Time(s) 0.0130 | RobustPrompt-T Loss 0.1599  
Epoch 128 |  Time(s) 0.0129 | RobustPrompt-T Loss 0.1619  
Epoch 129 |  Time(s) 0.0133 | RobustPrompt-T Loss 0.1484  
Epoch 130 |  Time(s) 0.0131 | RobustPrompt-T Loss 0.1425  
Epoch 131 |  Time(s) 0.0129 | RobustPrompt-T Loss 0.1344  
Epoch 132 |  Time(s) 0.0128 | RobustPrompt-T Loss 0.1307  
Epoch 133 |  Time(s) 0.0131 | RobustPrompt-T Loss 0.1272  
Epoch 134 |  Time(s) 0.0129 | RobustPrompt-T Loss 0.1209  
Epoch 135 |  Time(s) 0.0130 | RobustPrompt-T Loss 0.1068  
Epoch 136 |  Time(s) 0.0125 | RobustPrompt-T Loss 0.1113  
Epoch 137 |  Time(s) 0.0128 | RobustPrompt-T Loss 0.1099  
Epoch 138 |  Time(s) 0.0130 | RobustPrompt-T Loss 0.1025  
Epoch 139 |  Time(s) 0.0133 | RobustPrompt-T Loss 0.0984  
Epoch 140 |  Time(s) 0.0126 | RobustPrompt-T Loss 0.1017  
Epoch 141 |  Time(s) 0.0130 | RobustPrompt-T Loss 0.0881  
Epoch 142 |  Time(s) 0.0130 | RobustPrompt-T Loss 0.0897  
Epoch 143 |  Time(s) 0.0131 | RobustPrompt-T Loss 0.0937  
Epoch 144 |  Time(s) 0.0132 | RobustPrompt-T Loss 0.0851  
Epoch 145 |  Time(s) 0.0131 | RobustPrompt-T Loss 0.0837  
Epoch 146 |  Time(s) 0.0129 | RobustPrompt-T Loss 0.0829  
Epoch 147 |  Time(s) 0.0128 | RobustPrompt-T Loss 0.0792  
Epoch 148 |  Time(s) 0.0130 | RobustPrompt-T Loss 0.0839  
Epoch 149 |  Time(s) 0.0130 | RobustPrompt-T Loss 0.0750  
Epoch 150 |  Time(s) 0.0130 | RobustPrompt-T Loss 0.0783  
Epoch 151 |  Time(s) 0.0130 | RobustPrompt-T Loss 0.0822  
Epoch 152 |  Time(s) 0.0121 | RobustPrompt-T Loss 0.0827  
Epoch 153 |  Time(s) 0.0118 | RobustPrompt-T Loss 0.0840  
Epoch 154 |  Time(s) 0.0121 | RobustPrompt-T Loss 0.0816  
Epoch 155 |  Time(s) 0.0126 | RobustPrompt-T Loss 0.0796  
Epoch 156 |  Time(s) 0.0124 | RobustPrompt-T Loss 0.0715  
Epoch 157 |  Time(s) 0.0128 | RobustPrompt-T Loss 0.0710  
Epoch 158 |  Time(s) 0.0130 | RobustPrompt-T Loss 0.0669  
Epoch 159 |  Time(s) 0.0130 | RobustPrompt-T Loss 0.0634  
Epoch 160 |  Time(s) 0.0129 | RobustPrompt-T Loss 0.0741  
Epoch 161 |  Time(s) 0.0125 | RobustPrompt-T Loss 0.0631  
Epoch 162 |  Time(s) 0.0128 | RobustPrompt-T Loss 0.0606  
Epoch 163 |  Time(s) 0.0129 | RobustPrompt-T Loss 0.0599  
Epoch 164 |  Time(s) 0.0129 | RobustPrompt-T Loss 0.0637  
Epoch 165 |  Time(s) 0.0129 | RobustPrompt-T Loss 0.0608  
Epoch 166 |  Time(s) 0.0130 | RobustPrompt-T Loss 0.0614  
Epoch 167 |  Time(s) 0.0131 | RobustPrompt-T Loss 0.0589  
Epoch 168 |  Time(s) 0.0130 | RobustPrompt-T Loss 0.0573  
Epoch 169 |  Time(s) 0.0130 | RobustPrompt-T Loss 0.0585  
Epoch 170 |  Time(s) 0.0129 | RobustPrompt-T Loss 0.0558  
Epoch 171 |  Time(s) 0.0130 | RobustPrompt-T Loss 0.0623  
Epoch 172 |  Time(s) 0.0130 | RobustPrompt-T Loss 0.0601  
Epoch 173 |  Time(s) 0.0130 | RobustPrompt-T Loss 0.0600  
Epoch 174 |  Time(s) 0.0129 | RobustPrompt-T Loss 0.0558  
Epoch 175 |  Time(s) 0.0130 | RobustPrompt-T Loss 0.0605  
Epoch 176 |  Time(s) 0.0131 | RobustPrompt-T Loss 0.0529  
Epoch 177 |  Time(s) 0.0129 | RobustPrompt-T Loss 0.0576  
Epoch 178 |  Time(s) 0.0126 | RobustPrompt-T Loss 0.0541  
Epoch 179 |  Time(s) 0.0128 | RobustPrompt-T Loss 0.0743  
Epoch 180 |  Time(s) 0.0128 | RobustPrompt-T Loss 0.1085  
Epoch 181 |  Time(s) 0.0130 | RobustPrompt-T Loss 0.0641  
Epoch 182 |  Time(s) 0.0129 | RobustPrompt-T Loss 0.0685  
Epoch 183 |  Time(s) 0.0130 | RobustPrompt-T Loss 0.2237  
Epoch 184 |  Time(s) 0.0124 | RobustPrompt-T Loss 0.1502  
Epoch 185 |  Time(s) 0.0128 | RobustPrompt-T Loss 0.3150  
Epoch 186 |  Time(s) 0.0128 | RobustPrompt-T Loss 0.3964  
Epoch 187 |  Time(s) 0.0130 | RobustPrompt-T Loss 0.1278  
Epoch 188 |  Time(s) 0.0130 | RobustPrompt-T Loss 0.2386  
Epoch 189 |  Time(s) 0.0130 | RobustPrompt-T Loss 0.2857  
Epoch 190 |  Time(s) 0.0131 | RobustPrompt-T Loss 0.1230  
Epoch 191 |  Time(s) 0.0126 | RobustPrompt-T Loss 0.2714  
Epoch 192 |  Time(s) 0.0127 | RobustPrompt-T Loss 0.4480  
Epoch 193 |  Time(s) 0.0128 | RobustPrompt-T Loss 0.1048  
Epoch 194 |  Time(s) 0.0129 | RobustPrompt-T Loss 0.3192  
Epoch 195 |  Time(s) 0.0130 | RobustPrompt-T Loss 0.2182  
----------------------------------------------------------------------------------------------------
Early stopping at 196 eopch!
Final True Accuracy: 0.0951 | Macro F1 Score: 0.0731
best_loss [tensor(0.2228, device='cuda:0', grad_fn=<AddBackward0>)]
load LLC or attacked data with specified split
Successfully loaded the attack of dataname with few shot 5, split 1
Attack method : Meta_Self | Attack ptb : 0.25 | Dataset: Cora
======================
Number of graphs: 1
Number of features: 1433
Number of classes: 7

Data(x=[2708, 1433], edge_index=[2, 15976], y=[2708], train_mask=[2708], val_mask=[2708], test_mask=[2708])
===========================================================================================================
Number of nodes: 2708
Number of edges: 15976
Average node degree: 5.90
Has isolated nodes: False
Has self-loops: True
Is undirected: True
GCN(
  (conv_layers): ModuleList(
    (0): GCNConv(1433, 256)
    (1): GCNConv(256, 256)
  )
)
Successfully loaded pre-trained weights!
use RobustPrompt Tranductive
defense pt dict :  {'sim_pt': 0.3, 'degree_pt': 1, 'out_detect_pt': -1.0, 'other_pt': 'all'}
use_attention :  False
cosine_constraint :  True
pt_threshold :  0.5
filter_module :  OriginalFilter
temperature :  1.0
weight_mse 0.1
weight_kl :  0.3
weight_constraint :  0.2
run RobustPrompt-T
Epoch 001 |  Time(s) 0.0136 | RobustPrompt-T Loss 1.9477  
Epoch 002 |  Time(s) 0.0129 | RobustPrompt-T Loss 1.9546  
Epoch 003 |  Time(s) 0.0131 | RobustPrompt-T Loss 1.9258  
Epoch 004 |  Time(s) 0.0131 | RobustPrompt-T Loss 1.9205  
Epoch 005 |  Time(s) 0.0129 | RobustPrompt-T Loss 1.8868  
Epoch 006 |  Time(s) 0.0130 | RobustPrompt-T Loss 1.8513  
Epoch 007 |  Time(s) 0.0132 | RobustPrompt-T Loss 1.8555  
Epoch 008 |  Time(s) 0.0130 | RobustPrompt-T Loss 1.7913  
Epoch 009 |  Time(s) 0.0130 | RobustPrompt-T Loss 1.7520  
Epoch 010 |  Time(s) 0.0130 | RobustPrompt-T Loss 1.7455  
Epoch 011 |  Time(s) 0.0130 | RobustPrompt-T Loss 1.7053  
Epoch 012 |  Time(s) 0.0130 | RobustPrompt-T Loss 1.6556  
Epoch 013 |  Time(s) 0.0130 | RobustPrompt-T Loss 1.6507  
Epoch 014 |  Time(s) 0.0130 | RobustPrompt-T Loss 1.6058  
Epoch 015 |  Time(s) 0.0129 | RobustPrompt-T Loss 1.6048  
Epoch 016 |  Time(s) 0.0130 | RobustPrompt-T Loss 1.5701  
Epoch 017 |  Time(s) 0.0130 | RobustPrompt-T Loss 1.5599  
Epoch 018 |  Time(s) 0.0133 | RobustPrompt-T Loss 1.5406  
Epoch 019 |  Time(s) 0.0130 | RobustPrompt-T Loss 1.5553  
Epoch 020 |  Time(s) 0.0130 | RobustPrompt-T Loss 1.5601  
Epoch 021 |  Time(s) 0.0131 | RobustPrompt-T Loss 1.5340  
Epoch 022 |  Time(s) 0.0129 | RobustPrompt-T Loss 1.5065  
Epoch 023 |  Time(s) 0.0129 | RobustPrompt-T Loss 1.5025  
Epoch 024 |  Time(s) 0.0128 | RobustPrompt-T Loss 1.4974  
Epoch 025 |  Time(s) 0.0132 | RobustPrompt-T Loss 1.4867  
Epoch 026 |  Time(s) 0.0130 | RobustPrompt-T Loss 1.4898  
Epoch 027 |  Time(s) 0.0131 | RobustPrompt-T Loss 1.4664  
Epoch 028 |  Time(s) 0.0130 | RobustPrompt-T Loss 1.4883  
Epoch 029 |  Time(s) 0.0130 | RobustPrompt-T Loss 1.4685  
Epoch 030 |  Time(s) 0.0129 | RobustPrompt-T Loss 1.4817  
Epoch 031 |  Time(s) 0.0131 | RobustPrompt-T Loss 1.4202  
Epoch 032 |  Time(s) 0.0131 | RobustPrompt-T Loss 1.5373  
Epoch 033 |  Time(s) 0.0130 | RobustPrompt-T Loss 1.3680  
Epoch 034 |  Time(s) 0.0130 | RobustPrompt-T Loss 1.5494  
Epoch 035 |  Time(s) 0.0130 | RobustPrompt-T Loss 1.3685  
Epoch 036 |  Time(s) 0.0131 | RobustPrompt-T Loss 1.3016  
Epoch 037 |  Time(s) 0.0130 | RobustPrompt-T Loss 1.3775  
Epoch 038 |  Time(s) 0.0130 | RobustPrompt-T Loss 1.3022  
Epoch 039 |  Time(s) 0.0131 | RobustPrompt-T Loss 1.2775  
Epoch 040 |  Time(s) 0.0130 | RobustPrompt-T Loss 1.2674  
Epoch 041 |  Time(s) 0.0129 | RobustPrompt-T Loss 1.2245  
Epoch 042 |  Time(s) 0.0130 | RobustPrompt-T Loss 1.1768  
Epoch 043 |  Time(s) 0.0130 | RobustPrompt-T Loss 1.1768  
Epoch 044 |  Time(s) 0.0129 | RobustPrompt-T Loss 1.1343  
Epoch 045 |  Time(s) 0.0130 | RobustPrompt-T Loss 1.2214  
Epoch 046 |  Time(s) 0.0130 | RobustPrompt-T Loss 1.0886  
Epoch 047 |  Time(s) 0.0130 | RobustPrompt-T Loss 1.0840  
Epoch 048 |  Time(s) 0.0131 | RobustPrompt-T Loss 1.0210  
Epoch 049 |  Time(s) 0.0131 | RobustPrompt-T Loss 0.9962  
Epoch 050 |  Time(s) 0.0130 | RobustPrompt-T Loss 0.9489  
Epoch 051 |  Time(s) 0.0128 | RobustPrompt-T Loss 0.9452  
Epoch 052 |  Time(s) 0.0130 | RobustPrompt-T Loss 0.9313  
Epoch 053 |  Time(s) 0.0130 | RobustPrompt-T Loss 0.8727  
Epoch 054 |  Time(s) 0.0131 | RobustPrompt-T Loss 0.9016  
Epoch 055 |  Time(s) 0.0131 | RobustPrompt-T Loss 0.8564  
Epoch 056 |  Time(s) 0.0130 | RobustPrompt-T Loss 0.8259  
Epoch 057 |  Time(s) 0.0129 | RobustPrompt-T Loss 0.7863  
Epoch 058 |  Time(s) 0.0131 | RobustPrompt-T Loss 0.7812  
Epoch 059 |  Time(s) 0.0130 | RobustPrompt-T Loss 0.7822  
Epoch 060 |  Time(s) 0.0130 | RobustPrompt-T Loss 0.7118  
Epoch 061 |  Time(s) 0.0130 | RobustPrompt-T Loss 0.6608  
Epoch 062 |  Time(s) 0.0130 | RobustPrompt-T Loss 0.6567  
Epoch 063 |  Time(s) 0.0130 | RobustPrompt-T Loss 0.6900  
Epoch 064 |  Time(s) 0.0130 | RobustPrompt-T Loss 0.5475  
Epoch 065 |  Time(s) 0.0130 | RobustPrompt-T Loss 0.6311  
Epoch 066 |  Time(s) 0.0130 | RobustPrompt-T Loss 0.5454  
Epoch 067 |  Time(s) 0.0130 | RobustPrompt-T Loss 0.4888  
Epoch 068 |  Time(s) 0.0129 | RobustPrompt-T Loss 0.5016  
Epoch 069 |  Time(s) 0.0130 | RobustPrompt-T Loss 0.4696  
Epoch 070 |  Time(s) 0.0131 | RobustPrompt-T Loss 0.4025  
Epoch 071 |  Time(s) 0.0130 | RobustPrompt-T Loss 0.4051  
Epoch 072 |  Time(s) 0.0130 | RobustPrompt-T Loss 0.3840  
Epoch 073 |  Time(s) 0.0129 | RobustPrompt-T Loss 0.3495  
Epoch 074 |  Time(s) 0.0131 | RobustPrompt-T Loss 0.3443  
Epoch 075 |  Time(s) 0.0130 | RobustPrompt-T Loss 0.3044  
Epoch 076 |  Time(s) 0.0130 | RobustPrompt-T Loss 0.2994  
Epoch 077 |  Time(s) 0.0129 | RobustPrompt-T Loss 0.2808  
Epoch 078 |  Time(s) 0.0131 | RobustPrompt-T Loss 0.2502  
Epoch 079 |  Time(s) 0.0132 | RobustPrompt-T Loss 0.2641  
Epoch 080 |  Time(s) 0.0121 | RobustPrompt-T Loss 0.2450  
Epoch 081 |  Time(s) 0.0127 | RobustPrompt-T Loss 0.2390  
Epoch 082 |  Time(s) 0.0128 | RobustPrompt-T Loss 0.2825  
Epoch 083 |  Time(s) 0.0128 | RobustPrompt-T Loss 0.2079  
Epoch 084 |  Time(s) 0.0128 | RobustPrompt-T Loss 0.2215  
Epoch 085 |  Time(s) 0.0128 | RobustPrompt-T Loss 0.1803  
Epoch 086 |  Time(s) 0.0126 | RobustPrompt-T Loss 0.2006  
Epoch 087 |  Time(s) 0.0126 | RobustPrompt-T Loss 0.1729  
Epoch 088 |  Time(s) 0.0124 | RobustPrompt-T Loss 0.1674  
Epoch 089 |  Time(s) 0.0127 | RobustPrompt-T Loss 0.1628  
Epoch 090 |  Time(s) 0.0129 | RobustPrompt-T Loss 0.1457  
Epoch 091 |  Time(s) 0.0128 | RobustPrompt-T Loss 0.1641  
Epoch 092 |  Time(s) 0.0128 | RobustPrompt-T Loss 0.1304  
Epoch 093 |  Time(s) 0.0126 | RobustPrompt-T Loss 0.1533  
Epoch 094 |  Time(s) 0.0127 | RobustPrompt-T Loss 0.1250  
Epoch 095 |  Time(s) 0.0126 | RobustPrompt-T Loss 0.1350  
Epoch 096 |  Time(s) 0.0130 | RobustPrompt-T Loss 0.1217  
Epoch 097 |  Time(s) 0.0130 | RobustPrompt-T Loss 0.0990  
Epoch 098 |  Time(s) 0.0130 | RobustPrompt-T Loss 0.1104  
Epoch 099 |  Time(s) 0.0129 | RobustPrompt-T Loss 0.1259  
Epoch 100 |  Time(s) 0.0128 | RobustPrompt-T Loss 0.0856  
Epoch 101 |  Time(s) 0.0128 | RobustPrompt-T Loss 0.1427  
Epoch 102 |  Time(s) 0.0126 | RobustPrompt-T Loss 0.2066  
Epoch 103 |  Time(s) 0.0129 | RobustPrompt-T Loss 0.0873  
Epoch 104 |  Time(s) 0.0128 | RobustPrompt-T Loss 0.2142  
Epoch 105 |  Time(s) 0.0128 | RobustPrompt-T Loss 0.0832  
Epoch 106 |  Time(s) 0.0129 | RobustPrompt-T Loss 0.2362  
Epoch 107 |  Time(s) 0.0128 | RobustPrompt-T Loss 0.0958  
Epoch 108 |  Time(s) 0.0128 | RobustPrompt-T Loss 0.3322  
Epoch 109 |  Time(s) 0.0128 | RobustPrompt-T Loss 0.3170  
Epoch 110 |  Time(s) 0.0128 | RobustPrompt-T Loss 0.1116  
Epoch 111 |  Time(s) 0.0126 | RobustPrompt-T Loss 0.2397  
Epoch 112 |  Time(s) 0.0128 | RobustPrompt-T Loss 0.0810  
Epoch 113 |  Time(s) 0.0123 | RobustPrompt-T Loss 0.3704  
Epoch 114 |  Time(s) 0.0128 | RobustPrompt-T Loss 0.2068  
Epoch 115 |  Time(s) 0.0123 | RobustPrompt-T Loss 0.4286  
Epoch 116 |  Time(s) 0.0128 | RobustPrompt-T Loss 0.3783  
Epoch 117 |  Time(s) 0.0128 | RobustPrompt-T Loss 0.1952  
Epoch 118 |  Time(s) 0.0123 | RobustPrompt-T Loss 0.3432  
Epoch 119 |  Time(s) 0.0127 | RobustPrompt-T Loss 0.2449  
Epoch 120 |  Time(s) 0.0129 | RobustPrompt-T Loss 0.2164  
Epoch 121 |  Time(s) 0.0127 | RobustPrompt-T Loss 0.1618  
Epoch 122 |  Time(s) 0.0129 | RobustPrompt-T Loss 0.1296  
Epoch 123 |  Time(s) 0.0127 | RobustPrompt-T Loss 0.1200  
Epoch 124 |  Time(s) 0.0128 | RobustPrompt-T Loss 0.0975  
Epoch 125 |  Time(s) 0.0128 | RobustPrompt-T Loss 0.1483  
Epoch 126 |  Time(s) 0.0124 | RobustPrompt-T Loss 0.0938  
Epoch 127 |  Time(s) 0.0128 | RobustPrompt-T Loss 0.1661  
Epoch 128 |  Time(s) 0.0128 | RobustPrompt-T Loss 0.1506  
Epoch 129 |  Time(s) 0.0126 | RobustPrompt-T Loss 0.0737  
Epoch 130 |  Time(s) 0.0125 | RobustPrompt-T Loss 0.0923  
Epoch 131 |  Time(s) 0.0125 | RobustPrompt-T Loss 0.0682  
Epoch 132 |  Time(s) 0.0125 | RobustPrompt-T Loss 0.0878  
Epoch 133 |  Time(s) 0.0125 | RobustPrompt-T Loss 0.0554  
Epoch 134 |  Time(s) 0.0125 | RobustPrompt-T Loss 0.0796  
Epoch 135 |  Time(s) 0.0125 | RobustPrompt-T Loss 0.0662  
Epoch 136 |  Time(s) 0.0130 | RobustPrompt-T Loss 0.0817  
Epoch 137 |  Time(s) 0.0126 | RobustPrompt-T Loss 0.0569  
Epoch 138 |  Time(s) 0.0128 | RobustPrompt-T Loss 0.0619  
Epoch 139 |  Time(s) 0.0123 | RobustPrompt-T Loss 0.0491  
Epoch 140 |  Time(s) 0.0123 | RobustPrompt-T Loss 0.0808  
Epoch 141 |  Time(s) 0.0123 | RobustPrompt-T Loss 0.0428  
Epoch 142 |  Time(s) 0.0122 | RobustPrompt-T Loss 0.0900  
Epoch 143 |  Time(s) 0.0129 | RobustPrompt-T Loss 0.0426  
Epoch 144 |  Time(s) 0.0128 | RobustPrompt-T Loss 0.0751  
Epoch 145 |  Time(s) 0.0127 | RobustPrompt-T Loss 0.0402  
Epoch 146 |  Time(s) 0.0126 | RobustPrompt-T Loss 0.0722  
Epoch 147 |  Time(s) 0.0127 | RobustPrompt-T Loss 0.0377  
Epoch 148 |  Time(s) 0.0129 | RobustPrompt-T Loss 0.0690  
Epoch 149 |  Time(s) 0.0131 | RobustPrompt-T Loss 0.0598  
Epoch 150 |  Time(s) 0.0118 | RobustPrompt-T Loss 0.0737  
Epoch 151 |  Time(s) 0.0120 | RobustPrompt-T Loss 0.0462  
Epoch 152 |  Time(s) 0.0130 | RobustPrompt-T Loss 0.0578  
Epoch 153 |  Time(s) 0.0129 | RobustPrompt-T Loss 0.0485  
Epoch 154 |  Time(s) 0.0128 | RobustPrompt-T Loss 0.0397  
Epoch 155 |  Time(s) 0.0130 | RobustPrompt-T Loss 0.0578  
Epoch 156 |  Time(s) 0.0130 | RobustPrompt-T Loss 0.0418  
Epoch 157 |  Time(s) 0.0129 | RobustPrompt-T Loss 0.0570  
Epoch 158 |  Time(s) 0.0131 | RobustPrompt-T Loss 0.0269  
Epoch 159 |  Time(s) 0.0129 | RobustPrompt-T Loss 0.0511  
Epoch 160 |  Time(s) 0.0125 | RobustPrompt-T Loss 0.0232  
Epoch 161 |  Time(s) 0.0124 | RobustPrompt-T Loss 0.0452  
Epoch 162 |  Time(s) 0.0126 | RobustPrompt-T Loss 0.0309  
Epoch 163 |  Time(s) 0.0128 | RobustPrompt-T Loss 0.0274  
Epoch 164 |  Time(s) 0.0132 | RobustPrompt-T Loss 0.0425  
Epoch 165 |  Time(s) 0.0128 | RobustPrompt-T Loss 0.0252  
Epoch 166 |  Time(s) 0.0130 | RobustPrompt-T Loss 0.0490  
Epoch 167 |  Time(s) 0.0129 | RobustPrompt-T Loss 0.0252  
Epoch 168 |  Time(s) 0.0130 | RobustPrompt-T Loss 0.0362  
Epoch 169 |  Time(s) 0.0128 | RobustPrompt-T Loss 0.0291  
Epoch 170 |  Time(s) 0.0120 | RobustPrompt-T Loss 0.0301  
Epoch 171 |  Time(s) 0.0127 | RobustPrompt-T Loss 0.0366  
Epoch 172 |  Time(s) 0.0131 | RobustPrompt-T Loss 0.0256  
Epoch 173 |  Time(s) 0.0131 | RobustPrompt-T Loss 0.0337  
Epoch 174 |  Time(s) 0.0133 | RobustPrompt-T Loss 0.0272  
Epoch 175 |  Time(s) 0.0137 | RobustPrompt-T Loss 0.0331  
Epoch 176 |  Time(s) 0.0133 | RobustPrompt-T Loss 0.0289  
Epoch 177 |  Time(s) 0.0131 | RobustPrompt-T Loss 0.0274  
Epoch 178 |  Time(s) 0.0135 | RobustPrompt-T Loss 0.0306  
Epoch 179 |  Time(s) 0.0134 | RobustPrompt-T Loss 0.0276  
----------------------------------------------------------------------------------------------------
Early stopping at 180 eopch!
Final True Accuracy: 0.0976 | Macro F1 Score: 0.0681
best_loss [tensor(0.0362, device='cuda:0', grad_fn=<AddBackward0>)]
{1: {1: 0.08637873828411102}, 2: {1: 0.10797341912984848}, 3: {1: 0.08970099687576294}, 4: {1: 0.09509966522455215}, 5: {1: 0.09759136289358139}}
{1: {1: 0.08637873828411102, 2: 0.10797341912984848, 3: 0.08970099687576294, 4: 0.09509966522455215, 5: 0.09759136289358139}}
########################################################################################
seed: 1 | split 1 : 0.08637873828411102
# Seed 1 Muti Split Final Acc: 0.0864±0.0000
seed: 2 | split 1 : 0.10797341912984848
# Seed 2 Muti Split Final Acc: 0.1080±0.0000
seed: 3 | split 1 : 0.08970099687576294
# Seed 3 Muti Split Final Acc: 0.0897±0.0000
seed: 4 | split 1 : 0.09509966522455215
# Seed 4 Muti Split Final Acc: 0.0951±0.0000
seed: 5 | split 1 : 0.09759136289358139
# Seed 5 Muti Split Final Acc: 0.0976±0.0000
########################################################################################
split: 1 | seed 1 : 0.08637873828411102
split: 1 | seed 2 : 0.10797341912984848
split: 1 | seed 3 : 0.08970099687576294
split: 1 | seed 4 : 0.09509966522455215
split: 1 | seed 5 : 0.09759136289358139
# Split 1 Muti Seed Acc without min value: 0.0976±0.0066
########################################################################################
