load LLC or attacked data with specified split
Successfully loaded the attack of dataname with few shot 5, split 1
Attack method : Meta_Self | Attack ptb : 0.1 | Dataset: Cora
======================
Number of graphs: 1
Number of features: 1433
Number of classes: 7

Data(x=[2708, 1433], edge_index=[2, 14378], y=[2708], train_mask=[2708], val_mask=[2708], test_mask=[2708])
===========================================================================================================
Number of nodes: 2708
Number of edges: 14378
Average node degree: 5.31
Has isolated nodes: False
Has self-loops: True
Is undirected: True
GCN(
  (conv_layers): ModuleList(
    (0): GCNConv(1433, 256)
    (1): GCNConv(256, 256)
  )
)
Successfully loaded pre-trained weights!
use RobustPrompt Tranductive
defense pt dict :  {'sim_pt': -1.0, 'degree_pt': 1, 'out_detect_pt': 0.5, 'other_pt': 'all'}
use_attention :  False
cosine_constraint :  True
pt_threshold :  0.5
filter_module :  OriginalFilter
temperature :  1.0
weight_mse 0.1
weight_kl :  0.3
weight_constraint :  0.2
run RobustPrompt-T
Epoch 001 |  Time(s) 0.2520 | RobustPrompt-T Loss 1.9502  
Epoch 002 |  Time(s) 0.0129 | RobustPrompt-T Loss 1.9891  
Epoch 003 |  Time(s) 0.0123 | RobustPrompt-T Loss 1.9330  
Epoch 004 |  Time(s) 0.0120 | RobustPrompt-T Loss 1.9354  
Epoch 005 |  Time(s) 0.0124 | RobustPrompt-T Loss 1.9372  
Epoch 006 |  Time(s) 0.0122 | RobustPrompt-T Loss 1.9318  
Epoch 007 |  Time(s) 0.0123 | RobustPrompt-T Loss 1.9262  
Epoch 008 |  Time(s) 0.0123 | RobustPrompt-T Loss 1.9270  
Epoch 009 |  Time(s) 0.0119 | RobustPrompt-T Loss 1.9217  
Epoch 010 |  Time(s) 0.0125 | RobustPrompt-T Loss 1.9125  
Epoch 011 |  Time(s) 0.0122 | RobustPrompt-T Loss 1.9059  
Epoch 012 |  Time(s) 0.0129 | RobustPrompt-T Loss 1.9027  
Epoch 013 |  Time(s) 0.0124 | RobustPrompt-T Loss 1.8975  
Epoch 014 |  Time(s) 0.0127 | RobustPrompt-T Loss 1.8970  
Epoch 015 |  Time(s) 0.0131 | RobustPrompt-T Loss 1.8884  
Epoch 016 |  Time(s) 0.0128 | RobustPrompt-T Loss 1.8731  
Epoch 017 |  Time(s) 0.0130 | RobustPrompt-T Loss 1.8678  
Epoch 018 |  Time(s) 0.0130 | RobustPrompt-T Loss 1.8635  
Epoch 019 |  Time(s) 0.0130 | RobustPrompt-T Loss 1.8468  
Epoch 020 |  Time(s) 0.0131 | RobustPrompt-T Loss 1.8402  
Epoch 021 |  Time(s) 0.0129 | RobustPrompt-T Loss 1.8977  
Epoch 022 |  Time(s) 0.0123 | RobustPrompt-T Loss 1.9201  
Epoch 023 |  Time(s) 0.0117 | RobustPrompt-T Loss 1.9362  
Epoch 024 |  Time(s) 0.0125 | RobustPrompt-T Loss 1.8269  
Epoch 025 |  Time(s) 0.0116 | RobustPrompt-T Loss 1.8977  
Epoch 026 |  Time(s) 0.0131 | RobustPrompt-T Loss 1.9185  
Epoch 027 |  Time(s) 0.0130 | RobustPrompt-T Loss 1.7912  
Epoch 028 |  Time(s) 0.0130 | RobustPrompt-T Loss 1.8530  
Epoch 029 |  Time(s) 0.0131 | RobustPrompt-T Loss 1.8560  
Epoch 030 |  Time(s) 0.0130 | RobustPrompt-T Loss 1.7668  
Epoch 031 |  Time(s) 0.0130 | RobustPrompt-T Loss 1.7753  
Epoch 032 |  Time(s) 0.0129 | RobustPrompt-T Loss 1.7762  
Epoch 033 |  Time(s) 0.0131 | RobustPrompt-T Loss 1.7755  
Epoch 034 |  Time(s) 0.0131 | RobustPrompt-T Loss 1.7081  
Epoch 035 |  Time(s) 0.0131 | RobustPrompt-T Loss 1.7215  
Epoch 036 |  Time(s) 0.0125 | RobustPrompt-T Loss 1.6877  
Epoch 037 |  Time(s) 0.0125 | RobustPrompt-T Loss 1.6960  
Epoch 038 |  Time(s) 0.0124 | RobustPrompt-T Loss 1.6390  
Epoch 039 |  Time(s) 0.0125 | RobustPrompt-T Loss 1.6227  
Epoch 040 |  Time(s) 0.0128 | RobustPrompt-T Loss 1.5958  
Epoch 041 |  Time(s) 0.0133 | RobustPrompt-T Loss 1.5559  
Epoch 042 |  Time(s) 0.0131 | RobustPrompt-T Loss 1.5389  
Epoch 043 |  Time(s) 0.0130 | RobustPrompt-T Loss 1.4952  
Epoch 044 |  Time(s) 0.0131 | RobustPrompt-T Loss 1.4719  
Epoch 045 |  Time(s) 0.0128 | RobustPrompt-T Loss 1.4507  
Epoch 046 |  Time(s) 0.0130 | RobustPrompt-T Loss 1.4036  
Epoch 047 |  Time(s) 0.0129 | RobustPrompt-T Loss 1.3777  
Epoch 048 |  Time(s) 0.0121 | RobustPrompt-T Loss 1.3556  
Epoch 049 |  Time(s) 0.0130 | RobustPrompt-T Loss 1.3141  
Epoch 050 |  Time(s) 0.0121 | RobustPrompt-T Loss 1.2876  
Epoch 051 |  Time(s) 0.0133 | RobustPrompt-T Loss 1.2511  
Epoch 052 |  Time(s) 0.0131 | RobustPrompt-T Loss 1.2233  
Epoch 053 |  Time(s) 0.0124 | RobustPrompt-T Loss 1.1888  
Epoch 054 |  Time(s) 0.0130 | RobustPrompt-T Loss 1.1535  
Epoch 055 |  Time(s) 0.0131 | RobustPrompt-T Loss 1.1234  
Epoch 056 |  Time(s) 0.0123 | RobustPrompt-T Loss 1.0967  
Epoch 057 |  Time(s) 0.0131 | RobustPrompt-T Loss 1.0676  
Epoch 058 |  Time(s) 0.0128 | RobustPrompt-T Loss 1.0395  
Epoch 059 |  Time(s) 0.0126 | RobustPrompt-T Loss 0.9669  
Epoch 060 |  Time(s) 0.0128 | RobustPrompt-T Loss 0.9362  
Epoch 061 |  Time(s) 0.0127 | RobustPrompt-T Loss 0.9049  
Epoch 062 |  Time(s) 0.0125 | RobustPrompt-T Loss 0.8785  
Epoch 063 |  Time(s) 0.0129 | RobustPrompt-T Loss 0.8409  
Epoch 064 |  Time(s) 0.0128 | RobustPrompt-T Loss 0.8188  
Epoch 065 |  Time(s) 0.0130 | RobustPrompt-T Loss 0.7729  
Epoch 066 |  Time(s) 0.0129 | RobustPrompt-T Loss 0.7187  
Epoch 067 |  Time(s) 0.0130 | RobustPrompt-T Loss 0.6819  
Epoch 068 |  Time(s) 0.0131 | RobustPrompt-T Loss 0.6648  
Epoch 069 |  Time(s) 0.0130 | RobustPrompt-T Loss 0.6341  
Epoch 070 |  Time(s) 0.0130 | RobustPrompt-T Loss 0.6004  
Epoch 071 |  Time(s) 0.0130 | RobustPrompt-T Loss 0.5655  
Epoch 072 |  Time(s) 0.0130 | RobustPrompt-T Loss 0.5529  
Epoch 073 |  Time(s) 0.0130 | RobustPrompt-T Loss 0.5114  
Epoch 074 |  Time(s) 0.0130 | RobustPrompt-T Loss 0.4755  
Epoch 075 |  Time(s) 0.0131 | RobustPrompt-T Loss 0.4635  
Epoch 076 |  Time(s) 0.0130 | RobustPrompt-T Loss 0.4515  
Epoch 077 |  Time(s) 0.0130 | RobustPrompt-T Loss 0.4283  
Epoch 078 |  Time(s) 0.0131 | RobustPrompt-T Loss 0.4004  
Epoch 079 |  Time(s) 0.0130 | RobustPrompt-T Loss 0.3919  
Epoch 080 |  Time(s) 0.0129 | RobustPrompt-T Loss 0.3766  
Epoch 081 |  Time(s) 0.0129 | RobustPrompt-T Loss 0.3551  
Epoch 082 |  Time(s) 0.0130 | RobustPrompt-T Loss 0.3432  
Epoch 083 |  Time(s) 0.0131 | RobustPrompt-T Loss 0.3293  
Epoch 084 |  Time(s) 0.0130 | RobustPrompt-T Loss 0.3133  
Epoch 085 |  Time(s) 0.0130 | RobustPrompt-T Loss 0.3055  
Epoch 086 |  Time(s) 0.0120 | RobustPrompt-T Loss 0.2912  
Epoch 087 |  Time(s) 0.0123 | RobustPrompt-T Loss 0.2759  
Epoch 088 |  Time(s) 0.0129 | RobustPrompt-T Loss 0.2706  
Epoch 089 |  Time(s) 0.0129 | RobustPrompt-T Loss 0.2517  
Epoch 090 |  Time(s) 0.0129 | RobustPrompt-T Loss 0.2382  
Epoch 091 |  Time(s) 0.0133 | RobustPrompt-T Loss 0.2320  
Epoch 092 |  Time(s) 0.0128 | RobustPrompt-T Loss 0.2164  
Epoch 093 |  Time(s) 0.0123 | RobustPrompt-T Loss 0.2119  
Epoch 094 |  Time(s) 0.0126 | RobustPrompt-T Loss 0.1941  
Epoch 095 |  Time(s) 0.0132 | RobustPrompt-T Loss 0.2160  
Epoch 096 |  Time(s) 0.0129 | RobustPrompt-T Loss 0.1689  
Epoch 097 |  Time(s) 0.0131 | RobustPrompt-T Loss 0.1474  
Epoch 098 |  Time(s) 0.0129 | RobustPrompt-T Loss 0.1474  
Epoch 099 |  Time(s) 0.0125 | RobustPrompt-T Loss 0.1368  
Epoch 100 |  Time(s) 0.0123 | RobustPrompt-T Loss 0.1655  
Epoch 101 |  Time(s) 0.0121 | RobustPrompt-T Loss 0.1180  
Epoch 102 |  Time(s) 0.0150 | RobustPrompt-T Loss 0.1054  
Epoch 103 |  Time(s) 0.0120 | RobustPrompt-T Loss 0.0967  
Epoch 104 |  Time(s) 0.0120 | RobustPrompt-T Loss 0.1030  
Epoch 105 |  Time(s) 0.0128 | RobustPrompt-T Loss 0.1169  
Epoch 106 |  Time(s) 0.0131 | RobustPrompt-T Loss 0.0958  
Epoch 107 |  Time(s) 0.0128 | RobustPrompt-T Loss 0.0756  
Epoch 108 |  Time(s) 0.0123 | RobustPrompt-T Loss 0.0706  
Epoch 109 |  Time(s) 0.0126 | RobustPrompt-T Loss 0.0814  
Epoch 110 |  Time(s) 0.0131 | RobustPrompt-T Loss 0.0790  
Epoch 111 |  Time(s) 0.0133 | RobustPrompt-T Loss 0.0631  
Epoch 112 |  Time(s) 0.0128 | RobustPrompt-T Loss 0.0547  
Epoch 113 |  Time(s) 0.0126 | RobustPrompt-T Loss 0.0613  
Epoch 114 |  Time(s) 0.0121 | RobustPrompt-T Loss 0.0609  
Epoch 115 |  Time(s) 0.0124 | RobustPrompt-T Loss 0.0505  
Epoch 116 |  Time(s) 0.0125 | RobustPrompt-T Loss 0.0478  
Epoch 117 |  Time(s) 0.0125 | RobustPrompt-T Loss 0.0562  
Epoch 118 |  Time(s) 0.0130 | RobustPrompt-T Loss 0.0551  
Epoch 119 |  Time(s) 0.0124 | RobustPrompt-T Loss 0.0477  
Epoch 120 |  Time(s) 0.0128 | RobustPrompt-T Loss 0.0525  
Epoch 121 |  Time(s) 0.0127 | RobustPrompt-T Loss 0.0526  
Epoch 122 |  Time(s) 0.0133 | RobustPrompt-T Loss 0.0484  
Epoch 123 |  Time(s) 0.0127 | RobustPrompt-T Loss 0.0488  
Epoch 124 |  Time(s) 0.0121 | RobustPrompt-T Loss 0.0558  
Epoch 125 |  Time(s) 0.0126 | RobustPrompt-T Loss 0.0472  
Epoch 126 |  Time(s) 0.0122 | RobustPrompt-T Loss 0.0447  
Epoch 127 |  Time(s) 0.0123 | RobustPrompt-T Loss 0.0493  
Epoch 128 |  Time(s) 0.0125 | RobustPrompt-T Loss 0.0429  
Epoch 129 |  Time(s) 0.0123 | RobustPrompt-T Loss 0.0434  
Epoch 130 |  Time(s) 0.0119 | RobustPrompt-T Loss 0.0446  
Epoch 131 |  Time(s) 0.0121 | RobustPrompt-T Loss 0.0364  
Epoch 132 |  Time(s) 0.0119 | RobustPrompt-T Loss 0.0519  
Epoch 133 |  Time(s) 0.0115 | RobustPrompt-T Loss 0.0654  
Epoch 134 |  Time(s) 0.0123 | RobustPrompt-T Loss 0.0428  
Epoch 135 |  Time(s) 0.0122 | RobustPrompt-T Loss 0.0440  
Epoch 136 |  Time(s) 0.0125 | RobustPrompt-T Loss 0.0514  
Epoch 137 |  Time(s) 0.0120 | RobustPrompt-T Loss 0.0401  
Epoch 138 |  Time(s) 0.0123 | RobustPrompt-T Loss 0.0505  
Epoch 139 |  Time(s) 0.0124 | RobustPrompt-T Loss 0.0523  
Epoch 140 |  Time(s) 0.0120 | RobustPrompt-T Loss 0.0355  
Epoch 141 |  Time(s) 0.0124 | RobustPrompt-T Loss 0.0459  
Epoch 142 |  Time(s) 0.0123 | RobustPrompt-T Loss 0.0503  
Epoch 143 |  Time(s) 0.0122 | RobustPrompt-T Loss 0.0345  
Epoch 144 |  Time(s) 0.0126 | RobustPrompt-T Loss 0.0428  
Epoch 145 |  Time(s) 0.0123 | RobustPrompt-T Loss 0.0391  
Epoch 146 |  Time(s) 0.0127 | RobustPrompt-T Loss 0.0333  
Epoch 147 |  Time(s) 0.0123 | RobustPrompt-T Loss 0.0475  
Epoch 148 |  Time(s) 0.0126 | RobustPrompt-T Loss 0.0346  
Epoch 149 |  Time(s) 0.0124 | RobustPrompt-T Loss 0.0324  
Epoch 150 |  Time(s) 0.0127 | RobustPrompt-T Loss 0.0301  
Epoch 151 |  Time(s) 0.0123 | RobustPrompt-T Loss 0.0358  
Epoch 152 |  Time(s) 0.0126 | RobustPrompt-T Loss 0.0339  
Epoch 153 |  Time(s) 0.0124 | RobustPrompt-T Loss 0.0294  
Epoch 154 |  Time(s) 0.0126 | RobustPrompt-T Loss 0.0434  
Epoch 155 |  Time(s) 0.0124 | RobustPrompt-T Loss 0.0362  
Epoch 156 |  Time(s) 0.0126 | RobustPrompt-T Loss 0.0312  
Epoch 157 |  Time(s) 0.0125 | RobustPrompt-T Loss 0.0439  
Epoch 158 |  Time(s) 0.0127 | RobustPrompt-T Loss 0.0266  
Epoch 159 |  Time(s) 0.0124 | RobustPrompt-T Loss 0.0372  
Epoch 160 |  Time(s) 0.0126 | RobustPrompt-T Loss 0.0313  
Epoch 161 |  Time(s) 0.0124 | RobustPrompt-T Loss 0.0364  
Epoch 162 |  Time(s) 0.0125 | RobustPrompt-T Loss 0.0388  
Epoch 163 |  Time(s) 0.0125 | RobustPrompt-T Loss 0.0294  
Epoch 164 |  Time(s) 0.0126 | RobustPrompt-T Loss 0.0309  
Epoch 165 |  Time(s) 0.0124 | RobustPrompt-T Loss 0.0316  
Epoch 166 |  Time(s) 0.0126 | RobustPrompt-T Loss 0.0248  
Epoch 167 |  Time(s) 0.0125 | RobustPrompt-T Loss 0.0301  
Epoch 168 |  Time(s) 0.0126 | RobustPrompt-T Loss 0.0261  
Epoch 169 |  Time(s) 0.0124 | RobustPrompt-T Loss 0.0323  
Epoch 170 |  Time(s) 0.0126 | RobustPrompt-T Loss 0.0242  
Epoch 171 |  Time(s) 0.0124 | RobustPrompt-T Loss 0.0292  
Epoch 172 |  Time(s) 0.0127 | RobustPrompt-T Loss 0.0266  
Epoch 173 |  Time(s) 0.0125 | RobustPrompt-T Loss 0.0331  
Epoch 174 |  Time(s) 0.0126 | RobustPrompt-T Loss 0.0254  
Epoch 175 |  Time(s) 0.0124 | RobustPrompt-T Loss 0.0301  
Epoch 176 |  Time(s) 0.0126 | RobustPrompt-T Loss 0.0357  
Epoch 177 |  Time(s) 0.0124 | RobustPrompt-T Loss 0.0310  
Epoch 178 |  Time(s) 0.0128 | RobustPrompt-T Loss 0.0292  
Epoch 179 |  Time(s) 0.0127 | RobustPrompt-T Loss 0.0278  
Epoch 180 |  Time(s) 0.0124 | RobustPrompt-T Loss 0.0334  
Epoch 181 |  Time(s) 0.0127 | RobustPrompt-T Loss 0.0363  
Epoch 182 |  Time(s) 0.0124 | RobustPrompt-T Loss 0.0303  
Epoch 183 |  Time(s) 0.0126 | RobustPrompt-T Loss 0.0297  
Epoch 184 |  Time(s) 0.0122 | RobustPrompt-T Loss 0.0326  
Epoch 185 |  Time(s) 0.0127 | RobustPrompt-T Loss 0.0385  
Epoch 186 |  Time(s) 0.0123 | RobustPrompt-T Loss 0.0384  
Epoch 187 |  Time(s) 0.0127 | RobustPrompt-T Loss 0.0356  
Epoch 188 |  Time(s) 0.0124 | RobustPrompt-T Loss 0.0327  
Epoch 189 |  Time(s) 0.0127 | RobustPrompt-T Loss 0.0455  
----------------------------------------------------------------------------------------------------
Early stopping at 190 eopch!
Final True Accuracy: 0.1877 | Macro F1 Score: 0.1402
best_loss [tensor(0.0266, device='cuda:0', grad_fn=<AddBackward0>)]
load LLC or attacked data with specified split
Successfully loaded the attack of dataname with few shot 5, split 1
Attack method : Meta_Self | Attack ptb : 0.1 | Dataset: Cora
======================
Number of graphs: 1
Number of features: 1433
Number of classes: 7

Data(x=[2708, 1433], edge_index=[2, 14378], y=[2708], train_mask=[2708], val_mask=[2708], test_mask=[2708])
===========================================================================================================
Number of nodes: 2708
Number of edges: 14378
Average node degree: 5.31
Has isolated nodes: False
Has self-loops: True
Is undirected: True
GCN(
  (conv_layers): ModuleList(
    (0): GCNConv(1433, 256)
    (1): GCNConv(256, 256)
  )
)
Successfully loaded pre-trained weights!
use RobustPrompt Tranductive
defense pt dict :  {'sim_pt': -1.0, 'degree_pt': 1, 'out_detect_pt': 0.5, 'other_pt': 'all'}
use_attention :  False
cosine_constraint :  True
pt_threshold :  0.5
filter_module :  OriginalFilter
temperature :  1.0
weight_mse 0.1
weight_kl :  0.3
weight_constraint :  0.2
run RobustPrompt-T
Epoch 001 |  Time(s) 0.0124 | RobustPrompt-T Loss 1.9480  
Epoch 002 |  Time(s) 0.0122 | RobustPrompt-T Loss 1.9597  
Epoch 003 |  Time(s) 0.0129 | RobustPrompt-T Loss 1.9299  
Epoch 004 |  Time(s) 0.0128 | RobustPrompt-T Loss 1.9274  
Epoch 005 |  Time(s) 0.0126 | RobustPrompt-T Loss 1.9314  
Epoch 006 |  Time(s) 0.0124 | RobustPrompt-T Loss 1.9174  
Epoch 007 |  Time(s) 0.0122 | RobustPrompt-T Loss 1.9220  
Epoch 008 |  Time(s) 0.0126 | RobustPrompt-T Loss 1.9094  
Epoch 009 |  Time(s) 0.0125 | RobustPrompt-T Loss 1.9105  
Epoch 010 |  Time(s) 0.0126 | RobustPrompt-T Loss 1.9017  
Epoch 011 |  Time(s) 0.0124 | RobustPrompt-T Loss 1.8953  
Epoch 012 |  Time(s) 0.0125 | RobustPrompt-T Loss 1.9041  
Epoch 013 |  Time(s) 0.0133 | RobustPrompt-T Loss 1.8903  
Epoch 014 |  Time(s) 0.0120 | RobustPrompt-T Loss 1.8722  
Epoch 015 |  Time(s) 0.0121 | RobustPrompt-T Loss 1.8674  
Epoch 016 |  Time(s) 0.0121 | RobustPrompt-T Loss 1.9292  
Epoch 017 |  Time(s) 0.0122 | RobustPrompt-T Loss 1.9090  
Epoch 018 |  Time(s) 0.0126 | RobustPrompt-T Loss 1.8363  
Epoch 019 |  Time(s) 0.0123 | RobustPrompt-T Loss 1.8971  
Epoch 020 |  Time(s) 0.0121 | RobustPrompt-T Loss 1.8245  
Epoch 021 |  Time(s) 0.0126 | RobustPrompt-T Loss 1.8741  
Epoch 022 |  Time(s) 0.0123 | RobustPrompt-T Loss 1.8045  
Epoch 023 |  Time(s) 0.0126 | RobustPrompt-T Loss 1.8556  
Epoch 024 |  Time(s) 0.0123 | RobustPrompt-T Loss 1.7813  
Epoch 025 |  Time(s) 0.0122 | RobustPrompt-T Loss 1.8086  
Epoch 026 |  Time(s) 0.0126 | RobustPrompt-T Loss 1.7684  
Epoch 027 |  Time(s) 0.0124 | RobustPrompt-T Loss 1.7380  
Epoch 028 |  Time(s) 0.0126 | RobustPrompt-T Loss 1.7515  
Epoch 029 |  Time(s) 0.0123 | RobustPrompt-T Loss 1.6767  
Epoch 030 |  Time(s) 0.0126 | RobustPrompt-T Loss 1.6735  
Epoch 031 |  Time(s) 0.0123 | RobustPrompt-T Loss 1.7159  
Epoch 032 |  Time(s) 0.0127 | RobustPrompt-T Loss 1.5737  
Epoch 033 |  Time(s) 0.0125 | RobustPrompt-T Loss 1.8248  
Epoch 034 |  Time(s) 0.0126 | RobustPrompt-T Loss 1.6582  
Epoch 035 |  Time(s) 0.0124 | RobustPrompt-T Loss 1.6489  
Epoch 036 |  Time(s) 0.0127 | RobustPrompt-T Loss 1.6594  
Epoch 037 |  Time(s) 0.0131 | RobustPrompt-T Loss 1.4901  
Epoch 038 |  Time(s) 0.0130 | RobustPrompt-T Loss 1.5241  
Epoch 039 |  Time(s) 0.0124 | RobustPrompt-T Loss 1.5834  
Epoch 040 |  Time(s) 0.0128 | RobustPrompt-T Loss 1.3903  
Epoch 041 |  Time(s) 0.0128 | RobustPrompt-T Loss 1.5802  
Epoch 042 |  Time(s) 0.0122 | RobustPrompt-T Loss 1.6707  
Epoch 043 |  Time(s) 0.0122 | RobustPrompt-T Loss 1.4667  
Epoch 044 |  Time(s) 0.0119 | RobustPrompt-T Loss 1.2755  
Epoch 045 |  Time(s) 0.0123 | RobustPrompt-T Loss 1.3184  
Epoch 046 |  Time(s) 0.0135 | RobustPrompt-T Loss 1.3543  
Epoch 047 |  Time(s) 0.0128 | RobustPrompt-T Loss 1.4758  
Epoch 048 |  Time(s) 0.0133 | RobustPrompt-T Loss 1.3120  
Epoch 049 |  Time(s) 0.0126 | RobustPrompt-T Loss 1.2287  
Epoch 050 |  Time(s) 0.0128 | RobustPrompt-T Loss 1.2000  
Epoch 051 |  Time(s) 0.0127 | RobustPrompt-T Loss 1.1401  
Epoch 052 |  Time(s) 0.0127 | RobustPrompt-T Loss 1.1359  
Epoch 053 |  Time(s) 0.0130 | RobustPrompt-T Loss 1.2096  
Epoch 054 |  Time(s) 0.0128 | RobustPrompt-T Loss 1.1724  
Epoch 055 |  Time(s) 0.0124 | RobustPrompt-T Loss 1.1077  
Epoch 056 |  Time(s) 0.0124 | RobustPrompt-T Loss 1.0731  
Epoch 057 |  Time(s) 0.0125 | RobustPrompt-T Loss 1.0785  
Epoch 058 |  Time(s) 0.0131 | RobustPrompt-T Loss 1.0462  
Epoch 059 |  Time(s) 0.0128 | RobustPrompt-T Loss 1.0568  
Epoch 060 |  Time(s) 0.0132 | RobustPrompt-T Loss 1.0347  
Epoch 061 |  Time(s) 0.0128 | RobustPrompt-T Loss 0.9947  
Epoch 062 |  Time(s) 0.0122 | RobustPrompt-T Loss 0.9678  
Epoch 063 |  Time(s) 0.0127 | RobustPrompt-T Loss 0.9903  
Epoch 064 |  Time(s) 0.0132 | RobustPrompt-T Loss 0.9609  
Epoch 065 |  Time(s) 0.0129 | RobustPrompt-T Loss 0.9243  
Epoch 066 |  Time(s) 0.0130 | RobustPrompt-T Loss 0.9002  
Epoch 067 |  Time(s) 0.0129 | RobustPrompt-T Loss 0.9238  
Epoch 068 |  Time(s) 0.0124 | RobustPrompt-T Loss 0.9005  
Epoch 069 |  Time(s) 0.0132 | RobustPrompt-T Loss 0.8807  
Epoch 070 |  Time(s) 0.0129 | RobustPrompt-T Loss 0.8500  
Epoch 071 |  Time(s) 0.0129 | RobustPrompt-T Loss 0.8647  
Epoch 072 |  Time(s) 0.0127 | RobustPrompt-T Loss 0.8433  
Epoch 073 |  Time(s) 0.0124 | RobustPrompt-T Loss 0.8243  
Epoch 074 |  Time(s) 0.0126 | RobustPrompt-T Loss 0.8014  
Epoch 075 |  Time(s) 0.0124 | RobustPrompt-T Loss 0.8225  
Epoch 076 |  Time(s) 0.0127 | RobustPrompt-T Loss 0.8023  
Epoch 077 |  Time(s) 0.0127 | RobustPrompt-T Loss 0.7701  
Epoch 078 |  Time(s) 0.0125 | RobustPrompt-T Loss 0.7458  
Epoch 079 |  Time(s) 0.0131 | RobustPrompt-T Loss 0.7826  
Epoch 080 |  Time(s) 0.0129 | RobustPrompt-T Loss 0.7623  
Epoch 081 |  Time(s) 0.0132 | RobustPrompt-T Loss 0.7320  
Epoch 082 |  Time(s) 0.0129 | RobustPrompt-T Loss 0.7104  
Epoch 083 |  Time(s) 0.0132 | RobustPrompt-T Loss 0.7472  
Epoch 084 |  Time(s) 0.0127 | RobustPrompt-T Loss 0.7298  
Epoch 085 |  Time(s) 0.0129 | RobustPrompt-T Loss 0.6825  
Epoch 086 |  Time(s) 0.0132 | RobustPrompt-T Loss 0.6695  
Epoch 087 |  Time(s) 0.0127 | RobustPrompt-T Loss 0.7084  
Epoch 088 |  Time(s) 0.0132 | RobustPrompt-T Loss 0.6885  
Epoch 089 |  Time(s) 0.0131 | RobustPrompt-T Loss 0.6441  
Epoch 090 |  Time(s) 0.0132 | RobustPrompt-T Loss 0.6300  
Epoch 091 |  Time(s) 0.0128 | RobustPrompt-T Loss 0.6704  
Epoch 092 |  Time(s) 0.0134 | RobustPrompt-T Loss 0.6523  
Epoch 093 |  Time(s) 0.0129 | RobustPrompt-T Loss 0.6186  
Epoch 094 |  Time(s) 0.0118 | RobustPrompt-T Loss 0.5970  
Epoch 095 |  Time(s) 0.0125 | RobustPrompt-T Loss 0.6389  
Epoch 096 |  Time(s) 0.0125 | RobustPrompt-T Loss 0.6194  
Epoch 097 |  Time(s) 0.0125 | RobustPrompt-T Loss 0.5876  
Epoch 098 |  Time(s) 0.0131 | RobustPrompt-T Loss 0.5674  
Epoch 099 |  Time(s) 0.0122 | RobustPrompt-T Loss 0.6119  
Epoch 100 |  Time(s) 0.0121 | RobustPrompt-T Loss 0.5860  
Epoch 101 |  Time(s) 0.0120 | RobustPrompt-T Loss 0.5680  
Epoch 102 |  Time(s) 0.0120 | RobustPrompt-T Loss 0.5460  
Epoch 103 |  Time(s) 0.0127 | RobustPrompt-T Loss 0.5874  
Epoch 104 |  Time(s) 0.0129 | RobustPrompt-T Loss 0.5648  
Epoch 105 |  Time(s) 0.0129 | RobustPrompt-T Loss 0.5423  
Epoch 106 |  Time(s) 0.0124 | RobustPrompt-T Loss 0.5227  
Epoch 107 |  Time(s) 0.0127 | RobustPrompt-T Loss 0.5620  
Epoch 108 |  Time(s) 0.0129 | RobustPrompt-T Loss 0.5411  
Epoch 109 |  Time(s) 0.0131 | RobustPrompt-T Loss 0.5180  
Epoch 110 |  Time(s) 0.0129 | RobustPrompt-T Loss 0.4992  
Epoch 111 |  Time(s) 0.0130 | RobustPrompt-T Loss 0.5386  
Epoch 112 |  Time(s) 0.0130 | RobustPrompt-T Loss 0.5205  
Epoch 113 |  Time(s) 0.0129 | RobustPrompt-T Loss 0.4949  
Epoch 114 |  Time(s) 0.0130 | RobustPrompt-T Loss 0.4774  
Epoch 115 |  Time(s) 0.0125 | RobustPrompt-T Loss 0.5181  
Epoch 116 |  Time(s) 0.0128 | RobustPrompt-T Loss 0.5013  
Epoch 117 |  Time(s) 0.0128 | RobustPrompt-T Loss 0.4716  
Epoch 118 |  Time(s) 0.0130 | RobustPrompt-T Loss 0.4572  
Epoch 119 |  Time(s) 0.0129 | RobustPrompt-T Loss 0.4999  
Epoch 120 |  Time(s) 0.0126 | RobustPrompt-T Loss 0.4826  
Epoch 121 |  Time(s) 0.0127 | RobustPrompt-T Loss 0.4503  
Epoch 122 |  Time(s) 0.0130 | RobustPrompt-T Loss 0.4363  
Epoch 123 |  Time(s) 0.0129 | RobustPrompt-T Loss 0.4857  
Epoch 124 |  Time(s) 0.0130 | RobustPrompt-T Loss 0.4620  
Epoch 125 |  Time(s) 0.0130 | RobustPrompt-T Loss 0.4381  
Epoch 126 |  Time(s) 0.0129 | RobustPrompt-T Loss 0.4205  
Epoch 127 |  Time(s) 0.0126 | RobustPrompt-T Loss 0.4612  
Epoch 128 |  Time(s) 0.0127 | RobustPrompt-T Loss 0.4424  
Epoch 129 |  Time(s) 0.0129 | RobustPrompt-T Loss 0.4290  
Epoch 130 |  Time(s) 0.0130 | RobustPrompt-T Loss 0.4084  
Epoch 131 |  Time(s) 0.0128 | RobustPrompt-T Loss 0.4362  
Epoch 132 |  Time(s) 0.0130 | RobustPrompt-T Loss 0.4191  
Epoch 133 |  Time(s) 0.0131 | RobustPrompt-T Loss 0.4083  
Epoch 134 |  Time(s) 0.0132 | RobustPrompt-T Loss 0.3961  
Epoch 135 |  Time(s) 0.0130 | RobustPrompt-T Loss 0.4163  
Epoch 136 |  Time(s) 0.0129 | RobustPrompt-T Loss 0.3984  
Epoch 137 |  Time(s) 0.0130 | RobustPrompt-T Loss 0.3916  
Epoch 138 |  Time(s) 0.0126 | RobustPrompt-T Loss 0.3763  
Epoch 139 |  Time(s) 0.0127 | RobustPrompt-T Loss 0.3951  
Epoch 140 |  Time(s) 0.0129 | RobustPrompt-T Loss 0.3815  
Epoch 141 |  Time(s) 0.0130 | RobustPrompt-T Loss 0.3842  
Epoch 142 |  Time(s) 0.0130 | RobustPrompt-T Loss 0.3637  
Epoch 143 |  Time(s) 0.0129 | RobustPrompt-T Loss 0.3810  
Epoch 144 |  Time(s) 0.0131 | RobustPrompt-T Loss 0.3689  
Epoch 145 |  Time(s) 0.0130 | RobustPrompt-T Loss 0.3673  
Epoch 146 |  Time(s) 0.0125 | RobustPrompt-T Loss 0.3452  
Epoch 147 |  Time(s) 0.0128 | RobustPrompt-T Loss 0.3778  
Epoch 148 |  Time(s) 0.0129 | RobustPrompt-T Loss 0.3614  
Epoch 149 |  Time(s) 0.0130 | RobustPrompt-T Loss 0.3482  
Epoch 150 |  Time(s) 0.0129 | RobustPrompt-T Loss 0.3332  
Epoch 151 |  Time(s) 0.0129 | RobustPrompt-T Loss 0.3722  
Epoch 152 |  Time(s) 0.0129 | RobustPrompt-T Loss 0.3607  
Epoch 153 |  Time(s) 0.0130 | RobustPrompt-T Loss 0.3225  
Epoch 154 |  Time(s) 0.0131 | RobustPrompt-T Loss 0.3134  
Epoch 155 |  Time(s) 0.0129 | RobustPrompt-T Loss 0.3547  
Epoch 156 |  Time(s) 0.0130 | RobustPrompt-T Loss 0.3404  
Epoch 157 |  Time(s) 0.0126 | RobustPrompt-T Loss 0.3109  
Epoch 158 |  Time(s) 0.0130 | RobustPrompt-T Loss 0.3015  
Epoch 159 |  Time(s) 0.0127 | RobustPrompt-T Loss 0.3278  
Epoch 160 |  Time(s) 0.0129 | RobustPrompt-T Loss 0.3145  
Epoch 161 |  Time(s) 0.0130 | RobustPrompt-T Loss 0.2934  
Epoch 162 |  Time(s) 0.0130 | RobustPrompt-T Loss 0.2869  
Epoch 163 |  Time(s) 0.0130 | RobustPrompt-T Loss 0.3067  
Epoch 164 |  Time(s) 0.0131 | RobustPrompt-T Loss 0.2918  
Epoch 165 |  Time(s) 0.0130 | RobustPrompt-T Loss 0.2883  
Epoch 166 |  Time(s) 0.0131 | RobustPrompt-T Loss 0.2723  
Epoch 167 |  Time(s) 0.0130 | RobustPrompt-T Loss 0.2968  
Epoch 168 |  Time(s) 0.0131 | RobustPrompt-T Loss 0.2774  
Epoch 169 |  Time(s) 0.0130 | RobustPrompt-T Loss 0.2713  
Epoch 170 |  Time(s) 0.0129 | RobustPrompt-T Loss 0.2540  
Epoch 171 |  Time(s) 0.0130 | RobustPrompt-T Loss 0.2841  
Epoch 172 |  Time(s) 0.0130 | RobustPrompt-T Loss 0.2739  
Epoch 173 |  Time(s) 0.0131 | RobustPrompt-T Loss 0.2424  
Epoch 174 |  Time(s) 0.0131 | RobustPrompt-T Loss 0.2379  
Epoch 175 |  Time(s) 0.0128 | RobustPrompt-T Loss 0.2668  
Epoch 176 |  Time(s) 0.0125 | RobustPrompt-T Loss 0.2553  
Epoch 177 |  Time(s) 0.0127 | RobustPrompt-T Loss 0.2352  
Epoch 178 |  Time(s) 0.0129 | RobustPrompt-T Loss 0.2166  
Epoch 179 |  Time(s) 0.0124 | RobustPrompt-T Loss 0.2347  
Epoch 180 |  Time(s) 0.0127 | RobustPrompt-T Loss 0.2278  
Epoch 181 |  Time(s) 0.0127 | RobustPrompt-T Loss 0.2088  
Epoch 182 |  Time(s) 0.0126 | RobustPrompt-T Loss 0.2025  
Epoch 183 |  Time(s) 0.0128 | RobustPrompt-T Loss 0.2156  
Epoch 184 |  Time(s) 0.0127 | RobustPrompt-T Loss 0.2044  
Epoch 185 |  Time(s) 0.0125 | RobustPrompt-T Loss 0.2116  
Epoch 186 |  Time(s) 0.0127 | RobustPrompt-T Loss 0.1795  
Epoch 187 |  Time(s) 0.0128 | RobustPrompt-T Loss 0.1892  
Epoch 188 |  Time(s) 0.0128 | RobustPrompt-T Loss 0.1771  
Epoch 189 |  Time(s) 0.0126 | RobustPrompt-T Loss 0.1841  
Epoch 190 |  Time(s) 0.0128 | RobustPrompt-T Loss 0.1627  
Epoch 191 |  Time(s) 0.0128 | RobustPrompt-T Loss 0.1701  
Epoch 192 |  Time(s) 0.0125 | RobustPrompt-T Loss 0.1712  
Epoch 193 |  Time(s) 0.0127 | RobustPrompt-T Loss 0.1669  
Epoch 194 |  Time(s) 0.0129 | RobustPrompt-T Loss 0.1450  
Epoch 195 |  Time(s) 0.0128 | RobustPrompt-T Loss 0.1693  
Epoch 196 |  Time(s) 0.0126 | RobustPrompt-T Loss 0.1646  
Epoch 197 |  Time(s) 0.0128 | RobustPrompt-T Loss 0.1324  
Epoch 198 |  Time(s) 0.0129 | RobustPrompt-T Loss 0.1375  
Epoch 199 |  Time(s) 0.0129 | RobustPrompt-T Loss 0.1684  
Epoch 200 |  Time(s) 0.0125 | RobustPrompt-T Loss 0.1316  
Final True Accuracy: 0.1607 | Macro F1 Score: 0.1250
best_loss [tensor(0.1316, device='cuda:0', grad_fn=<AddBackward0>)]
load LLC or attacked data with specified split
Successfully loaded the attack of dataname with few shot 5, split 1
Attack method : Meta_Self | Attack ptb : 0.1 | Dataset: Cora
======================
Number of graphs: 1
Number of features: 1433
Number of classes: 7

Data(x=[2708, 1433], edge_index=[2, 14378], y=[2708], train_mask=[2708], val_mask=[2708], test_mask=[2708])
===========================================================================================================
Number of nodes: 2708
Number of edges: 14378
Average node degree: 5.31
Has isolated nodes: False
Has self-loops: True
Is undirected: True
GCN(
  (conv_layers): ModuleList(
    (0): GCNConv(1433, 256)
    (1): GCNConv(256, 256)
  )
)
Successfully loaded pre-trained weights!
use RobustPrompt Tranductive
defense pt dict :  {'sim_pt': -1.0, 'degree_pt': 1, 'out_detect_pt': 0.5, 'other_pt': 'all'}
use_attention :  False
cosine_constraint :  True
pt_threshold :  0.5
filter_module :  OriginalFilter
temperature :  1.0
weight_mse 0.1
weight_kl :  0.3
weight_constraint :  0.2
run RobustPrompt-T
Epoch 001 |  Time(s) 0.0135 | RobustPrompt-T Loss 1.9461  
Epoch 002 |  Time(s) 0.0131 | RobustPrompt-T Loss 1.9603  
Epoch 003 |  Time(s) 0.0130 | RobustPrompt-T Loss 1.9632  
Epoch 004 |  Time(s) 0.0128 | RobustPrompt-T Loss 1.9236  
Epoch 005 |  Time(s) 0.0130 | RobustPrompt-T Loss 1.9216  
Epoch 006 |  Time(s) 0.0129 | RobustPrompt-T Loss 1.9236  
Epoch 007 |  Time(s) 0.0126 | RobustPrompt-T Loss 1.9223  
Epoch 008 |  Time(s) 0.0128 | RobustPrompt-T Loss 1.9146  
Epoch 009 |  Time(s) 0.0128 | RobustPrompt-T Loss 1.9041  
Epoch 010 |  Time(s) 0.0129 | RobustPrompt-T Loss 1.9049  
Epoch 011 |  Time(s) 0.0128 | RobustPrompt-T Loss 1.9285  
Epoch 012 |  Time(s) 0.0126 | RobustPrompt-T Loss 1.9006  
Epoch 013 |  Time(s) 0.0128 | RobustPrompt-T Loss 1.8870  
Epoch 014 |  Time(s) 0.0126 | RobustPrompt-T Loss 1.9062  
Epoch 015 |  Time(s) 0.0126 | RobustPrompt-T Loss 1.8738  
Epoch 016 |  Time(s) 0.0127 | RobustPrompt-T Loss 1.8920  
Epoch 017 |  Time(s) 0.0130 | RobustPrompt-T Loss 1.8651  
Epoch 018 |  Time(s) 0.0129 | RobustPrompt-T Loss 1.8602  
Epoch 019 |  Time(s) 0.0129 | RobustPrompt-T Loss 1.8613  
Epoch 020 |  Time(s) 0.0126 | RobustPrompt-T Loss 1.8274  
Epoch 021 |  Time(s) 0.0128 | RobustPrompt-T Loss 1.8268  
Epoch 022 |  Time(s) 0.0128 | RobustPrompt-T Loss 1.8551  
Epoch 023 |  Time(s) 0.0129 | RobustPrompt-T Loss 1.8108  
Epoch 024 |  Time(s) 0.0131 | RobustPrompt-T Loss 1.7753  
Epoch 025 |  Time(s) 0.0124 | RobustPrompt-T Loss 1.7429  
Epoch 026 |  Time(s) 0.0127 | RobustPrompt-T Loss 1.7493  
Epoch 027 |  Time(s) 0.0128 | RobustPrompt-T Loss 1.7691  
Epoch 028 |  Time(s) 0.0130 | RobustPrompt-T Loss 1.6767  
Epoch 029 |  Time(s) 0.0129 | RobustPrompt-T Loss 1.6278  
Epoch 030 |  Time(s) 0.0125 | RobustPrompt-T Loss 1.6368  
Epoch 031 |  Time(s) 0.0128 | RobustPrompt-T Loss 1.7570  
Epoch 032 |  Time(s) 0.0129 | RobustPrompt-T Loss 1.5917  
Epoch 033 |  Time(s) 0.0128 | RobustPrompt-T Loss 1.8117  
Epoch 034 |  Time(s) 0.0126 | RobustPrompt-T Loss 1.7950  
Epoch 035 |  Time(s) 0.0127 | RobustPrompt-T Loss 1.6270  
Epoch 036 |  Time(s) 0.0128 | RobustPrompt-T Loss 1.5442  
Epoch 037 |  Time(s) 0.0129 | RobustPrompt-T Loss 1.6186  
Epoch 038 |  Time(s) 0.0130 | RobustPrompt-T Loss 1.6024  
Epoch 039 |  Time(s) 0.0126 | RobustPrompt-T Loss 1.4795  
Epoch 040 |  Time(s) 0.0127 | RobustPrompt-T Loss 1.4360  
Epoch 041 |  Time(s) 0.0129 | RobustPrompt-T Loss 1.5737  
Epoch 042 |  Time(s) 0.0130 | RobustPrompt-T Loss 1.5570  
Epoch 043 |  Time(s) 0.0129 | RobustPrompt-T Loss 1.3869  
Epoch 044 |  Time(s) 0.0129 | RobustPrompt-T Loss 1.4457  
Epoch 045 |  Time(s) 0.0131 | RobustPrompt-T Loss 1.3530  
Epoch 046 |  Time(s) 0.0129 | RobustPrompt-T Loss 1.3989  
Epoch 047 |  Time(s) 0.0127 | RobustPrompt-T Loss 1.3314  
Epoch 048 |  Time(s) 0.0129 | RobustPrompt-T Loss 1.3227  
Epoch 049 |  Time(s) 0.0129 | RobustPrompt-T Loss 1.3217  
Epoch 050 |  Time(s) 0.0130 | RobustPrompt-T Loss 1.2683  
Epoch 051 |  Time(s) 0.0130 | RobustPrompt-T Loss 1.2614  
Epoch 052 |  Time(s) 0.0131 | RobustPrompt-T Loss 1.2756  
Epoch 053 |  Time(s) 0.0127 | RobustPrompt-T Loss 1.2077  
Epoch 054 |  Time(s) 0.0129 | RobustPrompt-T Loss 1.2385  
Epoch 055 |  Time(s) 0.0130 | RobustPrompt-T Loss 1.1564  
Epoch 056 |  Time(s) 0.0132 | RobustPrompt-T Loss 1.1403  
Epoch 057 |  Time(s) 0.0130 | RobustPrompt-T Loss 1.1413  
Epoch 058 |  Time(s) 0.0127 | RobustPrompt-T Loss 1.1302  
Epoch 059 |  Time(s) 0.0126 | RobustPrompt-T Loss 1.0980  
Epoch 060 |  Time(s) 0.0126 | RobustPrompt-T Loss 1.0607  
Epoch 061 |  Time(s) 0.0132 | RobustPrompt-T Loss 1.0772  
Epoch 062 |  Time(s) 0.0127 | RobustPrompt-T Loss 0.9983  
Epoch 063 |  Time(s) 0.0131 | RobustPrompt-T Loss 0.9981  
Epoch 064 |  Time(s) 0.0131 | RobustPrompt-T Loss 0.9732  
Epoch 065 |  Time(s) 0.0130 | RobustPrompt-T Loss 0.9707  
Epoch 066 |  Time(s) 0.0131 | RobustPrompt-T Loss 0.9027  
Epoch 067 |  Time(s) 0.0130 | RobustPrompt-T Loss 0.9075  
Epoch 068 |  Time(s) 0.0131 | RobustPrompt-T Loss 0.9884  
Epoch 069 |  Time(s) 0.0130 | RobustPrompt-T Loss 0.8774  
Epoch 070 |  Time(s) 0.0130 | RobustPrompt-T Loss 1.0620  
Epoch 071 |  Time(s) 0.0131 | RobustPrompt-T Loss 1.1119  
Epoch 072 |  Time(s) 0.0131 | RobustPrompt-T Loss 0.8687  
Epoch 073 |  Time(s) 0.0130 | RobustPrompt-T Loss 0.8725  
Epoch 074 |  Time(s) 0.0129 | RobustPrompt-T Loss 0.8616  
Epoch 075 |  Time(s) 0.0130 | RobustPrompt-T Loss 0.8100  
Epoch 076 |  Time(s) 0.0128 | RobustPrompt-T Loss 0.8165  
Epoch 077 |  Time(s) 0.0131 | RobustPrompt-T Loss 0.8031  
Epoch 078 |  Time(s) 0.0131 | RobustPrompt-T Loss 0.7205  
Epoch 079 |  Time(s) 0.0129 | RobustPrompt-T Loss 0.7889  
Epoch 080 |  Time(s) 0.0131 | RobustPrompt-T Loss 0.7030  
Epoch 081 |  Time(s) 0.0129 | RobustPrompt-T Loss 0.8666  
Epoch 082 |  Time(s) 0.0131 | RobustPrompt-T Loss 0.8384  
Epoch 083 |  Time(s) 0.0130 | RobustPrompt-T Loss 0.6925  
Epoch 084 |  Time(s) 0.0130 | RobustPrompt-T Loss 0.7751  
Epoch 085 |  Time(s) 0.0129 | RobustPrompt-T Loss 0.6806  
Epoch 086 |  Time(s) 0.0129 | RobustPrompt-T Loss 0.8591  
Epoch 087 |  Time(s) 0.0130 | RobustPrompt-T Loss 0.8668  
Epoch 088 |  Time(s) 0.0131 | RobustPrompt-T Loss 0.8116  
Epoch 089 |  Time(s) 0.0130 | RobustPrompt-T Loss 0.6770  
Epoch 090 |  Time(s) 0.0130 | RobustPrompt-T Loss 0.7688  
Epoch 091 |  Time(s) 0.0130 | RobustPrompt-T Loss 0.8084  
Epoch 092 |  Time(s) 0.0130 | RobustPrompt-T Loss 0.7309  
Epoch 093 |  Time(s) 0.0132 | RobustPrompt-T Loss 0.6973  
Epoch 094 |  Time(s) 0.0130 | RobustPrompt-T Loss 0.6719  
Epoch 095 |  Time(s) 0.0130 | RobustPrompt-T Loss 0.6841  
Epoch 096 |  Time(s) 0.0130 | RobustPrompt-T Loss 0.7077  
Epoch 097 |  Time(s) 0.0130 | RobustPrompt-T Loss 0.6262  
Epoch 098 |  Time(s) 0.0129 | RobustPrompt-T Loss 0.8010  
Epoch 099 |  Time(s) 0.0130 | RobustPrompt-T Loss 0.8646  
Epoch 100 |  Time(s) 0.0129 | RobustPrompt-T Loss 0.6336  
Epoch 101 |  Time(s) 0.0130 | RobustPrompt-T Loss 0.6339  
Epoch 102 |  Time(s) 0.0126 | RobustPrompt-T Loss 0.6784  
Epoch 103 |  Time(s) 0.0132 | RobustPrompt-T Loss 0.6406  
Epoch 104 |  Time(s) 0.0131 | RobustPrompt-T Loss 0.7569  
Epoch 105 |  Time(s) 0.0130 | RobustPrompt-T Loss 0.6962  
Epoch 106 |  Time(s) 0.0131 | RobustPrompt-T Loss 0.5921  
Epoch 107 |  Time(s) 0.0130 | RobustPrompt-T Loss 0.6003  
Epoch 108 |  Time(s) 0.0131 | RobustPrompt-T Loss 0.6398  
Epoch 109 |  Time(s) 0.0129 | RobustPrompt-T Loss 0.6063  
Epoch 110 |  Time(s) 0.0129 | RobustPrompt-T Loss 0.6347  
Epoch 111 |  Time(s) 0.0130 | RobustPrompt-T Loss 0.6137  
Epoch 112 |  Time(s) 0.0131 | RobustPrompt-T Loss 0.5917  
Epoch 113 |  Time(s) 0.0132 | RobustPrompt-T Loss 0.5513  
Epoch 114 |  Time(s) 0.0141 | RobustPrompt-T Loss 0.6761  
Epoch 115 |  Time(s) 0.0128 | RobustPrompt-T Loss 0.6823  
Epoch 116 |  Time(s) 0.0132 | RobustPrompt-T Loss 0.5327  
Epoch 117 |  Time(s) 0.0131 | RobustPrompt-T Loss 0.5447  
Epoch 118 |  Time(s) 0.0130 | RobustPrompt-T Loss 0.6131  
Epoch 119 |  Time(s) 0.0126 | RobustPrompt-T Loss 0.5675  
Epoch 120 |  Time(s) 0.0124 | RobustPrompt-T Loss 0.5969  
Epoch 121 |  Time(s) 0.0130 | RobustPrompt-T Loss 0.5903  
Epoch 122 |  Time(s) 0.0129 | RobustPrompt-T Loss 0.5277  
Epoch 123 |  Time(s) 0.0119 | RobustPrompt-T Loss 0.5071  
Epoch 124 |  Time(s) 0.0126 | RobustPrompt-T Loss 0.5833  
Epoch 125 |  Time(s) 0.0127 | RobustPrompt-T Loss 0.5500  
Epoch 126 |  Time(s) 0.0125 | RobustPrompt-T Loss 0.5224  
Epoch 127 |  Time(s) 0.0121 | RobustPrompt-T Loss 0.5063  
Epoch 128 |  Time(s) 0.0120 | RobustPrompt-T Loss 0.5366  
Epoch 129 |  Time(s) 0.0118 | RobustPrompt-T Loss 0.5142  
Epoch 130 |  Time(s) 0.0122 | RobustPrompt-T Loss 0.5284  
Epoch 131 |  Time(s) 0.0127 | RobustPrompt-T Loss 0.5142  
Epoch 132 |  Time(s) 0.0124 | RobustPrompt-T Loss 0.5034  
Epoch 133 |  Time(s) 0.0123 | RobustPrompt-T Loss 0.4860  
Epoch 134 |  Time(s) 0.0127 | RobustPrompt-T Loss 0.5338  
Epoch 135 |  Time(s) 0.0127 | RobustPrompt-T Loss 0.5237  
Epoch 136 |  Time(s) 0.0125 | RobustPrompt-T Loss 0.4719  
Epoch 137 |  Time(s) 0.0126 | RobustPrompt-T Loss 0.4624  
Epoch 138 |  Time(s) 0.0131 | RobustPrompt-T Loss 0.5264  
Epoch 139 |  Time(s) 0.0121 | RobustPrompt-T Loss 0.5017  
Epoch 140 |  Time(s) 0.0122 | RobustPrompt-T Loss 0.4758  
Epoch 141 |  Time(s) 0.0126 | RobustPrompt-T Loss 0.4513  
Epoch 142 |  Time(s) 0.0123 | RobustPrompt-T Loss 0.5126  
Epoch 143 |  Time(s) 0.0123 | RobustPrompt-T Loss 0.4900  
Epoch 144 |  Time(s) 0.0129 | RobustPrompt-T Loss 0.4560  
Epoch 145 |  Time(s) 0.0127 | RobustPrompt-T Loss 0.4413  
Epoch 146 |  Time(s) 0.0123 | RobustPrompt-T Loss 0.4812  
Epoch 147 |  Time(s) 0.0125 | RobustPrompt-T Loss 0.4559  
Epoch 148 |  Time(s) 0.0123 | RobustPrompt-T Loss 0.4509  
Epoch 149 |  Time(s) 0.0120 | RobustPrompt-T Loss 0.4422  
Epoch 150 |  Time(s) 0.0125 | RobustPrompt-T Loss 0.4606  
Epoch 151 |  Time(s) 0.0122 | RobustPrompt-T Loss 0.4366  
Epoch 152 |  Time(s) 0.0124 | RobustPrompt-T Loss 0.4448  
Epoch 153 |  Time(s) 0.0122 | RobustPrompt-T Loss 0.4300  
Epoch 154 |  Time(s) 0.0126 | RobustPrompt-T Loss 0.4405  
Epoch 155 |  Time(s) 0.0120 | RobustPrompt-T Loss 0.4223  
Epoch 156 |  Time(s) 0.0127 | RobustPrompt-T Loss 0.4315  
Epoch 157 |  Time(s) 0.0124 | RobustPrompt-T Loss 0.4126  
Epoch 158 |  Time(s) 0.0127 | RobustPrompt-T Loss 0.4276  
Epoch 159 |  Time(s) 0.0124 | RobustPrompt-T Loss 0.4165  
Epoch 160 |  Time(s) 0.0127 | RobustPrompt-T Loss 0.4090  
Epoch 161 |  Time(s) 0.0127 | RobustPrompt-T Loss 0.3895  
Epoch 162 |  Time(s) 0.0124 | RobustPrompt-T Loss 0.4199  
Epoch 163 |  Time(s) 0.0128 | RobustPrompt-T Loss 0.4031  
Epoch 164 |  Time(s) 0.0126 | RobustPrompt-T Loss 0.4059  
Epoch 165 |  Time(s) 0.0128 | RobustPrompt-T Loss 0.3825  
Epoch 166 |  Time(s) 0.0133 | RobustPrompt-T Loss 0.4179  
Epoch 167 |  Time(s) 0.0121 | RobustPrompt-T Loss 0.3992  
Epoch 168 |  Time(s) 0.0126 | RobustPrompt-T Loss 0.3977  
Epoch 169 |  Time(s) 0.0131 | RobustPrompt-T Loss 0.3794  
Epoch 170 |  Time(s) 0.0130 | RobustPrompt-T Loss 0.3968  
Epoch 171 |  Time(s) 0.0123 | RobustPrompt-T Loss 0.3952  
Epoch 172 |  Time(s) 0.0125 | RobustPrompt-T Loss 0.3567  
Epoch 173 |  Time(s) 0.0129 | RobustPrompt-T Loss 0.3447  
Epoch 174 |  Time(s) 0.0126 | RobustPrompt-T Loss 0.3914  
Epoch 175 |  Time(s) 0.0124 | RobustPrompt-T Loss 0.3826  
Epoch 176 |  Time(s) 0.0122 | RobustPrompt-T Loss 0.3343  
Epoch 177 |  Time(s) 0.0124 | RobustPrompt-T Loss 0.3291  
Epoch 178 |  Time(s) 0.0124 | RobustPrompt-T Loss 0.4080  
Epoch 179 |  Time(s) 0.0123 | RobustPrompt-T Loss 0.3661  
Epoch 180 |  Time(s) 0.0132 | RobustPrompt-T Loss 0.3262  
Epoch 181 |  Time(s) 0.0130 | RobustPrompt-T Loss 0.2991  
Epoch 182 |  Time(s) 0.0120 | RobustPrompt-T Loss 0.4393  
Epoch 183 |  Time(s) 0.0124 | RobustPrompt-T Loss 0.3821  
Epoch 184 |  Time(s) 0.0124 | RobustPrompt-T Loss 0.3567  
Epoch 185 |  Time(s) 0.0122 | RobustPrompt-T Loss 0.4065  
Epoch 186 |  Time(s) 0.0129 | RobustPrompt-T Loss 0.2844  
Epoch 187 |  Time(s) 0.0129 | RobustPrompt-T Loss 0.8659  
Epoch 188 |  Time(s) 0.0129 | RobustPrompt-T Loss 0.4979  
Epoch 189 |  Time(s) 0.0122 | RobustPrompt-T Loss 0.8183  
Epoch 190 |  Time(s) 0.0126 | RobustPrompt-T Loss 0.9492  
Epoch 191 |  Time(s) 0.0124 | RobustPrompt-T Loss 0.2949  
Epoch 192 |  Time(s) 0.0127 | RobustPrompt-T Loss 0.5366  
Epoch 193 |  Time(s) 0.0129 | RobustPrompt-T Loss 0.5135  
Epoch 194 |  Time(s) 0.0121 | RobustPrompt-T Loss 0.3052  
Epoch 195 |  Time(s) 0.0123 | RobustPrompt-T Loss 0.5339  
Epoch 196 |  Time(s) 0.0121 | RobustPrompt-T Loss 0.5035  
Epoch 197 |  Time(s) 0.0121 | RobustPrompt-T Loss 0.3073  
Epoch 198 |  Time(s) 0.0120 | RobustPrompt-T Loss 0.3420  
Epoch 199 |  Time(s) 0.0120 | RobustPrompt-T Loss 0.4715  
Epoch 200 |  Time(s) 0.0125 | RobustPrompt-T Loss 0.3199  
Final True Accuracy: 0.1233 | Macro F1 Score: 0.0806
best_loss [tensor(0.3199, device='cuda:0', grad_fn=<AddBackward0>)]
load LLC or attacked data with specified split
Successfully loaded the attack of dataname with few shot 5, split 1
Attack method : Meta_Self | Attack ptb : 0.1 | Dataset: Cora
======================
Number of graphs: 1
Number of features: 1433
Number of classes: 7

Data(x=[2708, 1433], edge_index=[2, 14378], y=[2708], train_mask=[2708], val_mask=[2708], test_mask=[2708])
===========================================================================================================
Number of nodes: 2708
Number of edges: 14378
Average node degree: 5.31
Has isolated nodes: False
Has self-loops: True
Is undirected: True
GCN(
  (conv_layers): ModuleList(
    (0): GCNConv(1433, 256)
    (1): GCNConv(256, 256)
  )
)
Successfully loaded pre-trained weights!
use RobustPrompt Tranductive
defense pt dict :  {'sim_pt': -1.0, 'degree_pt': 1, 'out_detect_pt': 0.5, 'other_pt': 'all'}
use_attention :  False
cosine_constraint :  True
pt_threshold :  0.5
filter_module :  OriginalFilter
temperature :  1.0
weight_mse 0.1
weight_kl :  0.3
weight_constraint :  0.2
run RobustPrompt-T
Epoch 001 |  Time(s) 0.0135 | RobustPrompt-T Loss 1.9444  
Epoch 002 |  Time(s) 0.0121 | RobustPrompt-T Loss 1.9477  
Epoch 003 |  Time(s) 0.0117 | RobustPrompt-T Loss 1.9228  
Epoch 004 |  Time(s) 0.0138 | RobustPrompt-T Loss 1.9129  
Epoch 005 |  Time(s) 0.0130 | RobustPrompt-T Loss 1.9304  
Epoch 006 |  Time(s) 0.0126 | RobustPrompt-T Loss 1.8941  
Epoch 007 |  Time(s) 0.0130 | RobustPrompt-T Loss 1.9008  
Epoch 008 |  Time(s) 0.0126 | RobustPrompt-T Loss 1.8685  
Epoch 009 |  Time(s) 0.0129 | RobustPrompt-T Loss 1.9112  
Epoch 010 |  Time(s) 0.0131 | RobustPrompt-T Loss 2.0046  
Epoch 011 |  Time(s) 0.0132 | RobustPrompt-T Loss 1.8694  
Epoch 012 |  Time(s) 0.0128 | RobustPrompt-T Loss 1.9396  
Epoch 013 |  Time(s) 0.0130 | RobustPrompt-T Loss 1.8418  
Epoch 014 |  Time(s) 0.0137 | RobustPrompt-T Loss 1.9724  
Epoch 015 |  Time(s) 0.0132 | RobustPrompt-T Loss 1.8537  
Epoch 016 |  Time(s) 0.0134 | RobustPrompt-T Loss 1.8976  
Epoch 017 |  Time(s) 0.0134 | RobustPrompt-T Loss 1.9121  
Epoch 018 |  Time(s) 0.0132 | RobustPrompt-T Loss 1.8245  
Epoch 019 |  Time(s) 0.0130 | RobustPrompt-T Loss 1.8754  
Epoch 020 |  Time(s) 0.0128 | RobustPrompt-T Loss 1.8654  
Epoch 021 |  Time(s) 0.0132 | RobustPrompt-T Loss 1.8193  
Epoch 022 |  Time(s) 0.0127 | RobustPrompt-T Loss 1.8494  
Epoch 023 |  Time(s) 0.0131 | RobustPrompt-T Loss 1.8294  
Epoch 024 |  Time(s) 0.0118 | RobustPrompt-T Loss 1.8013  
Epoch 025 |  Time(s) 0.0132 | RobustPrompt-T Loss 1.8265  
Epoch 026 |  Time(s) 0.0125 | RobustPrompt-T Loss 1.7847  
Epoch 027 |  Time(s) 0.0129 | RobustPrompt-T Loss 1.7657  
Epoch 028 |  Time(s) 0.0131 | RobustPrompt-T Loss 1.7672  
Epoch 029 |  Time(s) 0.0130 | RobustPrompt-T Loss 1.7173  
Epoch 030 |  Time(s) 0.0131 | RobustPrompt-T Loss 1.7268  
Epoch 031 |  Time(s) 0.0132 | RobustPrompt-T Loss 1.6669  
Epoch 032 |  Time(s) 0.0130 | RobustPrompt-T Loss 1.6876  
Epoch 033 |  Time(s) 0.0129 | RobustPrompt-T Loss 1.6615  
Epoch 034 |  Time(s) 0.0131 | RobustPrompt-T Loss 1.7263  
Epoch 035 |  Time(s) 0.0130 | RobustPrompt-T Loss 1.5643  
Epoch 036 |  Time(s) 0.0128 | RobustPrompt-T Loss 1.7476  
Epoch 037 |  Time(s) 0.0132 | RobustPrompt-T Loss 1.7951  
Epoch 038 |  Time(s) 0.0131 | RobustPrompt-T Loss 1.5652  
Epoch 039 |  Time(s) 0.0131 | RobustPrompt-T Loss 1.5299  
Epoch 040 |  Time(s) 0.0130 | RobustPrompt-T Loss 1.6156  
Epoch 041 |  Time(s) 0.0130 | RobustPrompt-T Loss 1.5436  
Epoch 042 |  Time(s) 0.0130 | RobustPrompt-T Loss 1.3078  
Epoch 043 |  Time(s) 0.0128 | RobustPrompt-T Loss 1.3607  
Epoch 044 |  Time(s) 0.0130 | RobustPrompt-T Loss 1.3489  
Epoch 045 |  Time(s) 0.0130 | RobustPrompt-T Loss 1.2172  
Epoch 046 |  Time(s) 0.0130 | RobustPrompt-T Loss 1.4075  
Epoch 047 |  Time(s) 0.0132 | RobustPrompt-T Loss 1.1861  
Epoch 048 |  Time(s) 0.0130 | RobustPrompt-T Loss 1.5485  
Epoch 049 |  Time(s) 0.0131 | RobustPrompt-T Loss 1.6893  
Epoch 050 |  Time(s) 0.0130 | RobustPrompt-T Loss 1.1852  
Epoch 051 |  Time(s) 0.0126 | RobustPrompt-T Loss 1.6423  
Epoch 052 |  Time(s) 0.0131 | RobustPrompt-T Loss 2.0569  
Epoch 053 |  Time(s) 0.0130 | RobustPrompt-T Loss 1.5259  
Epoch 054 |  Time(s) 0.0132 | RobustPrompt-T Loss 1.1464  
Epoch 055 |  Time(s) 0.0131 | RobustPrompt-T Loss 1.2334  
Epoch 056 |  Time(s) 0.0130 | RobustPrompt-T Loss 1.2352  
Epoch 057 |  Time(s) 0.0131 | RobustPrompt-T Loss 1.1361  
Epoch 058 |  Time(s) 0.0130 | RobustPrompt-T Loss 1.1229  
Epoch 059 |  Time(s) 0.0130 | RobustPrompt-T Loss 1.1324  
Epoch 060 |  Time(s) 0.0127 | RobustPrompt-T Loss 1.0315  
Epoch 061 |  Time(s) 0.0130 | RobustPrompt-T Loss 1.0620  
Epoch 062 |  Time(s) 0.0130 | RobustPrompt-T Loss 1.0241  
Epoch 063 |  Time(s) 0.0129 | RobustPrompt-T Loss 0.9823  
Epoch 064 |  Time(s) 0.0130 | RobustPrompt-T Loss 1.0360  
Epoch 065 |  Time(s) 0.0131 | RobustPrompt-T Loss 0.9953  
Epoch 066 |  Time(s) 0.0133 | RobustPrompt-T Loss 0.9437  
Epoch 067 |  Time(s) 0.0136 | RobustPrompt-T Loss 0.9163  
Epoch 068 |  Time(s) 0.0131 | RobustPrompt-T Loss 0.9829  
Epoch 069 |  Time(s) 0.0131 | RobustPrompt-T Loss 0.9286  
Epoch 070 |  Time(s) 0.0130 | RobustPrompt-T Loss 0.8651  
Epoch 071 |  Time(s) 0.0130 | RobustPrompt-T Loss 0.8559  
Epoch 072 |  Time(s) 0.0130 | RobustPrompt-T Loss 0.9181  
Epoch 073 |  Time(s) 0.0130 | RobustPrompt-T Loss 0.8579  
Epoch 074 |  Time(s) 0.0130 | RobustPrompt-T Loss 0.8044  
Epoch 075 |  Time(s) 0.0130 | RobustPrompt-T Loss 0.7790  
Epoch 076 |  Time(s) 0.0133 | RobustPrompt-T Loss 0.8327  
Epoch 077 |  Time(s) 0.0135 | RobustPrompt-T Loss 0.7871  
Epoch 078 |  Time(s) 0.0130 | RobustPrompt-T Loss 0.7522  
Epoch 079 |  Time(s) 0.0133 | RobustPrompt-T Loss 0.7386  
Epoch 080 |  Time(s) 0.0132 | RobustPrompt-T Loss 0.7384  
Epoch 081 |  Time(s) 0.0131 | RobustPrompt-T Loss 0.7150  
Epoch 082 |  Time(s) 0.0130 | RobustPrompt-T Loss 0.6999  
Epoch 083 |  Time(s) 0.0135 | RobustPrompt-T Loss 0.6821  
Epoch 084 |  Time(s) 0.0135 | RobustPrompt-T Loss 0.6954  
Epoch 085 |  Time(s) 0.0128 | RobustPrompt-T Loss 0.6609  
Epoch 086 |  Time(s) 0.0129 | RobustPrompt-T Loss 0.6450  
Epoch 087 |  Time(s) 0.0130 | RobustPrompt-T Loss 0.6159  
Epoch 088 |  Time(s) 0.0131 | RobustPrompt-T Loss 0.6632  
Epoch 089 |  Time(s) 0.0129 | RobustPrompt-T Loss 0.6307  
Epoch 090 |  Time(s) 0.0127 | RobustPrompt-T Loss 0.5732  
Epoch 091 |  Time(s) 0.0130 | RobustPrompt-T Loss 0.5557  
Epoch 092 |  Time(s) 0.0118 | RobustPrompt-T Loss 0.6231  
Epoch 093 |  Time(s) 0.0118 | RobustPrompt-T Loss 0.5895  
Epoch 094 |  Time(s) 0.0118 | RobustPrompt-T Loss 0.5339  
Epoch 095 |  Time(s) 0.0121 | RobustPrompt-T Loss 0.5246  
Epoch 096 |  Time(s) 0.0127 | RobustPrompt-T Loss 0.5446  
Epoch 097 |  Time(s) 0.0128 | RobustPrompt-T Loss 0.5327  
Epoch 098 |  Time(s) 0.0126 | RobustPrompt-T Loss 0.5006  
Epoch 099 |  Time(s) 0.0123 | RobustPrompt-T Loss 0.5078  
Epoch 100 |  Time(s) 0.0124 | RobustPrompt-T Loss 0.4625  
Epoch 101 |  Time(s) 0.0127 | RobustPrompt-T Loss 0.4933  
Epoch 102 |  Time(s) 0.0128 | RobustPrompt-T Loss 0.4316  
Epoch 103 |  Time(s) 0.0126 | RobustPrompt-T Loss 0.4430  
Epoch 104 |  Time(s) 0.0124 | RobustPrompt-T Loss 0.3851  
Epoch 105 |  Time(s) 0.0124 | RobustPrompt-T Loss 0.4182  
Epoch 106 |  Time(s) 0.0122 | RobustPrompt-T Loss 0.3917  
Epoch 107 |  Time(s) 0.0128 | RobustPrompt-T Loss 0.3951  
Epoch 108 |  Time(s) 0.0127 | RobustPrompt-T Loss 0.3651  
Epoch 109 |  Time(s) 0.0121 | RobustPrompt-T Loss 0.3582  
Epoch 110 |  Time(s) 0.0125 | RobustPrompt-T Loss 0.3457  
Epoch 111 |  Time(s) 0.0124 | RobustPrompt-T Loss 0.3308  
Epoch 112 |  Time(s) 0.0130 | RobustPrompt-T Loss 0.3605  
Epoch 113 |  Time(s) 0.0127 | RobustPrompt-T Loss 0.3126  
Epoch 114 |  Time(s) 0.0126 | RobustPrompt-T Loss 0.3801  
Epoch 115 |  Time(s) 0.0123 | RobustPrompt-T Loss 0.3544  
Epoch 116 |  Time(s) 0.0125 | RobustPrompt-T Loss 0.3333  
Epoch 117 |  Time(s) 0.0126 | RobustPrompt-T Loss 0.4187  
Epoch 118 |  Time(s) 0.0128 | RobustPrompt-T Loss 0.3118  
Epoch 119 |  Time(s) 0.0122 | RobustPrompt-T Loss 0.2756  
Epoch 120 |  Time(s) 0.0121 | RobustPrompt-T Loss 0.3406  
Epoch 121 |  Time(s) 0.0123 | RobustPrompt-T Loss 0.2846  
Epoch 122 |  Time(s) 0.0128 | RobustPrompt-T Loss 0.3118  
Epoch 123 |  Time(s) 0.0127 | RobustPrompt-T Loss 0.3405  
Epoch 124 |  Time(s) 0.0125 | RobustPrompt-T Loss 0.3076  
Epoch 125 |  Time(s) 0.0125 | RobustPrompt-T Loss 0.2582  
Epoch 126 |  Time(s) 0.0127 | RobustPrompt-T Loss 0.2881  
Epoch 127 |  Time(s) 0.0130 | RobustPrompt-T Loss 0.2468  
Epoch 128 |  Time(s) 0.0126 | RobustPrompt-T Loss 0.3119  
Epoch 129 |  Time(s) 0.0126 | RobustPrompt-T Loss 0.3143  
Epoch 130 |  Time(s) 0.0128 | RobustPrompt-T Loss 0.2278  
Epoch 131 |  Time(s) 0.0125 | RobustPrompt-T Loss 0.2507  
Epoch 132 |  Time(s) 0.0126 | RobustPrompt-T Loss 0.2369  
Epoch 133 |  Time(s) 0.0127 | RobustPrompt-T Loss 0.2191  
Epoch 134 |  Time(s) 0.0124 | RobustPrompt-T Loss 0.2424  
Epoch 135 |  Time(s) 0.0127 | RobustPrompt-T Loss 0.2231  
Epoch 136 |  Time(s) 0.0126 | RobustPrompt-T Loss 0.1895  
Epoch 137 |  Time(s) 0.0126 | RobustPrompt-T Loss 0.1790  
Epoch 138 |  Time(s) 0.0127 | RobustPrompt-T Loss 0.1836  
Epoch 139 |  Time(s) 0.0125 | RobustPrompt-T Loss 0.1770  
Epoch 140 |  Time(s) 0.0127 | RobustPrompt-T Loss 0.1697  
Epoch 141 |  Time(s) 0.0125 | RobustPrompt-T Loss 0.1664  
Epoch 142 |  Time(s) 0.0126 | RobustPrompt-T Loss 0.1569  
Epoch 143 |  Time(s) 0.0127 | RobustPrompt-T Loss 0.1445  
Epoch 144 |  Time(s) 0.0128 | RobustPrompt-T Loss 0.1434  
Epoch 145 |  Time(s) 0.0126 | RobustPrompt-T Loss 0.1378  
Epoch 146 |  Time(s) 0.0127 | RobustPrompt-T Loss 0.1314  
Epoch 147 |  Time(s) 0.0127 | RobustPrompt-T Loss 0.1276  
Epoch 148 |  Time(s) 0.0126 | RobustPrompt-T Loss 0.1235  
Epoch 149 |  Time(s) 0.0127 | RobustPrompt-T Loss 0.1157  
Epoch 150 |  Time(s) 0.0127 | RobustPrompt-T Loss 0.1237  
Epoch 151 |  Time(s) 0.0126 | RobustPrompt-T Loss 0.1032  
Epoch 152 |  Time(s) 0.0127 | RobustPrompt-T Loss 0.1065  
Epoch 153 |  Time(s) 0.0126 | RobustPrompt-T Loss 0.1054  
Epoch 154 |  Time(s) 0.0127 | RobustPrompt-T Loss 0.0970  
Epoch 155 |  Time(s) 0.0127 | RobustPrompt-T Loss 0.0911  
Epoch 156 |  Time(s) 0.0125 | RobustPrompt-T Loss 0.0940  
Epoch 157 |  Time(s) 0.0126 | RobustPrompt-T Loss 0.0830  
Epoch 158 |  Time(s) 0.0127 | RobustPrompt-T Loss 0.0932  
Epoch 159 |  Time(s) 0.0127 | RobustPrompt-T Loss 0.0801  
Epoch 160 |  Time(s) 0.0126 | RobustPrompt-T Loss 0.0822  
Epoch 161 |  Time(s) 0.0126 | RobustPrompt-T Loss 0.0803  
Epoch 162 |  Time(s) 0.0126 | RobustPrompt-T Loss 0.0804  
Epoch 163 |  Time(s) 0.0127 | RobustPrompt-T Loss 0.0816  
Epoch 164 |  Time(s) 0.0127 | RobustPrompt-T Loss 0.0687  
Epoch 165 |  Time(s) 0.0126 | RobustPrompt-T Loss 0.0734  
Epoch 166 |  Time(s) 0.0126 | RobustPrompt-T Loss 0.0696  
Epoch 167 |  Time(s) 0.0126 | RobustPrompt-T Loss 0.0692  
Epoch 168 |  Time(s) 0.0127 | RobustPrompt-T Loss 0.0717  
Epoch 169 |  Time(s) 0.0125 | RobustPrompt-T Loss 0.0641  
Epoch 170 |  Time(s) 0.0124 | RobustPrompt-T Loss 0.0705  
Epoch 171 |  Time(s) 0.0127 | RobustPrompt-T Loss 0.0592  
Epoch 172 |  Time(s) 0.0126 | RobustPrompt-T Loss 0.0643  
Epoch 173 |  Time(s) 0.0124 | RobustPrompt-T Loss 0.0611  
Epoch 174 |  Time(s) 0.0127 | RobustPrompt-T Loss 0.0572  
Epoch 175 |  Time(s) 0.0124 | RobustPrompt-T Loss 0.0616  
Epoch 176 |  Time(s) 0.0129 | RobustPrompt-T Loss 0.0633  
Epoch 177 |  Time(s) 0.0127 | RobustPrompt-T Loss 0.0579  
Epoch 178 |  Time(s) 0.0127 | RobustPrompt-T Loss 0.0577  
Epoch 179 |  Time(s) 0.0126 | RobustPrompt-T Loss 0.0531  
Epoch 180 |  Time(s) 0.0121 | RobustPrompt-T Loss 0.0565  
Epoch 181 |  Time(s) 0.0126 | RobustPrompt-T Loss 0.0519  
Epoch 182 |  Time(s) 0.0127 | RobustPrompt-T Loss 0.0489  
Epoch 183 |  Time(s) 0.0127 | RobustPrompt-T Loss 0.0512  
Epoch 184 |  Time(s) 0.0131 | RobustPrompt-T Loss 0.0477  
Epoch 185 |  Time(s) 0.0127 | RobustPrompt-T Loss 0.0486  
Epoch 186 |  Time(s) 0.0127 | RobustPrompt-T Loss 0.0466  
Epoch 187 |  Time(s) 0.0128 | RobustPrompt-T Loss 0.0501  
Epoch 188 |  Time(s) 0.0128 | RobustPrompt-T Loss 0.0440  
Epoch 189 |  Time(s) 0.0127 | RobustPrompt-T Loss 0.0475  
Epoch 190 |  Time(s) 0.0129 | RobustPrompt-T Loss 0.0445  
Epoch 191 |  Time(s) 0.0129 | RobustPrompt-T Loss 0.0487  
Epoch 192 |  Time(s) 0.0126 | RobustPrompt-T Loss 0.0447  
Epoch 193 |  Time(s) 0.0127 | RobustPrompt-T Loss 0.0447  
Epoch 194 |  Time(s) 0.0130 | RobustPrompt-T Loss 0.0470  
Epoch 195 |  Time(s) 0.0128 | RobustPrompt-T Loss 0.0437  
Epoch 196 |  Time(s) 0.0126 | RobustPrompt-T Loss 0.0433  
Epoch 197 |  Time(s) 0.0127 | RobustPrompt-T Loss 0.0432  
Epoch 198 |  Time(s) 0.0127 | RobustPrompt-T Loss 0.0418  
Epoch 199 |  Time(s) 0.0129 | RobustPrompt-T Loss 0.0461  
Epoch 200 |  Time(s) 0.0128 | RobustPrompt-T Loss 0.0446  
Final True Accuracy: 0.1927 | Macro F1 Score: 0.1678
best_loss [tensor(0.0446, device='cuda:0', grad_fn=<AddBackward0>)]
load LLC or attacked data with specified split
Successfully loaded the attack of dataname with few shot 5, split 1
Attack method : Meta_Self | Attack ptb : 0.1 | Dataset: Cora
======================
Number of graphs: 1
Number of features: 1433
Number of classes: 7

Data(x=[2708, 1433], edge_index=[2, 14378], y=[2708], train_mask=[2708], val_mask=[2708], test_mask=[2708])
===========================================================================================================
Number of nodes: 2708
Number of edges: 14378
Average node degree: 5.31
Has isolated nodes: False
Has self-loops: True
Is undirected: True
GCN(
  (conv_layers): ModuleList(
    (0): GCNConv(1433, 256)
    (1): GCNConv(256, 256)
  )
)
Successfully loaded pre-trained weights!
use RobustPrompt Tranductive
defense pt dict :  {'sim_pt': -1.0, 'degree_pt': 1, 'out_detect_pt': 0.5, 'other_pt': 'all'}
use_attention :  False
cosine_constraint :  True
pt_threshold :  0.5
filter_module :  OriginalFilter
temperature :  1.0
weight_mse 0.1
weight_kl :  0.3
weight_constraint :  0.2
run RobustPrompt-T
Epoch 001 |  Time(s) 0.0132 | RobustPrompt-T Loss 1.9461  
Epoch 002 |  Time(s) 0.0127 | RobustPrompt-T Loss 1.9425  
Epoch 003 |  Time(s) 0.0129 | RobustPrompt-T Loss 1.9385  
Epoch 004 |  Time(s) 0.0124 | RobustPrompt-T Loss 1.9430  
Epoch 005 |  Time(s) 0.0126 | RobustPrompt-T Loss 1.9136  
Epoch 006 |  Time(s) 0.0126 | RobustPrompt-T Loss 1.9291  
Epoch 007 |  Time(s) 0.0128 | RobustPrompt-T Loss 1.9127  
Epoch 008 |  Time(s) 0.0130 | RobustPrompt-T Loss 1.9224  
Epoch 009 |  Time(s) 0.0126 | RobustPrompt-T Loss 1.9058  
Epoch 010 |  Time(s) 0.0127 | RobustPrompt-T Loss 1.9177  
Epoch 011 |  Time(s) 0.0128 | RobustPrompt-T Loss 1.8903  
Epoch 012 |  Time(s) 0.0126 | RobustPrompt-T Loss 1.9086  
Epoch 013 |  Time(s) 0.0129 | RobustPrompt-T Loss 1.8811  
Epoch 014 |  Time(s) 0.0128 | RobustPrompt-T Loss 1.8835  
Epoch 015 |  Time(s) 0.0125 | RobustPrompt-T Loss 1.8973  
Epoch 016 |  Time(s) 0.0128 | RobustPrompt-T Loss 1.8508  
Epoch 017 |  Time(s) 0.0126 | RobustPrompt-T Loss 1.9050  
Epoch 018 |  Time(s) 0.0127 | RobustPrompt-T Loss 1.9067  
Epoch 019 |  Time(s) 0.0129 | RobustPrompt-T Loss 1.8649  
Epoch 020 |  Time(s) 0.0127 | RobustPrompt-T Loss 1.8871  
Epoch 021 |  Time(s) 0.0128 | RobustPrompt-T Loss 1.8178  
Epoch 022 |  Time(s) 0.0127 | RobustPrompt-T Loss 1.8551  
Epoch 023 |  Time(s) 0.0128 | RobustPrompt-T Loss 1.8174  
Epoch 024 |  Time(s) 0.0126 | RobustPrompt-T Loss 1.8219  
Epoch 025 |  Time(s) 0.0124 | RobustPrompt-T Loss 1.7781  
Epoch 026 |  Time(s) 0.0127 | RobustPrompt-T Loss 1.7926  
Epoch 027 |  Time(s) 0.0127 | RobustPrompt-T Loss 1.7403  
Epoch 028 |  Time(s) 0.0126 | RobustPrompt-T Loss 1.7899  
Epoch 029 |  Time(s) 0.0126 | RobustPrompt-T Loss 1.6798  
Epoch 030 |  Time(s) 0.0133 | RobustPrompt-T Loss 1.7019  
Epoch 031 |  Time(s) 0.0130 | RobustPrompt-T Loss 1.6686  
Epoch 032 |  Time(s) 0.0128 | RobustPrompt-T Loss 1.5872  
Epoch 033 |  Time(s) 0.0132 | RobustPrompt-T Loss 1.5606  
Epoch 034 |  Time(s) 0.0131 | RobustPrompt-T Loss 1.5608  
Epoch 035 |  Time(s) 0.0129 | RobustPrompt-T Loss 1.4682  
Epoch 036 |  Time(s) 0.0131 | RobustPrompt-T Loss 1.5040  
Epoch 037 |  Time(s) 0.0131 | RobustPrompt-T Loss 1.4102  
Epoch 038 |  Time(s) 0.0129 | RobustPrompt-T Loss 1.3311  
Epoch 039 |  Time(s) 0.0131 | RobustPrompt-T Loss 1.4196  
Epoch 040 |  Time(s) 0.0132 | RobustPrompt-T Loss 1.2594  
Epoch 041 |  Time(s) 0.0129 | RobustPrompt-T Loss 1.2741  
Epoch 042 |  Time(s) 0.0130 | RobustPrompt-T Loss 1.2183  
Epoch 043 |  Time(s) 0.0130 | RobustPrompt-T Loss 1.3568  
Epoch 044 |  Time(s) 0.0134 | RobustPrompt-T Loss 1.1785  
Epoch 045 |  Time(s) 0.0132 | RobustPrompt-T Loss 1.4944  
Epoch 046 |  Time(s) 0.0132 | RobustPrompt-T Loss 1.5697  
Epoch 047 |  Time(s) 0.0132 | RobustPrompt-T Loss 1.0966  
Epoch 048 |  Time(s) 0.0129 | RobustPrompt-T Loss 1.2448  
Epoch 049 |  Time(s) 0.0135 | RobustPrompt-T Loss 1.3262  
Epoch 050 |  Time(s) 0.0132 | RobustPrompt-T Loss 1.2423  
Epoch 051 |  Time(s) 0.0132 | RobustPrompt-T Loss 1.0171  
Epoch 052 |  Time(s) 0.0131 | RobustPrompt-T Loss 1.4186  
Epoch 053 |  Time(s) 0.0131 | RobustPrompt-T Loss 1.5107  
Epoch 054 |  Time(s) 0.0135 | RobustPrompt-T Loss 1.0784  
Epoch 055 |  Time(s) 0.0133 | RobustPrompt-T Loss 1.4782  
Epoch 056 |  Time(s) 0.0133 | RobustPrompt-T Loss 1.6121  
Epoch 057 |  Time(s) 0.0134 | RobustPrompt-T Loss 1.3285  
Epoch 058 |  Time(s) 0.0133 | RobustPrompt-T Loss 1.5330  
Epoch 059 |  Time(s) 0.0133 | RobustPrompt-T Loss 1.5856  
Epoch 060 |  Time(s) 0.0136 | RobustPrompt-T Loss 1.1954  
Epoch 061 |  Time(s) 0.0133 | RobustPrompt-T Loss 1.2282  
Epoch 062 |  Time(s) 0.0132 | RobustPrompt-T Loss 1.5197  
Epoch 063 |  Time(s) 0.0135 | RobustPrompt-T Loss 1.2030  
Epoch 064 |  Time(s) 0.0133 | RobustPrompt-T Loss 1.1512  
Epoch 065 |  Time(s) 0.0131 | RobustPrompt-T Loss 1.2461  
Epoch 066 |  Time(s) 0.0136 | RobustPrompt-T Loss 1.0024  
Epoch 067 |  Time(s) 0.0133 | RobustPrompt-T Loss 1.2790  
Epoch 068 |  Time(s) 0.0132 | RobustPrompt-T Loss 1.5684  
Epoch 069 |  Time(s) 0.0135 | RobustPrompt-T Loss 1.1968  
Epoch 070 |  Time(s) 0.0133 | RobustPrompt-T Loss 1.0374  
Epoch 071 |  Time(s) 0.0132 | RobustPrompt-T Loss 1.1384  
Epoch 072 |  Time(s) 0.0131 | RobustPrompt-T Loss 0.9399  
Epoch 073 |  Time(s) 0.0135 | RobustPrompt-T Loss 1.1063  
Epoch 074 |  Time(s) 0.0134 | RobustPrompt-T Loss 1.3016  
Epoch 075 |  Time(s) 0.0132 | RobustPrompt-T Loss 0.9948  
Epoch 076 |  Time(s) 0.0135 | RobustPrompt-T Loss 1.0024  
Epoch 077 |  Time(s) 0.0133 | RobustPrompt-T Loss 1.1520  
Epoch 078 |  Time(s) 0.0137 | RobustPrompt-T Loss 0.9589  
Epoch 079 |  Time(s) 0.0132 | RobustPrompt-T Loss 0.9874  
Epoch 080 |  Time(s) 0.0137 | RobustPrompt-T Loss 1.1183  
Epoch 081 |  Time(s) 0.0134 | RobustPrompt-T Loss 0.9164  
Epoch 082 |  Time(s) 0.0136 | RobustPrompt-T Loss 1.0182  
Epoch 083 |  Time(s) 0.0134 | RobustPrompt-T Loss 1.1645  
Epoch 084 |  Time(s) 0.0137 | RobustPrompt-T Loss 0.9338  
Epoch 085 |  Time(s) 0.0135 | RobustPrompt-T Loss 0.9139  
Epoch 086 |  Time(s) 0.0136 | RobustPrompt-T Loss 1.0511  
Epoch 087 |  Time(s) 0.0134 | RobustPrompt-T Loss 0.8433  
Epoch 088 |  Time(s) 0.0122 | RobustPrompt-T Loss 0.9632  
Epoch 089 |  Time(s) 0.0129 | RobustPrompt-T Loss 1.0986  
Epoch 090 |  Time(s) 0.0124 | RobustPrompt-T Loss 0.8914  
Epoch 091 |  Time(s) 0.0122 | RobustPrompt-T Loss 0.8705  
Epoch 092 |  Time(s) 0.0121 | RobustPrompt-T Loss 1.0016  
Epoch 093 |  Time(s) 0.0127 | RobustPrompt-T Loss 0.8121  
Epoch 094 |  Time(s) 0.0131 | RobustPrompt-T Loss 0.9001  
Epoch 095 |  Time(s) 0.0131 | RobustPrompt-T Loss 1.0232  
Epoch 096 |  Time(s) 0.0130 | RobustPrompt-T Loss 0.8398  
Epoch 097 |  Time(s) 0.0131 | RobustPrompt-T Loss 0.8398  
Epoch 098 |  Time(s) 0.0132 | RobustPrompt-T Loss 0.9451  
Epoch 099 |  Time(s) 0.0131 | RobustPrompt-T Loss 0.7982  
Epoch 100 |  Time(s) 0.0130 | RobustPrompt-T Loss 0.8582  
Epoch 101 |  Time(s) 0.0130 | RobustPrompt-T Loss 0.9770  
Epoch 102 |  Time(s) 0.0130 | RobustPrompt-T Loss 0.8108  
Epoch 103 |  Time(s) 0.0131 | RobustPrompt-T Loss 0.7953  
Epoch 104 |  Time(s) 0.0130 | RobustPrompt-T Loss 0.9149  
Epoch 105 |  Time(s) 0.0130 | RobustPrompt-T Loss 0.7746  
Epoch 106 |  Time(s) 0.0134 | RobustPrompt-T Loss 0.8249  
Epoch 107 |  Time(s) 0.0133 | RobustPrompt-T Loss 0.9579  
Epoch 108 |  Time(s) 0.0123 | RobustPrompt-T Loss 0.7655  
Epoch 109 |  Time(s) 0.0126 | RobustPrompt-T Loss 0.7798  
Epoch 110 |  Time(s) 0.0128 | RobustPrompt-T Loss 0.9046  
Epoch 111 |  Time(s) 0.0129 | RobustPrompt-T Loss 0.7582  
Epoch 112 |  Time(s) 0.0134 | RobustPrompt-T Loss 0.7698  
Epoch 113 |  Time(s) 0.0132 | RobustPrompt-T Loss 0.9022  
Epoch 114 |  Time(s) 0.0130 | RobustPrompt-T Loss 0.7297  
Epoch 115 |  Time(s) 0.0130 | RobustPrompt-T Loss 0.7665  
Epoch 116 |  Time(s) 0.0131 | RobustPrompt-T Loss 0.8929  
Epoch 117 |  Time(s) 0.0131 | RobustPrompt-T Loss 0.7393  
Epoch 118 |  Time(s) 0.0134 | RobustPrompt-T Loss 0.7333  
Epoch 119 |  Time(s) 0.0133 | RobustPrompt-T Loss 0.8857  
Epoch 120 |  Time(s) 0.0133 | RobustPrompt-T Loss 0.7039  
Epoch 121 |  Time(s) 0.0136 | RobustPrompt-T Loss 0.7528  
Epoch 122 |  Time(s) 0.0133 | RobustPrompt-T Loss 0.8855  
Epoch 123 |  Time(s) 0.0131 | RobustPrompt-T Loss 0.7182  
Epoch 124 |  Time(s) 0.0135 | RobustPrompt-T Loss 0.7067  
Epoch 125 |  Time(s) 0.0134 | RobustPrompt-T Loss 0.7480  
Epoch 126 |  Time(s) 0.0136 | RobustPrompt-T Loss 0.6263  
Epoch 127 |  Time(s) 0.0131 | RobustPrompt-T Loss 0.6930  
Epoch 128 |  Time(s) 0.0134 | RobustPrompt-T Loss 0.7573  
Epoch 129 |  Time(s) 0.0136 | RobustPrompt-T Loss 0.6992  
Epoch 130 |  Time(s) 0.0134 | RobustPrompt-T Loss 0.5839  
Epoch 131 |  Time(s) 0.0136 | RobustPrompt-T Loss 0.6388  
Epoch 132 |  Time(s) 0.0134 | RobustPrompt-T Loss 0.6461  
Epoch 133 |  Time(s) 0.0132 | RobustPrompt-T Loss 0.6112  
Epoch 134 |  Time(s) 0.0135 | RobustPrompt-T Loss 0.5964  
Epoch 135 |  Time(s) 0.0133 | RobustPrompt-T Loss 0.5788  
Epoch 136 |  Time(s) 0.0132 | RobustPrompt-T Loss 0.6232  
Epoch 137 |  Time(s) 0.0140 | RobustPrompt-T Loss 0.5949  
Epoch 138 |  Time(s) 0.0125 | RobustPrompt-T Loss 0.6073  
Epoch 139 |  Time(s) 0.0116 | RobustPrompt-T Loss 0.5958  
Epoch 140 |  Time(s) 0.0117 | RobustPrompt-T Loss 0.5249  
Epoch 141 |  Time(s) 0.0116 | RobustPrompt-T Loss 0.5279  
Epoch 142 |  Time(s) 0.0124 | RobustPrompt-T Loss 0.5582  
Epoch 143 |  Time(s) 0.0124 | RobustPrompt-T Loss 0.5256  
Epoch 144 |  Time(s) 0.0124 | RobustPrompt-T Loss 0.5946  
Epoch 145 |  Time(s) 0.0123 | RobustPrompt-T Loss 0.6490  
Epoch 146 |  Time(s) 0.0130 | RobustPrompt-T Loss 0.5269  
Epoch 147 |  Time(s) 0.0120 | RobustPrompt-T Loss 0.7895  
Epoch 148 |  Time(s) 0.0131 | RobustPrompt-T Loss 1.1267  
Epoch 149 |  Time(s) 0.0129 | RobustPrompt-T Loss 0.7922  
Epoch 150 |  Time(s) 0.0121 | RobustPrompt-T Loss 0.6269  
Epoch 151 |  Time(s) 0.0123 | RobustPrompt-T Loss 0.7841  
Epoch 152 |  Time(s) 0.0127 | RobustPrompt-T Loss 0.8603  
Epoch 153 |  Time(s) 0.0131 | RobustPrompt-T Loss 0.6318  
Epoch 154 |  Time(s) 0.0130 | RobustPrompt-T Loss 0.6212  
Epoch 155 |  Time(s) 0.0128 | RobustPrompt-T Loss 0.7846  
Epoch 156 |  Time(s) 0.0131 | RobustPrompt-T Loss 0.7176  
Epoch 157 |  Time(s) 0.0129 | RobustPrompt-T Loss 0.5608  
Epoch 158 |  Time(s) 0.0126 | RobustPrompt-T Loss 0.6490  
Epoch 159 |  Time(s) 0.0128 | RobustPrompt-T Loss 0.5739  
Epoch 160 |  Time(s) 0.0130 | RobustPrompt-T Loss 0.4547  
Epoch 161 |  Time(s) 0.0129 | RobustPrompt-T Loss 0.5394  
Epoch 162 |  Time(s) 0.0128 | RobustPrompt-T Loss 0.4633  
Epoch 163 |  Time(s) 0.0128 | RobustPrompt-T Loss 0.5804  
Epoch 164 |  Time(s) 0.0125 | RobustPrompt-T Loss 0.6270  
Epoch 165 |  Time(s) 0.0127 | RobustPrompt-T Loss 0.4510  
Epoch 166 |  Time(s) 0.0125 | RobustPrompt-T Loss 0.5383  
Epoch 167 |  Time(s) 0.0128 | RobustPrompt-T Loss 0.6127  
Epoch 168 |  Time(s) 0.0132 | RobustPrompt-T Loss 0.5517  
Epoch 169 |  Time(s) 0.0129 | RobustPrompt-T Loss 0.4960  
Epoch 170 |  Time(s) 0.0132 | RobustPrompt-T Loss 0.5111  
Epoch 171 |  Time(s) 0.0128 | RobustPrompt-T Loss 0.4660  
Epoch 172 |  Time(s) 0.0129 | RobustPrompt-T Loss 0.4614  
Epoch 173 |  Time(s) 0.0128 | RobustPrompt-T Loss 0.4810  
Epoch 174 |  Time(s) 0.0126 | RobustPrompt-T Loss 0.5041  
Epoch 175 |  Time(s) 0.0135 | RobustPrompt-T Loss 0.4794  
Epoch 176 |  Time(s) 0.0121 | RobustPrompt-T Loss 0.4871  
Epoch 177 |  Time(s) 0.0129 | RobustPrompt-T Loss 0.4395  
Epoch 178 |  Time(s) 0.0131 | RobustPrompt-T Loss 0.4511  
Epoch 179 |  Time(s) 0.0121 | RobustPrompt-T Loss 0.4806  
Epoch 180 |  Time(s) 0.0127 | RobustPrompt-T Loss 0.4787  
Epoch 181 |  Time(s) 0.0122 | RobustPrompt-T Loss 0.4510  
Epoch 182 |  Time(s) 0.0122 | RobustPrompt-T Loss 0.4435  
Epoch 183 |  Time(s) 0.0129 | RobustPrompt-T Loss 0.4199  
Epoch 184 |  Time(s) 0.0130 | RobustPrompt-T Loss 0.4388  
Epoch 185 |  Time(s) 0.0135 | RobustPrompt-T Loss 0.4307  
Epoch 186 |  Time(s) 0.0133 | RobustPrompt-T Loss 0.4354  
Epoch 187 |  Time(s) 0.0130 | RobustPrompt-T Loss 0.4202  
Epoch 188 |  Time(s) 0.0125 | RobustPrompt-T Loss 0.4255  
Epoch 189 |  Time(s) 0.0124 | RobustPrompt-T Loss 0.4073  
Epoch 190 |  Time(s) 0.0125 | RobustPrompt-T Loss 0.4230  
Epoch 191 |  Time(s) 0.0129 | RobustPrompt-T Loss 0.4219  
Epoch 192 |  Time(s) 0.0120 | RobustPrompt-T Loss 0.3897  
Epoch 193 |  Time(s) 0.0125 | RobustPrompt-T Loss 0.3853  
Epoch 194 |  Time(s) 0.0123 | RobustPrompt-T Loss 0.4216  
Epoch 195 |  Time(s) 0.0122 | RobustPrompt-T Loss 0.4035  
Epoch 196 |  Time(s) 0.0125 | RobustPrompt-T Loss 0.3897  
Epoch 197 |  Time(s) 0.0122 | RobustPrompt-T Loss 0.3669  
Epoch 198 |  Time(s) 0.0126 | RobustPrompt-T Loss 0.3940  
Epoch 199 |  Time(s) 0.0124 | RobustPrompt-T Loss 0.3822  
Epoch 200 |  Time(s) 0.0127 | RobustPrompt-T Loss 0.3869  
Final True Accuracy: 0.1063 | Macro F1 Score: 0.0856
best_loss [tensor(0.3869, device='cuda:0', grad_fn=<AddBackward0>)]
{1: {1: 0.18770764768123627}, 2: {1: 0.1607142835855484}, 3: {1: 0.12333887070417404}, 4: {1: 0.19269102811813354}, 5: {1: 0.10631228983402252}}
{1: {1: 0.18770764768123627, 2: 0.1607142835855484, 3: 0.12333887070417404, 4: 0.19269102811813354, 5: 0.10631228983402252}}
########################################################################################
seed: 1 | split 1 : 0.18770764768123627
# Seed 1 Muti Split Final Acc: 0.1877±0.0000
seed: 2 | split 1 : 0.1607142835855484
# Seed 2 Muti Split Final Acc: 0.1607±0.0000
seed: 3 | split 1 : 0.12333887070417404
# Seed 3 Muti Split Final Acc: 0.1233±0.0000
seed: 4 | split 1 : 0.19269102811813354
# Seed 4 Muti Split Final Acc: 0.1927±0.0000
seed: 5 | split 1 : 0.10631228983402252
# Seed 5 Muti Split Final Acc: 0.1063±0.0000
########################################################################################
split: 1 | seed 1 : 0.18770764768123627
split: 1 | seed 2 : 0.1607142835855484
split: 1 | seed 3 : 0.12333887070417404
split: 1 | seed 4 : 0.19269102811813354
split: 1 | seed 5 : 0.10631228983402252
# Split 1 Muti Seed Acc without min value: 0.1661±0.0275
########################################################################################
