load LLC or attacked data with specified split
Successfully loaded the attack of dataname with few shot 5, split 1
Attack method : Meta_Self | Attack ptb : 0.2 | Dataset: Cora
======================
Number of graphs: 1
Number of features: 1433
Number of classes: 7

Data(x=[2708, 1433], edge_index=[2, 15484], y=[2708], train_mask=[2708], val_mask=[2708], test_mask=[2708])
===========================================================================================================
Number of nodes: 2708
Number of edges: 15484
Average node degree: 5.72
Has isolated nodes: False
Has self-loops: True
Is undirected: True
GCN(
  (conv_layers): ModuleList(
    (0): GCNConv(1433, 256)
    (1): GCNConv(256, 256)
  )
)
Successfully loaded pre-trained weights!
use RobustPrompt Tranductive
defense pt dict :  {'sim_pt': 0.3, 'degree_pt': -1, 'out_detect_pt': 0.5, 'other_pt': 'all'}
use_attention :  False
cosine_constraint :  True
pt_threshold :  0.5
filter_module :  OriginalFilter
temperature :  1.0
weight_mse 0.1
weight_kl :  0.3
weight_constraint :  0.2
run RobustPrompt-T
Epoch 001 |  Time(s) 0.2593 | RobustPrompt-T Loss 1.9496  
Epoch 002 |  Time(s) 0.0137 | RobustPrompt-T Loss 1.9950  
Epoch 003 |  Time(s) 0.0127 | RobustPrompt-T Loss 1.9249  
Epoch 004 |  Time(s) 0.0129 | RobustPrompt-T Loss 1.9275  
Epoch 005 |  Time(s) 0.0125 | RobustPrompt-T Loss 1.9164  
Epoch 006 |  Time(s) 0.0125 | RobustPrompt-T Loss 1.9065  
Epoch 007 |  Time(s) 0.0135 | RobustPrompt-T Loss 1.8941  
Epoch 008 |  Time(s) 0.0127 | RobustPrompt-T Loss 1.8728  
Epoch 009 |  Time(s) 0.0134 | RobustPrompt-T Loss 1.8424  
Epoch 010 |  Time(s) 0.0135 | RobustPrompt-T Loss 1.8119  
Epoch 011 |  Time(s) 0.0136 | RobustPrompt-T Loss 1.7904  
Epoch 012 |  Time(s) 0.0134 | RobustPrompt-T Loss 1.7527  
Epoch 013 |  Time(s) 0.0136 | RobustPrompt-T Loss 1.7383  
Epoch 014 |  Time(s) 0.0135 | RobustPrompt-T Loss 1.6881  
Epoch 015 |  Time(s) 0.0136 | RobustPrompt-T Loss 1.6625  
Epoch 016 |  Time(s) 0.0134 | RobustPrompt-T Loss 1.6471  
Epoch 017 |  Time(s) 0.0137 | RobustPrompt-T Loss 1.6354  
Epoch 018 |  Time(s) 0.0133 | RobustPrompt-T Loss 1.6357  
Epoch 019 |  Time(s) 0.0137 | RobustPrompt-T Loss 1.6287  
Epoch 020 |  Time(s) 0.0138 | RobustPrompt-T Loss 1.6291  
Epoch 021 |  Time(s) 0.0135 | RobustPrompt-T Loss 1.6052  
Epoch 022 |  Time(s) 0.0138 | RobustPrompt-T Loss 1.5835  
Epoch 023 |  Time(s) 0.0138 | RobustPrompt-T Loss 1.5998  
Epoch 024 |  Time(s) 0.0136 | RobustPrompt-T Loss 1.6359  
Epoch 025 |  Time(s) 0.0136 | RobustPrompt-T Loss 1.5916  
Epoch 026 |  Time(s) 0.0134 | RobustPrompt-T Loss 1.5708  
Epoch 027 |  Time(s) 0.0137 | RobustPrompt-T Loss 1.5872  
Epoch 028 |  Time(s) 0.0138 | RobustPrompt-T Loss 1.5463  
Epoch 029 |  Time(s) 0.0139 | RobustPrompt-T Loss 1.5163  
Epoch 030 |  Time(s) 0.0140 | RobustPrompt-T Loss 1.6057  
Epoch 031 |  Time(s) 0.0135 | RobustPrompt-T Loss 1.4858  
Epoch 032 |  Time(s) 0.0139 | RobustPrompt-T Loss 1.5617  
Epoch 033 |  Time(s) 0.0129 | RobustPrompt-T Loss 1.5215  
Epoch 034 |  Time(s) 0.0129 | RobustPrompt-T Loss 1.5501  
Epoch 035 |  Time(s) 0.0134 | RobustPrompt-T Loss 1.4258  
Epoch 036 |  Time(s) 0.0137 | RobustPrompt-T Loss 1.4976  
Epoch 037 |  Time(s) 0.0134 | RobustPrompt-T Loss 1.4204  
Epoch 038 |  Time(s) 0.0136 | RobustPrompt-T Loss 1.4340  
Epoch 039 |  Time(s) 0.0134 | RobustPrompt-T Loss 1.4145  
Epoch 040 |  Time(s) 0.0137 | RobustPrompt-T Loss 1.3395  
Epoch 041 |  Time(s) 0.0134 | RobustPrompt-T Loss 1.3268  
Epoch 042 |  Time(s) 0.0135 | RobustPrompt-T Loss 1.3344  
Epoch 043 |  Time(s) 0.0139 | RobustPrompt-T Loss 1.3007  
Epoch 044 |  Time(s) 0.0135 | RobustPrompt-T Loss 1.2559  
Epoch 045 |  Time(s) 0.0135 | RobustPrompt-T Loss 1.2487  
Epoch 046 |  Time(s) 0.0139 | RobustPrompt-T Loss 1.2046  
Epoch 047 |  Time(s) 0.0141 | RobustPrompt-T Loss 1.1699  
Epoch 048 |  Time(s) 0.0141 | RobustPrompt-T Loss 1.1537  
Epoch 049 |  Time(s) 0.0141 | RobustPrompt-T Loss 1.1330  
Epoch 050 |  Time(s) 0.0139 | RobustPrompt-T Loss 1.0970  
Epoch 051 |  Time(s) 0.0140 | RobustPrompt-T Loss 1.0787  
Epoch 052 |  Time(s) 0.0140 | RobustPrompt-T Loss 1.0432  
Epoch 053 |  Time(s) 0.0141 | RobustPrompt-T Loss 0.9886  
Epoch 054 |  Time(s) 0.0140 | RobustPrompt-T Loss 0.9837  
Epoch 055 |  Time(s) 0.0141 | RobustPrompt-T Loss 0.9507  
Epoch 056 |  Time(s) 0.0139 | RobustPrompt-T Loss 0.9132  
Epoch 057 |  Time(s) 0.0140 | RobustPrompt-T Loss 0.8974  
Epoch 058 |  Time(s) 0.0141 | RobustPrompt-T Loss 0.8571  
Epoch 059 |  Time(s) 0.0143 | RobustPrompt-T Loss 0.8426  
Epoch 060 |  Time(s) 0.0138 | RobustPrompt-T Loss 0.8285  
Epoch 061 |  Time(s) 0.0139 | RobustPrompt-T Loss 0.9075  
Epoch 062 |  Time(s) 0.0140 | RobustPrompt-T Loss 0.7694  
Epoch 063 |  Time(s) 0.0139 | RobustPrompt-T Loss 0.7300  
Epoch 064 |  Time(s) 0.0140 | RobustPrompt-T Loss 0.7386  
Epoch 065 |  Time(s) 0.0141 | RobustPrompt-T Loss 0.8312  
Epoch 066 |  Time(s) 0.0141 | RobustPrompt-T Loss 0.6678  
Epoch 067 |  Time(s) 0.0138 | RobustPrompt-T Loss 1.0286  
Epoch 068 |  Time(s) 0.0137 | RobustPrompt-T Loss 0.9383  
Epoch 069 |  Time(s) 0.0140 | RobustPrompt-T Loss 0.6135  
Epoch 070 |  Time(s) 0.0139 | RobustPrompt-T Loss 0.5892  
Epoch 071 |  Time(s) 0.0140 | RobustPrompt-T Loss 0.7092  
Epoch 072 |  Time(s) 0.0138 | RobustPrompt-T Loss 0.5567  
Epoch 073 |  Time(s) 0.0140 | RobustPrompt-T Loss 0.6399  
Epoch 074 |  Time(s) 0.0142 | RobustPrompt-T Loss 0.5152  
Epoch 075 |  Time(s) 0.0139 | RobustPrompt-T Loss 0.6784  
Epoch 076 |  Time(s) 0.0140 | RobustPrompt-T Loss 0.6649  
Epoch 077 |  Time(s) 0.0136 | RobustPrompt-T Loss 0.5149  
Epoch 078 |  Time(s) 0.0142 | RobustPrompt-T Loss 0.5210  
Epoch 079 |  Time(s) 0.0141 | RobustPrompt-T Loss 0.4595  
Epoch 080 |  Time(s) 0.0141 | RobustPrompt-T Loss 0.4925  
Epoch 081 |  Time(s) 0.0140 | RobustPrompt-T Loss 0.3833  
Epoch 082 |  Time(s) 0.0141 | RobustPrompt-T Loss 0.3900  
Epoch 083 |  Time(s) 0.0141 | RobustPrompt-T Loss 0.3782  
Epoch 084 |  Time(s) 0.0141 | RobustPrompt-T Loss 0.3716  
Epoch 085 |  Time(s) 0.0139 | RobustPrompt-T Loss 0.3306  
Epoch 086 |  Time(s) 0.0140 | RobustPrompt-T Loss 0.3369  
Epoch 087 |  Time(s) 0.0140 | RobustPrompt-T Loss 0.2902  
Epoch 088 |  Time(s) 0.0139 | RobustPrompt-T Loss 0.2624  
Epoch 089 |  Time(s) 0.0141 | RobustPrompt-T Loss 0.2907  
Epoch 090 |  Time(s) 0.0136 | RobustPrompt-T Loss 0.2550  
Epoch 091 |  Time(s) 0.0140 | RobustPrompt-T Loss 0.3051  
Epoch 092 |  Time(s) 0.0142 | RobustPrompt-T Loss 0.2172  
Epoch 093 |  Time(s) 0.0142 | RobustPrompt-T Loss 0.1960  
Epoch 094 |  Time(s) 0.0140 | RobustPrompt-T Loss 0.2451  
Epoch 095 |  Time(s) 0.0140 | RobustPrompt-T Loss 0.1853  
Epoch 096 |  Time(s) 0.0141 | RobustPrompt-T Loss 0.1648  
Epoch 097 |  Time(s) 0.0145 | RobustPrompt-T Loss 0.2060  
Epoch 098 |  Time(s) 0.0140 | RobustPrompt-T Loss 0.1555  
Epoch 099 |  Time(s) 0.0143 | RobustPrompt-T Loss 0.1408  
Epoch 100 |  Time(s) 0.0141 | RobustPrompt-T Loss 0.1580  
Epoch 101 |  Time(s) 0.0140 | RobustPrompt-T Loss 0.1511  
Epoch 102 |  Time(s) 0.0142 | RobustPrompt-T Loss 0.1292  
Epoch 103 |  Time(s) 0.0140 | RobustPrompt-T Loss 0.1213  
Epoch 104 |  Time(s) 0.0144 | RobustPrompt-T Loss 0.1229  
Epoch 105 |  Time(s) 0.0143 | RobustPrompt-T Loss 0.1212  
Epoch 106 |  Time(s) 0.0141 | RobustPrompt-T Loss 0.1003  
Epoch 107 |  Time(s) 0.0142 | RobustPrompt-T Loss 0.0993  
Epoch 108 |  Time(s) 0.0145 | RobustPrompt-T Loss 0.1018  
Epoch 109 |  Time(s) 0.0142 | RobustPrompt-T Loss 0.0864  
Epoch 110 |  Time(s) 0.0141 | RobustPrompt-T Loss 0.0909  
Epoch 111 |  Time(s) 0.0141 | RobustPrompt-T Loss 0.0870  
Epoch 112 |  Time(s) 0.0141 | RobustPrompt-T Loss 0.0808  
Epoch 113 |  Time(s) 0.0144 | RobustPrompt-T Loss 0.0830  
Epoch 114 |  Time(s) 0.0142 | RobustPrompt-T Loss 0.0780  
Epoch 115 |  Time(s) 0.0143 | RobustPrompt-T Loss 0.0705  
Epoch 116 |  Time(s) 0.0140 | RobustPrompt-T Loss 0.0723  
Epoch 117 |  Time(s) 0.0142 | RobustPrompt-T Loss 0.0737  
Epoch 118 |  Time(s) 0.0140 | RobustPrompt-T Loss 0.0705  
Epoch 119 |  Time(s) 0.0144 | RobustPrompt-T Loss 0.0658  
Epoch 120 |  Time(s) 0.0143 | RobustPrompt-T Loss 0.0650  
Epoch 121 |  Time(s) 0.0142 | RobustPrompt-T Loss 0.0665  
Epoch 122 |  Time(s) 0.0139 | RobustPrompt-T Loss 0.0663  
Epoch 123 |  Time(s) 0.0146 | RobustPrompt-T Loss 0.0618  
Epoch 124 |  Time(s) 0.0141 | RobustPrompt-T Loss 0.0598  
Epoch 125 |  Time(s) 0.0143 | RobustPrompt-T Loss 0.0633  
Epoch 126 |  Time(s) 0.0141 | RobustPrompt-T Loss 0.0616  
Epoch 127 |  Time(s) 0.0145 | RobustPrompt-T Loss 0.0575  
Epoch 128 |  Time(s) 0.0143 | RobustPrompt-T Loss 0.0560  
Epoch 129 |  Time(s) 0.0142 | RobustPrompt-T Loss 0.0591  
Epoch 130 |  Time(s) 0.0142 | RobustPrompt-T Loss 0.0568  
Epoch 131 |  Time(s) 0.0145 | RobustPrompt-T Loss 0.0555  
Epoch 132 |  Time(s) 0.0141 | RobustPrompt-T Loss 0.0569  
Epoch 133 |  Time(s) 0.0143 | RobustPrompt-T Loss 0.0551  
Epoch 134 |  Time(s) 0.0141 | RobustPrompt-T Loss 0.0537  
Epoch 135 |  Time(s) 0.0139 | RobustPrompt-T Loss 0.0546  
Epoch 136 |  Time(s) 0.0141 | RobustPrompt-T Loss 0.0534  
Epoch 137 |  Time(s) 0.0145 | RobustPrompt-T Loss 0.0528  
Epoch 138 |  Time(s) 0.0144 | RobustPrompt-T Loss 0.0527  
Epoch 139 |  Time(s) 0.0141 | RobustPrompt-T Loss 0.0513  
Epoch 140 |  Time(s) 0.0145 | RobustPrompt-T Loss 0.0505  
Epoch 141 |  Time(s) 0.0143 | RobustPrompt-T Loss 0.0505  
Epoch 142 |  Time(s) 0.0142 | RobustPrompt-T Loss 0.0497  
Epoch 143 |  Time(s) 0.0140 | RobustPrompt-T Loss 0.0490  
Epoch 144 |  Time(s) 0.0144 | RobustPrompt-T Loss 0.0488  
Epoch 145 |  Time(s) 0.0144 | RobustPrompt-T Loss 0.0480  
Epoch 146 |  Time(s) 0.0142 | RobustPrompt-T Loss 0.0461  
Epoch 147 |  Time(s) 0.0144 | RobustPrompt-T Loss 0.0478  
Epoch 148 |  Time(s) 0.0142 | RobustPrompt-T Loss 0.0468  
Epoch 149 |  Time(s) 0.0143 | RobustPrompt-T Loss 0.0468  
Epoch 150 |  Time(s) 0.0142 | RobustPrompt-T Loss 0.0445  
Epoch 151 |  Time(s) 0.0145 | RobustPrompt-T Loss 0.0440  
Epoch 152 |  Time(s) 0.0142 | RobustPrompt-T Loss 0.0453  
Epoch 153 |  Time(s) 0.0143 | RobustPrompt-T Loss 0.0454  
Epoch 154 |  Time(s) 0.0145 | RobustPrompt-T Loss 0.0441  
Epoch 155 |  Time(s) 0.0142 | RobustPrompt-T Loss 0.0424  
Epoch 156 |  Time(s) 0.0139 | RobustPrompt-T Loss 0.0434  
Epoch 157 |  Time(s) 0.0144 | RobustPrompt-T Loss 0.0443  
Epoch 158 |  Time(s) 0.0145 | RobustPrompt-T Loss 0.0428  
Epoch 159 |  Time(s) 0.0144 | RobustPrompt-T Loss 0.0416  
Epoch 160 |  Time(s) 0.0142 | RobustPrompt-T Loss 0.0414  
Epoch 161 |  Time(s) 0.0144 | RobustPrompt-T Loss 0.0424  
Epoch 162 |  Time(s) 0.0143 | RobustPrompt-T Loss 0.0427  
Epoch 163 |  Time(s) 0.0142 | RobustPrompt-T Loss 0.0409  
Epoch 164 |  Time(s) 0.0145 | RobustPrompt-T Loss 0.0405  
Epoch 165 |  Time(s) 0.0142 | RobustPrompt-T Loss 0.0412  
Epoch 166 |  Time(s) 0.0143 | RobustPrompt-T Loss 0.0411  
Epoch 167 |  Time(s) 0.0141 | RobustPrompt-T Loss 0.0395  
Epoch 168 |  Time(s) 0.0145 | RobustPrompt-T Loss 0.0409  
Epoch 169 |  Time(s) 0.0142 | RobustPrompt-T Loss 0.0392  
Epoch 170 |  Time(s) 0.0141 | RobustPrompt-T Loss 0.0384  
Epoch 171 |  Time(s) 0.0140 | RobustPrompt-T Loss 0.0406  
Epoch 172 |  Time(s) 0.0141 | RobustPrompt-T Loss 0.0424  
Epoch 173 |  Time(s) 0.0140 | RobustPrompt-T Loss 0.0542  
Epoch 174 |  Time(s) 0.0139 | RobustPrompt-T Loss 0.0852  
Epoch 175 |  Time(s) 0.0141 | RobustPrompt-T Loss 0.0674  
Epoch 176 |  Time(s) 0.0140 | RobustPrompt-T Loss 0.0718  
Epoch 177 |  Time(s) 0.0141 | RobustPrompt-T Loss 0.0950  
Epoch 178 |  Time(s) 0.0139 | RobustPrompt-T Loss 0.0463  
Epoch 179 |  Time(s) 0.0139 | RobustPrompt-T Loss 0.0618  
Epoch 180 |  Time(s) 0.0138 | RobustPrompt-T Loss 0.0527  
Epoch 181 |  Time(s) 0.0143 | RobustPrompt-T Loss 0.0849  
Epoch 182 |  Time(s) 0.0140 | RobustPrompt-T Loss 0.0544  
Epoch 183 |  Time(s) 0.0140 | RobustPrompt-T Loss 0.0451  
Epoch 184 |  Time(s) 0.0139 | RobustPrompt-T Loss 0.0619  
Epoch 185 |  Time(s) 0.0141 | RobustPrompt-T Loss 0.0459  
Epoch 186 |  Time(s) 0.0139 | RobustPrompt-T Loss 0.1014  
Epoch 187 |  Time(s) 0.0140 | RobustPrompt-T Loss 0.0480  
Epoch 188 |  Time(s) 0.0139 | RobustPrompt-T Loss 0.0386  
Epoch 189 |  Time(s) 0.0141 | RobustPrompt-T Loss 0.1590  
Epoch 190 |  Time(s) 0.0140 | RobustPrompt-T Loss 0.0317  
Epoch 191 |  Time(s) 0.0136 | RobustPrompt-T Loss 0.0651  
Epoch 192 |  Time(s) 0.0135 | RobustPrompt-T Loss 0.0390  
Epoch 193 |  Time(s) 0.0138 | RobustPrompt-T Loss 0.0437  
Epoch 194 |  Time(s) 0.0142 | RobustPrompt-T Loss 0.0688  
Epoch 195 |  Time(s) 0.0140 | RobustPrompt-T Loss 0.0302  
Epoch 196 |  Time(s) 0.0139 | RobustPrompt-T Loss 0.0823  
Epoch 197 |  Time(s) 0.0140 | RobustPrompt-T Loss 0.0838  
Epoch 198 |  Time(s) 0.0140 | RobustPrompt-T Loss 0.0384  
Epoch 199 |  Time(s) 0.0138 | RobustPrompt-T Loss 0.1040  
Epoch 200 |  Time(s) 0.0137 | RobustPrompt-T Loss 0.0295  
Final True Accuracy: 0.1055 | Macro F1 Score: 0.0875
best_loss [tensor(0.0295, device='cuda:0', grad_fn=<AddBackward0>)]
load LLC or attacked data with specified split
Successfully loaded the attack of dataname with few shot 5, split 1
Attack method : Meta_Self | Attack ptb : 0.2 | Dataset: Cora
======================
Number of graphs: 1
Number of features: 1433
Number of classes: 7

Data(x=[2708, 1433], edge_index=[2, 15484], y=[2708], train_mask=[2708], val_mask=[2708], test_mask=[2708])
===========================================================================================================
Number of nodes: 2708
Number of edges: 15484
Average node degree: 5.72
Has isolated nodes: False
Has self-loops: True
Is undirected: True
GCN(
  (conv_layers): ModuleList(
    (0): GCNConv(1433, 256)
    (1): GCNConv(256, 256)
  )
)
Successfully loaded pre-trained weights!
use RobustPrompt Tranductive
defense pt dict :  {'sim_pt': 0.3, 'degree_pt': -1, 'out_detect_pt': 0.5, 'other_pt': 'all'}
use_attention :  False
cosine_constraint :  True
pt_threshold :  0.5
filter_module :  OriginalFilter
temperature :  1.0
weight_mse 0.1
weight_kl :  0.3
weight_constraint :  0.2
run RobustPrompt-T
Epoch 001 |  Time(s) 0.0138 | RobustPrompt-T Loss 1.9468  
Epoch 002 |  Time(s) 0.0137 | RobustPrompt-T Loss 1.9394  
Epoch 003 |  Time(s) 0.0140 | RobustPrompt-T Loss 1.9480  
Epoch 004 |  Time(s) 0.0135 | RobustPrompt-T Loss 1.9154  
Epoch 005 |  Time(s) 0.0136 | RobustPrompt-T Loss 1.9178  
Epoch 006 |  Time(s) 0.0133 | RobustPrompt-T Loss 1.9037  
Epoch 007 |  Time(s) 0.0137 | RobustPrompt-T Loss 1.8852  
Epoch 008 |  Time(s) 0.0139 | RobustPrompt-T Loss 1.8647  
Epoch 009 |  Time(s) 0.0141 | RobustPrompt-T Loss 1.8542  
Epoch 010 |  Time(s) 0.0139 | RobustPrompt-T Loss 1.8123  
Epoch 011 |  Time(s) 0.0135 | RobustPrompt-T Loss 1.7939  
Epoch 012 |  Time(s) 0.0139 | RobustPrompt-T Loss 1.7307  
Epoch 013 |  Time(s) 0.0138 | RobustPrompt-T Loss 1.7230  
Epoch 014 |  Time(s) 0.0139 | RobustPrompt-T Loss 1.7181  
Epoch 015 |  Time(s) 0.0140 | RobustPrompt-T Loss 1.6860  
Epoch 016 |  Time(s) 0.0141 | RobustPrompt-T Loss 1.6374  
Epoch 017 |  Time(s) 0.0139 | RobustPrompt-T Loss 1.7422  
Epoch 018 |  Time(s) 0.0140 | RobustPrompt-T Loss 1.7474  
Epoch 019 |  Time(s) 0.0135 | RobustPrompt-T Loss 1.7908  
Epoch 020 |  Time(s) 0.0136 | RobustPrompt-T Loss 1.7352  
Epoch 021 |  Time(s) 0.0140 | RobustPrompt-T Loss 1.7292  
Epoch 022 |  Time(s) 0.0139 | RobustPrompt-T Loss 1.7337  
Epoch 023 |  Time(s) 0.0139 | RobustPrompt-T Loss 1.6901  
Epoch 024 |  Time(s) 0.0136 | RobustPrompt-T Loss 1.6883  
Epoch 025 |  Time(s) 0.0137 | RobustPrompt-T Loss 1.6309  
Epoch 026 |  Time(s) 0.0139 | RobustPrompt-T Loss 1.6251  
Epoch 027 |  Time(s) 0.0141 | RobustPrompt-T Loss 1.6169  
Epoch 028 |  Time(s) 0.0138 | RobustPrompt-T Loss 1.6210  
Epoch 029 |  Time(s) 0.0136 | RobustPrompt-T Loss 1.5876  
Epoch 030 |  Time(s) 0.0137 | RobustPrompt-T Loss 1.5588  
Epoch 031 |  Time(s) 0.0141 | RobustPrompt-T Loss 1.5604  
Epoch 032 |  Time(s) 0.0139 | RobustPrompt-T Loss 1.6058  
Epoch 033 |  Time(s) 0.0139 | RobustPrompt-T Loss 1.5689  
Epoch 034 |  Time(s) 0.0140 | RobustPrompt-T Loss 1.5021  
Epoch 035 |  Time(s) 0.0141 | RobustPrompt-T Loss 1.5146  
Epoch 036 |  Time(s) 0.0141 | RobustPrompt-T Loss 1.4616  
Epoch 037 |  Time(s) 0.0142 | RobustPrompt-T Loss 1.4194  
Epoch 038 |  Time(s) 0.0142 | RobustPrompt-T Loss 1.4217  
Epoch 039 |  Time(s) 0.0138 | RobustPrompt-T Loss 1.3864  
Epoch 040 |  Time(s) 0.0139 | RobustPrompt-T Loss 1.3530  
Epoch 041 |  Time(s) 0.0141 | RobustPrompt-T Loss 1.2929  
Epoch 042 |  Time(s) 0.0140 | RobustPrompt-T Loss 1.2754  
Epoch 043 |  Time(s) 0.0147 | RobustPrompt-T Loss 1.2426  
Epoch 044 |  Time(s) 0.0139 | RobustPrompt-T Loss 1.1743  
Epoch 045 |  Time(s) 0.0136 | RobustPrompt-T Loss 1.1659  
Epoch 046 |  Time(s) 0.0138 | RobustPrompt-T Loss 1.1486  
Epoch 047 |  Time(s) 0.0139 | RobustPrompt-T Loss 1.1102  
Epoch 048 |  Time(s) 0.0142 | RobustPrompt-T Loss 1.0770  
Epoch 049 |  Time(s) 0.0138 | RobustPrompt-T Loss 1.0730  
Epoch 050 |  Time(s) 0.0139 | RobustPrompt-T Loss 1.0495  
Epoch 051 |  Time(s) 0.0140 | RobustPrompt-T Loss 0.9961  
Epoch 052 |  Time(s) 0.0140 | RobustPrompt-T Loss 0.9705  
Epoch 053 |  Time(s) 0.0136 | RobustPrompt-T Loss 0.9419  
Epoch 054 |  Time(s) 0.0138 | RobustPrompt-T Loss 0.9050  
Epoch 055 |  Time(s) 0.0137 | RobustPrompt-T Loss 0.8873  
Epoch 056 |  Time(s) 0.0141 | RobustPrompt-T Loss 0.8631  
Epoch 057 |  Time(s) 0.0139 | RobustPrompt-T Loss 0.9264  
Epoch 058 |  Time(s) 0.0140 | RobustPrompt-T Loss 0.8267  
Epoch 059 |  Time(s) 0.0139 | RobustPrompt-T Loss 0.7923  
Epoch 060 |  Time(s) 0.0140 | RobustPrompt-T Loss 0.8227  
Epoch 061 |  Time(s) 0.0140 | RobustPrompt-T Loss 0.7419  
Epoch 062 |  Time(s) 0.0140 | RobustPrompt-T Loss 0.7022  
Epoch 063 |  Time(s) 0.0140 | RobustPrompt-T Loss 0.7027  
Epoch 064 |  Time(s) 0.0139 | RobustPrompt-T Loss 0.7128  
Epoch 065 |  Time(s) 0.0141 | RobustPrompt-T Loss 0.7147  
Epoch 066 |  Time(s) 0.0142 | RobustPrompt-T Loss 0.6608  
Epoch 067 |  Time(s) 0.0139 | RobustPrompt-T Loss 0.6823  
Epoch 068 |  Time(s) 0.0143 | RobustPrompt-T Loss 0.6760  
Epoch 069 |  Time(s) 0.0142 | RobustPrompt-T Loss 0.6160  
Epoch 070 |  Time(s) 0.0146 | RobustPrompt-T Loss 0.5969  
Epoch 071 |  Time(s) 0.0140 | RobustPrompt-T Loss 0.6084  
Epoch 072 |  Time(s) 0.0140 | RobustPrompt-T Loss 0.5970  
Epoch 073 |  Time(s) 0.0141 | RobustPrompt-T Loss 0.5823  
Epoch 074 |  Time(s) 0.0140 | RobustPrompt-T Loss 0.5582  
Epoch 075 |  Time(s) 0.0136 | RobustPrompt-T Loss 0.5531  
Epoch 076 |  Time(s) 0.0139 | RobustPrompt-T Loss 0.5647  
Epoch 077 |  Time(s) 0.0138 | RobustPrompt-T Loss 0.5172  
Epoch 078 |  Time(s) 0.0139 | RobustPrompt-T Loss 0.5193  
Epoch 079 |  Time(s) 0.0139 | RobustPrompt-T Loss 0.5051  
Epoch 080 |  Time(s) 0.0139 | RobustPrompt-T Loss 0.5041  
Epoch 081 |  Time(s) 0.0135 | RobustPrompt-T Loss 0.5324  
Epoch 082 |  Time(s) 0.0139 | RobustPrompt-T Loss 0.4698  
Epoch 083 |  Time(s) 0.0140 | RobustPrompt-T Loss 0.5570  
Epoch 084 |  Time(s) 0.0141 | RobustPrompt-T Loss 0.4976  
Epoch 085 |  Time(s) 0.0141 | RobustPrompt-T Loss 0.4394  
Epoch 086 |  Time(s) 0.0138 | RobustPrompt-T Loss 0.5059  
Epoch 087 |  Time(s) 0.0137 | RobustPrompt-T Loss 0.4654  
Epoch 088 |  Time(s) 0.0143 | RobustPrompt-T Loss 0.4387  
Epoch 089 |  Time(s) 0.0138 | RobustPrompt-T Loss 0.4806  
Epoch 090 |  Time(s) 0.0138 | RobustPrompt-T Loss 0.4490  
Epoch 091 |  Time(s) 0.0140 | RobustPrompt-T Loss 0.3992  
Epoch 092 |  Time(s) 0.0139 | RobustPrompt-T Loss 0.4431  
Epoch 093 |  Time(s) 0.0135 | RobustPrompt-T Loss 0.4095  
Epoch 094 |  Time(s) 0.0139 | RobustPrompt-T Loss 0.3791  
Epoch 095 |  Time(s) 0.0139 | RobustPrompt-T Loss 0.4295  
Epoch 096 |  Time(s) 0.0139 | RobustPrompt-T Loss 0.3814  
Epoch 097 |  Time(s) 0.0140 | RobustPrompt-T Loss 0.3431  
Epoch 098 |  Time(s) 0.0139 | RobustPrompt-T Loss 0.4117  
Epoch 099 |  Time(s) 0.0144 | RobustPrompt-T Loss 0.3584  
Epoch 100 |  Time(s) 0.0141 | RobustPrompt-T Loss 0.3353  
Epoch 101 |  Time(s) 0.0136 | RobustPrompt-T Loss 0.3802  
Epoch 102 |  Time(s) 0.0139 | RobustPrompt-T Loss 0.3709  
Epoch 103 |  Time(s) 0.0140 | RobustPrompt-T Loss 0.4635  
Epoch 104 |  Time(s) 0.0135 | RobustPrompt-T Loss 0.4212  
Epoch 105 |  Time(s) 0.0139 | RobustPrompt-T Loss 0.3969  
Epoch 106 |  Time(s) 0.0137 | RobustPrompt-T Loss 0.4225  
Epoch 107 |  Time(s) 0.0140 | RobustPrompt-T Loss 0.3476  
Epoch 108 |  Time(s) 0.0143 | RobustPrompt-T Loss 0.3284  
Epoch 109 |  Time(s) 0.0142 | RobustPrompt-T Loss 0.4195  
Epoch 110 |  Time(s) 0.0140 | RobustPrompt-T Loss 0.3734  
Epoch 111 |  Time(s) 0.0146 | RobustPrompt-T Loss 0.3406  
Epoch 112 |  Time(s) 0.0144 | RobustPrompt-T Loss 0.3179  
Epoch 113 |  Time(s) 0.0140 | RobustPrompt-T Loss 0.3667  
Epoch 114 |  Time(s) 0.0138 | RobustPrompt-T Loss 0.3546  
Epoch 115 |  Time(s) 0.0141 | RobustPrompt-T Loss 0.3318  
Epoch 116 |  Time(s) 0.0139 | RobustPrompt-T Loss 0.3136  
Epoch 117 |  Time(s) 0.0141 | RobustPrompt-T Loss 0.3298  
Epoch 118 |  Time(s) 0.0140 | RobustPrompt-T Loss 0.3287  
Epoch 119 |  Time(s) 0.0139 | RobustPrompt-T Loss 0.3387  
Epoch 120 |  Time(s) 0.0139 | RobustPrompt-T Loss 0.3073  
Epoch 121 |  Time(s) 0.0136 | RobustPrompt-T Loss 0.3101  
Epoch 122 |  Time(s) 0.0142 | RobustPrompt-T Loss 0.2875  
Epoch 123 |  Time(s) 0.0143 | RobustPrompt-T Loss 0.3343  
Epoch 124 |  Time(s) 0.0138 | RobustPrompt-T Loss 0.3164  
Epoch 125 |  Time(s) 0.0140 | RobustPrompt-T Loss 0.2820  
Epoch 126 |  Time(s) 0.0139 | RobustPrompt-T Loss 0.2671  
Epoch 127 |  Time(s) 0.0140 | RobustPrompt-T Loss 0.3216  
Epoch 128 |  Time(s) 0.0140 | RobustPrompt-T Loss 0.2936  
Epoch 129 |  Time(s) 0.0140 | RobustPrompt-T Loss 0.2736  
Epoch 130 |  Time(s) 0.0141 | RobustPrompt-T Loss 0.2612  
Epoch 131 |  Time(s) 0.0140 | RobustPrompt-T Loss 0.2878  
Epoch 132 |  Time(s) 0.0139 | RobustPrompt-T Loss 0.2726  
Epoch 133 |  Time(s) 0.0140 | RobustPrompt-T Loss 0.2671  
Epoch 134 |  Time(s) 0.0142 | RobustPrompt-T Loss 0.2575  
Epoch 135 |  Time(s) 0.0140 | RobustPrompt-T Loss 0.2725  
Epoch 136 |  Time(s) 0.0139 | RobustPrompt-T Loss 0.2648  
Epoch 137 |  Time(s) 0.0141 | RobustPrompt-T Loss 0.2504  
Epoch 138 |  Time(s) 0.0141 | RobustPrompt-T Loss 0.2473  
Epoch 139 |  Time(s) 0.0140 | RobustPrompt-T Loss 0.2589  
Epoch 140 |  Time(s) 0.0138 | RobustPrompt-T Loss 0.2523  
Epoch 141 |  Time(s) 0.0140 | RobustPrompt-T Loss 0.2506  
Epoch 142 |  Time(s) 0.0140 | RobustPrompt-T Loss 0.2553  
Epoch 143 |  Time(s) 0.0141 | RobustPrompt-T Loss 0.2296  
Epoch 144 |  Time(s) 0.0139 | RobustPrompt-T Loss 0.2347  
Epoch 145 |  Time(s) 0.0141 | RobustPrompt-T Loss 0.2447  
Epoch 146 |  Time(s) 0.0140 | RobustPrompt-T Loss 0.2607  
Epoch 147 |  Time(s) 0.0143 | RobustPrompt-T Loss 0.2191  
Epoch 148 |  Time(s) 0.0141 | RobustPrompt-T Loss 0.2402  
Epoch 149 |  Time(s) 0.0139 | RobustPrompt-T Loss 0.2213  
Epoch 150 |  Time(s) 0.0138 | RobustPrompt-T Loss 0.2263  
Epoch 151 |  Time(s) 0.0140 | RobustPrompt-T Loss 0.2230  
Epoch 152 |  Time(s) 0.0140 | RobustPrompt-T Loss 0.2289  
Epoch 153 |  Time(s) 0.0140 | RobustPrompt-T Loss 0.2129  
Epoch 154 |  Time(s) 0.0140 | RobustPrompt-T Loss 0.2159  
Epoch 155 |  Time(s) 0.0138 | RobustPrompt-T Loss 0.2128  
Epoch 156 |  Time(s) 0.0141 | RobustPrompt-T Loss 0.2023  
Epoch 157 |  Time(s) 0.0139 | RobustPrompt-T Loss 0.2043  
Epoch 158 |  Time(s) 0.0141 | RobustPrompt-T Loss 0.1977  
Epoch 159 |  Time(s) 0.0139 | RobustPrompt-T Loss 0.2128  
Epoch 160 |  Time(s) 0.0136 | RobustPrompt-T Loss 0.2015  
Epoch 161 |  Time(s) 0.0139 | RobustPrompt-T Loss 0.1994  
Epoch 162 |  Time(s) 0.0139 | RobustPrompt-T Loss 0.1783  
Epoch 163 |  Time(s) 0.0138 | RobustPrompt-T Loss 0.2354  
Epoch 164 |  Time(s) 0.0139 | RobustPrompt-T Loss 0.1803  
Epoch 165 |  Time(s) 0.0141 | RobustPrompt-T Loss 0.2048  
Epoch 166 |  Time(s) 0.0139 | RobustPrompt-T Loss 0.1643  
Epoch 167 |  Time(s) 0.0140 | RobustPrompt-T Loss 0.2167  
Epoch 168 |  Time(s) 0.0140 | RobustPrompt-T Loss 0.1755  
Epoch 169 |  Time(s) 0.0140 | RobustPrompt-T Loss 0.1930  
Epoch 170 |  Time(s) 0.0141 | RobustPrompt-T Loss 0.1749  
Epoch 171 |  Time(s) 0.0140 | RobustPrompt-T Loss 0.2053  
Epoch 172 |  Time(s) 0.0140 | RobustPrompt-T Loss 0.2020  
Epoch 173 |  Time(s) 0.0140 | RobustPrompt-T Loss 0.1659  
Epoch 174 |  Time(s) 0.0140 | RobustPrompt-T Loss 0.1689  
Epoch 175 |  Time(s) 0.0140 | RobustPrompt-T Loss 0.1607  
Epoch 176 |  Time(s) 0.0140 | RobustPrompt-T Loss 0.2098  
Epoch 177 |  Time(s) 0.0140 | RobustPrompt-T Loss 0.1550  
Epoch 178 |  Time(s) 0.0139 | RobustPrompt-T Loss 0.1536  
Epoch 179 |  Time(s) 0.0140 | RobustPrompt-T Loss 0.1650  
Epoch 180 |  Time(s) 0.0141 | RobustPrompt-T Loss 0.1753  
Epoch 181 |  Time(s) 0.0142 | RobustPrompt-T Loss 0.1602  
Epoch 182 |  Time(s) 0.0142 | RobustPrompt-T Loss 0.1392  
Epoch 183 |  Time(s) 0.0141 | RobustPrompt-T Loss 0.1601  
Epoch 184 |  Time(s) 0.0147 | RobustPrompt-T Loss 0.1549  
Epoch 185 |  Time(s) 0.0144 | RobustPrompt-T Loss 0.1661  
Epoch 186 |  Time(s) 0.0147 | RobustPrompt-T Loss 0.1411  
Epoch 187 |  Time(s) 0.0143 | RobustPrompt-T Loss 0.1473  
Epoch 188 |  Time(s) 0.0147 | RobustPrompt-T Loss 0.1310  
Epoch 189 |  Time(s) 0.0148 | RobustPrompt-T Loss 0.1483  
Epoch 190 |  Time(s) 0.0141 | RobustPrompt-T Loss 0.1314  
Epoch 191 |  Time(s) 0.0142 | RobustPrompt-T Loss 0.1437  
Epoch 192 |  Time(s) 0.0141 | RobustPrompt-T Loss 0.1300  
Epoch 193 |  Time(s) 0.0142 | RobustPrompt-T Loss 0.1340  
Epoch 194 |  Time(s) 0.0145 | RobustPrompt-T Loss 0.1269  
Epoch 195 |  Time(s) 0.0145 | RobustPrompt-T Loss 0.1456  
Epoch 196 |  Time(s) 0.0146 | RobustPrompt-T Loss 0.1280  
Epoch 197 |  Time(s) 0.0144 | RobustPrompt-T Loss 0.1520  
Epoch 198 |  Time(s) 0.0139 | RobustPrompt-T Loss 0.1583  
Epoch 199 |  Time(s) 0.0140 | RobustPrompt-T Loss 0.1187  
Epoch 200 |  Time(s) 0.0145 | RobustPrompt-T Loss 0.1710  
Final True Accuracy: 0.1179 | Macro F1 Score: 0.0804
best_loss [tensor(0.1710, device='cuda:0', grad_fn=<AddBackward0>)]
load LLC or attacked data with specified split
Successfully loaded the attack of dataname with few shot 5, split 1
Attack method : Meta_Self | Attack ptb : 0.2 | Dataset: Cora
======================
Number of graphs: 1
Number of features: 1433
Number of classes: 7

Data(x=[2708, 1433], edge_index=[2, 15484], y=[2708], train_mask=[2708], val_mask=[2708], test_mask=[2708])
===========================================================================================================
Number of nodes: 2708
Number of edges: 15484
Average node degree: 5.72
Has isolated nodes: False
Has self-loops: True
Is undirected: True
GCN(
  (conv_layers): ModuleList(
    (0): GCNConv(1433, 256)
    (1): GCNConv(256, 256)
  )
)
Successfully loaded pre-trained weights!
use RobustPrompt Tranductive
defense pt dict :  {'sim_pt': 0.3, 'degree_pt': -1, 'out_detect_pt': 0.5, 'other_pt': 'all'}
use_attention :  False
cosine_constraint :  True
pt_threshold :  0.5
filter_module :  OriginalFilter
temperature :  1.0
weight_mse 0.1
weight_kl :  0.3
weight_constraint :  0.2
run RobustPrompt-T
Epoch 001 |  Time(s) 0.0151 | RobustPrompt-T Loss 1.9459  
Epoch 002 |  Time(s) 0.0149 | RobustPrompt-T Loss 1.9433  
Epoch 003 |  Time(s) 0.0144 | RobustPrompt-T Loss 1.9558  
Epoch 004 |  Time(s) 0.0139 | RobustPrompt-T Loss 1.9033  
Epoch 005 |  Time(s) 0.0140 | RobustPrompt-T Loss 1.9085  
Epoch 006 |  Time(s) 0.0140 | RobustPrompt-T Loss 1.8678  
Epoch 007 |  Time(s) 0.0141 | RobustPrompt-T Loss 1.8234  
Epoch 008 |  Time(s) 0.0145 | RobustPrompt-T Loss 1.8121  
Epoch 009 |  Time(s) 0.0141 | RobustPrompt-T Loss 1.7915  
Epoch 010 |  Time(s) 0.0141 | RobustPrompt-T Loss 1.8237  
Epoch 011 |  Time(s) 0.0139 | RobustPrompt-T Loss 1.7691  
Epoch 012 |  Time(s) 0.0143 | RobustPrompt-T Loss 1.7582  
Epoch 013 |  Time(s) 0.0142 | RobustPrompt-T Loss 1.7190  
Epoch 014 |  Time(s) 0.0141 | RobustPrompt-T Loss 1.7135  
Epoch 015 |  Time(s) 0.0139 | RobustPrompt-T Loss 1.7146  
Epoch 016 |  Time(s) 0.0140 | RobustPrompt-T Loss 1.7211  
Epoch 017 |  Time(s) 0.0141 | RobustPrompt-T Loss 1.6860  
Epoch 018 |  Time(s) 0.0140 | RobustPrompt-T Loss 1.6628  
Epoch 019 |  Time(s) 0.0141 | RobustPrompt-T Loss 1.6929  
Epoch 020 |  Time(s) 0.0140 | RobustPrompt-T Loss 1.6752  
Epoch 021 |  Time(s) 0.0139 | RobustPrompt-T Loss 1.7070  
Epoch 022 |  Time(s) 0.0140 | RobustPrompt-T Loss 1.6506  
Epoch 023 |  Time(s) 0.0141 | RobustPrompt-T Loss 1.6227  
Epoch 024 |  Time(s) 0.0140 | RobustPrompt-T Loss 1.5918  
Epoch 025 |  Time(s) 0.0140 | RobustPrompt-T Loss 1.6108  
Epoch 026 |  Time(s) 0.0140 | RobustPrompt-T Loss 1.7142  
Epoch 027 |  Time(s) 0.0139 | RobustPrompt-T Loss 1.7099  
Epoch 028 |  Time(s) 0.0141 | RobustPrompt-T Loss 1.6397  
Epoch 029 |  Time(s) 0.0146 | RobustPrompt-T Loss 1.6875  
Epoch 030 |  Time(s) 0.0141 | RobustPrompt-T Loss 1.5935  
Epoch 031 |  Time(s) 0.0141 | RobustPrompt-T Loss 1.6055  
Epoch 032 |  Time(s) 0.0142 | RobustPrompt-T Loss 1.5279  
Epoch 033 |  Time(s) 0.0140 | RobustPrompt-T Loss 1.5684  
Epoch 034 |  Time(s) 0.0140 | RobustPrompt-T Loss 1.4719  
Epoch 035 |  Time(s) 0.0140 | RobustPrompt-T Loss 1.5400  
Epoch 036 |  Time(s) 0.0141 | RobustPrompt-T Loss 1.4165  
Epoch 037 |  Time(s) 0.0140 | RobustPrompt-T Loss 1.4273  
Epoch 038 |  Time(s) 0.0140 | RobustPrompt-T Loss 1.4161  
Epoch 039 |  Time(s) 0.0140 | RobustPrompt-T Loss 1.4134  
Epoch 040 |  Time(s) 0.0145 | RobustPrompt-T Loss 1.3772  
Epoch 041 |  Time(s) 0.0140 | RobustPrompt-T Loss 1.3541  
Epoch 042 |  Time(s) 0.0140 | RobustPrompt-T Loss 1.2702  
Epoch 043 |  Time(s) 0.0140 | RobustPrompt-T Loss 1.3227  
Epoch 044 |  Time(s) 0.0140 | RobustPrompt-T Loss 1.1937  
Epoch 045 |  Time(s) 0.0140 | RobustPrompt-T Loss 1.2158  
Epoch 046 |  Time(s) 0.0141 | RobustPrompt-T Loss 1.2054  
Epoch 047 |  Time(s) 0.0141 | RobustPrompt-T Loss 1.1150  
Epoch 048 |  Time(s) 0.0139 | RobustPrompt-T Loss 1.1284  
Epoch 049 |  Time(s) 0.0141 | RobustPrompt-T Loss 1.0567  
Epoch 050 |  Time(s) 0.0140 | RobustPrompt-T Loss 1.0077  
Epoch 051 |  Time(s) 0.0141 | RobustPrompt-T Loss 1.0250  
Epoch 052 |  Time(s) 0.0140 | RobustPrompt-T Loss 0.9975  
Epoch 053 |  Time(s) 0.0146 | RobustPrompt-T Loss 0.9579  
Epoch 054 |  Time(s) 0.0144 | RobustPrompt-T Loss 0.8949  
Epoch 055 |  Time(s) 0.0139 | RobustPrompt-T Loss 0.8938  
Epoch 056 |  Time(s) 0.0142 | RobustPrompt-T Loss 0.8840  
Epoch 057 |  Time(s) 0.0144 | RobustPrompt-T Loss 0.8693  
Epoch 058 |  Time(s) 0.0142 | RobustPrompt-T Loss 0.9047  
Epoch 059 |  Time(s) 0.0142 | RobustPrompt-T Loss 0.8380  
Epoch 060 |  Time(s) 0.0140 | RobustPrompt-T Loss 0.7899  
Epoch 061 |  Time(s) 0.0142 | RobustPrompt-T Loss 0.8107  
Epoch 062 |  Time(s) 0.0144 | RobustPrompt-T Loss 0.9016  
Epoch 063 |  Time(s) 0.0143 | RobustPrompt-T Loss 0.7949  
Epoch 064 |  Time(s) 0.0142 | RobustPrompt-T Loss 1.0378  
Epoch 065 |  Time(s) 0.0145 | RobustPrompt-T Loss 1.0961  
Epoch 066 |  Time(s) 0.0142 | RobustPrompt-T Loss 0.7883  
Epoch 067 |  Time(s) 0.0141 | RobustPrompt-T Loss 0.8450  
Epoch 068 |  Time(s) 0.0142 | RobustPrompt-T Loss 0.9376  
Epoch 069 |  Time(s) 0.0141 | RobustPrompt-T Loss 0.7739  
Epoch 070 |  Time(s) 0.0144 | RobustPrompt-T Loss 0.9639  
Epoch 071 |  Time(s) 0.0141 | RobustPrompt-T Loss 1.0708  
Epoch 072 |  Time(s) 0.0143 | RobustPrompt-T Loss 0.6943  
Epoch 073 |  Time(s) 0.0145 | RobustPrompt-T Loss 0.9164  
Epoch 074 |  Time(s) 0.0144 | RobustPrompt-T Loss 0.9726  
Epoch 075 |  Time(s) 0.0143 | RobustPrompt-T Loss 0.7758  
Epoch 076 |  Time(s) 0.0140 | RobustPrompt-T Loss 0.8378  
Epoch 077 |  Time(s) 0.0140 | RobustPrompt-T Loss 0.9856  
Epoch 078 |  Time(s) 0.0141 | RobustPrompt-T Loss 0.6686  
Epoch 079 |  Time(s) 0.0144 | RobustPrompt-T Loss 1.1541  
Epoch 080 |  Time(s) 0.0142 | RobustPrompt-T Loss 1.5054  
Epoch 081 |  Time(s) 0.0143 | RobustPrompt-T Loss 1.0950  
Epoch 082 |  Time(s) 0.0144 | RobustPrompt-T Loss 0.8919  
Epoch 083 |  Time(s) 0.0143 | RobustPrompt-T Loss 0.7645  
Epoch 084 |  Time(s) 0.0149 | RobustPrompt-T Loss 1.3424  
Epoch 085 |  Time(s) 0.0141 | RobustPrompt-T Loss 1.7252  
Epoch 086 |  Time(s) 0.0142 | RobustPrompt-T Loss 1.0151  
Epoch 087 |  Time(s) 0.0145 | RobustPrompt-T Loss 1.1654  
Epoch 088 |  Time(s) 0.0141 | RobustPrompt-T Loss 1.3219  
Epoch 089 |  Time(s) 0.0144 | RobustPrompt-T Loss 0.8894  
Epoch 090 |  Time(s) 0.0146 | RobustPrompt-T Loss 0.9107  
Epoch 091 |  Time(s) 0.0144 | RobustPrompt-T Loss 1.1286  
Epoch 092 |  Time(s) 0.0146 | RobustPrompt-T Loss 0.7852  
Epoch 093 |  Time(s) 0.0145 | RobustPrompt-T Loss 1.1935  
Epoch 094 |  Time(s) 0.0145 | RobustPrompt-T Loss 1.4310  
Epoch 095 |  Time(s) 0.0145 | RobustPrompt-T Loss 1.0285  
Epoch 096 |  Time(s) 0.0141 | RobustPrompt-T Loss 0.8632  
Epoch 097 |  Time(s) 0.0146 | RobustPrompt-T Loss 1.2179  
----------------------------------------------------------------------------------------------------
Early stopping at 98 eopch!
Final True Accuracy: 0.0880 | Macro F1 Score: 0.0469
best_loss [tensor(0.8862, device='cuda:0', grad_fn=<AddBackward0>)]
load LLC or attacked data with specified split
Successfully loaded the attack of dataname with few shot 5, split 1
Attack method : Meta_Self | Attack ptb : 0.2 | Dataset: Cora
======================
Number of graphs: 1
Number of features: 1433
Number of classes: 7

Data(x=[2708, 1433], edge_index=[2, 15484], y=[2708], train_mask=[2708], val_mask=[2708], test_mask=[2708])
===========================================================================================================
Number of nodes: 2708
Number of edges: 15484
Average node degree: 5.72
Has isolated nodes: False
Has self-loops: True
Is undirected: True
GCN(
  (conv_layers): ModuleList(
    (0): GCNConv(1433, 256)
    (1): GCNConv(256, 256)
  )
)
Successfully loaded pre-trained weights!
use RobustPrompt Tranductive
defense pt dict :  {'sim_pt': 0.3, 'degree_pt': -1, 'out_detect_pt': 0.5, 'other_pt': 'all'}
use_attention :  False
cosine_constraint :  True
pt_threshold :  0.5
filter_module :  OriginalFilter
temperature :  1.0
weight_mse 0.1
weight_kl :  0.3
weight_constraint :  0.2
run RobustPrompt-T
Epoch 001 |  Time(s) 0.0152 | RobustPrompt-T Loss 1.9459  
Epoch 002 |  Time(s) 0.0148 | RobustPrompt-T Loss 1.9351  
Epoch 003 |  Time(s) 0.0147 | RobustPrompt-T Loss 1.8944  
Epoch 004 |  Time(s) 0.0141 | RobustPrompt-T Loss 1.8706  
Epoch 005 |  Time(s) 0.0144 | RobustPrompt-T Loss 1.8956  
Epoch 006 |  Time(s) 0.0146 | RobustPrompt-T Loss 1.7787  
Epoch 007 |  Time(s) 0.0142 | RobustPrompt-T Loss 1.8540  
Epoch 008 |  Time(s) 0.0143 | RobustPrompt-T Loss 1.8259  
Epoch 009 |  Time(s) 0.0146 | RobustPrompt-T Loss 1.7274  
Epoch 010 |  Time(s) 0.0144 | RobustPrompt-T Loss 1.7822  
Epoch 011 |  Time(s) 0.0141 | RobustPrompt-T Loss 1.7239  
Epoch 012 |  Time(s) 0.0145 | RobustPrompt-T Loss 1.6915  
Epoch 013 |  Time(s) 0.0145 | RobustPrompt-T Loss 1.7064  
Epoch 014 |  Time(s) 0.0147 | RobustPrompt-T Loss 1.6903  
Epoch 015 |  Time(s) 0.0149 | RobustPrompt-T Loss 1.6758  
Epoch 016 |  Time(s) 0.0142 | RobustPrompt-T Loss 1.6595  
Epoch 017 |  Time(s) 0.0140 | RobustPrompt-T Loss 1.6488  
Epoch 018 |  Time(s) 0.0141 | RobustPrompt-T Loss 1.6611  
Epoch 019 |  Time(s) 0.0145 | RobustPrompt-T Loss 1.6485  
Epoch 020 |  Time(s) 0.0151 | RobustPrompt-T Loss 1.6436  
Epoch 021 |  Time(s) 0.0142 | RobustPrompt-T Loss 1.6158  
Epoch 022 |  Time(s) 0.0141 | RobustPrompt-T Loss 1.6109  
Epoch 023 |  Time(s) 0.0148 | RobustPrompt-T Loss 1.5847  
Epoch 024 |  Time(s) 0.0145 | RobustPrompt-T Loss 1.5799  
Epoch 025 |  Time(s) 0.0139 | RobustPrompt-T Loss 1.5572  
Epoch 026 |  Time(s) 0.0138 | RobustPrompt-T Loss 1.5852  
Epoch 027 |  Time(s) 0.0141 | RobustPrompt-T Loss 1.6090  
Epoch 028 |  Time(s) 0.0141 | RobustPrompt-T Loss 1.6170  
Epoch 029 |  Time(s) 0.0138 | RobustPrompt-T Loss 1.5800  
Epoch 030 |  Time(s) 0.0140 | RobustPrompt-T Loss 1.9966  
Epoch 031 |  Time(s) 0.0140 | RobustPrompt-T Loss 1.8552  
Epoch 032 |  Time(s) 0.0141 | RobustPrompt-T Loss 1.7130  
Epoch 033 |  Time(s) 0.0142 | RobustPrompt-T Loss 1.7520  
Epoch 034 |  Time(s) 0.0145 | RobustPrompt-T Loss 1.5638  
Epoch 035 |  Time(s) 0.0140 | RobustPrompt-T Loss 1.6862  
Epoch 036 |  Time(s) 0.0141 | RobustPrompt-T Loss 1.6518  
Epoch 037 |  Time(s) 0.0143 | RobustPrompt-T Loss 1.5439  
Epoch 038 |  Time(s) 0.0147 | RobustPrompt-T Loss 1.5396  
Epoch 039 |  Time(s) 0.0140 | RobustPrompt-T Loss 1.5620  
Epoch 040 |  Time(s) 0.0142 | RobustPrompt-T Loss 1.4964  
Epoch 041 |  Time(s) 0.0141 | RobustPrompt-T Loss 1.4804  
Epoch 042 |  Time(s) 0.0141 | RobustPrompt-T Loss 1.4982  
Epoch 043 |  Time(s) 0.0146 | RobustPrompt-T Loss 1.4717  
Epoch 044 |  Time(s) 0.0145 | RobustPrompt-T Loss 1.4618  
Epoch 045 |  Time(s) 0.0139 | RobustPrompt-T Loss 1.4125  
Epoch 046 |  Time(s) 0.0141 | RobustPrompt-T Loss 1.3433  
Epoch 047 |  Time(s) 0.0140 | RobustPrompt-T Loss 1.3435  
Epoch 048 |  Time(s) 0.0139 | RobustPrompt-T Loss 1.4178  
Epoch 049 |  Time(s) 0.0141 | RobustPrompt-T Loss 1.3058  
Epoch 050 |  Time(s) 0.0140 | RobustPrompt-T Loss 1.3087  
Epoch 051 |  Time(s) 0.0140 | RobustPrompt-T Loss 1.2272  
Epoch 052 |  Time(s) 0.0140 | RobustPrompt-T Loss 1.1952  
Epoch 053 |  Time(s) 0.0139 | RobustPrompt-T Loss 1.2763  
Epoch 054 |  Time(s) 0.0142 | RobustPrompt-T Loss 1.1417  
Epoch 055 |  Time(s) 0.0139 | RobustPrompt-T Loss 1.1172  
Epoch 056 |  Time(s) 0.0145 | RobustPrompt-T Loss 1.1344  
Epoch 057 |  Time(s) 0.0141 | RobustPrompt-T Loss 1.0477  
Epoch 058 |  Time(s) 0.0140 | RobustPrompt-T Loss 1.0510  
Epoch 059 |  Time(s) 0.0141 | RobustPrompt-T Loss 1.1076  
Epoch 060 |  Time(s) 0.0142 | RobustPrompt-T Loss 0.9984  
Epoch 061 |  Time(s) 0.0140 | RobustPrompt-T Loss 0.9563  
Epoch 062 |  Time(s) 0.0141 | RobustPrompt-T Loss 0.9586  
Epoch 063 |  Time(s) 0.0140 | RobustPrompt-T Loss 0.9265  
Epoch 064 |  Time(s) 0.0141 | RobustPrompt-T Loss 0.9198  
Epoch 065 |  Time(s) 0.0138 | RobustPrompt-T Loss 0.9138  
Epoch 066 |  Time(s) 0.0139 | RobustPrompt-T Loss 0.8616  
Epoch 067 |  Time(s) 0.0141 | RobustPrompt-T Loss 0.8543  
Epoch 068 |  Time(s) 0.0141 | RobustPrompt-T Loss 0.8170  
Epoch 069 |  Time(s) 0.0140 | RobustPrompt-T Loss 0.7825  
Epoch 070 |  Time(s) 0.0141 | RobustPrompt-T Loss 0.7860  
Epoch 071 |  Time(s) 0.0140 | RobustPrompt-T Loss 0.7731  
Epoch 072 |  Time(s) 0.0141 | RobustPrompt-T Loss 0.7316  
Epoch 073 |  Time(s) 0.0140 | RobustPrompt-T Loss 0.7159  
Epoch 074 |  Time(s) 0.0139 | RobustPrompt-T Loss 0.7134  
Epoch 075 |  Time(s) 0.0141 | RobustPrompt-T Loss 0.6967  
Epoch 076 |  Time(s) 0.0145 | RobustPrompt-T Loss 0.7107  
Epoch 077 |  Time(s) 0.0140 | RobustPrompt-T Loss 0.7358  
Epoch 078 |  Time(s) 0.0141 | RobustPrompt-T Loss 0.6361  
Epoch 079 |  Time(s) 0.0141 | RobustPrompt-T Loss 0.6319  
Epoch 080 |  Time(s) 0.0142 | RobustPrompt-T Loss 0.7072  
Epoch 081 |  Time(s) 0.0138 | RobustPrompt-T Loss 0.5876  
Epoch 082 |  Time(s) 0.0142 | RobustPrompt-T Loss 0.6322  
Epoch 083 |  Time(s) 0.0141 | RobustPrompt-T Loss 0.6285  
Epoch 084 |  Time(s) 0.0140 | RobustPrompt-T Loss 0.5538  
Epoch 085 |  Time(s) 0.0139 | RobustPrompt-T Loss 0.5544  
Epoch 086 |  Time(s) 0.0140 | RobustPrompt-T Loss 0.6105  
Epoch 087 |  Time(s) 0.0139 | RobustPrompt-T Loss 0.4987  
Epoch 088 |  Time(s) 0.0148 | RobustPrompt-T Loss 0.5987  
Epoch 089 |  Time(s) 0.0144 | RobustPrompt-T Loss 0.4866  
Epoch 090 |  Time(s) 0.0141 | RobustPrompt-T Loss 0.5523  
Epoch 091 |  Time(s) 0.0140 | RobustPrompt-T Loss 0.5315  
Epoch 092 |  Time(s) 0.0145 | RobustPrompt-T Loss 0.4333  
Epoch 093 |  Time(s) 0.0144 | RobustPrompt-T Loss 0.6461  
Epoch 094 |  Time(s) 0.0141 | RobustPrompt-T Loss 0.4816  
Epoch 095 |  Time(s) 0.0145 | RobustPrompt-T Loss 0.7508  
Epoch 096 |  Time(s) 0.0142 | RobustPrompt-T Loss 0.8318  
Epoch 097 |  Time(s) 0.0143 | RobustPrompt-T Loss 0.3582  
Epoch 098 |  Time(s) 0.0145 | RobustPrompt-T Loss 0.7961  
Epoch 099 |  Time(s) 0.0144 | RobustPrompt-T Loss 0.6648  
Epoch 100 |  Time(s) 0.0142 | RobustPrompt-T Loss 0.4004  
Epoch 101 |  Time(s) 0.0140 | RobustPrompt-T Loss 0.4812  
Epoch 102 |  Time(s) 0.0145 | RobustPrompt-T Loss 0.4168  
Epoch 103 |  Time(s) 0.0143 | RobustPrompt-T Loss 0.4122  
Epoch 104 |  Time(s) 0.0143 | RobustPrompt-T Loss 0.3999  
Epoch 105 |  Time(s) 0.0144 | RobustPrompt-T Loss 0.3707  
Epoch 106 |  Time(s) 0.0145 | RobustPrompt-T Loss 0.3944  
Epoch 107 |  Time(s) 0.0141 | RobustPrompt-T Loss 0.3290  
Epoch 108 |  Time(s) 0.0147 | RobustPrompt-T Loss 0.3264  
Epoch 109 |  Time(s) 0.0140 | RobustPrompt-T Loss 0.4394  
Epoch 110 |  Time(s) 0.0142 | RobustPrompt-T Loss 0.3529  
Epoch 111 |  Time(s) 0.0145 | RobustPrompt-T Loss 0.4116  
Epoch 112 |  Time(s) 0.0143 | RobustPrompt-T Loss 0.4292  
Epoch 113 |  Time(s) 0.0143 | RobustPrompt-T Loss 0.2665  
Epoch 114 |  Time(s) 0.0140 | RobustPrompt-T Loss 0.3039  
Epoch 115 |  Time(s) 0.0144 | RobustPrompt-T Loss 0.2633  
Epoch 116 |  Time(s) 0.0142 | RobustPrompt-T Loss 0.3163  
Epoch 117 |  Time(s) 0.0143 | RobustPrompt-T Loss 0.2316  
Epoch 118 |  Time(s) 0.0145 | RobustPrompt-T Loss 0.5081  
Epoch 119 |  Time(s) 0.0144 | RobustPrompt-T Loss 0.5255  
Epoch 120 |  Time(s) 0.0142 | RobustPrompt-T Loss 0.2123  
Epoch 121 |  Time(s) 0.0144 | RobustPrompt-T Loss 0.3738  
Epoch 122 |  Time(s) 0.0142 | RobustPrompt-T Loss 0.3204  
Epoch 123 |  Time(s) 0.0144 | RobustPrompt-T Loss 0.2430  
Epoch 124 |  Time(s) 0.0146 | RobustPrompt-T Loss 0.3370  
Epoch 125 |  Time(s) 0.0142 | RobustPrompt-T Loss 0.3463  
Epoch 126 |  Time(s) 0.0142 | RobustPrompt-T Loss 0.1705  
Epoch 127 |  Time(s) 0.0140 | RobustPrompt-T Loss 0.2302  
Epoch 128 |  Time(s) 0.0146 | RobustPrompt-T Loss 0.1614  
Epoch 129 |  Time(s) 0.0151 | RobustPrompt-T Loss 0.2709  
Epoch 130 |  Time(s) 0.0139 | RobustPrompt-T Loss 0.2163  
Epoch 131 |  Time(s) 0.0139 | RobustPrompt-T Loss 0.1924  
Epoch 132 |  Time(s) 0.0134 | RobustPrompt-T Loss 0.2272  
Epoch 133 |  Time(s) 0.0132 | RobustPrompt-T Loss 0.1602  
Epoch 134 |  Time(s) 0.0136 | RobustPrompt-T Loss 0.3540  
Epoch 135 |  Time(s) 0.0140 | RobustPrompt-T Loss 0.3592  
Epoch 136 |  Time(s) 0.0142 | RobustPrompt-T Loss 0.1617  
Epoch 137 |  Time(s) 0.0142 | RobustPrompt-T Loss 0.2434  
Epoch 138 |  Time(s) 0.0138 | RobustPrompt-T Loss 0.2494  
Epoch 139 |  Time(s) 0.0140 | RobustPrompt-T Loss 0.1815  
Epoch 140 |  Time(s) 0.0140 | RobustPrompt-T Loss 0.3014  
Epoch 141 |  Time(s) 0.0141 | RobustPrompt-T Loss 0.3807  
Epoch 142 |  Time(s) 0.0140 | RobustPrompt-T Loss 0.1427  
Epoch 143 |  Time(s) 0.0143 | RobustPrompt-T Loss 0.2375  
Epoch 144 |  Time(s) 0.0147 | RobustPrompt-T Loss 0.4726  
Epoch 145 |  Time(s) 0.0137 | RobustPrompt-T Loss 0.2176  
Epoch 146 |  Time(s) 0.0134 | RobustPrompt-T Loss 0.1438  
Epoch 147 |  Time(s) 0.0141 | RobustPrompt-T Loss 0.2348  
Epoch 148 |  Time(s) 0.0131 | RobustPrompt-T Loss 0.1270  
Epoch 149 |  Time(s) 0.0128 | RobustPrompt-T Loss 0.2263  
Epoch 150 |  Time(s) 0.0133 | RobustPrompt-T Loss 0.2903  
Epoch 151 |  Time(s) 0.0144 | RobustPrompt-T Loss 0.1590  
Epoch 152 |  Time(s) 0.0143 | RobustPrompt-T Loss 0.1200  
Epoch 153 |  Time(s) 0.0141 | RobustPrompt-T Loss 0.1730  
Epoch 154 |  Time(s) 0.0140 | RobustPrompt-T Loss 0.0954  
Epoch 155 |  Time(s) 0.0135 | RobustPrompt-T Loss 0.0947  
Epoch 156 |  Time(s) 0.0145 | RobustPrompt-T Loss 0.1180  
Epoch 157 |  Time(s) 0.0131 | RobustPrompt-T Loss 0.0962  
Epoch 158 |  Time(s) 0.0140 | RobustPrompt-T Loss 0.0833  
Epoch 159 |  Time(s) 0.0140 | RobustPrompt-T Loss 0.0850  
Epoch 160 |  Time(s) 0.0138 | RobustPrompt-T Loss 0.0922  
Epoch 161 |  Time(s) 0.0141 | RobustPrompt-T Loss 0.1034  
Epoch 162 |  Time(s) 0.0141 | RobustPrompt-T Loss 0.0667  
Epoch 163 |  Time(s) 0.0140 | RobustPrompt-T Loss 0.0650  
Epoch 164 |  Time(s) 0.0144 | RobustPrompt-T Loss 0.0706  
Epoch 165 |  Time(s) 0.0141 | RobustPrompt-T Loss 0.0580  
Epoch 166 |  Time(s) 0.0141 | RobustPrompt-T Loss 0.0590  
Epoch 167 |  Time(s) 0.0140 | RobustPrompt-T Loss 0.0735  
Epoch 168 |  Time(s) 0.0140 | RobustPrompt-T Loss 0.0745  
Epoch 169 |  Time(s) 0.0134 | RobustPrompt-T Loss 0.0681  
Epoch 170 |  Time(s) 0.0136 | RobustPrompt-T Loss 0.0557  
Epoch 171 |  Time(s) 0.0135 | RobustPrompt-T Loss 0.0659  
Epoch 172 |  Time(s) 0.0137 | RobustPrompt-T Loss 0.0707  
Epoch 173 |  Time(s) 0.0138 | RobustPrompt-T Loss 0.0562  
Epoch 174 |  Time(s) 0.0141 | RobustPrompt-T Loss 0.0489  
Epoch 175 |  Time(s) 0.0136 | RobustPrompt-T Loss 0.0656  
Epoch 176 |  Time(s) 0.0128 | RobustPrompt-T Loss 0.0487  
Epoch 177 |  Time(s) 0.0137 | RobustPrompt-T Loss 0.0489  
Epoch 178 |  Time(s) 0.0134 | RobustPrompt-T Loss 0.0489  
Epoch 179 |  Time(s) 0.0137 | RobustPrompt-T Loss 0.0452  
Epoch 180 |  Time(s) 0.0138 | RobustPrompt-T Loss 0.0484  
Epoch 181 |  Time(s) 0.0136 | RobustPrompt-T Loss 0.0461  
Epoch 182 |  Time(s) 0.0136 | RobustPrompt-T Loss 0.0454  
Epoch 183 |  Time(s) 0.0139 | RobustPrompt-T Loss 0.0461  
Epoch 184 |  Time(s) 0.0135 | RobustPrompt-T Loss 0.0432  
Epoch 185 |  Time(s) 0.0136 | RobustPrompt-T Loss 0.0435  
Epoch 186 |  Time(s) 0.0140 | RobustPrompt-T Loss 0.0428  
Epoch 187 |  Time(s) 0.0139 | RobustPrompt-T Loss 0.0417  
Epoch 188 |  Time(s) 0.0125 | RobustPrompt-T Loss 0.0432  
Epoch 189 |  Time(s) 0.0129 | RobustPrompt-T Loss 0.0404  
Epoch 190 |  Time(s) 0.0128 | RobustPrompt-T Loss 0.0399  
Epoch 191 |  Time(s) 0.0131 | RobustPrompt-T Loss 0.0424  
Epoch 192 |  Time(s) 0.0141 | RobustPrompt-T Loss 0.0399  
Epoch 193 |  Time(s) 0.0140 | RobustPrompt-T Loss 0.0397  
Epoch 194 |  Time(s) 0.0139 | RobustPrompt-T Loss 0.0418  
Epoch 195 |  Time(s) 0.0139 | RobustPrompt-T Loss 0.0396  
Epoch 196 |  Time(s) 0.0140 | RobustPrompt-T Loss 0.0406  
Epoch 197 |  Time(s) 0.0141 | RobustPrompt-T Loss 0.0406  
Epoch 198 |  Time(s) 0.0140 | RobustPrompt-T Loss 0.0404  
Epoch 199 |  Time(s) 0.0139 | RobustPrompt-T Loss 0.0398  
Epoch 200 |  Time(s) 0.0136 | RobustPrompt-T Loss 0.0395  
Final True Accuracy: 0.1026 | Macro F1 Score: 0.0756
best_loss [tensor(0.0395, device='cuda:0', grad_fn=<AddBackward0>)]
load LLC or attacked data with specified split
Successfully loaded the attack of dataname with few shot 5, split 1
Attack method : Meta_Self | Attack ptb : 0.2 | Dataset: Cora
======================
Number of graphs: 1
Number of features: 1433
Number of classes: 7

Data(x=[2708, 1433], edge_index=[2, 15484], y=[2708], train_mask=[2708], val_mask=[2708], test_mask=[2708])
===========================================================================================================
Number of nodes: 2708
Number of edges: 15484
Average node degree: 5.72
Has isolated nodes: False
Has self-loops: True
Is undirected: True
GCN(
  (conv_layers): ModuleList(
    (0): GCNConv(1433, 256)
    (1): GCNConv(256, 256)
  )
)
Successfully loaded pre-trained weights!
use RobustPrompt Tranductive
defense pt dict :  {'sim_pt': 0.3, 'degree_pt': -1, 'out_detect_pt': 0.5, 'other_pt': 'all'}
use_attention :  False
cosine_constraint :  True
pt_threshold :  0.5
filter_module :  OriginalFilter
temperature :  1.0
weight_mse 0.1
weight_kl :  0.3
weight_constraint :  0.2
run RobustPrompt-T
Epoch 001 |  Time(s) 0.0143 | RobustPrompt-T Loss 1.9464  
Epoch 002 |  Time(s) 0.0138 | RobustPrompt-T Loss 1.9502  
Epoch 003 |  Time(s) 0.0139 | RobustPrompt-T Loss 1.9287  
Epoch 004 |  Time(s) 0.0138 | RobustPrompt-T Loss 1.9192  
Epoch 005 |  Time(s) 0.0142 | RobustPrompt-T Loss 1.9041  
Epoch 006 |  Time(s) 0.0141 | RobustPrompt-T Loss 1.9006  
Epoch 007 |  Time(s) 0.0140 | RobustPrompt-T Loss 1.8741  
Epoch 008 |  Time(s) 0.0139 | RobustPrompt-T Loss 1.8631  
Epoch 009 |  Time(s) 0.0140 | RobustPrompt-T Loss 1.8687  
Epoch 010 |  Time(s) 0.0137 | RobustPrompt-T Loss 1.8363  
Epoch 011 |  Time(s) 0.0138 | RobustPrompt-T Loss 1.7983  
Epoch 012 |  Time(s) 0.0139 | RobustPrompt-T Loss 1.7754  
Epoch 013 |  Time(s) 0.0138 | RobustPrompt-T Loss 1.7733  
Epoch 014 |  Time(s) 0.0138 | RobustPrompt-T Loss 1.7340  
Epoch 015 |  Time(s) 0.0139 | RobustPrompt-T Loss 1.6939  
Epoch 016 |  Time(s) 0.0140 | RobustPrompt-T Loss 1.6987  
Epoch 017 |  Time(s) 0.0136 | RobustPrompt-T Loss 1.7257  
Epoch 018 |  Time(s) 0.0138 | RobustPrompt-T Loss 1.6934  
Epoch 019 |  Time(s) 0.0139 | RobustPrompt-T Loss 1.6428  
Epoch 020 |  Time(s) 0.0139 | RobustPrompt-T Loss 1.7071  
Epoch 021 |  Time(s) 0.0139 | RobustPrompt-T Loss 1.6677  
Epoch 022 |  Time(s) 0.0140 | RobustPrompt-T Loss 1.6709  
Epoch 023 |  Time(s) 0.0140 | RobustPrompt-T Loss 1.6317  
Epoch 024 |  Time(s) 0.0140 | RobustPrompt-T Loss 1.6071  
Epoch 025 |  Time(s) 0.0140 | RobustPrompt-T Loss 1.6517  
Epoch 026 |  Time(s) 0.0140 | RobustPrompt-T Loss 1.6411  
Epoch 027 |  Time(s) 0.0132 | RobustPrompt-T Loss 1.6228  
Epoch 028 |  Time(s) 0.0139 | RobustPrompt-T Loss 1.6027  
Epoch 029 |  Time(s) 0.0140 | RobustPrompt-T Loss 1.5480  
Epoch 030 |  Time(s) 0.0139 | RobustPrompt-T Loss 1.5945  
Epoch 031 |  Time(s) 0.0141 | RobustPrompt-T Loss 1.5453  
Epoch 032 |  Time(s) 0.0140 | RobustPrompt-T Loss 1.5008  
Epoch 033 |  Time(s) 0.0140 | RobustPrompt-T Loss 1.5521  
Epoch 034 |  Time(s) 0.0140 | RobustPrompt-T Loss 1.4537  
Epoch 035 |  Time(s) 0.0141 | RobustPrompt-T Loss 1.4739  
Epoch 036 |  Time(s) 0.0143 | RobustPrompt-T Loss 1.4903  
Epoch 037 |  Time(s) 0.0140 | RobustPrompt-T Loss 1.3664  
Epoch 038 |  Time(s) 0.0140 | RobustPrompt-T Loss 1.4706  
Epoch 039 |  Time(s) 0.0139 | RobustPrompt-T Loss 1.3158  
Epoch 040 |  Time(s) 0.0137 | RobustPrompt-T Loss 1.5643  
Epoch 041 |  Time(s) 0.0141 | RobustPrompt-T Loss 1.4236  
Epoch 042 |  Time(s) 0.0142 | RobustPrompt-T Loss 1.3775  
Epoch 043 |  Time(s) 0.0141 | RobustPrompt-T Loss 1.3596  
Epoch 044 |  Time(s) 0.0140 | RobustPrompt-T Loss 1.2202  
Epoch 045 |  Time(s) 0.0136 | RobustPrompt-T Loss 1.2004  
Epoch 046 |  Time(s) 0.0142 | RobustPrompt-T Loss 1.2750  
Epoch 047 |  Time(s) 0.0141 | RobustPrompt-T Loss 1.1883  
Epoch 048 |  Time(s) 0.0140 | RobustPrompt-T Loss 1.2447  
Epoch 049 |  Time(s) 0.0141 | RobustPrompt-T Loss 1.2130  
Epoch 050 |  Time(s) 0.0140 | RobustPrompt-T Loss 1.0845  
Epoch 051 |  Time(s) 0.0141 | RobustPrompt-T Loss 1.1094  
Epoch 052 |  Time(s) 0.0141 | RobustPrompt-T Loss 1.0349  
Epoch 053 |  Time(s) 0.0140 | RobustPrompt-T Loss 1.0326  
Epoch 054 |  Time(s) 0.0140 | RobustPrompt-T Loss 1.0536  
Epoch 055 |  Time(s) 0.0140 | RobustPrompt-T Loss 0.9723  
Epoch 056 |  Time(s) 0.0141 | RobustPrompt-T Loss 1.1267  
Epoch 057 |  Time(s) 0.0138 | RobustPrompt-T Loss 1.0130  
Epoch 058 |  Time(s) 0.0141 | RobustPrompt-T Loss 1.0038  
Epoch 059 |  Time(s) 0.0140 | RobustPrompt-T Loss 1.0247  
Epoch 060 |  Time(s) 0.0140 | RobustPrompt-T Loss 0.9073  
Epoch 061 |  Time(s) 0.0140 | RobustPrompt-T Loss 0.8951  
Epoch 062 |  Time(s) 0.0140 | RobustPrompt-T Loss 0.9291  
Epoch 063 |  Time(s) 0.0139 | RobustPrompt-T Loss 0.8865  
Epoch 064 |  Time(s) 0.0141 | RobustPrompt-T Loss 0.9614  
Epoch 065 |  Time(s) 0.0141 | RobustPrompt-T Loss 0.9360  
Epoch 066 |  Time(s) 0.0140 | RobustPrompt-T Loss 0.8143  
Epoch 067 |  Time(s) 0.0141 | RobustPrompt-T Loss 0.8036  
Epoch 068 |  Time(s) 0.0145 | RobustPrompt-T Loss 0.8715  
Epoch 069 |  Time(s) 0.0142 | RobustPrompt-T Loss 0.7690  
Epoch 070 |  Time(s) 0.0143 | RobustPrompt-T Loss 0.9823  
Epoch 071 |  Time(s) 0.0138 | RobustPrompt-T Loss 1.0554  
Epoch 072 |  Time(s) 0.0142 | RobustPrompt-T Loss 0.7389  
Epoch 073 |  Time(s) 0.0141 | RobustPrompt-T Loss 1.1090  
Epoch 074 |  Time(s) 0.0140 | RobustPrompt-T Loss 1.2935  
Epoch 075 |  Time(s) 0.0145 | RobustPrompt-T Loss 0.8725  
Epoch 076 |  Time(s) 0.0142 | RobustPrompt-T Loss 1.0500  
Epoch 077 |  Time(s) 0.0141 | RobustPrompt-T Loss 1.3663  
Epoch 078 |  Time(s) 0.0142 | RobustPrompt-T Loss 1.1148  
Epoch 079 |  Time(s) 0.0145 | RobustPrompt-T Loss 0.8358  
Epoch 080 |  Time(s) 0.0144 | RobustPrompt-T Loss 0.8133  
Epoch 081 |  Time(s) 0.0147 | RobustPrompt-T Loss 0.7901  
Epoch 082 |  Time(s) 0.0142 | RobustPrompt-T Loss 0.8972  
Epoch 083 |  Time(s) 0.0142 | RobustPrompt-T Loss 0.8871  
Epoch 084 |  Time(s) 0.0145 | RobustPrompt-T Loss 0.7257  
Epoch 085 |  Time(s) 0.0142 | RobustPrompt-T Loss 0.7892  
Epoch 086 |  Time(s) 0.0142 | RobustPrompt-T Loss 0.7832  
Epoch 087 |  Time(s) 0.0141 | RobustPrompt-T Loss 0.8083  
Epoch 088 |  Time(s) 0.0141 | RobustPrompt-T Loss 0.7872  
Epoch 089 |  Time(s) 0.0145 | RobustPrompt-T Loss 0.6753  
Epoch 090 |  Time(s) 0.0144 | RobustPrompt-T Loss 0.7581  
Epoch 091 |  Time(s) 0.0141 | RobustPrompt-T Loss 0.7087  
Epoch 092 |  Time(s) 0.0141 | RobustPrompt-T Loss 0.7335  
Epoch 093 |  Time(s) 0.0145 | RobustPrompt-T Loss 0.7321  
Epoch 094 |  Time(s) 0.0143 | RobustPrompt-T Loss 0.6012  
Epoch 095 |  Time(s) 0.0142 | RobustPrompt-T Loss 0.6828  
Epoch 096 |  Time(s) 0.0146 | RobustPrompt-T Loss 0.6239  
Epoch 097 |  Time(s) 0.0142 | RobustPrompt-T Loss 0.7152  
Epoch 098 |  Time(s) 0.0143 | RobustPrompt-T Loss 0.7122  
Epoch 099 |  Time(s) 0.0143 | RobustPrompt-T Loss 0.5849  
Epoch 100 |  Time(s) 0.0144 | RobustPrompt-T Loss 0.6560  
Epoch 101 |  Time(s) 0.0147 | RobustPrompt-T Loss 0.5794  
Epoch 102 |  Time(s) 0.0146 | RobustPrompt-T Loss 0.6950  
Epoch 103 |  Time(s) 0.0146 | RobustPrompt-T Loss 0.7508  
Epoch 104 |  Time(s) 0.0148 | RobustPrompt-T Loss 0.5944  
Epoch 105 |  Time(s) 0.0144 | RobustPrompt-T Loss 0.7972  
Epoch 106 |  Time(s) 0.0144 | RobustPrompt-T Loss 1.0540  
Epoch 107 |  Time(s) 0.0141 | RobustPrompt-T Loss 0.7551  
Epoch 108 |  Time(s) 0.0142 | RobustPrompt-T Loss 0.7042  
Epoch 109 |  Time(s) 0.0148 | RobustPrompt-T Loss 0.7508  
Epoch 110 |  Time(s) 0.0142 | RobustPrompt-T Loss 0.6618  
Epoch 111 |  Time(s) 0.0142 | RobustPrompt-T Loss 0.7056  
Epoch 112 |  Time(s) 0.0139 | RobustPrompt-T Loss 0.7585  
Epoch 113 |  Time(s) 0.0148 | RobustPrompt-T Loss 0.6493  
Epoch 114 |  Time(s) 0.0144 | RobustPrompt-T Loss 0.7182  
Epoch 115 |  Time(s) 0.0146 | RobustPrompt-T Loss 0.7612  
Epoch 116 |  Time(s) 0.0144 | RobustPrompt-T Loss 0.6703  
Epoch 117 |  Time(s) 0.0146 | RobustPrompt-T Loss 0.7622  
Epoch 118 |  Time(s) 0.0142 | RobustPrompt-T Loss 0.8470  
Epoch 119 |  Time(s) 0.0143 | RobustPrompt-T Loss 0.6461  
Epoch 120 |  Time(s) 0.0145 | RobustPrompt-T Loss 0.7780  
----------------------------------------------------------------------------------------------------
Early stopping at 121 eopch!
Final True Accuracy: 0.0797 | Macro F1 Score: 0.0706
best_loss [tensor(0.8630, device='cuda:0', grad_fn=<AddBackward0>)]
{1: {1: 0.10548172891139984}, 2: {1: 0.11794020235538483}, 3: {1: 0.08803986757993698}, 4: {1: 0.10257475078105927}, 5: {1: 0.07973422110080719}}
{1: {1: 0.10548172891139984, 2: 0.11794020235538483, 3: 0.08803986757993698, 4: 0.10257475078105927, 5: 0.07973422110080719}}
########################################################################################
seed: 1 | split 1 : 0.10548172891139984
# Seed 1 Muti Split Final Acc: 0.1055±0.0000
seed: 2 | split 1 : 0.11794020235538483
# Seed 2 Muti Split Final Acc: 0.1179±0.0000
seed: 3 | split 1 : 0.08803986757993698
# Seed 3 Muti Split Final Acc: 0.0880±0.0000
seed: 4 | split 1 : 0.10257475078105927
# Seed 4 Muti Split Final Acc: 0.1026±0.0000
seed: 5 | split 1 : 0.07973422110080719
# Seed 5 Muti Split Final Acc: 0.0797±0.0000
########################################################################################
split: 1 | seed 1 : 0.10548172891139984
split: 1 | seed 2 : 0.11794020235538483
split: 1 | seed 3 : 0.08803986757993698
split: 1 | seed 4 : 0.10257475078105927
split: 1 | seed 5 : 0.07973422110080719
# Split 1 Muti Seed Acc without min value: 0.1035±0.0106
########################################################################################
