load LLC or attacked data with specified split
Successfully loaded the attack of dataname with few shot 5, split 1
Attack method : Meta_Self | Attack ptb : 0.1 | Dataset: Cora
======================
Number of graphs: 1
Number of features: 1433
Number of classes: 7

Data(x=[2708, 1433], edge_index=[2, 14378], y=[2708], train_mask=[2708], val_mask=[2708], test_mask=[2708])
===========================================================================================================
Number of nodes: 2708
Number of edges: 14378
Average node degree: 5.31
Has isolated nodes: False
Has self-loops: True
Is undirected: True
GCN(
  (conv_layers): ModuleList(
    (0): GCNConv(1433, 256)
    (1): GCNConv(256, 256)
  )
)
Successfully loaded pre-trained weights!
use RobustPrompt Tranductive
defense pt dict :  {'sim_pt': 0.3, 'degree_pt': 1, 'out_detect_pt': -1.0, 'other_pt': 'all'}
use_attention :  False
cosine_constraint :  True
pt_threshold :  0.5
filter_module :  OriginalFilter
temperature :  1.0
weight_mse 0.1
weight_kl :  0.3
weight_constraint :  0.2
run RobustPrompt-T
Epoch 001 |  Time(s) 0.2619 | RobustPrompt-T Loss 1.9508  
Epoch 002 |  Time(s) 0.0132 | RobustPrompt-T Loss 1.9826  
Epoch 003 |  Time(s) 0.0123 | RobustPrompt-T Loss 1.9360  
Epoch 004 |  Time(s) 0.0126 | RobustPrompt-T Loss 1.9330  
Epoch 005 |  Time(s) 0.0118 | RobustPrompt-T Loss 1.9267  
Epoch 006 |  Time(s) 0.0119 | RobustPrompt-T Loss 1.9102  
Epoch 007 |  Time(s) 0.0117 | RobustPrompt-T Loss 1.8865  
Epoch 008 |  Time(s) 0.0121 | RobustPrompt-T Loss 1.8639  
Epoch 009 |  Time(s) 0.0127 | RobustPrompt-T Loss 1.8295  
Epoch 010 |  Time(s) 0.0121 | RobustPrompt-T Loss 1.8229  
Epoch 011 |  Time(s) 0.0125 | RobustPrompt-T Loss 1.8430  
Epoch 012 |  Time(s) 0.0127 | RobustPrompt-T Loss 1.8114  
Epoch 013 |  Time(s) 0.0129 | RobustPrompt-T Loss 1.8131  
Epoch 014 |  Time(s) 0.0124 | RobustPrompt-T Loss 1.7876  
Epoch 015 |  Time(s) 0.0126 | RobustPrompt-T Loss 1.7834  
Epoch 016 |  Time(s) 0.0119 | RobustPrompt-T Loss 1.7949  
Epoch 017 |  Time(s) 0.0115 | RobustPrompt-T Loss 1.7836  
Epoch 018 |  Time(s) 0.0121 | RobustPrompt-T Loss 1.7925  
Epoch 019 |  Time(s) 0.0119 | RobustPrompt-T Loss 1.7794  
Epoch 020 |  Time(s) 0.0124 | RobustPrompt-T Loss 1.7886  
Epoch 021 |  Time(s) 0.0122 | RobustPrompt-T Loss 1.7657  
Epoch 022 |  Time(s) 0.0124 | RobustPrompt-T Loss 1.7607  
Epoch 023 |  Time(s) 0.0123 | RobustPrompt-T Loss 1.7613  
Epoch 024 |  Time(s) 0.0123 | RobustPrompt-T Loss 1.7755  
Epoch 025 |  Time(s) 0.0127 | RobustPrompt-T Loss 1.7711  
Epoch 026 |  Time(s) 0.0122 | RobustPrompt-T Loss 1.7776  
Epoch 027 |  Time(s) 0.0125 | RobustPrompt-T Loss 1.7198  
Epoch 028 |  Time(s) 0.0121 | RobustPrompt-T Loss 1.7779  
Epoch 029 |  Time(s) 0.0125 | RobustPrompt-T Loss 1.7193  
Epoch 030 |  Time(s) 0.0126 | RobustPrompt-T Loss 1.7390  
Epoch 031 |  Time(s) 0.0120 | RobustPrompt-T Loss 1.6817  
Epoch 032 |  Time(s) 0.0123 | RobustPrompt-T Loss 1.7194  
Epoch 033 |  Time(s) 0.0127 | RobustPrompt-T Loss 1.6926  
Epoch 034 |  Time(s) 0.0122 | RobustPrompt-T Loss 1.6813  
Epoch 035 |  Time(s) 0.0126 | RobustPrompt-T Loss 1.6343  
Epoch 036 |  Time(s) 0.0126 | RobustPrompt-T Loss 1.6246  
Epoch 037 |  Time(s) 0.0130 | RobustPrompt-T Loss 1.6109  
Epoch 038 |  Time(s) 0.0128 | RobustPrompt-T Loss 1.5586  
Epoch 039 |  Time(s) 0.0134 | RobustPrompt-T Loss 1.6078  
Epoch 040 |  Time(s) 0.0126 | RobustPrompt-T Loss 1.5444  
Epoch 041 |  Time(s) 0.0123 | RobustPrompt-T Loss 1.4898  
Epoch 042 |  Time(s) 0.0122 | RobustPrompt-T Loss 1.5268  
Epoch 043 |  Time(s) 0.0125 | RobustPrompt-T Loss 1.4226  
Epoch 044 |  Time(s) 0.0126 | RobustPrompt-T Loss 1.4173  
Epoch 045 |  Time(s) 0.0129 | RobustPrompt-T Loss 1.3839  
Epoch 046 |  Time(s) 0.0132 | RobustPrompt-T Loss 1.3442  
Epoch 047 |  Time(s) 0.0131 | RobustPrompt-T Loss 1.3339  
Epoch 048 |  Time(s) 0.0124 | RobustPrompt-T Loss 1.2734  
Epoch 049 |  Time(s) 0.0131 | RobustPrompt-T Loss 1.2888  
Epoch 050 |  Time(s) 0.0130 | RobustPrompt-T Loss 1.2163  
Epoch 051 |  Time(s) 0.0131 | RobustPrompt-T Loss 1.2010  
Epoch 052 |  Time(s) 0.0130 | RobustPrompt-T Loss 1.1670  
Epoch 053 |  Time(s) 0.0118 | RobustPrompt-T Loss 1.1457  
Epoch 054 |  Time(s) 0.0136 | RobustPrompt-T Loss 1.0981  
Epoch 055 |  Time(s) 0.0122 | RobustPrompt-T Loss 1.0654  
Epoch 056 |  Time(s) 0.0131 | RobustPrompt-T Loss 1.1133  
Epoch 057 |  Time(s) 0.0129 | RobustPrompt-T Loss 1.0619  
Epoch 058 |  Time(s) 0.0123 | RobustPrompt-T Loss 0.9875  
Epoch 059 |  Time(s) 0.0129 | RobustPrompt-T Loss 1.0077  
Epoch 060 |  Time(s) 0.0129 | RobustPrompt-T Loss 0.9821  
Epoch 061 |  Time(s) 0.0128 | RobustPrompt-T Loss 0.8975  
Epoch 062 |  Time(s) 0.0128 | RobustPrompt-T Loss 0.9875  
Epoch 063 |  Time(s) 0.0125 | RobustPrompt-T Loss 0.9454  
Epoch 064 |  Time(s) 0.0128 | RobustPrompt-T Loss 0.8153  
Epoch 065 |  Time(s) 0.0129 | RobustPrompt-T Loss 0.9760  
Epoch 066 |  Time(s) 0.0130 | RobustPrompt-T Loss 0.7595  
Epoch 067 |  Time(s) 0.0129 | RobustPrompt-T Loss 0.9744  
Epoch 068 |  Time(s) 0.0130 | RobustPrompt-T Loss 0.7331  
Epoch 069 |  Time(s) 0.0131 | RobustPrompt-T Loss 0.8130  
Epoch 070 |  Time(s) 0.0131 | RobustPrompt-T Loss 0.6939  
Epoch 071 |  Time(s) 0.0131 | RobustPrompt-T Loss 0.7165  
Epoch 072 |  Time(s) 0.0129 | RobustPrompt-T Loss 0.7392  
Epoch 073 |  Time(s) 0.0130 | RobustPrompt-T Loss 0.6604  
Epoch 074 |  Time(s) 0.0129 | RobustPrompt-T Loss 0.7588  
Epoch 075 |  Time(s) 0.0130 | RobustPrompt-T Loss 0.6690  
Epoch 076 |  Time(s) 0.0130 | RobustPrompt-T Loss 0.7220  
Epoch 077 |  Time(s) 0.0126 | RobustPrompt-T Loss 0.5961  
Epoch 078 |  Time(s) 0.0128 | RobustPrompt-T Loss 0.6703  
Epoch 079 |  Time(s) 0.0129 | RobustPrompt-T Loss 0.5749  
Epoch 080 |  Time(s) 0.0130 | RobustPrompt-T Loss 0.6272  
Epoch 081 |  Time(s) 0.0129 | RobustPrompt-T Loss 0.5622  
Epoch 082 |  Time(s) 0.0131 | RobustPrompt-T Loss 0.6137  
Epoch 083 |  Time(s) 0.0129 | RobustPrompt-T Loss 0.5368  
Epoch 084 |  Time(s) 0.0130 | RobustPrompt-T Loss 0.5656  
Epoch 085 |  Time(s) 0.0130 | RobustPrompt-T Loss 0.5108  
Epoch 086 |  Time(s) 0.0130 | RobustPrompt-T Loss 0.5446  
Epoch 087 |  Time(s) 0.0130 | RobustPrompt-T Loss 0.4992  
Epoch 088 |  Time(s) 0.0131 | RobustPrompt-T Loss 0.4943  
Epoch 089 |  Time(s) 0.0131 | RobustPrompt-T Loss 0.4744  
Epoch 090 |  Time(s) 0.0130 | RobustPrompt-T Loss 0.4755  
Epoch 091 |  Time(s) 0.0131 | RobustPrompt-T Loss 0.4892  
Epoch 092 |  Time(s) 0.0129 | RobustPrompt-T Loss 0.4533  
Epoch 093 |  Time(s) 0.0129 | RobustPrompt-T Loss 0.4456  
Epoch 094 |  Time(s) 0.0131 | RobustPrompt-T Loss 0.4400  
Epoch 095 |  Time(s) 0.0129 | RobustPrompt-T Loss 0.4198  
Epoch 096 |  Time(s) 0.0130 | RobustPrompt-T Loss 0.3943  
Epoch 097 |  Time(s) 0.0131 | RobustPrompt-T Loss 0.4075  
Epoch 098 |  Time(s) 0.0130 | RobustPrompt-T Loss 0.4050  
Epoch 099 |  Time(s) 0.0130 | RobustPrompt-T Loss 0.3602  
Epoch 100 |  Time(s) 0.0130 | RobustPrompt-T Loss 0.3557  
Epoch 101 |  Time(s) 0.0129 | RobustPrompt-T Loss 0.3582  
Epoch 102 |  Time(s) 0.0131 | RobustPrompt-T Loss 0.3810  
Epoch 103 |  Time(s) 0.0130 | RobustPrompt-T Loss 0.3042  
Epoch 104 |  Time(s) 0.0132 | RobustPrompt-T Loss 0.3077  
Epoch 105 |  Time(s) 0.0130 | RobustPrompt-T Loss 0.3351  
Epoch 106 |  Time(s) 0.0129 | RobustPrompt-T Loss 0.2868  
Epoch 107 |  Time(s) 0.0130 | RobustPrompt-T Loss 0.2715  
Epoch 108 |  Time(s) 0.0131 | RobustPrompt-T Loss 0.2528  
Epoch 109 |  Time(s) 0.0131 | RobustPrompt-T Loss 0.2690  
Epoch 110 |  Time(s) 0.0130 | RobustPrompt-T Loss 0.2111  
Epoch 111 |  Time(s) 0.0129 | RobustPrompt-T Loss 0.2013  
Epoch 112 |  Time(s) 0.0129 | RobustPrompt-T Loss 0.2016  
Epoch 113 |  Time(s) 0.0132 | RobustPrompt-T Loss 0.2123  
Epoch 114 |  Time(s) 0.0130 | RobustPrompt-T Loss 0.1944  
Epoch 115 |  Time(s) 0.0128 | RobustPrompt-T Loss 0.1546  
Epoch 116 |  Time(s) 0.0129 | RobustPrompt-T Loss 0.1638  
Epoch 117 |  Time(s) 0.0130 | RobustPrompt-T Loss 0.1648  
Epoch 118 |  Time(s) 0.0131 | RobustPrompt-T Loss 0.1394  
Epoch 119 |  Time(s) 0.0129 | RobustPrompt-T Loss 0.1262  
Epoch 120 |  Time(s) 0.0129 | RobustPrompt-T Loss 0.1561  
Epoch 121 |  Time(s) 0.0131 | RobustPrompt-T Loss 0.1211  
Epoch 122 |  Time(s) 0.0132 | RobustPrompt-T Loss 0.1065  
Epoch 123 |  Time(s) 0.0129 | RobustPrompt-T Loss 0.1212  
Epoch 124 |  Time(s) 0.0130 | RobustPrompt-T Loss 0.1001  
Epoch 125 |  Time(s) 0.0129 | RobustPrompt-T Loss 0.0952  
Epoch 126 |  Time(s) 0.0129 | RobustPrompt-T Loss 0.1019  
Epoch 127 |  Time(s) 0.0133 | RobustPrompt-T Loss 0.0925  
Epoch 128 |  Time(s) 0.0129 | RobustPrompt-T Loss 0.0904  
Epoch 129 |  Time(s) 0.0128 | RobustPrompt-T Loss 0.0896  
Epoch 130 |  Time(s) 0.0134 | RobustPrompt-T Loss 0.0809  
Epoch 131 |  Time(s) 0.0132 | RobustPrompt-T Loss 0.0785  
Epoch 132 |  Time(s) 0.0129 | RobustPrompt-T Loss 0.0786  
Epoch 133 |  Time(s) 0.0129 | RobustPrompt-T Loss 0.0768  
Epoch 134 |  Time(s) 0.0129 | RobustPrompt-T Loss 0.0789  
Epoch 135 |  Time(s) 0.0129 | RobustPrompt-T Loss 0.0752  
Epoch 136 |  Time(s) 0.0128 | RobustPrompt-T Loss 0.0858  
Epoch 137 |  Time(s) 0.0126 | RobustPrompt-T Loss 0.0718  
Epoch 138 |  Time(s) 0.0127 | RobustPrompt-T Loss 0.0733  
Epoch 139 |  Time(s) 0.0129 | RobustPrompt-T Loss 0.0712  
Epoch 140 |  Time(s) 0.0129 | RobustPrompt-T Loss 0.0716  
Epoch 141 |  Time(s) 0.0131 | RobustPrompt-T Loss 0.0709  
Epoch 142 |  Time(s) 0.0124 | RobustPrompt-T Loss 0.0712  
Epoch 143 |  Time(s) 0.0121 | RobustPrompt-T Loss 0.0676  
Epoch 144 |  Time(s) 0.0118 | RobustPrompt-T Loss 0.0687  
Epoch 145 |  Time(s) 0.0119 | RobustPrompt-T Loss 0.0687  
Epoch 146 |  Time(s) 0.0129 | RobustPrompt-T Loss 0.0671  
Epoch 147 |  Time(s) 0.0128 | RobustPrompt-T Loss 0.0661  
Epoch 148 |  Time(s) 0.0130 | RobustPrompt-T Loss 0.0689  
Epoch 149 |  Time(s) 0.0129 | RobustPrompt-T Loss 0.0648  
Epoch 150 |  Time(s) 0.0124 | RobustPrompt-T Loss 0.0636  
Epoch 151 |  Time(s) 0.0129 | RobustPrompt-T Loss 0.0643  
Epoch 152 |  Time(s) 0.0129 | RobustPrompt-T Loss 0.0652  
Epoch 153 |  Time(s) 0.0129 | RobustPrompt-T Loss 0.0627  
Epoch 154 |  Time(s) 0.0129 | RobustPrompt-T Loss 0.0649  
Epoch 155 |  Time(s) 0.0125 | RobustPrompt-T Loss 0.0640  
Epoch 156 |  Time(s) 0.0128 | RobustPrompt-T Loss 0.0649  
Epoch 157 |  Time(s) 0.0129 | RobustPrompt-T Loss 0.0684  
Epoch 158 |  Time(s) 0.0123 | RobustPrompt-T Loss 0.0570  
Epoch 159 |  Time(s) 0.0123 | RobustPrompt-T Loss 0.0656  
Epoch 160 |  Time(s) 0.0126 | RobustPrompt-T Loss 0.0645  
Epoch 161 |  Time(s) 0.0128 | RobustPrompt-T Loss 0.0694  
Epoch 162 |  Time(s) 0.0129 | RobustPrompt-T Loss 0.0557  
Epoch 163 |  Time(s) 0.0129 | RobustPrompt-T Loss 0.0760  
Epoch 164 |  Time(s) 0.0126 | RobustPrompt-T Loss 0.0602  
Epoch 165 |  Time(s) 0.0127 | RobustPrompt-T Loss 0.0809  
Epoch 166 |  Time(s) 0.0129 | RobustPrompt-T Loss 0.0761  
Epoch 167 |  Time(s) 0.0129 | RobustPrompt-T Loss 0.0826  
Epoch 168 |  Time(s) 0.0130 | RobustPrompt-T Loss 0.0750  
Epoch 169 |  Time(s) 0.0130 | RobustPrompt-T Loss 0.0738  
Epoch 170 |  Time(s) 0.0124 | RobustPrompt-T Loss 0.0670  
Epoch 171 |  Time(s) 0.0128 | RobustPrompt-T Loss 0.0546  
Epoch 172 |  Time(s) 0.0130 | RobustPrompt-T Loss 0.0601  
Epoch 173 |  Time(s) 0.0130 | RobustPrompt-T Loss 0.0562  
Epoch 174 |  Time(s) 0.0129 | RobustPrompt-T Loss 0.0547  
Epoch 175 |  Time(s) 0.0127 | RobustPrompt-T Loss 0.0576  
Epoch 176 |  Time(s) 0.0131 | RobustPrompt-T Loss 0.0532  
Epoch 177 |  Time(s) 0.0124 | RobustPrompt-T Loss 0.0514  
Epoch 178 |  Time(s) 0.0130 | RobustPrompt-T Loss 0.0523  
Epoch 179 |  Time(s) 0.0129 | RobustPrompt-T Loss 0.0494  
Epoch 180 |  Time(s) 0.0130 | RobustPrompt-T Loss 0.0542  
Epoch 181 |  Time(s) 0.0127 | RobustPrompt-T Loss 0.0499  
Epoch 182 |  Time(s) 0.0126 | RobustPrompt-T Loss 0.0618  
Epoch 183 |  Time(s) 0.0128 | RobustPrompt-T Loss 0.0636  
Epoch 184 |  Time(s) 0.0129 | RobustPrompt-T Loss 0.0501  
Epoch 185 |  Time(s) 0.0128 | RobustPrompt-T Loss 0.0572  
Epoch 186 |  Time(s) 0.0132 | RobustPrompt-T Loss 0.0541  
Epoch 187 |  Time(s) 0.0130 | RobustPrompt-T Loss 0.0587  
Epoch 188 |  Time(s) 0.0130 | RobustPrompt-T Loss 0.0533  
Epoch 189 |  Time(s) 0.0132 | RobustPrompt-T Loss 0.0508  
Epoch 190 |  Time(s) 0.0129 | RobustPrompt-T Loss 0.0528  
Epoch 191 |  Time(s) 0.0130 | RobustPrompt-T Loss 0.0524  
Epoch 192 |  Time(s) 0.0132 | RobustPrompt-T Loss 0.0493  
Epoch 193 |  Time(s) 0.0130 | RobustPrompt-T Loss 0.0506  
Epoch 194 |  Time(s) 0.0129 | RobustPrompt-T Loss 0.0489  
Epoch 195 |  Time(s) 0.0131 | RobustPrompt-T Loss 0.0467  
Epoch 196 |  Time(s) 0.0129 | RobustPrompt-T Loss 0.0475  
Epoch 197 |  Time(s) 0.0131 | RobustPrompt-T Loss 0.0491  
Epoch 198 |  Time(s) 0.0130 | RobustPrompt-T Loss 0.0470  
Epoch 199 |  Time(s) 0.0131 | RobustPrompt-T Loss 0.0480  
Epoch 200 |  Time(s) 0.0129 | RobustPrompt-T Loss 0.0490  
Final True Accuracy: 0.1125 | Macro F1 Score: 0.1159
best_loss [tensor(0.0490, device='cuda:0', grad_fn=<AddBackward0>)]
load LLC or attacked data with specified split
Successfully loaded the attack of dataname with few shot 5, split 1
Attack method : Meta_Self | Attack ptb : 0.1 | Dataset: Cora
======================
Number of graphs: 1
Number of features: 1433
Number of classes: 7

Data(x=[2708, 1433], edge_index=[2, 14378], y=[2708], train_mask=[2708], val_mask=[2708], test_mask=[2708])
===========================================================================================================
Number of nodes: 2708
Number of edges: 14378
Average node degree: 5.31
Has isolated nodes: False
Has self-loops: True
Is undirected: True
GCN(
  (conv_layers): ModuleList(
    (0): GCNConv(1433, 256)
    (1): GCNConv(256, 256)
  )
)
Successfully loaded pre-trained weights!
use RobustPrompt Tranductive
defense pt dict :  {'sim_pt': 0.3, 'degree_pt': 1, 'out_detect_pt': -1.0, 'other_pt': 'all'}
use_attention :  False
cosine_constraint :  True
pt_threshold :  0.5
filter_module :  OriginalFilter
temperature :  1.0
weight_mse 0.1
weight_kl :  0.3
weight_constraint :  0.2
run RobustPrompt-T
Epoch 001 |  Time(s) 0.0126 | RobustPrompt-T Loss 1.9494  
Epoch 002 |  Time(s) 0.0125 | RobustPrompt-T Loss 1.9463  
Epoch 003 |  Time(s) 0.0132 | RobustPrompt-T Loss 1.9174  
Epoch 004 |  Time(s) 0.0131 | RobustPrompt-T Loss 1.9080  
Epoch 005 |  Time(s) 0.0130 | RobustPrompt-T Loss 1.8891  
Epoch 006 |  Time(s) 0.0130 | RobustPrompt-T Loss 1.8343  
Epoch 007 |  Time(s) 0.0130 | RobustPrompt-T Loss 1.8225  
Epoch 008 |  Time(s) 0.0130 | RobustPrompt-T Loss 1.8623  
Epoch 009 |  Time(s) 0.0130 | RobustPrompt-T Loss 1.8625  
Epoch 010 |  Time(s) 0.0129 | RobustPrompt-T Loss 1.8145  
Epoch 011 |  Time(s) 0.0129 | RobustPrompt-T Loss 1.8547  
Epoch 012 |  Time(s) 0.0129 | RobustPrompt-T Loss 1.8103  
Epoch 013 |  Time(s) 0.0130 | RobustPrompt-T Loss 1.7918  
Epoch 014 |  Time(s) 0.0130 | RobustPrompt-T Loss 1.8013  
Epoch 015 |  Time(s) 0.0131 | RobustPrompt-T Loss 1.7881  
Epoch 016 |  Time(s) 0.0129 | RobustPrompt-T Loss 1.7927  
Epoch 017 |  Time(s) 0.0129 | RobustPrompt-T Loss 1.8058  
Epoch 018 |  Time(s) 0.0130 | RobustPrompt-T Loss 1.8012  
Epoch 019 |  Time(s) 0.0131 | RobustPrompt-T Loss 1.7971  
Epoch 020 |  Time(s) 0.0131 | RobustPrompt-T Loss 1.7843  
Epoch 021 |  Time(s) 0.0132 | RobustPrompt-T Loss 1.8054  
Epoch 022 |  Time(s) 0.0129 | RobustPrompt-T Loss 1.7612  
Epoch 023 |  Time(s) 0.0130 | RobustPrompt-T Loss 1.7291  
Epoch 024 |  Time(s) 0.0129 | RobustPrompt-T Loss 1.7671  
Epoch 025 |  Time(s) 0.0132 | RobustPrompt-T Loss 1.7435  
Epoch 026 |  Time(s) 0.0130 | RobustPrompt-T Loss 1.6716  
Epoch 027 |  Time(s) 0.0128 | RobustPrompt-T Loss 1.7031  
Epoch 028 |  Time(s) 0.0131 | RobustPrompt-T Loss 1.6688  
Epoch 029 |  Time(s) 0.0131 | RobustPrompt-T Loss 1.6003  
Epoch 030 |  Time(s) 0.0130 | RobustPrompt-T Loss 1.6549  
Epoch 031 |  Time(s) 0.0129 | RobustPrompt-T Loss 1.5565  
Epoch 032 |  Time(s) 0.0129 | RobustPrompt-T Loss 1.5204  
Epoch 033 |  Time(s) 0.0130 | RobustPrompt-T Loss 1.5690  
Epoch 034 |  Time(s) 0.0130 | RobustPrompt-T Loss 1.4450  
Epoch 035 |  Time(s) 0.0132 | RobustPrompt-T Loss 1.3698  
Epoch 036 |  Time(s) 0.0129 | RobustPrompt-T Loss 1.3920  
Epoch 037 |  Time(s) 0.0130 | RobustPrompt-T Loss 1.3244  
Epoch 038 |  Time(s) 0.0130 | RobustPrompt-T Loss 1.2119  
Epoch 039 |  Time(s) 0.0131 | RobustPrompt-T Loss 1.2175  
Epoch 040 |  Time(s) 0.0128 | RobustPrompt-T Loss 1.2221  
Epoch 041 |  Time(s) 0.0131 | RobustPrompt-T Loss 1.1079  
Epoch 042 |  Time(s) 0.0128 | RobustPrompt-T Loss 1.1159  
Epoch 043 |  Time(s) 0.0131 | RobustPrompt-T Loss 1.0848  
Epoch 044 |  Time(s) 0.0131 | RobustPrompt-T Loss 0.9979  
Epoch 045 |  Time(s) 0.0130 | RobustPrompt-T Loss 1.0622  
Epoch 046 |  Time(s) 0.0130 | RobustPrompt-T Loss 0.9453  
Epoch 047 |  Time(s) 0.0130 | RobustPrompt-T Loss 0.9097  
Epoch 048 |  Time(s) 0.0129 | RobustPrompt-T Loss 0.9516  
Epoch 049 |  Time(s) 0.0130 | RobustPrompt-T Loss 0.8714  
Epoch 050 |  Time(s) 0.0132 | RobustPrompt-T Loss 0.8497  
Epoch 051 |  Time(s) 0.0130 | RobustPrompt-T Loss 0.8461  
Epoch 052 |  Time(s) 0.0129 | RobustPrompt-T Loss 0.7980  
Epoch 053 |  Time(s) 0.0128 | RobustPrompt-T Loss 0.7564  
Epoch 054 |  Time(s) 0.0132 | RobustPrompt-T Loss 0.7693  
Epoch 055 |  Time(s) 0.0130 | RobustPrompt-T Loss 0.7600  
Epoch 056 |  Time(s) 0.0130 | RobustPrompt-T Loss 0.6868  
Epoch 057 |  Time(s) 0.0129 | RobustPrompt-T Loss 0.7051  
Epoch 058 |  Time(s) 0.0130 | RobustPrompt-T Loss 0.6978  
Epoch 059 |  Time(s) 0.0131 | RobustPrompt-T Loss 0.6348  
Epoch 060 |  Time(s) 0.0130 | RobustPrompt-T Loss 0.6309  
Epoch 061 |  Time(s) 0.0127 | RobustPrompt-T Loss 0.6291  
Epoch 062 |  Time(s) 0.0131 | RobustPrompt-T Loss 0.5960  
Epoch 063 |  Time(s) 0.0132 | RobustPrompt-T Loss 0.5600  
Epoch 064 |  Time(s) 0.0130 | RobustPrompt-T Loss 0.5715  
Epoch 065 |  Time(s) 0.0129 | RobustPrompt-T Loss 0.5677  
Epoch 066 |  Time(s) 0.0131 | RobustPrompt-T Loss 0.5426  
Epoch 067 |  Time(s) 0.0130 | RobustPrompt-T Loss 0.5106  
Epoch 068 |  Time(s) 0.0129 | RobustPrompt-T Loss 0.4886  
Epoch 069 |  Time(s) 0.0129 | RobustPrompt-T Loss 0.4988  
Epoch 070 |  Time(s) 0.0129 | RobustPrompt-T Loss 0.5015  
Epoch 071 |  Time(s) 0.0131 | RobustPrompt-T Loss 0.4731  
Epoch 072 |  Time(s) 0.0131 | RobustPrompt-T Loss 0.4919  
Epoch 073 |  Time(s) 0.0131 | RobustPrompt-T Loss 0.4498  
Epoch 074 |  Time(s) 0.0130 | RobustPrompt-T Loss 0.4180  
Epoch 075 |  Time(s) 0.0130 | RobustPrompt-T Loss 0.4058  
Epoch 076 |  Time(s) 0.0129 | RobustPrompt-T Loss 0.4289  
Epoch 077 |  Time(s) 0.0130 | RobustPrompt-T Loss 0.4575  
Epoch 078 |  Time(s) 0.0131 | RobustPrompt-T Loss 0.3751  
Epoch 079 |  Time(s) 0.0130 | RobustPrompt-T Loss 0.4825  
Epoch 080 |  Time(s) 0.0129 | RobustPrompt-T Loss 0.3879  
Epoch 081 |  Time(s) 0.0128 | RobustPrompt-T Loss 0.7490  
Epoch 082 |  Time(s) 0.0131 | RobustPrompt-T Loss 0.7927  
Epoch 083 |  Time(s) 0.0129 | RobustPrompt-T Loss 0.3578  
Epoch 084 |  Time(s) 0.0129 | RobustPrompt-T Loss 0.7899  
Epoch 085 |  Time(s) 0.0128 | RobustPrompt-T Loss 0.9517  
Epoch 086 |  Time(s) 0.0128 | RobustPrompt-T Loss 0.5153  
Epoch 087 |  Time(s) 0.0128 | RobustPrompt-T Loss 0.6924  
Epoch 088 |  Time(s) 0.0131 | RobustPrompt-T Loss 1.1884  
Epoch 089 |  Time(s) 0.0131 | RobustPrompt-T Loss 0.7028  
Epoch 090 |  Time(s) 0.0129 | RobustPrompt-T Loss 0.4584  
Epoch 091 |  Time(s) 0.0129 | RobustPrompt-T Loss 0.5327  
Epoch 092 |  Time(s) 0.0130 | RobustPrompt-T Loss 0.4021  
Epoch 093 |  Time(s) 0.0130 | RobustPrompt-T Loss 0.6286  
Epoch 094 |  Time(s) 0.0130 | RobustPrompt-T Loss 0.7319  
Epoch 095 |  Time(s) 0.0131 | RobustPrompt-T Loss 0.4004  
Epoch 096 |  Time(s) 0.0129 | RobustPrompt-T Loss 0.6965  
Epoch 097 |  Time(s) 0.0131 | RobustPrompt-T Loss 1.2868  
Epoch 098 |  Time(s) 0.0130 | RobustPrompt-T Loss 0.8337  
Epoch 099 |  Time(s) 0.0129 | RobustPrompt-T Loss 0.8253  
Epoch 100 |  Time(s) 0.0130 | RobustPrompt-T Loss 0.8303  
Epoch 101 |  Time(s) 0.0131 | RobustPrompt-T Loss 0.7981  
Epoch 102 |  Time(s) 0.0129 | RobustPrompt-T Loss 0.7112  
----------------------------------------------------------------------------------------------------
Early stopping at 103 eopch!
Final True Accuracy: 0.0909 | Macro F1 Score: 0.0763
best_loss [tensor(0.5805, device='cuda:0', grad_fn=<AddBackward0>)]
load LLC or attacked data with specified split
Successfully loaded the attack of dataname with few shot 5, split 1
Attack method : Meta_Self | Attack ptb : 0.1 | Dataset: Cora
======================
Number of graphs: 1
Number of features: 1433
Number of classes: 7

Data(x=[2708, 1433], edge_index=[2, 14378], y=[2708], train_mask=[2708], val_mask=[2708], test_mask=[2708])
===========================================================================================================
Number of nodes: 2708
Number of edges: 14378
Average node degree: 5.31
Has isolated nodes: False
Has self-loops: True
Is undirected: True
GCN(
  (conv_layers): ModuleList(
    (0): GCNConv(1433, 256)
    (1): GCNConv(256, 256)
  )
)
Successfully loaded pre-trained weights!
use RobustPrompt Tranductive
defense pt dict :  {'sim_pt': 0.3, 'degree_pt': 1, 'out_detect_pt': -1.0, 'other_pt': 'all'}
use_attention :  False
cosine_constraint :  True
pt_threshold :  0.5
filter_module :  OriginalFilter
temperature :  1.0
weight_mse 0.1
weight_kl :  0.3
weight_constraint :  0.2
run RobustPrompt-T
Epoch 001 |  Time(s) 0.0134 | RobustPrompt-T Loss 1.9443  
Epoch 002 |  Time(s) 0.0130 | RobustPrompt-T Loss 1.9341  
Epoch 003 |  Time(s) 0.0129 | RobustPrompt-T Loss 1.9231  
Epoch 004 |  Time(s) 0.0130 | RobustPrompt-T Loss 1.9117  
Epoch 005 |  Time(s) 0.0130 | RobustPrompt-T Loss 1.8713  
Epoch 006 |  Time(s) 0.0131 | RobustPrompt-T Loss 1.8250  
Epoch 007 |  Time(s) 0.0130 | RobustPrompt-T Loss 1.8190  
Epoch 008 |  Time(s) 0.0129 | RobustPrompt-T Loss 1.8194  
Epoch 009 |  Time(s) 0.0130 | RobustPrompt-T Loss 1.8373  
Epoch 010 |  Time(s) 0.0130 | RobustPrompt-T Loss 1.8079  
Epoch 011 |  Time(s) 0.0131 | RobustPrompt-T Loss 1.7745  
Epoch 012 |  Time(s) 0.0130 | RobustPrompt-T Loss 1.7850  
Epoch 013 |  Time(s) 0.0130 | RobustPrompt-T Loss 1.7579  
Epoch 014 |  Time(s) 0.0130 | RobustPrompt-T Loss 1.7593  
Epoch 015 |  Time(s) 0.0129 | RobustPrompt-T Loss 1.7606  
Epoch 016 |  Time(s) 0.0129 | RobustPrompt-T Loss 1.8110  
Epoch 017 |  Time(s) 0.0128 | RobustPrompt-T Loss 1.8728  
Epoch 018 |  Time(s) 0.0133 | RobustPrompt-T Loss 1.7716  
Epoch 019 |  Time(s) 0.0131 | RobustPrompt-T Loss 1.8261  
Epoch 020 |  Time(s) 0.0141 | RobustPrompt-T Loss 1.6978  
Epoch 021 |  Time(s) 0.0128 | RobustPrompt-T Loss 1.7458  
Epoch 022 |  Time(s) 0.0130 | RobustPrompt-T Loss 1.7289  
Epoch 023 |  Time(s) 0.0132 | RobustPrompt-T Loss 1.6814  
Epoch 024 |  Time(s) 0.0130 | RobustPrompt-T Loss 1.7221  
Epoch 025 |  Time(s) 0.0130 | RobustPrompt-T Loss 1.6696  
Epoch 026 |  Time(s) 0.0130 | RobustPrompt-T Loss 1.6921  
Epoch 027 |  Time(s) 0.0129 | RobustPrompt-T Loss 1.6579  
Epoch 028 |  Time(s) 0.0130 | RobustPrompt-T Loss 1.6234  
Epoch 029 |  Time(s) 0.0131 | RobustPrompt-T Loss 1.6305  
Epoch 030 |  Time(s) 0.0131 | RobustPrompt-T Loss 1.5979  
Epoch 031 |  Time(s) 0.0134 | RobustPrompt-T Loss 1.5782  
Epoch 032 |  Time(s) 0.0131 | RobustPrompt-T Loss 1.5485  
Epoch 033 |  Time(s) 0.0133 | RobustPrompt-T Loss 1.5452  
Epoch 034 |  Time(s) 0.0131 | RobustPrompt-T Loss 1.4964  
Epoch 035 |  Time(s) 0.0136 | RobustPrompt-T Loss 1.4284  
Epoch 036 |  Time(s) 0.0132 | RobustPrompt-T Loss 1.4234  
Epoch 037 |  Time(s) 0.0131 | RobustPrompt-T Loss 1.3337  
Epoch 038 |  Time(s) 0.0128 | RobustPrompt-T Loss 1.3186  
Epoch 039 |  Time(s) 0.0132 | RobustPrompt-T Loss 1.2837  
Epoch 040 |  Time(s) 0.0137 | RobustPrompt-T Loss 1.2157  
Epoch 041 |  Time(s) 0.0131 | RobustPrompt-T Loss 1.1904  
Epoch 042 |  Time(s) 0.0131 | RobustPrompt-T Loss 1.1513  
Epoch 043 |  Time(s) 0.0129 | RobustPrompt-T Loss 1.0836  
Epoch 044 |  Time(s) 0.0132 | RobustPrompt-T Loss 1.0771  
Epoch 045 |  Time(s) 0.0130 | RobustPrompt-T Loss 1.0292  
Epoch 046 |  Time(s) 0.0130 | RobustPrompt-T Loss 1.0182  
Epoch 047 |  Time(s) 0.0129 | RobustPrompt-T Loss 1.0001  
Epoch 048 |  Time(s) 0.0130 | RobustPrompt-T Loss 0.9872  
Epoch 049 |  Time(s) 0.0127 | RobustPrompt-T Loss 0.9525  
Epoch 050 |  Time(s) 0.0131 | RobustPrompt-T Loss 0.8902  
Epoch 051 |  Time(s) 0.0131 | RobustPrompt-T Loss 0.8510  
Epoch 052 |  Time(s) 0.0130 | RobustPrompt-T Loss 0.8164  
Epoch 053 |  Time(s) 0.0126 | RobustPrompt-T Loss 0.7807  
Epoch 054 |  Time(s) 0.0126 | RobustPrompt-T Loss 0.7745  
Epoch 055 |  Time(s) 0.0132 | RobustPrompt-T Loss 0.7745  
Epoch 056 |  Time(s) 0.0135 | RobustPrompt-T Loss 0.7254  
Epoch 057 |  Time(s) 0.0132 | RobustPrompt-T Loss 0.6652  
Epoch 058 |  Time(s) 0.0129 | RobustPrompt-T Loss 0.6744  
Epoch 059 |  Time(s) 0.0129 | RobustPrompt-T Loss 0.6664  
Epoch 060 |  Time(s) 0.0129 | RobustPrompt-T Loss 0.6125  
Epoch 061 |  Time(s) 0.0130 | RobustPrompt-T Loss 0.5811  
Epoch 062 |  Time(s) 0.0132 | RobustPrompt-T Loss 0.6201  
Epoch 063 |  Time(s) 0.0131 | RobustPrompt-T Loss 0.5497  
Epoch 064 |  Time(s) 0.0130 | RobustPrompt-T Loss 0.5458  
Epoch 065 |  Time(s) 0.0128 | RobustPrompt-T Loss 0.5605  
Epoch 066 |  Time(s) 0.0132 | RobustPrompt-T Loss 0.5116  
Epoch 067 |  Time(s) 0.0127 | RobustPrompt-T Loss 0.4781  
Epoch 068 |  Time(s) 0.0130 | RobustPrompt-T Loss 0.4897  
Epoch 069 |  Time(s) 0.0133 | RobustPrompt-T Loss 0.4632  
Epoch 070 |  Time(s) 0.0130 | RobustPrompt-T Loss 0.4311  
Epoch 071 |  Time(s) 0.0130 | RobustPrompt-T Loss 0.4497  
Epoch 072 |  Time(s) 0.0131 | RobustPrompt-T Loss 0.4164  
Epoch 073 |  Time(s) 0.0130 | RobustPrompt-T Loss 0.3914  
Epoch 074 |  Time(s) 0.0129 | RobustPrompt-T Loss 0.4123  
Epoch 075 |  Time(s) 0.0128 | RobustPrompt-T Loss 0.3721  
Epoch 076 |  Time(s) 0.0131 | RobustPrompt-T Loss 0.3461  
Epoch 077 |  Time(s) 0.0131 | RobustPrompt-T Loss 0.3836  
Epoch 078 |  Time(s) 0.0130 | RobustPrompt-T Loss 0.3370  
Epoch 079 |  Time(s) 0.0130 | RobustPrompt-T Loss 0.3212  
Epoch 080 |  Time(s) 0.0129 | RobustPrompt-T Loss 0.3244  
Epoch 081 |  Time(s) 0.0129 | RobustPrompt-T Loss 0.2771  
Epoch 082 |  Time(s) 0.0131 | RobustPrompt-T Loss 0.2903  
Epoch 083 |  Time(s) 0.0131 | RobustPrompt-T Loss 0.2853  
Epoch 084 |  Time(s) 0.0132 | RobustPrompt-T Loss 0.2498  
Epoch 085 |  Time(s) 0.0129 | RobustPrompt-T Loss 0.2529  
Epoch 086 |  Time(s) 0.0130 | RobustPrompt-T Loss 0.2343  
Epoch 087 |  Time(s) 0.0130 | RobustPrompt-T Loss 0.2192  
Epoch 088 |  Time(s) 0.0131 | RobustPrompt-T Loss 0.2324  
Epoch 089 |  Time(s) 0.0131 | RobustPrompt-T Loss 0.1956  
Epoch 090 |  Time(s) 0.0130 | RobustPrompt-T Loss 0.2011  
Epoch 091 |  Time(s) 0.0128 | RobustPrompt-T Loss 0.1792  
Epoch 092 |  Time(s) 0.0132 | RobustPrompt-T Loss 0.1828  
Epoch 093 |  Time(s) 0.0131 | RobustPrompt-T Loss 0.1610  
Epoch 094 |  Time(s) 0.0129 | RobustPrompt-T Loss 0.1669  
Epoch 095 |  Time(s) 0.0136 | RobustPrompt-T Loss 0.1416  
Epoch 096 |  Time(s) 0.0132 | RobustPrompt-T Loss 0.1481  
Epoch 097 |  Time(s) 0.0130 | RobustPrompt-T Loss 0.1356  
Epoch 098 |  Time(s) 0.0130 | RobustPrompt-T Loss 0.1275  
Epoch 099 |  Time(s) 0.0132 | RobustPrompt-T Loss 0.1150  
Epoch 100 |  Time(s) 0.0130 | RobustPrompt-T Loss 0.1143  
Epoch 101 |  Time(s) 0.0131 | RobustPrompt-T Loss 0.1280  
Epoch 102 |  Time(s) 0.0131 | RobustPrompt-T Loss 0.1118  
Epoch 103 |  Time(s) 0.0129 | RobustPrompt-T Loss 0.1045  
Epoch 104 |  Time(s) 0.0131 | RobustPrompt-T Loss 0.0994  
Epoch 105 |  Time(s) 0.0135 | RobustPrompt-T Loss 0.0890  
Epoch 106 |  Time(s) 0.0131 | RobustPrompt-T Loss 0.0879  
Epoch 107 |  Time(s) 0.0126 | RobustPrompt-T Loss 0.0906  
Epoch 108 |  Time(s) 0.0129 | RobustPrompt-T Loss 0.0770  
Epoch 109 |  Time(s) 0.0135 | RobustPrompt-T Loss 0.0767  
Epoch 110 |  Time(s) 0.0127 | RobustPrompt-T Loss 0.0698  
Epoch 111 |  Time(s) 0.0132 | RobustPrompt-T Loss 0.0636  
Epoch 112 |  Time(s) 0.0131 | RobustPrompt-T Loss 0.0862  
Epoch 113 |  Time(s) 0.0132 | RobustPrompt-T Loss 0.0646  
Epoch 114 |  Time(s) 0.0131 | RobustPrompt-T Loss 0.0628  
Epoch 115 |  Time(s) 0.0131 | RobustPrompt-T Loss 0.0747  
Epoch 116 |  Time(s) 0.0130 | RobustPrompt-T Loss 0.0562  
Epoch 117 |  Time(s) 0.0130 | RobustPrompt-T Loss 0.0687  
Epoch 118 |  Time(s) 0.0131 | RobustPrompt-T Loss 0.0651  
Epoch 119 |  Time(s) 0.0129 | RobustPrompt-T Loss 0.0564  
Epoch 120 |  Time(s) 0.0131 | RobustPrompt-T Loss 0.0569  
Epoch 121 |  Time(s) 0.0131 | RobustPrompt-T Loss 0.0548  
Epoch 122 |  Time(s) 0.0129 | RobustPrompt-T Loss 0.0554  
Epoch 123 |  Time(s) 0.0131 | RobustPrompt-T Loss 0.0541  
Epoch 124 |  Time(s) 0.0129 | RobustPrompt-T Loss 0.0545  
Epoch 125 |  Time(s) 0.0130 | RobustPrompt-T Loss 0.0485  
Epoch 126 |  Time(s) 0.0136 | RobustPrompt-T Loss 0.0509  
Epoch 127 |  Time(s) 0.0132 | RobustPrompt-T Loss 0.0505  
Epoch 128 |  Time(s) 0.0129 | RobustPrompt-T Loss 0.0476  
Epoch 129 |  Time(s) 0.0128 | RobustPrompt-T Loss 0.0503  
Epoch 130 |  Time(s) 0.0131 | RobustPrompt-T Loss 0.0510  
Epoch 131 |  Time(s) 0.0129 | RobustPrompt-T Loss 0.0477  
Epoch 132 |  Time(s) 0.0123 | RobustPrompt-T Loss 0.0467  
Epoch 133 |  Time(s) 0.0125 | RobustPrompt-T Loss 0.0469  
Epoch 134 |  Time(s) 0.0134 | RobustPrompt-T Loss 0.0462  
Epoch 135 |  Time(s) 0.0131 | RobustPrompt-T Loss 0.0476  
Epoch 136 |  Time(s) 0.0131 | RobustPrompt-T Loss 0.0462  
Epoch 137 |  Time(s) 0.0131 | RobustPrompt-T Loss 0.0462  
Epoch 138 |  Time(s) 0.0129 | RobustPrompt-T Loss 0.0441  
Epoch 139 |  Time(s) 0.0131 | RobustPrompt-T Loss 0.0436  
Epoch 140 |  Time(s) 0.0131 | RobustPrompt-T Loss 0.0481  
Epoch 141 |  Time(s) 0.0127 | RobustPrompt-T Loss 0.0486  
Epoch 142 |  Time(s) 0.0130 | RobustPrompt-T Loss 0.0432  
Epoch 143 |  Time(s) 0.0131 | RobustPrompt-T Loss 0.0437  
Epoch 144 |  Time(s) 0.0129 | RobustPrompt-T Loss 0.0448  
Epoch 145 |  Time(s) 0.0130 | RobustPrompt-T Loss 0.0434  
Epoch 146 |  Time(s) 0.0131 | RobustPrompt-T Loss 0.0435  
Epoch 147 |  Time(s) 0.0127 | RobustPrompt-T Loss 0.0438  
Epoch 148 |  Time(s) 0.0127 | RobustPrompt-T Loss 0.0417  
Epoch 149 |  Time(s) 0.0125 | RobustPrompt-T Loss 0.0414  
Epoch 150 |  Time(s) 0.0129 | RobustPrompt-T Loss 0.0426  
Epoch 151 |  Time(s) 0.0132 | RobustPrompt-T Loss 0.0418  
Epoch 152 |  Time(s) 0.0128 | RobustPrompt-T Loss 0.0413  
Epoch 153 |  Time(s) 0.0127 | RobustPrompt-T Loss 0.0407  
Epoch 154 |  Time(s) 0.0130 | RobustPrompt-T Loss 0.0417  
Epoch 155 |  Time(s) 0.0129 | RobustPrompt-T Loss 0.0406  
Epoch 156 |  Time(s) 0.0128 | RobustPrompt-T Loss 0.0408  
Epoch 157 |  Time(s) 0.0130 | RobustPrompt-T Loss 0.0405  
Epoch 158 |  Time(s) 0.0129 | RobustPrompt-T Loss 0.0403  
Epoch 159 |  Time(s) 0.0126 | RobustPrompt-T Loss 0.0418  
Epoch 160 |  Time(s) 0.0133 | RobustPrompt-T Loss 0.0398  
Epoch 161 |  Time(s) 0.0130 | RobustPrompt-T Loss 0.0407  
Epoch 162 |  Time(s) 0.0129 | RobustPrompt-T Loss 0.0399  
Epoch 163 |  Time(s) 0.0125 | RobustPrompt-T Loss 0.0394  
Epoch 164 |  Time(s) 0.0128 | RobustPrompt-T Loss 0.0391  
Epoch 165 |  Time(s) 0.0127 | RobustPrompt-T Loss 0.0394  
Epoch 166 |  Time(s) 0.0129 | RobustPrompt-T Loss 0.0389  
Epoch 167 |  Time(s) 0.0130 | RobustPrompt-T Loss 0.0386  
Epoch 168 |  Time(s) 0.0128 | RobustPrompt-T Loss 0.0397  
Epoch 169 |  Time(s) 0.0131 | RobustPrompt-T Loss 0.0382  
Epoch 170 |  Time(s) 0.0129 | RobustPrompt-T Loss 0.0381  
Epoch 171 |  Time(s) 0.0130 | RobustPrompt-T Loss 0.0385  
Epoch 172 |  Time(s) 0.0127 | RobustPrompt-T Loss 0.0378  
Epoch 173 |  Time(s) 0.0126 | RobustPrompt-T Loss 0.0377  
Epoch 174 |  Time(s) 0.0125 | RobustPrompt-T Loss 0.0380  
Epoch 175 |  Time(s) 0.0126 | RobustPrompt-T Loss 0.0380  
Epoch 176 |  Time(s) 0.0130 | RobustPrompt-T Loss 0.0375  
Epoch 177 |  Time(s) 0.0128 | RobustPrompt-T Loss 0.0372  
Epoch 178 |  Time(s) 0.0129 | RobustPrompt-T Loss 0.0376  
Epoch 179 |  Time(s) 0.0128 | RobustPrompt-T Loss 0.0370  
Epoch 180 |  Time(s) 0.0125 | RobustPrompt-T Loss 0.0367  
Epoch 181 |  Time(s) 0.0129 | RobustPrompt-T Loss 0.0394  
Epoch 182 |  Time(s) 0.0123 | RobustPrompt-T Loss 0.0367  
Epoch 183 |  Time(s) 0.0128 | RobustPrompt-T Loss 0.0365  
Epoch 184 |  Time(s) 0.0129 | RobustPrompt-T Loss 0.0379  
Epoch 185 |  Time(s) 0.0129 | RobustPrompt-T Loss 0.0365  
Epoch 186 |  Time(s) 0.0131 | RobustPrompt-T Loss 0.0363  
Epoch 187 |  Time(s) 0.0130 | RobustPrompt-T Loss 0.0370  
Epoch 188 |  Time(s) 0.0130 | RobustPrompt-T Loss 0.0356  
Epoch 189 |  Time(s) 0.0127 | RobustPrompt-T Loss 0.0350  
Epoch 190 |  Time(s) 0.0129 | RobustPrompt-T Loss 0.0363  
Epoch 191 |  Time(s) 0.0130 | RobustPrompt-T Loss 0.0361  
Epoch 192 |  Time(s) 0.0133 | RobustPrompt-T Loss 0.0352  
Epoch 193 |  Time(s) 0.0128 | RobustPrompt-T Loss 0.0367  
Epoch 194 |  Time(s) 0.0130 | RobustPrompt-T Loss 0.0347  
Epoch 195 |  Time(s) 0.0129 | RobustPrompt-T Loss 0.0353  
Epoch 196 |  Time(s) 0.0127 | RobustPrompt-T Loss 0.0347  
Epoch 197 |  Time(s) 0.0132 | RobustPrompt-T Loss 0.0356  
Epoch 198 |  Time(s) 0.0133 | RobustPrompt-T Loss 0.0345  
Epoch 199 |  Time(s) 0.0131 | RobustPrompt-T Loss 0.0344  
Epoch 200 |  Time(s) 0.0130 | RobustPrompt-T Loss 0.0355  
Final True Accuracy: 0.1080 | Macro F1 Score: 0.0950
best_loss [tensor(0.0355, device='cuda:0', grad_fn=<AddBackward0>)]
load LLC or attacked data with specified split
Successfully loaded the attack of dataname with few shot 5, split 1
Attack method : Meta_Self | Attack ptb : 0.1 | Dataset: Cora
======================
Number of graphs: 1
Number of features: 1433
Number of classes: 7

Data(x=[2708, 1433], edge_index=[2, 14378], y=[2708], train_mask=[2708], val_mask=[2708], test_mask=[2708])
===========================================================================================================
Number of nodes: 2708
Number of edges: 14378
Average node degree: 5.31
Has isolated nodes: False
Has self-loops: True
Is undirected: True
GCN(
  (conv_layers): ModuleList(
    (0): GCNConv(1433, 256)
    (1): GCNConv(256, 256)
  )
)
Successfully loaded pre-trained weights!
use RobustPrompt Tranductive
defense pt dict :  {'sim_pt': 0.3, 'degree_pt': 1, 'out_detect_pt': -1.0, 'other_pt': 'all'}
use_attention :  False
cosine_constraint :  True
pt_threshold :  0.5
filter_module :  OriginalFilter
temperature :  1.0
weight_mse 0.1
weight_kl :  0.3
weight_constraint :  0.2
run RobustPrompt-T
Epoch 001 |  Time(s) 0.0134 | RobustPrompt-T Loss 1.9448  
Epoch 002 |  Time(s) 0.0132 | RobustPrompt-T Loss 1.9343  
Epoch 003 |  Time(s) 0.0129 | RobustPrompt-T Loss 1.9090  
Epoch 004 |  Time(s) 0.0127 | RobustPrompt-T Loss 1.8390  
Epoch 005 |  Time(s) 0.0129 | RobustPrompt-T Loss 1.8375  
Epoch 006 |  Time(s) 0.0129 | RobustPrompt-T Loss 1.8149  
Epoch 007 |  Time(s) 0.0128 | RobustPrompt-T Loss 1.8645  
Epoch 008 |  Time(s) 0.0129 | RobustPrompt-T Loss 1.8060  
Epoch 009 |  Time(s) 0.0130 | RobustPrompt-T Loss 1.8167  
Epoch 010 |  Time(s) 0.0130 | RobustPrompt-T Loss 1.7838  
Epoch 011 |  Time(s) 0.0128 | RobustPrompt-T Loss 1.7824  
Epoch 012 |  Time(s) 0.0128 | RobustPrompt-T Loss 1.7778  
Epoch 013 |  Time(s) 0.0126 | RobustPrompt-T Loss 1.7718  
Epoch 014 |  Time(s) 0.0130 | RobustPrompt-T Loss 1.8070  
Epoch 015 |  Time(s) 0.0131 | RobustPrompt-T Loss 1.8026  
Epoch 016 |  Time(s) 0.0128 | RobustPrompt-T Loss 1.7610  
Epoch 017 |  Time(s) 0.0129 | RobustPrompt-T Loss 1.7160  
Epoch 018 |  Time(s) 0.0127 | RobustPrompt-T Loss 1.7578  
Epoch 019 |  Time(s) 0.0130 | RobustPrompt-T Loss 1.7283  
Epoch 020 |  Time(s) 0.0129 | RobustPrompt-T Loss 1.7043  
Epoch 021 |  Time(s) 0.0126 | RobustPrompt-T Loss 1.7580  
Epoch 022 |  Time(s) 0.0128 | RobustPrompt-T Loss 1.7470  
Epoch 023 |  Time(s) 0.0130 | RobustPrompt-T Loss 1.6700  
Epoch 024 |  Time(s) 0.0128 | RobustPrompt-T Loss 1.7462  
Epoch 025 |  Time(s) 0.0126 | RobustPrompt-T Loss 1.6352  
Epoch 026 |  Time(s) 0.0128 | RobustPrompt-T Loss 1.6885  
Epoch 027 |  Time(s) 0.0124 | RobustPrompt-T Loss 1.6173  
Epoch 028 |  Time(s) 0.0131 | RobustPrompt-T Loss 1.6631  
Epoch 029 |  Time(s) 0.0126 | RobustPrompt-T Loss 1.6272  
Epoch 030 |  Time(s) 0.0128 | RobustPrompt-T Loss 1.5756  
Epoch 031 |  Time(s) 0.0128 | RobustPrompt-T Loss 1.5889  
Epoch 032 |  Time(s) 0.0132 | RobustPrompt-T Loss 1.4916  
Epoch 033 |  Time(s) 0.0129 | RobustPrompt-T Loss 1.5185  
Epoch 034 |  Time(s) 0.0127 | RobustPrompt-T Loss 1.4028  
Epoch 035 |  Time(s) 0.0125 | RobustPrompt-T Loss 1.4413  
Epoch 036 |  Time(s) 0.0126 | RobustPrompt-T Loss 1.4044  
Epoch 037 |  Time(s) 0.0125 | RobustPrompt-T Loss 1.3325  
Epoch 038 |  Time(s) 0.0126 | RobustPrompt-T Loss 1.3616  
Epoch 039 |  Time(s) 0.0129 | RobustPrompt-T Loss 1.2403  
Epoch 040 |  Time(s) 0.0131 | RobustPrompt-T Loss 1.2071  
Epoch 041 |  Time(s) 0.0129 | RobustPrompt-T Loss 1.1700  
Epoch 042 |  Time(s) 0.0126 | RobustPrompt-T Loss 1.1059  
Epoch 043 |  Time(s) 0.0128 | RobustPrompt-T Loss 1.1095  
Epoch 044 |  Time(s) 0.0132 | RobustPrompt-T Loss 1.0773  
Epoch 045 |  Time(s) 0.0129 | RobustPrompt-T Loss 0.9979  
Epoch 046 |  Time(s) 0.0124 | RobustPrompt-T Loss 0.9685  
Epoch 047 |  Time(s) 0.0129 | RobustPrompt-T Loss 0.9246  
Epoch 048 |  Time(s) 0.0130 | RobustPrompt-T Loss 0.9149  
Epoch 049 |  Time(s) 0.0132 | RobustPrompt-T Loss 0.8655  
Epoch 050 |  Time(s) 0.0131 | RobustPrompt-T Loss 0.8320  
Epoch 051 |  Time(s) 0.0130 | RobustPrompt-T Loss 0.8560  
Epoch 052 |  Time(s) 0.0133 | RobustPrompt-T Loss 0.8611  
Epoch 053 |  Time(s) 0.0132 | RobustPrompt-T Loss 0.7483  
Epoch 054 |  Time(s) 0.0130 | RobustPrompt-T Loss 0.7160  
Epoch 055 |  Time(s) 0.0129 | RobustPrompt-T Loss 0.7381  
Epoch 056 |  Time(s) 0.0128 | RobustPrompt-T Loss 0.6938  
Epoch 057 |  Time(s) 0.0131 | RobustPrompt-T Loss 0.6726  
Epoch 058 |  Time(s) 0.0130 | RobustPrompt-T Loss 0.7079  
Epoch 059 |  Time(s) 0.0126 | RobustPrompt-T Loss 0.5825  
Epoch 060 |  Time(s) 0.0127 | RobustPrompt-T Loss 0.7102  
Epoch 061 |  Time(s) 0.0128 | RobustPrompt-T Loss 0.6069  
Epoch 062 |  Time(s) 0.0132 | RobustPrompt-T Loss 0.7773  
Epoch 063 |  Time(s) 0.0130 | RobustPrompt-T Loss 0.8166  
Epoch 064 |  Time(s) 0.0130 | RobustPrompt-T Loss 0.4762  
Epoch 065 |  Time(s) 0.0129 | RobustPrompt-T Loss 0.8105  
Epoch 066 |  Time(s) 0.0124 | RobustPrompt-T Loss 0.7164  
Epoch 067 |  Time(s) 0.0128 | RobustPrompt-T Loss 0.5135  
Epoch 068 |  Time(s) 0.0126 | RobustPrompt-T Loss 0.6489  
Epoch 069 |  Time(s) 0.0130 | RobustPrompt-T Loss 0.4739  
Epoch 070 |  Time(s) 0.0130 | RobustPrompt-T Loss 0.6258  
Epoch 071 |  Time(s) 0.0129 | RobustPrompt-T Loss 0.6026  
Epoch 072 |  Time(s) 0.0128 | RobustPrompt-T Loss 0.5217  
Epoch 073 |  Time(s) 0.0130 | RobustPrompt-T Loss 0.4494  
Epoch 074 |  Time(s) 0.0129 | RobustPrompt-T Loss 0.5721  
Epoch 075 |  Time(s) 0.0129 | RobustPrompt-T Loss 0.4543  
Epoch 076 |  Time(s) 0.0128 | RobustPrompt-T Loss 0.4616  
Epoch 077 |  Time(s) 0.0129 | RobustPrompt-T Loss 0.4872  
Epoch 078 |  Time(s) 0.0130 | RobustPrompt-T Loss 0.4138  
Epoch 079 |  Time(s) 0.0129 | RobustPrompt-T Loss 0.4234  
Epoch 080 |  Time(s) 0.0126 | RobustPrompt-T Loss 0.4309  
Epoch 081 |  Time(s) 0.0129 | RobustPrompt-T Loss 0.3971  
Epoch 082 |  Time(s) 0.0131 | RobustPrompt-T Loss 0.3449  
Epoch 083 |  Time(s) 0.0133 | RobustPrompt-T Loss 0.3987  
Epoch 084 |  Time(s) 0.0128 | RobustPrompt-T Loss 0.3764  
Epoch 085 |  Time(s) 0.0127 | RobustPrompt-T Loss 0.2930  
Epoch 086 |  Time(s) 0.0130 | RobustPrompt-T Loss 0.4210  
Epoch 087 |  Time(s) 0.0125 | RobustPrompt-T Loss 0.4002  
Epoch 088 |  Time(s) 0.0129 | RobustPrompt-T Loss 0.2717  
Epoch 089 |  Time(s) 0.0129 | RobustPrompt-T Loss 0.3329  
Epoch 090 |  Time(s) 0.0130 | RobustPrompt-T Loss 0.2522  
Epoch 091 |  Time(s) 0.0125 | RobustPrompt-T Loss 0.4424  
Epoch 092 |  Time(s) 0.0128 | RobustPrompt-T Loss 0.4748  
Epoch 093 |  Time(s) 0.0127 | RobustPrompt-T Loss 0.2255  
Epoch 094 |  Time(s) 0.0127 | RobustPrompt-T Loss 0.3665  
Epoch 095 |  Time(s) 0.0127 | RobustPrompt-T Loss 0.4245  
Epoch 096 |  Time(s) 0.0131 | RobustPrompt-T Loss 0.2106  
Epoch 097 |  Time(s) 0.0126 | RobustPrompt-T Loss 0.3554  
Epoch 098 |  Time(s) 0.0128 | RobustPrompt-T Loss 0.4798  
Epoch 099 |  Time(s) 0.0132 | RobustPrompt-T Loss 0.2623  
Epoch 100 |  Time(s) 0.0130 | RobustPrompt-T Loss 0.3244  
Epoch 101 |  Time(s) 0.0131 | RobustPrompt-T Loss 0.5193  
Epoch 102 |  Time(s) 0.0130 | RobustPrompt-T Loss 0.3094  
Epoch 103 |  Time(s) 0.0130 | RobustPrompt-T Loss 0.2148  
Epoch 104 |  Time(s) 0.0129 | RobustPrompt-T Loss 0.3205  
Epoch 105 |  Time(s) 0.0125 | RobustPrompt-T Loss 0.2806  
Epoch 106 |  Time(s) 0.0125 | RobustPrompt-T Loss 0.2123  
Epoch 107 |  Time(s) 0.0129 | RobustPrompt-T Loss 0.2243  
Epoch 108 |  Time(s) 0.0129 | RobustPrompt-T Loss 0.1950  
Epoch 109 |  Time(s) 0.0131 | RobustPrompt-T Loss 0.3063  
Epoch 110 |  Time(s) 0.0131 | RobustPrompt-T Loss 0.2029  
Epoch 111 |  Time(s) 0.0129 | RobustPrompt-T Loss 0.2418  
Epoch 112 |  Time(s) 0.0126 | RobustPrompt-T Loss 0.2345  
Epoch 113 |  Time(s) 0.0130 | RobustPrompt-T Loss 0.1516  
Epoch 114 |  Time(s) 0.0131 | RobustPrompt-T Loss 0.1838  
Epoch 115 |  Time(s) 0.0130 | RobustPrompt-T Loss 0.1738  
Epoch 116 |  Time(s) 0.0129 | RobustPrompt-T Loss 0.1061  
Epoch 117 |  Time(s) 0.0127 | RobustPrompt-T Loss 0.1515  
Epoch 118 |  Time(s) 0.0129 | RobustPrompt-T Loss 0.1017  
Epoch 119 |  Time(s) 0.0127 | RobustPrompt-T Loss 0.1220  
Epoch 120 |  Time(s) 0.0131 | RobustPrompt-T Loss 0.1042  
Epoch 121 |  Time(s) 0.0130 | RobustPrompt-T Loss 0.1174  
Epoch 122 |  Time(s) 0.0136 | RobustPrompt-T Loss 0.1279  
Epoch 123 |  Time(s) 0.0132 | RobustPrompt-T Loss 0.0932  
Epoch 124 |  Time(s) 0.0129 | RobustPrompt-T Loss 0.1147  
Epoch 125 |  Time(s) 0.0126 | RobustPrompt-T Loss 0.1063  
Epoch 126 |  Time(s) 0.0131 | RobustPrompt-T Loss 0.0740  
Epoch 127 |  Time(s) 0.0131 | RobustPrompt-T Loss 0.1143  
Epoch 128 |  Time(s) 0.0130 | RobustPrompt-T Loss 0.0678  
Epoch 129 |  Time(s) 0.0128 | RobustPrompt-T Loss 0.0908  
Epoch 130 |  Time(s) 0.0130 | RobustPrompt-T Loss 0.0701  
Epoch 131 |  Time(s) 0.0131 | RobustPrompt-T Loss 0.0715  
Epoch 132 |  Time(s) 0.0130 | RobustPrompt-T Loss 0.0646  
Epoch 133 |  Time(s) 0.0131 | RobustPrompt-T Loss 0.0768  
Epoch 134 |  Time(s) 0.0128 | RobustPrompt-T Loss 0.0632  
Epoch 135 |  Time(s) 0.0129 | RobustPrompt-T Loss 0.0643  
Epoch 136 |  Time(s) 0.0127 | RobustPrompt-T Loss 0.0641  
Epoch 137 |  Time(s) 0.0131 | RobustPrompt-T Loss 0.0685  
Epoch 138 |  Time(s) 0.0129 | RobustPrompt-T Loss 0.0625  
Epoch 139 |  Time(s) 0.0131 | RobustPrompt-T Loss 0.0549  
Epoch 140 |  Time(s) 0.0129 | RobustPrompt-T Loss 0.0566  
Epoch 141 |  Time(s) 0.0127 | RobustPrompt-T Loss 0.0594  
Epoch 142 |  Time(s) 0.0131 | RobustPrompt-T Loss 0.0561  
Epoch 143 |  Time(s) 0.0130 | RobustPrompt-T Loss 0.0537  
Epoch 144 |  Time(s) 0.0130 | RobustPrompt-T Loss 0.0641  
Epoch 145 |  Time(s) 0.0128 | RobustPrompt-T Loss 0.0641  
Epoch 146 |  Time(s) 0.0131 | RobustPrompt-T Loss 0.0574  
Epoch 147 |  Time(s) 0.0130 | RobustPrompt-T Loss 0.0517  
Epoch 148 |  Time(s) 0.0126 | RobustPrompt-T Loss 0.0603  
Epoch 149 |  Time(s) 0.0126 | RobustPrompt-T Loss 0.0519  
Epoch 150 |  Time(s) 0.0129 | RobustPrompt-T Loss 0.0558  
Epoch 151 |  Time(s) 0.0126 | RobustPrompt-T Loss 0.0672  
Epoch 152 |  Time(s) 0.0128 | RobustPrompt-T Loss 0.0484  
Epoch 153 |  Time(s) 0.0129 | RobustPrompt-T Loss 0.0505  
Epoch 154 |  Time(s) 0.0130 | RobustPrompt-T Loss 0.0501  
Epoch 155 |  Time(s) 0.0133 | RobustPrompt-T Loss 0.0485  
Epoch 156 |  Time(s) 0.0132 | RobustPrompt-T Loss 0.0568  
Epoch 157 |  Time(s) 0.0129 | RobustPrompt-T Loss 0.0530  
Epoch 158 |  Time(s) 0.0130 | RobustPrompt-T Loss 0.0493  
Epoch 159 |  Time(s) 0.0131 | RobustPrompt-T Loss 0.0547  
Epoch 160 |  Time(s) 0.0131 | RobustPrompt-T Loss 0.0497  
Epoch 161 |  Time(s) 0.0134 | RobustPrompt-T Loss 0.0472  
Epoch 162 |  Time(s) 0.0131 | RobustPrompt-T Loss 0.0627  
Epoch 163 |  Time(s) 0.0126 | RobustPrompt-T Loss 0.0467  
Epoch 164 |  Time(s) 0.0131 | RobustPrompt-T Loss 0.0455  
Epoch 165 |  Time(s) 0.0132 | RobustPrompt-T Loss 0.0459  
Epoch 166 |  Time(s) 0.0132 | RobustPrompt-T Loss 0.0540  
Epoch 167 |  Time(s) 0.0128 | RobustPrompt-T Loss 0.0487  
Epoch 168 |  Time(s) 0.0129 | RobustPrompt-T Loss 0.0479  
Epoch 169 |  Time(s) 0.0131 | RobustPrompt-T Loss 0.0622  
Epoch 170 |  Time(s) 0.0131 | RobustPrompt-T Loss 0.0463  
Epoch 171 |  Time(s) 0.0123 | RobustPrompt-T Loss 0.0464  
Epoch 172 |  Time(s) 0.0127 | RobustPrompt-T Loss 0.0477  
Epoch 173 |  Time(s) 0.0130 | RobustPrompt-T Loss 0.0546  
Epoch 174 |  Time(s) 0.0133 | RobustPrompt-T Loss 0.0516  
Epoch 175 |  Time(s) 0.0130 | RobustPrompt-T Loss 0.0498  
Epoch 176 |  Time(s) 0.0129 | RobustPrompt-T Loss 0.0609  
Epoch 177 |  Time(s) 0.0130 | RobustPrompt-T Loss 0.0465  
Epoch 178 |  Time(s) 0.0130 | RobustPrompt-T Loss 0.0459  
Epoch 179 |  Time(s) 0.0129 | RobustPrompt-T Loss 0.0424  
Epoch 180 |  Time(s) 0.0126 | RobustPrompt-T Loss 0.0673  
Epoch 181 |  Time(s) 0.0130 | RobustPrompt-T Loss 0.0502  
Epoch 182 |  Time(s) 0.0132 | RobustPrompt-T Loss 0.0489  
Epoch 183 |  Time(s) 0.0130 | RobustPrompt-T Loss 0.0461  
Epoch 184 |  Time(s) 0.0129 | RobustPrompt-T Loss 0.0604  
Epoch 185 |  Time(s) 0.0131 | RobustPrompt-T Loss 0.0488  
Epoch 186 |  Time(s) 0.0130 | RobustPrompt-T Loss 0.0475  
Epoch 187 |  Time(s) 0.0130 | RobustPrompt-T Loss 0.0415  
Epoch 188 |  Time(s) 0.0128 | RobustPrompt-T Loss 0.0657  
Epoch 189 |  Time(s) 0.0131 | RobustPrompt-T Loss 0.0478  
Epoch 190 |  Time(s) 0.0131 | RobustPrompt-T Loss 0.0735  
Epoch 191 |  Time(s) 0.0129 | RobustPrompt-T Loss 0.0601  
Epoch 192 |  Time(s) 0.0129 | RobustPrompt-T Loss 0.0678  
Epoch 193 |  Time(s) 0.0127 | RobustPrompt-T Loss 0.0505  
Epoch 194 |  Time(s) 0.0126 | RobustPrompt-T Loss 0.0597  
Epoch 195 |  Time(s) 0.0126 | RobustPrompt-T Loss 0.0502  
Epoch 196 |  Time(s) 0.0134 | RobustPrompt-T Loss 0.0675  
Epoch 197 |  Time(s) 0.0133 | RobustPrompt-T Loss 0.0505  
Epoch 198 |  Time(s) 0.0131 | RobustPrompt-T Loss 0.0528  
Epoch 199 |  Time(s) 0.0127 | RobustPrompt-T Loss 0.0416  
Epoch 200 |  Time(s) 0.0132 | RobustPrompt-T Loss 0.1141  
Final True Accuracy: 0.1499 | Macro F1 Score: 0.1390
best_loss [tensor(0.1141, device='cuda:0', grad_fn=<AddBackward0>)]
load LLC or attacked data with specified split
Successfully loaded the attack of dataname with few shot 5, split 1
Attack method : Meta_Self | Attack ptb : 0.1 | Dataset: Cora
======================
Number of graphs: 1
Number of features: 1433
Number of classes: 7

Data(x=[2708, 1433], edge_index=[2, 14378], y=[2708], train_mask=[2708], val_mask=[2708], test_mask=[2708])
===========================================================================================================
Number of nodes: 2708
Number of edges: 14378
Average node degree: 5.31
Has isolated nodes: False
Has self-loops: True
Is undirected: True
GCN(
  (conv_layers): ModuleList(
    (0): GCNConv(1433, 256)
    (1): GCNConv(256, 256)
  )
)
Successfully loaded pre-trained weights!
use RobustPrompt Tranductive
defense pt dict :  {'sim_pt': 0.3, 'degree_pt': 1, 'out_detect_pt': -1.0, 'other_pt': 'all'}
use_attention :  False
cosine_constraint :  True
pt_threshold :  0.5
filter_module :  OriginalFilter
temperature :  1.0
weight_mse 0.1
weight_kl :  0.3
weight_constraint :  0.2
run RobustPrompt-T
Epoch 001 |  Time(s) 0.0135 | RobustPrompt-T Loss 1.9465  
Epoch 002 |  Time(s) 0.0130 | RobustPrompt-T Loss 1.9397  
Epoch 003 |  Time(s) 0.0128 | RobustPrompt-T Loss 1.9209  
Epoch 004 |  Time(s) 0.0127 | RobustPrompt-T Loss 1.9076  
Epoch 005 |  Time(s) 0.0131 | RobustPrompt-T Loss 1.8714  
Epoch 006 |  Time(s) 0.0126 | RobustPrompt-T Loss 1.8386  
Epoch 007 |  Time(s) 0.0127 | RobustPrompt-T Loss 1.8335  
Epoch 008 |  Time(s) 0.0131 | RobustPrompt-T Loss 1.8799  
Epoch 009 |  Time(s) 0.0129 | RobustPrompt-T Loss 1.8140  
Epoch 010 |  Time(s) 0.0129 | RobustPrompt-T Loss 1.8240  
Epoch 011 |  Time(s) 0.0131 | RobustPrompt-T Loss 1.8194  
Epoch 012 |  Time(s) 0.0129 | RobustPrompt-T Loss 1.8199  
Epoch 013 |  Time(s) 0.0128 | RobustPrompt-T Loss 1.8046  
Epoch 014 |  Time(s) 0.0129 | RobustPrompt-T Loss 1.8242  
Epoch 015 |  Time(s) 0.0131 | RobustPrompt-T Loss 1.8029  
Epoch 016 |  Time(s) 0.0126 | RobustPrompt-T Loss 1.8067  
Epoch 017 |  Time(s) 0.0129 | RobustPrompt-T Loss 1.7699  
Epoch 018 |  Time(s) 0.0130 | RobustPrompt-T Loss 1.7991  
Epoch 019 |  Time(s) 0.0129 | RobustPrompt-T Loss 1.7559  
Epoch 020 |  Time(s) 0.0130 | RobustPrompt-T Loss 1.7768  
Epoch 021 |  Time(s) 0.0127 | RobustPrompt-T Loss 1.7487  
Epoch 022 |  Time(s) 0.0133 | RobustPrompt-T Loss 1.7321  
Epoch 023 |  Time(s) 0.0131 | RobustPrompt-T Loss 1.7508  
Epoch 024 |  Time(s) 0.0130 | RobustPrompt-T Loss 1.7512  
Epoch 025 |  Time(s) 0.0130 | RobustPrompt-T Loss 1.6850  
Epoch 026 |  Time(s) 0.0129 | RobustPrompt-T Loss 1.6963  
Epoch 027 |  Time(s) 0.0131 | RobustPrompt-T Loss 1.7206  
Epoch 028 |  Time(s) 0.0129 | RobustPrompt-T Loss 1.6354  
Epoch 029 |  Time(s) 0.0129 | RobustPrompt-T Loss 1.6838  
Epoch 030 |  Time(s) 0.0131 | RobustPrompt-T Loss 1.6916  
Epoch 031 |  Time(s) 0.0132 | RobustPrompt-T Loss 1.6223  
Epoch 032 |  Time(s) 0.0129 | RobustPrompt-T Loss 1.6570  
Epoch 033 |  Time(s) 0.0130 | RobustPrompt-T Loss 1.5381  
Epoch 034 |  Time(s) 0.0131 | RobustPrompt-T Loss 1.5734  
Epoch 035 |  Time(s) 0.0133 | RobustPrompt-T Loss 1.4654  
Epoch 036 |  Time(s) 0.0126 | RobustPrompt-T Loss 1.4944  
Epoch 037 |  Time(s) 0.0131 | RobustPrompt-T Loss 1.4465  
Epoch 038 |  Time(s) 0.0131 | RobustPrompt-T Loss 1.3977  
Epoch 039 |  Time(s) 0.0127 | RobustPrompt-T Loss 1.4571  
Epoch 040 |  Time(s) 0.0131 | RobustPrompt-T Loss 1.3142  
Epoch 041 |  Time(s) 0.0130 | RobustPrompt-T Loss 1.2854  
Epoch 042 |  Time(s) 0.0129 | RobustPrompt-T Loss 1.2745  
Epoch 043 |  Time(s) 0.0128 | RobustPrompt-T Loss 1.2270  
Epoch 044 |  Time(s) 0.0127 | RobustPrompt-T Loss 1.2573  
Epoch 045 |  Time(s) 0.0127 | RobustPrompt-T Loss 1.1620  
Epoch 046 |  Time(s) 0.0129 | RobustPrompt-T Loss 1.1515  
Epoch 047 |  Time(s) 0.0132 | RobustPrompt-T Loss 1.1114  
Epoch 048 |  Time(s) 0.0132 | RobustPrompt-T Loss 1.0906  
Epoch 049 |  Time(s) 0.0131 | RobustPrompt-T Loss 1.0895  
Epoch 050 |  Time(s) 0.0128 | RobustPrompt-T Loss 1.0367  
Epoch 051 |  Time(s) 0.0129 | RobustPrompt-T Loss 0.9992  
Epoch 052 |  Time(s) 0.0130 | RobustPrompt-T Loss 0.9825  
Epoch 053 |  Time(s) 0.0130 | RobustPrompt-T Loss 0.9539  
Epoch 054 |  Time(s) 0.0129 | RobustPrompt-T Loss 0.9259  
Epoch 055 |  Time(s) 0.0126 | RobustPrompt-T Loss 0.9233  
Epoch 056 |  Time(s) 0.0131 | RobustPrompt-T Loss 0.8807  
Epoch 057 |  Time(s) 0.0130 | RobustPrompt-T Loss 0.8583  
Epoch 058 |  Time(s) 0.0131 | RobustPrompt-T Loss 0.8305  
Epoch 059 |  Time(s) 0.0129 | RobustPrompt-T Loss 0.8029  
Epoch 060 |  Time(s) 0.0131 | RobustPrompt-T Loss 0.7727  
Epoch 061 |  Time(s) 0.0130 | RobustPrompt-T Loss 0.8413  
Epoch 062 |  Time(s) 0.0131 | RobustPrompt-T Loss 0.9355  
Epoch 063 |  Time(s) 0.0127 | RobustPrompt-T Loss 0.6949  
Epoch 064 |  Time(s) 0.0130 | RobustPrompt-T Loss 1.0236  
Epoch 065 |  Time(s) 0.0128 | RobustPrompt-T Loss 0.7119  
Epoch 066 |  Time(s) 0.0133 | RobustPrompt-T Loss 1.5286  
Epoch 067 |  Time(s) 0.0130 | RobustPrompt-T Loss 1.5341  
Epoch 068 |  Time(s) 0.0130 | RobustPrompt-T Loss 0.8068  
Epoch 069 |  Time(s) 0.0126 | RobustPrompt-T Loss 1.3000  
Epoch 070 |  Time(s) 0.0128 | RobustPrompt-T Loss 1.5975  
Epoch 071 |  Time(s) 0.0130 | RobustPrompt-T Loss 1.5321  
Epoch 072 |  Time(s) 0.0133 | RobustPrompt-T Loss 1.4335  
Epoch 073 |  Time(s) 0.0133 | RobustPrompt-T Loss 0.7856  
Epoch 074 |  Time(s) 0.0130 | RobustPrompt-T Loss 0.9248  
Epoch 075 |  Time(s) 0.0127 | RobustPrompt-T Loss 1.0601  
Epoch 076 |  Time(s) 0.0130 | RobustPrompt-T Loss 1.1772  
Epoch 077 |  Time(s) 0.0129 | RobustPrompt-T Loss 0.9346  
Epoch 078 |  Time(s) 0.0128 | RobustPrompt-T Loss 0.7598  
Epoch 079 |  Time(s) 0.0128 | RobustPrompt-T Loss 0.8396  
Epoch 080 |  Time(s) 0.0131 | RobustPrompt-T Loss 0.9458  
Epoch 081 |  Time(s) 0.0132 | RobustPrompt-T Loss 0.8793  
Epoch 082 |  Time(s) 0.0133 | RobustPrompt-T Loss 0.7207  
----------------------------------------------------------------------------------------------------
Early stopping at 83 eopch!
Final True Accuracy: 0.1964 | Macro F1 Score: 0.1273
best_loss [tensor(0.7166, device='cuda:0', grad_fn=<AddBackward0>)]
{1: {1: 0.11254152655601501}, 2: {1: 0.09094684571027756}, 3: {1: 0.10797341912984848}, 4: {1: 0.14991694688796997}, 5: {1: 0.1964285671710968}}
{1: {1: 0.11254152655601501, 2: 0.09094684571027756, 3: 0.10797341912984848, 4: 0.14991694688796997, 5: 0.1964285671710968}}
########################################################################################
seed: 1 | split 1 : 0.11254152655601501
# Seed 1 Muti Split Final Acc: 0.1125±0.0000
seed: 2 | split 1 : 0.09094684571027756
# Seed 2 Muti Split Final Acc: 0.0909±0.0000
seed: 3 | split 1 : 0.10797341912984848
# Seed 3 Muti Split Final Acc: 0.1080±0.0000
seed: 4 | split 1 : 0.14991694688796997
# Seed 4 Muti Split Final Acc: 0.1499±0.0000
seed: 5 | split 1 : 0.1964285671710968
# Seed 5 Muti Split Final Acc: 0.1964±0.0000
########################################################################################
split: 1 | seed 1 : 0.11254152655601501
split: 1 | seed 2 : 0.09094684571027756
split: 1 | seed 3 : 0.10797341912984848
split: 1 | seed 4 : 0.14991694688796997
split: 1 | seed 5 : 0.1964285671710968
# Split 1 Muti Seed Acc without min value: 0.1417±0.0355
########################################################################################
